Archive member included to satisfy reference by file (symbol)

c:/users/dorkm/appdata/local/arduino15/packages/arduino/tools/arm-none-eabi-gcc/7-2017q4/bin/../lib/gcc/arm-none-eabi/7.2.1/thumb/v6-m\libgcc.a(_udivsi3.o)
                              build_ping_tx_active/hal/platform.o (__aeabi_uidiv)
c:/users/dorkm/appdata/local/arduino15/packages/arduino/tools/arm-none-eabi-gcc/7-2017q4/bin/../lib/gcc/arm-none-eabi/7.2.1/thumb/v6-m\libgcc.a(_divsi3.o)
                              build_ping_tx_active/lora_ping.o (__aeabi_idiv)
c:/users/dorkm/appdata/local/arduino15/packages/arduino/tools/arm-none-eabi-gcc/7-2017q4/bin/../lib/gcc/arm-none-eabi/7.2.1/thumb/v6-m\libgcc.a(_dvmd_tls.o)
                              c:/users/dorkm/appdata/local/arduino15/packages/arduino/tools/arm-none-eabi-gcc/7-2017q4/bin/../lib/gcc/arm-none-eabi/7.2.1/thumb/v6-m\libgcc.a(_udivsi3.o) (__aeabi_idiv0)

Discarded input sections

 .text          0x00000000        0x0 build_ping_tx_active/startup.o
 .data          0x00000000        0x0 build_ping_tx_active/startup.o
 .bss           0x00000000        0x0 build_ping_tx_active/startup.o
 .comment       0x00000000       0x7f build_ping_tx_active/startup.o
 .text          0x00000000        0x0 build_ping_tx_active/hal/platform.o
 .data          0x00000000        0x0 build_ping_tx_active/hal/platform.o
 .bss           0x00000000        0x0 build_ping_tx_active/hal/platform.o
 .text.platform_core_hz
                0x00000000        0xc build_ping_tx_active/hal/platform.o
 .text.platform_reset_cause_capture_early
                0x00000000       0x5c build_ping_tx_active/hal/platform.o
 .text.platform_reset_cause_take
                0x00000000       0x1c build_ping_tx_active/hal/platform.o
 .text.platform_clock_init_hsi16
                0x00000000      0x104 build_ping_tx_active/hal/platform.o
 .text.platform_clock_source_id
                0x00000000        0xc build_ping_tx_active/hal/platform.o
 .text.platform_now_us
                0x00000000       0x48 build_ping_tx_active/hal/platform.o
 .text.platform_irq_enable
                0x00000000       0x1c build_ping_tx_active/hal/platform.o
 .text.platform_fault_take_replay
                0x00000000       0x38 build_ping_tx_active/hal/platform.o
 .bss.s_reset_cause
                0x00000000        0x1 build_ping_tx_active/hal/platform.o
 .bss.s_reset_cause_captured
                0x00000000        0x1 build_ping_tx_active/hal/platform.o
 .data.s_clock_source_id
                0x00000000        0x1 build_ping_tx_active/hal/platform.o
 .comment       0x00000000       0x7f build_ping_tx_active/hal/platform.o
 .text          0x00000000        0x0 build_ping_tx_active/lora_ping.o
 .data          0x00000000        0x0 build_ping_tx_active/lora_ping.o
 .bss           0x00000000        0x0 build_ping_tx_active/lora_ping.o
 .comment       0x00000000       0x7f build_ping_tx_active/lora_ping.o
 .text          0x00000000        0x0 build_ping_tx_active/include/static_asserts.o
 .data          0x00000000        0x0 build_ping_tx_active/include/static_asserts.o
 .bss           0x00000000        0x0 build_ping_tx_active/include/static_asserts.o
 .comment       0x00000000       0x7f build_ping_tx_active/include/static_asserts.o
 .ARM.attributes
                0x00000000       0x32 build_ping_tx_active/include/static_asserts.o
 .data          0x00000000        0x0 c:/users/dorkm/appdata/local/arduino15/packages/arduino/tools/arm-none-eabi-gcc/7-2017q4/bin/../lib/gcc/arm-none-eabi/7.2.1/thumb/v6-m\libgcc.a(_udivsi3.o)
 .bss           0x00000000        0x0 c:/users/dorkm/appdata/local/arduino15/packages/arduino/tools/arm-none-eabi-gcc/7-2017q4/bin/../lib/gcc/arm-none-eabi/7.2.1/thumb/v6-m\libgcc.a(_udivsi3.o)
 .data          0x00000000        0x0 c:/users/dorkm/appdata/local/arduino15/packages/arduino/tools/arm-none-eabi-gcc/7-2017q4/bin/../lib/gcc/arm-none-eabi/7.2.1/thumb/v6-m\libgcc.a(_divsi3.o)
 .bss           0x00000000        0x0 c:/users/dorkm/appdata/local/arduino15/packages/arduino/tools/arm-none-eabi-gcc/7-2017q4/bin/../lib/gcc/arm-none-eabi/7.2.1/thumb/v6-m\libgcc.a(_divsi3.o)
 .data          0x00000000        0x0 c:/users/dorkm/appdata/local/arduino15/packages/arduino/tools/arm-none-eabi-gcc/7-2017q4/bin/../lib/gcc/arm-none-eabi/7.2.1/thumb/v6-m\libgcc.a(_dvmd_tls.o)
 .bss           0x00000000        0x0 c:/users/dorkm/appdata/local/arduino15/packages/arduino/tools/arm-none-eabi-gcc/7-2017q4/bin/../lib/gcc/arm-none-eabi/7.2.1/thumb/v6-m\libgcc.a(_dvmd_tls.o)

Memory Configuration

Name             Origin             Length             Attributes
FLASH            0x08000000         0x00030000         xr
CFG              0x0802e000         0x00002000         r
RAM              0x20000000         0x00005000         xrw
*default*        0x00000000         0xffffffff

Linker script and memory map

LOAD build_ping_tx_active/startup.o
LOAD build_ping_tx_active/hal/platform.o
LOAD build_ping_tx_active/lora_ping.o
LOAD build_ping_tx_active/include/static_asserts.o
START GROUP
LOAD c:/users/dorkm/appdata/local/arduino15/packages/arduino/tools/arm-none-eabi-gcc/7-2017q4/bin/../lib/gcc/arm-none-eabi/7.2.1/thumb/v6-m\libgcc.a
LOAD c:/users/dorkm/appdata/local/arduino15/packages/arduino/tools/arm-none-eabi-gcc/7-2017q4/bin/../lib/gcc/arm-none-eabi/7.2.1/../../../../arm-none-eabi/lib/thumb/v6-m\libc_nano.a
END GROUP
START GROUP
LOAD c:/users/dorkm/appdata/local/arduino15/packages/arduino/tools/arm-none-eabi-gcc/7-2017q4/bin/../lib/gcc/arm-none-eabi/7.2.1/thumb/v6-m\libgcc.a
LOAD c:/users/dorkm/appdata/local/arduino15/packages/arduino/tools/arm-none-eabi-gcc/7-2017q4/bin/../lib/gcc/arm-none-eabi/7.2.1/../../../../arm-none-eabi/lib/thumb/v6-m\libc_nano.a
LOAD c:/users/dorkm/appdata/local/arduino15/packages/arduino/tools/arm-none-eabi-gcc/7-2017q4/bin/../lib/gcc/arm-none-eabi/7.2.1/../../../../arm-none-eabi/lib/thumb/v6-m\libnosys.a
END GROUP
START GROUP
LOAD c:/users/dorkm/appdata/local/arduino15/packages/arduino/tools/arm-none-eabi-gcc/7-2017q4/bin/../lib/gcc/arm-none-eabi/7.2.1/thumb/v6-m\libgcc.a
LOAD c:/users/dorkm/appdata/local/arduino15/packages/arduino/tools/arm-none-eabi-gcc/7-2017q4/bin/../lib/gcc/arm-none-eabi/7.2.1/../../../../arm-none-eabi/lib/thumb/v6-m\libc_nano.a
LOAD c:/users/dorkm/appdata/local/arduino15/packages/arduino/tools/arm-none-eabi-gcc/7-2017q4/bin/../lib/gcc/arm-none-eabi/7.2.1/../../../../arm-none-eabi/lib/thumb/v6-m\libnosys.a
END GROUP
                0x20005000                _estack = 0x20005000
                0x00000a00                _stack_size = 0xa00
                0x20004600                _stack_bottom = 0x20004600
                0x08000000                _app_start = 0x8000000
                0x08030000                _app_end = 0x8030000
                0x0802e000                _cfg_start = 0x802e000
                0x08030000                _cfg_end = 0x8030000

.isr_vector     0x08000000       0xc4
                0x08000000                . = ALIGN (0x4)
 *(.isr_vector)
 .isr_vector    0x08000000       0xc4 build_ping_tx_active/startup.o
                0x08000000                g_pfnVectors
                0x080000c4                . = ALIGN (0x4)

.text           0x080000c4     0x10d8
                0x080000c4                . = ALIGN (0x4)
 *(.text)
 .text          0x080000c4      0x114 c:/users/dorkm/appdata/local/arduino15/packages/arduino/tools/arm-none-eabi-gcc/7-2017q4/bin/../lib/gcc/arm-none-eabi/7.2.1/thumb/v6-m\libgcc.a(_udivsi3.o)
                0x080000c4                __aeabi_uidiv
                0x080000c4                __udivsi3
                0x080001d0                __aeabi_uidivmod
 .text          0x080001d8      0x1d4 c:/users/dorkm/appdata/local/arduino15/packages/arduino/tools/arm-none-eabi-gcc/7-2017q4/bin/../lib/gcc/arm-none-eabi/7.2.1/thumb/v6-m\libgcc.a(_divsi3.o)
                0x080001d8                __divsi3
                0x080001d8                __aeabi_idiv
                0x080003a4                __aeabi_idivmod
 .text          0x080003ac        0x4 c:/users/dorkm/appdata/local/arduino15/packages/arduino/tools/arm-none-eabi-gcc/7-2017q4/bin/../lib/gcc/arm-none-eabi/7.2.1/thumb/v6-m\libgcc.a(_dvmd_tls.o)
                0x080003ac                __aeabi_idiv0
                0x080003ac                __aeabi_ldiv0
 *(.text.*)
 .text.boot_diag_uart_init_19200
                0x080003b0       0x90 build_ping_tx_active/startup.o
 .text.boot_diag_uart_puts
                0x08000440       0x24 build_ping_tx_active/startup.o
 .text.HardFault_Handler
                0x08000464       0x14 build_ping_tx_active/startup.o
                0x08000464                HardFault_Handler
 .text.Default_Handler
                0x08000478        0x4 build_ping_tx_active/startup.o
                0x08000478                TSC_IRQHandler
                0x08000478                ADC1_COMP_IRQHandler
                0x08000478                PVD_IRQHandler
                0x08000478                PendSV_Handler
                0x08000478                I2C1_IRQHandler
                0x08000478                SPI1_IRQHandler
                0x08000478                TIM6_DAC_IRQHandler
                0x08000478                EXTI2_3_IRQHandler
                0x08000478                I2C2_IRQHandler
                0x08000478                RTC_IRQHandler
                0x08000478                LCD_IRQHandler
                0x08000478                DMA1_Channel4_5_6_7_IRQHandler
                0x08000478                TIM3_IRQHandler
                0x08000478                RCC_IRQHandler
                0x08000478                EXTI4_15_IRQHandler
                0x08000478                DMA1_Channel1_IRQHandler
                0x08000478                USART4_5_IRQHandler
                0x08000478                Default_Handler
                0x08000478                TIM22_IRQHandler
                0x08000478                TIM7_IRQHandler
                0x08000478                EXTI0_1_IRQHandler
                0x08000478                USB_IRQHandler
                0x08000478                I2C3_IRQHandler
                0x08000478                SPI2_IRQHandler
                0x08000478                SVC_Handler
                0x08000478                CRS_IRQHandler
                0x08000478                TIM21_IRQHandler
                0x08000478                WWDG_IRQHandler
                0x08000478                TIM2_IRQHandler
                0x08000478                DMA1_Channel2_3_IRQHandler
                0x08000478                USART2_IRQHandler
                0x08000478                FLASH_IRQHandler
                0x08000478                USART1_IRQHandler
                0x08000478                RNG_LPUART1_IRQHandler
                0x08000478                LPTIM1_IRQHandler
 .text.NMI_Handler
                0x0800047c       0x28 build_ping_tx_active/startup.o
                0x0800047c                NMI_Handler
 .text.HardFault_Handler_C
                0x080004a4       0x3c build_ping_tx_active/startup.o
                0x080004a4                HardFault_Handler_C
 .text.SystemInit
                0x080004e0        0x2 build_ping_tx_active/startup.o
                0x080004e0                SystemInit
 *fill*         0x080004e2        0x2 
 .text.Reset_Handler
                0x080004e4       0xa8 build_ping_tx_active/startup.o
                0x080004e4                Reset_Handler
 .text.platform_systick_init_1ms
                0x0800058c       0x34 build_ping_tx_active/hal/platform.o
                0x0800058c                platform_systick_init_1ms
 .text.platform_now_ms
                0x080005c0        0xc build_ping_tx_active/hal/platform.o
                0x080005c0                platform_now_ms
 .text.platform_delay_ms
                0x080005cc       0x14 build_ping_tx_active/hal/platform.o
                0x080005cc                platform_delay_ms
 .text.platform_diag_trace
                0x080005e0       0x40 build_ping_tx_active/hal/platform.o
                0x080005e0                platform_diag_trace
 .text.platform_system_reset
                0x08000620       0x10 build_ping_tx_active/hal/platform.o
                0x08000620                platform_system_reset
 .text.platform_fault_record
                0x08000630       0x28 build_ping_tx_active/hal/platform.o
                0x08000630                platform_fault_record
 .text.SysTick_Handler
                0x08000658       0x10 build_ping_tx_active/hal/platform.o
                0x08000658                SysTick_Handler
 .text.pin_output
                0x08000668       0x34 build_ping_tx_active/lora_ping.o
 .text.spi_xfer
                0x0800069c       0x30 build_ping_tx_active/lora_ping.o
 .text.sx_rd    0x080006cc       0x20 build_ping_tx_active/lora_ping.o
 .text.sx_wr    0x080006ec       0x28 build_ping_tx_active/lora_ping.o
 .text.uart_putc
                0x08000714       0x30 build_ping_tx_active/lora_ping.o
 .text.uart_puts
                0x08000744       0x14 build_ping_tx_active/lora_ping.o
 .text.uart_hex8
                0x08000758       0x20 build_ping_tx_active/lora_ping.o
 .text.uart_hex32
                0x08000778       0x22 build_ping_tx_active/lora_ping.o
 .text.uart_dec
                0x0800079a       0x64 build_ping_tx_active/lora_ping.o
 *fill*         0x080007fe        0x2 
 .text.startup.main
                0x08000800      0x71c build_ping_tx_active/lora_ping.o
                0x08000800                main
 *(.rodata)
 *(.rodata.*)
 .rodata.NMI_Handler.str1.1
                0x08000f1c        0xe build_ping_tx_active/startup.o
 .rodata.Reset_Handler.str1.1
                0x08000f2a       0x36 build_ping_tx_active/startup.o
 .rodata.hex.3814
                0x08000f60       0x11 build_ping_tx_active/lora_ping.o
 .rodata.main.str1.1
                0x08000f71      0x22b build_ping_tx_active/lora_ping.o
                                0x22e (size before relaxing)
 *(.glue_7)
 .glue_7        0x0800119c        0x0 linker stubs
 *(.glue_7t)
 .glue_7t       0x0800119c        0x0 linker stubs
 *(.eh_frame)
                0x0800119c                . = ALIGN (0x4)
                0x0800119c                _etext = .

.vfp11_veneer   0x0800119c        0x0
 .vfp11_veneer  0x0800119c        0x0 linker stubs

.v4_bx          0x0800119c        0x0
 .v4_bx         0x0800119c        0x0 linker stubs

.iplt           0x0800119c        0x0
 .iplt          0x0800119c        0x0 build_ping_tx_active/startup.o

.rel.dyn        0x0800119c        0x0
 .rel.iplt      0x0800119c        0x0 build_ping_tx_active/startup.o

.ARM.extab
 *(.ARM.extab* .gnu.linkonce.armextab.*)

.ARM            0x0800119c        0x0
                0x0800119c                __exidx_start = .
 *(.ARM.exidx*)
                0x0800119c                __exidx_end = .
                0x0800119c                _sidata = LOADADDR (.data)

.data           0x20000000        0x4 load address 0x0800119c
                0x20000000                . = ALIGN (0x4)
                0x20000000                _sdata = .
 *(.data)
 *(.data.*)
 .data.s_core_hz
                0x20000000        0x4 build_ping_tx_active/hal/platform.o
                0x20000004                . = ALIGN (0x4)
                0x20000004                _edata = .

.igot.plt       0x20000004        0x0 load address 0x080011a0
 .igot.plt      0x20000004        0x0 build_ping_tx_active/startup.o

.noinit         0x20000004       0x18 load address 0x080011a0
                0x20000004                . = ALIGN (0x4)
 *(.noinit)
 .noinit        0x20000004       0x18 build_ping_tx_active/hal/platform.o
 *(.noinit.*)
                0x2000001c                . = ALIGN (0x4)

.bss            0x2000001c        0x4 load address 0x080011a0
                0x2000001c                . = ALIGN (0x4)
                0x2000001c                _sbss = .
                0x2000001c                __bss_start__ = _sbss
 *(.bss)
 *(.bss.*)
 .bss.s_tick_ms
                0x2000001c        0x4 build_ping_tx_active/hal/platform.o
 *(COMMON)
                0x20000020                . = ALIGN (0x4)
                0x20000020                _ebss = .
                0x20000020                __bss_end__ = _ebss

._user_heap     0x20000020        0x0 load address 0x080011a0
                0x20000020                . = ALIGN (0x8)
                0x20000020                _end = .
                0x20000020                _heap_start = .
                0x20000020                . = (. + 0x0)
                0x20000020                . = ALIGN (0x8)
                0x20000020                _heap_end = .

.stack_check    0x20000020        0x0 load address 0x080011a0
                0x20000020                . = ALIGN (0x8)
                0x20000020                . = (. + 0x0)
                0x00000001                ASSERT (((_heap_end + _stack_size) <= _estack), Linker error: not enough RAM left for the reserved stack)

.cfg_reserved   0x0802e000     0x2000
                0x08030000                . = (. + 0x2000)
 *fill*         0x0802e000     0x2000 

/DISCARD/
 *(.note.GNU-stack)
 *(.comment)
                0x00000001                ASSERT (0x1, Linker: FLASH + CFG must cover full 192 KB)
                0x00000001                ASSERT (0x1, Linker: CFG region must fall within overall memory)
OUTPUT(build_ping_tx_active/lora_ping_tx_active.elf elf32-littlearm)

.ARM.attributes
                0x00000000       0x32
 .ARM.attributes
                0x00000000       0x32 build_ping_tx_active/startup.o
 .ARM.attributes
                0x00000032       0x32 build_ping_tx_active/hal/platform.o
 .ARM.attributes
                0x00000064       0x32 build_ping_tx_active/lora_ping.o
 .ARM.attributes
                0x00000096       0x1e c:/users/dorkm/appdata/local/arduino15/packages/arduino/tools/arm-none-eabi-gcc/7-2017q4/bin/../lib/gcc/arm-none-eabi/7.2.1/thumb/v6-m\libgcc.a(_udivsi3.o)
 .ARM.attributes
                0x000000b4       0x1e c:/users/dorkm/appdata/local/arduino15/packages/arduino/tools/arm-none-eabi-gcc/7-2017q4/bin/../lib/gcc/arm-none-eabi/7.2.1/thumb/v6-m\libgcc.a(_divsi3.o)
 .ARM.attributes
                0x000000d2       0x1e c:/users/dorkm/appdata/local/arduino15/packages/arduino/tools/arm-none-eabi-gcc/7-2017q4/bin/../lib/gcc/arm-none-eabi/7.2.1/thumb/v6-m\libgcc.a(_dvmd_tls.o)

.debug_frame    0x00000000       0x40
 .debug_frame   0x00000000       0x20 c:/users/dorkm/appdata/local/arduino15/packages/arduino/tools/arm-none-eabi-gcc/7-2017q4/bin/../lib/gcc/arm-none-eabi/7.2.1/thumb/v6-m\libgcc.a(_udivsi3.o)
 .debug_frame   0x00000020       0x20 c:/users/dorkm/appdata/local/arduino15/packages/arduino/tools/arm-none-eabi-gcc/7-2017q4/bin/../lib/gcc/arm-none-eabi/7.2.1/thumb/v6-m\libgcc.a(_divsi3.o)
