2026-07-26 01:22:42,144 INFO image_rx_daemon: opening L072 HostLink on /dev/ttymxc3 @ 921600

2026-07-26 01:22:42,146 INFO image_rx_daemon: image_rx_daemon started; mqtt=127.0.0.1:1883 uart=/dev/ttymxc3

2026-07-26 01:22:42,151 INFO image_rx_daemon: MQTT connected; ready to publish lifetrac/v25/video/tile_delta

2026-07-26 01:22:42,161 INFO image_rx_daemon: ctrl MQTT connected (192.168.1.79)

2026-07-26 01:22:42,162 INFO image_rx_daemon: LIFETRAC_SKIP_RESET_REQ=1 — relying on external NRST; draining boot chatter only

2026-07-26 01:22:42,597 INFO image_rx_daemon: L072 VER warm-up ok (attempt 1)

Initializing regulatory profile 2 on co-processor...

  FHSS mask: single channel 0 (0100000000000000)

CFG_SET_REQ(FHSS_CHANNEL_MASK) OK: 07000800

CFG_SET_REQ(ANTENNA_GAIN_DBI) OK: 15000100

CFG_SET_REQ(HW_CEILING_DBM) OK: 16000100

CFG_SET_REQ(REG_PROFILE=2) OK: 14000100

  forcing FRF -> 915.000 MHz (raw=0xE4C000 -> Msb=0xE4 Mid=0xC0 Lsb=0x00)

  FRF readback: 0xE4C000 = 915.000 MHz (OK)

2026-07-26 01:22:43,019 INFO image_rx_daemon: LBT_ENABLE=0 (command uplink shares the image channel)

PHY contract OK: image_bw500 == {'sf': 7, 'bw_khz': 500, 'cr_den': 5, 'preamble': 8}

2026-07-26 01:22:43,104 INFO image_rx_daemon: SX1276 RXCONT autowake: opmode 0x81 -> 0x85

2026-07-26 01:22:43,106 INFO image_rx_daemon: RX worker ready; draining RX_FRAME_URC...

2026-07-26 01:22:43,146 INFO image_rx_daemon: stats: rx_frames=0 rx_decode_err=0 frames_published=0 publish_err=0 reassembler_decode_err=0 reassembler_timeouts=0

RFCO_PERTX during TX wait: profile_id=2 tx_status=0x00(OK) hop_idx=0 channel_idx=0 epoch=0 freq_hz=0 pkt_toa_us=10304 legal_dwell_used_us_10s=0

RFCO_PERTX during TX wait: profile_id=2 tx_status=0x00(OK) hop_idx=0 channel_idx=0 epoch=0 freq_hz=0 pkt_toa_us=10304 legal_dwell_used_us_10s=0

2026-07-26 01:22:53,150 INFO image_rx_daemon: stats: rx_frames=0 rx_decode_err=0 frames_published=0 publish_err=0 reassembler_decode_err=0 reassembler_timeouts=0

2026-07-26 01:22:57,420 INFO image_rx_daemon: published frame_id=0 252 B → lifetrac/v25/video/tile_delta

2026-07-26 01:22:57,581 INFO image_rx_daemon: published frame_id=0 246 B → lifetrac/v25/video/tile_delta

2026-07-26 01:22:57,743 INFO image_rx_daemon: published frame_id=0 244 B → lifetrac/v25/video/tile_delta

INFO: unrelated frame during TX wait type=0x91

RFCO_PERTX during TX wait: profile_id=2 tx_status=0x00(OK) hop_idx=0 channel_idx=0 epoch=0 freq_hz=0 pkt_toa_us=10304 legal_dwell_used_us_10s=0

RFCO_PERTX during TX wait: profile_id=2 tx_status=0x00(OK) hop_idx=0 channel_idx=0 epoch=0 freq_hz=0 pkt_toa_us=10304 legal_dwell_used_us_10s=0

2026-07-26 01:22:58,206 INFO image_rx_daemon: published frame_id=0 248 B → lifetrac/v25/video/tile_delta

2026-07-26 01:22:58,365 INFO image_rx_daemon: published frame_id=0 242 B → lifetrac/v25/video/tile_delta

2026-07-26 01:22:58,508 INFO image_rx_daemon: published frame_id=0 244 B → lifetrac/v25/video/tile_delta

2026-07-26 01:22:58,668 INFO image_rx_daemon: published frame_id=0 240 B → lifetrac/v25/video/tile_delta

2026-07-26 01:22:58,809 INFO image_rx_daemon: published frame_id=0 244 B → lifetrac/v25/video/tile_delta

2026-07-26 01:22:58,963 INFO image_rx_daemon: published frame_id=0 226 B → lifetrac/v25/video/tile_delta

2026-07-26 01:22:59,117 INFO image_rx_daemon: published frame_id=0 244 B → lifetrac/v25/video/tile_delta

2026-07-26 01:22:59,266 INFO image_rx_daemon: published frame_id=0 246 B → lifetrac/v25/video/tile_delta

2026-07-26 01:22:59,431 INFO image_rx_daemon: requesting keyframe (reassembly timeout #1)

2026-07-26 01:22:59,433 INFO image_rx_daemon: published frame_id=0 246 B → lifetrac/v25/video/tile_delta

2026-07-26 01:22:59,596 INFO image_rx_daemon: published frame_id=0 248 B → lifetrac/v25/video/tile_delta

2026-07-26 01:22:59,919 INFO image_rx_daemon: published frame_id=0 242 B → lifetrac/v25/video/tile_delta

2026-07-26 01:23:00,063 INFO image_rx_daemon: published frame_id=0 242 B → lifetrac/v25/video/tile_delta

2026-07-26 01:23:00,193 INFO image_rx_daemon: published frame_id=0 244 B → lifetrac/v25/video/tile_delta

2026-07-26 01:23:00,359 INFO image_rx_daemon: published frame_id=0 242 B → lifetrac/v25/video/tile_delta

2026-07-26 01:23:00,501 INFO image_rx_daemon: published frame_id=0 244 B → lifetrac/v25/video/tile_delta

2026-07-26 01:23:00,648 INFO image_rx_daemon: published frame_id=0 234 B → lifetrac/v25/video/tile_delta

2026-07-26 01:23:00,800 INFO image_rx_daemon: published frame_id=0 252 B → lifetrac/v25/video/tile_delta

2026-07-26 01:23:00,960 INFO image_rx_daemon: published frame_id=0 244 B → lifetrac/v25/video/tile_delta

2026-07-26 01:23:01,121 INFO image_rx_daemon: published frame_id=0 248 B → lifetrac/v25/video/tile_delta

2026-07-26 01:23:01,284 INFO image_rx_daemon: published frame_id=0 246 B → lifetrac/v25/video/tile_delta

2026-07-26 01:23:01,442 INFO image_rx_daemon: published frame_id=0 242 B → lifetrac/v25/video/tile_delta

2026-07-26 01:23:01,584 INFO image_rx_daemon: published frame_id=0 244 B → lifetrac/v25/video/tile_delta

2026-07-26 01:23:01,749 INFO image_rx_daemon: published frame_id=0 240 B → lifetrac/v25/video/tile_delta

2026-07-26 01:23:01,887 INFO image_rx_daemon: published frame_id=0 242 B → lifetrac/v25/video/tile_delta

2026-07-26 01:23:02,028 INFO image_rx_daemon: published frame_id=0 230 B → lifetrac/v25/video/tile_delta

2026-07-26 01:23:02,154 INFO image_rx_daemon: published frame_id=0 226 B → lifetrac/v25/video/tile_delta

2026-07-26 01:23:02,316 INFO image_rx_daemon: published frame_id=0 244 B → lifetrac/v25/video/tile_delta

2026-07-26 01:23:02,468 INFO image_rx_daemon: published frame_id=0 246 B → lifetrac/v25/video/tile_delta

2026-07-26 01:23:02,629 INFO image_rx_daemon: published frame_id=0 246 B → lifetrac/v25/video/tile_delta

2026-07-26 01:23:02,804 INFO image_rx_daemon: published frame_id=0 248 B → lifetrac/v25/video/tile_delta

2026-07-26 01:23:02,963 INFO image_rx_daemon: published frame_id=0 244 B → lifetrac/v25/video/tile_delta

2026-07-26 01:23:03,120 INFO image_rx_daemon: published frame_id=0 242 B → lifetrac/v25/video/tile_delta

2026-07-26 01:23:03,154 INFO image_rx_daemon: stats: rx_frames=59 rx_decode_err=0 frames_published=35 publish_err=0 reassembler_decode_err=0 reassembler_timeouts=2

2026-07-26 01:23:03,260 INFO image_rx_daemon: published frame_id=0 242 B → lifetrac/v25/video/tile_delta

2026-07-26 01:23:03,394 INFO image_rx_daemon: published frame_id=0 244 B → lifetrac/v25/video/tile_delta

2026-07-26 01:23:03,564 INFO image_rx_daemon: published frame_id=0 242 B → lifetrac/v25/video/tile_delta

2026-07-26 01:23:03,708 INFO image_rx_daemon: published frame_id=0 244 B → lifetrac/v25/video/tile_delta

2026-07-26 01:23:03,858 INFO image_rx_daemon: published frame_id=0 234 B → lifetrac/v25/video/tile_delta

2026-07-26 01:23:04,009 INFO image_rx_daemon: published frame_id=0 252 B → lifetrac/v25/video/tile_delta

2026-07-26 01:23:04,168 INFO image_rx_daemon: published frame_id=0 246 B → lifetrac/v25/video/tile_delta

2026-07-26 01:23:04,327 INFO image_rx_daemon: published frame_id=0 248 B → lifetrac/v25/video/tile_delta

2026-07-26 01:23:04,642 INFO image_rx_daemon: published frame_id=0 242 B → lifetrac/v25/video/tile_delta

2026-07-26 01:23:04,788 INFO image_rx_daemon: published frame_id=0 244 B → lifetrac/v25/video/tile_delta

2026-07-26 01:23:04,940 INFO image_rx_daemon: published frame_id=0 240 B → lifetrac/v25/video/tile_delta

2026-07-26 01:23:05,092 INFO image_rx_daemon: published frame_id=0 242 B → lifetrac/v25/video/tile_delta

2026-07-26 01:23:05,232 INFO image_rx_daemon: published frame_id=0 230 B → lifetrac/v25/video/tile_delta

2026-07-26 01:23:05,364 INFO image_rx_daemon: published frame_id=0 226 B → lifetrac/v25/video/tile_delta

2026-07-26 01:23:05,516 INFO image_rx_daemon: published frame_id=0 244 B → lifetrac/v25/video/tile_delta

2026-07-26 01:23:05,677 INFO image_rx_daemon: published frame_id=0 246 B → lifetrac/v25/video/tile_delta

2026-07-26 01:23:05,844 INFO image_rx_daemon: published frame_id=0 246 B → lifetrac/v25/video/tile_delta

2026-07-26 01:23:05,996 INFO image_rx_daemon: requesting keyframe (reassembly timeout #3)

2026-07-26 01:23:05,998 INFO image_rx_daemon: published frame_id=0 248 B → lifetrac/v25/video/tile_delta

2026-07-26 01:23:06,160 INFO image_rx_daemon: published frame_id=0 244 B → lifetrac/v25/video/tile_delta

2026-07-26 01:23:06,324 INFO image_rx_daemon: published frame_id=0 242 B → lifetrac/v25/video/tile_delta

2026-07-26 01:23:06,464 INFO image_rx_daemon: published frame_id=0 242 B → lifetrac/v25/video/tile_delta

2026-07-26 01:23:06,604 INFO image_rx_daemon: published frame_id=0 244 B → lifetrac/v25/video/tile_delta

2026-07-26 01:23:06,768 INFO image_rx_daemon: published frame_id=0 242 B → lifetrac/v25/video/tile_delta

2026-07-26 01:23:06,908 INFO image_rx_daemon: published frame_id=0 244 B → lifetrac/v25/video/tile_delta

2026-07-26 01:23:07,060 INFO image_rx_daemon: published frame_id=0 234 B → lifetrac/v25/video/tile_delta

2026-07-26 01:23:07,216 INFO image_rx_daemon: published frame_id=0 252 B → lifetrac/v25/video/tile_delta

2026-07-26 01:23:07,368 INFO image_rx_daemon: published frame_id=0 246 B → lifetrac/v25/video/tile_delta

2026-07-26 01:23:07,532 INFO image_rx_daemon: published frame_id=0 248 B → lifetrac/v25/video/tile_delta

2026-07-26 01:23:07,694 INFO image_rx_daemon: published frame_id=0 246 B → lifetrac/v25/video/tile_delta

2026-07-26 01:23:07,856 INFO image_rx_daemon: published frame_id=0 242 B → lifetrac/v25/video/tile_delta

INFO: unrelated frame during TX wait type=0x91

RFCO_PERTX during TX wait: profile_id=2 tx_status=0x00(OK) hop_idx=0 channel_idx=0 epoch=0 freq_hz=0 pkt_toa_us=10304 legal_dwell_used_us_10s=0

RFCO_PERTX during TX wait: profile_id=2 tx_status=0x00(OK) hop_idx=0 channel_idx=0 epoch=0 freq_hz=0 pkt_toa_us=10304 legal_dwell_used_us_10s=0

2026-07-26 01:23:08,294 INFO image_rx_daemon: published frame_id=0 242 B → lifetrac/v25/video/tile_delta

2026-07-26 01:23:08,436 INFO image_rx_daemon: published frame_id=0 230 B → lifetrac/v25/video/tile_delta

2026-07-26 01:23:08,579 INFO image_rx_daemon: published frame_id=0 226 B → lifetrac/v25/video/tile_delta

2026-07-26 01:23:08,720 INFO image_rx_daemon: published frame_id=0 240 B → lifetrac/v25/video/tile_delta

2026-07-26 01:23:08,860 INFO image_rx_daemon: published frame_id=0 246 B → lifetrac/v25/video/tile_delta

2026-07-26 01:23:09,028 INFO image_rx_daemon: published frame_id=0 246 B → lifetrac/v25/video/tile_delta

2026-07-26 01:23:09,180 INFO image_rx_daemon: published frame_id=0 248 B → lifetrac/v25/video/tile_delta

2026-07-26 01:23:09,345 INFO image_rx_daemon: published frame_id=0 244 B → lifetrac/v25/video/tile_delta

2026-07-26 01:23:09,507 INFO image_rx_daemon: published frame_id=0 240 B → lifetrac/v25/video/tile_delta

2026-07-26 01:23:09,644 INFO image_rx_daemon: published frame_id=0 242 B → lifetrac/v25/video/tile_delta

2026-07-26 01:23:09,788 INFO image_rx_daemon: published frame_id=0 244 B → lifetrac/v25/video/tile_delta

2026-07-26 01:23:09,948 INFO image_rx_daemon: published frame_id=0 242 B → lifetrac/v25/video/tile_delta

2026-07-26 01:23:10,090 INFO image_rx_daemon: published frame_id=0 244 B → lifetrac/v25/video/tile_delta

2026-07-26 01:23:10,232 INFO image_rx_daemon: published frame_id=0 234 B → lifetrac/v25/video/tile_delta

2026-07-26 01:23:10,388 INFO image_rx_daemon: published frame_id=0 252 B → lifetrac/v25/video/tile_delta

2026-07-26 01:23:10,546 INFO image_rx_daemon: published frame_id=0 244 B → lifetrac/v25/video/tile_delta

2026-07-26 01:23:10,708 INFO image_rx_daemon: published frame_id=0 250 B → lifetrac/v25/video/tile_delta

2026-07-26 01:23:10,868 INFO image_rx_daemon: published frame_id=0 246 B → lifetrac/v25/video/tile_delta

2026-07-26 01:23:11,028 INFO image_rx_daemon: published frame_id=0 242 B → lifetrac/v25/video/tile_delta

2026-07-26 01:23:11,170 INFO image_rx_daemon: published frame_id=0 244 B → lifetrac/v25/video/tile_delta

2026-07-26 01:23:11,335 INFO image_rx_daemon: published frame_id=0 240 B → lifetrac/v25/video/tile_delta

2026-07-26 01:23:11,476 INFO image_rx_daemon: published frame_id=0 242 B → lifetrac/v25/video/tile_delta

2026-07-26 01:23:11,620 INFO image_rx_daemon: published frame_id=0 244 B → lifetrac/v25/video/tile_delta

2026-07-26 01:23:11,768 INFO image_rx_daemon: published frame_id=0 226 B → lifetrac/v25/video/tile_delta

2026-07-26 01:23:11,913 INFO image_rx_daemon: published frame_id=0 244 B → lifetrac/v25/video/tile_delta

2026-07-26 01:23:12,076 INFO image_rx_daemon: published frame_id=0 246 B → lifetrac/v25/video/tile_delta

2026-07-26 01:23:12,237 INFO image_rx_daemon: published frame_id=0 246 B → lifetrac/v25/video/tile_delta

2026-07-26 01:23:12,404 INFO image_rx_daemon: published frame_id=0 248 B → lifetrac/v25/video/tile_delta

2026-07-26 01:23:12,564 INFO image_rx_daemon: published frame_id=0 244 B → lifetrac/v25/video/tile_delta

2026-07-26 01:23:12,724 INFO image_rx_daemon: published frame_id=0 242 B → lifetrac/v25/video/tile_delta

2026-07-26 01:23:12,868 INFO image_rx_daemon: published frame_id=0 242 B → lifetrac/v25/video/tile_delta

2026-07-26 01:23:13,012 INFO image_rx_daemon: published frame_id=0 244 B → lifetrac/v25/video/tile_delta

2026-07-26 01:23:13,164 INFO image_rx_daemon: published frame_id=0 242 B → lifetrac/v25/video/tile_delta

2026-07-26 01:23:13,168 INFO image_rx_daemon: stats: rx_frames=159 rx_decode_err=0 frames_published=98 publish_err=0 reassembler_decode_err=0 reassembler_timeouts=4

2026-07-26 01:23:13,304 INFO image_rx_daemon: published frame_id=0 244 B → lifetrac/v25/video/tile_delta

2026-07-26 01:23:13,473 INFO image_rx_daemon: published frame_id=0 244 B → lifetrac/v25/video/tile_delta

2026-07-26 01:23:13,640 INFO image_rx_daemon: published frame_id=0 246 B → lifetrac/v25/video/tile_delta

2026-07-26 01:23:13,804 INFO image_rx_daemon: published frame_id=0 246 B → lifetrac/v25/video/tile_delta

2026-07-26 01:23:13,954 INFO image_rx_daemon: published frame_id=0 248 B → lifetrac/v25/video/tile_delta

2026-07-26 01:23:14,116 INFO image_rx_daemon: published frame_id=0 244 B → lifetrac/v25/video/tile_delta

2026-07-26 01:23:14,280 INFO image_rx_daemon: published frame_id=0 240 B → lifetrac/v25/video/tile_delta

2026-07-26 01:23:14,424 INFO image_rx_daemon: published frame_id=0 242 B → lifetrac/v25/video/tile_delta

2026-07-26 01:23:14,553 INFO image_rx_daemon: published frame_id=0 240 B → lifetrac/v25/video/tile_delta

2026-07-26 01:23:14,692 INFO image_rx_daemon: published frame_id=0 242 B → lifetrac/v25/video/tile_delta

2026-07-26 01:23:14,828 INFO image_rx_daemon: published frame_id=0 230 B → lifetrac/v25/video/tile_delta

2026-07-26 01:23:14,968 INFO image_rx_daemon: published frame_id=0 226 B → lifetrac/v25/video/tile_delta

2026-07-26 01:23:15,121 INFO image_rx_daemon: published frame_id=0 240 B → lifetrac/v25/video/tile_delta

2026-07-26 01:23:15,265 INFO image_rx_daemon: published frame_id=0 246 B → lifetrac/v25/video/tile_delta

2026-07-26 01:23:15,420 INFO image_rx_daemon: published frame_id=0 246 B → lifetrac/v25/video/tile_delta

2026-07-26 01:23:15,582 INFO image_rx_daemon: published frame_id=0 248 B → lifetrac/v25/video/tile_delta

2026-07-26 01:23:15,744 INFO image_rx_daemon: published frame_id=0 244 B → lifetrac/v25/video/tile_delta

2026-07-26 01:23:15,895 INFO image_rx_daemon: published frame_id=0 240 B → lifetrac/v25/video/tile_delta

2026-07-26 01:23:16,043 INFO image_rx_daemon: published frame_id=0 242 B → lifetrac/v25/video/tile_delta

2026-07-26 01:23:16,184 INFO image_rx_daemon: published frame_id=0 244 B → lifetrac/v25/video/tile_delta

2026-07-26 01:23:16,344 INFO image_rx_daemon: published frame_id=0 242 B → lifetrac/v25/video/tile_delta

2026-07-26 01:23:16,488 INFO image_rx_daemon: published frame_id=0 244 B → lifetrac/v25/video/tile_delta

2026-07-26 01:23:16,640 INFO image_rx_daemon: published frame_id=0 234 B → lifetrac/v25/video/tile_delta

2026-07-26 01:23:16,792 INFO image_rx_daemon: published frame_id=0 252 B → lifetrac/v25/video/tile_delta

2026-07-26 01:23:16,955 INFO image_rx_daemon: published frame_id=0 244 B → lifetrac/v25/video/tile_delta

2026-07-26 01:23:17,108 INFO image_rx_daemon: published frame_id=0 250 B → lifetrac/v25/video/tile_delta

2026-07-26 01:23:17,269 INFO image_rx_daemon: published frame_id=0 246 B → lifetrac/v25/video/tile_delta

2026-07-26 01:23:17,426 INFO image_rx_daemon: published frame_id=0 242 B → lifetrac/v25/video/tile_delta

2026-07-26 01:23:17,577 INFO image_rx_daemon: published frame_id=0 244 B → lifetrac/v25/video/tile_delta

2026-07-26 01:23:17,736 INFO image_rx_daemon: published frame_id=0 240 B → lifetrac/v25/video/tile_delta

2026-07-26 01:23:17,878 INFO image_rx_daemon: published frame_id=0 242 B → lifetrac/v25/video/tile_delta

2026-07-26 01:23:18,020 INFO image_rx_daemon: published frame_id=0 244 B → lifetrac/v25/video/tile_delta

RFCO_PERTX during TX wait: profile_id=2 tx_status=0x00(OK) hop_idx=0 channel_idx=0 epoch=0 freq_hz=0 pkt_toa_us=10304 legal_dwell_used_us_10s=0

RFCO_PERTX during TX wait: profile_id=2 tx_status=0x00(OK) hop_idx=0 channel_idx=0 epoch=0 freq_hz=0 pkt_toa_us=10304 legal_dwell_used_us_10s=0

2026-07-26 01:23:18,310 INFO image_rx_daemon: published frame_id=0 244 B → lifetrac/v25/video/tile_delta

2026-07-26 01:23:18,488 INFO image_rx_daemon: published frame_id=0 246 B → lifetrac/v25/video/tile_delta

2026-07-26 01:23:18,641 INFO image_rx_daemon: published frame_id=0 246 B → lifetrac/v25/video/tile_delta

2026-07-26 01:23:18,790 INFO image_rx_daemon: published frame_id=0 248 B → lifetrac/v25/video/tile_delta

2026-07-26 01:23:18,961 INFO image_rx_daemon: published frame_id=0 244 B → lifetrac/v25/video/tile_delta

2026-07-26 01:23:19,116 INFO image_rx_daemon: published frame_id=0 242 B → lifetrac/v25/video/tile_delta

2026-07-26 01:23:19,257 INFO image_rx_daemon: published frame_id=0 242 B → lifetrac/v25/video/tile_delta

2026-07-26 01:23:19,400 INFO image_rx_daemon: published frame_id=0 244 B → lifetrac/v25/video/tile_delta

2026-07-26 01:23:19,555 INFO image_rx_daemon: published frame_id=0 242 B → lifetrac/v25/video/tile_delta

2026-07-26 01:23:19,705 INFO image_rx_daemon: published frame_id=0 244 B → lifetrac/v25/video/tile_delta

2026-07-26 01:23:19,859 INFO image_rx_daemon: published frame_id=0 234 B → lifetrac/v25/video/tile_delta

2026-07-26 01:23:20,001 INFO image_rx_daemon: published frame_id=0 252 B → lifetrac/v25/video/tile_delta

2026-07-26 01:23:20,178 INFO image_rx_daemon: published frame_id=0 244 B → lifetrac/v25/video/tile_delta

2026-07-26 01:23:20,330 INFO image_rx_daemon: published frame_id=0 248 B → lifetrac/v25/video/tile_delta

2026-07-26 01:23:20,491 INFO image_rx_daemon: published frame_id=0 246 B → lifetrac/v25/video/tile_delta

2026-07-26 01:23:20,645 INFO image_rx_daemon: published frame_id=0 242 B → lifetrac/v25/video/tile_delta

2026-07-26 01:23:20,790 INFO image_rx_daemon: published frame_id=0 244 B → lifetrac/v25/video/tile_delta

2026-07-26 01:23:20,949 INFO image_rx_daemon: published frame_id=0 240 B → lifetrac/v25/video/tile_delta

2026-07-26 01:23:21,093 INFO image_rx_daemon: published frame_id=0 242 B → lifetrac/v25/video/tile_delta

2026-07-26 01:23:21,229 INFO image_rx_daemon: published frame_id=0 230 B → lifetrac/v25/video/tile_delta

2026-07-26 01:23:21,363 INFO image_rx_daemon: published frame_id=0 226 B → lifetrac/v25/video/tile_delta

2026-07-26 01:23:21,520 INFO image_rx_daemon: published frame_id=0 244 B → lifetrac/v25/video/tile_delta

2026-07-26 01:23:21,672 INFO image_rx_daemon: published frame_id=0 246 B → lifetrac/v25/video/tile_delta

2026-07-26 01:23:21,836 INFO image_rx_daemon: published frame_id=0 246 B → lifetrac/v25/video/tile_delta

2026-07-26 01:23:21,997 INFO image_rx_daemon: published frame_id=0 248 B → lifetrac/v25/video/tile_delta

2026-07-26 01:23:22,160 INFO image_rx_daemon: published frame_id=0 244 B → lifetrac/v25/video/tile_delta

2026-07-26 01:23:22,324 INFO image_rx_daemon: published frame_id=0 242 B → lifetrac/v25/video/tile_delta

2026-07-26 01:23:22,471 INFO image_rx_daemon: published frame_id=0 242 B → lifetrac/v25/video/tile_delta

2026-07-26 01:23:22,600 INFO image_rx_daemon: published frame_id=0 244 B → lifetrac/v25/video/tile_delta

2026-07-26 01:23:22,760 INFO image_rx_daemon: published frame_id=0 242 B → lifetrac/v25/video/tile_delta

2026-07-26 01:23:22,900 INFO image_rx_daemon: published frame_id=0 244 B → lifetrac/v25/video/tile_delta

2026-07-26 01:23:23,060 INFO image_rx_daemon: published frame_id=0 234 B → lifetrac/v25/video/tile_delta

2026-07-26 01:23:23,178 INFO image_rx_daemon: stats: rx_frames=260 rx_decode_err=0 frames_published=162 publish_err=0 reassembler_decode_err=0 reassembler_timeouts=4

2026-07-26 01:23:23,204 INFO image_rx_daemon: published frame_id=0 252 B → lifetrac/v25/video/tile_delta

2026-07-26 01:23:23,364 INFO image_rx_daemon: published frame_id=0 244 B → lifetrac/v25/video/tile_delta

2026-07-26 01:23:23,528 INFO image_rx_daemon: published frame_id=0 248 B → lifetrac/v25/video/tile_delta

2026-07-26 01:23:23,688 INFO image_rx_daemon: published frame_id=0 246 B → lifetrac/v25/video/tile_delta

2026-07-26 01:23:23,853 INFO image_rx_daemon: published frame_id=0 242 B → lifetrac/v25/video/tile_delta

2026-07-26 01:23:23,998 INFO image_rx_daemon: published frame_id=0 244 B → lifetrac/v25/video/tile_delta

2026-07-26 01:23:24,139 INFO image_rx_daemon: published frame_id=0 240 B → lifetrac/v25/video/tile_delta

2026-07-26 01:23:24,300 INFO image_rx_daemon: published frame_id=0 242 B → lifetrac/v25/video/tile_delta

2026-07-26 01:23:24,432 INFO image_rx_daemon: published frame_id=0 230 B → lifetrac/v25/video/tile_delta

2026-07-26 01:23:24,564 INFO image_rx_daemon: published frame_id=0 226 B → lifetrac/v25/video/tile_delta

2026-07-26 01:23:24,716 INFO image_rx_daemon: published frame_id=0 244 B → lifetrac/v25/video/tile_delta

2026-07-26 01:23:25,041 INFO image_rx_daemon: published frame_id=0 246 B → lifetrac/v25/video/tile_delta

2026-07-26 01:23:25,201 INFO image_rx_daemon: published frame_id=0 248 B → lifetrac/v25/video/tile_delta

2026-07-26 01:23:25,364 INFO image_rx_daemon: published frame_id=0 244 B → lifetrac/v25/video/tile_delta

2026-07-26 01:23:25,528 INFO image_rx_daemon: published frame_id=0 242 B → lifetrac/v25/video/tile_delta

2026-07-26 01:23:25,669 INFO image_rx_daemon: published frame_id=0 244 B → lifetrac/v25/video/tile_delta

2026-07-26 01:23:25,833 INFO image_rx_daemon: published frame_id=0 240 B → lifetrac/v25/video/tile_delta

2026-07-26 01:23:25,980 INFO image_rx_daemon: published frame_id=0 244 B → lifetrac/v25/video/tile_delta

2026-07-26 01:23:26,140 INFO image_rx_daemon: published frame_id=0 242 B → lifetrac/v25/video/tile_delta

2026-07-26 01:23:26,272 INFO image_rx_daemon: published frame_id=0 244 B → lifetrac/v25/video/tile_delta

2026-07-26 01:23:26,442 INFO image_rx_daemon: requesting keyframe (reassembly timeout #5)

2026-07-26 01:23:26,443 INFO image_rx_daemon: published frame_id=0 246 B → lifetrac/v25/video/tile_delta

2026-07-26 01:23:26,604 INFO image_rx_daemon: published frame_id=0 246 B → lifetrac/v25/video/tile_delta

2026-07-26 01:23:26,765 INFO image_rx_daemon: published frame_id=0 248 B → lifetrac/v25/video/tile_delta

2026-07-26 01:23:26,928 INFO image_rx_daemon: published frame_id=0 244 B → lifetrac/v25/video/tile_delta

2026-07-26 01:23:27,088 INFO image_rx_daemon: published frame_id=0 240 B → lifetrac/v25/video/tile_delta

2026-07-26 01:23:27,228 INFO image_rx_daemon: published frame_id=0 242 B → lifetrac/v25/video/tile_delta

2026-07-26 01:23:27,369 INFO image_rx_daemon: published frame_id=0 240 B → lifetrac/v25/video/tile_delta

2026-07-26 01:23:27,508 INFO image_rx_daemon: published frame_id=0 242 B → lifetrac/v25/video/tile_delta

2026-07-26 01:23:27,641 INFO image_rx_daemon: published frame_id=0 230 B → lifetrac/v25/video/tile_delta

2026-07-26 01:23:27,780 INFO image_rx_daemon: published frame_id=0 226 B → lifetrac/v25/video/tile_delta

2026-07-26 01:23:27,924 INFO image_rx_daemon: published frame_id=0 240 B → lifetrac/v25/video/tile_delta

INFO: unrelated frame during TX wait type=0x91

RFCO_PERTX during TX wait: profile_id=2 tx_status=0x00(OK) hop_idx=0 channel_idx=0 epoch=0 freq_hz=0 pkt_toa_us=10304 legal_dwell_used_us_10s=0

RFCO_PERTX during TX wait: profile_id=2 tx_status=0x00(OK) hop_idx=0 channel_idx=0 epoch=0 freq_hz=0 pkt_toa_us=10304 legal_dwell_used_us_10s=0

2026-07-26 01:23:28,392 INFO image_rx_daemon: published frame_id=0 248 B → lifetrac/v25/video/tile_delta

2026-07-26 01:23:28,556 INFO image_rx_daemon: published frame_id=0 244 B → lifetrac/v25/video/tile_delta

2026-07-26 01:23:28,706 INFO image_rx_daemon: published frame_id=0 240 B → lifetrac/v25/video/tile_delta

2026-07-26 01:23:28,856 INFO image_rx_daemon: published frame_id=0 242 B → lifetrac/v25/video/tile_delta

2026-07-26 01:23:28,995 INFO image_rx_daemon: published frame_id=0 244 B → lifetrac/v25/video/tile_delta

2026-07-26 01:23:29,156 INFO image_rx_daemon: published frame_id=0 242 B → lifetrac/v25/video/tile_delta

2026-07-26 01:23:29,287 INFO image_rx_daemon: published frame_id=0 244 B → lifetrac/v25/video/tile_delta

2026-07-26 01:23:29,441 INFO image_rx_daemon: published frame_id=0 234 B → lifetrac/v25/video/tile_delta

2026-07-26 01:23:29,593 INFO image_rx_daemon: published frame_id=0 252 B → lifetrac/v25/video/tile_delta

2026-07-26 01:23:29,757 INFO image_rx_daemon: published frame_id=0 244 B → lifetrac/v25/video/tile_delta

2026-07-26 01:23:29,924 INFO image_rx_daemon: published frame_id=0 248 B → lifetrac/v25/video/tile_delta

2026-07-26 01:23:30,083 INFO image_rx_daemon: published frame_id=0 246 B → lifetrac/v25/video/tile_delta

2026-07-26 01:23:30,248 INFO image_rx_daemon: published frame_id=0 242 B → lifetrac/v25/video/tile_delta

2026-07-26 01:23:30,389 INFO image_rx_daemon: published frame_id=0 244 B → lifetrac/v25/video/tile_delta

2026-07-26 01:23:30,555 INFO image_rx_daemon: published frame_id=0 240 B → lifetrac/v25/video/tile_delta

2026-07-26 01:23:30,678 INFO image_rx_daemon: published frame_id=0 242 B → lifetrac/v25/video/tile_delta

2026-07-26 01:23:30,832 INFO image_rx_daemon: published frame_id=0 230 B → lifetrac/v25/video/tile_delta

2026-07-26 01:23:30,967 INFO image_rx_daemon: published frame_id=0 226 B → lifetrac/v25/video/tile_delta

2026-07-26 01:23:31,111 INFO image_rx_daemon: published frame_id=0 244 B → lifetrac/v25/video/tile_delta

2026-07-26 01:23:31,272 INFO image_rx_daemon: published frame_id=0 246 B → lifetrac/v25/video/tile_delta

2026-07-26 01:23:31,432 INFO image_rx_daemon: published frame_id=0 246 B → lifetrac/v25/video/tile_delta

2026-07-26 01:23:31,593 INFO image_rx_daemon: published frame_id=0 248 B → lifetrac/v25/video/tile_delta

2026-07-26 01:23:31,751 INFO image_rx_daemon: published frame_id=0 244 B → lifetrac/v25/video/tile_delta

2026-07-26 01:23:31,929 INFO image_rx_daemon: published frame_id=0 242 B → lifetrac/v25/video/tile_delta

2026-07-26 01:23:32,060 INFO image_rx_daemon: published frame_id=0 242 B → lifetrac/v25/video/tile_delta

2026-07-26 01:23:32,201 INFO image_rx_daemon: published frame_id=0 244 B → lifetrac/v25/video/tile_delta

2026-07-26 01:23:32,360 INFO image_rx_daemon: published frame_id=0 242 B → lifetrac/v25/video/tile_delta

2026-07-26 01:23:32,500 INFO image_rx_daemon: published frame_id=0 244 B → lifetrac/v25/video/tile_delta

2026-07-26 01:23:32,660 INFO image_rx_daemon: published frame_id=0 234 B → lifetrac/v25/video/tile_delta

2026-07-26 01:23:32,969 INFO image_rx_daemon: published frame_id=0 244 B → lifetrac/v25/video/tile_delta

2026-07-26 01:23:33,124 INFO image_rx_daemon: published frame_id=0 248 B → lifetrac/v25/video/tile_delta

2026-07-26 01:23:33,182 INFO image_rx_daemon: stats: rx_frames=360 rx_decode_err=0 frames_published=224 publish_err=0 reassembler_decode_err=0 reassembler_timeouts=7

2026-07-26 01:23:33,283 INFO image_rx_daemon: published frame_id=0 246 B → lifetrac/v25/video/tile_delta

2026-07-26 01:23:33,456 INFO image_rx_daemon: published frame_id=0 242 B → lifetrac/v25/video/tile_delta

2026-07-26 01:23:33,589 INFO image_rx_daemon: published frame_id=0 244 B → lifetrac/v25/video/tile_delta

2026-07-26 01:23:33,752 INFO image_rx_daemon: published frame_id=0 240 B → lifetrac/v25/video/tile_delta

2026-07-26 01:23:33,892 INFO image_rx_daemon: published frame_id=0 242 B → lifetrac/v25/video/tile_delta

2026-07-26 01:23:34,022 INFO image_rx_daemon: published frame_id=0 230 B → lifetrac/v25/video/tile_delta

2026-07-26 01:23:34,164 INFO image_rx_daemon: published frame_id=0 226 B → lifetrac/v25/video/tile_delta

2026-07-26 01:23:34,316 INFO image_rx_daemon: requesting keyframe (reassembly timeout #8)

2026-07-26 01:23:34,480 INFO image_rx_daemon: published frame_id=0 246 B → lifetrac/v25/video/tile_delta

2026-07-26 01:23:34,631 INFO image_rx_daemon: published frame_id=0 246 B → lifetrac/v25/video/tile_delta

2026-07-26 01:23:34,793 INFO image_rx_daemon: published frame_id=0 248 B → lifetrac/v25/video/tile_delta

2026-07-26 01:23:34,955 INFO image_rx_daemon: published frame_id=0 244 B → lifetrac/v25/video/tile_delta

2026-07-26 01:23:35,123 INFO image_rx_daemon: published frame_id=0 242 B → lifetrac/v25/video/tile_delta

2026-07-26 01:23:35,264 INFO image_rx_daemon: published frame_id=0 242 B → lifetrac/v25/video/tile_delta

2026-07-26 01:23:35,408 INFO image_rx_daemon: published frame_id=0 244 B → lifetrac/v25/video/tile_delta

2026-07-26 01:23:35,572 INFO image_rx_daemon: published frame_id=0 242 B → lifetrac/v25/video/tile_delta

2026-07-26 01:23:35,704 INFO image_rx_daemon: published frame_id=0 244 B → lifetrac/v25/video/tile_delta

2026-07-26 01:23:35,868 INFO image_rx_daemon: published frame_id=0 234 B → lifetrac/v25/video/tile_delta

2026-07-26 01:23:36,008 INFO image_rx_daemon: published frame_id=0 252 B → lifetrac/v25/video/tile_delta

2026-07-26 01:23:36,167 INFO image_rx_daemon: published frame_id=0 246 B → lifetrac/v25/video/tile_delta

2026-07-26 01:23:36,332 INFO image_rx_daemon: published frame_id=0 248 B → lifetrac/v25/video/tile_delta

2026-07-26 01:23:36,492 INFO image_rx_daemon: published frame_id=0 246 B → lifetrac/v25/video/tile_delta

2026-07-26 01:23:36,651 INFO image_rx_daemon: published frame_id=0 242 B → lifetrac/v25/video/tile_delta

2026-07-26 01:23:36,792 INFO image_rx_daemon: published frame_id=0 244 B → lifetrac/v25/video/tile_delta

2026-07-26 01:23:36,952 INFO image_rx_daemon: published frame_id=0 240 B → lifetrac/v25/video/tile_delta

2026-07-26 01:23:37,092 INFO image_rx_daemon: published frame_id=0 242 B → lifetrac/v25/video/tile_delta

2026-07-26 01:23:37,232 INFO image_rx_daemon: published frame_id=0 230 B → lifetrac/v25/video/tile_delta

2026-07-26 01:23:37,364 INFO image_rx_daemon: published frame_id=0 226 B → lifetrac/v25/video/tile_delta

2026-07-26 01:23:37,512 INFO image_rx_daemon: published frame_id=0 244 B → lifetrac/v25/video/tile_delta

2026-07-26 01:23:37,666 INFO image_rx_daemon: published frame_id=0 246 B → lifetrac/v25/video/tile_delta

2026-07-26 01:23:37,844 INFO image_rx_daemon: published frame_id=0 246 B → lifetrac/v25/video/tile_delta

2026-07-26 01:23:37,996 INFO image_rx_daemon: published frame_id=0 248 B → lifetrac/v25/video/tile_delta

INFO: unrelated frame during TX wait type=0x91

RFCO_PERTX during TX wait: profile_id=2 tx_status=0x00(OK) hop_idx=0 channel_idx=0 epoch=0 freq_hz=0 pkt_toa_us=10304 legal_dwell_used_us_10s=0

RFCO_PERTX during TX wait: profile_id=2 tx_status=0x00(OK) hop_idx=0 channel_idx=0 epoch=0 freq_hz=0 pkt_toa_us=10304 legal_dwell_used_us_10s=0

2026-07-26 01:23:38,464 INFO image_rx_daemon: published frame_id=0 242 B → lifetrac/v25/video/tile_delta

2026-07-26 01:23:38,604 INFO image_rx_daemon: published frame_id=0 244 B → lifetrac/v25/video/tile_delta

2026-07-26 01:23:38,768 INFO image_rx_daemon: published frame_id=0 244 B → lifetrac/v25/video/tile_delta

2026-07-26 01:23:38,935 INFO image_rx_daemon: published frame_id=0 242 B → lifetrac/v25/video/tile_delta

2026-07-26 01:23:39,064 INFO image_rx_daemon: published frame_id=0 244 B → lifetrac/v25/video/tile_delta

2026-07-26 01:23:39,228 INFO image_rx_daemon: published frame_id=0 246 B → lifetrac/v25/video/tile_delta

2026-07-26 01:23:39,392 INFO image_rx_daemon: published frame_id=0 246 B → lifetrac/v25/video/tile_delta

2026-07-26 01:23:39,556 INFO image_rx_daemon: published frame_id=0 248 B → lifetrac/v25/video/tile_delta

2026-07-26 01:23:39,719 INFO image_rx_daemon: requesting keyframe (reassembly timeout #10)

2026-07-26 01:23:39,722 INFO image_rx_daemon: published frame_id=0 246 B → lifetrac/v25/video/tile_delta

2026-07-26 01:23:39,876 INFO image_rx_daemon: published frame_id=0 240 B → lifetrac/v25/video/tile_delta

2026-07-26 01:23:40,016 INFO image_rx_daemon: published frame_id=0 242 B → lifetrac/v25/video/tile_delta

2026-07-26 01:23:40,156 INFO image_rx_daemon: published frame_id=0 240 B → lifetrac/v25/video/tile_delta

2026-07-26 01:23:40,294 INFO image_rx_daemon: published frame_id=0 242 B → lifetrac/v25/video/tile_delta

2026-07-26 01:23:40,432 INFO image_rx_daemon: published frame_id=0 230 B → lifetrac/v25/video/tile_delta

2026-07-26 01:23:40,572 INFO image_rx_daemon: published frame_id=0 226 B → lifetrac/v25/video/tile_delta

2026-07-26 01:23:40,723 INFO image_rx_daemon: published frame_id=0 240 B → lifetrac/v25/video/tile_delta

2026-07-26 01:23:40,859 INFO image_rx_daemon: published frame_id=0 246 B → lifetrac/v25/video/tile_delta

2026-07-26 01:23:41,014 INFO image_rx_daemon: published frame_id=0 246 B → lifetrac/v25/video/tile_delta

2026-07-26 01:23:41,188 INFO image_rx_daemon: published frame_id=0 248 B → lifetrac/v25/video/tile_delta

2026-07-26 01:23:41,352 INFO image_rx_daemon: published frame_id=0 244 B → lifetrac/v25/video/tile_delta

2026-07-26 01:23:41,509 INFO image_rx_daemon: published frame_id=0 240 B → lifetrac/v25/video/tile_delta

2026-07-26 01:23:41,652 INFO image_rx_daemon: published frame_id=0 242 B → lifetrac/v25/video/tile_delta

2026-07-26 01:23:41,951 INFO image_rx_daemon: published frame_id=0 242 B → lifetrac/v25/video/tile_delta

2026-07-26 01:23:42,093 INFO image_rx_daemon: published frame_id=0 244 B → lifetrac/v25/video/tile_delta

2026-07-26 01:23:42,244 INFO image_rx_daemon: published frame_id=0 234 B → lifetrac/v25/video/tile_delta

2026-07-26 01:23:42,396 INFO image_rx_daemon: published frame_id=0 252 B → lifetrac/v25/video/tile_delta

2026-07-26 01:23:42,555 INFO image_rx_daemon: published frame_id=0 244 B → lifetrac/v25/video/tile_delta

2026-07-26 01:23:42,715 INFO image_rx_daemon: published frame_id=0 250 B → lifetrac/v25/video/tile_delta

2026-07-26 01:23:42,879 INFO image_rx_daemon: published frame_id=0 246 B → lifetrac/v25/video/tile_delta

2026-07-26 01:23:43,042 INFO image_rx_daemon: published frame_id=0 242 B → lifetrac/v25/video/tile_delta

2026-07-26 01:23:43,174 INFO image_rx_daemon: published frame_id=0 244 B → lifetrac/v25/video/tile_delta

2026-07-26 01:23:43,187 INFO image_rx_daemon: stats: rx_frames=459 rx_decode_err=0 frames_published=286 publish_err=0 reassembler_decode_err=0 reassembler_timeouts=10

2026-07-26 01:23:43,348 INFO image_rx_daemon: published frame_id=0 240 B → lifetrac/v25/video/tile_delta

2026-07-26 01:23:43,481 INFO image_rx_daemon: published frame_id=0 242 B → lifetrac/v25/video/tile_delta

2026-07-26 01:23:43,624 INFO image_rx_daemon: published frame_id=0 230 B → lifetrac/v25/video/tile_delta

2026-07-26 01:23:43,767 INFO image_rx_daemon: published frame_id=0 226 B → lifetrac/v25/video/tile_delta

2026-07-26 01:23:43,911 INFO image_rx_daemon: published frame_id=0 244 B → lifetrac/v25/video/tile_delta

2026-07-26 01:23:44,071 INFO image_rx_daemon: published frame_id=0 246 B → lifetrac/v25/video/tile_delta

2026-07-26 01:23:44,233 INFO image_rx_daemon: published frame_id=0 246 B → lifetrac/v25/video/tile_delta

2026-07-26 01:23:44,393 INFO image_rx_daemon: published frame_id=0 248 B → lifetrac/v25/video/tile_delta

2026-07-26 01:23:44,557 INFO image_rx_daemon: published frame_id=0 244 B → lifetrac/v25/video/tile_delta

2026-07-26 01:23:44,715 INFO image_rx_daemon: published frame_id=0 242 B → lifetrac/v25/video/tile_delta

2026-07-26 01:23:44,856 INFO image_rx_daemon: published frame_id=0 242 B → lifetrac/v25/video/tile_delta

2026-07-26 01:23:45,000 INFO image_rx_daemon: published frame_id=0 244 B → lifetrac/v25/video/tile_delta

2026-07-26 01:23:45,160 INFO image_rx_daemon: published frame_id=0 242 B → lifetrac/v25/video/tile_delta

2026-07-26 01:23:45,304 INFO image_rx_daemon: published frame_id=0 244 B → lifetrac/v25/video/tile_delta

2026-07-26 01:23:45,456 INFO image_rx_daemon: published frame_id=0 234 B → lifetrac/v25/video/tile_delta

2026-07-26 01:23:45,608 INFO image_rx_daemon: published frame_id=0 252 B → lifetrac/v25/video/tile_delta

2026-07-26 01:23:45,758 INFO image_rx_daemon: published frame_id=0 244 B → lifetrac/v25/video/tile_delta

2026-07-26 01:23:45,928 INFO image_rx_daemon: published frame_id=0 248 B → lifetrac/v25/video/tile_delta

2026-07-26 01:23:46,088 INFO image_rx_daemon: published frame_id=0 246 B → lifetrac/v25/video/tile_delta

2026-07-26 01:23:46,239 INFO image_rx_daemon: published frame_id=0 242 B → lifetrac/v25/video/tile_delta

2026-07-26 01:23:46,390 INFO image_rx_daemon: published frame_id=0 244 B → lifetrac/v25/video/tile_delta

2026-07-26 01:23:46,548 INFO image_rx_daemon: published frame_id=0 240 B → lifetrac/v25/video/tile_delta

2026-07-26 01:23:46,692 INFO image_rx_daemon: published frame_id=0 242 B → lifetrac/v25/video/tile_delta

2026-07-26 01:23:46,832 INFO image_rx_daemon: published frame_id=0 230 B → lifetrac/v25/video/tile_delta

2026-07-26 01:23:46,960 INFO image_rx_daemon: published frame_id=0 226 B → lifetrac/v25/video/tile_delta

2026-07-26 01:23:47,276 INFO image_rx_daemon: published frame_id=0 246 B → lifetrac/v25/video/tile_delta

2026-07-26 01:23:47,437 INFO image_rx_daemon: published frame_id=0 246 B → lifetrac/v25/video/tile_delta

2026-07-26 01:23:47,600 INFO image_rx_daemon: published frame_id=0 248 B → lifetrac/v25/video/tile_delta

2026-07-26 01:23:47,764 INFO image_rx_daemon: published frame_id=0 244 B → lifetrac/v25/video/tile_delta

2026-07-26 01:23:47,924 INFO image_rx_daemon: published frame_id=0 242 B → lifetrac/v25/video/tile_delta

2026-07-26 01:23:48,068 INFO image_rx_daemon: published frame_id=0 242 B → lifetrac/v25/video/tile_delta

INFO: unrelated frame during TX wait type=0x91

RFCO_PERTX during TX wait: profile_id=2 tx_status=0x00(OK) hop_idx=0 channel_idx=0 epoch=0 freq_hz=0 pkt_toa_us=10304 legal_dwell_used_us_10s=0

RFCO_PERTX during TX wait: profile_id=2 tx_status=0x00(OK) hop_idx=0 channel_idx=0 epoch=0 freq_hz=0 pkt_toa_us=10304 legal_dwell_used_us_10s=0

2026-07-26 01:23:48,508 INFO image_rx_daemon: published frame_id=0 244 B → lifetrac/v25/video/tile_delta

2026-07-26 01:23:48,657 INFO image_rx_daemon: requesting keyframe (reassembly timeout #12)

2026-07-26 01:23:48,658 INFO image_rx_daemon: published frame_id=0 234 B → lifetrac/v25/video/tile_delta

2026-07-26 01:23:48,816 INFO image_rx_daemon: published frame_id=0 252 B → lifetrac/v25/video/tile_delta

2026-07-26 01:23:48,967 INFO image_rx_daemon: published frame_id=0 246 B → lifetrac/v25/video/tile_delta

2026-07-26 01:23:49,132 INFO image_rx_daemon: published frame_id=0 248 B → lifetrac/v25/video/tile_delta

2026-07-26 01:23:49,296 INFO image_rx_daemon: published frame_id=0 246 B → lifetrac/v25/video/tile_delta

2026-07-26 01:23:49,460 INFO image_rx_daemon: published frame_id=0 242 B → lifetrac/v25/video/tile_delta

2026-07-26 01:23:49,589 INFO image_rx_daemon: published frame_id=0 244 B → lifetrac/v25/video/tile_delta

2026-07-26 01:23:49,752 INFO image_rx_daemon: published frame_id=0 240 B → lifetrac/v25/video/tile_delta

2026-07-26 01:23:49,896 INFO image_rx_daemon: published frame_id=0 242 B → lifetrac/v25/video/tile_delta

2026-07-26 01:23:50,028 INFO image_rx_daemon: published frame_id=0 230 B → lifetrac/v25/video/tile_delta

2026-07-26 01:23:50,168 INFO image_rx_daemon: published frame_id=0 226 B → lifetrac/v25/video/tile_delta

2026-07-26 01:23:50,308 INFO image_rx_daemon: published frame_id=0 244 B → lifetrac/v25/video/tile_delta

2026-07-26 01:23:50,472 INFO image_rx_daemon: published frame_id=0 246 B → lifetrac/v25/video/tile_delta

2026-07-26 01:23:50,636 INFO image_rx_daemon: published frame_id=0 246 B → lifetrac/v25/video/tile_delta

2026-07-26 01:23:50,800 INFO image_rx_daemon: published frame_id=0 248 B → lifetrac/v25/video/tile_delta

2026-07-26 01:23:50,964 INFO image_rx_daemon: published frame_id=0 244 B → lifetrac/v25/video/tile_delta

2026-07-26 01:23:51,114 INFO image_rx_daemon: published frame_id=0 242 B → lifetrac/v25/video/tile_delta

2026-07-26 01:23:51,263 INFO image_rx_daemon: published frame_id=0 242 B → lifetrac/v25/video/tile_delta

2026-07-26 01:23:51,408 INFO image_rx_daemon: published frame_id=0 244 B → lifetrac/v25/video/tile_delta

2026-07-26 01:23:51,571 INFO image_rx_daemon: published frame_id=0 242 B → lifetrac/v25/video/tile_delta

2026-07-26 01:23:51,716 INFO image_rx_daemon: published frame_id=0 244 B → lifetrac/v25/video/tile_delta

2026-07-26 01:23:51,872 INFO image_rx_daemon: published frame_id=0 244 B → lifetrac/v25/video/tile_delta

2026-07-26 01:23:52,033 INFO image_rx_daemon: published frame_id=0 246 B → lifetrac/v25/video/tile_delta

2026-07-26 01:23:52,196 INFO image_rx_daemon: published frame_id=0 246 B → lifetrac/v25/video/tile_delta

2026-07-26 01:23:52,512 INFO image_rx_daemon: published frame_id=0 246 B → lifetrac/v25/video/tile_delta

2026-07-26 01:23:52,676 INFO image_rx_daemon: published frame_id=0 240 B → lifetrac/v25/video/tile_delta

2026-07-26 01:23:52,817 INFO image_rx_daemon: published frame_id=0 242 B → lifetrac/v25/video/tile_delta

2026-07-26 01:23:52,956 INFO image_rx_daemon: published frame_id=0 240 B → lifetrac/v25/video/tile_delta

2026-07-26 01:23:53,092 INFO image_rx_daemon: published frame_id=0 242 B → lifetrac/v25/video/tile_delta

2026-07-26 01:23:53,197 INFO image_rx_daemon: stats: rx_frames=556 rx_decode_err=0 frames_published=347 publish_err=0 reassembler_decode_err=0 reassembler_timeouts=13

2026-07-26 01:23:53,235 INFO image_rx_daemon: published frame_id=0 230 B → lifetrac/v25/video/tile_delta

2026-07-26 01:23:53,376 INFO image_rx_daemon: published frame_id=0 226 B → lifetrac/v25/video/tile_delta

2026-07-26 01:23:53,512 INFO image_rx_daemon: published frame_id=0 240 B → lifetrac/v25/video/tile_delta

2026-07-26 01:23:53,653 INFO image_rx_daemon: published frame_id=0 246 B → lifetrac/v25/video/tile_delta

2026-07-26 01:23:53,821 INFO image_rx_daemon: published frame_id=0 246 B → lifetrac/v25/video/tile_delta

2026-07-26 01:23:53,992 INFO image_rx_daemon: requesting keyframe (reassembly timeout #14)

2026-07-26 01:23:53,994 INFO image_rx_daemon: published frame_id=0 248 B → lifetrac/v25/video/tile_delta

2026-07-26 01:23:54,148 INFO image_rx_daemon: published frame_id=0 244 B → lifetrac/v25/video/tile_delta

2026-07-26 01:23:54,301 INFO image_rx_daemon: published frame_id=0 240 B → lifetrac/v25/video/tile_delta

2026-07-26 01:23:54,440 INFO image_rx_daemon: published frame_id=0 242 B → lifetrac/v25/video/tile_delta

2026-07-26 01:23:54,580 INFO image_rx_daemon: published frame_id=0 244 B → lifetrac/v25/video/tile_delta

2026-07-26 01:23:54,732 INFO image_rx_daemon: published frame_id=0 242 B → lifetrac/v25/video/tile_delta

2026-07-26 01:23:54,882 INFO image_rx_daemon: published frame_id=0 244 B → lifetrac/v25/video/tile_delta

2026-07-26 01:23:55,044 INFO image_rx_daemon: published frame_id=0 234 B → lifetrac/v25/video/tile_delta

2026-07-26 01:23:55,188 INFO image_rx_daemon: published frame_id=0 252 B → lifetrac/v25/video/tile_delta

2026-07-26 01:23:55,349 INFO image_rx_daemon: published frame_id=0 244 B → lifetrac/v25/video/tile_delta

2026-07-26 01:23:55,507 INFO image_rx_daemon: published frame_id=0 250 B → lifetrac/v25/video/tile_delta

2026-07-26 01:23:55,670 INFO image_rx_daemon: published frame_id=0 246 B → lifetrac/v25/video/tile_delta

2026-07-26 01:23:55,836 INFO image_rx_daemon: published frame_id=0 242 B → lifetrac/v25/video/tile_delta

2026-07-26 01:23:55,969 INFO image_rx_daemon: published frame_id=0 244 B → lifetrac/v25/video/tile_delta

2026-07-26 01:23:56,122 INFO image_rx_daemon: published frame_id=0 240 B → lifetrac/v25/video/tile_delta

2026-07-26 01:23:56,264 INFO image_rx_daemon: published frame_id=0 242 B → lifetrac/v25/video/tile_delta

2026-07-26 01:23:56,420 INFO image_rx_daemon: published frame_id=0 244 B → lifetrac/v25/video/tile_delta

2026-07-26 01:23:56,560 INFO image_rx_daemon: published frame_id=0 226 B → lifetrac/v25/video/tile_delta

2026-07-26 01:23:56,724 INFO image_rx_daemon: published frame_id=0 240 B → lifetrac/v25/video/tile_delta

2026-07-26 01:23:56,864 INFO image_rx_daemon: published frame_id=0 246 B → lifetrac/v25/video/tile_delta

2026-07-26 01:23:57,024 INFO image_rx_daemon: published frame_id=0 246 B → lifetrac/v25/video/tile_delta

2026-07-26 01:23:57,184 INFO image_rx_daemon: published frame_id=0 248 B → lifetrac/v25/video/tile_delta

2026-07-26 01:23:57,348 INFO image_rx_daemon: published frame_id=0 244 B → lifetrac/v25/video/tile_delta

2026-07-26 01:23:57,499 INFO image_rx_daemon: published frame_id=0 240 B → lifetrac/v25/video/tile_delta

2026-07-26 01:23:57,648 INFO image_rx_daemon: published frame_id=0 242 B → lifetrac/v25/video/tile_delta

2026-07-26 01:23:57,780 INFO image_rx_daemon: published frame_id=0 244 B → lifetrac/v25/video/tile_delta

2026-07-26 01:23:57,952 INFO image_rx_daemon: published frame_id=0 242 B → lifetrac/v25/video/tile_delta

2026-07-26 01:23:58,096 INFO image_rx_daemon: published frame_id=0 244 B → lifetrac/v25/video/tile_delta

2026-07-26 01:23:58,241 INFO image_rx_daemon: published frame_id=0 234 B → lifetrac/v25/video/tile_delta

RFCO_PERTX during TX wait: profile_id=2 tx_status=0x00(OK) hop_idx=0 channel_idx=0 epoch=0 freq_hz=0 pkt_toa_us=10304 legal_dwell_used_us_10s=0

RFCO_PERTX during TX wait: profile_id=2 tx_status=0x00(OK) hop_idx=0 channel_idx=0 epoch=0 freq_hz=0 pkt_toa_us=10304 legal_dwell_used_us_10s=0

2026-07-26 01:23:58,551 INFO image_rx_daemon: published frame_id=0 244 B → lifetrac/v25/video/tile_delta

2026-07-26 01:23:58,716 INFO image_rx_daemon: published frame_id=0 250 B → lifetrac/v25/video/tile_delta

2026-07-26 01:23:58,876 INFO image_rx_daemon: published frame_id=0 246 B → lifetrac/v25/video/tile_delta

2026-07-26 01:23:59,037 INFO image_rx_daemon: published frame_id=0 242 B → lifetrac/v25/video/tile_delta

2026-07-26 01:23:59,180 INFO image_rx_daemon: published frame_id=0 244 B → lifetrac/v25/video/tile_delta

2026-07-26 01:23:59,332 INFO image_rx_daemon: published frame_id=0 240 B → lifetrac/v25/video/tile_delta

2026-07-26 01:23:59,472 INFO image_rx_daemon: published frame_id=0 242 B → lifetrac/v25/video/tile_delta

2026-07-26 01:23:59,612 INFO image_rx_daemon: published frame_id=0 244 B → lifetrac/v25/video/tile_delta

2026-07-26 01:23:59,772 INFO image_rx_daemon: published frame_id=0 226 B → lifetrac/v25/video/tile_delta

2026-07-26 01:23:59,915 INFO image_rx_daemon: requesting keyframe (reassembly timeout #15)

2026-07-26 01:23:59,917 INFO image_rx_daemon: published frame_id=0 240 B → lifetrac/v25/video/tile_delta

2026-07-26 01:24:00,056 INFO image_rx_daemon: published frame_id=0 246 B → lifetrac/v25/video/tile_delta

2026-07-26 01:24:00,217 INFO image_rx_daemon: published frame_id=0 246 B → lifetrac/v25/video/tile_delta

2026-07-26 01:24:00,377 INFO image_rx_daemon: published frame_id=0 248 B → lifetrac/v25/video/tile_delta

2026-07-26 01:24:00,552 INFO image_rx_daemon: published frame_id=0 244 B → lifetrac/v25/video/tile_delta

2026-07-26 01:24:00,704 INFO image_rx_daemon: published frame_id=0 240 B → lifetrac/v25/video/tile_delta

2026-07-26 01:24:00,848 INFO image_rx_daemon: published frame_id=0 242 B → lifetrac/v25/video/tile_delta

2026-07-26 01:24:00,988 INFO image_rx_daemon: published frame_id=0 244 B → lifetrac/v25/video/tile_delta

2026-07-26 01:24:01,148 INFO image_rx_daemon: published frame_id=0 242 B → lifetrac/v25/video/tile_delta

2026-07-26 01:24:01,289 INFO image_rx_daemon: published frame_id=0 244 B → lifetrac/v25/video/tile_delta

2026-07-26 01:24:01,438 INFO image_rx_daemon: published frame_id=0 234 B → lifetrac/v25/video/tile_delta

2026-07-26 01:24:01,588 INFO image_rx_daemon: published frame_id=0 252 B → lifetrac/v25/video/tile_delta

2026-07-26 01:24:01,748 INFO image_rx_daemon: published frame_id=0 244 B → lifetrac/v25/video/tile_delta

2026-07-26 01:24:01,911 INFO image_rx_daemon: published frame_id=0 250 B → lifetrac/v25/video/tile_delta

2026-07-26 01:24:02,074 INFO image_rx_daemon: published frame_id=0 246 B → lifetrac/v25/video/tile_delta

2026-07-26 01:24:02,239 INFO image_rx_daemon: published frame_id=0 242 B → lifetrac/v25/video/tile_delta

2026-07-26 01:24:02,381 INFO image_rx_daemon: published frame_id=0 244 B → lifetrac/v25/video/tile_delta

2026-07-26 01:24:02,543 INFO image_rx_daemon: published frame_id=0 240 B → lifetrac/v25/video/tile_delta

2026-07-26 01:24:02,676 INFO image_rx_daemon: published frame_id=0 242 B → lifetrac/v25/video/tile_delta

2026-07-26 01:24:02,807 INFO image_rx_daemon: published frame_id=0 230 B → lifetrac/v25/video/tile_delta

2026-07-26 01:24:02,956 INFO image_rx_daemon: published frame_id=0 242 B → lifetrac/v25/video/tile_delta

2026-07-26 01:24:03,096 INFO image_rx_daemon: published frame_id=0 244 B → lifetrac/v25/video/tile_delta

2026-07-26 01:24:03,200 INFO image_rx_daemon: stats: rx_frames=657 rx_decode_err=0 frames_published=412 publish_err=0 reassembler_decode_err=0 reassembler_timeouts=15

2026-07-26 01:24:03,257 INFO image_rx_daemon: published frame_id=0 246 B → lifetrac/v25/video/tile_delta

2026-07-26 01:24:03,420 INFO image_rx_daemon: published frame_id=0 246 B → lifetrac/v25/video/tile_delta

2026-07-26 01:24:03,574 INFO image_rx_daemon: published frame_id=0 248 B → lifetrac/v25/video/tile_delta

2026-07-26 01:24:03,744 INFO image_rx_daemon: published frame_id=0 244 B → lifetrac/v25/video/tile_delta

2026-07-26 01:24:03,911 INFO image_rx_daemon: published frame_id=0 240 B → lifetrac/v25/video/tile_delta

2026-07-26 01:24:04,041 INFO image_rx_daemon: published frame_id=0 242 B → lifetrac/v25/video/tile_delta

2026-07-26 01:24:04,184 INFO image_rx_daemon: published frame_id=0 244 B → lifetrac/v25/video/tile_delta

2026-07-26 01:24:04,338 INFO image_rx_daemon: published frame_id=0 242 B → lifetrac/v25/video/tile_delta

2026-07-26 01:24:04,640 INFO image_rx_daemon: published frame_id=0 234 B → lifetrac/v25/video/tile_delta

2026-07-26 01:24:04,796 INFO image_rx_daemon: published frame_id=0 252 B → lifetrac/v25/video/tile_delta

2026-07-26 01:24:04,948 INFO image_rx_daemon: published frame_id=0 244 B → lifetrac/v25/video/tile_delta

2026-07-26 01:24:05,110 INFO image_rx_daemon: published frame_id=0 250 B → lifetrac/v25/video/tile_delta

2026-07-26 01:24:05,265 INFO image_rx_daemon: published frame_id=0 246 B → lifetrac/v25/video/tile_delta

2026-07-26 01:24:05,433 INFO image_rx_daemon: published frame_id=0 242 B → lifetrac/v25/video/tile_delta

2026-07-26 01:24:05,572 INFO image_rx_daemon: published frame_id=0 244 B → lifetrac/v25/video/tile_delta

2026-07-26 01:24:05,732 INFO image_rx_daemon: published frame_id=0 240 B → lifetrac/v25/video/tile_delta

2026-07-26 01:24:05,864 INFO image_rx_daemon: published frame_id=0 242 B → lifetrac/v25/video/tile_delta

2026-07-26 01:24:06,019 INFO image_rx_daemon: requesting keyframe (reassembly timeout #16)

2026-07-26 01:24:06,021 INFO image_rx_daemon: published frame_id=0 244 B → lifetrac/v25/video/tile_delta

2026-07-26 01:24:06,171 INFO image_rx_daemon: published frame_id=0 226 B → lifetrac/v25/video/tile_delta

2026-07-26 01:24:06,314 INFO image_rx_daemon: published frame_id=0 240 B → lifetrac/v25/video/tile_delta

2026-07-26 01:24:06,456 INFO image_rx_daemon: published frame_id=0 246 B → lifetrac/v25/video/tile_delta

2026-07-26 01:24:06,617 INFO image_rx_daemon: published frame_id=0 246 B → lifetrac/v25/video/tile_delta

2026-07-26 01:24:06,777 INFO image_rx_daemon: published frame_id=0 248 B → lifetrac/v25/video/tile_delta

2026-07-26 01:24:06,937 INFO image_rx_daemon: published frame_id=0 244 B → lifetrac/v25/video/tile_delta

2026-07-26 01:24:07,096 INFO image_rx_daemon: published frame_id=0 240 B → lifetrac/v25/video/tile_delta

2026-07-26 01:24:07,244 INFO image_rx_daemon: published frame_id=0 242 B → lifetrac/v25/video/tile_delta

2026-07-26 01:24:07,384 INFO image_rx_daemon: published frame_id=0 244 B → lifetrac/v25/video/tile_delta

2026-07-26 01:24:07,544 INFO image_rx_daemon: published frame_id=0 242 B → lifetrac/v25/video/tile_delta

2026-07-26 01:24:07,690 INFO image_rx_daemon: published frame_id=0 244 B → lifetrac/v25/video/tile_delta

2026-07-26 01:24:07,855 INFO image_rx_daemon: published frame_id=0 234 B → lifetrac/v25/video/tile_delta

2026-07-26 01:24:08,000 INFO image_rx_daemon: published frame_id=0 252 B → lifetrac/v25/video/tile_delta

2026-07-26 01:24:08,312 INFO image_rx_daemon: published frame_id=0 250 B → lifetrac/v25/video/tile_delta

INFO: unrelated frame during TX wait type=0x91

RFCO_PERTX during TX wait: profile_id=2 tx_status=0x00(OK) hop_idx=0 channel_idx=0 epoch=0 freq_hz=0 pkt_toa_us=10304 legal_dwell_used_us_10s=0

RFCO_PERTX during TX wait: profile_id=2 tx_status=0x00(OK) hop_idx=0 channel_idx=0 epoch=0 freq_hz=0 pkt_toa_us=10304 legal_dwell_used_us_10s=0

2026-07-26 01:24:08,777 INFO image_rx_daemon: published frame_id=0 244 B → lifetrac/v25/video/tile_delta

2026-07-26 01:24:08,940 INFO image_rx_daemon: published frame_id=0 240 B → lifetrac/v25/video/tile_delta

2026-07-26 01:24:09,080 INFO image_rx_daemon: published frame_id=0 242 B → lifetrac/v25/video/tile_delta

2026-07-26 01:24:09,201 INFO image_rx_daemon: published frame_id=0 230 B → lifetrac/v25/video/tile_delta

2026-07-26 01:24:09,364 INFO image_rx_daemon: published frame_id=0 242 B → lifetrac/v25/video/tile_delta

2026-07-26 01:24:09,492 INFO image_rx_daemon: published frame_id=0 244 B → lifetrac/v25/video/tile_delta

2026-07-26 01:24:09,655 INFO image_rx_daemon: published frame_id=0 246 B → lifetrac/v25/video/tile_delta

2026-07-26 01:24:09,817 INFO image_rx_daemon: published frame_id=0 246 B → lifetrac/v25/video/tile_delta

2026-07-26 01:24:09,987 INFO image_rx_daemon: published frame_id=0 248 B → lifetrac/v25/video/tile_delta

2026-07-26 01:24:10,139 INFO image_rx_daemon: published frame_id=0 244 B → lifetrac/v25/video/tile_delta

2026-07-26 01:24:10,304 INFO image_rx_daemon: published frame_id=0 240 B → lifetrac/v25/video/tile_delta

2026-07-26 01:24:10,440 INFO image_rx_daemon: published frame_id=0 242 B → lifetrac/v25/video/tile_delta

2026-07-26 01:24:10,585 INFO image_rx_daemon: published frame_id=0 244 B → lifetrac/v25/video/tile_delta

2026-07-26 01:24:10,748 INFO image_rx_daemon: published frame_id=0 242 B → lifetrac/v25/video/tile_delta

2026-07-26 01:24:10,889 INFO image_rx_daemon: published frame_id=0 244 B → lifetrac/v25/video/tile_delta

2026-07-26 01:24:11,040 INFO image_rx_daemon: published frame_id=0 234 B → lifetrac/v25/video/tile_delta

2026-07-26 01:24:11,197 INFO image_rx_daemon: published frame_id=0 252 B → lifetrac/v25/video/tile_delta

2026-07-26 01:24:11,347 INFO image_rx_daemon: published frame_id=0 244 B → lifetrac/v25/video/tile_delta

2026-07-26 01:24:11,509 INFO image_rx_daemon: published frame_id=0 250 B → lifetrac/v25/video/tile_delta

2026-07-26 01:24:11,676 INFO image_rx_daemon: published frame_id=0 246 B → lifetrac/v25/video/tile_delta

2026-07-26 01:24:11,843 INFO image_rx_daemon: published frame_id=0 242 B → lifetrac/v25/video/tile_delta

2026-07-26 01:24:11,971 INFO image_rx_daemon: published frame_id=0 244 B → lifetrac/v25/video/tile_delta

2026-07-26 01:24:12,131 INFO image_rx_daemon: published frame_id=0 240 B → lifetrac/v25/video/tile_delta

2026-07-26 01:24:12,280 INFO image_rx_daemon: published frame_id=0 242 B → lifetrac/v25/video/tile_delta

2026-07-26 01:24:12,412 INFO image_rx_daemon: published frame_id=0 230 B → lifetrac/v25/video/tile_delta

2026-07-26 01:24:12,552 INFO image_rx_daemon: published frame_id=0 242 B → lifetrac/v25/video/tile_delta

2026-07-26 01:24:12,692 INFO image_rx_daemon: published frame_id=0 244 B → lifetrac/v25/video/tile_delta

2026-07-26 01:24:12,856 INFO image_rx_daemon: published frame_id=0 246 B → lifetrac/v25/video/tile_delta

2026-07-26 01:24:13,027 INFO image_rx_daemon: published frame_id=0 246 B → lifetrac/v25/video/tile_delta

2026-07-26 01:24:13,192 INFO image_rx_daemon: published frame_id=0 248 B → lifetrac/v25/video/tile_delta

2026-07-26 01:24:13,204 INFO image_rx_daemon: stats: rx_frames=758 rx_decode_err=0 frames_published=474 publish_err=0 reassembler_decode_err=0 reassembler_timeouts=18

2026-07-26 01:24:13,352 INFO image_rx_daemon: published frame_id=0 244 B → lifetrac/v25/video/tile_delta

2026-07-26 01:24:13,516 INFO image_rx_daemon: published frame_id=0 240 B → lifetrac/v25/video/tile_delta

2026-07-26 01:24:13,648 INFO image_rx_daemon: published frame_id=0 242 B → lifetrac/v25/video/tile_delta

2026-07-26 01:24:13,792 INFO image_rx_daemon: published frame_id=0 244 B → lifetrac/v25/video/tile_delta

2026-07-26 01:24:13,952 INFO image_rx_daemon: published frame_id=0 242 B → lifetrac/v25/video/tile_delta

2026-07-26 01:24:14,093 INFO image_rx_daemon: published frame_id=0 244 B → lifetrac/v25/video/tile_delta

2026-07-26 01:24:14,256 INFO image_rx_daemon: published frame_id=0 234 B → lifetrac/v25/video/tile_delta

2026-07-26 01:24:14,397 INFO image_rx_daemon: published frame_id=0 252 B → lifetrac/v25/video/tile_delta

2026-07-26 01:24:14,563 INFO image_rx_daemon: published frame_id=0 244 B → lifetrac/v25/video/tile_delta

2026-07-26 01:24:14,720 INFO image_rx_daemon: published frame_id=0 250 B → lifetrac/v25/video/tile_delta

2026-07-26 01:24:14,874 INFO image_rx_daemon: published frame_id=0 246 B → lifetrac/v25/video/tile_delta

2026-07-26 01:24:15,036 INFO image_rx_daemon: published frame_id=0 242 B → lifetrac/v25/video/tile_delta

2026-07-26 01:24:15,180 INFO image_rx_daemon: published frame_id=0 244 B → lifetrac/v25/video/tile_delta

2026-07-26 01:24:15,340 INFO image_rx_daemon: published frame_id=0 240 B → lifetrac/v25/video/tile_delta

2026-07-26 01:24:15,480 INFO image_rx_daemon: published frame_id=0 242 B → lifetrac/v25/video/tile_delta

2026-07-26 01:24:15,620 INFO image_rx_daemon: published frame_id=0 230 B → lifetrac/v25/video/tile_delta

2026-07-26 01:24:15,760 INFO image_rx_daemon: published frame_id=0 242 B → lifetrac/v25/video/tile_delta

2026-07-26 01:24:15,896 INFO image_rx_daemon: published frame_id=0 244 B → lifetrac/v25/video/tile_delta

2026-07-26 01:24:16,077 INFO image_rx_daemon: published frame_id=0 246 B → lifetrac/v25/video/tile_delta

2026-07-26 01:24:16,228 INFO image_rx_daemon: published frame_id=0 246 B → lifetrac/v25/video/tile_delta

2026-07-26 01:24:16,392 INFO image_rx_daemon: published frame_id=0 248 B → lifetrac/v25/video/tile_delta

2026-07-26 01:24:16,545 INFO image_rx_daemon: published frame_id=0 244 B → lifetrac/v25/video/tile_delta

2026-07-26 01:24:16,708 INFO image_rx_daemon: published frame_id=0 240 B → lifetrac/v25/video/tile_delta

2026-07-26 01:24:16,848 INFO image_rx_daemon: published frame_id=0 242 B → lifetrac/v25/video/tile_delta

2026-07-26 01:24:16,992 INFO image_rx_daemon: published frame_id=0 244 B → lifetrac/v25/video/tile_delta

2026-07-26 01:24:17,152 INFO image_rx_daemon: published frame_id=0 242 B → lifetrac/v25/video/tile_delta

2026-07-26 01:24:17,286 INFO image_rx_daemon: published frame_id=0 244 B → lifetrac/v25/video/tile_delta

2026-07-26 01:24:17,437 INFO image_rx_daemon: published frame_id=0 234 B → lifetrac/v25/video/tile_delta

2026-07-26 01:24:17,589 INFO image_rx_daemon: published frame_id=0 252 B → lifetrac/v25/video/tile_delta

2026-07-26 01:24:17,744 INFO image_rx_daemon: published frame_id=0 244 B → lifetrac/v25/video/tile_delta

2026-07-26 01:24:17,920 INFO image_rx_daemon: published frame_id=0 250 B → lifetrac/v25/video/tile_delta

2026-07-26 01:24:18,070 INFO image_rx_daemon: published frame_id=0 246 B → lifetrac/v25/video/tile_delta

2026-07-26 01:24:18,240 INFO image_rx_daemon: published frame_id=0 242 B → lifetrac/v25/video/tile_delta

2026-07-26 01:24:18,381 INFO image_rx_daemon: published frame_id=0 244 B → lifetrac/v25/video/tile_delta

2026-07-26 01:24:18,547 INFO image_rx_daemon: published frame_id=0 240 B → lifetrac/v25/video/tile_delta

RFCO_PERTX during TX wait: profile_id=2 tx_status=0x00(OK) hop_idx=0 channel_idx=0 epoch=0 freq_hz=0 pkt_toa_us=10304 legal_dwell_used_us_10s=0

RFCO_PERTX during TX wait: profile_id=2 tx_status=0x00(OK) hop_idx=0 channel_idx=0 epoch=0 freq_hz=0 pkt_toa_us=10304 legal_dwell_used_us_10s=0

2026-07-26 01:24:18,820 INFO image_rx_daemon: published frame_id=0 230 B → lifetrac/v25/video/tile_delta

2026-07-26 01:24:18,964 INFO image_rx_daemon: published frame_id=0 242 B → lifetrac/v25/video/tile_delta

2026-07-26 01:24:19,104 INFO image_rx_daemon: published frame_id=0 244 B → lifetrac/v25/video/tile_delta

2026-07-26 01:24:19,265 INFO image_rx_daemon: published frame_id=0 246 B → lifetrac/v25/video/tile_delta

2026-07-26 01:24:19,427 INFO image_rx_daemon: published frame_id=0 246 B → lifetrac/v25/video/tile_delta

2026-07-26 01:24:19,588 INFO image_rx_daemon: published frame_id=0 248 B → lifetrac/v25/video/tile_delta

2026-07-26 01:24:19,747 INFO image_rx_daemon: published frame_id=0 244 B → lifetrac/v25/video/tile_delta

2026-07-26 01:24:19,900 INFO image_rx_daemon: published frame_id=0 240 B → lifetrac/v25/video/tile_delta

2026-07-26 01:24:20,049 INFO image_rx_daemon: published frame_id=0 242 B → lifetrac/v25/video/tile_delta

2026-07-26 01:24:20,192 INFO image_rx_daemon: published frame_id=0 244 B → lifetrac/v25/video/tile_delta

2026-07-26 01:24:20,353 INFO image_rx_daemon: published frame_id=0 242 B → lifetrac/v25/video/tile_delta

2026-07-26 01:24:20,496 INFO image_rx_daemon: published frame_id=0 244 B → lifetrac/v25/video/tile_delta

2026-07-26 01:24:20,648 INFO image_rx_daemon: published frame_id=0 234 B → lifetrac/v25/video/tile_delta

2026-07-26 01:24:20,804 INFO image_rx_daemon: published frame_id=0 252 B → lifetrac/v25/video/tile_delta

2026-07-26 01:24:20,957 INFO image_rx_daemon: published frame_id=0 244 B → lifetrac/v25/video/tile_delta

2026-07-26 01:24:21,117 INFO image_rx_daemon: published frame_id=0 248 B → lifetrac/v25/video/tile_delta

2026-07-26 01:24:21,277 INFO image_rx_daemon: published frame_id=0 246 B → lifetrac/v25/video/tile_delta

2026-07-26 01:24:21,431 INFO image_rx_daemon: published frame_id=0 242 B → lifetrac/v25/video/tile_delta

2026-07-26 01:24:21,580 INFO image_rx_daemon: published frame_id=0 244 B → lifetrac/v25/video/tile_delta

2026-07-26 01:24:21,740 INFO image_rx_daemon: published frame_id=0 240 B → lifetrac/v25/video/tile_delta

2026-07-26 01:24:21,880 INFO image_rx_daemon: published frame_id=0 242 B → lifetrac/v25/video/tile_delta

2026-07-26 01:24:22,020 INFO image_rx_daemon: published frame_id=0 230 B → lifetrac/v25/video/tile_delta

2026-07-26 01:24:22,160 INFO image_rx_daemon: published frame_id=0 242 B → lifetrac/v25/video/tile_delta

2026-07-26 01:24:22,459 INFO image_rx_daemon: published frame_id=0 246 B → lifetrac/v25/video/tile_delta

2026-07-26 01:24:22,628 INFO image_rx_daemon: published frame_id=0 246 B → lifetrac/v25/video/tile_delta

2026-07-26 01:24:22,789 INFO image_rx_daemon: published frame_id=0 248 B → lifetrac/v25/video/tile_delta

2026-07-26 01:24:22,952 INFO image_rx_daemon: published frame_id=0 244 B → lifetrac/v25/video/tile_delta

2026-07-26 01:24:23,121 INFO image_rx_daemon: published frame_id=0 240 B → lifetrac/v25/video/tile_delta

2026-07-26 01:24:23,207 INFO image_rx_daemon: stats: rx_frames=858 rx_decode_err=0 frames_published=537 publish_err=0 reassembler_decode_err=0 reassembler_timeouts=18

2026-07-26 01:24:23,255 INFO image_rx_daemon: published frame_id=0 242 B → lifetrac/v25/video/tile_delta

2026-07-26 01:24:23,547 INFO image_rx_daemon: published frame_id=0 242 B → lifetrac/v25/video/tile_delta

2026-07-26 01:24:23,696 INFO image_rx_daemon: published frame_id=0 244 B → lifetrac/v25/video/tile_delta

2026-07-26 01:24:23,862 INFO image_rx_daemon: requesting keyframe (reassembly timeout #19)

2026-07-26 01:24:23,864 INFO image_rx_daemon: published frame_id=0 234 B → lifetrac/v25/video/tile_delta

2026-07-26 01:24:23,993 INFO image_rx_daemon: published frame_id=0 252 B → lifetrac/v25/video/tile_delta

2026-07-26 01:24:24,166 INFO image_rx_daemon: published frame_id=0 244 B → lifetrac/v25/video/tile_delta

2026-07-26 01:24:24,328 INFO image_rx_daemon: published frame_id=0 248 B → lifetrac/v25/video/tile_delta

2026-07-26 01:24:24,480 INFO image_rx_daemon: published frame_id=0 246 B → lifetrac/v25/video/tile_delta

2026-07-26 01:24:24,643 INFO image_rx_daemon: published frame_id=0 242 B → lifetrac/v25/video/tile_delta

2026-07-26 01:24:24,785 INFO image_rx_daemon: published frame_id=0 244 B → lifetrac/v25/video/tile_delta

2026-07-26 01:24:24,951 INFO image_rx_daemon: published frame_id=0 240 B → lifetrac/v25/video/tile_delta

2026-07-26 01:24:25,082 INFO image_rx_daemon: published frame_id=0 242 B → lifetrac/v25/video/tile_delta

2026-07-26 01:24:25,224 INFO image_rx_daemon: published frame_id=0 230 B → lifetrac/v25/video/tile_delta

2026-07-26 01:24:25,366 INFO image_rx_daemon: published frame_id=0 242 B → lifetrac/v25/video/tile_delta

2026-07-26 01:24:25,512 INFO image_rx_daemon: published frame_id=0 244 B → lifetrac/v25/video/tile_delta

2026-07-26 01:24:25,664 INFO image_rx_daemon: published frame_id=0 246 B → lifetrac/v25/video/tile_delta

2026-07-26 01:24:25,836 INFO image_rx_daemon: published frame_id=0 246 B → lifetrac/v25/video/tile_delta

2026-07-26 01:24:25,990 INFO image_rx_daemon: published frame_id=0 248 B → lifetrac/v25/video/tile_delta

2026-07-26 01:24:26,152 INFO image_rx_daemon: published frame_id=0 244 B → lifetrac/v25/video/tile_delta

2026-07-26 01:24:26,316 INFO image_rx_daemon: published frame_id=0 240 B → lifetrac/v25/video/tile_delta

2026-07-26 01:24:26,460 INFO image_rx_daemon: published frame_id=0 242 B → lifetrac/v25/video/tile_delta

2026-07-26 01:24:26,598 INFO image_rx_daemon: published frame_id=0 244 B → lifetrac/v25/video/tile_delta

2026-07-26 01:24:26,763 INFO image_rx_daemon: published frame_id=0 242 B → lifetrac/v25/video/tile_delta

2026-07-26 01:24:26,896 INFO image_rx_daemon: published frame_id=0 244 B → lifetrac/v25/video/tile_delta

2026-07-26 01:24:27,048 INFO image_rx_daemon: published frame_id=0 234 B → lifetrac/v25/video/tile_delta

2026-07-26 01:24:27,200 INFO image_rx_daemon: published frame_id=0 252 B → lifetrac/v25/video/tile_delta

2026-07-26 01:24:27,360 INFO image_rx_daemon: published frame_id=0 244 B → lifetrac/v25/video/tile_delta

2026-07-26 01:24:27,521 INFO image_rx_daemon: published frame_id=0 248 B → lifetrac/v25/video/tile_delta

2026-07-26 01:24:27,688 INFO image_rx_daemon: published frame_id=0 246 B → lifetrac/v25/video/tile_delta

2026-07-26 01:24:27,852 INFO image_rx_daemon: published frame_id=0 242 B → lifetrac/v25/video/tile_delta

2026-07-26 01:24:27,977 INFO image_rx_daemon: published frame_id=0 244 B → lifetrac/v25/video/tile_delta

2026-07-26 01:24:28,153 INFO image_rx_daemon: published frame_id=0 240 B → lifetrac/v25/video/tile_delta

2026-07-26 01:24:28,282 INFO image_rx_daemon: published frame_id=0 242 B → lifetrac/v25/video/tile_delta

2026-07-26 01:24:28,428 INFO image_rx_daemon: published frame_id=0 230 B → lifetrac/v25/video/tile_delta

2026-07-26 01:24:28,568 INFO image_rx_daemon: published frame_id=0 242 B → lifetrac/v25/video/tile_delta

RFCO_PERTX during TX wait: profile_id=2 tx_status=0x00(OK) hop_idx=0 channel_idx=0 epoch=0 freq_hz=0 pkt_toa_us=10304 legal_dwell_used_us_10s=0

RFCO_PERTX during TX wait: profile_id=2 tx_status=0x00(OK) hop_idx=0 channel_idx=0 epoch=0 freq_hz=0 pkt_toa_us=10304 legal_dwell_used_us_10s=0

2026-07-26 01:24:28,867 INFO image_rx_daemon: published frame_id=0 246 B → lifetrac/v25/video/tile_delta

2026-07-26 01:24:29,034 INFO image_rx_daemon: published frame_id=0 246 B → lifetrac/v25/video/tile_delta

2026-07-26 01:24:29,200 INFO image_rx_daemon: published frame_id=0 248 B → lifetrac/v25/video/tile_delta

2026-07-26 01:24:29,350 INFO image_rx_daemon: published frame_id=0 244 B → lifetrac/v25/video/tile_delta

2026-07-26 01:24:29,508 INFO image_rx_daemon: published frame_id=0 240 B → lifetrac/v25/video/tile_delta

2026-07-26 01:24:29,663 INFO image_rx_daemon: published frame_id=0 242 B → lifetrac/v25/video/tile_delta

2026-07-26 01:24:29,804 INFO image_rx_daemon: published frame_id=0 244 B → lifetrac/v25/video/tile_delta

2026-07-26 01:24:29,965 INFO image_rx_daemon: published frame_id=0 244 B → lifetrac/v25/video/tile_delta

2026-07-26 01:24:30,124 INFO image_rx_daemon: published frame_id=0 242 B → lifetrac/v25/video/tile_delta

2026-07-26 01:24:30,279 INFO image_rx_daemon: requesting keyframe (reassembly timeout #21)

2026-07-26 01:24:30,432 INFO image_rx_daemon: published frame_id=0 246 B → lifetrac/v25/video/tile_delta

2026-07-26 01:24:30,596 INFO image_rx_daemon: published frame_id=0 246 B → lifetrac/v25/video/tile_delta

2026-07-26 01:24:30,755 INFO image_rx_daemon: published frame_id=0 248 B → lifetrac/v25/video/tile_delta

2026-07-26 01:24:30,921 INFO image_rx_daemon: published frame_id=0 246 B → lifetrac/v25/video/tile_delta

2026-07-26 01:24:31,072 INFO image_rx_daemon: published frame_id=0 240 B → lifetrac/v25/video/tile_delta

2026-07-26 01:24:31,212 INFO image_rx_daemon: published frame_id=0 242 B → lifetrac/v25/video/tile_delta

2026-07-26 01:24:31,352 INFO image_rx_daemon: published frame_id=0 240 B → lifetrac/v25/video/tile_delta

2026-07-26 01:24:31,482 INFO image_rx_daemon: published frame_id=0 242 B → lifetrac/v25/video/tile_delta

2026-07-26 01:24:31,632 INFO image_rx_daemon: published frame_id=0 230 B → lifetrac/v25/video/tile_delta

2026-07-26 01:24:31,772 INFO image_rx_daemon: published frame_id=0 226 B → lifetrac/v25/video/tile_delta

2026-07-26 01:24:31,928 INFO image_rx_daemon: published frame_id=0 244 B → lifetrac/v25/video/tile_delta

2026-07-26 01:24:32,084 INFO image_rx_daemon: published frame_id=0 246 B → lifetrac/v25/video/tile_delta

2026-07-26 01:24:32,237 INFO image_rx_daemon: published frame_id=0 246 B → lifetrac/v25/video/tile_delta

2026-07-26 01:24:32,400 INFO image_rx_daemon: published frame_id=0 248 B → lifetrac/v25/video/tile_delta

2026-07-26 01:24:32,562 INFO image_rx_daemon: published frame_id=0 244 B → lifetrac/v25/video/tile_delta

2026-07-26 01:24:32,724 INFO image_rx_daemon: published frame_id=0 242 B → lifetrac/v25/video/tile_delta

2026-07-26 01:24:32,862 INFO image_rx_daemon: published frame_id=0 242 B → lifetrac/v25/video/tile_delta

2026-07-26 01:24:33,004 INFO image_rx_daemon: published frame_id=0 244 B → lifetrac/v25/video/tile_delta

2026-07-26 01:24:33,164 INFO image_rx_daemon: published frame_id=0 242 B → lifetrac/v25/video/tile_delta

2026-07-26 01:24:33,215 INFO image_rx_daemon: stats: rx_frames=958 rx_decode_err=0 frames_published=600 publish_err=0 reassembler_decode_err=0 reassembler_timeouts=22

2026-07-26 01:24:33,304 INFO image_rx_daemon: published frame_id=0 244 B → lifetrac/v25/video/tile_delta

2026-07-26 01:24:33,459 INFO image_rx_daemon: published frame_id=0 244 B → lifetrac/v25/video/tile_delta

2026-07-26 01:24:33,626 INFO image_rx_daemon: published frame_id=0 246 B → lifetrac/v25/video/tile_delta

2026-07-26 01:24:33,790 INFO image_rx_daemon: published frame_id=0 246 B → lifetrac/v25/video/tile_delta

2026-07-26 01:24:33,952 INFO image_rx_daemon: published frame_id=0 248 B → lifetrac/v25/video/tile_delta

2026-07-26 01:24:34,118 INFO image_rx_daemon: published frame_id=0 246 B → lifetrac/v25/video/tile_delta

2026-07-26 01:24:34,269 INFO image_rx_daemon: published frame_id=0 240 B → lifetrac/v25/video/tile_delta

2026-07-26 01:24:34,423 INFO image_rx_daemon: published frame_id=0 242 B → lifetrac/v25/video/tile_delta

2026-07-26 01:24:34,547 INFO image_rx_daemon: published frame_id=0 240 B → lifetrac/v25/video/tile_delta

2026-07-26 01:24:34,697 INFO image_rx_daemon: published frame_id=0 242 B → lifetrac/v25/video/tile_delta

2026-07-26 01:24:34,836 INFO image_rx_daemon: published frame_id=0 230 B → lifetrac/v25/video/tile_delta

2026-07-26 01:24:34,969 INFO image_rx_daemon: published frame_id=0 226 B → lifetrac/v25/video/tile_delta

2026-07-26 01:24:35,124 INFO image_rx_daemon: published frame_id=0 240 B → lifetrac/v25/video/tile_delta

2026-07-26 01:24:35,258 INFO image_rx_daemon: published frame_id=0 246 B → lifetrac/v25/video/tile_delta

2026-07-26 01:24:35,420 INFO image_rx_daemon: published frame_id=0 246 B → lifetrac/v25/video/tile_delta

2026-07-26 01:24:35,584 INFO image_rx_daemon: published frame_id=0 248 B → lifetrac/v25/video/tile_delta

2026-07-26 01:24:35,744 INFO image_rx_daemon: published frame_id=0 244 B → lifetrac/v25/video/tile_delta

2026-07-26 01:24:35,904 INFO image_rx_daemon: published frame_id=0 240 B → lifetrac/v25/video/tile_delta

2026-07-26 01:24:36,047 INFO image_rx_daemon: published frame_id=0 242 B → lifetrac/v25/video/tile_delta

2026-07-26 01:24:36,188 INFO image_rx_daemon: published frame_id=0 244 B → lifetrac/v25/video/tile_delta

2026-07-26 01:24:36,348 INFO image_rx_daemon: published frame_id=0 242 B → lifetrac/v25/video/tile_delta

2026-07-26 01:24:36,482 INFO image_rx_daemon: published frame_id=0 244 B → lifetrac/v25/video/tile_delta

2026-07-26 01:24:36,644 INFO image_rx_daemon: published frame_id=0 234 B → lifetrac/v25/video/tile_delta

2026-07-26 01:24:36,782 INFO image_rx_daemon: published frame_id=0 252 B → lifetrac/v25/video/tile_delta

2026-07-26 01:24:36,948 INFO image_rx_daemon: published frame_id=0 244 B → lifetrac/v25/video/tile_delta

2026-07-26 01:24:37,112 INFO image_rx_daemon: published frame_id=0 250 B → lifetrac/v25/video/tile_delta

2026-07-26 01:24:37,276 INFO image_rx_daemon: published frame_id=0 246 B → lifetrac/v25/video/tile_delta

2026-07-26 01:24:37,425 INFO image_rx_daemon: published frame_id=0 242 B → lifetrac/v25/video/tile_delta

2026-07-26 01:24:37,572 INFO image_rx_daemon: published frame_id=0 244 B → lifetrac/v25/video/tile_delta

2026-07-26 01:24:37,732 INFO image_rx_daemon: published frame_id=0 240 B → lifetrac/v25/video/tile_delta

2026-07-26 01:24:37,872 INFO image_rx_daemon: published frame_id=0 242 B → lifetrac/v25/video/tile_delta

2026-07-26 01:24:38,020 INFO image_rx_daemon: published frame_id=0 244 B → lifetrac/v25/video/tile_delta

2026-07-26 01:24:38,172 INFO image_rx_daemon: published frame_id=0 226 B → lifetrac/v25/video/tile_delta

2026-07-26 01:24:38,312 INFO image_rx_daemon: published frame_id=0 244 B → lifetrac/v25/video/tile_delta

2026-07-26 01:24:38,476 INFO image_rx_daemon: published frame_id=0 246 B → lifetrac/v25/video/tile_delta

INFO: unrelated frame during TX wait type=0x91

RFCO_PERTX during TX wait: profile_id=2 tx_status=0x00(OK) hop_idx=0 channel_idx=0 epoch=0 freq_hz=0 pkt_toa_us=10304 legal_dwell_used_us_10s=0

RFCO_PERTX during TX wait: profile_id=2 tx_status=0x00(OK) hop_idx=0 channel_idx=0 epoch=0 freq_hz=0 pkt_toa_us=10304 legal_dwell_used_us_10s=0

2026-07-26 01:24:38,960 INFO image_rx_daemon: published frame_id=0 244 B → lifetrac/v25/video/tile_delta

2026-07-26 01:24:39,112 INFO image_rx_daemon: published frame_id=0 240 B → lifetrac/v25/video/tile_delta

2026-07-26 01:24:39,252 INFO image_rx_daemon: published frame_id=0 242 B → lifetrac/v25/video/tile_delta

2026-07-26 01:24:39,392 INFO image_rx_daemon: published frame_id=0 244 B → lifetrac/v25/video/tile_delta

2026-07-26 01:24:39,552 INFO image_rx_daemon: published frame_id=0 242 B → lifetrac/v25/video/tile_delta

2026-07-26 01:24:39,701 INFO image_rx_daemon: published frame_id=0 244 B → lifetrac/v25/video/tile_delta

2026-07-26 01:24:39,864 INFO image_rx_daemon: published frame_id=0 234 B → lifetrac/v25/video/tile_delta

2026-07-26 01:24:40,005 INFO image_rx_daemon: published frame_id=0 252 B → lifetrac/v25/video/tile_delta

2026-07-26 01:24:40,164 INFO image_rx_daemon: requesting keyframe (reassembly timeout #23)

2026-07-26 01:24:40,166 INFO image_rx_daemon: published frame_id=0 244 B → lifetrac/v25/video/tile_delta

2026-07-26 01:24:40,329 INFO image_rx_daemon: published frame_id=0 248 B → lifetrac/v25/video/tile_delta

2026-07-26 01:24:40,492 INFO image_rx_daemon: published frame_id=0 246 B → lifetrac/v25/video/tile_delta

2026-07-26 01:24:40,656 INFO image_rx_daemon: published frame_id=0 242 B → lifetrac/v25/video/tile_delta

2026-07-26 01:24:40,796 INFO image_rx_daemon: published frame_id=0 244 B → lifetrac/v25/video/tile_delta

2026-07-26 01:24:40,944 INFO image_rx_daemon: published frame_id=0 240 B → lifetrac/v25/video/tile_delta

2026-07-26 01:24:41,099 INFO image_rx_daemon: published frame_id=0 242 B → lifetrac/v25/video/tile_delta

2026-07-26 01:24:41,227 INFO image_rx_daemon: published frame_id=0 230 B → lifetrac/v25/video/tile_delta

2026-07-26 01:24:41,365 INFO image_rx_daemon: published frame_id=0 226 B → lifetrac/v25/video/tile_delta

2026-07-26 01:24:41,516 INFO image_rx_daemon: published frame_id=0 244 B → lifetrac/v25/video/tile_delta

2026-07-26 01:24:41,676 INFO image_rx_daemon: published frame_id=0 246 B → lifetrac/v25/video/tile_delta

2026-07-26 01:24:41,840 INFO image_rx_daemon: published frame_id=0 246 B → lifetrac/v25/video/tile_delta

2026-07-26 01:24:42,164 INFO image_rx_daemon: published frame_id=0 244 B → lifetrac/v25/video/tile_delta

2026-07-26 01:24:42,331 INFO image_rx_daemon: published frame_id=0 242 B → lifetrac/v25/video/tile_delta

2026-07-26 01:24:42,463 INFO image_rx_daemon: published frame_id=0 242 B → lifetrac/v25/video/tile_delta

2026-07-26 01:24:42,611 INFO image_rx_daemon: published frame_id=0 244 B → lifetrac/v25/video/tile_delta

2026-07-26 01:24:42,764 INFO image_rx_daemon: published frame_id=0 242 B → lifetrac/v25/video/tile_delta

2026-07-26 01:24:42,911 INFO image_rx_daemon: published frame_id=0 244 B → lifetrac/v25/video/tile_delta

2026-07-26 01:24:43,064 INFO image_rx_daemon: published frame_id=0 234 B → lifetrac/v25/video/tile_delta

2026-07-26 01:24:43,203 INFO image_rx_daemon: published frame_id=0 252 B → lifetrac/v25/video/tile_delta

2026-07-26 01:24:43,224 INFO image_rx_daemon: stats: rx_frames=1059 rx_decode_err=0 frames_published=663 publish_err=0 reassembler_decode_err=0 reassembler_timeouts=24

2026-07-26 01:24:43,364 INFO image_rx_daemon: published frame_id=0 244 B → lifetrac/v25/video/tile_delta

2026-07-26 01:24:43,520 INFO image_rx_daemon: published frame_id=0 248 B → lifetrac/v25/video/tile_delta

2026-07-26 01:24:43,693 INFO image_rx_daemon: published frame_id=0 246 B → lifetrac/v25/video/tile_delta

2026-07-26 01:24:43,859 INFO image_rx_daemon: published frame_id=0 242 B → lifetrac/v25/video/tile_delta

2026-07-26 01:24:43,992 INFO image_rx_daemon: published frame_id=0 244 B → lifetrac/v25/video/tile_delta

2026-07-26 01:24:44,152 INFO image_rx_daemon: published frame_id=0 240 B → lifetrac/v25/video/tile_delta

2026-07-26 01:24:44,291 INFO image_rx_daemon: published frame_id=0 242 B → lifetrac/v25/video/tile_delta

2026-07-26 01:24:44,414 INFO image_rx_daemon: published frame_id=0 230 B → lifetrac/v25/video/tile_delta

2026-07-26 01:24:44,562 INFO image_rx_daemon: published frame_id=0 226 B → lifetrac/v25/video/tile_delta

2026-07-26 01:24:44,716 INFO image_rx_daemon: published frame_id=0 244 B → lifetrac/v25/video/tile_delta

2026-07-26 01:24:44,877 INFO image_rx_daemon: published frame_id=0 246 B → lifetrac/v25/video/tile_delta

2026-07-26 01:24:45,036 INFO image_rx_daemon: published frame_id=0 246 B → lifetrac/v25/video/tile_delta

2026-07-26 01:24:45,193 INFO image_rx_daemon: published frame_id=0 248 B → lifetrac/v25/video/tile_delta

2026-07-26 01:24:45,358 INFO image_rx_daemon: published frame_id=0 244 B → lifetrac/v25/video/tile_delta

2026-07-26 01:24:45,518 INFO image_rx_daemon: published frame_id=0 242 B → lifetrac/v25/video/tile_delta

2026-07-26 01:24:45,665 INFO image_rx_daemon: published frame_id=0 242 B → lifetrac/v25/video/tile_delta

2026-07-26 01:24:45,804 INFO image_rx_daemon: published frame_id=0 244 B → lifetrac/v25/video/tile_delta

2026-07-26 01:24:45,963 INFO image_rx_daemon: published frame_id=0 242 B → lifetrac/v25/video/tile_delta

2026-07-26 01:24:46,104 INFO image_rx_daemon: published frame_id=0 244 B → lifetrac/v25/video/tile_delta

2026-07-26 01:24:46,264 INFO image_rx_daemon: published frame_id=0 234 B → lifetrac/v25/video/tile_delta

2026-07-26 01:24:46,408 INFO image_rx_daemon: published frame_id=0 252 B → lifetrac/v25/video/tile_delta

2026-07-26 01:24:46,570 INFO image_rx_daemon: published frame_id=0 246 B → lifetrac/v25/video/tile_delta

2026-07-26 01:24:46,732 INFO image_rx_daemon: published frame_id=0 248 B → lifetrac/v25/video/tile_delta

2026-07-26 01:24:46,884 INFO image_rx_daemon: published frame_id=0 246 B → lifetrac/v25/video/tile_delta

2026-07-26 01:24:47,046 INFO image_rx_daemon: published frame_id=0 242 B → lifetrac/v25/video/tile_delta

2026-07-26 01:24:47,198 INFO image_rx_daemon: published frame_id=0 244 B → lifetrac/v25/video/tile_delta

2026-07-26 01:24:47,349 INFO image_rx_daemon: published frame_id=0 240 B → lifetrac/v25/video/tile_delta

2026-07-26 01:24:47,497 INFO image_rx_daemon: published frame_id=0 242 B → lifetrac/v25/video/tile_delta

2026-07-26 01:24:47,647 INFO image_rx_daemon: published frame_id=0 230 B → lifetrac/v25/video/tile_delta

2026-07-26 01:24:47,791 INFO image_rx_daemon: published frame_id=0 226 B → lifetrac/v25/video/tile_delta

2026-07-26 01:24:47,932 INFO image_rx_daemon: published frame_id=0 240 B → lifetrac/v25/video/tile_delta

2026-07-26 01:24:48,072 INFO image_rx_daemon: published frame_id=0 246 B → lifetrac/v25/video/tile_delta

2026-07-26 01:24:48,237 INFO image_rx_daemon: published frame_id=0 246 B → lifetrac/v25/video/tile_delta

2026-07-26 01:24:48,400 INFO image_rx_daemon: published frame_id=0 248 B → lifetrac/v25/video/tile_delta

2026-07-26 01:24:48,560 INFO image_rx_daemon: published frame_id=0 244 B → lifetrac/v25/video/tile_delta

2026-07-26 01:24:48,720 INFO image_rx_daemon: published frame_id=0 242 B → lifetrac/v25/video/tile_delta

RFCO_PERTX during TX wait: profile_id=2 tx_status=0x00(OK) hop_idx=0 channel_idx=0 epoch=0 freq_hz=0 pkt_toa_us=10304 legal_dwell_used_us_10s=0

RFCO_PERTX during TX wait: profile_id=2 tx_status=0x00(OK) hop_idx=0 channel_idx=0 epoch=0 freq_hz=0 pkt_toa_us=10304 legal_dwell_used_us_10s=0

2026-07-26 01:24:49,003 INFO image_rx_daemon: published frame_id=0 244 B → lifetrac/v25/video/tile_delta

2026-07-26 01:24:49,164 INFO image_rx_daemon: published frame_id=0 242 B → lifetrac/v25/video/tile_delta

2026-07-26 01:24:49,304 INFO image_rx_daemon: published frame_id=0 244 B → lifetrac/v25/video/tile_delta

2026-07-26 01:24:49,459 INFO image_rx_daemon: published frame_id=0 234 B → lifetrac/v25/video/tile_delta

2026-07-26 01:24:49,601 INFO image_rx_daemon: published frame_id=0 252 B → lifetrac/v25/video/tile_delta

2026-07-26 01:24:49,768 INFO image_rx_daemon: published frame_id=0 244 B → lifetrac/v25/video/tile_delta

2026-07-26 01:24:49,929 INFO image_rx_daemon: published frame_id=0 248 B → lifetrac/v25/video/tile_delta

2026-07-26 01:24:50,091 INFO image_rx_daemon: published frame_id=0 246 B → lifetrac/v25/video/tile_delta

2026-07-26 01:24:50,252 INFO image_rx_daemon: published frame_id=0 242 B → lifetrac/v25/video/tile_delta

2026-07-26 01:24:50,382 INFO image_rx_daemon: published frame_id=0 244 B → lifetrac/v25/video/tile_delta

2026-07-26 01:24:50,552 INFO image_rx_daemon: published frame_id=0 240 B → lifetrac/v25/video/tile_delta

2026-07-26 01:24:50,692 INFO image_rx_daemon: published frame_id=0 242 B → lifetrac/v25/video/tile_delta

2026-07-26 01:24:50,832 INFO image_rx_daemon: published frame_id=0 230 B → lifetrac/v25/video/tile_delta

2026-07-26 01:24:50,959 INFO image_rx_daemon: published frame_id=0 226 B → lifetrac/v25/video/tile_delta

