=== cycle 1/20 2026-05-23T12:58:03.4349795-05:00 ===
bashRUN_OUTDIR=/tmp/lifetrac_p0c/stage1_standard_runs/T6_stage1_standard_2026-05-23_175228
RUN_ID=T6_stage1_standard_2026-05-23_175228
BOARD_SERIAL=2E2C1209DABC240B
IMAGE_NAME=firmware.bin
OPENOCD_CFG=/tmp/lifetrac_p0c/07_assert_pa11_pf4_long.cfg
SYNC_OK=1
GETID_OK=1
ERASE_OK=1
WRITE_OK=1
VERIFY_OK=1
BOOT_OK=1
FINAL_RESULT=PASS
ELAPSED_S=26
OUTDIR=/tmp/lifetrac_p0c/stage1_standard_runs/T6_stage1_standard_2026-05-23_175228
__STD_RC__=0

=== cycle 2/20 2026-05-23T12:58:29.6303648-05:00 ===
bashRUN_OUTDIR=/tmp/lifetrac_p0c/stage1_standard_runs/T6_stage1_standard_2026-05-23_175254
RUN_ID=T6_stage1_standard_2026-05-23_175254
BOARD_SERIAL=2E2C1209DABC240B
IMAGE_NAME=firmware.bin
OPENOCD_CFG=/tmp/lifetrac_p0c/07_assert_pa11_pf4_long.cfg
SYNC_OK=1
GETID_OK=1
ERASE_OK=1
WRITE_OK=1
VERIFY_OK=1
BOOT_OK=1
FINAL_RESULT=PASS
ELAPSED_S=26
OUTDIR=/tmp/lifetrac_p0c/stage1_standard_runs/T6_stage1_standard_2026-05-23_175254
__STD_RC__=0

=== cycle 3/20 2026-05-23T12:58:55.7420524-05:00 ===
bashRUN_OUTDIR=/tmp/lifetrac_p0c/stage1_standard_runs/T6_stage1_standard_2026-05-23_175320
RUN_ID=T6_stage1_standard_2026-05-23_175320
BOARD_SERIAL=2E2C1209DABC240B
IMAGE_NAME=firmware.bin
OPENOCD_CFG=/tmp/lifetrac_p0c/07_assert_pa11_pf4_long.cfg
SYNC_OK=1
GETID_OK=1
ERASE_OK=1
WRITE_OK=1
VERIFY_OK=1
BOOT_OK=1
FINAL_RESULT=PASS
ELAPSED_S=26
OUTDIR=/tmp/lifetrac_p0c/stage1_standard_runs/T6_stage1_standard_2026-05-23_175320
__STD_RC__=0

=== cycle 4/20 2026-05-23T12:59:21.8617155-05:00 ===
bashRUN_OUTDIR=/tmp/lifetrac_p0c/stage1_standard_runs/T6_stage1_standard_2026-05-23_175346
RUN_ID=T6_stage1_standard_2026-05-23_175346
BOARD_SERIAL=2E2C1209DABC240B
IMAGE_NAME=firmware.bin
OPENOCD_CFG=/tmp/lifetrac_p0c/07_assert_pa11_pf4_long.cfg
SYNC_OK=1
GETID_OK=1
ERASE_OK=1
WRITE_OK=1
VERIFY_OK=1
BOOT_OK=1
FINAL_RESULT=PASS
ELAPSED_S=26
OUTDIR=/tmp/lifetrac_p0c/stage1_standard_runs/T6_stage1_standard_2026-05-23_175346
__STD_RC__=0

=== cycle 5/20 2026-05-23T12:59:47.9892166-05:00 ===
bashRUN_OUTDIR=/tmp/lifetrac_p0c/stage1_standard_runs/T6_stage1_standard_2026-05-23_175412
RUN_ID=T6_stage1_standard_2026-05-23_175412
BOARD_SERIAL=2E2C1209DABC240B
IMAGE_NAME=firmware.bin
OPENOCD_CFG=/tmp/lifetrac_p0c/07_assert_pa11_pf4_long.cfg
SYNC_OK=1
GETID_OK=1
ERASE_OK=1
WRITE_OK=1
VERIFY_OK=1
BOOT_OK=1
FINAL_RESULT=PASS
ELAPSED_S=29
OUTDIR=/tmp/lifetrac_p0c/stage1_standard_runs/T6_stage1_standard_2026-05-23_175412
__STD_RC__=0

=== cycle 6/20 2026-05-23T13:00:16.5440165-05:00 ===
bashRUN_OUTDIR=/tmp/lifetrac_p0c/stage1_standard_runs/T6_stage1_standard_2026-05-23_175441
RUN_ID=T6_stage1_standard_2026-05-23_175441
BOARD_SERIAL=2E2C1209DABC240B
IMAGE_NAME=firmware.bin
OPENOCD_CFG=/tmp/lifetrac_p0c/07_assert_pa11_pf4_long.cfg
SYNC_OK=1
GETID_OK=1
ERASE_OK=1
WRITE_OK=1
VERIFY_OK=1
BOOT_OK=1
FINAL_RESULT=PASS
ELAPSED_S=26
OUTDIR=/tmp/lifetrac_p0c/stage1_standard_runs/T6_stage1_standard_2026-05-23_175441
__STD_RC__=0

=== cycle 7/20 2026-05-23T13:00:42.6520014-05:00 ===
bashRUN_OUTDIR=/tmp/lifetrac_p0c/stage1_standard_runs/T6_stage1_standard_2026-05-23_175507
RUN_ID=T6_stage1_standard_2026-05-23_175507
BOARD_SERIAL=2E2C1209DABC240B
IMAGE_NAME=firmware.bin
OPENOCD_CFG=/tmp/lifetrac_p0c/07_assert_pa11_pf4_long.cfg
SYNC_OK=1
GETID_OK=1
ERASE_OK=1
WRITE_OK=1
VERIFY_OK=1
BOOT_OK=1
FINAL_RESULT=PASS
ELAPSED_S=26
OUTDIR=/tmp/lifetrac_p0c/stage1_standard_runs/T6_stage1_standard_2026-05-23_175507
__STD_RC__=0

=== cycle 8/20 2026-05-23T13:01:08.7444144-05:00 ===
bashRUN_OUTDIR=/tmp/lifetrac_p0c/stage1_standard_runs/T6_stage1_standard_2026-05-23_175533
RUN_ID=T6_stage1_standard_2026-05-23_175533
BOARD_SERIAL=2E2C1209DABC240B
IMAGE_NAME=firmware.bin
OPENOCD_CFG=/tmp/lifetrac_p0c/07_assert_pa11_pf4_long.cfg
SYNC_OK=1
GETID_OK=1
ERASE_OK=1
WRITE_OK=1
VERIFY_OK=1
BOOT_OK=1
FINAL_RESULT=PASS
ELAPSED_S=26
OUTDIR=/tmp/lifetrac_p0c/stage1_standard_runs/T6_stage1_standard_2026-05-23_175533
__STD_RC__=0

=== cycle 9/20 2026-05-23T13:01:34.8251533-05:00 ===
bashRUN_OUTDIR=/tmp/lifetrac_p0c/stage1_standard_runs/T6_stage1_standard_2026-05-23_175559
RUN_ID=T6_stage1_standard_2026-05-23_175559
BOARD_SERIAL=2E2C1209DABC240B
IMAGE_NAME=firmware.bin
OPENOCD_CFG=/tmp/lifetrac_p0c/07_assert_pa11_pf4_long.cfg
SYNC_OK=1
GETID_OK=1
ERASE_OK=1
WRITE_OK=1
VERIFY_OK=1
BOOT_OK=1
FINAL_RESULT=PASS
ELAPSED_S=26
OUTDIR=/tmp/lifetrac_p0c/stage1_standard_runs/T6_stage1_standard_2026-05-23_175559
__STD_RC__=0

=== cycle 10/20 2026-05-23T13:02:00.9415562-05:00 ===
bashRUN_OUTDIR=/tmp/lifetrac_p0c/stage1_standard_runs/T6_stage1_standard_2026-05-23_175625
RUN_ID=T6_stage1_standard_2026-05-23_175625
BOARD_SERIAL=2E2C1209DABC240B
IMAGE_NAME=firmware.bin
OPENOCD_CFG=/tmp/lifetrac_p0c/07_assert_pa11_pf4_long.cfg
SYNC_OK=1
GETID_OK=1
ERASE_OK=1
WRITE_OK=1
VERIFY_OK=1
BOOT_OK=1
FINAL_RESULT=PASS
ELAPSED_S=26
OUTDIR=/tmp/lifetrac_p0c/stage1_standard_runs/T6_stage1_standard_2026-05-23_175625
__STD_RC__=0

=== cycle 11/20 2026-05-23T13:02:27.0442890-05:00 ===
bashRUN_OUTDIR=/tmp/lifetrac_p0c/stage1_standard_runs/T6_stage1_standard_2026-05-23_175651
RUN_ID=T6_stage1_standard_2026-05-23_175651
BOARD_SERIAL=2E2C1209DABC240B
IMAGE_NAME=firmware.bin
OPENOCD_CFG=/tmp/lifetrac_p0c/07_assert_pa11_pf4_long.cfg
SYNC_OK=1
GETID_OK=1
ERASE_OK=1
WRITE_OK=1
VERIFY_OK=1
BOOT_OK=1
FINAL_RESULT=PASS
ELAPSED_S=26
OUTDIR=/tmp/lifetrac_p0c/stage1_standard_runs/T6_stage1_standard_2026-05-23_175651
__STD_RC__=0

=== cycle 12/20 2026-05-23T13:02:53.1564205-05:00 ===
bashRUN_OUTDIR=/tmp/lifetrac_p0c/stage1_standard_runs/T6_stage1_standard_2026-05-23_175717
RUN_ID=T6_stage1_standard_2026-05-23_175717
BOARD_SERIAL=2E2C1209DABC240B
IMAGE_NAME=firmware.bin
OPENOCD_CFG=/tmp/lifetrac_p0c/07_assert_pa11_pf4_long.cfg
SYNC_OK=1
GETID_OK=1
ERASE_OK=1
WRITE_OK=1
VERIFY_OK=1
BOOT_OK=1
FINAL_RESULT=PASS
ELAPSED_S=26
OUTDIR=/tmp/lifetrac_p0c/stage1_standard_runs/T6_stage1_standard_2026-05-23_175717
__STD_RC__=0

=== cycle 13/20 2026-05-23T13:03:19.2328688-05:00 ===
bashRUN_OUTDIR=/tmp/lifetrac_p0c/stage1_standard_runs/T6_stage1_standard_2026-05-23_175744
RUN_ID=T6_stage1_standard_2026-05-23_175744
BOARD_SERIAL=2E2C1209DABC240B
IMAGE_NAME=firmware.bin
OPENOCD_CFG=/tmp/lifetrac_p0c/07_assert_pa11_pf4_long.cfg
SYNC_OK=1
GETID_OK=1
ERASE_OK=1
WRITE_OK=1
VERIFY_OK=1
BOOT_OK=1
FINAL_RESULT=PASS
ELAPSED_S=25
OUTDIR=/tmp/lifetrac_p0c/stage1_standard_runs/T6_stage1_standard_2026-05-23_175744
__STD_RC__=0

=== cycle 14/20 2026-05-23T13:03:45.3079781-05:00 ===
bashRUN_OUTDIR=/tmp/lifetrac_p0c/stage1_standard_runs/T6_stage1_standard_2026-05-23_175810
RUN_ID=T6_stage1_standard_2026-05-23_175810
BOARD_SERIAL=2E2C1209DABC240B
IMAGE_NAME=firmware.bin
OPENOCD_CFG=/tmp/lifetrac_p0c/07_assert_pa11_pf4_long.cfg
SYNC_OK=1
GETID_OK=1
ERASE_OK=1
WRITE_OK=1
VERIFY_OK=1
BOOT_OK=1
FINAL_RESULT=PASS
ELAPSED_S=28
OUTDIR=/tmp/lifetrac_p0c/stage1_standard_runs/T6_stage1_standard_2026-05-23_175810
__STD_RC__=0

=== cycle 15/20 2026-05-23T13:04:13.8206093-05:00 ===
bashRUN_OUTDIR=/tmp/lifetrac_p0c/stage1_standard_runs/T6_stage1_standard_2026-05-23_175838
RUN_ID=T6_stage1_standard_2026-05-23_175838
BOARD_SERIAL=2E2C1209DABC240B
IMAGE_NAME=firmware.bin
OPENOCD_CFG=/tmp/lifetrac_p0c/07_assert_pa11_pf4_long.cfg
SYNC_OK=1
GETID_OK=1
ERASE_OK=1
WRITE_OK=1
VERIFY_OK=1
BOOT_OK=1
FINAL_RESULT=PASS
ELAPSED_S=26
OUTDIR=/tmp/lifetrac_p0c/stage1_standard_runs/T6_stage1_standard_2026-05-23_175838
__STD_RC__=0

=== cycle 16/20 2026-05-23T13:04:39.8960837-05:00 ===
bashRUN_OUTDIR=/tmp/lifetrac_p0c/stage1_standard_runs/T6_stage1_standard_2026-05-23_175904
RUN_ID=T6_stage1_standard_2026-05-23_175904
BOARD_SERIAL=2E2C1209DABC240B
IMAGE_NAME=firmware.bin
OPENOCD_CFG=/tmp/lifetrac_p0c/07_assert_pa11_pf4_long.cfg
SYNC_OK=1
GETID_OK=1
ERASE_OK=1
WRITE_OK=1
VERIFY_OK=1
BOOT_OK=1
FINAL_RESULT=PASS
ELAPSED_S=26
OUTDIR=/tmp/lifetrac_p0c/stage1_standard_runs/T6_stage1_standard_2026-05-23_175904
__STD_RC__=0

=== cycle 17/20 2026-05-23T13:05:05.9701221-05:00 ===
bashRUN_OUTDIR=/tmp/lifetrac_p0c/stage1_standard_runs/T6_stage1_standard_2026-05-23_175930
RUN_ID=T6_stage1_standard_2026-05-23_175930
BOARD_SERIAL=2E2C1209DABC240B
IMAGE_NAME=firmware.bin
OPENOCD_CFG=/tmp/lifetrac_p0c/07_assert_pa11_pf4_long.cfg
SYNC_OK=1
GETID_OK=1
ERASE_OK=1
WRITE_OK=1
VERIFY_OK=1
BOOT_OK=1
FINAL_RESULT=PASS
ELAPSED_S=26
OUTDIR=/tmp/lifetrac_p0c/stage1_standard_runs/T6_stage1_standard_2026-05-23_175930
__STD_RC__=0

=== cycle 18/20 2026-05-23T13:05:32.0527003-05:00 ===
bashRUN_OUTDIR=/tmp/lifetrac_p0c/stage1_standard_runs/T6_stage1_standard_2026-05-23_175956
RUN_ID=T6_stage1_standard_2026-05-23_175956
BOARD_SERIAL=2E2C1209DABC240B
IMAGE_NAME=firmware.bin
OPENOCD_CFG=/tmp/lifetrac_p0c/07_assert_pa11_pf4_long.cfg
SYNC_OK=1
GETID_OK=1
ERASE_OK=1
WRITE_OK=1
VERIFY_OK=1
BOOT_OK=1
FINAL_RESULT=PASS
ELAPSED_S=26
OUTDIR=/tmp/lifetrac_p0c/stage1_standard_runs/T6_stage1_standard_2026-05-23_175956
__STD_RC__=0

=== cycle 19/20 2026-05-23T13:05:58.1291218-05:00 ===
bashRUN_OUTDIR=/tmp/lifetrac_p0c/stage1_standard_runs/T6_stage1_standard_2026-05-23_180022
RUN_ID=T6_stage1_standard_2026-05-23_180022
BOARD_SERIAL=2E2C1209DABC240B
IMAGE_NAME=firmware.bin
OPENOCD_CFG=/tmp/lifetrac_p0c/07_assert_pa11_pf4_long.cfg
SYNC_OK=1
GETID_OK=1
ERASE_OK=1
WRITE_OK=1
VERIFY_OK=1
BOOT_OK=1
FINAL_RESULT=PASS
ELAPSED_S=26
OUTDIR=/tmp/lifetrac_p0c/stage1_standard_runs/T6_stage1_standard_2026-05-23_180022
__STD_RC__=0

=== cycle 20/20 2026-05-23T13:06:24.2272501-05:00 ===
bashRUN_OUTDIR=/tmp/lifetrac_p0c/stage1_standard_runs/T6_stage1_standard_2026-05-23_180049
RUN_ID=T6_stage1_standard_2026-05-23_180049
BOARD_SERIAL=2E2C1209DABC240B
IMAGE_NAME=firmware.bin
OPENOCD_CFG=/tmp/lifetrac_p0c/07_assert_pa11_pf4_long.cfg
SYNC_OK=1
GETID_OK=1
ERASE_OK=1
WRITE_OK=1
VERIFY_OK=1
BOOT_OK=1
FINAL_RESULT=PASS
ELAPSED_S=25
OUTDIR=/tmp/lifetrac_p0c/stage1_standard_runs/T6_stage1_standard_2026-05-23_180049
__STD_RC__=0

