2026-09-27 16:26:29,654 INFO image_rx_daemon: opening L072 HostLink on /dev/ttymxc3 @ 921600

2026-09-27 16:26:29,658 INFO image_rx_daemon: image_rx_daemon started; mqtt=127.0.0.1:1883 uart=/dev/ttymxc3

2026-09-27 16:26:29,660 INFO image_rx_daemon: ctrl MQTT connected (192.168.1.79)

2026-09-27 16:26:29,669 INFO image_rx_daemon: MQTT connected; ready to publish lifetrac/v25/video/tile_delta

2026-09-27 16:26:29,671 INFO image_rx_daemon: LIFETRAC_SKIP_RESET_REQ=1 — relying on external NRST; draining boot chatter only

2026-09-27 16:26:30,105 INFO image_rx_daemon: L072 VER warm-up ok (attempt 1)

Initializing regulatory profile 1 on co-processor...

  FHSS mask: WIDE (50 channels) [LIFETRAC_FHSS_WIDE_MASK=1]

CFG_SET_REQ(FHSS_CHANNEL_MASK) OK: 07000800

CFG_SET_REQ(ANTENNA_GAIN_DBI) OK: 15000100

CFG_SET_REQ(HW_CEILING_DBM) OK: 16000100

  FHSS seed: (0,0) legacy shared permutation [set LIFETRAC_FHSS_FARM_ID / LIFETRAC_FHSS_LINK_ID to separate pairs]

CFG_SET_REQ(FHSS_FARM_ID) OK: 17000800

CFG_SET_REQ(FHSS_NODE_ID) OK: 18000800

CFG_SET_REQ(REG_PROFILE=1) OK: 14000100

2026-09-27 16:26:30,467 INFO image_rx_daemon: LBT_ENABLE=0 (command uplink shares the image channel)

PHY contract OK: image_bw250 == {'sf': 7, 'bw_khz': 250, 'cr_den': 5, 'preamble': 8}

2026-09-27 16:26:30,527 INFO image_rx_daemon: SX1276 already in RXCONT (opmode=0x85)

2026-09-27 16:26:30,528 INFO image_rx_daemon: RX worker ready; draining RX_FRAME_URC...

2026-09-27 16:26:30,656 INFO image_rx_daemon: stats: rx_frames=0 rx_decode_err=0 frames_published=0 publish_err=0 reassembler_decode_err=0 reassembler_timeouts=0 parity_recon=0 idle_drain_deferred=0 cmd_cooldown_drops=0 cmd_gate_held=0 cmd_copies_deferred=0 cmd_gate_deferred=0

2026-09-27 16:26:40,661 INFO image_rx_daemon: stats: rx_frames=0 rx_decode_err=0 frames_published=0 publish_err=0 reassembler_decode_err=0 reassembler_timeouts=0 parity_recon=0 idle_drain_deferred=0 cmd_cooldown_drops=0 cmd_gate_held=0 cmd_copies_deferred=0 cmd_gate_deferred=0

2026-09-27 16:26:50,665 INFO image_rx_daemon: stats: rx_frames=0 rx_decode_err=0 frames_published=0 publish_err=0 reassembler_decode_err=0 reassembler_timeouts=0 parity_recon=0 idle_drain_deferred=0 cmd_cooldown_drops=0 cmd_gate_held=0 cmd_copies_deferred=0 cmd_gate_deferred=0

2026-09-27 16:27:00,671 INFO image_rx_daemon: stats: rx_frames=0 rx_decode_err=0 frames_published=0 publish_err=0 reassembler_decode_err=0 reassembler_timeouts=0 parity_recon=0 idle_drain_deferred=0 cmd_cooldown_drops=0 cmd_gate_held=0 cmd_copies_deferred=0 cmd_gate_deferred=0

2026-09-27 16:27:10,676 INFO image_rx_daemon: stats: rx_frames=0 rx_decode_err=0 frames_published=0 publish_err=0 reassembler_decode_err=0 reassembler_timeouts=0 parity_recon=0 idle_drain_deferred=0 cmd_cooldown_drops=0 cmd_gate_held=0 cmd_copies_deferred=0 cmd_gate_deferred=0

2026-09-27 16:27:20,679 INFO image_rx_daemon: stats: rx_frames=0 rx_decode_err=0 frames_published=0 publish_err=0 reassembler_decode_err=0 reassembler_timeouts=0 parity_recon=0 idle_drain_deferred=0 cmd_cooldown_drops=0 cmd_gate_held=0 cmd_copies_deferred=0 cmd_gate_deferred=0

2026-09-27 16:27:30,683 INFO image_rx_daemon: stats: rx_frames=0 rx_decode_err=0 frames_published=0 publish_err=0 reassembler_decode_err=0 reassembler_timeouts=0 parity_recon=0 idle_drain_deferred=0 cmd_cooldown_drops=0 cmd_gate_held=0 cmd_copies_deferred=0 cmd_gate_deferred=0

2026-09-27 16:27:35,408 INFO image_rx_daemon: frag_arrival: seq=58 idx=0 total=1 fw_us=260493531 len=207

2026-09-27 16:27:35,410 INFO image_rx_daemon: published frame_id=0 seq=58 203 B → lifetrac/v25/video/tile_delta

2026-09-27 16:27:36,409 INFO image_rx_daemon: frag_arrival: seq=59 idx=0 total=1 fw_us=261490534 len=207

2026-09-27 16:27:36,410 INFO image_rx_daemon: published frame_id=0 seq=59 203 B → lifetrac/v25/video/tile_delta

2026-09-27 16:27:37,401 INFO image_rx_daemon: frag_arrival: seq=60 idx=0 total=1 fw_us=262487517 len=206

2026-09-27 16:27:37,402 INFO image_rx_daemon: published frame_id=0 seq=60 202 B → lifetrac/v25/video/tile_delta

2026-09-27 16:27:38,601 INFO image_rx_daemon: frag_arrival: seq=61 idx=0 total=1 fw_us=263683993 len=204

2026-09-27 16:27:38,602 INFO image_rx_daemon: published frame_id=0 seq=61 200 B → lifetrac/v25/video/tile_delta

2026-09-27 16:27:39,408 INFO image_rx_daemon: frag_arrival: seq=62 idx=0 total=1 fw_us=264481743 len=204

2026-09-27 16:27:39,409 INFO image_rx_daemon: published frame_id=0 seq=62 200 B → lifetrac/v25/video/tile_delta

2026-09-27 16:27:40,400 INFO image_rx_daemon: frag_arrival: seq=63 idx=0 total=1 fw_us=265479105 len=206

2026-09-27 16:27:40,402 INFO image_rx_daemon: published frame_id=0 seq=63 202 B → lifetrac/v25/video/tile_delta

2026-09-27 16:27:40,687 INFO image_rx_daemon: stats: rx_frames=6 rx_decode_err=0 frames_published=6 publish_err=0 reassembler_decode_err=0 reassembler_timeouts=0 parity_recon=0 idle_drain_deferred=17 cmd_cooldown_drops=0 cmd_gate_held=0 cmd_copies_deferred=0 cmd_gate_deferred=0

2026-09-27 16:27:40,688 INFO image_rx_daemon: air_gap: n=5 dt_med=997003us dt_p95=1196476us len_med=206B cmd_tx_ok=0 cmd_tx_fail=0

2026-09-27 16:27:40,690 INFO image_rx_daemon: air_gap_hist(ms): <1000:4 >=1000:1

2026-09-27 16:27:40,691 INFO image_rx_daemon: air_gap_by_class: boundary: n=5 med=997.0ms

2026-09-27 16:27:40,693 INFO image_rx_daemon: rx_rf: n_rssi=6 n_snr=6 rssi[min/med/max]=-65/-62/-61 snr[min/med/max]=10.0/10.0/10.0

2026-09-27 16:27:40,694 INFO image_rx_daemon: phase_telemetry: valid=6 invalid=0 pre_f8=0 last_epoch=6 last_hop=25 slot_off=[14..14]

2026-09-27 16:27:41,392 INFO image_rx_daemon: frag_arrival: seq=64 idx=0 total=1 fw_us=266476294 len=206

2026-09-27 16:27:41,393 INFO image_rx_daemon: published frame_id=0 seq=64 202 B → lifetrac/v25/video/tile_delta

2026-09-27 16:27:42,393 INFO image_rx_daemon: frag_arrival: seq=65 idx=0 total=1 fw_us=267473733 len=207

2026-09-27 16:27:42,395 INFO image_rx_daemon: published frame_id=0 seq=65 203 B → lifetrac/v25/video/tile_delta

2026-09-27 16:27:43,389 INFO image_rx_daemon: frag_arrival: seq=66 idx=0 total=1 fw_us=268471282 len=206

2026-09-27 16:27:43,389 INFO image_rx_daemon: published frame_id=0 seq=66 202 B → lifetrac/v25/video/tile_delta

2026-09-27 16:27:44,388 INFO image_rx_daemon: frag_arrival: seq=67 idx=0 total=1 fw_us=269466259 len=203

2026-09-27 16:27:44,389 INFO image_rx_daemon: published frame_id=0 seq=67 199 B → lifetrac/v25/video/tile_delta

2026-09-27 16:27:45,392 INFO image_rx_daemon: frag_arrival: seq=68 idx=0 total=1 fw_us=270466141 len=205

2026-09-27 16:27:45,393 INFO image_rx_daemon: published frame_id=0 seq=68 201 B → lifetrac/v25/video/tile_delta

2026-09-27 16:27:46,396 INFO image_rx_daemon: frag_arrival: seq=69 idx=0 total=1 fw_us=271463842 len=204

2026-09-27 16:27:46,397 INFO image_rx_daemon: published frame_id=0 seq=69 200 B → lifetrac/v25/video/tile_delta

2026-09-27 16:27:47,384 INFO image_rx_daemon: frag_arrival: seq=70 idx=0 total=1 fw_us=272461993 len=207

2026-09-27 16:27:47,394 INFO image_rx_daemon: published frame_id=0 seq=70 203 B → lifetrac/v25/video/tile_delta

2026-09-27 16:27:48,388 INFO image_rx_daemon: frag_arrival: seq=71 idx=0 total=1 fw_us=273457233 len=203

2026-09-27 16:27:48,389 INFO image_rx_daemon: published frame_id=0 seq=71 199 B → lifetrac/v25/video/tile_delta

2026-09-27 16:27:49,390 INFO image_rx_daemon: frag_arrival: seq=72 idx=0 total=1 fw_us=274457560 len=207

2026-09-27 16:27:49,391 INFO image_rx_daemon: published frame_id=0 seq=72 203 B → lifetrac/v25/video/tile_delta

2026-09-27 16:27:50,375 INFO image_rx_daemon: frag_arrival: seq=73 idx=0 total=1 fw_us=275454858 len=206

2026-09-27 16:27:50,378 INFO image_rx_daemon: published frame_id=0 seq=73 202 B → lifetrac/v25/video/tile_delta

2026-09-27 16:27:50,698 INFO image_rx_daemon: stats: rx_frames=16 rx_decode_err=0 frames_published=16 publish_err=0 reassembler_decode_err=0 reassembler_timeouts=0 parity_recon=0 idle_drain_deferred=47 cmd_cooldown_drops=0 cmd_gate_held=0 cmd_copies_deferred=0 cmd_gate_deferred=0

2026-09-27 16:27:50,699 INFO image_rx_daemon: air_gap: n=10 dt_med=997549us dt_p95=1000327us len_med=206B cmd_tx_ok=0 cmd_tx_fail=0

2026-09-27 16:27:50,700 INFO image_rx_daemon: air_gap_hist(ms): <1000:9 >=1000:1

2026-09-27 16:27:50,701 INFO image_rx_daemon: air_gap_by_class: boundary: n=10 med=997.5ms

2026-09-27 16:27:50,702 INFO image_rx_daemon: rx_rf: n_rssi=10 n_snr=10 rssi[min/med/max]=-64/-62/-60 snr[min/med/max]=9.0/10.0/10.0

2026-09-27 16:27:50,703 INFO image_rx_daemon: phase_telemetry: valid=10 invalid=0 pre_f8=0 last_epoch=7 last_hop=25 slot_off=[14..14]

2026-09-27 16:27:51,386 INFO image_rx_daemon: frag_arrival: seq=74 idx=0 total=1 fw_us=276452500 len=206

2026-09-27 16:27:51,387 INFO image_rx_daemon: published frame_id=0 seq=74 202 B → lifetrac/v25/video/tile_delta

2026-09-27 16:27:52,376 INFO image_rx_daemon: frag_arrival: seq=75 idx=0 total=1 fw_us=277447499 len=203

2026-09-27 16:27:52,377 INFO image_rx_daemon: published frame_id=0 seq=75 199 B → lifetrac/v25/video/tile_delta

2026-09-27 16:27:53,583 INFO image_rx_daemon: frag_arrival: seq=76 idx=0 total=1 fw_us=278647395 len=206

2026-09-27 16:27:53,584 INFO image_rx_daemon: published frame_id=0 seq=76 202 B → lifetrac/v25/video/tile_delta

2026-09-27 16:27:54,584 INFO image_rx_daemon: frag_arrival: seq=77 idx=0 total=1 fw_us=279645138 len=206

2026-09-27 16:27:54,585 INFO image_rx_daemon: published frame_id=0 seq=77 202 B → lifetrac/v25/video/tile_delta

2026-09-27 16:27:55,581 INFO image_rx_daemon: frag_arrival: seq=78 idx=0 total=1 fw_us=280642815 len=207

2026-09-27 16:27:55,582 INFO image_rx_daemon: published frame_id=0 seq=78 203 B → lifetrac/v25/video/tile_delta

2026-09-27 16:27:56,580 INFO image_rx_daemon: frag_arrival: seq=79 idx=0 total=1 fw_us=281640378 len=206

2026-09-27 16:27:56,581 INFO image_rx_daemon: published frame_id=0 seq=79 202 B → lifetrac/v25/video/tile_delta

2026-09-27 16:27:57,581 INFO image_rx_daemon: frag_arrival: seq=80 idx=0 total=1 fw_us=282635116 len=201

2026-09-27 16:27:57,583 INFO image_rx_daemon: published frame_id=0 seq=80 197 B → lifetrac/v25/video/tile_delta

2026-09-27 16:27:58,578 INFO image_rx_daemon: frag_arrival: seq=81 idx=0 total=1 fw_us=283634722 len=207

2026-09-27 16:27:58,579 INFO image_rx_daemon: published frame_id=0 seq=81 203 B → lifetrac/v25/video/tile_delta

2026-09-27 16:27:59,572 INFO image_rx_daemon: frag_arrival: seq=82 idx=0 total=1 fw_us=284631600 len=205

2026-09-27 16:27:59,573 INFO image_rx_daemon: published frame_id=0 seq=82 201 B → lifetrac/v25/video/tile_delta

2026-09-27 16:28:00,578 INFO image_rx_daemon: frag_arrival: seq=83 idx=0 total=1 fw_us=285628873 len=207

2026-09-27 16:28:00,579 INFO image_rx_daemon: published frame_id=0 seq=83 203 B → lifetrac/v25/video/tile_delta

2026-09-27 16:28:00,707 INFO image_rx_daemon: stats: rx_frames=26 rx_decode_err=0 frames_published=26 publish_err=0 reassembler_decode_err=0 reassembler_timeouts=0 parity_recon=0 idle_drain_deferred=77 cmd_cooldown_drops=0 cmd_gate_held=0 cmd_copies_deferred=0 cmd_gate_deferred=0

2026-09-27 16:28:00,708 INFO image_rx_daemon: air_gap: n=10 dt_med=997642us dt_p95=1199896us len_med=206B cmd_tx_ok=0 cmd_tx_fail=0

2026-09-27 16:28:00,710 INFO image_rx_daemon: air_gap_hist(ms): <1000:9 >=1000:1

2026-09-27 16:28:00,712 INFO image_rx_daemon: air_gap_by_class: boundary: n=10 med=997.6ms

2026-09-27 16:28:00,713 INFO image_rx_daemon: rx_rf: n_rssi=10 n_snr=10 rssi[min/med/max]=-65/-62/-61 snr[min/med/max]=9.0/10.0/10.0

2026-09-27 16:28:00,715 INFO image_rx_daemon: phase_telemetry: valid=10 invalid=0 pre_f8=0 last_epoch=8 last_hop=26 slot_off=[14..14]

2026-09-27 16:28:01,568 INFO image_rx_daemon: frag_arrival: seq=84 idx=0 total=1 fw_us=286625906 len=207

2026-09-27 16:28:01,569 INFO image_rx_daemon: published frame_id=0 seq=84 203 B → lifetrac/v25/video/tile_delta

2026-09-27 16:28:02,572 INFO image_rx_daemon: frag_arrival: seq=85 idx=0 total=1 fw_us=287622892 len=207

2026-09-27 16:28:02,573 INFO image_rx_daemon: published frame_id=0 seq=85 203 B → lifetrac/v25/video/tile_delta

2026-09-27 16:28:03,568 INFO image_rx_daemon: frag_arrival: seq=86 idx=0 total=1 fw_us=288617620 len=203

2026-09-27 16:28:03,569 INFO image_rx_daemon: published frame_id=0 seq=86 199 B → lifetrac/v25/video/tile_delta

2026-09-27 16:28:04,566 INFO image_rx_daemon: frag_arrival: seq=87 idx=0 total=1 fw_us=289617318 len=207

2026-09-27 16:28:04,568 INFO image_rx_daemon: published frame_id=0 seq=87 203 B → lifetrac/v25/video/tile_delta

2026-09-27 16:28:05,566 INFO image_rx_daemon: frag_arrival: seq=88 idx=0 total=1 fw_us=290614912 len=207

2026-09-27 16:28:05,567 INFO image_rx_daemon: published frame_id=0 seq=88 203 B → lifetrac/v25/video/tile_delta

2026-09-27 16:28:06,556 INFO image_rx_daemon: frag_arrival: seq=89 idx=0 total=1 fw_us=291610171 len=203

2026-09-27 16:28:06,557 INFO image_rx_daemon: published frame_id=0 seq=89 199 B → lifetrac/v25/video/tile_delta

2026-09-27 16:28:07,560 INFO image_rx_daemon: frag_arrival: seq=90 idx=0 total=1 fw_us=292610405 len=206

2026-09-27 16:28:07,561 INFO image_rx_daemon: published frame_id=0 seq=90 202 B → lifetrac/v25/video/tile_delta

2026-09-27 16:28:08,560 INFO image_rx_daemon: frag_arrival: seq=91 idx=0 total=1 fw_us=293607850 len=205

2026-09-27 16:28:08,561 INFO image_rx_daemon: published frame_id=0 seq=91 201 B → lifetrac/v25/video/tile_delta

2026-09-27 16:28:09,545 INFO image_rx_daemon: frag_arrival: seq=92 idx=0 total=1 fw_us=294605544 len=207

2026-09-27 16:28:09,547 INFO image_rx_daemon: published frame_id=0 seq=92 203 B → lifetrac/v25/video/tile_delta

2026-09-27 16:28:10,552 INFO image_rx_daemon: frag_arrival: seq=93 idx=0 total=1 fw_us=295603211 len=205

2026-09-27 16:28:10,554 INFO image_rx_daemon: published frame_id=0 seq=93 201 B → lifetrac/v25/video/tile_delta

2026-09-27 16:28:10,718 INFO image_rx_daemon: stats: rx_frames=36 rx_decode_err=0 frames_published=36 publish_err=0 reassembler_decode_err=0 reassembler_timeouts=0 parity_recon=0 idle_drain_deferred=107 cmd_cooldown_drops=0 cmd_gate_held=0 cmd_copies_deferred=0 cmd_gate_deferred=0

2026-09-27 16:28:10,720 INFO image_rx_daemon: air_gap: n=10 dt_med=997594us dt_p95=1000234us len_med=207B cmd_tx_ok=0 cmd_tx_fail=0

2026-09-27 16:28:10,721 INFO image_rx_daemon: air_gap_hist(ms): <1000:9 >=1000:1

2026-09-27 16:28:10,722 INFO image_rx_daemon: air_gap_by_class: boundary: n=10 med=997.6ms

2026-09-27 16:28:10,723 INFO image_rx_daemon: rx_rf: n_rssi=10 n_snr=10 rssi[min/med/max]=-64/-62/-61 snr[min/med/max]=10.0/10.0/10.0

2026-09-27 16:28:10,724 INFO image_rx_daemon: phase_telemetry: valid=10 invalid=0 pre_f8=0 last_epoch=9 last_hop=26 slot_off=[14..14]

2026-09-27 16:28:11,552 INFO image_rx_daemon: frag_arrival: seq=94 idx=0 total=1 fw_us=296600993 len=207

2026-09-27 16:28:11,553 INFO image_rx_daemon: published frame_id=0 seq=94 203 B → lifetrac/v25/video/tile_delta

2026-09-27 16:28:12,554 INFO image_rx_daemon: frag_arrival: seq=95 idx=0 total=1 fw_us=297598950 len=207

2026-09-27 16:28:12,555 INFO image_rx_daemon: published frame_id=0 seq=95 203 B → lifetrac/v25/video/tile_delta

2026-09-27 16:28:13,550 INFO image_rx_daemon: frag_arrival: seq=96 idx=0 total=1 fw_us=298594190 len=202

2026-09-27 16:28:13,551 INFO image_rx_daemon: published frame_id=0 seq=96 198 B → lifetrac/v25/video/tile_delta

2026-09-27 16:28:14,548 INFO image_rx_daemon: frag_arrival: seq=97 idx=0 total=1 fw_us=299594796 len=205

2026-09-27 16:28:14,549 INFO image_rx_daemon: published frame_id=0 seq=97 201 B → lifetrac/v25/video/tile_delta

2026-09-27 16:28:15,553 INFO image_rx_daemon: frag_arrival: seq=98 idx=0 total=1 fw_us=300592869 len=205

2026-09-27 16:28:15,554 INFO image_rx_daemon: published frame_id=0 seq=98 201 B → lifetrac/v25/video/tile_delta

2026-09-27 16:28:16,553 INFO image_rx_daemon: frag_arrival: seq=99 idx=0 total=1 fw_us=301590589 len=207

2026-09-27 16:28:16,554 INFO image_rx_daemon: published frame_id=0 seq=99 203 B → lifetrac/v25/video/tile_delta

2026-09-27 16:28:17,544 INFO image_rx_daemon: frag_arrival: seq=100 idx=0 total=1 fw_us=302588073 len=205

2026-09-27 16:28:17,545 INFO image_rx_daemon: published frame_id=0 seq=100 201 B → lifetrac/v25/video/tile_delta

2026-09-27 16:28:18,537 INFO image_rx_daemon: frag_arrival: seq=101 idx=0 total=1 fw_us=303582751 len=203

2026-09-27 16:28:18,538 INFO image_rx_daemon: published frame_id=0 seq=101 199 B → lifetrac/v25/video/tile_delta

2026-09-27 16:28:19,547 INFO image_rx_daemon: frag_arrival: seq=102 idx=0 total=1 fw_us=304582288 len=204

2026-09-27 16:28:19,548 INFO image_rx_daemon: published frame_id=0 seq=102 200 B → lifetrac/v25/video/tile_delta

2026-09-27 16:28:20,541 INFO image_rx_daemon: frag_arrival: seq=103 idx=0 total=1 fw_us=305580091 len=204

2026-09-27 16:28:20,542 INFO image_rx_daemon: published frame_id=0 seq=103 200 B → lifetrac/v25/video/tile_delta

2026-09-27 16:28:20,727 INFO image_rx_daemon: stats: rx_frames=46 rx_decode_err=0 frames_published=46 publish_err=0 reassembler_decode_err=0 reassembler_timeouts=0 parity_recon=0 idle_drain_deferred=137 cmd_cooldown_drops=0 cmd_gate_held=0 cmd_copies_deferred=0 cmd_gate_deferred=0

2026-09-27 16:28:20,729 INFO image_rx_daemon: air_gap: n=10 dt_med=997803us dt_p95=1000606us len_med=205B cmd_tx_ok=0 cmd_tx_fail=0

2026-09-27 16:28:20,730 INFO image_rx_daemon: air_gap_hist(ms): <1000:9 >=1000:1

2026-09-27 16:28:20,731 INFO image_rx_daemon: air_gap_by_class: boundary: n=10 med=997.8ms

2026-09-27 16:28:20,732 INFO image_rx_daemon: rx_rf: n_rssi=10 n_snr=10 rssi[min/med/max]=-66/-62/-61 snr[min/med/max]=9.0/10.0/11.0

2026-09-27 16:28:20,733 INFO image_rx_daemon: phase_telemetry: valid=10 invalid=0 pre_f8=0 last_epoch=10 last_hop=26 slot_off=[14..14]

2026-09-27 16:28:21,541 INFO image_rx_daemon: frag_arrival: seq=104 idx=0 total=1 fw_us=306577925 len=205

2026-09-27 16:28:21,542 INFO image_rx_daemon: published frame_id=0 seq=104 201 B → lifetrac/v25/video/tile_delta

2026-09-27 16:28:22,543 INFO image_rx_daemon: frag_arrival: seq=105 idx=0 total=1 fw_us=307575832 len=206

2026-09-27 16:28:22,544 INFO image_rx_daemon: published frame_id=0 seq=105 202 B → lifetrac/v25/video/tile_delta

2026-09-27 16:28:23,540 INFO image_rx_daemon: frag_arrival: seq=106 idx=0 total=1 fw_us=308573162 len=204

2026-09-27 16:28:23,541 INFO image_rx_daemon: published frame_id=0 seq=106 200 B → lifetrac/v25/video/tile_delta

2026-09-27 16:28:24,533 INFO image_rx_daemon: frag_arrival: seq=107 idx=0 total=1 fw_us=309570616 len=207

2026-09-27 16:28:24,534 INFO image_rx_daemon: published frame_id=0 seq=107 203 B → lifetrac/v25/video/tile_delta

2026-09-27 16:28:25,536 INFO image_rx_daemon: frag_arrival: seq=108 idx=0 total=1 fw_us=310565809 len=203

2026-09-27 16:28:25,538 INFO image_rx_daemon: published frame_id=0 seq=108 199 B → lifetrac/v25/video/tile_delta

2026-09-27 16:28:26,537 INFO image_rx_daemon: frag_arrival: seq=109 idx=0 total=1 fw_us=311566354 len=204

2026-09-27 16:28:26,538 INFO image_rx_daemon: published frame_id=0 seq=109 200 B → lifetrac/v25/video/tile_delta

2026-09-27 16:28:27,532 INFO image_rx_daemon: frag_arrival: seq=110 idx=0 total=1 fw_us=312561639 len=201

2026-09-27 16:28:27,533 INFO image_rx_daemon: published frame_id=0 seq=110 197 B → lifetrac/v25/video/tile_delta

2026-09-27 16:28:28,533 INFO image_rx_daemon: frag_arrival: seq=111 idx=0 total=1 fw_us=313559205 len=203

2026-09-27 16:28:28,534 INFO image_rx_daemon: published frame_id=0 seq=111 199 B → lifetrac/v25/video/tile_delta

2026-09-27 16:28:29,532 INFO image_rx_daemon: frag_arrival: seq=112 idx=0 total=1 fw_us=314559354 len=204

2026-09-27 16:28:29,533 INFO image_rx_daemon: published frame_id=0 seq=112 200 B → lifetrac/v25/video/tile_delta

2026-09-27 16:28:30,536 INFO image_rx_daemon: frag_arrival: seq=113 idx=0 total=1 fw_us=315557990 len=205

2026-09-27 16:28:30,537 INFO image_rx_daemon: published frame_id=0 seq=113 201 B → lifetrac/v25/video/tile_delta

2026-09-27 16:28:30,736 INFO image_rx_daemon: stats: rx_frames=56 rx_decode_err=0 frames_published=56 publish_err=0 reassembler_decode_err=0 reassembler_timeouts=0 parity_recon=0 idle_drain_deferred=167 cmd_cooldown_drops=0 cmd_gate_held=0 cmd_copies_deferred=0 cmd_gate_deferred=0

2026-09-27 16:28:30,737 INFO image_rx_daemon: air_gap: n=10 dt_med=997834us dt_p95=1000545us len_med=204B cmd_tx_ok=0 cmd_tx_fail=0

2026-09-27 16:28:30,738 INFO image_rx_daemon: air_gap_hist(ms): <1000:8 >=1000:2

2026-09-27 16:28:30,738 INFO image_rx_daemon: air_gap_by_class: boundary: n=10 med=997.8ms

2026-09-27 16:28:30,739 INFO image_rx_daemon: rx_rf: n_rssi=10 n_snr=10 rssi[min/med/max]=-66/-63/-61 snr[min/med/max]=9.0/10.0/10.0

2026-09-27 16:28:30,740 INFO image_rx_daemon: phase_telemetry: valid=10 invalid=0 pre_f8=0 last_epoch=11 last_hop=26 slot_off=[14..14]

2026-09-27 16:28:31,528 INFO image_rx_daemon: frag_arrival: seq=114 idx=0 total=1 fw_us=316554906 len=204

2026-09-27 16:28:31,529 INFO image_rx_daemon: published frame_id=0 seq=114 200 B → lifetrac/v25/video/tile_delta

2026-09-27 16:28:32,528 INFO image_rx_daemon: frag_arrival: seq=115 idx=0 total=1 fw_us=317552420 len=207

2026-09-27 16:28:32,529 INFO image_rx_daemon: published frame_id=0 seq=115 203 B → lifetrac/v25/video/tile_delta

2026-09-27 16:28:33,528 INFO image_rx_daemon: frag_arrival: seq=116 idx=0 total=1 fw_us=318550168 len=207

2026-09-27 16:28:33,529 INFO image_rx_daemon: published frame_id=0 seq=116 203 B → lifetrac/v25/video/tile_delta

2026-09-27 16:28:34,528 INFO image_rx_daemon: frag_arrival: seq=117 idx=0 total=1 fw_us=319547655 len=205

2026-09-27 16:28:34,529 INFO image_rx_daemon: published frame_id=0 seq=117 201 B → lifetrac/v25/video/tile_delta

2026-09-27 16:28:35,520 INFO image_rx_daemon: frag_arrival: seq=118 idx=0 total=1 fw_us=320545423 len=205

2026-09-27 16:28:35,521 INFO image_rx_daemon: published frame_id=0 seq=118 201 B → lifetrac/v25/video/tile_delta

2026-09-27 16:28:36,519 INFO image_rx_daemon: frag_arrival: seq=119 idx=0 total=1 fw_us=321542941 len=206

2026-09-27 16:28:36,521 INFO image_rx_daemon: published frame_id=0 seq=119 202 B → lifetrac/v25/video/tile_delta

2026-09-27 16:28:37,515 INFO image_rx_daemon: frag_arrival: seq=120 idx=0 total=1 fw_us=322540177 len=205

2026-09-27 16:28:37,517 INFO image_rx_daemon: published frame_id=0 seq=120 201 B → lifetrac/v25/video/tile_delta

2026-09-27 16:28:38,521 INFO image_rx_daemon: frag_arrival: seq=121 idx=0 total=1 fw_us=323537615 len=204

2026-09-27 16:28:38,522 INFO image_rx_daemon: published frame_id=0 seq=121 200 B → lifetrac/v25/video/tile_delta

2026-09-27 16:28:39,524 INFO image_rx_daemon: frag_arrival: seq=122 idx=0 total=1 fw_us=324535142 len=206

2026-09-27 16:28:39,525 INFO image_rx_daemon: published frame_id=0 seq=122 202 B → lifetrac/v25/video/tile_delta

2026-09-27 16:28:40,521 INFO image_rx_daemon: frag_arrival: seq=123 idx=0 total=1 fw_us=325532387 len=205

2026-09-27 16:28:40,522 INFO image_rx_daemon: published frame_id=0 seq=123 201 B → lifetrac/v25/video/tile_delta

2026-09-27 16:28:40,743 INFO image_rx_daemon: stats: rx_frames=66 rx_decode_err=0 frames_published=66 publish_err=0 reassembler_decode_err=0 reassembler_timeouts=0 parity_recon=0 idle_drain_deferred=197 cmd_cooldown_drops=0 cmd_gate_held=0 cmd_copies_deferred=0 cmd_gate_deferred=0

2026-09-27 16:28:40,744 INFO image_rx_daemon: air_gap: n=10 dt_med=997514us dt_p95=997768us len_med=205B cmd_tx_ok=0 cmd_tx_fail=0

2026-09-27 16:28:40,746 INFO image_rx_daemon: air_gap_hist(ms): <1000:10

2026-09-27 16:28:40,748 INFO image_rx_daemon: air_gap_by_class: boundary: n=10 med=997.5ms

2026-09-27 16:28:40,749 INFO image_rx_daemon: rx_rf: n_rssi=10 n_snr=10 rssi[min/med/max]=-66/-62/-61 snr[min/med/max]=9.0/10.0/13.0

2026-09-27 16:28:40,750 INFO image_rx_daemon: phase_telemetry: valid=10 invalid=0 pre_f8=0 last_epoch=12 last_hop=26 slot_off=[14..14]

2026-09-27 16:28:41,516 INFO image_rx_daemon: frag_arrival: seq=124 idx=0 total=1 fw_us=326529562 len=204

2026-09-27 16:28:41,517 INFO image_rx_daemon: published frame_id=0 seq=124 200 B → lifetrac/v25/video/tile_delta

2026-09-27 16:28:42,516 INFO image_rx_daemon: frag_arrival: seq=125 idx=0 total=1 fw_us=327524663 len=203

2026-09-27 16:28:42,517 INFO image_rx_daemon: published frame_id=0 seq=125 199 B → lifetrac/v25/video/tile_delta

2026-09-27 16:28:43,520 INFO image_rx_daemon: frag_arrival: seq=126 idx=0 total=1 fw_us=328524861 len=206

2026-09-27 16:28:43,522 INFO image_rx_daemon: published frame_id=0 seq=126 202 B → lifetrac/v25/video/tile_delta

2026-09-27 16:28:44,510 INFO image_rx_daemon: frag_arrival: seq=127 idx=0 total=1 fw_us=329522439 len=204

2026-09-27 16:28:44,511 INFO image_rx_daemon: published frame_id=0 seq=127 200 B → lifetrac/v25/video/tile_delta

2026-09-27 16:28:45,514 INFO image_rx_daemon: frag_arrival: seq=128 idx=0 total=1 fw_us=330520282 len=204

2026-09-27 16:28:45,515 INFO image_rx_daemon: published frame_id=0 seq=128 200 B → lifetrac/v25/video/tile_delta

2026-09-27 16:28:46,504 INFO image_rx_daemon: frag_arrival: seq=129 idx=0 total=1 fw_us=331515553 len=203

2026-09-27 16:28:46,505 INFO image_rx_daemon: published frame_id=0 seq=129 199 B → lifetrac/v25/video/tile_delta

2026-09-27 16:28:47,504 INFO image_rx_daemon: frag_arrival: seq=130 idx=0 total=1 fw_us=332515773 len=206

2026-09-27 16:28:47,505 INFO image_rx_daemon: published frame_id=0 seq=130 202 B → lifetrac/v25/video/tile_delta

2026-09-27 16:28:48,507 INFO image_rx_daemon: frag_arrival: seq=131 idx=0 total=1 fw_us=333513548 len=204

2026-09-27 16:28:48,509 INFO image_rx_daemon: published frame_id=0 seq=131 200 B → lifetrac/v25/video/tile_delta

2026-09-27 16:28:49,512 INFO image_rx_daemon: frag_arrival: seq=132 idx=0 total=1 fw_us=334511307 len=204

2026-09-27 16:28:49,513 INFO image_rx_daemon: published frame_id=0 seq=132 200 B → lifetrac/v25/video/tile_delta

2026-09-27 16:28:50,499 INFO image_rx_daemon: frag_arrival: seq=133 idx=0 total=1 fw_us=335509117 len=207

2026-09-27 16:28:50,500 INFO image_rx_daemon: published frame_id=0 seq=133 203 B → lifetrac/v25/video/tile_delta

2026-09-27 16:28:50,753 INFO image_rx_daemon: stats: rx_frames=76 rx_decode_err=0 frames_published=76 publish_err=0 reassembler_decode_err=0 reassembler_timeouts=0 parity_recon=0 idle_drain_deferred=228 cmd_cooldown_drops=0 cmd_gate_held=0 cmd_copies_deferred=0 cmd_gate_deferred=0

2026-09-27 16:28:50,755 INFO image_rx_daemon: air_gap: n=10 dt_med=997775us dt_p95=1000220us len_med=204B cmd_tx_ok=0 cmd_tx_fail=0

2026-09-27 16:28:50,757 INFO image_rx_daemon: air_gap_hist(ms): <1000:8 >=1000:2

2026-09-27 16:28:50,758 INFO image_rx_daemon: air_gap_by_class: boundary: n=10 med=997.8ms

2026-09-27 16:28:50,760 INFO image_rx_daemon: rx_rf: n_rssi=10 n_snr=10 rssi[min/med/max]=-65/-63/-61 snr[min/med/max]=9.0/10.0/10.0

2026-09-27 16:28:50,761 INFO image_rx_daemon: phase_telemetry: valid=10 invalid=0 pre_f8=0 last_epoch=13 last_hop=26 slot_off=[14..14]

2026-09-27 16:28:51,505 INFO image_rx_daemon: frag_arrival: seq=134 idx=0 total=1 fw_us=336506839 len=204

2026-09-27 16:28:51,506 INFO image_rx_daemon: published frame_id=0 seq=134 200 B → lifetrac/v25/video/tile_delta

2026-09-27 16:28:52,499 INFO image_rx_daemon: frag_arrival: seq=135 idx=0 total=1 fw_us=337504674 len=205

2026-09-27 16:28:52,500 INFO image_rx_daemon: published frame_id=0 seq=135 201 B → lifetrac/v25/video/tile_delta

2026-09-27 16:28:53,501 INFO image_rx_daemon: frag_arrival: seq=136 idx=0 total=1 fw_us=338502629 len=205

2026-09-27 16:28:53,501 INFO image_rx_daemon: published frame_id=0 seq=136 201 B → lifetrac/v25/video/tile_delta

2026-09-27 16:28:54,496 INFO image_rx_daemon: frag_arrival: seq=137 idx=0 total=1 fw_us=339500690 len=207

2026-09-27 16:28:54,497 INFO image_rx_daemon: published frame_id=0 seq=137 203 B → lifetrac/v25/video/tile_delta

2026-09-27 16:28:55,496 INFO image_rx_daemon: frag_arrival: seq=138 idx=0 total=1 fw_us=340498508 len=204

2026-09-27 16:28:55,498 INFO image_rx_daemon: published frame_id=0 seq=138 200 B → lifetrac/v25/video/tile_delta

2026-09-27 16:28:56,499 INFO image_rx_daemon: frag_arrival: seq=139 idx=0 total=1 fw_us=341493591 len=203

2026-09-27 16:28:56,500 INFO image_rx_daemon: published frame_id=0 seq=139 199 B → lifetrac/v25/video/tile_delta

2026-09-27 16:28:57,498 INFO image_rx_daemon: frag_arrival: seq=140 idx=0 total=1 fw_us=342493606 len=206

2026-09-27 16:28:57,499 INFO image_rx_daemon: published frame_id=0 seq=140 202 B → lifetrac/v25/video/tile_delta

2026-09-27 16:28:58,496 INFO image_rx_daemon: frag_arrival: seq=141 idx=0 total=1 fw_us=343491990 len=206

2026-09-27 16:28:58,497 INFO image_rx_daemon: published frame_id=0 seq=141 202 B → lifetrac/v25/video/tile_delta

2026-09-27 16:28:59,488 INFO image_rx_daemon: frag_arrival: seq=142 idx=0 total=1 fw_us=344488573 len=207

2026-09-27 16:28:59,489 INFO image_rx_daemon: published frame_id=0 seq=142 203 B → lifetrac/v25/video/tile_delta

2026-09-27 16:29:00,487 INFO image_rx_daemon: frag_arrival: seq=143 idx=0 total=1 fw_us=345483619 len=203

2026-09-27 16:29:00,488 INFO image_rx_daemon: published frame_id=0 seq=143 199 B → lifetrac/v25/video/tile_delta

2026-09-27 16:29:00,764 INFO image_rx_daemon: stats: rx_frames=86 rx_decode_err=0 frames_published=86 publish_err=0 reassembler_decode_err=0 reassembler_timeouts=0 parity_recon=0 idle_drain_deferred=258 cmd_cooldown_drops=0 cmd_gate_held=0 cmd_copies_deferred=0 cmd_gate_deferred=0

2026-09-27 16:29:00,765 INFO image_rx_daemon: air_gap: n=10 dt_med=997835us dt_p95=1000015us len_med=205B cmd_tx_ok=0 cmd_tx_fail=0

2026-09-27 16:29:00,767 INFO image_rx_daemon: air_gap_hist(ms): <1000:9 >=1000:1

2026-09-27 16:29:00,769 INFO image_rx_daemon: air_gap_by_class: boundary: n=10 med=997.8ms

2026-09-27 16:29:00,770 INFO image_rx_daemon: rx_rf: n_rssi=10 n_snr=10 rssi[min/med/max]=-66/-63/-61 snr[min/med/max]=9.0/10.0/10.0

2026-09-27 16:29:00,770 INFO image_rx_daemon: phase_telemetry: valid=10 invalid=0 pre_f8=0 last_epoch=14 last_hop=26 slot_off=[14..14]

2026-09-27 16:29:01,487 INFO image_rx_daemon: frag_arrival: seq=144 idx=0 total=1 fw_us=346481355 len=202

2026-09-27 16:29:01,488 INFO image_rx_daemon: published frame_id=0 seq=144 198 B → lifetrac/v25/video/tile_delta

2026-09-27 16:29:02,487 INFO image_rx_daemon: frag_arrival: seq=145 idx=0 total=1 fw_us=347481579 len=207

2026-09-27 16:29:02,488 INFO image_rx_daemon: published frame_id=0 seq=145 203 B → lifetrac/v25/video/tile_delta

2026-09-27 16:29:03,487 INFO image_rx_daemon: frag_arrival: seq=146 idx=0 total=1 fw_us=348479261 len=206

2026-09-27 16:29:03,488 INFO image_rx_daemon: published frame_id=0 seq=146 202 B → lifetrac/v25/video/tile_delta

2026-09-27 16:29:04,492 INFO image_rx_daemon: frag_arrival: seq=147 idx=0 total=1 fw_us=349477138 len=206

2026-09-27 16:29:04,493 INFO image_rx_daemon: published frame_id=0 seq=147 202 B → lifetrac/v25/video/tile_delta

2026-09-27 16:29:05,484 INFO image_rx_daemon: frag_arrival: seq=148 idx=0 total=1 fw_us=350472428 len=203

2026-09-27 16:29:05,486 INFO image_rx_daemon: published frame_id=0 seq=148 199 B → lifetrac/v25/video/tile_delta

2026-09-27 16:29:06,482 INFO image_rx_daemon: frag_arrival: seq=149 idx=0 total=1 fw_us=351472503 len=205

2026-09-27 16:29:06,483 INFO image_rx_daemon: published frame_id=0 seq=149 201 B → lifetrac/v25/video/tile_delta

2026-09-27 16:29:07,476 INFO image_rx_daemon: frag_arrival: seq=150 idx=0 total=1 fw_us=352470192 len=207

2026-09-27 16:29:07,478 INFO image_rx_daemon: published frame_id=0 seq=150 203 B → lifetrac/v25/video/tile_delta

2026-09-27 16:29:08,485 INFO image_rx_daemon: frag_arrival: seq=151 idx=0 total=1 fw_us=353468076 len=206

2026-09-27 16:29:08,486 INFO image_rx_daemon: published frame_id=0 seq=151 202 B → lifetrac/v25/video/tile_delta

2026-09-27 16:29:09,480 INFO image_rx_daemon: frag_arrival: seq=152 idx=0 total=1 fw_us=354465707 len=206

2026-09-27 16:29:09,481 INFO image_rx_daemon: published frame_id=0 seq=152 202 B → lifetrac/v25/video/tile_delta

2026-09-27 16:29:10,484 INFO image_rx_daemon: frag_arrival: seq=153 idx=0 total=1 fw_us=355463407 len=207

2026-09-27 16:29:10,485 INFO image_rx_daemon: published frame_id=0 seq=153 203 B → lifetrac/v25/video/tile_delta

2026-09-27 16:29:10,773 INFO image_rx_daemon: stats: rx_frames=96 rx_decode_err=0 frames_published=96 publish_err=0 reassembler_decode_err=0 reassembler_timeouts=0 parity_recon=0 idle_drain_deferred=288 cmd_cooldown_drops=0 cmd_gate_held=0 cmd_copies_deferred=0 cmd_gate_deferred=0

2026-09-27 16:29:10,775 INFO image_rx_daemon: air_gap: n=10 dt_med=997736us dt_p95=1000224us len_med=206B cmd_tx_ok=0 cmd_tx_fail=0

2026-09-27 16:29:10,777 INFO image_rx_daemon: air_gap_hist(ms): <1000:8 >=1000:2

2026-09-27 16:29:10,778 INFO image_rx_daemon: air_gap_by_class: boundary: n=10 med=997.7ms

2026-09-27 16:29:10,779 INFO image_rx_daemon: rx_rf: n_rssi=10 n_snr=10 rssi[min/med/max]=-65/-63/-61 snr[min/med/max]=9.0/10.0/10.0

2026-09-27 16:29:10,780 INFO image_rx_daemon: phase_telemetry: valid=10 invalid=0 pre_f8=0 last_epoch=15 last_hop=26 slot_off=[14..14]

2026-09-27 16:29:11,470 INFO image_rx_daemon: frag_arrival: seq=154 idx=0 total=1 fw_us=356461093 len=204

2026-09-27 16:29:11,472 INFO image_rx_daemon: published frame_id=0 seq=154 200 B → lifetrac/v25/video/tile_delta

2026-09-27 16:29:12,479 INFO image_rx_daemon: frag_arrival: seq=155 idx=0 total=1 fw_us=357458937 len=206

2026-09-27 16:29:12,480 INFO image_rx_daemon: published frame_id=0 seq=155 202 B → lifetrac/v25/video/tile_delta

2026-09-27 16:29:13,480 INFO image_rx_daemon: frag_arrival: seq=156 idx=0 total=1 fw_us=358456762 len=207

2026-09-27 16:29:13,481 INFO image_rx_daemon: published frame_id=0 seq=156 203 B → lifetrac/v25/video/tile_delta

2026-09-27 16:29:14,472 INFO image_rx_daemon: frag_arrival: seq=157 idx=0 total=1 fw_us=359454404 len=205

2026-09-27 16:29:14,473 INFO image_rx_daemon: published frame_id=0 seq=157 201 B → lifetrac/v25/video/tile_delta

2026-09-27 16:29:15,476 INFO image_rx_daemon: frag_arrival: seq=158 idx=0 total=1 fw_us=360452152 len=207

2026-09-27 16:29:15,478 INFO image_rx_daemon: published frame_id=0 seq=158 203 B → lifetrac/v25/video/tile_delta

2026-09-27 16:29:16,468 INFO image_rx_daemon: frag_arrival: seq=159 idx=0 total=1 fw_us=361449799 len=206

2026-09-27 16:29:16,469 INFO image_rx_daemon: published frame_id=0 seq=159 202 B → lifetrac/v25/video/tile_delta

2026-09-27 16:29:17,491 INFO image_rx_daemon: frag_arrival: seq=160 idx=0 total=1 fw_us=362447452 len=204

2026-09-27 16:29:17,498 INFO image_rx_daemon: published frame_id=0 seq=160 200 B → lifetrac/v25/video/tile_delta

2026-09-27 16:29:18,460 INFO image_rx_daemon: frag_arrival: seq=161 idx=0 total=1 fw_us=363442761 len=203

2026-09-27 16:29:18,462 INFO image_rx_daemon: published frame_id=0 seq=161 199 B → lifetrac/v25/video/tile_delta

2026-09-27 16:29:19,472 INFO image_rx_daemon: frag_arrival: seq=162 idx=0 total=1 fw_us=364440403 len=203

2026-09-27 16:29:19,473 INFO image_rx_daemon: published frame_id=0 seq=162 199 B → lifetrac/v25/video/tile_delta

2026-09-27 16:29:20,465 INFO image_rx_daemon: frag_arrival: seq=163 idx=0 total=1 fw_us=365440634 len=206

2026-09-27 16:29:20,466 INFO image_rx_daemon: published frame_id=0 seq=163 202 B → lifetrac/v25/video/tile_delta

2026-09-27 16:29:20,783 INFO image_rx_daemon: stats: rx_frames=106 rx_decode_err=0 frames_published=106 publish_err=0 reassembler_decode_err=0 reassembler_timeouts=0 parity_recon=0 idle_drain_deferred=318 cmd_cooldown_drops=0 cmd_gate_held=0 cmd_copies_deferred=0 cmd_gate_deferred=0

2026-09-27 16:29:20,784 INFO image_rx_daemon: air_gap: n=10 dt_med=997686us dt_p95=1000231us len_med=206B cmd_tx_ok=0 cmd_tx_fail=0

2026-09-27 16:29:20,786 INFO image_rx_daemon: air_gap_hist(ms): <1000:9 >=1000:1

2026-09-27 16:29:20,787 INFO image_rx_daemon: air_gap_by_class: boundary: n=10 med=997.7ms

2026-09-27 16:29:20,789 INFO image_rx_daemon: rx_rf: n_rssi=10 n_snr=10 rssi[min/med/max]=-64/-62/-61 snr[min/med/max]=9.0/10.0/10.0

2026-09-27 16:29:20,790 INFO image_rx_daemon: phase_telemetry: valid=10 invalid=0 pre_f8=0 last_epoch=16 last_hop=26 slot_off=[14..14]

2026-09-27 16:29:21,468 INFO image_rx_daemon: frag_arrival: seq=164 idx=0 total=1 fw_us=366438643 len=206

2026-09-27 16:29:21,469 INFO image_rx_daemon: published frame_id=0 seq=164 202 B → lifetrac/v25/video/tile_delta

2026-09-27 16:29:22,470 INFO image_rx_daemon: frag_arrival: seq=165 idx=0 total=1 fw_us=367436620 len=205

2026-09-27 16:29:22,471 INFO image_rx_daemon: published frame_id=0 seq=165 201 B → lifetrac/v25/video/tile_delta

2026-09-27 16:29:23,465 INFO image_rx_daemon: frag_arrival: seq=166 idx=0 total=1 fw_us=368435072 len=207

2026-09-27 16:29:23,466 INFO image_rx_daemon: published frame_id=0 seq=166 203 B → lifetrac/v25/video/tile_delta

2026-09-27 16:29:24,461 INFO image_rx_daemon: frag_arrival: seq=167 idx=0 total=1 fw_us=369433152 len=207

2026-09-27 16:29:24,462 INFO image_rx_daemon: published frame_id=0 seq=167 203 B → lifetrac/v25/video/tile_delta

2026-09-27 16:29:25,458 INFO image_rx_daemon: frag_arrival: seq=168 idx=0 total=1 fw_us=370428525 len=203

2026-09-27 16:29:25,459 INFO image_rx_daemon: published frame_id=0 seq=168 199 B → lifetrac/v25/video/tile_delta

2026-09-27 16:29:26,455 INFO image_rx_daemon: frag_arrival: seq=169 idx=0 total=1 fw_us=371426330 len=203

2026-09-27 16:29:26,458 INFO image_rx_daemon: published frame_id=0 seq=169 199 B → lifetrac/v25/video/tile_delta

2026-09-27 16:29:27,461 INFO image_rx_daemon: frag_arrival: seq=170 idx=0 total=1 fw_us=372426657 len=204

2026-09-27 16:29:27,462 INFO image_rx_daemon: published frame_id=0 seq=170 200 B → lifetrac/v25/video/tile_delta

2026-09-27 16:29:28,460 INFO image_rx_daemon: frag_arrival: seq=171 idx=0 total=1 fw_us=373422174 len=203

2026-09-27 16:29:28,461 INFO image_rx_daemon: published frame_id=0 seq=171 199 B → lifetrac/v25/video/tile_delta

2026-09-27 16:29:29,464 INFO image_rx_daemon: frag_arrival: seq=172 idx=0 total=1 fw_us=374423158 len=205

2026-09-27 16:29:29,466 INFO image_rx_daemon: published frame_id=0 seq=172 201 B → lifetrac/v25/video/tile_delta

2026-09-27 16:29:30,457 INFO image_rx_daemon: frag_arrival: seq=173 idx=0 total=1 fw_us=375420472 len=207

2026-09-27 16:29:30,458 INFO image_rx_daemon: published frame_id=0 seq=173 203 B → lifetrac/v25/video/tile_delta

2026-09-27 16:29:30,793 INFO image_rx_daemon: stats: rx_frames=116 rx_decode_err=0 frames_published=116 publish_err=0 reassembler_decode_err=0 reassembler_timeouts=0 parity_recon=0 idle_drain_deferred=348 cmd_cooldown_drops=0 cmd_gate_held=0 cmd_copies_deferred=0 cmd_gate_deferred=0

2026-09-27 16:29:30,796 INFO image_rx_daemon: air_gap: n=10 dt_med=998009us dt_p95=1000984us len_med=205B cmd_tx_ok=0 cmd_tx_fail=0

2026-09-27 16:29:30,796 INFO image_rx_daemon: air_gap_hist(ms): <1000:8 >=1000:2

2026-09-27 16:29:30,797 INFO image_rx_daemon: air_gap_by_class: boundary: n=10 med=998.0ms

2026-09-27 16:29:30,798 INFO image_rx_daemon: rx_rf: n_rssi=10 n_snr=10 rssi[min/med/max]=-66/-62/-61 snr[min/med/max]=9.0/10.0/10.0

2026-09-27 16:29:30,798 INFO image_rx_daemon: phase_telemetry: valid=10 invalid=0 pre_f8=0 last_epoch=17 last_hop=26 slot_off=[14..15]

2026-09-27 16:29:31,457 INFO image_rx_daemon: frag_arrival: seq=174 idx=0 total=1 fw_us=376418232 len=206

2026-09-27 16:29:31,458 INFO image_rx_daemon: published frame_id=0 seq=174 202 B → lifetrac/v25/video/tile_delta

2026-09-27 16:29:32,453 INFO image_rx_daemon: frag_arrival: seq=175 idx=0 total=1 fw_us=377415932 len=204

2026-09-27 16:29:32,454 INFO image_rx_daemon: published frame_id=0 seq=175 200 B → lifetrac/v25/video/tile_delta

2026-09-27 16:29:33,453 INFO image_rx_daemon: frag_arrival: seq=176 idx=0 total=1 fw_us=378413681 len=204

2026-09-27 16:29:33,454 INFO image_rx_daemon: published frame_id=0 seq=176 200 B → lifetrac/v25/video/tile_delta

2026-09-27 16:29:34,457 INFO image_rx_daemon: frag_arrival: seq=177 idx=0 total=1 fw_us=379411450 len=206

2026-09-27 16:29:34,458 INFO image_rx_daemon: published frame_id=0 seq=177 202 B → lifetrac/v25/video/tile_delta

2026-09-27 16:29:35,448 INFO image_rx_daemon: frag_arrival: seq=178 idx=0 total=1 fw_us=380406513 len=203

2026-09-27 16:29:35,450 INFO image_rx_daemon: published frame_id=0 seq=178 199 B → lifetrac/v25/video/tile_delta

2026-09-27 16:29:36,454 INFO image_rx_daemon: frag_arrival: seq=179 idx=0 total=1 fw_us=381407990 len=207

2026-09-27 16:29:36,455 INFO image_rx_daemon: published frame_id=0 seq=179 203 B → lifetrac/v25/video/tile_delta

2026-09-27 16:29:37,448 INFO image_rx_daemon: frag_arrival: seq=180 idx=0 total=1 fw_us=382404652 len=206

2026-09-27 16:29:37,450 INFO image_rx_daemon: published frame_id=0 seq=180 202 B → lifetrac/v25/video/tile_delta

2026-09-27 16:29:38,449 INFO image_rx_daemon: frag_arrival: seq=181 idx=0 total=1 fw_us=383402522 len=207

2026-09-27 16:29:38,450 INFO image_rx_daemon: published frame_id=0 seq=181 203 B → lifetrac/v25/video/tile_delta

2026-09-27 16:29:39,452 INFO image_rx_daemon: frag_arrival: seq=182 idx=0 total=1 fw_us=384400085 len=207

2026-09-27 16:29:39,453 INFO image_rx_daemon: published frame_id=0 seq=182 203 B → lifetrac/v25/video/tile_delta

2026-09-27 16:29:40,448 INFO image_rx_daemon: frag_arrival: seq=183 idx=0 total=1 fw_us=385397118 len=204

2026-09-27 16:29:40,449 INFO image_rx_daemon: published frame_id=0 seq=183 200 B → lifetrac/v25/video/tile_delta

2026-09-27 16:29:40,802 INFO image_rx_daemon: stats: rx_frames=126 rx_decode_err=0 frames_published=126 publish_err=0 reassembler_decode_err=0 reassembler_timeouts=0 parity_recon=0 idle_drain_deferred=378 cmd_cooldown_drops=0 cmd_gate_held=0 cmd_copies_deferred=0 cmd_gate_deferred=0

2026-09-27 16:29:40,805 INFO image_rx_daemon: air_gap: n=10 dt_med=997749us dt_p95=1001477us len_med=206B cmd_tx_ok=0 cmd_tx_fail=0

2026-09-27 16:29:40,807 INFO image_rx_daemon: air_gap_hist(ms): <1000:9 >=1000:1

2026-09-27 16:29:40,807 INFO image_rx_daemon: air_gap_by_class: boundary: n=10 med=997.7ms

2026-09-27 16:29:40,808 INFO image_rx_daemon: rx_rf: n_rssi=10 n_snr=10 rssi[min/med/max]=-64/-62/-61 snr[min/med/max]=9.0/10.0/11.0

2026-09-27 16:29:40,808 INFO image_rx_daemon: phase_telemetry: valid=10 invalid=0 pre_f8=0 last_epoch=18 last_hop=26 slot_off=[14..14]

2026-09-27 16:29:41,445 INFO image_rx_daemon: frag_arrival: seq=184 idx=0 total=1 fw_us=386394322 len=207

2026-09-27 16:29:41,446 INFO image_rx_daemon: published frame_id=0 seq=184 203 B → lifetrac/v25/video/tile_delta

2026-09-27 16:29:42,442 INFO image_rx_daemon: frag_arrival: seq=185 idx=0 total=1 fw_us=387391839 len=206

2026-09-27 16:29:42,443 INFO image_rx_daemon: published frame_id=0 seq=185 202 B → lifetrac/v25/video/tile_delta

2026-09-27 16:29:43,448 INFO image_rx_daemon: frag_arrival: seq=186 idx=0 total=1 fw_us=388389343 len=205

2026-09-27 16:29:43,449 INFO image_rx_daemon: published frame_id=0 seq=186 201 B → lifetrac/v25/video/tile_delta

2026-09-27 16:29:44,440 INFO image_rx_daemon: frag_arrival: seq=187 idx=0 total=1 fw_us=389386703 len=206

2026-09-27 16:29:44,441 INFO image_rx_daemon: published frame_id=0 seq=187 202 B → lifetrac/v25/video/tile_delta

2026-09-27 16:29:45,432 INFO image_rx_daemon: frag_arrival: seq=188 idx=0 total=1 fw_us=390384249 len=207

2026-09-27 16:29:45,433 INFO image_rx_daemon: published frame_id=0 seq=188 203 B → lifetrac/v25/video/tile_delta

2026-09-27 16:29:46,440 INFO image_rx_daemon: frag_arrival: seq=189 idx=0 total=1 fw_us=391381830 len=206

2026-09-27 16:29:46,441 INFO image_rx_daemon: published frame_id=0 seq=189 202 B → lifetrac/v25/video/tile_delta

2026-09-27 16:29:47,428 INFO image_rx_daemon: frag_arrival: seq=190 idx=0 total=1 fw_us=392376461 len=203

2026-09-27 16:29:47,429 INFO image_rx_daemon: published frame_id=0 seq=190 199 B → lifetrac/v25/video/tile_delta

2026-09-27 16:29:48,432 INFO image_rx_daemon: frag_arrival: seq=191 idx=0 total=1 fw_us=393376415 len=206

2026-09-27 16:29:48,433 INFO image_rx_daemon: published frame_id=0 seq=191 202 B → lifetrac/v25/video/tile_delta

2026-09-27 16:29:49,439 INFO image_rx_daemon: frag_arrival: seq=192 idx=0 total=1 fw_us=394373800 len=206

2026-09-27 16:29:49,440 INFO image_rx_daemon: published frame_id=0 seq=192 202 B → lifetrac/v25/video/tile_delta

2026-09-27 16:29:50,434 INFO image_rx_daemon: frag_arrival: seq=193 idx=0 total=1 fw_us=395371256 len=207

2026-09-27 16:29:50,435 INFO image_rx_daemon: published frame_id=0 seq=193 203 B → lifetrac/v25/video/tile_delta

2026-09-27 16:29:50,812 INFO image_rx_daemon: stats: rx_frames=136 rx_decode_err=0 frames_published=136 publish_err=0 reassembler_decode_err=0 reassembler_timeouts=0 parity_recon=0 idle_drain_deferred=408 cmd_cooldown_drops=0 cmd_gate_held=0 cmd_copies_deferred=0 cmd_gate_deferred=0

2026-09-27 16:29:50,813 INFO image_rx_daemon: air_gap: n=10 dt_med=997504us dt_p95=999954us len_med=206B cmd_tx_ok=0 cmd_tx_fail=0

2026-09-27 16:29:50,815 INFO image_rx_daemon: air_gap_hist(ms): <1000:10

2026-09-27 16:29:50,817 INFO image_rx_daemon: air_gap_by_class: boundary: n=10 med=997.5ms

2026-09-27 16:29:50,818 INFO image_rx_daemon: rx_rf: n_rssi=10 n_snr=10 rssi[min/med/max]=-66/-62/-61 snr[min/med/max]=9.0/10.0/10.0

2026-09-27 16:29:50,820 INFO image_rx_daemon: phase_telemetry: valid=10 invalid=0 pre_f8=0 last_epoch=19 last_hop=26 slot_off=[14..14]

2026-09-27 16:29:51,432 INFO image_rx_daemon: frag_arrival: seq=194 idx=0 total=1 fw_us=396368993 len=207

2026-09-27 16:29:51,433 INFO image_rx_daemon: published frame_id=0 seq=194 203 B → lifetrac/v25/video/tile_delta

2026-09-27 16:29:52,432 INFO image_rx_daemon: frag_arrival: seq=195 idx=0 total=1 fw_us=397366443 len=207

2026-09-27 16:29:52,433 INFO image_rx_daemon: published frame_id=0 seq=195 203 B → lifetrac/v25/video/tile_delta

2026-09-27 16:29:53,422 INFO image_rx_daemon: frag_arrival: seq=196 idx=0 total=1 fw_us=398361343 len=203

2026-09-27 16:29:53,423 INFO image_rx_daemon: published frame_id=0 seq=196 199 B → lifetrac/v25/video/tile_delta

2026-09-27 16:29:54,430 INFO image_rx_daemon: frag_arrival: seq=197 idx=0 total=1 fw_us=399361396 len=207

2026-09-27 16:29:54,431 INFO image_rx_daemon: published frame_id=0 seq=197 203 B → lifetrac/v25/video/tile_delta

2026-09-27 16:29:55,424 INFO image_rx_daemon: frag_arrival: seq=198 idx=0 total=1 fw_us=400356291 len=203

2026-09-27 16:29:55,425 INFO image_rx_daemon: published frame_id=0 seq=198 199 B → lifetrac/v25/video/tile_delta

2026-09-27 16:29:56,406 INFO image_rx_daemon: frag_arrival: seq=199 idx=0 total=1 fw_us=401356409 len=204

2026-09-27 16:29:56,408 INFO image_rx_daemon: published frame_id=0 seq=199 200 B → lifetrac/v25/video/tile_delta

2026-09-27 16:29:57,424 INFO image_rx_daemon: frag_arrival: seq=200 idx=0 total=1 fw_us=402353918 len=207

2026-09-27 16:29:57,425 INFO image_rx_daemon: published frame_id=0 seq=200 203 B → lifetrac/v25/video/tile_delta

2026-09-27 16:29:58,418 INFO image_rx_daemon: frag_arrival: seq=201 idx=0 total=1 fw_us=403351337 len=205

2026-09-27 16:29:58,419 INFO image_rx_daemon: published frame_id=0 seq=201 201 B → lifetrac/v25/video/tile_delta

2026-09-27 16:29:59,420 INFO image_rx_daemon: frag_arrival: seq=202 idx=0 total=1 fw_us=404348659 len=205

2026-09-27 16:29:59,421 INFO image_rx_daemon: published frame_id=0 seq=202 201 B → lifetrac/v25/video/tile_delta

2026-09-27 16:30:00,406 INFO image_rx_daemon: frag_arrival: seq=203 idx=0 total=1 fw_us=405345948 len=207

2026-09-27 16:30:00,408 INFO image_rx_daemon: published frame_id=0 seq=203 203 B → lifetrac/v25/video/tile_delta

2026-09-27 16:30:00,824 INFO image_rx_daemon: stats: rx_frames=146 rx_decode_err=0 frames_published=146 publish_err=0 reassembler_decode_err=0 reassembler_timeouts=0 parity_recon=0 idle_drain_deferred=438 cmd_cooldown_drops=0 cmd_gate_held=0 cmd_copies_deferred=0 cmd_gate_deferred=0

2026-09-27 16:30:00,825 INFO image_rx_daemon: air_gap: n=10 dt_med=997450us dt_p95=1000118us len_med=207B cmd_tx_ok=0 cmd_tx_fail=0

2026-09-27 16:30:00,827 INFO image_rx_daemon: air_gap_hist(ms): <1000:8 >=1000:2

2026-09-27 16:30:00,828 INFO image_rx_daemon: air_gap_by_class: boundary: n=10 med=997.5ms

2026-09-27 16:30:00,829 INFO image_rx_daemon: rx_rf: n_rssi=10 n_snr=10 rssi[min/med/max]=-65/-62/-61 snr[min/med/max]=9.0/10.0/10.0

2026-09-27 16:30:00,829 INFO image_rx_daemon: phase_telemetry: valid=10 invalid=0 pre_f8=0 last_epoch=20 last_hop=26 slot_off=[14..14]

2026-09-27 16:30:01,413 INFO image_rx_daemon: frag_arrival: seq=204 idx=0 total=1 fw_us=406343498 len=206

2026-09-27 16:30:01,415 INFO image_rx_daemon: published frame_id=0 seq=204 202 B → lifetrac/v25/video/tile_delta

2026-09-27 16:30:02,412 INFO image_rx_daemon: frag_arrival: seq=205 idx=0 total=1 fw_us=407341189 len=206

2026-09-27 16:30:02,413 INFO image_rx_daemon: published frame_id=0 seq=205 202 B → lifetrac/v25/video/tile_delta

2026-09-27 16:30:03,412 INFO image_rx_daemon: frag_arrival: seq=206 idx=0 total=1 fw_us=408338609 len=207

2026-09-27 16:30:03,413 INFO image_rx_daemon: published frame_id=0 seq=206 203 B → lifetrac/v25/video/tile_delta

2026-09-27 16:30:04,413 INFO image_rx_daemon: frag_arrival: seq=207 idx=0 total=1 fw_us=409335884 len=205

2026-09-27 16:30:04,414 INFO image_rx_daemon: published frame_id=0 seq=207 201 B → lifetrac/v25/video/tile_delta

2026-09-27 16:30:05,405 INFO image_rx_daemon: frag_arrival: seq=208 idx=0 total=1 fw_us=410333147 len=205

2026-09-27 16:30:05,406 INFO image_rx_daemon: published frame_id=0 seq=208 201 B → lifetrac/v25/video/tile_delta

2026-09-27 16:30:06,409 INFO image_rx_daemon: frag_arrival: seq=209 idx=0 total=1 fw_us=411330355 len=206

2026-09-27 16:30:06,410 INFO image_rx_daemon: published frame_id=0 seq=209 202 B → lifetrac/v25/video/tile_delta

2026-09-27 16:30:07,609 INFO image_rx_daemon: frag_arrival: seq=210 idx=0 total=1 fw_us=412527990 len=206

2026-09-27 16:30:07,610 INFO image_rx_daemon: published frame_id=0 seq=210 202 B → lifetrac/v25/video/tile_delta

2026-09-27 16:30:08,408 INFO image_rx_daemon: frag_arrival: seq=211 idx=0 total=1 fw_us=413324861 len=207

2026-09-27 16:30:08,409 INFO image_rx_daemon: published frame_id=0 seq=211 203 B → lifetrac/v25/video/tile_delta

2026-09-27 16:30:09,604 INFO image_rx_daemon: frag_arrival: seq=212 idx=0 total=1 fw_us=414521615 len=207

2026-09-27 16:30:09,605 INFO image_rx_daemon: published frame_id=0 seq=212 203 B → lifetrac/v25/video/tile_delta

2026-09-27 16:30:10,604 INFO image_rx_daemon: frag_arrival: seq=213 idx=0 total=1 fw_us=415518970 len=204

2026-09-27 16:30:10,605 INFO image_rx_daemon: published frame_id=0 seq=213 200 B → lifetrac/v25/video/tile_delta

2026-09-27 16:30:10,832 INFO image_rx_daemon: stats: rx_frames=156 rx_decode_err=0 frames_published=156 publish_err=0 reassembler_decode_err=0 reassembler_timeouts=0 parity_recon=0 idle_drain_deferred=469 cmd_cooldown_drops=0 cmd_gate_held=0 cmd_copies_deferred=0 cmd_gate_deferred=0

2026-09-27 16:30:10,834 INFO image_rx_daemon: air_gap: n=10 dt_med=997420us dt_p95=1197635us len_med=206B cmd_tx_ok=0 cmd_tx_fail=0

2026-09-27 16:30:10,835 INFO image_rx_daemon: air_gap_hist(ms): <1000:8 >=1000:2

2026-09-27 16:30:10,836 INFO image_rx_daemon: air_gap_by_class: boundary: n=10 med=997.4ms

2026-09-27 16:30:10,837 INFO image_rx_daemon: rx_rf: n_rssi=10 n_snr=10 rssi[min/med/max]=-66/-63/-62 snr[min/med/max]=9.0/10.0/10.0

2026-09-27 16:30:10,837 INFO image_rx_daemon: phase_telemetry: valid=10 invalid=0 pre_f8=0 last_epoch=21 last_hop=27 slot_off=[14..14]

2026-09-27 16:30:11,600 INFO image_rx_daemon: frag_arrival: seq=214 idx=0 total=1 fw_us=416516553 len=207

2026-09-27 16:30:11,602 INFO image_rx_daemon: published frame_id=0 seq=214 203 B → lifetrac/v25/video/tile_delta

2026-09-27 16:30:12,590 INFO image_rx_daemon: frag_arrival: seq=215 idx=0 total=1 fw_us=417514224 len=207

2026-09-27 16:30:12,592 INFO image_rx_daemon: published frame_id=0 seq=215 203 B → lifetrac/v25/video/tile_delta

2026-09-27 16:30:13,597 INFO image_rx_daemon: frag_arrival: seq=216 idx=0 total=1 fw_us=418509228 len=203

2026-09-27 16:30:13,598 INFO image_rx_daemon: published frame_id=0 seq=216 199 B → lifetrac/v25/video/tile_delta

2026-09-27 16:30:14,597 INFO image_rx_daemon: frag_arrival: seq=217 idx=0 total=1 fw_us=419509179 len=205

2026-09-27 16:30:14,598 INFO image_rx_daemon: published frame_id=0 seq=217 201 B → lifetrac/v25/video/tile_delta

2026-09-27 16:30:15,592 INFO image_rx_daemon: frag_arrival: seq=218 idx=0 total=1 fw_us=420506905 len=206

2026-09-27 16:30:15,593 INFO image_rx_daemon: published frame_id=0 seq=218 202 B → lifetrac/v25/video/tile_delta

2026-09-27 16:30:16,596 INFO image_rx_daemon: frag_arrival: seq=219 idx=0 total=1 fw_us=421504229 len=207

2026-09-27 16:30:16,597 INFO image_rx_daemon: published frame_id=0 seq=219 203 B → lifetrac/v25/video/tile_delta

2026-09-27 16:30:17,592 INFO image_rx_daemon: frag_arrival: seq=220 idx=0 total=1 fw_us=422501762 len=206

2026-09-27 16:30:17,593 INFO image_rx_daemon: published frame_id=0 seq=220 202 B → lifetrac/v25/video/tile_delta

2026-09-27 16:30:18,589 INFO image_rx_daemon: frag_arrival: seq=221 idx=0 total=1 fw_us=423499491 len=206

2026-09-27 16:30:18,590 INFO image_rx_daemon: published frame_id=0 seq=221 202 B → lifetrac/v25/video/tile_delta

2026-09-27 16:30:19,592 INFO image_rx_daemon: frag_arrival: seq=222 idx=0 total=1 fw_us=424497192 len=204

2026-09-27 16:30:19,593 INFO image_rx_daemon: published frame_id=0 seq=222 200 B → lifetrac/v25/video/tile_delta

2026-09-27 16:30:20,596 INFO image_rx_daemon: frag_arrival: seq=223 idx=0 total=1 fw_us=425494913 len=205

2026-09-27 16:30:20,597 INFO image_rx_daemon: published frame_id=0 seq=223 201 B → lifetrac/v25/video/tile_delta

2026-09-27 16:30:20,841 INFO image_rx_daemon: stats: rx_frames=166 rx_decode_err=0 frames_published=166 publish_err=0 reassembler_decode_err=0 reassembler_timeouts=0 parity_recon=0 idle_drain_deferred=499 cmd_cooldown_drops=0 cmd_gate_held=0 cmd_copies_deferred=0 cmd_gate_deferred=0

2026-09-27 16:30:20,842 INFO image_rx_daemon: air_gap: n=10 dt_med=997701us dt_p95=999951us len_med=206B cmd_tx_ok=0 cmd_tx_fail=0

2026-09-27 16:30:20,844 INFO image_rx_daemon: air_gap_hist(ms): <1000:10

2026-09-27 16:30:20,846 INFO image_rx_daemon: air_gap_by_class: boundary: n=10 med=997.7ms

2026-09-27 16:30:20,847 INFO image_rx_daemon: rx_rf: n_rssi=10 n_snr=10 rssi[min/med/max]=-66/-63/-60 snr[min/med/max]=9.0/10.0/10.0

2026-09-27 16:30:20,848 INFO image_rx_daemon: phase_telemetry: valid=10 invalid=0 pre_f8=0 last_epoch=22 last_hop=27 slot_off=[14..14]

2026-09-27 16:30:21,588 INFO image_rx_daemon: frag_arrival: seq=224 idx=0 total=1 fw_us=426492508 len=206

2026-09-27 16:30:21,589 INFO image_rx_daemon: published frame_id=0 seq=224 202 B → lifetrac/v25/video/tile_delta

2026-09-27 16:30:22,585 INFO image_rx_daemon: frag_arrival: seq=225 idx=0 total=1 fw_us=427487516 len=203

2026-09-27 16:30:22,586 INFO image_rx_daemon: published frame_id=0 seq=225 199 B → lifetrac/v25/video/tile_delta

2026-09-27 16:30:23,576 INFO image_rx_daemon: frag_arrival: seq=226 idx=0 total=1 fw_us=428487455 len=207

2026-09-27 16:30:23,577 INFO image_rx_daemon: published frame_id=0 seq=226 203 B → lifetrac/v25/video/tile_delta

2026-09-27 16:30:24,584 INFO image_rx_daemon: frag_arrival: seq=227 idx=0 total=1 fw_us=429484814 len=204

2026-09-27 16:30:24,585 INFO image_rx_daemon: published frame_id=0 seq=227 200 B → lifetrac/v25/video/tile_delta

2026-09-27 16:30:25,577 INFO image_rx_daemon: frag_arrival: seq=228 idx=0 total=1 fw_us=430480990 len=203

2026-09-27 16:30:25,578 INFO image_rx_daemon: published frame_id=0 seq=228 199 B → lifetrac/v25/video/tile_delta

2026-09-27 16:30:26,581 INFO image_rx_daemon: frag_arrival: seq=229 idx=0 total=1 fw_us=431480288 len=204

2026-09-27 16:30:26,582 INFO image_rx_daemon: published frame_id=0 seq=229 200 B → lifetrac/v25/video/tile_delta

2026-09-27 16:30:27,585 INFO image_rx_daemon: frag_arrival: seq=230 idx=0 total=1 fw_us=432477970 len=204

2026-09-27 16:30:27,586 INFO image_rx_daemon: published frame_id=0 seq=230 200 B → lifetrac/v25/video/tile_delta

2026-09-27 16:30:28,578 INFO image_rx_daemon: frag_arrival: seq=231 idx=0 total=1 fw_us=433475746 len=205

2026-09-27 16:30:28,579 INFO image_rx_daemon: published frame_id=0 seq=231 201 B → lifetrac/v25/video/tile_delta

2026-09-27 16:30:29,572 INFO image_rx_daemon: frag_arrival: seq=232 idx=0 total=1 fw_us=434473344 len=206

2026-09-27 16:30:29,573 INFO image_rx_daemon: published frame_id=0 seq=232 202 B → lifetrac/v25/video/tile_delta

2026-09-27 16:30:30,576 INFO image_rx_daemon: frag_arrival: seq=233 idx=0 total=1 fw_us=435468259 len=203

2026-09-27 16:30:30,577 INFO image_rx_daemon: published frame_id=0 seq=233 199 B → lifetrac/v25/video/tile_delta

2026-09-27 16:30:30,852 INFO image_rx_daemon: stats: rx_frames=176 rx_decode_err=0 frames_published=176 publish_err=0 reassembler_decode_err=0 reassembler_timeouts=0 parity_recon=0 idle_drain_deferred=530 cmd_cooldown_drops=0 cmd_gate_held=0 cmd_copies_deferred=0 cmd_gate_deferred=0

2026-09-27 16:30:30,855 INFO image_rx_daemon: air_gap: n=10 dt_med=997598us dt_p95=999939us len_med=204B cmd_tx_ok=0 cmd_tx_fail=0

2026-09-27 16:30:30,858 INFO image_rx_daemon: air_gap_hist(ms): <1000:10

2026-09-27 16:30:30,860 INFO image_rx_daemon: air_gap_by_class: boundary: n=10 med=997.6ms

2026-09-27 16:30:30,860 INFO image_rx_daemon: rx_rf: n_rssi=10 n_snr=10 rssi[min/med/max]=-65/-62/-61 snr[min/med/max]=9.0/10.0/10.0

2026-09-27 16:30:30,861 INFO image_rx_daemon: phase_telemetry: valid=10 invalid=0 pre_f8=0 last_epoch=23 last_hop=27 slot_off=[14..14]

2026-09-27 16:30:31,572 INFO image_rx_daemon: frag_arrival: seq=234 idx=0 total=1 fw_us=436468661 len=206

2026-09-27 16:30:31,573 INFO image_rx_daemon: published frame_id=0 seq=234 202 B → lifetrac/v25/video/tile_delta

2026-09-27 16:30:32,572 INFO image_rx_daemon: frag_arrival: seq=235 idx=0 total=1 fw_us=437466422 len=207

2026-09-27 16:30:32,573 INFO image_rx_daemon: published frame_id=0 seq=235 203 B → lifetrac/v25/video/tile_delta

2026-09-27 16:30:33,565 INFO image_rx_daemon: frag_arrival: seq=236 idx=0 total=1 fw_us=438463934 len=204

2026-09-27 16:30:33,566 INFO image_rx_daemon: published frame_id=0 seq=236 200 B → lifetrac/v25/video/tile_delta

2026-09-27 16:30:34,568 INFO image_rx_daemon: frag_arrival: seq=237 idx=0 total=1 fw_us=439461603 len=207

2026-09-27 16:30:34,570 INFO image_rx_daemon: published frame_id=0 seq=237 203 B → lifetrac/v25/video/tile_delta

2026-09-27 16:30:35,572 INFO image_rx_daemon: frag_arrival: seq=238 idx=0 total=1 fw_us=440458706 len=204

2026-09-27 16:30:35,573 INFO image_rx_daemon: published frame_id=0 seq=238 200 B → lifetrac/v25/video/tile_delta

2026-09-27 16:30:36,568 INFO image_rx_daemon: frag_arrival: seq=239 idx=0 total=1 fw_us=441455993 len=207

2026-09-27 16:30:36,569 INFO image_rx_daemon: published frame_id=0 seq=239 203 B → lifetrac/v25/video/tile_delta

2026-09-27 16:30:37,561 INFO image_rx_daemon: frag_arrival: seq=240 idx=0 total=1 fw_us=442453246 len=206

2026-09-27 16:30:37,562 INFO image_rx_daemon: published frame_id=0 seq=240 202 B → lifetrac/v25/video/tile_delta

2026-09-27 16:30:38,564 INFO image_rx_daemon: frag_arrival: seq=241 idx=0 total=1 fw_us=443450347 len=204

2026-09-27 16:30:38,565 INFO image_rx_daemon: published frame_id=0 seq=241 200 B → lifetrac/v25/video/tile_delta

2026-09-27 16:30:39,368 INFO image_rx_daemon: frag_arrival: seq=242 idx=0 total=1 fw_us=444248213 len=205

2026-09-27 16:30:39,369 INFO image_rx_daemon: published frame_id=0 seq=242 201 B → lifetrac/v25/video/tile_delta

2026-09-27 16:30:40,556 INFO image_rx_daemon: frag_arrival: seq=243 idx=0 total=1 fw_us=445445133 len=207

2026-09-27 16:30:40,557 INFO image_rx_daemon: published frame_id=0 seq=243 203 B → lifetrac/v25/video/tile_delta

2026-09-27 16:30:40,864 INFO image_rx_daemon: stats: rx_frames=186 rx_decode_err=0 frames_published=186 publish_err=0 reassembler_decode_err=0 reassembler_timeouts=0 parity_recon=0 idle_drain_deferred=561 cmd_cooldown_drops=0 cmd_gate_held=0 cmd_copies_deferred=0 cmd_gate_deferred=0

2026-09-27 16:30:40,865 INFO image_rx_daemon: air_gap: n=10 dt_med=997512us dt_p95=1196920us len_med=206B cmd_tx_ok=0 cmd_tx_fail=0

2026-09-27 16:30:40,867 INFO image_rx_daemon: air_gap_hist(ms): <1000:8 >=1000:2

2026-09-27 16:30:40,868 INFO image_rx_daemon: air_gap_by_class: boundary: n=10 med=997.5ms

2026-09-27 16:30:40,870 INFO image_rx_daemon: rx_rf: n_rssi=10 n_snr=10 rssi[min/med/max]=-63/-62/-61 snr[min/med/max]=9.0/10.0/10.0

2026-09-27 16:30:40,872 INFO image_rx_daemon: phase_telemetry: valid=10 invalid=0 pre_f8=0 last_epoch=24 last_hop=27 slot_off=[14..14]

2026-09-27 16:30:41,556 INFO image_rx_daemon: frag_arrival: seq=244 idx=0 total=1 fw_us=446442544 len=205

2026-09-27 16:30:41,557 INFO image_rx_daemon: published frame_id=0 seq=244 201 B → lifetrac/v25/video/tile_delta

2026-09-27 16:30:42,552 INFO image_rx_daemon: frag_arrival: seq=245 idx=0 total=1 fw_us=447440113 len=205

2026-09-27 16:30:42,553 INFO image_rx_daemon: published frame_id=0 seq=245 201 B → lifetrac/v25/video/tile_delta

2026-09-27 16:30:43,553 INFO image_rx_daemon: frag_arrival: seq=246 idx=0 total=1 fw_us=448437440 len=204

2026-09-27 16:30:43,554 INFO image_rx_daemon: published frame_id=0 seq=246 200 B → lifetrac/v25/video/tile_delta

2026-09-27 16:30:44,553 INFO image_rx_daemon: frag_arrival: seq=247 idx=0 total=1 fw_us=449434873 len=205

2026-09-27 16:30:44,554 INFO image_rx_daemon: published frame_id=0 seq=247 201 B → lifetrac/v25/video/tile_delta

2026-09-27 16:30:45,553 INFO image_rx_daemon: frag_arrival: seq=248 idx=0 total=1 fw_us=450432270 len=205

2026-09-27 16:30:45,554 INFO image_rx_daemon: published frame_id=0 seq=248 201 B → lifetrac/v25/video/tile_delta

2026-09-27 16:30:46,548 INFO image_rx_daemon: frag_arrival: seq=249 idx=0 total=1 fw_us=451429574 len=206

2026-09-27 16:30:46,550 INFO image_rx_daemon: published frame_id=0 seq=249 202 B → lifetrac/v25/video/tile_delta

2026-09-27 16:30:47,549 INFO image_rx_daemon: frag_arrival: seq=250 idx=0 total=1 fw_us=452427079 len=204

2026-09-27 16:30:47,550 INFO image_rx_daemon: published frame_id=0 seq=250 200 B → lifetrac/v25/video/tile_delta

2026-09-27 16:30:48,544 INFO image_rx_daemon: frag_arrival: seq=251 idx=0 total=1 fw_us=453424608 len=207

2026-09-27 16:30:48,545 INFO image_rx_daemon: published frame_id=0 seq=251 203 B → lifetrac/v25/video/tile_delta

2026-09-27 16:30:49,543 INFO image_rx_daemon: frag_arrival: seq=252 idx=0 total=1 fw_us=454422180 len=206

2026-09-27 16:30:49,544 INFO image_rx_daemon: published frame_id=0 seq=252 202 B → lifetrac/v25/video/tile_delta

2026-09-27 16:30:50,544 INFO image_rx_daemon: frag_arrival: seq=253 idx=0 total=1 fw_us=455419757 len=207

2026-09-27 16:30:50,545 INFO image_rx_daemon: published frame_id=0 seq=253 203 B → lifetrac/v25/video/tile_delta

2026-09-27 16:30:50,876 INFO image_rx_daemon: stats: rx_frames=196 rx_decode_err=0 frames_published=196 publish_err=0 reassembler_decode_err=0 reassembler_timeouts=0 parity_recon=0 idle_drain_deferred=591 cmd_cooldown_drops=0 cmd_gate_held=0 cmd_copies_deferred=0 cmd_gate_deferred=0

2026-09-27 16:30:50,877 INFO image_rx_daemon: air_gap: n=10 dt_med=997505us dt_p95=997577us len_med=205B cmd_tx_ok=0 cmd_tx_fail=0

2026-09-27 16:30:50,878 INFO image_rx_daemon: air_gap_hist(ms): <1000:10

2026-09-27 16:30:50,879 INFO image_rx_daemon: air_gap_by_class: boundary: n=10 med=997.5ms

2026-09-27 16:30:50,880 INFO image_rx_daemon: rx_rf: n_rssi=10 n_snr=10 rssi[min/med/max]=-66/-63/-62 snr[min/med/max]=9.0/10.0/10.0

2026-09-27 16:30:50,881 INFO image_rx_daemon: phase_telemetry: valid=10 invalid=0 pre_f8=0 last_epoch=25 last_hop=27 slot_off=[14..14]

2026-09-27 16:30:51,544 INFO image_rx_daemon: frag_arrival: seq=254 idx=0 total=1 fw_us=456417250 len=206

2026-09-27 16:30:51,545 INFO image_rx_daemon: published frame_id=0 seq=254 202 B → lifetrac/v25/video/tile_delta

2026-09-27 16:30:52,536 INFO image_rx_daemon: frag_arrival: seq=255 idx=0 total=1 fw_us=457414881 len=206

2026-09-27 16:30:52,537 INFO image_rx_daemon: published frame_id=0 seq=255 202 B → lifetrac/v25/video/tile_delta

2026-09-27 16:30:53,537 INFO image_rx_daemon: frag_arrival: seq=0 idx=0 total=1 fw_us=458409644 len=203

2026-09-27 16:30:53,538 INFO image_rx_daemon: published frame_id=0 seq=0 199 B → lifetrac/v25/video/tile_delta

2026-09-27 16:30:54,532 INFO image_rx_daemon: frag_arrival: seq=1 idx=0 total=1 fw_us=459409506 len=205

2026-09-27 16:30:54,533 INFO image_rx_daemon: published frame_id=0 seq=1 201 B → lifetrac/v25/video/tile_delta

2026-09-27 16:30:55,536 INFO image_rx_daemon: frag_arrival: seq=2 idx=0 total=1 fw_us=460406767 len=206

2026-09-27 16:30:55,537 INFO image_rx_daemon: published frame_id=0 seq=2 202 B → lifetrac/v25/video/tile_delta

2026-09-27 16:30:56,534 INFO image_rx_daemon: frag_arrival: seq=3 idx=0 total=1 fw_us=461404372 len=207

2026-09-27 16:30:56,535 INFO image_rx_daemon: published frame_id=0 seq=3 203 B → lifetrac/v25/video/tile_delta

2026-09-27 16:30:57,528 INFO image_rx_daemon: frag_arrival: seq=4 idx=0 total=1 fw_us=462401761 len=204

2026-09-27 16:30:57,529 INFO image_rx_daemon: published frame_id=0 seq=4 200 B → lifetrac/v25/video/tile_delta

2026-09-27 16:30:58,532 INFO image_rx_daemon: frag_arrival: seq=5 idx=0 total=1 fw_us=463399670 len=206

2026-09-27 16:30:58,533 INFO image_rx_daemon: published frame_id=0 seq=5 202 B → lifetrac/v25/video/tile_delta

2026-09-27 16:30:59,529 INFO image_rx_daemon: frag_arrival: seq=6 idx=0 total=1 fw_us=464397383 len=207

2026-09-27 16:30:59,530 INFO image_rx_daemon: published frame_id=0 seq=6 203 B → lifetrac/v25/video/tile_delta

2026-09-27 16:31:00,528 INFO image_rx_daemon: frag_arrival: seq=7 idx=0 total=1 fw_us=465395990 len=204

2026-09-27 16:31:00,529 INFO image_rx_daemon: published frame_id=0 seq=7 200 B → lifetrac/v25/video/tile_delta

2026-09-27 16:31:00,884 INFO image_rx_daemon: stats: rx_frames=206 rx_decode_err=0 frames_published=206 publish_err=0 reassembler_decode_err=0 reassembler_timeouts=0 parity_recon=0 idle_drain_deferred=621 cmd_cooldown_drops=0 cmd_gate_held=0 cmd_copies_deferred=0 cmd_gate_deferred=0

2026-09-27 16:31:00,886 INFO image_rx_daemon: air_gap: n=10 dt_med=997631us dt_p95=999862us len_med=206B cmd_tx_ok=0 cmd_tx_fail=0

2026-09-27 16:31:00,887 INFO image_rx_daemon: air_gap_hist(ms): <1000:10

2026-09-27 16:31:00,888 INFO image_rx_daemon: air_gap_by_class: boundary: n=10 med=997.6ms

2026-09-27 16:31:00,889 INFO image_rx_daemon: rx_rf: n_rssi=10 n_snr=10 rssi[min/med/max]=-64/-62/-60 snr[min/med/max]=9.0/10.0/10.0

2026-09-27 16:31:00,890 INFO image_rx_daemon: phase_telemetry: valid=10 invalid=0 pre_f8=0 last_epoch=26 last_hop=27 slot_off=[14..14]

2026-09-27 16:31:01,521 INFO image_rx_daemon: frag_arrival: seq=8 idx=0 total=1 fw_us=466392339 len=205

2026-09-27 16:31:01,522 INFO image_rx_daemon: published frame_id=0 seq=8 201 B → lifetrac/v25/video/tile_delta

2026-09-27 16:31:02,526 INFO image_rx_daemon: frag_arrival: seq=9 idx=0 total=1 fw_us=467389499 len=206

2026-09-27 16:31:02,527 INFO image_rx_daemon: published frame_id=0 seq=9 202 B → lifetrac/v25/video/tile_delta

2026-09-27 16:31:03,524 INFO image_rx_daemon: frag_arrival: seq=10 idx=0 total=1 fw_us=468384104 len=203

2026-09-27 16:31:03,525 INFO image_rx_daemon: published frame_id=0 seq=10 199 B → lifetrac/v25/video/tile_delta

2026-09-27 16:31:04,517 INFO image_rx_daemon: frag_arrival: seq=11 idx=0 total=1 fw_us=469381225 len=203

2026-09-27 16:31:04,517 INFO image_rx_daemon: published frame_id=0 seq=11 199 B → lifetrac/v25/video/tile_delta

2026-09-27 16:31:05,517 INFO image_rx_daemon: frag_arrival: seq=12 idx=0 total=1 fw_us=470380864 len=206

2026-09-27 16:31:05,518 INFO image_rx_daemon: published frame_id=0 seq=12 202 B → lifetrac/v25/video/tile_delta

2026-09-27 16:31:06,520 INFO image_rx_daemon: frag_arrival: seq=13 idx=0 total=1 fw_us=471378145 len=206

2026-09-27 16:31:06,521 INFO image_rx_daemon: published frame_id=0 seq=13 202 B → lifetrac/v25/video/tile_delta

2026-09-27 16:31:07,517 INFO image_rx_daemon: frag_arrival: seq=14 idx=0 total=1 fw_us=472372754 len=203

2026-09-27 16:31:07,518 INFO image_rx_daemon: published frame_id=0 seq=14 199 B → lifetrac/v25/video/tile_delta

2026-09-27 16:31:08,517 INFO image_rx_daemon: frag_arrival: seq=15 idx=0 total=1 fw_us=473372483 len=207

2026-09-27 16:31:08,518 INFO image_rx_daemon: published frame_id=0 seq=15 203 B → lifetrac/v25/video/tile_delta

2026-09-27 16:31:09,511 INFO image_rx_daemon: frag_arrival: seq=16 idx=0 total=1 fw_us=474369707 len=207

2026-09-27 16:31:09,512 INFO image_rx_daemon: published frame_id=0 seq=16 203 B → lifetrac/v25/video/tile_delta

2026-09-27 16:31:10,509 INFO image_rx_daemon: frag_arrival: seq=17 idx=0 total=1 fw_us=475367990 len=205

2026-09-27 16:31:10,511 INFO image_rx_daemon: published frame_id=0 seq=17 201 B → lifetrac/v25/video/tile_delta

2026-09-27 16:31:10,893 INFO image_rx_daemon: stats: rx_frames=216 rx_decode_err=0 frames_published=216 publish_err=0 reassembler_decode_err=0 reassembler_timeouts=0 parity_recon=0 idle_drain_deferred=651 cmd_cooldown_drops=0 cmd_gate_held=0 cmd_copies_deferred=0 cmd_gate_deferred=0

2026-09-27 16:31:10,893 INFO image_rx_daemon: air_gap: n=10 dt_med=997224us dt_p95=999729us len_med=206B cmd_tx_ok=0 cmd_tx_fail=0

2026-09-27 16:31:10,894 INFO image_rx_daemon: air_gap_hist(ms): <1000:10

2026-09-27 16:31:10,894 INFO image_rx_daemon: air_gap_by_class: boundary: n=10 med=997.2ms

2026-09-27 16:31:10,895 INFO image_rx_daemon: rx_rf: n_rssi=10 n_snr=10 rssi[min/med/max]=-64/-62/-60 snr[min/med/max]=9.0/10.0/10.0

2026-09-27 16:31:10,895 INFO image_rx_daemon: phase_telemetry: valid=10 invalid=0 pre_f8=0 last_epoch=27 last_hop=27 slot_off=[14..14]

2026-09-27 16:31:11,508 INFO image_rx_daemon: frag_arrival: seq=18 idx=0 total=1 fw_us=476364457 len=207

2026-09-27 16:31:11,509 INFO image_rx_daemon: published frame_id=0 seq=18 203 B → lifetrac/v25/video/tile_delta

2026-09-27 16:31:12,494 INFO image_rx_daemon: frag_arrival: seq=19 idx=0 total=1 fw_us=477362990 len=206

2026-09-27 16:31:12,496 INFO image_rx_daemon: published frame_id=0 seq=19 202 B → lifetrac/v25/video/tile_delta

2026-09-27 16:31:13,505 INFO image_rx_daemon: frag_arrival: seq=20 idx=0 total=1 fw_us=478359241 len=205

2026-09-27 16:31:13,506 INFO image_rx_daemon: published frame_id=0 seq=20 201 B → lifetrac/v25/video/tile_delta

2026-09-27 16:31:14,504 INFO image_rx_daemon: frag_arrival: seq=21 idx=0 total=1 fw_us=479356666 len=207

2026-09-27 16:31:14,505 INFO image_rx_daemon: published frame_id=0 seq=21 203 B → lifetrac/v25/video/tile_delta

2026-09-27 16:31:15,504 INFO image_rx_daemon: frag_arrival: seq=22 idx=0 total=1 fw_us=480351368 len=203

2026-09-27 16:31:15,505 INFO image_rx_daemon: published frame_id=0 seq=22 199 B → lifetrac/v25/video/tile_delta

2026-09-27 16:31:16,503 INFO image_rx_daemon: frag_arrival: seq=23 idx=0 total=1 fw_us=481351423 len=205

2026-09-27 16:31:16,504 INFO image_rx_daemon: published frame_id=0 seq=23 201 B → lifetrac/v25/video/tile_delta

2026-09-27 16:31:17,498 INFO image_rx_daemon: frag_arrival: seq=24 idx=0 total=1 fw_us=482348954 len=204

2026-09-27 16:31:17,499 INFO image_rx_daemon: published frame_id=0 seq=24 200 B → lifetrac/v25/video/tile_delta

2026-09-27 16:31:18,503 INFO image_rx_daemon: frag_arrival: seq=25 idx=0 total=1 fw_us=483346528 len=207

2026-09-27 16:31:18,504 INFO image_rx_daemon: published frame_id=0 seq=25 203 B → lifetrac/v25/video/tile_delta

2026-09-27 16:31:19,496 INFO image_rx_daemon: frag_arrival: seq=26 idx=0 total=1 fw_us=484344075 len=207

2026-09-27 16:31:19,497 INFO image_rx_daemon: published frame_id=0 seq=26 203 B → lifetrac/v25/video/tile_delta

2026-09-27 16:31:20,496 INFO image_rx_daemon: frag_arrival: seq=27 idx=0 total=1 fw_us=485341606 len=206

2026-09-27 16:31:20,497 INFO image_rx_daemon: published frame_id=0 seq=27 202 B → lifetrac/v25/video/tile_delta

2026-09-27 16:31:20,898 INFO image_rx_daemon: stats: rx_frames=226 rx_decode_err=0 frames_published=226 publish_err=0 reassembler_decode_err=0 reassembler_timeouts=0 parity_recon=0 idle_drain_deferred=681 cmd_cooldown_drops=0 cmd_gate_held=0 cmd_copies_deferred=0 cmd_gate_deferred=0

2026-09-27 16:31:20,900 INFO image_rx_daemon: air_gap: n=10 dt_med=997531us dt_p95=1000055us len_med=206B cmd_tx_ok=0 cmd_tx_fail=0

2026-09-27 16:31:20,902 INFO image_rx_daemon: air_gap_hist(ms): <1000:9 >=1000:1

2026-09-27 16:31:20,903 INFO image_rx_daemon: air_gap_by_class: boundary: n=10 med=997.5ms

2026-09-27 16:31:20,905 INFO image_rx_daemon: rx_rf: n_rssi=10 n_snr=10 rssi[min/med/max]=-65/-62/-60 snr[min/med/max]=9.0/10.0/11.0

2026-09-27 16:31:20,905 INFO image_rx_daemon: phase_telemetry: valid=10 invalid=0 pre_f8=0 last_epoch=28 last_hop=27 slot_off=[14..14]

2026-09-27 16:31:21,493 INFO image_rx_daemon: frag_arrival: seq=28 idx=0 total=1 fw_us=486338959 len=205

2026-09-27 16:31:21,494 INFO image_rx_daemon: published frame_id=0 seq=28 201 B → lifetrac/v25/video/tile_delta

2026-09-27 16:31:22,492 INFO image_rx_daemon: frag_arrival: seq=29 idx=0 total=1 fw_us=487336280 len=207

2026-09-27 16:31:22,493 INFO image_rx_daemon: published frame_id=0 seq=29 203 B → lifetrac/v25/video/tile_delta

2026-09-27 16:31:23,488 INFO image_rx_daemon: frag_arrival: seq=30 idx=0 total=1 fw_us=488333613 len=204

2026-09-27 16:31:23,489 INFO image_rx_daemon: published frame_id=0 seq=30 200 B → lifetrac/v25/video/tile_delta

2026-09-27 16:31:24,493 INFO image_rx_daemon: frag_arrival: seq=31 idx=0 total=1 fw_us=489331251 len=207

2026-09-27 16:31:24,493 INFO image_rx_daemon: published frame_id=0 seq=31 203 B → lifetrac/v25/video/tile_delta

2026-09-27 16:31:25,489 INFO image_rx_daemon: frag_arrival: seq=32 idx=0 total=1 fw_us=490326134 len=202

2026-09-27 16:31:25,490 INFO image_rx_daemon: published frame_id=0 seq=32 198 B → lifetrac/v25/video/tile_delta

2026-09-27 16:31:26,493 INFO image_rx_daemon: frag_arrival: seq=33 idx=0 total=1 fw_us=491325872 len=206

2026-09-27 16:31:26,494 INFO image_rx_daemon: published frame_id=0 seq=33 202 B → lifetrac/v25/video/tile_delta

2026-09-27 16:31:27,492 INFO image_rx_daemon: frag_arrival: seq=34 idx=0 total=1 fw_us=492323184 len=206

2026-09-27 16:31:27,493 INFO image_rx_daemon: published frame_id=0 seq=34 202 B → lifetrac/v25/video/tile_delta

2026-09-27 16:31:28,488 INFO image_rx_daemon: frag_arrival: seq=35 idx=0 total=1 fw_us=493320726 len=206

2026-09-27 16:31:28,489 INFO image_rx_daemon: published frame_id=0 seq=35 202 B → lifetrac/v25/video/tile_delta

2026-09-27 16:31:29,487 INFO image_rx_daemon: frag_arrival: seq=36 idx=0 total=1 fw_us=494316990 len=202

2026-09-27 16:31:29,488 INFO image_rx_daemon: published frame_id=0 seq=36 198 B → lifetrac/v25/video/tile_delta

2026-09-27 16:31:30,480 INFO image_rx_daemon: frag_arrival: seq=37 idx=0 total=1 fw_us=495313994 len=203

2026-09-27 16:31:30,481 INFO image_rx_daemon: published frame_id=0 seq=37 199 B → lifetrac/v25/video/tile_delta

2026-09-27 16:31:30,909 INFO image_rx_daemon: stats: rx_frames=236 rx_decode_err=0 frames_published=236 publish_err=0 reassembler_decode_err=0 reassembler_timeouts=0 parity_recon=0 idle_drain_deferred=710 cmd_cooldown_drops=0 cmd_gate_held=0 cmd_copies_deferred=0 cmd_gate_deferred=0

2026-09-27 16:31:30,911 INFO image_rx_daemon: air_gap: n=10 dt_med=997333us dt_p95=999738us len_med=206B cmd_tx_ok=0 cmd_tx_fail=0

2026-09-27 16:31:30,912 INFO image_rx_daemon: air_gap_hist(ms): <1000:10

2026-09-27 16:31:30,913 INFO image_rx_daemon: air_gap_by_class: boundary: n=10 med=997.3ms

2026-09-27 16:31:30,914 INFO image_rx_daemon: rx_rf: n_rssi=10 n_snr=10 rssi[min/med/max]=-65/-63/-61 snr[min/med/max]=9.0/10.0/10.0

2026-09-27 16:31:30,915 INFO image_rx_daemon: phase_telemetry: valid=10 invalid=0 pre_f8=0 last_epoch=29 last_hop=27 slot_off=[14..14]

2026-09-27 16:31:31,486 INFO image_rx_daemon: frag_arrival: seq=38 idx=0 total=1 fw_us=496314430 len=207

2026-09-27 16:31:31,487 INFO image_rx_daemon: published frame_id=0 seq=38 203 B → lifetrac/v25/video/tile_delta

2026-09-27 16:31:32,485 INFO image_rx_daemon: frag_arrival: seq=39 idx=0 total=1 fw_us=497312990 len=206

2026-09-27 16:31:32,486 INFO image_rx_daemon: published frame_id=0 seq=39 202 B → lifetrac/v25/video/tile_delta

2026-09-27 16:31:33,476 INFO image_rx_daemon: frag_arrival: seq=40 idx=0 total=1 fw_us=498307293 len=203

2026-09-27 16:31:33,477 INFO image_rx_daemon: published frame_id=0 seq=40 199 B → lifetrac/v25/video/tile_delta

2026-09-27 16:31:34,482 INFO image_rx_daemon: frag_arrival: seq=41 idx=0 total=1 fw_us=499307303 len=207

2026-09-27 16:31:34,483 INFO image_rx_daemon: published frame_id=0 seq=41 203 B → lifetrac/v25/video/tile_delta

2026-09-27 16:31:35,484 INFO image_rx_daemon: frag_arrival: seq=42 idx=0 total=1 fw_us=500304922 len=206

2026-09-27 16:31:35,485 INFO image_rx_daemon: published frame_id=0 seq=42 202 B → lifetrac/v25/video/tile_delta

2026-09-27 16:31:36,467 INFO image_rx_daemon: frag_arrival: seq=43 idx=0 total=1 fw_us=501302388 len=204

2026-09-27 16:31:36,469 INFO image_rx_daemon: published frame_id=0 seq=43 200 B → lifetrac/v25/video/tile_delta

2026-09-27 16:31:37,472 INFO image_rx_daemon: frag_arrival: seq=44 idx=0 total=1 fw_us=502299836 len=206

2026-09-27 16:31:37,474 INFO image_rx_daemon: published frame_id=0 seq=44 202 B → lifetrac/v25/video/tile_delta

2026-09-27 16:31:38,470 INFO image_rx_daemon: frag_arrival: seq=45 idx=0 total=1 fw_us=503297387 len=206

2026-09-27 16:31:38,472 INFO image_rx_daemon: published frame_id=0 seq=45 202 B → lifetrac/v25/video/tile_delta

2026-09-27 16:31:39,472 INFO image_rx_daemon: frag_arrival: seq=46 idx=0 total=1 fw_us=504294786 len=206

2026-09-27 16:31:39,473 INFO image_rx_daemon: published frame_id=0 seq=46 202 B → lifetrac/v25/video/tile_delta

