=== cycle 1/3 2026-05-26T17:09:45.9093941-05:00 ===
--- per-cycle preflight ---


--- end preflight ---
bashRUN_OUTDIR=/tmp/lifetrac_p0c/stage1_standard_runs/T6_stage1_standard_2026-05-26_220945
RUN_ID=T6_stage1_standard_2026-05-26_220945
BOARD_SERIAL=2E2C1209DABC240B
IMAGE_NAME=firmware.bin
OPENOCD_CFG=/tmp/lifetrac_p0c/07_assert_pa11_pf4_long.cfg
SYNC_OK=1
GETID_OK=0
ERASE_OK=0
WRITE_OK=0
VERIFY_OK=0
BOOT_OK=0
FINAL_RESULT=FAIL_ID
ELAPSED_S=26
OUTDIR=/tmp/lifetrac_p0c/stage1_standard_runs/T6_stage1_standard_2026-05-26_220945
__STD_RC__=1

=== cycle 2/3 2026-05-26T17:10:12.4557511-05:00 ===
--- per-cycle preflight ---


--- end preflight ---
bashRUN_OUTDIR=/tmp/lifetrac_p0c/stage1_standard_runs/T6_stage1_standard_2026-05-26_221012
RUN_ID=T6_stage1_standard_2026-05-26_221012
BOARD_SERIAL=2E2C1209DABC240B
IMAGE_NAME=firmware.bin
OPENOCD_CFG=/tmp/lifetrac_p0c/07_assert_pa11_pf4_long.cfg
SYNC_OK=1
GETID_OK=0
ERASE_OK=0
WRITE_OK=0
VERIFY_OK=0
BOOT_OK=0
FINAL_RESULT=FAIL_ID
ELAPSED_S=4
OUTDIR=/tmp/lifetrac_p0c/stage1_standard_runs/T6_stage1_standard_2026-05-26_221012
__STD_RC__=1

=== cycle 3/3 2026-05-26T17:10:17.4478034-05:00 ===
--- per-cycle preflight ---


--- end preflight ---
bashRUN_OUTDIR=/tmp/lifetrac_p0c/stage1_standard_runs/T6_stage1_standard_2026-05-26_221017
RUN_ID=T6_stage1_standard_2026-05-26_221017
BOARD_SERIAL=2E2C1209DABC240B
IMAGE_NAME=firmware.bin
OPENOCD_CFG=/tmp/lifetrac_p0c/07_assert_pa11_pf4_long.cfg
SYNC_OK=1
GETID_OK=0
ERASE_OK=0
WRITE_OK=0
VERIFY_OK=0
BOOT_OK=0
FINAL_RESULT=FAIL_ID
ELAPSED_S=6
OUTDIR=/tmp/lifetrac_p0c/stage1_standard_runs/T6_stage1_standard_2026-05-26_221017
__STD_RC__=1

