2026-09-20 13:35:25,843 INFO camera_service: v4l2/ffmpeg pid=10 device=/dev/video1 1920x1080@30fps -> 384x256 rgb24

2026-09-20 13:35:25,844 INFO camera_service: LIFETRAC_USE_LORA_BRIDGE=1 — skipping M7 IpcWriter; frames routed to MQTT lifetrac/v25/cmd/image_frame only

2026-09-20 13:35:25,877 INFO camera_service: byte_budget=2436 B/frame (LIFETRAC_FRAGMENT_BUDGET, phy=image)

2026-09-20 13:35:26,123 INFO camera_service: encode_mode -> 9 (vector) [boot]

2026-09-20 13:35:26,137 INFO link_budget: -> 203 B/frame (n=1, image_bw250)

2026-09-20 13:35:29,755 INFO camera_service: vector_stats ms_total=611.1 ms={"resize":1.0,"l0":119.4,"l1":234.0,"l3":91.7,"temporal_pack":164.3,"total":611.1} bytes=201 level=0 detail=80 epoch=0 n_live=15 residual=2819.376 epoch_pending=0 epochs=1 trigger=first ttl_dropped=0 waiting=5

2026-09-20 13:35:32,303 INFO camera_service: vector_stats ms_total=469.7 ms={"resize":0.5,"l0":18.3,"l1":200.2,"l3":80.8,"temporal_pack":169.2,"total":469.7} bytes=201 level=0 detail=80 epoch=0 n_live=21 residual=2850.373 epoch_pending=0 epochs=1 trigger=first ttl_dropped=0 waiting=2

2026-09-20 13:35:35,251 INFO camera_service: vector_stats ms_total=412.1 ms={"resize":0.5,"l0":17.2,"l1":165.3,"l3":88.1,"temporal_pack":140.4,"total":412.1} bytes=203 level=0 detail=80 epoch=0 n_live=26 residual=3397.701 epoch_pending=0 epochs=1 trigger=first ttl_dropped=0 waiting=1

2026-09-20 13:35:37,282 INFO camera_service: vector_stats ms_total=445.9 ms={"resize":0.5,"l0":18.6,"l1":191.8,"l3":83.0,"temporal_pack":151.3,"total":445.9} bytes=203 level=0 detail=80 epoch=0 n_live=23 residual=3459.095 epoch_pending=0 epochs=1 trigger=first ttl_dropped=0 waiting=5

2026-09-20 13:35:40,326 INFO camera_service: vector_stats ms_total=484.9 ms={"resize":0.5,"l0":18.5,"l1":219.2,"l3":95.4,"temporal_pack":150.7,"total":484.9} bytes=201 level=0 detail=80 epoch=0 n_live=21 residual=3928.339 epoch_pending=0 epochs=1 trigger=first ttl_dropped=0 waiting=9

2026-09-20 13:35:43,225 INFO camera_service: vector_stats ms_total=384.5 ms={"resize":1.3,"l0":18.7,"l1":149.9,"l3":80.5,"temporal_pack":133.5,"total":384.5} bytes=203 level=0 detail=80 epoch=0 n_live=29 residual=2952.794 epoch_pending=0 epochs=1 trigger=first ttl_dropped=0 waiting=0

2026-09-20 13:35:45,242 INFO camera_service: vector_stats ms_total=402.3 ms={"resize":0.5,"l0":19.3,"l1":159.0,"l3":81.6,"temporal_pack":141.5,"total":402.3} bytes=203 level=0 detail=80 epoch=0 n_live=26 residual=3545.275 epoch_pending=0 epochs=1 trigger=first ttl_dropped=0 waiting=0

2026-09-20 13:35:47,287 INFO camera_service: vector_stats ms_total=444.7 ms={"resize":0.6,"l0":19.5,"l1":170.6,"l3":88.7,"temporal_pack":164.7,"total":444.7} bytes=202 level=0 detail=80 epoch=0 n_live=33 residual=3618.430 epoch_pending=0 epochs=1 trigger=first ttl_dropped=0 waiting=0

2026-09-20 13:35:49,289 INFO camera_service: vector_stats ms_total=448.8 ms={"resize":0.5,"l0":18.4,"l1":187.0,"l3":80.0,"temporal_pack":162.3,"total":448.8} bytes=202 level=0 detail=80 epoch=1 n_live=12 residual=4825.651 epoch_pending=0 epochs=2 trigger=relabel ttl_dropped=0 waiting=5

2026-09-20 13:35:52,274 INFO camera_service: vector_stats ms_total=422.7 ms={"resize":0.5,"l0":16.9,"l1":179.4,"l3":87.8,"temporal_pack":137.5,"total":422.7} bytes=200 level=0 detail=80 epoch=2 n_live=19 residual=3751.014 epoch_pending=0 epochs=3 trigger=relabel ttl_dropped=0 waiting=1

2026-09-20 13:35:55,215 INFO camera_service: vector_stats ms_total=359.7 ms={"resize":0.5,"l0":17.8,"l1":149.6,"l3":78.0,"temporal_pack":113.3,"total":359.7} bytes=203 level=0 detail=80 epoch=3 n_live=21 residual=2916.709 epoch_pending=0 epochs=4 trigger=relabel ttl_dropped=0 waiting=0

2026-09-20 13:35:57,269 INFO camera_service: vector_stats ms_total=421.1 ms={"resize":0.5,"l0":18.6,"l1":169.2,"l3":80.4,"temporal_pack":151.9,"total":421.1} bytes=202 level=0 detail=80 epoch=3 n_live=20 residual=3413.786 epoch_pending=0 epochs=4 trigger=relabel ttl_dropped=0 waiting=1

2026-09-20 13:35:59,292 INFO camera_service: vector_stats ms_total=439.5 ms={"resize":0.7,"l0":17.7,"l1":195.7,"l3":78.6,"temporal_pack":146.2,"total":439.5} bytes=199 level=0 detail=80 epoch=3 n_live=21 residual=2633.937 epoch_pending=0 epochs=4 trigger=relabel ttl_dropped=0 waiting=0

2026-09-20 13:36:02,256 INFO camera_service: vector_stats ms_total=407.0 ms={"resize":0.5,"l0":16.8,"l1":156.5,"l3":91.4,"temporal_pack":141.3,"total":407.0} bytes=203 level=0 detail=80 epoch=3 n_live=21 residual=2972.746 epoch_pending=0 epochs=4 trigger=relabel ttl_dropped=0 waiting=1

2026-09-20 13:36:05,266 INFO camera_service: vector_stats ms_total=408.8 ms={"resize":0.5,"l0":16.9,"l1":168.5,"l3":88.3,"temporal_pack":134.1,"total":408.8} bytes=203 level=0 detail=80 epoch=3 n_live=21 residual=3089.110 epoch_pending=0 epochs=4 trigger=relabel ttl_dropped=0 waiting=0

2026-09-20 13:36:07,350 INFO camera_service: vector_stats ms_total=492.9 ms={"resize":0.6,"l0":17.7,"l1":201.7,"l3":97.9,"temporal_pack":174.2,"total":492.9} bytes=201 level=0 detail=80 epoch=3 n_live=21 residual=3363.115 epoch_pending=0 epochs=4 trigger=relabel ttl_dropped=0 waiting=5

2026-09-20 13:36:10,313 INFO camera_service: vector_stats ms_total=462.9 ms={"resize":0.5,"l0":16.6,"l1":189.8,"l3":79.6,"temporal_pack":175.8,"total":462.9} bytes=202 level=0 detail=80 epoch=3 n_live=23 residual=2949.745 epoch_pending=0 epochs=4 trigger=relabel ttl_dropped=0 waiting=3

2026-09-20 13:36:13,327 INFO camera_service: vector_stats ms_total=470.4 ms={"resize":0.5,"l0":16.8,"l1":191.9,"l3":79.5,"temporal_pack":181.1,"total":470.4} bytes=203 level=0 detail=80 epoch=3 n_live=21 residual=4026.596 epoch_pending=0 epochs=4 trigger=relabel ttl_dropped=0 waiting=8

2026-09-20 13:36:16,274 INFO camera_service: vector_stats ms_total=413.2 ms={"resize":0.5,"l0":16.7,"l1":171.2,"l3":85.2,"temporal_pack":139.0,"total":413.2} bytes=200 level=0 detail=80 epoch=3 n_live=22 residual=4298.520 epoch_pending=0 epochs=4 trigger=relabel ttl_dropped=0 waiting=0

2026-09-20 13:36:19,258 INFO camera_service: vector_stats ms_total=433.1 ms={"resize":0.5,"l0":16.6,"l1":182.2,"l3":87.6,"temporal_pack":145.5,"total":433.1} bytes=202 level=0 detail=80 epoch=3 n_live=22 residual=3741.722 epoch_pending=0 epochs=4 trigger=relabel ttl_dropped=0 waiting=0

2026-09-20 13:36:22,197 INFO camera_service: vector_stats ms_total=371.9 ms={"resize":0.5,"l0":16.6,"l1":142.1,"l3":79.1,"temporal_pack":133.2,"total":371.9} bytes=203 level=0 detail=80 epoch=3 n_live=20 residual=2288.512 epoch_pending=0 epochs=4 trigger=relabel ttl_dropped=0 waiting=0

2026-09-20 13:36:24,256 INFO camera_service: vector_stats ms_total=427.4 ms={"resize":0.6,"l0":19.0,"l1":175.6,"l3":85.0,"temporal_pack":146.6,"total":427.4} bytes=201 level=0 detail=80 epoch=3 n_live=25 residual=2475.469 epoch_pending=0 epochs=4 trigger=relabel ttl_dropped=0 waiting=0

2026-09-20 13:36:27,282 INFO camera_service: vector_stats ms_total=455.5 ms={"resize":0.5,"l0":18.1,"l1":184.2,"l3":84.9,"temporal_pack":167.2,"total":455.5} bytes=202 level=0 detail=80 epoch=3 n_live=24 residual=3073.140 epoch_pending=0 epochs=4 trigger=relabel ttl_dropped=0 waiting=3

2026-09-20 13:36:30,302 INFO camera_service: vector_stats ms_total=470.9 ms={"resize":0.5,"l0":19.2,"l1":192.4,"l3":86.1,"temporal_pack":172.0,"total":470.9} bytes=203 level=0 detail=80 epoch=3 n_live=23 residual=2827.571 epoch_pending=0 epochs=4 trigger=relabel ttl_dropped=0 waiting=1

2026-09-20 13:36:33,283 INFO camera_service: vector_stats ms_total=447.1 ms={"resize":0.5,"l0":19.1,"l1":202.1,"l3":74.2,"temporal_pack":150.5,"total":447.1} bytes=203 level=0 detail=80 epoch=3 n_live=20 residual=3124.369 epoch_pending=0 epochs=4 trigger=relabel ttl_dropped=0 waiting=7

2026-09-20 13:36:36,288 INFO camera_service: vector_stats ms_total=456.1 ms={"resize":0.5,"l0":19.0,"l1":187.9,"l3":83.9,"temporal_pack":164.3,"total":456.1} bytes=203 level=0 detail=80 epoch=3 n_live=21 residual=1921.765 epoch_pending=0 epochs=4 trigger=relabel ttl_dropped=0 waiting=4

2026-09-20 13:36:39,221 INFO camera_service: vector_stats ms_total=385.7 ms={"resize":0.5,"l0":18.3,"l1":157.4,"l3":82.1,"temporal_pack":126.9,"total":385.7} bytes=201 level=0 detail=80 epoch=3 n_live=22 residual=2261.617 epoch_pending=0 epochs=4 trigger=relabel ttl_dropped=0 waiting=0

2026-09-20 13:36:41,276 INFO camera_service: vector_stats ms_total=436.2 ms={"resize":0.5,"l0":19.3,"l1":175.2,"l3":84.2,"temporal_pack":156.4,"total":436.2} bytes=203 level=0 detail=80 epoch=3 n_live=23 residual=2723.139 epoch_pending=0 epochs=4 trigger=relabel ttl_dropped=0 waiting=3

2026-09-20 13:36:44,274 INFO camera_service: vector_stats ms_total=435.2 ms={"resize":0.6,"l0":19.1,"l1":179.9,"l3":88.2,"temporal_pack":146.8,"total":435.2} bytes=203 level=0 detail=80 epoch=3 n_live=20 residual=2539.748 epoch_pending=0 epochs=4 trigger=relabel ttl_dropped=0 waiting=1

2026-09-20 13:36:47,282 INFO camera_service: vector_stats ms_total=441.6 ms={"resize":0.4,"l0":19.1,"l1":180.6,"l3":74.5,"temporal_pack":166.3,"total":441.6} bytes=202 level=0 detail=80 epoch=3 n_live=25 residual=2185.326 epoch_pending=0 epochs=4 trigger=relabel ttl_dropped=0 waiting=1

2026-09-20 13:36:50,262 INFO camera_service: vector_stats ms_total=420.8 ms={"resize":0.5,"l0":18.9,"l1":164.5,"l3":80.2,"temporal_pack":156.2,"total":420.8} bytes=200 level=0 detail=80 epoch=3 n_live=23 residual=2295.462 epoch_pending=0 epochs=4 trigger=relabel ttl_dropped=0 waiting=0

2026-09-20 13:36:53,269 INFO camera_service: vector_stats ms_total=419.8 ms={"resize":0.5,"l0":18.6,"l1":165.8,"l3":83.5,"temporal_pack":150.8,"total":419.8} bytes=201 level=0 detail=80 epoch=3 n_live=23 residual=3095.546 epoch_pending=0 epochs=4 trigger=relabel ttl_dropped=0 waiting=2

2026-09-20 13:36:56,312 INFO camera_service: vector_stats ms_total=453.8 ms={"resize":0.5,"l0":22.6,"l1":201.8,"l3":87.8,"temporal_pack":140.5,"total":453.8} bytes=200 level=0 detail=80 epoch=4 n_live=24 residual=3140.946 epoch_pending=0 epochs=5 trigger=safety ttl_dropped=0 waiting=3

2026-09-20 13:36:58,322 INFO camera_service: vector_stats ms_total=478.1 ms={"resize":0.5,"l0":18.5,"l1":207.5,"l3":86.5,"temporal_pack":164.4,"total":478.1} bytes=200 level=0 detail=80 epoch=4 n_live=22 residual=3484.027 epoch_pending=0 epochs=5 trigger=safety ttl_dropped=0 waiting=9

2026-09-20 13:37:01,329 INFO camera_service: vector_stats ms_total=481.4 ms={"resize":0.5,"l0":18.7,"l1":193.9,"l3":77.6,"temporal_pack":190.1,"total":481.4} bytes=201 level=0 detail=80 epoch=4 n_live=22 residual=3918.637 epoch_pending=0 epochs=5 trigger=safety ttl_dropped=0 waiting=14

2026-09-20 13:37:04,241 INFO camera_service: vector_stats ms_total=390.3 ms={"resize":0.5,"l0":20.0,"l1":161.5,"l3":76.9,"temporal_pack":130.9,"total":390.3} bytes=202 level=0 detail=80 epoch=5 n_live=12 residual=3364.788 epoch_pending=0 epochs=6 trigger=relabel ttl_dropped=0 waiting=0

2026-09-20 13:37:07,200 INFO camera_service: vector_stats ms_total=348.9 ms={"resize":0.6,"l0":20.7,"l1":140.1,"l3":72.5,"temporal_pack":114.5,"total":348.9} bytes=199 level=0 detail=80 epoch=7 n_live=11 residual=2447.931 epoch_pending=0 epochs=8 trigger=relabel ttl_dropped=0 waiting=0

2026-09-20 13:37:09,251 INFO camera_service: vector_stats ms_total=393.3 ms={"resize":0.6,"l0":19.5,"l1":172.7,"l3":80.6,"temporal_pack":119.4,"total":393.3} bytes=201 level=0 detail=80 epoch=8 n_live=18 residual=3289.342 epoch_pending=0 epochs=9 trigger=relabel ttl_dropped=0 waiting=0

2026-09-20 13:37:11,302 INFO camera_service: vector_stats ms_total=449.1 ms={"resize":0.7,"l0":19.4,"l1":183.0,"l3":92.6,"temporal_pack":152.8,"total":449.1} bytes=202 level=0 detail=80 epoch=8 n_live=18 residual=2538.911 epoch_pending=0 epochs=9 trigger=relabel ttl_dropped=0 waiting=3

2026-09-20 13:37:14,281 INFO camera_service: vector_stats ms_total=430.0 ms={"resize":0.5,"l0":18.7,"l1":178.2,"l3":78.1,"temporal_pack":154.0,"total":430.0} bytes=203 level=0 detail=80 epoch=8 n_live=20 residual=2863.831 epoch_pending=0 epochs=9 trigger=relabel ttl_dropped=0 waiting=3

2026-09-20 13:37:16,302 INFO camera_service: vector_stats ms_total=438.0 ms={"resize":0.5,"l0":18.6,"l1":168.4,"l3":87.3,"temporal_pack":162.6,"total":438.0} bytes=199 level=0 detail=80 epoch=8 n_live=23 residual=2412.746 epoch_pending=0 epochs=9 trigger=relabel ttl_dropped=0 waiting=6

2026-09-20 13:37:19,248 INFO camera_service: vector_stats ms_total=387.8 ms={"resize":0.5,"l0":18.9,"l1":167.3,"l3":80.8,"temporal_pack":119.9,"total":387.8} bytes=203 level=0 detail=80 epoch=8 n_live=17 residual=4067.521 epoch_pending=0 epochs=9 trigger=relabel ttl_dropped=0 waiting=0

2026-09-20 13:37:21,298 INFO camera_service: vector_stats ms_total=441.3 ms={"resize":0.5,"l0":18.6,"l1":187.6,"l3":92.3,"temporal_pack":141.5,"total":441.3} bytes=202 level=0 detail=80 epoch=8 n_live=24 residual=3878.229 epoch_pending=0 epochs=9 trigger=relabel ttl_dropped=0 waiting=0

2026-09-20 13:37:23,340 INFO camera_service: vector_stats ms_total=510.3 ms={"resize":0.6,"l0":18.4,"l1":206.4,"l3":110.6,"temporal_pack":173.8,"total":510.3} bytes=203 level=0 detail=80 epoch=8 n_live=28 residual=3477.094 epoch_pending=0 epochs=9 trigger=relabel ttl_dropped=0 waiting=2

2026-09-20 13:37:26,248 INFO camera_service: vector_stats ms_total=414.9 ms={"resize":0.5,"l0":18.3,"l1":168.8,"l3":86.5,"temporal_pack":140.3,"total":414.9} bytes=202 level=0 detail=80 epoch=8 n_live=22 residual=3669.035 epoch_pending=0 epochs=9 trigger=relabel ttl_dropped=0 waiting=0

2026-09-20 13:37:29,244 INFO camera_service: vector_stats ms_total=413.8 ms={"resize":0.5,"l0":18.5,"l1":171.1,"l3":80.3,"temporal_pack":142.9,"total":413.8} bytes=201 level=0 detail=80 epoch=8 n_live=27 residual=3832.788 epoch_pending=0 epochs=9 trigger=relabel ttl_dropped=0 waiting=0

2026-09-20 13:37:31,255 INFO camera_service: vector_stats ms_total=420.8 ms={"resize":0.5,"l0":18.5,"l1":174.1,"l3":81.1,"temporal_pack":146.1,"total":420.8} bytes=199 level=0 detail=80 epoch=9 n_live=12 residual=3273.206 epoch_pending=0 epochs=10 trigger=relabel ttl_dropped=0 waiting=0

2026-09-20 13:37:33,281 INFO camera_service: vector_stats ms_total=446.3 ms={"resize":0.5,"l0":19.1,"l1":182.8,"l3":80.3,"temporal_pack":163.0,"total":446.3} bytes=203 level=0 detail=80 epoch=9 n_live=26 residual=2810.042 epoch_pending=0 epochs=10 trigger=relabel ttl_dropped=0 waiting=0

2026-09-20 13:37:35,301 INFO camera_service: vector_stats ms_total=460.7 ms={"resize":0.5,"l0":18.2,"l1":193.1,"l3":77.5,"temporal_pack":170.7,"total":460.7} bytes=202 level=0 detail=80 epoch=9 n_live=28 residual=2441.167 epoch_pending=0 epochs=10 trigger=relabel ttl_dropped=0 waiting=8

2026-09-20 13:37:37,319 INFO camera_service: vector_stats ms_total=481.9 ms={"resize":0.5,"l0":18.3,"l1":204.4,"l3":73.4,"temporal_pack":184.6,"total":481.9} bytes=200 level=0 detail=80 epoch=9 n_live=25 residual=2689.898 epoch_pending=0 epochs=10 trigger=relabel ttl_dropped=0 waiting=3

2026-09-20 13:37:40,253 INFO camera_service: vector_stats ms_total=415.7 ms={"resize":0.5,"l0":18.3,"l1":167.1,"l3":78.6,"temporal_pack":150.6,"total":415.7} bytes=199 level=0 detail=80 epoch=9 n_live=20 residual=2828.502 epoch_pending=0 epochs=10 trigger=relabel ttl_dropped=0 waiting=3

2026-09-20 13:37:42,263 INFO camera_service: vector_stats ms_total=427.2 ms={"resize":0.5,"l0":18.7,"l1":185.6,"l3":75.7,"temporal_pack":146.2,"total":427.2} bytes=203 level=0 detail=80 epoch=9 n_live=19 residual=2834.197 epoch_pending=0 epochs=10 trigger=relabel ttl_dropped=0 waiting=4

2026-09-20 13:37:45,245 INFO camera_service: vector_stats ms_total=406.4 ms={"resize":0.5,"l0":18.7,"l1":171.0,"l3":74.4,"temporal_pack":141.2,"total":406.4} bytes=203 level=0 detail=80 epoch=9 n_live=21 residual=2745.166 epoch_pending=0 epochs=10 trigger=relabel ttl_dropped=0 waiting=4

2026-09-20 13:37:47,257 INFO camera_service: vector_stats ms_total=415.7 ms={"resize":0.5,"l0":19.2,"l1":169.8,"l3":84.1,"temporal_pack":141.4,"total":415.7} bytes=203 level=0 detail=80 epoch=9 n_live=24 residual=2629.095 epoch_pending=0 epochs=10 trigger=relabel ttl_dropped=0 waiting=0

2026-09-20 13:37:49,276 INFO camera_service: vector_stats ms_total=439.5 ms={"resize":0.5,"l0":18.4,"l1":174.4,"l3":85.6,"temporal_pack":160.0,"total":439.5} bytes=201 level=0 detail=80 epoch=9 n_live=28 residual=2621.584 epoch_pending=0 epochs=10 trigger=relabel ttl_dropped=0 waiting=2

2026-09-20 13:37:51,283 INFO camera_service: vector_stats ms_total=436.5 ms={"resize":0.5,"l0":19.5,"l1":167.8,"l3":92.1,"temporal_pack":156.0,"total":436.5} bytes=199 level=0 detail=80 epoch=9 n_live=31 residual=2492.930 epoch_pending=0 epochs=10 trigger=relabel ttl_dropped=0 waiting=0

2026-09-20 13:37:54,330 INFO camera_service: vector_stats ms_total=493.1 ms={"resize":0.5,"l0":18.2,"l1":187.8,"l3":79.3,"temporal_pack":206.7,"total":493.1} bytes=202 level=0 detail=80 epoch=9 n_live=34 residual=2487.351 epoch_pending=0 epochs=10 trigger=relabel ttl_dropped=0 waiting=1

2026-09-20 13:37:57,211 INFO camera_service: vector_stats ms_total=368.2 ms={"resize":0.5,"l0":18.2,"l1":144.0,"l3":79.3,"temporal_pack":125.7,"total":368.2} bytes=201 level=0 detail=80 epoch=9 n_live=20 residual=2082.944 epoch_pending=0 epochs=10 trigger=relabel ttl_dropped=0 waiting=1

2026-09-20 13:37:59,244 INFO camera_service: vector_stats ms_total=395.9 ms={"resize":0.5,"l0":19.2,"l1":155.4,"l3":78.8,"temporal_pack":141.4,"total":395.9} bytes=199 level=0 detail=80 epoch=9 n_live=23 residual=2378.010 epoch_pending=0 epochs=10 trigger=relabel ttl_dropped=0 waiting=0

2026-09-20 13:38:01,328 INFO camera_service: vector_stats ms_total=485.9 ms={"resize":0.6,"l0":18.3,"l1":207.8,"l3":101.6,"temporal_pack":157.2,"total":485.9} bytes=203 level=0 detail=80 epoch=9 n_live=22 residual=2503.915 epoch_pending=0 epochs=10 trigger=relabel ttl_dropped=0 waiting=5

2026-09-20 13:38:04,257 INFO camera_service: vector_stats ms_total=408.2 ms={"resize":0.5,"l0":19.4,"l1":152.5,"l3":87.0,"temporal_pack":148.4,"total":408.2} bytes=203 level=0 detail=80 epoch=9 n_live=19 residual=2606.073 epoch_pending=0 epochs=10 trigger=relabel ttl_dropped=0 waiting=2

2026-09-20 13:38:06,262 INFO camera_service: vector_stats ms_total=415.6 ms={"resize":0.5,"l0":18.4,"l1":163.4,"l3":91.7,"temporal_pack":141.0,"total":415.6} bytes=202 level=0 detail=80 epoch=9 n_live=26 residual=2104.154 epoch_pending=0 epochs=10 trigger=relabel ttl_dropped=0 waiting=0

2026-09-20 13:38:09,230 INFO camera_service: vector_stats ms_total=376.4 ms={"resize":0.5,"l0":19.3,"l1":147.7,"l3":78.9,"temporal_pack":129.4,"total":376.4} bytes=203 level=0 detail=80 epoch=9 n_live=24 residual=2876.981 epoch_pending=0 epochs=10 trigger=relabel ttl_dropped=0 waiting=0

2026-09-20 13:38:11,241 INFO camera_service: vector_stats ms_total=393.2 ms={"resize":0.5,"l0":19.2,"l1":167.5,"l3":73.0,"temporal_pack":132.4,"total":393.2} bytes=201 level=0 detail=80 epoch=9 n_live=27 residual=2741.090 epoch_pending=0 epochs=10 trigger=relabel ttl_dropped=0 waiting=0

2026-09-20 13:38:13,314 INFO camera_service: vector_stats ms_total=462.6 ms={"resize":0.5,"l0":19.2,"l1":191.6,"l3":75.4,"temporal_pack":175.4,"total":462.6} bytes=203 level=0 detail=80 epoch=9 n_live=22 residual=2258.422 epoch_pending=0 epochs=10 trigger=relabel ttl_dropped=0 waiting=5

2026-09-20 13:38:15,324 INFO camera_service: vector_stats ms_total=472.7 ms={"resize":0.5,"l0":19.4,"l1":188.3,"l3":80.8,"temporal_pack":183.2,"total":472.7} bytes=203 level=0 detail=80 epoch=9 n_live=24 residual=2098.607 epoch_pending=0 epochs=10 trigger=relabel ttl_dropped=0 waiting=1

2026-09-20 13:38:17,361 INFO camera_service: vector_stats ms_total=509.5 ms={"resize":0.5,"l0":18.8,"l1":199.2,"l3":79.0,"temporal_pack":211.4,"total":509.5} bytes=200 level=0 detail=80 epoch=9 n_live=23 residual=2400.536 epoch_pending=0 epochs=10 trigger=relabel ttl_dropped=0 waiting=9

2026-09-20 13:38:20,321 INFO camera_service: vector_stats ms_total=465.3 ms={"resize":0.5,"l0":18.3,"l1":185.9,"l3":81.0,"temporal_pack":179.0,"total":465.3} bytes=202 level=0 detail=80 epoch=9 n_live=27 residual=2455.834 epoch_pending=0 epochs=10 trigger=relabel ttl_dropped=0 waiting=4

2026-09-20 13:38:23,255 INFO camera_service: vector_stats ms_total=422.7 ms={"resize":0.5,"l0":22.7,"l1":168.9,"l3":99.1,"temporal_pack":130.9,"total":422.7} bytes=202 level=0 detail=80 epoch=9 n_live=19 residual=2525.698 epoch_pending=0 epochs=10 trigger=relabel ttl_dropped=0 waiting=0

2026-09-20 13:38:26,207 INFO camera_service: vector_stats ms_total=378.7 ms={"resize":0.5,"l0":18.0,"l1":157.9,"l3":72.3,"temporal_pack":129.4,"total":378.7} bytes=201 level=0 detail=80 epoch=9 n_live=24 residual=2685.073 epoch_pending=0 epochs=10 trigger=relabel ttl_dropped=0 waiting=0

2026-09-20 13:38:28,242 INFO camera_service: vector_stats ms_total=418.6 ms={"resize":0.5,"l0":18.1,"l1":163.2,"l3":83.8,"temporal_pack":152.5,"total":418.6} bytes=203 level=0 detail=80 epoch=9 n_live=25 residual=2799.023 epoch_pending=0 epochs=10 trigger=relabel ttl_dropped=0 waiting=0

2026-09-20 13:38:31,253 INFO camera_service: vector_stats ms_total=425.7 ms={"resize":0.5,"l0":18.2,"l1":190.1,"l3":74.7,"temporal_pack":141.7,"total":425.7} bytes=199 level=0 detail=80 epoch=10 n_live=14 residual=2746.425 epoch_pending=0 epochs=11 trigger=safety ttl_dropped=0 waiting=1

2026-09-20 13:38:34,259 INFO camera_service: vector_stats ms_total=425.8 ms={"resize":0.5,"l0":18.2,"l1":184.0,"l3":73.3,"temporal_pack":149.2,"total":425.8} bytes=203 level=0 detail=80 epoch=10 n_live=29 residual=2891.869 epoch_pending=0 epochs=11 trigger=safety ttl_dropped=0 waiting=6

2026-09-20 13:38:37,278 INFO camera_service: vector_stats ms_total=442.1 ms={"resize":0.5,"l0":18.2,"l1":183.6,"l3":78.2,"temporal_pack":161.0,"total":442.1} bytes=200 level=0 detail=80 epoch=10 n_live=27 residual=2774.211 epoch_pending=0 epochs=11 trigger=safety ttl_dropped=0 waiting=4

2026-09-20 13:38:39,327 INFO camera_service: vector_stats ms_total=488.3 ms={"resize":0.5,"l0":19.1,"l1":196.1,"l3":106.7,"temporal_pack":165.3,"total":488.3} bytes=203 level=0 detail=80 epoch=10 n_live=26 residual=2730.162 epoch_pending=0 epochs=11 trigger=safety ttl_dropped=0 waiting=5

2026-09-20 13:38:42,222 INFO camera_service: vector_stats ms_total=392.7 ms={"resize":0.5,"l0":18.2,"l1":162.2,"l3":85.2,"temporal_pack":125.9,"total":392.7} bytes=203 level=0 detail=80 epoch=10 n_live=24 residual=2654.224 epoch_pending=0 epochs=11 trigger=safety ttl_dropped=0 waiting=0

2026-09-20 13:38:44,237 INFO camera_service: vector_stats ms_total=403.5 ms={"resize":0.6,"l0":15.8,"l1":171.8,"l3":74.0,"temporal_pack":140.8,"total":403.5} bytes=202 level=0 detail=80 epoch=10 n_live=23 residual=3506.373 epoch_pending=0 epochs=11 trigger=safety ttl_dropped=0 waiting=2

2026-09-20 13:38:46,281 INFO camera_service: vector_stats ms_total=442.2 ms={"resize":0.5,"l0":15.8,"l1":176.4,"l3":84.1,"temporal_pack":164.9,"total":442.2} bytes=203 level=0 detail=80 epoch=10 n_live=28 residual=2874.767 epoch_pending=0 epochs=11 trigger=safety ttl_dropped=0 waiting=2

2026-09-20 13:38:49,292 INFO camera_service: vector_stats ms_total=449.0 ms={"resize":0.5,"l0":15.9,"l1":188.6,"l3":88.8,"temporal_pack":154.6,"total":449.0} bytes=203 level=0 detail=80 epoch=10 n_live=26 residual=3406.069 epoch_pending=0 epochs=11 trigger=safety ttl_dropped=0 waiting=8

2026-09-20 13:38:52,230 INFO camera_service: vector_stats ms_total=388.7 ms={"resize":0.5,"l0":16.0,"l1":164.2,"l3":93.4,"temporal_pack":114.1,"total":388.7} bytes=199 level=0 detail=80 epoch=10 n_live=27 residual=2854.949 epoch_pending=0 epochs=11 trigger=safety ttl_dropped=0 waiting=0

2026-09-20 13:38:54,238 INFO camera_service: vector_stats ms_total=396.3 ms={"resize":0.5,"l0":15.9,"l1":154.8,"l3":91.5,"temporal_pack":133.1,"total":396.3} bytes=202 level=0 detail=80 epoch=10 n_live=24 residual=2855.545 epoch_pending=0 epochs=11 trigger=safety ttl_dropped=0 waiting=0

2026-09-20 13:38:56,251 INFO camera_service: vector_stats ms_total=407.4 ms={"resize":0.5,"l0":16.1,"l1":164.1,"l3":87.4,"temporal_pack":138.8,"total":407.4} bytes=201 level=0 detail=80 epoch=10 n_live=24 residual=2832.725 epoch_pending=0 epochs=11 trigger=safety ttl_dropped=0 waiting=0

2026-09-20 13:38:58,283 INFO camera_service: vector_stats ms_total=435.8 ms={"resize":0.5,"l0":16.1,"l1":174.5,"l3":82.0,"temporal_pack":162.1,"total":435.8} bytes=203 level=0 detail=80 epoch=10 n_live=24 residual=2915.675 epoch_pending=0 epochs=11 trigger=safety ttl_dropped=0 waiting=2

2026-09-20 13:39:01,297 INFO camera_service: vector_stats ms_total=419.8 ms={"resize":0.6,"l0":17.7,"l1":166.6,"l3":79.7,"temporal_pack":154.7,"total":419.8} bytes=203 level=0 detail=80 epoch=10 n_live=25 residual=3305.534 epoch_pending=0 epochs=11 trigger=safety ttl_dropped=0 waiting=1

2026-09-20 13:39:04,237 INFO camera_service: vector_stats ms_total=378.5 ms={"resize":0.5,"l0":18.5,"l1":149.2,"l3":84.4,"temporal_pack":125.4,"total":378.5} bytes=199 level=0 detail=80 epoch=10 n_live=20 residual=3438.959 epoch_pending=0 epochs=11 trigger=safety ttl_dropped=0 waiting=0

2026-09-20 13:39:06,262 INFO camera_service: vector_stats ms_total=417.4 ms={"resize":0.4,"l0":18.5,"l1":164.9,"l3":79.2,"temporal_pack":153.7,"total":417.4} bytes=200 level=0 detail=80 epoch=10 n_live=19 residual=3605.214 epoch_pending=0 epochs=11 trigger=safety ttl_dropped=0 waiting=0

2026-09-20 13:39:08,277 INFO camera_service: vector_stats ms_total=430.5 ms={"resize":0.6,"l0":18.5,"l1":173.5,"l3":86.2,"temporal_pack":151.2,"total":430.5} bytes=199 level=0 detail=80 epoch=10 n_live=20 residual=3629.157 epoch_pending=0 epochs=11 trigger=safety ttl_dropped=0 waiting=1

2026-09-20 13:39:11,236 INFO camera_service: vector_stats ms_total=385.4 ms={"resize":0.5,"l0":19.4,"l1":165.6,"l3":74.3,"temporal_pack":125.1,"total":385.4} bytes=203 level=0 detail=80 epoch=11 n_live=19 residual=2961.442 epoch_pending=0 epochs=12 trigger=relabel ttl_dropped=0 waiting=0

2026-09-20 13:39:13,256 INFO camera_service: vector_stats ms_total=404.2 ms={"resize":0.5,"l0":18.7,"l1":162.4,"l3":83.1,"temporal_pack":138.9,"total":404.2} bytes=201 level=0 detail=80 epoch=11 n_live=22 residual=2382.000 epoch_pending=0 epochs=12 trigger=relabel ttl_dropped=0 waiting=0

2026-09-20 13:39:15,309 INFO camera_service: vector_stats ms_total=453.0 ms={"resize":0.5,"l0":18.7,"l1":174.7,"l3":76.5,"temporal_pack":182.0,"total":453.0} bytes=202 level=0 detail=80 epoch=11 n_live=23 residual=2588.058 epoch_pending=0 epochs=12 trigger=relabel ttl_dropped=0 waiting=3

2026-09-20 13:39:18,265 INFO camera_service: vector_stats ms_total=416.6 ms={"resize":0.5,"l0":18.7,"l1":178.6,"l3":76.1,"temporal_pack":142.1,"total":416.6} bytes=201 level=0 detail=80 epoch=11 n_live=22 residual=2649.993 epoch_pending=0 epochs=12 trigger=relabel ttl_dropped=0 waiting=0

2026-09-20 13:39:20,324 INFO camera_service: vector_stats ms_total=471.8 ms={"resize":0.5,"l0":19.1,"l1":202.5,"l3":75.0,"temporal_pack":174.2,"total":471.8} bytes=203 level=0 detail=80 epoch=11 n_live=22 residual=2947.886 epoch_pending=0 epochs=12 trigger=relabel ttl_dropped=0 waiting=6

2026-09-20 13:39:23,339 INFO camera_service: vector_stats ms_total=480.3 ms={"resize":0.6,"l0":19.4,"l1":200.6,"l3":78.7,"temporal_pack":180.4,"total":480.3} bytes=202 level=0 detail=80 epoch=11 n_live=21 residual=2402.884 epoch_pending=0 epochs=12 trigger=relabel ttl_dropped=0 waiting=4

2026-09-20 13:39:26,316 INFO camera_service: vector_stats ms_total=454.9 ms={"resize":0.5,"l0":18.8,"l1":191.8,"l3":73.7,"temporal_pack":169.4,"total":454.9} bytes=203 level=0 detail=80 epoch=11 n_live=20 residual=2237.634 epoch_pending=0 epochs=12 trigger=relabel ttl_dropped=0 waiting=4

2026-09-20 13:39:28,341 INFO camera_service: vector_stats ms_total=468.0 ms={"resize":0.7,"l0":24.1,"l1":219.0,"l3":73.5,"temporal_pack":150.2,"total":468.0} bytes=200 level=0 detail=80 epoch=11 n_live=21 residual=2150.933 epoch_pending=0 epochs=12 trigger=relabel ttl_dropped=0 waiting=0

2026-09-20 13:39:31,237 INFO camera_service: vector_stats ms_total=411.8 ms={"resize":0.5,"l0":18.4,"l1":179.6,"l3":76.3,"temporal_pack":136.5,"total":411.8} bytes=203 level=0 detail=80 epoch=11 n_live=18 residual=2538.999 epoch_pending=0 epochs=12 trigger=relabel ttl_dropped=0 waiting=0

2026-09-20 13:39:34,247 INFO camera_service: vector_stats ms_total=414.0 ms={"resize":0.7,"l0":19.1,"l1":172.2,"l3":85.2,"temporal_pack":136.2,"total":414.0} bytes=202 level=0 detail=80 epoch=11 n_live=22 residual=2234.538 epoch_pending=0 epochs=12 trigger=relabel ttl_dropped=0 waiting=0

2026-09-20 13:39:36,285 INFO camera_service: vector_stats ms_total=451.5 ms={"resize":0.5,"l0":18.5,"l1":191.2,"l3":71.9,"temporal_pack":168.8,"total":451.5} bytes=200 level=0 detail=80 epoch=11 n_live=22 residual=2351.258 epoch_pending=0 epochs=12 trigger=relabel ttl_dropped=0 waiting=6

2026-09-20 13:39:39,233 INFO camera_service: vector_stats ms_total=398.4 ms={"resize":0.5,"l0":22.7,"l1":168.1,"l3":75.2,"temporal_pack":131.2,"total":398.4} bytes=200 level=0 detail=80 epoch=11 n_live=21 residual=2846.270 epoch_pending=0 epochs=12 trigger=relabel ttl_dropped=0 waiting=0

2026-09-20 13:39:41,235 INFO camera_service: vector_stats ms_total=399.4 ms={"resize":0.5,"l0":18.6,"l1":153.7,"l3":83.0,"temporal_pack":143.1,"total":399.4} bytes=203 level=0 detail=80 epoch=11 n_live=24 residual=3145.367 epoch_pending=0 epochs=12 trigger=relabel ttl_dropped=0 waiting=0

2026-09-20 13:39:43,282 INFO camera_service: vector_stats ms_total=445.0 ms={"resize":0.5,"l0":19.5,"l1":182.5,"l3":76.1,"temporal_pack":165.7,"total":445.0} bytes=202 level=0 detail=80 epoch=11 n_live=22 residual=3456.563 epoch_pending=0 epochs=12 trigger=relabel ttl_dropped=0 waiting=7

2026-09-20 13:39:46,278 INFO camera_service: vector_stats ms_total=445.9 ms={"resize":0.5,"l0":18.5,"l1":182.9,"l3":72.6,"temporal_pack":170.9,"total":445.9} bytes=200 level=0 detail=80 epoch=11 n_live=23 residual=3520.585 epoch_pending=0 epochs=12 trigger=relabel ttl_dropped=0 waiting=2

2026-09-20 13:39:49,296 INFO camera_service: vector_stats ms_total=461.3 ms={"resize":0.5,"l0":18.3,"l1":171.0,"l3":76.1,"temporal_pack":194.8,"total":461.3} bytes=202 level=0 detail=80 epoch=11 n_live=25 residual=3525.247 epoch_pending=0 epochs=12 trigger=relabel ttl_dropped=0 waiting=1

2026-09-20 13:39:51,306 INFO camera_service: vector_stats ms_total=469.1 ms={"resize":0.5,"l0":18.4,"l1":207.5,"l3":75.9,"temporal_pack":166.1,"total":469.1} bytes=199 level=0 detail=80 epoch=11 n_live=25 residual=3555.250 epoch_pending=0 epochs=12 trigger=relabel ttl_dropped=0 waiting=0

2026-09-20 13:39:54,234 INFO camera_service: vector_stats ms_total=397.0 ms={"resize":0.5,"l0":18.3,"l1":169.1,"l3":77.5,"temporal_pack":131.0,"total":397.0} bytes=203 level=0 detail=80 epoch=11 n_live=16 residual=3308.830 epoch_pending=0 epochs=12 trigger=relabel ttl_dropped=0 waiting=0

2026-09-20 13:39:56,277 INFO camera_service: vector_stats ms_total=440.1 ms={"resize":0.5,"l0":18.2,"l1":174.4,"l3":72.5,"temporal_pack":173.8,"total":440.1} bytes=199 level=0 detail=80 epoch=11 n_live=24 residual=2962.714 epoch_pending=0 epochs=12 trigger=relabel ttl_dropped=0 waiting=5

2026-09-20 13:39:59,304 INFO camera_service: vector_stats ms_total=459.0 ms={"resize":0.5,"l0":19.4,"l1":196.2,"l3":74.8,"temporal_pack":167.4,"total":459.0} bytes=203 level=0 detail=80 epoch=11 n_live=24 residual=3087.058 epoch_pending=0 epochs=12 trigger=relabel ttl_dropped=0 waiting=0

2026-09-20 13:40:01,335 INFO camera_service: vector_stats ms_total=486.7 ms={"resize":0.5,"l0":18.2,"l1":188.3,"l3":74.5,"temporal_pack":204.5,"total":486.7} bytes=203 level=0 detail=80 epoch=11 n_live=25 residual=3546.440 epoch_pending=0 epochs=12 trigger=relabel ttl_dropped=0 waiting=2

2026-09-20 13:40:04,338 INFO camera_service: vector_stats ms_total=488.2 ms={"resize":0.5,"l0":18.3,"l1":192.3,"l3":88.8,"temporal_pack":187.6,"total":488.2} bytes=203 level=0 detail=80 epoch=11 n_live=24 residual=3321.936 epoch_pending=0 epochs=12 trigger=relabel ttl_dropped=0 waiting=4

2026-09-20 13:40:07,310 INFO camera_service: vector_stats ms_total=467.6 ms={"resize":0.5,"l0":19.2,"l1":197.1,"l3":76.8,"temporal_pack":173.1,"total":467.6} bytes=203 level=0 detail=80 epoch=11 n_live=24 residual=3375.036 epoch_pending=0 epochs=12 trigger=relabel ttl_dropped=0 waiting=6

2026-09-20 13:40:10,268 INFO camera_service: vector_stats ms_total=416.1 ms={"resize":0.5,"l0":18.3,"l1":188.7,"l3":70.7,"temporal_pack":137.4,"total":416.1} bytes=201 level=0 detail=80 epoch=12 n_live=13 residual=3545.016 epoch_pending=0 epochs=13 trigger=safety ttl_dropped=0 waiting=10

2026-09-20 13:40:12,299 INFO camera_service: vector_stats ms_total=446.1 ms={"resize":0.5,"l0":18.1,"l1":192.3,"l3":86.2,"temporal_pack":148.3,"total":446.1} bytes=200 level=0 detail=80 epoch=12 n_live=30 residual=2885.621 epoch_pending=0 epochs=13 trigger=safety ttl_dropped=0 waiting=0

2026-09-20 13:40:15,254 INFO camera_service: vector_stats ms_total=407.1 ms={"resize":0.5,"l0":19.1,"l1":175.2,"l3":78.5,"temporal_pack":133.3,"total":407.1} bytes=202 level=0 detail=80 epoch=12 n_live=26 residual=2378.730 epoch_pending=0 epochs=13 trigger=safety ttl_dropped=0 waiting=0

2026-09-20 13:40:17,305 INFO camera_service: vector_stats ms_total=445.6 ms={"resize":0.5,"l0":19.4,"l1":173.9,"l3":83.7,"temporal_pack":167.6,"total":445.6} bytes=200 level=0 detail=80 epoch=12 n_live=30 residual=2626.910 epoch_pending=0 epochs=13 trigger=safety ttl_dropped=0 waiting=5

2026-09-20 13:40:20,306 INFO camera_service: vector_stats ms_total=454.1 ms={"resize":0.5,"l0":18.3,"l1":186.3,"l3":73.3,"temporal_pack":175.0,"total":454.1} bytes=199 level=0 detail=80 epoch=12 n_live=24 residual=2456.691 epoch_pending=0 epochs=13 trigger=safety ttl_dropped=0 waiting=5

2026-09-20 13:40:23,280 INFO camera_service: vector_stats ms_total=420.2 ms={"resize":0.5,"l0":18.2,"l1":168.4,"l3":80.6,"temporal_pack":151.8,"total":420.2} bytes=203 level=0 detail=80 epoch=12 n_live=26 residual=2929.740 epoch_pending=0 epochs=13 trigger=safety ttl_dropped=0 waiting=1

2026-09-20 13:40:25,303 INFO camera_service: vector_stats ms_total=442.0 ms={"resize":0.5,"l0":18.4,"l1":180.1,"l3":68.1,"temporal_pack":174.3,"total":442.0} bytes=201 level=0 detail=80 epoch=12 n_live=32 residual=3366.993 epoch_pending=0 epochs=13 trigger=safety ttl_dropped=0 waiting=2

2026-09-20 13:40:28,279 INFO camera_service: vector_stats ms_total=421.7 ms={"resize":0.5,"l0":18.4,"l1":179.4,"l3":72.8,"temporal_pack":149.8,"total":421.7} bytes=202 level=0 detail=80 epoch=12 n_live=27 residual=2646.056 epoch_pending=0 epochs=13 trigger=safety ttl_dropped=0 waiting=0

2026-09-20 13:40:31,329 INFO camera_service: vector_stats ms_total=472.3 ms={"resize":0.5,"l0":24.2,"l1":205.8,"l3":69.5,"temporal_pack":171.6,"total":472.3} bytes=199 level=0 detail=80 epoch=12 n_live=25 residual=2126.521 epoch_pending=0 epochs=13 trigger=safety ttl_dropped=0 waiting=7

