2026-09-20 13:35:20,572 INFO image_tx_daemon: opening L072 HostLink on /dev/ttymxc3 @ 921600

2026-09-20 13:35:20,574 INFO image_tx_daemon: image_tx_daemon started; mqtt=127.0.0.1:1883 uart=/dev/ttymxc3

2026-09-20 13:35:20,574 INFO image_tx_daemon: no_park_last=0 gap_ms=80 min_frags=3 pipeline_depth=2

2026-09-20 13:35:20,584 INFO image_tx_daemon: MQTT connected; subscribing to lifetrac/v25/cmd/image_frame

2026-09-20 13:35:20,589 INFO image_tx_daemon: LIFETRAC_SKIP_RESET_REQ=1 — relying on external NRST; draining boot chatter only

2026-09-20 13:35:20,606 INFO image_tx_daemon: link_budget: published n_frag=1 profile_idx=5 (profile 1)

INFO: post-VER drain queued type=0xF1 seq=0

INFO: post-VER drain queued type=0xC1 seq=0

INFO: post-VER drain queued type=0xF1 seq=0

INFO: post-VER drain queued type=0xC1 seq=0

Initializing regulatory profile 1 on co-processor...

  FHSS mask: WIDE (50 channels) [LIFETRAC_FHSS_WIDE_MASK=1]

CFG_SET_REQ(FHSS_CHANNEL_MASK) OK: 07000800

CFG_SET_REQ(ANTENNA_GAIN_DBI) OK: 15000100

CFG_SET_REQ(HW_CEILING_DBM) OK: 16000100

  FHSS seed: (0,0) legacy shared permutation [set LIFETRAC_FHSS_FARM_ID / LIFETRAC_FHSS_LINK_ID to separate pairs]

CFG_SET_REQ(FHSS_FARM_ID) OK: 17000800

CFG_SET_REQ(FHSS_NODE_ID) OK: 18000800

CFG_SET_REQ(REG_PROFILE=1) OK: 14000100

PHY contract OK: image_bw250 == {'sf': 7, 'bw_khz': 250, 'cr_den': 5, 'preamble': 8}

2026-09-20 13:35:21,401 INFO image_tx_daemon: LBT_ENABLE=0 (matches W1-10b TX_BURST rationale)

2026-09-20 13:35:21,413 INFO image_tx_daemon: TX worker ready (inter_cycle_s=0.050, max 8 frags/dwell)

2026-09-20 13:35:21,574 INFO image_tx_daemon: stats: goodput=0.0 B/s util=0% pipeline=v3 frames_in=0 ok=0 fail=0 drop_full=0 drop_stale=0 frags_ok=0 frags_fail=0 qdepth=0 parity_tx=0

RFCO_PERTX during TX wait: profile_id=1 tx_status=0x00(OK) hop_idx=0 channel_idx=3 epoch=0 freq_hz=904250000 pkt_toa_us=125568 legal_dwell_used_us_10s=125568

2026-09-20 13:35:30,003 INFO image_tx_daemon: txdone_arrival: seq=1 idx=0 status=0 toa_us=169088

2026-09-20 13:35:30,015 INFO image_tx_daemon: frame seq=1 done (pipelined): 1 fragments ok

2026-09-20 13:35:30,601 INFO image_tx_daemon: txdone_arrival: seq=2 idx=0 status=0 toa_us=169088

2026-09-20 13:35:30,613 INFO image_tx_daemon: frame seq=2 done (pipelined): 1 fragments ok

2026-09-20 13:35:31,586 INFO image_tx_daemon: stats: goodput=40.9 B/s util=3% pipeline=v3 frames_in=3 ok=2 fail=0 drop_full=0 drop_stale=0 frags_ok=2 frags_fail=0 qdepth=0 parity_tx=0

2026-09-20 13:35:31,593 INFO image_tx_daemon: txdone_arrival: seq=3 idx=0 status=0 toa_us=169088

2026-09-20 13:35:31,605 INFO image_tx_daemon: frame seq=3 done (pipelined): 1 fragments ok

2026-09-20 13:35:32,598 INFO image_tx_daemon: txdone_arrival: seq=4 idx=0 status=0 toa_us=169088

2026-09-20 13:35:32,610 INFO image_tx_daemon: frame seq=4 done (pipelined): 1 fragments ok

2026-09-20 13:35:33,595 INFO image_tx_daemon: txdone_arrival: seq=5 idx=0 status=0 toa_us=169088

2026-09-20 13:35:33,607 INFO image_tx_daemon: frame seq=5 done (pipelined): 1 fragments ok

2026-09-20 13:35:34,592 INFO image_tx_daemon: txdone_arrival: seq=6 idx=0 status=0 toa_us=169088

2026-09-20 13:35:34,604 INFO image_tx_daemon: frame seq=6 done (pipelined): 1 fragments ok

2026-09-20 13:35:35,589 INFO image_tx_daemon: txdone_arrival: seq=7 idx=0 status=0 toa_us=169088

2026-09-20 13:35:35,601 INFO image_tx_daemon: frame seq=7 done (pipelined): 1 fragments ok

2026-09-20 13:35:36,588 INFO image_tx_daemon: txdone_arrival: seq=8 idx=0 status=0 toa_us=169088

2026-09-20 13:35:36,601 INFO image_tx_daemon: frame seq=8 done (pipelined): 1 fragments ok

2026-09-20 13:35:37,577 INFO image_tx_daemon: txdone_arrival: seq=9 idx=0 status=0 toa_us=169088

2026-09-20 13:35:37,589 INFO image_tx_daemon: frame seq=9 done (pipelined): 1 fragments ok

2026-09-20 13:35:38,582 INFO image_tx_daemon: txdone_arrival: seq=10 idx=0 status=0 toa_us=169088

2026-09-20 13:35:38,594 INFO image_tx_daemon: frame seq=10 done (pipelined): 1 fragments ok

2026-09-20 13:35:39,578 INFO image_tx_daemon: txdone_arrival: seq=11 idx=0 status=0 toa_us=169088

2026-09-20 13:35:39,589 INFO image_tx_daemon: frame seq=11 done (pipelined): 1 fragments ok

2026-09-20 13:35:40,570 INFO image_tx_daemon: txdone_arrival: seq=12 idx=0 status=0 toa_us=169088

2026-09-20 13:35:40,581 INFO image_tx_daemon: frame seq=12 done (pipelined): 1 fragments ok

2026-09-20 13:35:41,574 INFO image_tx_daemon: txdone_arrival: seq=13 idx=0 status=0 toa_us=169088

2026-09-20 13:35:41,585 INFO image_tx_daemon: frame seq=13 done (pipelined): 1 fragments ok

2026-09-20 13:35:41,597 INFO image_tx_daemon: stats: goodput=226.1 B/s util=19% pipeline=v3 frames_in=13 ok=13 fail=0 drop_full=0 drop_stale=0 frags_ok=13 frags_fail=0 qdepth=0 parity_tx=0

2026-09-20 13:35:42,567 INFO image_tx_daemon: txdone_arrival: seq=14 idx=0 status=0 toa_us=169088

2026-09-20 13:35:42,579 INFO image_tx_daemon: frame seq=14 done (pipelined): 1 fragments ok

2026-09-20 13:35:43,563 INFO image_tx_daemon: txdone_arrival: seq=15 idx=0 status=0 toa_us=169088

2026-09-20 13:35:43,574 INFO image_tx_daemon: frame seq=15 done (pipelined): 1 fragments ok

2026-09-20 13:35:44,559 INFO image_tx_daemon: txdone_arrival: seq=16 idx=0 status=0 toa_us=169088

2026-09-20 13:35:44,571 INFO image_tx_daemon: frame seq=16 done (pipelined): 1 fragments ok

2026-09-20 13:35:45,560 INFO image_tx_daemon: txdone_arrival: seq=17 idx=0 status=0 toa_us=169088

2026-09-20 13:35:45,571 INFO image_tx_daemon: frame seq=17 done (pipelined): 1 fragments ok

2026-09-20 13:35:46,555 INFO image_tx_daemon: txdone_arrival: seq=18 idx=0 status=0 toa_us=166528

2026-09-20 13:35:46,567 INFO image_tx_daemon: frame seq=18 done (pipelined): 1 fragments ok

2026-09-20 13:35:47,553 INFO image_tx_daemon: txdone_arrival: seq=19 idx=0 status=0 toa_us=169088

2026-09-20 13:35:47,565 INFO image_tx_daemon: frame seq=19 done (pipelined): 1 fragments ok

2026-09-20 13:35:48,550 INFO image_tx_daemon: txdone_arrival: seq=20 idx=0 status=0 toa_us=169088

2026-09-20 13:35:48,562 INFO image_tx_daemon: frame seq=20 done (pipelined): 1 fragments ok

2026-09-20 13:35:49,555 INFO image_tx_daemon: txdone_arrival: seq=21 idx=0 status=0 toa_us=169088

2026-09-20 13:35:49,567 INFO image_tx_daemon: frame seq=21 done (pipelined): 1 fragments ok

2026-09-20 13:35:50,549 INFO image_tx_daemon: txdone_arrival: seq=22 idx=0 status=0 toa_us=169088

2026-09-20 13:35:50,561 INFO image_tx_daemon: frame seq=22 done (pipelined): 1 fragments ok

2026-09-20 13:35:51,292 WARNING image_tx_daemon: FAULT during pipelined TX: code=0x0D sub=0x20 raw=0d20000000000000000000000000000000000000e6870000

2026-09-20 13:35:51,542 INFO image_tx_daemon: txdone_arrival: seq=23 idx=0 status=0 toa_us=169088

2026-09-20 13:35:51,554 INFO image_tx_daemon: frame seq=23 done (pipelined): 1 fragments ok

2026-09-20 13:35:51,607 INFO image_tx_daemon: stats: goodput=205.5 B/s util=17% pipeline=v3 frames_in=23 ok=23 fail=0 drop_full=0 drop_stale=0 frags_ok=23 frags_fail=0 qdepth=0 parity_tx=0

2026-09-20 13:35:52,549 INFO image_tx_daemon: txdone_arrival: seq=24 idx=0 status=0 toa_us=169088

2026-09-20 13:35:52,561 INFO image_tx_daemon: frame seq=24 done (pipelined): 1 fragments ok

2026-09-20 13:35:53,538 INFO image_tx_daemon: txdone_arrival: seq=25 idx=0 status=0 toa_us=169088

2026-09-20 13:35:53,550 INFO image_tx_daemon: frame seq=25 done (pipelined): 1 fragments ok

2026-09-20 13:35:54,537 INFO image_tx_daemon: txdone_arrival: seq=26 idx=0 status=0 toa_us=169088

2026-09-20 13:35:54,549 INFO image_tx_daemon: frame seq=26 done (pipelined): 1 fragments ok

2026-09-20 13:35:55,533 INFO image_tx_daemon: txdone_arrival: seq=27 idx=0 status=0 toa_us=169088

2026-09-20 13:35:55,545 INFO image_tx_daemon: frame seq=27 done (pipelined): 1 fragments ok

2026-09-20 13:35:56,531 INFO image_tx_daemon: txdone_arrival: seq=28 idx=0 status=0 toa_us=169088

2026-09-20 13:35:56,542 INFO image_tx_daemon: frame seq=28 done (pipelined): 1 fragments ok

2026-09-20 13:35:57,535 INFO image_tx_daemon: txdone_arrival: seq=29 idx=0 status=0 toa_us=169088

2026-09-20 13:35:57,546 INFO image_tx_daemon: frame seq=29 done (pipelined): 1 fragments ok

2026-09-20 13:35:58,534 INFO image_tx_daemon: txdone_arrival: seq=30 idx=0 status=0 toa_us=169088

2026-09-20 13:35:58,545 INFO image_tx_daemon: frame seq=30 done (pipelined): 1 fragments ok

2026-09-20 13:35:59,527 INFO image_tx_daemon: txdone_arrival: seq=31 idx=0 status=0 toa_us=166528

2026-09-20 13:35:59,539 INFO image_tx_daemon: frame seq=31 done (pipelined): 1 fragments ok

2026-09-20 13:36:00,529 INFO image_tx_daemon: txdone_arrival: seq=32 idx=0 status=0 toa_us=169088

2026-09-20 13:36:00,541 INFO image_tx_daemon: frame seq=32 done (pipelined): 1 fragments ok

2026-09-20 13:36:01,521 INFO image_tx_daemon: txdone_arrival: seq=33 idx=0 status=0 toa_us=169088

2026-09-20 13:36:01,532 INFO image_tx_daemon: frame seq=33 done (pipelined): 1 fragments ok

2026-09-20 13:36:01,618 INFO image_tx_daemon: stats: goodput=205.2 B/s util=17% pipeline=v3 frames_in=33 ok=33 fail=0 drop_full=0 drop_stale=0 frags_ok=33 frags_fail=0 qdepth=0 parity_tx=0

2026-09-20 13:36:02,522 INFO image_tx_daemon: txdone_arrival: seq=34 idx=0 status=0 toa_us=169088

2026-09-20 13:36:02,533 INFO image_tx_daemon: frame seq=34 done (pipelined): 1 fragments ok

2026-09-20 13:36:03,519 INFO image_tx_daemon: txdone_arrival: seq=35 idx=0 status=0 toa_us=169088

2026-09-20 13:36:03,530 INFO image_tx_daemon: frame seq=35 done (pipelined): 1 fragments ok

2026-09-20 13:36:04,508 INFO image_tx_daemon: txdone_arrival: seq=36 idx=0 status=0 toa_us=166528

2026-09-20 13:36:04,519 INFO image_tx_daemon: frame seq=36 done (pipelined): 1 fragments ok

2026-09-20 13:36:05,510 INFO image_tx_daemon: txdone_arrival: seq=37 idx=0 status=0 toa_us=169088

2026-09-20 13:36:05,522 INFO image_tx_daemon: frame seq=37 done (pipelined): 1 fragments ok

2026-09-20 13:36:06,513 INFO image_tx_daemon: txdone_arrival: seq=38 idx=0 status=0 toa_us=169088

2026-09-20 13:36:06,525 INFO image_tx_daemon: frame seq=38 done (pipelined): 1 fragments ok

2026-09-20 13:36:07,709 INFO image_tx_daemon: txdone_arrival: seq=39 idx=0 status=0 toa_us=169088

2026-09-20 13:36:07,721 INFO image_tx_daemon: frame seq=39 done (pipelined): 1 fragments ok

2026-09-20 13:36:08,703 INFO image_tx_daemon: txdone_arrival: seq=40 idx=0 status=0 toa_us=166528

2026-09-20 13:36:08,715 INFO image_tx_daemon: frame seq=40 done (pipelined): 1 fragments ok

2026-09-20 13:36:09,698 INFO image_tx_daemon: txdone_arrival: seq=41 idx=0 status=0 toa_us=169088

2026-09-20 13:36:09,710 INFO image_tx_daemon: frame seq=41 done (pipelined): 1 fragments ok

2026-09-20 13:36:10,703 INFO image_tx_daemon: txdone_arrival: seq=42 idx=0 status=0 toa_us=169088

2026-09-20 13:36:10,715 INFO image_tx_daemon: frame seq=42 done (pipelined): 1 fragments ok

2026-09-20 13:36:11,630 INFO image_tx_daemon: stats: goodput=184.3 B/s util=15% pipeline=v3 frames_in=43 ok=42 fail=0 drop_full=0 drop_stale=0 frags_ok=42 frags_fail=0 qdepth=0 parity_tx=0

2026-09-20 13:36:11,696 INFO image_tx_daemon: txdone_arrival: seq=43 idx=0 status=0 toa_us=169088

2026-09-20 13:36:11,708 INFO image_tx_daemon: frame seq=43 done (pipelined): 1 fragments ok

2026-09-20 13:36:12,691 INFO image_tx_daemon: txdone_arrival: seq=44 idx=0 status=0 toa_us=169088

2026-09-20 13:36:12,702 INFO image_tx_daemon: frame seq=44 done (pipelined): 1 fragments ok

2026-09-20 13:36:13,696 INFO image_tx_daemon: txdone_arrival: seq=45 idx=0 status=0 toa_us=169088

2026-09-20 13:36:13,708 INFO image_tx_daemon: frame seq=45 done (pipelined): 1 fragments ok

2026-09-20 13:36:14,492 INFO image_tx_daemon: txdone_arrival: seq=46 idx=0 status=0 toa_us=169088

2026-09-20 13:36:14,506 INFO image_tx_daemon: frame seq=46 done (pipelined): 1 fragments ok

2026-09-20 13:36:15,485 INFO image_tx_daemon: txdone_arrival: seq=47 idx=0 status=0 toa_us=169088

2026-09-20 13:36:15,497 INFO image_tx_daemon: frame seq=47 done (pipelined): 1 fragments ok

2026-09-20 13:36:16,481 INFO image_tx_daemon: txdone_arrival: seq=48 idx=0 status=0 toa_us=169088

2026-09-20 13:36:16,493 INFO image_tx_daemon: frame seq=48 done (pipelined): 1 fragments ok

2026-09-20 13:36:17,481 INFO image_tx_daemon: txdone_arrival: seq=49 idx=0 status=0 toa_us=169088

2026-09-20 13:36:17,493 INFO image_tx_daemon: frame seq=49 done (pipelined): 1 fragments ok

2026-09-20 13:36:18,477 INFO image_tx_daemon: txdone_arrival: seq=50 idx=0 status=0 toa_us=169088

2026-09-20 13:36:18,489 INFO image_tx_daemon: frame seq=50 done (pipelined): 1 fragments ok

2026-09-20 13:36:19,472 INFO image_tx_daemon: txdone_arrival: seq=51 idx=0 status=0 toa_us=169088

2026-09-20 13:36:19,484 INFO image_tx_daemon: frame seq=51 done (pipelined): 1 fragments ok

2026-09-20 13:36:20,469 INFO image_tx_daemon: txdone_arrival: seq=52 idx=0 status=0 toa_us=169088

2026-09-20 13:36:20,480 INFO image_tx_daemon: frame seq=52 done (pipelined): 1 fragments ok

2026-09-20 13:36:21,255 WARNING image_tx_daemon: FAULT during pipelined TX: code=0x0D sub=0x21 raw=0d2100000000000000000000000000000000000016fd0000

2026-09-20 13:36:21,472 INFO image_tx_daemon: txdone_arrival: seq=53 idx=0 status=0 toa_us=169088

2026-09-20 13:36:21,484 INFO image_tx_daemon: frame seq=53 done (pipelined): 1 fragments ok

2026-09-20 13:36:21,642 INFO image_tx_daemon: stats: goodput=226.2 B/s util=19% pipeline=v3 frames_in=53 ok=53 fail=0 drop_full=0 drop_stale=0 frags_ok=53 frags_fail=0 qdepth=0 parity_tx=0

2026-09-20 13:36:22,473 INFO image_tx_daemon: txdone_arrival: seq=54 idx=0 status=0 toa_us=169088

2026-09-20 13:36:22,485 INFO image_tx_daemon: frame seq=54 done (pipelined): 1 fragments ok

2026-09-20 13:36:23,459 INFO image_tx_daemon: txdone_arrival: seq=55 idx=0 status=0 toa_us=166528

2026-09-20 13:36:23,471 INFO image_tx_daemon: frame seq=55 done (pipelined): 1 fragments ok

2026-09-20 13:36:24,460 INFO image_tx_daemon: txdone_arrival: seq=56 idx=0 status=0 toa_us=169088

2026-09-20 13:36:24,472 INFO image_tx_daemon: frame seq=56 done (pipelined): 1 fragments ok

2026-09-20 13:36:25,462 INFO image_tx_daemon: txdone_arrival: seq=57 idx=0 status=0 toa_us=169088

2026-09-20 13:36:25,474 INFO image_tx_daemon: frame seq=57 done (pipelined): 1 fragments ok

2026-09-20 13:36:26,463 INFO image_tx_daemon: txdone_arrival: seq=58 idx=0 status=0 toa_us=169088

2026-09-20 13:36:26,475 INFO image_tx_daemon: frame seq=58 done (pipelined): 1 fragments ok

2026-09-20 13:36:27,660 INFO image_tx_daemon: txdone_arrival: seq=59 idx=0 status=0 toa_us=169088

2026-09-20 13:36:27,672 INFO image_tx_daemon: frame seq=59 done (pipelined): 1 fragments ok

2026-09-20 13:36:28,654 INFO image_tx_daemon: txdone_arrival: seq=60 idx=0 status=0 toa_us=169088

2026-09-20 13:36:28,667 INFO image_tx_daemon: frame seq=60 done (pipelined): 1 fragments ok

2026-09-20 13:36:29,649 INFO image_tx_daemon: txdone_arrival: seq=61 idx=0 status=0 toa_us=166528

2026-09-20 13:36:29,661 INFO image_tx_daemon: frame seq=61 done (pipelined): 1 fragments ok

2026-09-20 13:36:30,651 INFO image_tx_daemon: txdone_arrival: seq=62 idx=0 status=0 toa_us=169088

2026-09-20 13:36:30,663 INFO image_tx_daemon: frame seq=62 done (pipelined): 1 fragments ok

2026-09-20 13:36:31,645 INFO image_tx_daemon: txdone_arrival: seq=63 idx=0 status=0 toa_us=166528

2026-09-20 13:36:31,654 INFO image_tx_daemon: stats: goodput=204.9 B/s util=17% pipeline=v3 frames_in=63 ok=63 fail=0 drop_full=0 drop_stale=0 frags_ok=63 frags_fail=0 qdepth=0 parity_tx=0

2026-09-20 13:36:31,657 INFO image_tx_daemon: frame seq=63 done (pipelined): 1 fragments ok

2026-09-20 13:36:32,646 INFO image_tx_daemon: txdone_arrival: seq=64 idx=0 status=0 toa_us=169088

2026-09-20 13:36:32,657 INFO image_tx_daemon: frame seq=64 done (pipelined): 1 fragments ok

2026-09-20 13:36:33,646 INFO image_tx_daemon: txdone_arrival: seq=65 idx=0 status=0 toa_us=169088

2026-09-20 13:36:33,658 INFO image_tx_daemon: frame seq=65 done (pipelined): 1 fragments ok

2026-09-20 13:36:34,635 INFO image_tx_daemon: txdone_arrival: seq=66 idx=0 status=0 toa_us=169088

2026-09-20 13:36:34,647 INFO image_tx_daemon: frame seq=66 done (pipelined): 1 fragments ok

2026-09-20 13:36:35,639 INFO image_tx_daemon: txdone_arrival: seq=67 idx=0 status=0 toa_us=169088

2026-09-20 13:36:35,651 INFO image_tx_daemon: frame seq=67 done (pipelined): 1 fragments ok

2026-09-20 13:36:36,636 INFO image_tx_daemon: txdone_arrival: seq=68 idx=0 status=0 toa_us=169088

2026-09-20 13:36:36,648 INFO image_tx_daemon: frame seq=68 done (pipelined): 1 fragments ok

2026-09-20 13:36:37,631 INFO image_tx_daemon: txdone_arrival: seq=69 idx=0 status=0 toa_us=169088

2026-09-20 13:36:37,643 INFO image_tx_daemon: frame seq=69 done (pipelined): 1 fragments ok

2026-09-20 13:36:38,632 INFO image_tx_daemon: txdone_arrival: seq=70 idx=0 status=0 toa_us=169088

2026-09-20 13:36:38,643 INFO image_tx_daemon: frame seq=70 done (pipelined): 1 fragments ok

2026-09-20 13:36:39,626 INFO image_tx_daemon: txdone_arrival: seq=71 idx=0 status=0 toa_us=169088

2026-09-20 13:36:39,638 INFO image_tx_daemon: frame seq=71 done (pipelined): 1 fragments ok

2026-09-20 13:36:40,628 INFO image_tx_daemon: txdone_arrival: seq=72 idx=0 status=0 toa_us=169088

2026-09-20 13:36:40,641 INFO image_tx_daemon: frame seq=72 done (pipelined): 1 fragments ok

2026-09-20 13:36:41,624 INFO image_tx_daemon: txdone_arrival: seq=73 idx=0 status=0 toa_us=169088

2026-09-20 13:36:41,636 INFO image_tx_daemon: frame seq=73 done (pipelined): 1 fragments ok

2026-09-20 13:36:41,666 INFO image_tx_daemon: stats: goodput=206.5 B/s util=17% pipeline=v3 frames_in=73 ok=73 fail=0 drop_full=0 drop_stale=0 frags_ok=73 frags_fail=0 qdepth=0 parity_tx=0

2026-09-20 13:36:42,624 INFO image_tx_daemon: txdone_arrival: seq=74 idx=0 status=0 toa_us=169088

2026-09-20 13:36:42,636 INFO image_tx_daemon: frame seq=74 done (pipelined): 1 fragments ok

2026-09-20 13:36:43,619 INFO image_tx_daemon: txdone_arrival: seq=75 idx=0 status=0 toa_us=169088

2026-09-20 13:36:43,630 INFO image_tx_daemon: frame seq=75 done (pipelined): 1 fragments ok

2026-09-20 13:36:44,622 INFO image_tx_daemon: txdone_arrival: seq=76 idx=0 status=0 toa_us=169088

2026-09-20 13:36:44,633 INFO image_tx_daemon: frame seq=76 done (pipelined): 1 fragments ok

2026-09-20 13:36:45,613 INFO image_tx_daemon: txdone_arrival: seq=77 idx=0 status=0 toa_us=169088

2026-09-20 13:36:45,625 INFO image_tx_daemon: frame seq=77 done (pipelined): 1 fragments ok

2026-09-20 13:36:46,617 INFO image_tx_daemon: txdone_arrival: seq=78 idx=0 status=0 toa_us=169088

2026-09-20 13:36:46,629 INFO image_tx_daemon: frame seq=78 done (pipelined): 1 fragments ok

2026-09-20 13:36:47,608 INFO image_tx_daemon: txdone_arrival: seq=79 idx=0 status=0 toa_us=169088

2026-09-20 13:36:47,620 INFO image_tx_daemon: frame seq=79 done (pipelined): 1 fragments ok

2026-09-20 13:36:48,611 INFO image_tx_daemon: txdone_arrival: seq=80 idx=0 status=0 toa_us=169088

2026-09-20 13:36:48,622 INFO image_tx_daemon: frame seq=80 done (pipelined): 1 fragments ok

2026-09-20 13:36:49,607 INFO image_tx_daemon: txdone_arrival: seq=81 idx=0 status=0 toa_us=169088

2026-09-20 13:36:49,619 INFO image_tx_daemon: frame seq=81 done (pipelined): 1 fragments ok

2026-09-20 13:36:50,600 INFO image_tx_daemon: txdone_arrival: seq=82 idx=0 status=0 toa_us=169088

2026-09-20 13:36:50,612 INFO image_tx_daemon: frame seq=82 done (pipelined): 1 fragments ok

2026-09-20 13:36:51,600 INFO image_tx_daemon: txdone_arrival: seq=83 idx=0 status=0 toa_us=169088

2026-09-20 13:36:51,612 INFO image_tx_daemon: frame seq=83 done (pipelined): 1 fragments ok

2026-09-20 13:36:51,678 INFO image_tx_daemon: stats: goodput=205.4 B/s util=17% pipeline=v3 frames_in=83 ok=83 fail=0 drop_full=0 drop_stale=0 frags_ok=83 frags_fail=0 qdepth=0 parity_tx=0

2026-09-20 13:36:52,601 INFO image_tx_daemon: txdone_arrival: seq=84 idx=0 status=0 toa_us=166528

2026-09-20 13:36:52,612 INFO image_tx_daemon: frame seq=84 done (pipelined): 1 fragments ok

2026-09-20 13:36:53,597 INFO image_tx_daemon: txdone_arrival: seq=85 idx=0 status=0 toa_us=169088

2026-09-20 13:36:53,609 INFO image_tx_daemon: frame seq=85 done (pipelined): 1 fragments ok

2026-09-20 13:36:54,598 INFO image_tx_daemon: txdone_arrival: seq=86 idx=0 status=0 toa_us=169088

2026-09-20 13:36:54,610 INFO image_tx_daemon: frame seq=86 done (pipelined): 1 fragments ok

2026-09-20 13:36:55,593 INFO image_tx_daemon: txdone_arrival: seq=87 idx=0 status=0 toa_us=169088

2026-09-20 13:36:55,606 INFO image_tx_daemon: frame seq=87 done (pipelined): 1 fragments ok

2026-09-20 13:36:56,589 INFO image_tx_daemon: txdone_arrival: seq=88 idx=0 status=0 toa_us=169088

2026-09-20 13:36:56,601 INFO image_tx_daemon: frame seq=88 done (pipelined): 1 fragments ok

2026-09-20 13:36:57,593 INFO image_tx_daemon: txdone_arrival: seq=89 idx=0 status=0 toa_us=169088

2026-09-20 13:36:57,605 INFO image_tx_daemon: frame seq=89 done (pipelined): 1 fragments ok

2026-09-20 13:36:58,587 INFO image_tx_daemon: txdone_arrival: seq=90 idx=0 status=0 toa_us=169088

2026-09-20 13:36:58,599 INFO image_tx_daemon: frame seq=90 done (pipelined): 1 fragments ok

2026-09-20 13:36:59,586 INFO image_tx_daemon: txdone_arrival: seq=91 idx=0 status=0 toa_us=166528

2026-09-20 13:36:59,598 INFO image_tx_daemon: frame seq=91 done (pipelined): 1 fragments ok

2026-09-20 13:37:00,585 INFO image_tx_daemon: txdone_arrival: seq=92 idx=0 status=0 toa_us=166528

2026-09-20 13:37:00,597 INFO image_tx_daemon: frame seq=92 done (pipelined): 1 fragments ok

2026-09-20 13:37:01,584 INFO image_tx_daemon: txdone_arrival: seq=93 idx=0 status=0 toa_us=169088

2026-09-20 13:37:01,596 INFO image_tx_daemon: frame seq=93 done (pipelined): 1 fragments ok

2026-09-20 13:37:01,689 INFO image_tx_daemon: stats: goodput=204.1 B/s util=17% pipeline=v3 frames_in=93 ok=93 fail=0 drop_full=0 drop_stale=0 frags_ok=93 frags_fail=0 qdepth=0 parity_tx=0

2026-09-20 13:37:02,579 INFO image_tx_daemon: txdone_arrival: seq=94 idx=0 status=0 toa_us=169088

2026-09-20 13:37:02,590 INFO image_tx_daemon: frame seq=94 done (pipelined): 1 fragments ok

2026-09-20 13:37:03,582 INFO image_tx_daemon: txdone_arrival: seq=95 idx=0 status=0 toa_us=169088

2026-09-20 13:37:03,594 INFO image_tx_daemon: frame seq=95 done (pipelined): 1 fragments ok

2026-09-20 13:37:04,579 INFO image_tx_daemon: txdone_arrival: seq=96 idx=0 status=0 toa_us=169088

2026-09-20 13:37:04,591 INFO image_tx_daemon: frame seq=96 done (pipelined): 1 fragments ok

2026-09-20 13:37:05,574 INFO image_tx_daemon: txdone_arrival: seq=97 idx=0 status=0 toa_us=169088

2026-09-20 13:37:05,585 INFO image_tx_daemon: frame seq=97 done (pipelined): 1 fragments ok

2026-09-20 13:37:06,573 INFO image_tx_daemon: txdone_arrival: seq=98 idx=0 status=0 toa_us=169088

2026-09-20 13:37:06,585 INFO image_tx_daemon: frame seq=98 done (pipelined): 1 fragments ok

2026-09-20 13:37:07,568 INFO image_tx_daemon: txdone_arrival: seq=99 idx=0 status=0 toa_us=166528

2026-09-20 13:37:07,580 INFO image_tx_daemon: frame seq=99 done (pipelined): 1 fragments ok

2026-09-20 13:37:08,568 INFO image_tx_daemon: txdone_arrival: seq=100 idx=0 status=0 toa_us=169088

2026-09-20 13:37:08,580 INFO image_tx_daemon: frame seq=100 done (pipelined): 1 fragments ok

2026-09-20 13:37:09,568 INFO image_tx_daemon: txdone_arrival: seq=101 idx=0 status=0 toa_us=169088

2026-09-20 13:37:09,580 INFO image_tx_daemon: frame seq=101 done (pipelined): 1 fragments ok

2026-09-20 13:37:10,568 INFO image_tx_daemon: txdone_arrival: seq=102 idx=0 status=0 toa_us=169088

2026-09-20 13:37:10,580 INFO image_tx_daemon: frame seq=102 done (pipelined): 1 fragments ok

2026-09-20 13:37:11,568 INFO image_tx_daemon: txdone_arrival: seq=103 idx=0 status=0 toa_us=169088

2026-09-20 13:37:11,580 INFO image_tx_daemon: frame seq=103 done (pipelined): 1 fragments ok

2026-09-20 13:37:11,701 INFO image_tx_daemon: stats: goodput=205.0 B/s util=17% pipeline=v3 frames_in=103 ok=103 fail=0 drop_full=0 drop_stale=0 frags_ok=103 frags_fail=0 qdepth=0 parity_tx=0

2026-09-20 13:37:12,565 INFO image_tx_daemon: txdone_arrival: seq=104 idx=0 status=0 toa_us=169088

2026-09-20 13:37:12,577 INFO image_tx_daemon: frame seq=104 done (pipelined): 1 fragments ok

2026-09-20 13:37:13,557 INFO image_tx_daemon: txdone_arrival: seq=105 idx=0 status=0 toa_us=169088

2026-09-20 13:37:13,569 INFO image_tx_daemon: frame seq=105 done (pipelined): 1 fragments ok

2026-09-20 13:37:14,556 INFO image_tx_daemon: txdone_arrival: seq=106 idx=0 status=0 toa_us=169088

2026-09-20 13:37:14,568 INFO image_tx_daemon: frame seq=106 done (pipelined): 1 fragments ok

2026-09-20 13:37:15,558 INFO image_tx_daemon: txdone_arrival: seq=107 idx=0 status=0 toa_us=169088

2026-09-20 13:37:15,569 INFO image_tx_daemon: frame seq=107 done (pipelined): 1 fragments ok

2026-09-20 13:37:16,550 INFO image_tx_daemon: txdone_arrival: seq=108 idx=0 status=0 toa_us=166528

2026-09-20 13:37:16,562 INFO image_tx_daemon: frame seq=108 done (pipelined): 1 fragments ok

2026-09-20 13:37:17,557 INFO image_tx_daemon: txdone_arrival: seq=109 idx=0 status=0 toa_us=169088

2026-09-20 13:37:17,569 INFO image_tx_daemon: frame seq=109 done (pipelined): 1 fragments ok

2026-09-20 13:37:18,557 INFO image_tx_daemon: txdone_arrival: seq=110 idx=0 status=0 toa_us=169088

2026-09-20 13:37:18,568 INFO image_tx_daemon: frame seq=110 done (pipelined): 1 fragments ok

2026-09-20 13:37:19,555 INFO image_tx_daemon: txdone_arrival: seq=111 idx=0 status=0 toa_us=169088

2026-09-20 13:37:19,566 INFO image_tx_daemon: frame seq=111 done (pipelined): 1 fragments ok

2026-09-20 13:37:20,554 INFO image_tx_daemon: txdone_arrival: seq=112 idx=0 status=0 toa_us=169088

2026-09-20 13:37:20,566 INFO image_tx_daemon: frame seq=112 done (pipelined): 1 fragments ok

2026-09-20 13:37:21,543 INFO image_tx_daemon: txdone_arrival: seq=113 idx=0 status=0 toa_us=169088

2026-09-20 13:37:21,556 INFO image_tx_daemon: frame seq=113 done (pipelined): 1 fragments ok

2026-09-20 13:37:21,713 INFO image_tx_daemon: stats: goodput=205.4 B/s util=17% pipeline=v3 frames_in=113 ok=113 fail=0 drop_full=0 drop_stale=0 frags_ok=113 frags_fail=0 qdepth=0 parity_tx=0

2026-09-20 13:37:22,542 INFO image_tx_daemon: txdone_arrival: seq=114 idx=0 status=0 toa_us=169088

2026-09-20 13:37:22,554 INFO image_tx_daemon: frame seq=114 done (pipelined): 1 fragments ok

2026-09-20 13:37:23,545 INFO image_tx_daemon: txdone_arrival: seq=115 idx=0 status=0 toa_us=169088

2026-09-20 13:37:23,557 INFO image_tx_daemon: frame seq=115 done (pipelined): 1 fragments ok

2026-09-20 13:37:24,539 INFO image_tx_daemon: txdone_arrival: seq=116 idx=0 status=0 toa_us=166528

2026-09-20 13:37:24,550 INFO image_tx_daemon: frame seq=116 done (pipelined): 1 fragments ok

2026-09-20 13:37:25,538 INFO image_tx_daemon: txdone_arrival: seq=117 idx=0 status=0 toa_us=169088

2026-09-20 13:37:25,550 INFO image_tx_daemon: frame seq=117 done (pipelined): 1 fragments ok

2026-09-20 13:37:26,545 INFO image_tx_daemon: txdone_arrival: seq=118 idx=0 status=0 toa_us=169088

2026-09-20 13:37:26,557 INFO image_tx_daemon: frame seq=118 done (pipelined): 1 fragments ok

2026-09-20 13:37:27,537 INFO image_tx_daemon: txdone_arrival: seq=119 idx=0 status=0 toa_us=166528

2026-09-20 13:37:27,549 INFO image_tx_daemon: frame seq=119 done (pipelined): 1 fragments ok

2026-09-20 13:37:28,537 INFO image_tx_daemon: txdone_arrival: seq=120 idx=0 status=0 toa_us=169088

2026-09-20 13:37:28,550 INFO image_tx_daemon: frame seq=120 done (pipelined): 1 fragments ok

2026-09-20 13:37:29,530 INFO image_tx_daemon: txdone_arrival: seq=121 idx=0 status=0 toa_us=169088

2026-09-20 13:37:29,542 INFO image_tx_daemon: frame seq=121 done (pipelined): 1 fragments ok

2026-09-20 13:37:30,534 INFO image_tx_daemon: txdone_arrival: seq=122 idx=0 status=0 toa_us=169088

2026-09-20 13:37:30,545 INFO image_tx_daemon: frame seq=122 done (pipelined): 1 fragments ok

2026-09-20 13:37:31,531 INFO image_tx_daemon: txdone_arrival: seq=123 idx=0 status=0 toa_us=166528

2026-09-20 13:37:31,543 INFO image_tx_daemon: frame seq=123 done (pipelined): 1 fragments ok

2026-09-20 13:37:31,725 INFO image_tx_daemon: stats: goodput=204.5 B/s util=17% pipeline=v3 frames_in=123 ok=123 fail=0 drop_full=0 drop_stale=0 frags_ok=123 frags_fail=0 qdepth=0 parity_tx=0

2026-09-20 13:37:32,529 INFO image_tx_daemon: txdone_arrival: seq=124 idx=0 status=0 toa_us=169088

2026-09-20 13:37:32,541 INFO image_tx_daemon: frame seq=124 done (pipelined): 1 fragments ok

2026-09-20 13:37:33,526 INFO image_tx_daemon: txdone_arrival: seq=125 idx=0 status=0 toa_us=169088

2026-09-20 13:37:33,537 INFO image_tx_daemon: frame seq=125 done (pipelined): 1 fragments ok

2026-09-20 13:37:34,731 INFO image_tx_daemon: txdone_arrival: seq=126 idx=0 status=0 toa_us=169088

2026-09-20 13:37:34,742 INFO image_tx_daemon: frame seq=126 done (pipelined): 1 fragments ok

2026-09-20 13:37:35,524 INFO image_tx_daemon: txdone_arrival: seq=127 idx=0 status=0 toa_us=169088

2026-09-20 13:37:35,536 INFO image_tx_daemon: frame seq=127 done (pipelined): 1 fragments ok

2026-09-20 13:37:36,525 INFO image_tx_daemon: txdone_arrival: seq=128 idx=0 status=0 toa_us=169088

2026-09-20 13:37:36,537 INFO image_tx_daemon: frame seq=128 done (pipelined): 1 fragments ok

2026-09-20 13:37:37,522 INFO image_tx_daemon: txdone_arrival: seq=129 idx=0 status=0 toa_us=169088

2026-09-20 13:37:37,534 INFO image_tx_daemon: frame seq=129 done (pipelined): 1 fragments ok

2026-09-20 13:37:38,519 INFO image_tx_daemon: txdone_arrival: seq=130 idx=0 status=0 toa_us=169088

2026-09-20 13:37:38,530 INFO image_tx_daemon: frame seq=130 done (pipelined): 1 fragments ok

2026-09-20 13:37:39,516 INFO image_tx_daemon: txdone_arrival: seq=131 idx=0 status=0 toa_us=169088

2026-09-20 13:37:39,528 INFO image_tx_daemon: frame seq=131 done (pipelined): 1 fragments ok

2026-09-20 13:37:40,518 INFO image_tx_daemon: txdone_arrival: seq=132 idx=0 status=0 toa_us=166528

2026-09-20 13:37:40,530 INFO image_tx_daemon: frame seq=132 done (pipelined): 1 fragments ok

2026-09-20 13:37:41,522 INFO image_tx_daemon: txdone_arrival: seq=133 idx=0 status=0 toa_us=169088

2026-09-20 13:37:41,534 INFO image_tx_daemon: frame seq=133 done (pipelined): 1 fragments ok

2026-09-20 13:37:41,737 INFO image_tx_daemon: stats: goodput=205.1 B/s util=17% pipeline=v3 frames_in=133 ok=133 fail=0 drop_full=0 drop_stale=0 frags_ok=133 frags_fail=0 qdepth=0 parity_tx=0

2026-09-20 13:37:42,518 INFO image_tx_daemon: txdone_arrival: seq=134 idx=0 status=0 toa_us=169088

2026-09-20 13:37:42,529 INFO image_tx_daemon: frame seq=134 done (pipelined): 1 fragments ok

2026-09-20 13:37:43,516 INFO image_tx_daemon: txdone_arrival: seq=135 idx=0 status=0 toa_us=169088

2026-09-20 13:37:43,528 INFO image_tx_daemon: frame seq=135 done (pipelined): 1 fragments ok

2026-09-20 13:37:44,519 INFO image_tx_daemon: txdone_arrival: seq=136 idx=0 status=0 toa_us=169088

2026-09-20 13:37:44,531 INFO image_tx_daemon: frame seq=136 done (pipelined): 1 fragments ok

2026-09-20 13:37:45,509 INFO image_tx_daemon: txdone_arrival: seq=137 idx=0 status=0 toa_us=169088

2026-09-20 13:37:45,521 INFO image_tx_daemon: frame seq=137 done (pipelined): 1 fragments ok

2026-09-20 13:37:46,506 INFO image_tx_daemon: txdone_arrival: seq=138 idx=0 status=0 toa_us=166528

2026-09-20 13:37:46,518 INFO image_tx_daemon: frame seq=138 done (pipelined): 1 fragments ok

2026-09-20 13:37:47,513 INFO image_tx_daemon: txdone_arrival: seq=139 idx=0 status=0 toa_us=169088

2026-09-20 13:37:47,525 INFO image_tx_daemon: frame seq=139 done (pipelined): 1 fragments ok

2026-09-20 13:37:48,514 INFO image_tx_daemon: txdone_arrival: seq=140 idx=0 status=0 toa_us=169088

2026-09-20 13:37:48,526 INFO image_tx_daemon: frame seq=140 done (pipelined): 1 fragments ok

2026-09-20 13:37:49,510 INFO image_tx_daemon: txdone_arrival: seq=141 idx=0 status=0 toa_us=169088

2026-09-20 13:37:49,522 INFO image_tx_daemon: frame seq=141 done (pipelined): 1 fragments ok

2026-09-20 13:37:50,709 INFO image_tx_daemon: txdone_arrival: seq=142 idx=0 status=0 toa_us=169088

2026-09-20 13:37:50,721 INFO image_tx_daemon: frame seq=142 done (pipelined): 1 fragments ok

2026-09-20 13:37:51,704 INFO image_tx_daemon: txdone_arrival: seq=143 idx=0 status=0 toa_us=166528

2026-09-20 13:37:51,715 INFO image_tx_daemon: frame seq=143 done (pipelined): 1 fragments ok

2026-09-20 13:37:51,748 INFO image_tx_daemon: stats: goodput=205.1 B/s util=17% pipeline=v3 frames_in=143 ok=143 fail=0 drop_full=0 drop_stale=0 frags_ok=143 frags_fail=0 qdepth=0 parity_tx=0

2026-09-20 13:37:52,698 INFO image_tx_daemon: txdone_arrival: seq=144 idx=0 status=0 toa_us=169088

2026-09-20 13:37:52,710 INFO image_tx_daemon: frame seq=144 done (pipelined): 1 fragments ok

2026-09-20 13:37:53,702 INFO image_tx_daemon: txdone_arrival: seq=145 idx=0 status=0 toa_us=169088

2026-09-20 13:37:53,714 INFO image_tx_daemon: frame seq=145 done (pipelined): 1 fragments ok

2026-09-20 13:37:54,696 INFO image_tx_daemon: txdone_arrival: seq=146 idx=0 status=0 toa_us=169088

2026-09-20 13:37:54,707 INFO image_tx_daemon: frame seq=146 done (pipelined): 1 fragments ok

2026-09-20 13:37:55,701 INFO image_tx_daemon: txdone_arrival: seq=147 idx=0 status=0 toa_us=169088

2026-09-20 13:37:55,713 INFO image_tx_daemon: frame seq=147 done (pipelined): 1 fragments ok

2026-09-20 13:37:56,694 INFO image_tx_daemon: txdone_arrival: seq=148 idx=0 status=0 toa_us=169088

2026-09-20 13:37:56,706 INFO image_tx_daemon: frame seq=148 done (pipelined): 1 fragments ok

2026-09-20 13:37:57,498 INFO image_tx_daemon: txdone_arrival: seq=149 idx=0 status=0 toa_us=169088

2026-09-20 13:37:57,510 INFO image_tx_daemon: frame seq=149 done (pipelined): 1 fragments ok

2026-09-20 13:37:58,495 INFO image_tx_daemon: txdone_arrival: seq=150 idx=0 status=0 toa_us=169088

2026-09-20 13:37:58,507 INFO image_tx_daemon: frame seq=150 done (pipelined): 1 fragments ok

2026-09-20 13:37:59,488 INFO image_tx_daemon: txdone_arrival: seq=151 idx=0 status=0 toa_us=166528

2026-09-20 13:37:59,500 INFO image_tx_daemon: frame seq=151 done (pipelined): 1 fragments ok

2026-09-20 13:38:00,494 INFO image_tx_daemon: txdone_arrival: seq=152 idx=0 status=0 toa_us=169088

2026-09-20 13:38:00,506 INFO image_tx_daemon: frame seq=152 done (pipelined): 1 fragments ok

2026-09-20 13:38:01,685 INFO image_tx_daemon: txdone_arrival: seq=153 idx=0 status=0 toa_us=169088

2026-09-20 13:38:01,697 INFO image_tx_daemon: frame seq=153 done (pipelined): 1 fragments ok

2026-09-20 13:38:01,759 INFO image_tx_daemon: stats: goodput=205.5 B/s util=17% pipeline=v3 frames_in=153 ok=153 fail=0 drop_full=0 drop_stale=0 frags_ok=153 frags_fail=0 qdepth=0 parity_tx=0

2026-09-20 13:38:02,484 INFO image_tx_daemon: txdone_arrival: seq=154 idx=0 status=0 toa_us=169088

2026-09-20 13:38:02,496 INFO image_tx_daemon: frame seq=154 done (pipelined): 1 fragments ok

2026-09-20 13:38:03,486 INFO image_tx_daemon: txdone_arrival: seq=155 idx=0 status=0 toa_us=169088

2026-09-20 13:38:03,498 INFO image_tx_daemon: frame seq=155 done (pipelined): 1 fragments ok

2026-09-20 13:38:04,484 INFO image_tx_daemon: txdone_arrival: seq=156 idx=0 status=0 toa_us=169088

2026-09-20 13:38:04,495 INFO image_tx_daemon: frame seq=156 done (pipelined): 1 fragments ok

2026-09-20 13:38:05,482 INFO image_tx_daemon: txdone_arrival: seq=157 idx=0 status=0 toa_us=169088

2026-09-20 13:38:05,494 INFO image_tx_daemon: frame seq=157 done (pipelined): 1 fragments ok

2026-09-20 13:38:06,477 INFO image_tx_daemon: txdone_arrival: seq=158 idx=0 status=0 toa_us=169088

2026-09-20 13:38:06,489 INFO image_tx_daemon: frame seq=158 done (pipelined): 1 fragments ok

2026-09-20 13:38:07,480 INFO image_tx_daemon: txdone_arrival: seq=159 idx=0 status=0 toa_us=169088

2026-09-20 13:38:07,492 INFO image_tx_daemon: frame seq=159 done (pipelined): 1 fragments ok

2026-09-20 13:38:08,484 INFO image_tx_daemon: txdone_arrival: seq=160 idx=0 status=0 toa_us=169088

2026-09-20 13:38:08,496 INFO image_tx_daemon: frame seq=160 done (pipelined): 1 fragments ok

2026-09-20 13:38:09,475 INFO image_tx_daemon: txdone_arrival: seq=161 idx=0 status=0 toa_us=169088

2026-09-20 13:38:09,488 INFO image_tx_daemon: frame seq=161 done (pipelined): 1 fragments ok

2026-09-20 13:38:10,677 INFO image_tx_daemon: txdone_arrival: seq=162 idx=0 status=0 toa_us=169088

2026-09-20 13:38:10,689 INFO image_tx_daemon: frame seq=162 done (pipelined): 1 fragments ok

2026-09-20 13:38:11,475 INFO image_tx_daemon: txdone_arrival: seq=163 idx=0 status=0 toa_us=169088

2026-09-20 13:38:11,487 INFO image_tx_daemon: frame seq=163 done (pipelined): 1 fragments ok

2026-09-20 13:38:11,771 INFO image_tx_daemon: stats: goodput=205.7 B/s util=17% pipeline=v3 frames_in=163 ok=163 fail=0 drop_full=0 drop_stale=0 frags_ok=163 frags_fail=0 qdepth=0 parity_tx=0

2026-09-20 13:38:12,667 INFO image_tx_daemon: txdone_arrival: seq=164 idx=0 status=0 toa_us=166528

2026-09-20 13:38:12,679 INFO image_tx_daemon: frame seq=164 done (pipelined): 1 fragments ok

2026-09-20 13:38:13,673 INFO image_tx_daemon: txdone_arrival: seq=165 idx=0 status=0 toa_us=169088

2026-09-20 13:38:13,685 INFO image_tx_daemon: frame seq=165 done (pipelined): 1 fragments ok

2026-09-20 13:38:14,669 INFO image_tx_daemon: txdone_arrival: seq=166 idx=0 status=0 toa_us=169088

2026-09-20 13:38:14,686 INFO image_tx_daemon: frame seq=166 done (pipelined): 1 fragments ok

2026-09-20 13:38:15,672 INFO image_tx_daemon: txdone_arrival: seq=167 idx=0 status=0 toa_us=169088

2026-09-20 13:38:15,684 INFO image_tx_daemon: frame seq=167 done (pipelined): 1 fragments ok

2026-09-20 13:38:16,668 INFO image_tx_daemon: txdone_arrival: seq=168 idx=0 status=0 toa_us=169088

2026-09-20 13:38:16,680 INFO image_tx_daemon: frame seq=168 done (pipelined): 1 fragments ok

2026-09-20 13:38:17,661 INFO image_tx_daemon: txdone_arrival: seq=169 idx=0 status=0 toa_us=169088

2026-09-20 13:38:17,672 INFO image_tx_daemon: frame seq=169 done (pipelined): 1 fragments ok

2026-09-20 13:38:18,665 INFO image_tx_daemon: txdone_arrival: seq=170 idx=0 status=0 toa_us=169088

2026-09-20 13:38:18,677 INFO image_tx_daemon: frame seq=170 done (pipelined): 1 fragments ok

2026-09-20 13:38:19,661 INFO image_tx_daemon: txdone_arrival: seq=171 idx=0 status=0 toa_us=169088

2026-09-20 13:38:19,673 INFO image_tx_daemon: frame seq=171 done (pipelined): 1 fragments ok

2026-09-20 13:38:20,659 INFO image_tx_daemon: txdone_arrival: seq=172 idx=0 status=0 toa_us=169088

2026-09-20 13:38:20,671 INFO image_tx_daemon: frame seq=172 done (pipelined): 1 fragments ok

2026-09-20 13:38:21,652 INFO image_tx_daemon: txdone_arrival: seq=173 idx=0 status=0 toa_us=166528

2026-09-20 13:38:21,664 INFO image_tx_daemon: frame seq=173 done (pipelined): 1 fragments ok

2026-09-20 13:38:21,783 INFO image_tx_daemon: stats: goodput=204.8 B/s util=17% pipeline=v3 frames_in=173 ok=173 fail=0 drop_full=0 drop_stale=0 frags_ok=173 frags_fail=0 qdepth=0 parity_tx=0

2026-09-20 13:38:22,660 INFO image_tx_daemon: txdone_arrival: seq=174 idx=0 status=0 toa_us=169088

2026-09-20 13:38:22,672 INFO image_tx_daemon: frame seq=174 done (pipelined): 1 fragments ok

2026-09-20 13:38:23,654 INFO image_tx_daemon: txdone_arrival: seq=175 idx=0 status=0 toa_us=169088

2026-09-20 13:38:23,666 INFO image_tx_daemon: frame seq=175 done (pipelined): 1 fragments ok

2026-09-20 13:38:24,658 INFO image_tx_daemon: txdone_arrival: seq=176 idx=0 status=0 toa_us=169088

2026-09-20 13:38:24,670 INFO image_tx_daemon: frame seq=176 done (pipelined): 1 fragments ok

2026-09-20 13:38:25,450 INFO image_tx_daemon: txdone_arrival: seq=177 idx=0 status=0 toa_us=169088

2026-09-20 13:38:25,462 INFO image_tx_daemon: frame seq=177 done (pipelined): 1 fragments ok

2026-09-20 13:38:26,451 INFO image_tx_daemon: txdone_arrival: seq=178 idx=0 status=0 toa_us=169088

2026-09-20 13:38:26,464 INFO image_tx_daemon: frame seq=178 done (pipelined): 1 fragments ok

2026-09-20 13:38:27,447 INFO image_tx_daemon: txdone_arrival: seq=179 idx=0 status=0 toa_us=169088

2026-09-20 13:38:27,459 INFO image_tx_daemon: frame seq=179 done (pipelined): 1 fragments ok

2026-09-20 13:38:28,446 INFO image_tx_daemon: txdone_arrival: seq=180 idx=0 status=0 toa_us=169088

2026-09-20 13:38:28,458 INFO image_tx_daemon: frame seq=180 done (pipelined): 1 fragments ok

2026-09-20 13:38:29,443 INFO image_tx_daemon: txdone_arrival: seq=181 idx=0 status=0 toa_us=169088

2026-09-20 13:38:29,455 INFO image_tx_daemon: frame seq=181 done (pipelined): 1 fragments ok

2026-09-20 13:38:30,447 INFO image_tx_daemon: txdone_arrival: seq=182 idx=0 status=0 toa_us=169088

2026-09-20 13:38:30,459 INFO image_tx_daemon: frame seq=182 done (pipelined): 1 fragments ok

2026-09-20 13:38:31,446 INFO image_tx_daemon: txdone_arrival: seq=183 idx=0 status=0 toa_us=166528

2026-09-20 13:38:31,457 INFO image_tx_daemon: frame seq=183 done (pipelined): 1 fragments ok

2026-09-20 13:38:31,794 INFO image_tx_daemon: stats: goodput=205.6 B/s util=17% pipeline=v3 frames_in=183 ok=183 fail=0 drop_full=0 drop_stale=0 frags_ok=183 frags_fail=0 qdepth=0 parity_tx=0

2026-09-20 13:38:32,442 INFO image_tx_daemon: txdone_arrival: seq=184 idx=0 status=0 toa_us=169088

2026-09-20 13:38:32,453 INFO image_tx_daemon: frame seq=184 done (pipelined): 1 fragments ok

2026-09-20 13:38:33,439 INFO image_tx_daemon: txdone_arrival: seq=185 idx=0 status=0 toa_us=169088

2026-09-20 13:38:33,451 INFO image_tx_daemon: frame seq=185 done (pipelined): 1 fragments ok

2026-09-20 13:38:34,637 INFO image_tx_daemon: txdone_arrival: seq=186 idx=0 status=0 toa_us=169088

2026-09-20 13:38:34,649 INFO image_tx_daemon: frame seq=186 done (pipelined): 1 fragments ok

2026-09-20 13:38:35,630 INFO image_tx_daemon: txdone_arrival: seq=187 idx=0 status=0 toa_us=166528

2026-09-20 13:38:35,642 INFO image_tx_daemon: frame seq=187 done (pipelined): 1 fragments ok

2026-09-20 13:38:36,635 INFO image_tx_daemon: txdone_arrival: seq=188 idx=0 status=0 toa_us=169088

2026-09-20 13:38:36,647 INFO image_tx_daemon: frame seq=188 done (pipelined): 1 fragments ok

2026-09-20 13:38:37,636 INFO image_tx_daemon: txdone_arrival: seq=189 idx=0 status=0 toa_us=169088

2026-09-20 13:38:37,648 INFO image_tx_daemon: frame seq=189 done (pipelined): 1 fragments ok

2026-09-20 13:38:38,630 INFO image_tx_daemon: txdone_arrival: seq=190 idx=0 status=0 toa_us=169088

2026-09-20 13:38:38,642 INFO image_tx_daemon: frame seq=190 done (pipelined): 1 fragments ok

2026-09-20 13:38:39,625 INFO image_tx_daemon: txdone_arrival: seq=191 idx=0 status=0 toa_us=169088

2026-09-20 13:38:39,637 INFO image_tx_daemon: frame seq=191 done (pipelined): 1 fragments ok

2026-09-20 13:38:40,620 INFO image_tx_daemon: txdone_arrival: seq=192 idx=0 status=0 toa_us=166528

2026-09-20 13:38:40,632 INFO image_tx_daemon: frame seq=192 done (pipelined): 1 fragments ok

2026-09-20 13:38:41,624 INFO image_tx_daemon: txdone_arrival: seq=193 idx=0 status=0 toa_us=169088

2026-09-20 13:38:41,636 INFO image_tx_daemon: frame seq=193 done (pipelined): 1 fragments ok

2026-09-20 13:38:41,806 INFO image_tx_daemon: stats: goodput=204.7 B/s util=17% pipeline=v3 frames_in=193 ok=193 fail=0 drop_full=0 drop_stale=0 frags_ok=193 frags_fail=0 qdepth=0 parity_tx=0

2026-09-20 13:38:42,617 INFO image_tx_daemon: txdone_arrival: seq=194 idx=0 status=0 toa_us=169088

2026-09-20 13:38:42,629 INFO image_tx_daemon: frame seq=194 done (pipelined): 1 fragments ok

2026-09-20 13:38:43,615 INFO image_tx_daemon: txdone_arrival: seq=195 idx=0 status=0 toa_us=169088

2026-09-20 13:38:43,627 INFO image_tx_daemon: frame seq=195 done (pipelined): 1 fragments ok

2026-09-20 13:38:44,621 INFO image_tx_daemon: txdone_arrival: seq=196 idx=0 status=0 toa_us=169088

2026-09-20 13:38:44,633 INFO image_tx_daemon: frame seq=196 done (pipelined): 1 fragments ok

2026-09-20 13:38:45,611 INFO image_tx_daemon: txdone_arrival: seq=197 idx=0 status=0 toa_us=166528

2026-09-20 13:38:45,623 INFO image_tx_daemon: frame seq=197 done (pipelined): 1 fragments ok

2026-09-20 13:38:46,619 INFO image_tx_daemon: txdone_arrival: seq=198 idx=0 status=0 toa_us=169088

2026-09-20 13:38:46,630 INFO image_tx_daemon: frame seq=198 done (pipelined): 1 fragments ok

2026-09-20 13:38:47,606 INFO image_tx_daemon: txdone_arrival: seq=199 idx=0 status=0 toa_us=166528

2026-09-20 13:38:47,618 INFO image_tx_daemon: frame seq=199 done (pipelined): 1 fragments ok

2026-09-20 13:38:48,611 INFO image_tx_daemon: txdone_arrival: seq=200 idx=0 status=0 toa_us=169088

2026-09-20 13:38:48,623 INFO image_tx_daemon: frame seq=200 done (pipelined): 1 fragments ok

2026-09-20 13:38:49,610 INFO image_tx_daemon: txdone_arrival: seq=201 idx=0 status=0 toa_us=169088

2026-09-20 13:38:49,621 INFO image_tx_daemon: frame seq=201 done (pipelined): 1 fragments ok

2026-09-20 13:38:50,610 INFO image_tx_daemon: txdone_arrival: seq=202 idx=0 status=0 toa_us=169088

2026-09-20 13:38:50,622 INFO image_tx_daemon: frame seq=202 done (pipelined): 1 fragments ok

2026-09-20 13:38:51,605 INFO image_tx_daemon: txdone_arrival: seq=203 idx=0 status=0 toa_us=169088

2026-09-20 13:38:51,616 INFO image_tx_daemon: frame seq=203 done (pipelined): 1 fragments ok

2026-09-20 13:38:51,817 INFO image_tx_daemon: stats: goodput=205.4 B/s util=17% pipeline=v3 frames_in=203 ok=203 fail=0 drop_full=0 drop_stale=0 frags_ok=203 frags_fail=0 qdepth=0 parity_tx=0

2026-09-20 13:38:52,599 INFO image_tx_daemon: txdone_arrival: seq=204 idx=0 status=0 toa_us=166528

2026-09-20 13:38:52,610 INFO image_tx_daemon: frame seq=204 done (pipelined): 1 fragments ok

2026-09-20 13:38:53,603 INFO image_tx_daemon: txdone_arrival: seq=205 idx=0 status=0 toa_us=169088

2026-09-20 13:38:53,615 INFO image_tx_daemon: frame seq=205 done (pipelined): 1 fragments ok

2026-09-20 13:38:54,597 INFO image_tx_daemon: txdone_arrival: seq=206 idx=0 status=0 toa_us=169088

2026-09-20 13:38:54,609 INFO image_tx_daemon: frame seq=206 done (pipelined): 1 fragments ok

2026-09-20 13:38:55,603 INFO image_tx_daemon: txdone_arrival: seq=207 idx=0 status=0 toa_us=169088

2026-09-20 13:38:55,615 INFO image_tx_daemon: frame seq=207 done (pipelined): 1 fragments ok

2026-09-20 13:38:56,599 INFO image_tx_daemon: txdone_arrival: seq=208 idx=0 status=0 toa_us=169088

2026-09-20 13:38:56,610 INFO image_tx_daemon: frame seq=208 done (pipelined): 1 fragments ok

2026-09-20 13:38:57,593 INFO image_tx_daemon: txdone_arrival: seq=209 idx=0 status=0 toa_us=169088

2026-09-20 13:38:57,605 INFO image_tx_daemon: frame seq=209 done (pipelined): 1 fragments ok

2026-09-20 13:38:58,590 INFO image_tx_daemon: txdone_arrival: seq=210 idx=0 status=0 toa_us=169088

2026-09-20 13:38:58,601 INFO image_tx_daemon: frame seq=210 done (pipelined): 1 fragments ok

2026-09-20 13:38:59,588 INFO image_tx_daemon: txdone_arrival: seq=211 idx=0 status=0 toa_us=169088

2026-09-20 13:38:59,600 INFO image_tx_daemon: frame seq=211 done (pipelined): 1 fragments ok

2026-09-20 13:39:00,587 INFO image_tx_daemon: txdone_arrival: seq=212 idx=0 status=0 toa_us=166528

2026-09-20 13:39:00,598 INFO image_tx_daemon: frame seq=212 done (pipelined): 1 fragments ok

2026-09-20 13:39:01,592 INFO image_tx_daemon: txdone_arrival: seq=213 idx=0 status=0 toa_us=169088

2026-09-20 13:39:01,604 INFO image_tx_daemon: frame seq=213 done (pipelined): 1 fragments ok

2026-09-20 13:39:01,829 INFO image_tx_daemon: stats: goodput=205.4 B/s util=17% pipeline=v3 frames_in=213 ok=213 fail=0 drop_full=0 drop_stale=0 frags_ok=213 frags_fail=0 qdepth=0 parity_tx=0

2026-09-20 13:39:02,588 INFO image_tx_daemon: txdone_arrival: seq=214 idx=0 status=0 toa_us=169088

2026-09-20 13:39:02,600 INFO image_tx_daemon: frame seq=214 done (pipelined): 1 fragments ok

2026-09-20 13:39:03,581 INFO image_tx_daemon: txdone_arrival: seq=215 idx=0 status=0 toa_us=169088

2026-09-20 13:39:03,592 INFO image_tx_daemon: frame seq=215 done (pipelined): 1 fragments ok

2026-09-20 13:39:04,585 INFO image_tx_daemon: txdone_arrival: seq=216 idx=0 status=0 toa_us=166528

2026-09-20 13:39:04,597 INFO image_tx_daemon: frame seq=216 done (pipelined): 1 fragments ok

2026-09-20 13:39:05,583 INFO image_tx_daemon: txdone_arrival: seq=217 idx=0 status=0 toa_us=169088

2026-09-20 13:39:05,594 INFO image_tx_daemon: frame seq=217 done (pipelined): 1 fragments ok

2026-09-20 13:39:06,582 INFO image_tx_daemon: txdone_arrival: seq=218 idx=0 status=0 toa_us=169088

2026-09-20 13:39:06,594 INFO image_tx_daemon: frame seq=218 done (pipelined): 1 fragments ok

2026-09-20 13:39:07,580 INFO image_tx_daemon: txdone_arrival: seq=219 idx=0 status=0 toa_us=169088

2026-09-20 13:39:07,593 INFO image_tx_daemon: frame seq=219 done (pipelined): 1 fragments ok

2026-09-20 13:39:08,573 INFO image_tx_daemon: txdone_arrival: seq=220 idx=0 status=0 toa_us=166528

2026-09-20 13:39:08,584 INFO image_tx_daemon: frame seq=220 done (pipelined): 1 fragments ok

2026-09-20 13:39:09,574 INFO image_tx_daemon: txdone_arrival: seq=221 idx=0 status=0 toa_us=166528

2026-09-20 13:39:09,585 INFO image_tx_daemon: frame seq=221 done (pipelined): 1 fragments ok

2026-09-20 13:39:10,573 INFO image_tx_daemon: txdone_arrival: seq=222 idx=0 status=0 toa_us=169088

2026-09-20 13:39:10,584 INFO image_tx_daemon: frame seq=222 done (pipelined): 1 fragments ok

2026-09-20 13:39:11,574 INFO image_tx_daemon: txdone_arrival: seq=223 idx=0 status=0 toa_us=169088

2026-09-20 13:39:11,586 INFO image_tx_daemon: frame seq=223 done (pipelined): 1 fragments ok

2026-09-20 13:39:11,841 INFO image_tx_daemon: stats: goodput=204.6 B/s util=17% pipeline=v3 frames_in=223 ok=223 fail=0 drop_full=0 drop_stale=0 frags_ok=223 frags_fail=0 qdepth=0 parity_tx=0

2026-09-20 13:39:12,573 INFO image_tx_daemon: txdone_arrival: seq=224 idx=0 status=0 toa_us=169088

2026-09-20 13:39:12,585 INFO image_tx_daemon: frame seq=224 done (pipelined): 1 fragments ok

2026-09-20 13:39:13,564 INFO image_tx_daemon: txdone_arrival: seq=225 idx=0 status=0 toa_us=169088

2026-09-20 13:39:13,577 INFO image_tx_daemon: frame seq=225 done (pipelined): 1 fragments ok

2026-09-20 13:39:14,567 INFO image_tx_daemon: txdone_arrival: seq=226 idx=0 status=0 toa_us=169088

2026-09-20 13:39:14,579 INFO image_tx_daemon: frame seq=226 done (pipelined): 1 fragments ok

2026-09-20 13:39:15,564 INFO image_tx_daemon: txdone_arrival: seq=227 idx=0 status=0 toa_us=169088

2026-09-20 13:39:15,576 INFO image_tx_daemon: frame seq=227 done (pipelined): 1 fragments ok

2026-09-20 13:39:16,566 INFO image_tx_daemon: txdone_arrival: seq=228 idx=0 status=0 toa_us=169088

2026-09-20 13:39:16,578 INFO image_tx_daemon: frame seq=228 done (pipelined): 1 fragments ok

2026-09-20 13:39:17,563 INFO image_tx_daemon: txdone_arrival: seq=229 idx=0 status=0 toa_us=169088

2026-09-20 13:39:17,575 INFO image_tx_daemon: frame seq=229 done (pipelined): 1 fragments ok

2026-09-20 13:39:18,561 INFO image_tx_daemon: txdone_arrival: seq=230 idx=0 status=0 toa_us=169088

2026-09-20 13:39:18,573 INFO image_tx_daemon: frame seq=230 done (pipelined): 1 fragments ok

2026-09-20 13:39:19,563 INFO image_tx_daemon: txdone_arrival: seq=231 idx=0 status=0 toa_us=169088

2026-09-20 13:39:19,574 INFO image_tx_daemon: frame seq=231 done (pipelined): 1 fragments ok

2026-09-20 13:39:20,559 INFO image_tx_daemon: txdone_arrival: seq=232 idx=0 status=0 toa_us=169088

2026-09-20 13:39:20,571 INFO image_tx_daemon: frame seq=232 done (pipelined): 1 fragments ok

2026-09-20 13:39:21,554 INFO image_tx_daemon: txdone_arrival: seq=233 idx=0 status=0 toa_us=169088

2026-09-20 13:39:21,565 INFO image_tx_daemon: frame seq=233 done (pipelined): 1 fragments ok

2026-09-20 13:39:21,852 INFO image_tx_daemon: stats: goodput=205.8 B/s util=17% pipeline=v3 frames_in=233 ok=233 fail=0 drop_full=0 drop_stale=0 frags_ok=233 frags_fail=0 qdepth=0 parity_tx=0

2026-09-20 13:39:22,553 INFO image_tx_daemon: txdone_arrival: seq=234 idx=0 status=0 toa_us=169088

2026-09-20 13:39:22,565 INFO image_tx_daemon: frame seq=234 done (pipelined): 1 fragments ok

2026-09-20 13:39:23,553 INFO image_tx_daemon: txdone_arrival: seq=235 idx=0 status=0 toa_us=169088

2026-09-20 13:39:23,565 INFO image_tx_daemon: frame seq=235 done (pipelined): 1 fragments ok

2026-09-20 13:39:24,549 INFO image_tx_daemon: txdone_arrival: seq=236 idx=0 status=0 toa_us=169088

2026-09-20 13:39:24,560 INFO image_tx_daemon: frame seq=236 done (pipelined): 1 fragments ok

2026-09-20 13:39:25,539 INFO image_tx_daemon: txdone_arrival: seq=237 idx=0 status=0 toa_us=166528

2026-09-20 13:39:25,551 INFO image_tx_daemon: frame seq=237 done (pipelined): 1 fragments ok

2026-09-20 13:39:26,540 INFO image_tx_daemon: txdone_arrival: seq=238 idx=0 status=0 toa_us=169088

2026-09-20 13:39:26,552 INFO image_tx_daemon: frame seq=238 done (pipelined): 1 fragments ok

2026-09-20 13:39:27,549 INFO image_tx_daemon: txdone_arrival: seq=239 idx=0 status=0 toa_us=169088

2026-09-20 13:39:27,561 INFO image_tx_daemon: frame seq=239 done (pipelined): 1 fragments ok

2026-09-20 13:39:28,544 INFO image_tx_daemon: txdone_arrival: seq=240 idx=0 status=0 toa_us=169088

2026-09-20 13:39:28,557 INFO image_tx_daemon: frame seq=240 done (pipelined): 1 fragments ok

2026-09-20 13:39:29,534 INFO image_tx_daemon: txdone_arrival: seq=241 idx=0 status=0 toa_us=169088

2026-09-20 13:39:29,546 INFO image_tx_daemon: frame seq=241 done (pipelined): 1 fragments ok

2026-09-20 13:39:30,538 INFO image_tx_daemon: txdone_arrival: seq=242 idx=0 status=0 toa_us=166528

2026-09-20 13:39:30,550 INFO image_tx_daemon: frame seq=242 done (pipelined): 1 fragments ok

2026-09-20 13:39:31,532 INFO image_tx_daemon: txdone_arrival: seq=243 idx=0 status=0 toa_us=169088

2026-09-20 13:39:31,544 INFO image_tx_daemon: frame seq=243 done (pipelined): 1 fragments ok

2026-09-20 13:39:31,864 INFO image_tx_daemon: stats: goodput=204.9 B/s util=17% pipeline=v3 frames_in=243 ok=243 fail=0 drop_full=0 drop_stale=0 frags_ok=243 frags_fail=0 qdepth=0 parity_tx=0

2026-09-20 13:39:32,531 INFO image_tx_daemon: txdone_arrival: seq=244 idx=0 status=0 toa_us=169088

2026-09-20 13:39:32,543 INFO image_tx_daemon: frame seq=244 done (pipelined): 1 fragments ok

2026-09-20 13:39:33,526 INFO image_tx_daemon: txdone_arrival: seq=245 idx=0 status=0 toa_us=169088

2026-09-20 13:39:33,538 INFO image_tx_daemon: frame seq=245 done (pipelined): 1 fragments ok

2026-09-20 13:39:34,533 INFO image_tx_daemon: txdone_arrival: seq=246 idx=0 status=0 toa_us=169088

2026-09-20 13:39:34,545 INFO image_tx_daemon: frame seq=246 done (pipelined): 1 fragments ok

2026-09-20 13:39:35,524 INFO image_tx_daemon: txdone_arrival: seq=247 idx=0 status=0 toa_us=169088

2026-09-20 13:39:35,536 INFO image_tx_daemon: frame seq=247 done (pipelined): 1 fragments ok

2026-09-20 13:39:36,520 INFO image_tx_daemon: txdone_arrival: seq=248 idx=0 status=0 toa_us=169088

2026-09-20 13:39:36,531 INFO image_tx_daemon: frame seq=248 done (pipelined): 1 fragments ok

2026-09-20 13:39:37,523 INFO image_tx_daemon: txdone_arrival: seq=249 idx=0 status=0 toa_us=169088

2026-09-20 13:39:37,536 INFO image_tx_daemon: frame seq=249 done (pipelined): 1 fragments ok

2026-09-20 13:39:38,517 INFO image_tx_daemon: txdone_arrival: seq=250 idx=0 status=0 toa_us=169088

2026-09-20 13:39:38,529 INFO image_tx_daemon: frame seq=250 done (pipelined): 1 fragments ok

2026-09-20 13:39:39,518 INFO image_tx_daemon: txdone_arrival: seq=251 idx=0 status=0 toa_us=169088

2026-09-20 13:39:39,530 INFO image_tx_daemon: frame seq=251 done (pipelined): 1 fragments ok

2026-09-20 13:39:40,519 INFO image_tx_daemon: txdone_arrival: seq=252 idx=0 status=0 toa_us=169088

2026-09-20 13:39:40,531 INFO image_tx_daemon: frame seq=252 done (pipelined): 1 fragments ok

2026-09-20 13:39:41,511 INFO image_tx_daemon: txdone_arrival: seq=253 idx=0 status=0 toa_us=169088

2026-09-20 13:39:41,523 INFO image_tx_daemon: frame seq=253 done (pipelined): 1 fragments ok

2026-09-20 13:39:41,875 INFO image_tx_daemon: stats: goodput=205.3 B/s util=17% pipeline=v3 frames_in=253 ok=253 fail=0 drop_full=0 drop_stale=0 frags_ok=253 frags_fail=0 qdepth=0 parity_tx=0

2026-09-20 13:39:42,511 INFO image_tx_daemon: txdone_arrival: seq=254 idx=0 status=0 toa_us=169088

2026-09-20 13:39:42,523 INFO image_tx_daemon: frame seq=254 done (pipelined): 1 fragments ok

2026-09-20 13:39:43,507 INFO image_tx_daemon: txdone_arrival: seq=255 idx=0 status=0 toa_us=169088

2026-09-20 13:39:43,519 INFO image_tx_daemon: frame seq=255 done (pipelined): 1 fragments ok

2026-09-20 13:39:44,711 INFO image_tx_daemon: txdone_arrival: seq=0 idx=0 status=0 toa_us=169088

2026-09-20 13:39:44,723 INFO image_tx_daemon: frame seq=0 done (pipelined): 1 fragments ok

2026-09-20 13:39:45,509 INFO image_tx_daemon: txdone_arrival: seq=1 idx=0 status=0 toa_us=169088

2026-09-20 13:39:45,521 INFO image_tx_daemon: frame seq=1 done (pipelined): 1 fragments ok

2026-09-20 13:39:46,503 INFO image_tx_daemon: txdone_arrival: seq=2 idx=0 status=0 toa_us=169088

2026-09-20 13:39:46,514 INFO image_tx_daemon: frame seq=2 done (pipelined): 1 fragments ok

2026-09-20 13:39:47,706 INFO image_tx_daemon: txdone_arrival: seq=3 idx=0 status=0 toa_us=169088

2026-09-20 13:39:47,710 INFO image_tx_daemon: frame seq=3 done (pipelined): 1 fragments ok

2026-09-20 13:39:48,496 INFO image_tx_daemon: txdone_arrival: seq=4 idx=0 status=0 toa_us=169088

2026-09-20 13:39:48,507 INFO image_tx_daemon: frame seq=4 done (pipelined): 1 fragments ok

2026-09-20 13:39:49,501 INFO image_tx_daemon: txdone_arrival: seq=5 idx=0 status=0 toa_us=169088

2026-09-20 13:39:49,513 INFO image_tx_daemon: frame seq=5 done (pipelined): 1 fragments ok

2026-09-20 13:39:50,493 INFO image_tx_daemon: txdone_arrival: seq=6 idx=0 status=0 toa_us=169088

2026-09-20 13:39:50,505 INFO image_tx_daemon: frame seq=6 done (pipelined): 1 fragments ok

2026-09-20 13:39:51,695 INFO image_tx_daemon: txdone_arrival: seq=7 idx=0 status=0 toa_us=166528

2026-09-20 13:39:51,707 INFO image_tx_daemon: frame seq=7 done (pipelined): 1 fragments ok

2026-09-20 13:39:51,886 INFO image_tx_daemon: stats: goodput=205.4 B/s util=17% pipeline=v3 frames_in=263 ok=263 fail=0 drop_full=0 drop_stale=0 frags_ok=263 frags_fail=0 qdepth=0 parity_tx=0

2026-09-20 13:39:52,689 INFO image_tx_daemon: txdone_arrival: seq=8 idx=0 status=0 toa_us=169088

2026-09-20 13:39:52,701 INFO image_tx_daemon: frame seq=8 done (pipelined): 1 fragments ok

2026-09-20 13:39:53,693 INFO image_tx_daemon: txdone_arrival: seq=9 idx=0 status=0 toa_us=169088

2026-09-20 13:39:53,705 INFO image_tx_daemon: frame seq=9 done (pipelined): 1 fragments ok

2026-09-20 13:39:54,489 INFO image_tx_daemon: txdone_arrival: seq=10 idx=0 status=0 toa_us=169088

2026-09-20 13:39:54,501 INFO image_tx_daemon: frame seq=10 done (pipelined): 1 fragments ok

2026-09-20 13:39:55,690 INFO image_tx_daemon: txdone_arrival: seq=11 idx=0 status=0 toa_us=169088

2026-09-20 13:39:55,701 INFO image_tx_daemon: frame seq=11 done (pipelined): 1 fragments ok

2026-09-20 13:39:56,683 INFO image_tx_daemon: txdone_arrival: seq=12 idx=0 status=0 toa_us=166528

2026-09-20 13:39:56,694 INFO image_tx_daemon: frame seq=12 done (pipelined): 1 fragments ok

2026-09-20 13:39:57,687 INFO image_tx_daemon: txdone_arrival: seq=13 idx=0 status=0 toa_us=169088

2026-09-20 13:39:57,699 INFO image_tx_daemon: frame seq=13 done (pipelined): 1 fragments ok

2026-09-20 13:39:58,475 INFO image_tx_daemon: txdone_arrival: seq=14 idx=0 status=0 toa_us=166528

2026-09-20 13:39:58,486 INFO image_tx_daemon: frame seq=14 done (pipelined): 1 fragments ok

2026-09-20 13:39:59,683 INFO image_tx_daemon: txdone_arrival: seq=15 idx=0 status=0 toa_us=169088

2026-09-20 13:39:59,694 INFO image_tx_daemon: frame seq=15 done (pipelined): 1 fragments ok

2026-09-20 13:40:00,678 INFO image_tx_daemon: txdone_arrival: seq=16 idx=0 status=0 toa_us=169088

2026-09-20 13:40:00,689 INFO image_tx_daemon: frame seq=16 done (pipelined): 1 fragments ok

2026-09-20 13:40:01,672 INFO image_tx_daemon: txdone_arrival: seq=17 idx=0 status=0 toa_us=169088

2026-09-20 13:40:01,683 INFO image_tx_daemon: frame seq=17 done (pipelined): 1 fragments ok

2026-09-20 13:40:01,898 INFO image_tx_daemon: stats: goodput=205.4 B/s util=17% pipeline=v3 frames_in=273 ok=273 fail=0 drop_full=0 drop_stale=0 frags_ok=273 frags_fail=0 qdepth=0 parity_tx=0

2026-09-20 13:40:02,675 INFO image_tx_daemon: txdone_arrival: seq=18 idx=0 status=0 toa_us=169088

2026-09-20 13:40:02,687 INFO image_tx_daemon: frame seq=18 done (pipelined): 1 fragments ok

2026-09-20 13:40:03,669 INFO image_tx_daemon: txdone_arrival: seq=19 idx=0 status=0 toa_us=169088

2026-09-20 13:40:03,681 INFO image_tx_daemon: frame seq=19 done (pipelined): 1 fragments ok

2026-09-20 13:40:04,665 INFO image_tx_daemon: txdone_arrival: seq=20 idx=0 status=0 toa_us=169088

2026-09-20 13:40:04,677 INFO image_tx_daemon: frame seq=20 done (pipelined): 1 fragments ok

2026-09-20 13:40:05,664 INFO image_tx_daemon: txdone_arrival: seq=21 idx=0 status=0 toa_us=169088

2026-09-20 13:40:05,676 INFO image_tx_daemon: frame seq=21 done (pipelined): 1 fragments ok

2026-09-20 13:40:06,670 INFO image_tx_daemon: txdone_arrival: seq=22 idx=0 status=0 toa_us=169088

2026-09-20 13:40:06,682 INFO image_tx_daemon: frame seq=22 done (pipelined): 1 fragments ok

2026-09-20 13:40:07,667 INFO image_tx_daemon: txdone_arrival: seq=23 idx=0 status=0 toa_us=169088

2026-09-20 13:40:07,679 INFO image_tx_daemon: frame seq=23 done (pipelined): 1 fragments ok

2026-09-20 13:40:08,662 INFO image_tx_daemon: txdone_arrival: seq=24 idx=0 status=0 toa_us=169088

2026-09-20 13:40:08,674 INFO image_tx_daemon: frame seq=24 done (pipelined): 1 fragments ok

2026-09-20 13:40:09,657 INFO image_tx_daemon: txdone_arrival: seq=25 idx=0 status=0 toa_us=169088

2026-09-20 13:40:09,669 INFO image_tx_daemon: frame seq=25 done (pipelined): 1 fragments ok

2026-09-20 13:40:10,662 INFO image_tx_daemon: txdone_arrival: seq=26 idx=0 status=0 toa_us=169088

2026-09-20 13:40:10,674 INFO image_tx_daemon: frame seq=26 done (pipelined): 1 fragments ok

2026-09-20 13:40:11,657 INFO image_tx_daemon: txdone_arrival: seq=27 idx=0 status=0 toa_us=169088

2026-09-20 13:40:11,668 INFO image_tx_daemon: frame seq=27 done (pipelined): 1 fragments ok

2026-09-20 13:40:11,909 INFO image_tx_daemon: stats: goodput=205.4 B/s util=17% pipeline=v3 frames_in=283 ok=283 fail=0 drop_full=0 drop_stale=0 frags_ok=283 frags_fail=0 qdepth=0 parity_tx=0

2026-09-20 13:40:12,657 INFO image_tx_daemon: txdone_arrival: seq=28 idx=0 status=0 toa_us=169088

2026-09-20 13:40:12,669 INFO image_tx_daemon: frame seq=28 done (pipelined): 1 fragments ok

2026-09-20 13:40:13,650 INFO image_tx_daemon: txdone_arrival: seq=29 idx=0 status=0 toa_us=169088

2026-09-20 13:40:13,662 INFO image_tx_daemon: frame seq=29 done (pipelined): 1 fragments ok

2026-09-20 13:40:14,646 INFO image_tx_daemon: txdone_arrival: seq=30 idx=0 status=0 toa_us=169088

2026-09-20 13:40:14,658 INFO image_tx_daemon: frame seq=30 done (pipelined): 1 fragments ok

2026-09-20 13:40:15,647 INFO image_tx_daemon: txdone_arrival: seq=31 idx=0 status=0 toa_us=169088

2026-09-20 13:40:15,659 INFO image_tx_daemon: frame seq=31 done (pipelined): 1 fragments ok

2026-09-20 13:40:16,445 INFO image_tx_daemon: txdone_arrival: seq=32 idx=0 status=0 toa_us=169088

2026-09-20 13:40:16,457 INFO image_tx_daemon: frame seq=32 done (pipelined): 1 fragments ok

2026-09-20 13:40:17,643 INFO image_tx_daemon: txdone_arrival: seq=33 idx=0 status=0 toa_us=169088

2026-09-20 13:40:17,655 INFO image_tx_daemon: frame seq=33 done (pipelined): 1 fragments ok

2026-09-20 13:40:18,637 INFO image_tx_daemon: txdone_arrival: seq=34 idx=0 status=0 toa_us=169088

2026-09-20 13:40:18,649 INFO image_tx_daemon: frame seq=34 done (pipelined): 1 fragments ok

2026-09-20 13:40:19,642 INFO image_tx_daemon: txdone_arrival: seq=35 idx=0 status=0 toa_us=169088

2026-09-20 13:40:19,653 INFO image_tx_daemon: frame seq=35 done (pipelined): 1 fragments ok

2026-09-20 13:40:20,634 INFO image_tx_daemon: txdone_arrival: seq=36 idx=0 status=0 toa_us=166528

2026-09-20 13:40:20,645 INFO image_tx_daemon: frame seq=36 done (pipelined): 1 fragments ok

2026-09-20 13:40:21,633 INFO image_tx_daemon: txdone_arrival: seq=37 idx=0 status=0 toa_us=169088

2026-09-20 13:40:21,645 INFO image_tx_daemon: frame seq=37 done (pipelined): 1 fragments ok

2026-09-20 13:40:21,922 INFO image_tx_daemon: stats: goodput=205.1 B/s util=17% pipeline=v3 frames_in=293 ok=293 fail=0 drop_full=0 drop_stale=0 frags_ok=293 frags_fail=0 qdepth=0 parity_tx=0

2026-09-20 13:40:22,633 INFO image_tx_daemon: txdone_arrival: seq=38 idx=0 status=0 toa_us=169088

2026-09-20 13:40:22,645 INFO image_tx_daemon: frame seq=38 done (pipelined): 1 fragments ok

2026-09-20 13:40:23,629 INFO image_tx_daemon: txdone_arrival: seq=39 idx=0 status=0 toa_us=169088

2026-09-20 13:40:23,641 INFO image_tx_daemon: frame seq=39 done (pipelined): 1 fragments ok

2026-09-20 13:40:24,634 INFO image_tx_daemon: txdone_arrival: seq=40 idx=0 status=0 toa_us=169088

2026-09-20 13:40:24,647 INFO image_tx_daemon: frame seq=40 done (pipelined): 1 fragments ok

2026-09-20 13:40:25,630 INFO image_tx_daemon: txdone_arrival: seq=41 idx=0 status=0 toa_us=169088

2026-09-20 13:40:25,642 INFO image_tx_daemon: frame seq=41 done (pipelined): 1 fragments ok

2026-09-20 13:40:26,624 INFO image_tx_daemon: txdone_arrival: seq=42 idx=0 status=0 toa_us=169088

2026-09-20 13:40:26,635 INFO image_tx_daemon: frame seq=42 done (pipelined): 1 fragments ok

2026-09-20 13:40:27,622 INFO image_tx_daemon: txdone_arrival: seq=43 idx=0 status=0 toa_us=169088

2026-09-20 13:40:27,634 INFO image_tx_daemon: frame seq=43 done (pipelined): 1 fragments ok

2026-09-20 13:40:28,627 INFO image_tx_daemon: txdone_arrival: seq=44 idx=0 status=0 toa_us=169088

2026-09-20 13:40:28,639 INFO image_tx_daemon: frame seq=44 done (pipelined): 1 fragments ok

2026-09-20 13:40:29,627 INFO image_tx_daemon: txdone_arrival: seq=45 idx=0 status=0 toa_us=169088

2026-09-20 13:40:29,638 INFO image_tx_daemon: frame seq=45 done (pipelined): 1 fragments ok

2026-09-20 13:40:30,621 INFO image_tx_daemon: txdone_arrival: seq=46 idx=0 status=0 toa_us=169088

2026-09-20 13:40:30,633 INFO image_tx_daemon: frame seq=46 done (pipelined): 1 fragments ok

