MODE: walk_power

dev=/dev/ttymxc3 baud=921600

RUNTIME_PROFILE_ENUM=ERR request_failed:TimeoutError

=== walk_power: 2..17 dBm step=1 count/step=50 csv=/tmp/walk_power_matrix_C.csv ===

INFO: drained type=0xA0 seq=1 during boot settle

INFO: drained type=0xA0 seq=2 during boot settle

CFG_OK_URC: LBT_ENABLE=0

__WALK_POWER_READY__ csv=/tmp/walk_power_matrix_C.csv perpacket_csv=/tmp/walk_power_matrix_C_perpacket.csv

step 0: CFG_OK_URC TX_POWER_DBM=2

INFO: unrelated frame during TX wait type=0xC0

INFO: unrelated frame during TX wait type=0xC0

INFO: unrelated frame during TX wait type=0xC0

INFO: unrelated frame during TX wait type=0xC0

INFO: unrelated frame during TX wait type=0xC0

INFO: unrelated frame during TX wait type=0xC0

INFO: unrelated frame during TX wait type=0xC0

INFO: unrelated frame during TX wait type=0xC0

INFO: unrelated frame during TX wait type=0xC0

INFO: unrelated frame during TX wait type=0xC0

INFO: unrelated frame during TX wait type=0xC0

INFO: unrelated frame during TX wait type=0xC0

INFO: unrelated frame during TX wait type=0xC0

INFO: unrelated frame during TX wait type=0xC0

INFO: unrelated frame during TX wait type=0xC0

  WP s0 i15: wait err: ERR_PROTO during TX wait: 1001080000

  WP s0 i16: wait err: ERR_PROTO during TX wait: 1001080000

  WP s0 i17: wait err: ERR_PROTO during TX wait: 1001080000

INFO: unrelated frame during TX wait type=0xC0

INFO: unrelated frame during TX wait type=0xC0

INFO: unrelated frame during TX wait type=0xC0

INFO: unrelated frame during TX wait type=0xC0

INFO: unrelated frame during TX wait type=0xC0

INFO: unrelated frame during TX wait type=0xC0

INFO: unrelated frame during TX wait type=0xC0

INFO: unrelated frame during TX wait type=0xC0

INFO: unrelated frame during TX wait type=0xC0

INFO: unrelated frame during TX wait type=0xC0

INFO: unrelated frame during TX wait type=0xC0

INFO: unrelated frame during TX wait type=0xC0

INFO: unrelated frame during TX wait type=0xC0

INFO: unrelated frame during TX wait type=0xC0

INFO: unrelated frame during TX wait type=0xC0

  WP s0 i33: wait err: ERR_PROTO during TX wait: 1001080000

  WP s0 i34: wait err: ERR_PROTO during TX wait: 1001080000

  WP s0 i35: wait err: ERR_PROTO during TX wait: 1001080000

INFO: unrelated frame during TX wait type=0xC0

INFO: unrelated frame during TX wait type=0xC0

INFO: unrelated frame during TX wait type=0xC0

INFO: unrelated frame during TX wait type=0xC0

INFO: unrelated frame during TX wait type=0xC0

INFO: unrelated frame during TX wait type=0xC0

INFO: unrelated frame during TX wait type=0xC0

INFO: unrelated frame during TX wait type=0xC0

INFO: unrelated frame during TX wait type=0xC0

INFO: unrelated frame during TX wait type=0xC0

INFO: unrelated frame during TX wait type=0xC0

INFO: unrelated frame during TX wait type=0xC0

INFO: unrelated frame during TX wait type=0xC0

INFO: unrelated frame during TX wait type=0xC0

__WALK_POWER_STEP__ step=0 dbm=2 ok=44 fail=0 timeout=6 per_pct=12.00 mean_toa_us=25728 echoed_dbm=2

step 1: CFG_OK_URC TX_POWER_DBM=3

INFO: unrelated frame during TX wait type=0xC0

  WP s1 i1: wait err: ERR_PROTO during TX wait: 1001080000

INFO: unrelated frame during TX wait type=0xC0

INFO: unrelated frame during TX wait type=0xC0

INFO: unrelated frame during TX wait type=0xC0

INFO: unrelated frame during TX wait type=0xC0

INFO: unrelated frame during TX wait type=0xC0

INFO: unrelated frame during TX wait type=0xC0

INFO: unrelated frame during TX wait type=0xC0

INFO: unrelated frame during TX wait type=0xC0

INFO: unrelated frame during TX wait type=0xC0

INFO: unrelated frame during TX wait type=0xC0

INFO: unrelated frame during TX wait type=0xC0

INFO: unrelated frame during TX wait type=0xC0

INFO: unrelated frame during TX wait type=0xC0

INFO: unrelated frame during TX wait type=0xC0

INFO: unrelated frame during TX wait type=0xC0

  WP s1 i17: wait err: ERR_PROTO during TX wait: 1001080000

  WP s1 i18: wait err: ERR_PROTO during TX wait: 1001080000

  WP s1 i19: wait err: ERR_PROTO during TX wait: 1001080000

INFO: unrelated frame during TX wait type=0xC0

INFO: unrelated frame during TX wait type=0xC0

INFO: unrelated frame during TX wait type=0xC0

INFO: unrelated frame during TX wait type=0xC0

INFO: unrelated frame during TX wait type=0xC0

INFO: unrelated frame during TX wait type=0xC0

INFO: unrelated frame during TX wait type=0xC0

INFO: unrelated frame during TX wait type=0xC0

INFO: unrelated frame during TX wait type=0xC0

INFO: unrelated frame during TX wait type=0xC0

INFO: unrelated frame during TX wait type=0xC0

INFO: unrelated frame during TX wait type=0xC0

INFO: unrelated frame during TX wait type=0xC0

INFO: unrelated frame during TX wait type=0xC0

INFO: unrelated frame during TX wait type=0xC0

  WP s1 i35: wait err: ERR_PROTO during TX wait: 1001080000

  WP s1 i36: wait err: ERR_PROTO during TX wait: 1001080000

INFO: unrelated frame during TX wait type=0xC0

INFO: unrelated frame during TX wait type=0xC0

INFO: unrelated frame during TX wait type=0xC0

INFO: unrelated frame during TX wait type=0xC0

INFO: unrelated frame during TX wait type=0xC0

INFO: unrelated frame during TX wait type=0xC0

INFO: unrelated frame during TX wait type=0xC0

INFO: unrelated frame during TX wait type=0xC0

INFO: unrelated frame during TX wait type=0xC0

INFO: unrelated frame during TX wait type=0xC0

INFO: unrelated frame during TX wait type=0xC0

INFO: unrelated frame during TX wait type=0xC0

INFO: unrelated frame during TX wait type=0xC0

__WALK_POWER_STEP__ step=1 dbm=3 ok=44 fail=0 timeout=6 per_pct=12.00 mean_toa_us=25728 echoed_dbm=3

step 2: CFG_OK_URC TX_POWER_DBM=4

INFO: unrelated frame during TX wait type=0xC0

INFO: unrelated frame during TX wait type=0xC0

  WP s2 i2: wait err: ERR_PROTO during TX wait: 1001080000

INFO: unrelated frame during TX wait type=0xC0

INFO: unrelated frame during TX wait type=0xC0

INFO: unrelated frame during TX wait type=0xC0

INFO: unrelated frame during TX wait type=0xC0

INFO: unrelated frame during TX wait type=0xC0

INFO: unrelated frame during TX wait type=0xC0

INFO: unrelated frame during TX wait type=0xC0

INFO: unrelated frame during TX wait type=0xC0

INFO: unrelated frame during TX wait type=0xC0

INFO: unrelated frame during TX wait type=0xC0

INFO: unrelated frame during TX wait type=0xC0

INFO: unrelated frame during TX wait type=0xC0

INFO: unrelated frame during TX wait type=0xC0

INFO: unrelated frame during TX wait type=0xC0

INFO: unrelated frame during TX wait type=0xC0

  WP s2 i18: wait err: ERR_PROTO during TX wait: 1001080000

  WP s2 i19: wait err: ERR_PROTO during TX wait: 1001080000

INFO: unrelated frame during TX wait type=0xC0

INFO: unrelated frame during TX wait type=0xC0

INFO: unrelated frame during TX wait type=0xC0

INFO: unrelated frame during TX wait type=0xC0

INFO: unrelated frame during TX wait type=0xC0

INFO: unrelated frame during TX wait type=0xC0

INFO: unrelated frame during TX wait type=0xC0

INFO: unrelated frame during TX wait type=0xC0

INFO: unrelated frame during TX wait type=0xC0

INFO: unrelated frame during TX wait type=0xC0

INFO: unrelated frame during TX wait type=0xC0

INFO: unrelated frame during TX wait type=0xC0

INFO: unrelated frame during TX wait type=0xC0

INFO: unrelated frame during TX wait type=0xC0

INFO: unrelated frame during TX wait type=0xC0

  WP s2 i35: wait err: ERR_PROTO during TX wait: 1001080000

  WP s2 i36: wait err: ERR_PROTO during TX wait: 1001080000

  WP s2 i37: wait err: ERR_PROTO during TX wait: 1001080000

INFO: unrelated frame during TX wait type=0xC0

INFO: unrelated frame during TX wait type=0xC0

INFO: unrelated frame during TX wait type=0xC0

INFO: unrelated frame during TX wait type=0xC0

INFO: unrelated frame during TX wait type=0xC0

INFO: unrelated frame during TX wait type=0xC0

INFO: unrelated frame during TX wait type=0xC0

INFO: unrelated frame during TX wait type=0xC0

INFO: unrelated frame during TX wait type=0xC0

INFO: unrelated frame during TX wait type=0xC0

INFO: unrelated frame during TX wait type=0xC0

INFO: unrelated frame during TX wait type=0xC0

__WALK_POWER_STEP__ step=2 dbm=4 ok=44 fail=0 timeout=6 per_pct=12.00 mean_toa_us=25728 echoed_dbm=4

step 3: CFG_OK_URC TX_POWER_DBM=5

INFO: unrelated frame during TX wait type=0xC0

INFO: unrelated frame during TX wait type=0xC0

INFO: unrelated frame during TX wait type=0xC0

  WP s3 i3: wait err: ERR_PROTO during TX wait: 1001080000

  WP s3 i4: wait err: ERR_PROTO during TX wait: 1001080000

INFO: unrelated frame during TX wait type=0xC0

INFO: unrelated frame during TX wait type=0xC0

INFO: unrelated frame during TX wait type=0xC0

INFO: unrelated frame during TX wait type=0xC0

INFO: unrelated frame during TX wait type=0xC0

INFO: unrelated frame during TX wait type=0xC0

INFO: unrelated frame during TX wait type=0xC0

INFO: unrelated frame during TX wait type=0xC0

INFO: unrelated frame during TX wait type=0xC0

INFO: unrelated frame during TX wait type=0xC0

INFO: unrelated frame during TX wait type=0xC0

INFO: unrelated frame during TX wait type=0xC0

INFO: unrelated frame during TX wait type=0xC0

INFO: unrelated frame during TX wait type=0xC0

INFO: unrelated frame during TX wait type=0xC0

  WP s3 i20: wait err: ERR_PROTO during TX wait: 1001080000

  WP s3 i21: wait err: ERR_PROTO during TX wait: 1001080000

  WP s3 i22: wait err: ERR_PROTO during TX wait: 1001080000

INFO: unrelated frame during TX wait type=0xC0

INFO: unrelated frame during TX wait type=0xC0

INFO: unrelated frame during TX wait type=0xC0

INFO: unrelated frame during TX wait type=0xC0

INFO: unrelated frame during TX wait type=0xC0

INFO: unrelated frame during TX wait type=0xC0

INFO: unrelated frame during TX wait type=0xC0

INFO: unrelated frame during TX wait type=0xC0

INFO: unrelated frame during TX wait type=0xC0

INFO: unrelated frame during TX wait type=0xC0

INFO: unrelated frame during TX wait type=0xC0

INFO: unrelated frame during TX wait type=0xC0

INFO: unrelated frame during TX wait type=0xC0

INFO: unrelated frame during TX wait type=0xC0

INFO: unrelated frame during TX wait type=0xC0

  WP s3 i38: wait err: ERR_PROTO during TX wait: 1001080000

  WP s3 i39: wait err: ERR_PROTO during TX wait: 1001080000

  WP s3 i40: wait err: ERR_PROTO during TX wait: 1001080000

INFO: unrelated frame during TX wait type=0xC0

INFO: unrelated frame during TX wait type=0xC0

INFO: unrelated frame during TX wait type=0xC0

INFO: unrelated frame during TX wait type=0xC0

INFO: unrelated frame during TX wait type=0xC0

INFO: unrelated frame during TX wait type=0xC0

INFO: unrelated frame during TX wait type=0xC0

INFO: unrelated frame during TX wait type=0xC0

INFO: unrelated frame during TX wait type=0xC0

__WALK_POWER_STEP__ step=3 dbm=5 ok=42 fail=0 timeout=8 per_pct=16.00 mean_toa_us=25728 echoed_dbm=5

step 4: CFG_OK_URC TX_POWER_DBM=6

INFO: unrelated frame during TX wait type=0xC0

INFO: unrelated frame during TX wait type=0xC0

INFO: unrelated frame during TX wait type=0xC0

INFO: unrelated frame during TX wait type=0xC0

INFO: unrelated frame during TX wait type=0xC0

INFO: unrelated frame during TX wait type=0xC0

  WP s4 i6: wait err: ERR_PROTO during TX wait: 1001080000

INFO: unrelated frame during TX wait type=0xC0

INFO: unrelated frame during TX wait type=0xC0

INFO: unrelated frame during TX wait type=0xC0

INFO: unrelated frame during TX wait type=0xC0

INFO: unrelated frame during TX wait type=0xC0

INFO: unrelated frame during TX wait type=0xC0

INFO: unrelated frame during TX wait type=0xC0

INFO: unrelated frame during TX wait type=0xC0

INFO: unrelated frame during TX wait type=0xC0

INFO: unrelated frame during TX wait type=0xC0

INFO: unrelated frame during TX wait type=0xC0

INFO: unrelated frame during TX wait type=0xC0

INFO: unrelated frame during TX wait type=0xC0

INFO: unrelated frame during TX wait type=0xC0

INFO: unrelated frame during TX wait type=0xC0

  WP s4 i22: wait err: ERR_PROTO during TX wait: 1001080000

  WP s4 i23: wait err: ERR_PROTO during TX wait: 1001080000

  WP s4 i24: wait err: ERR_PROTO during TX wait: 1001080000

INFO: unrelated frame during TX wait type=0xC0

INFO: unrelated frame during TX wait type=0xC0

INFO: unrelated frame during TX wait type=0xC0

INFO: unrelated frame during TX wait type=0xC0

INFO: unrelated frame during TX wait type=0xC0

INFO: unrelated frame during TX wait type=0xC0

INFO: unrelated frame during TX wait type=0xC0

INFO: unrelated frame during TX wait type=0xC0

INFO: unrelated frame during TX wait type=0xC0

INFO: unrelated frame during TX wait type=0xC0

INFO: unrelated frame during TX wait type=0xC0

INFO: unrelated frame during TX wait type=0xC0

INFO: unrelated frame during TX wait type=0xC0

INFO: unrelated frame during TX wait type=0xC0

INFO: unrelated frame during TX wait type=0xC0

  WP s4 i40: wait err: ERR_PROTO during TX wait: 1001080000

  WP s4 i41: wait err: ERR_PROTO during TX wait: 1001080000

INFO: unrelated frame during TX wait type=0xC0

INFO: unrelated frame during TX wait type=0xC0

INFO: unrelated frame during TX wait type=0xC0

INFO: unrelated frame during TX wait type=0xC0

INFO: unrelated frame during TX wait type=0xC0

INFO: unrelated frame during TX wait type=0xC0

INFO: unrelated frame during TX wait type=0xC0

INFO: unrelated frame during TX wait type=0xC0

__WALK_POWER_STEP__ step=4 dbm=6 ok=44 fail=0 timeout=6 per_pct=12.00 mean_toa_us=25728 echoed_dbm=6

step 5: CFG_OK_URC TX_POWER_DBM=7

INFO: unrelated frame during TX wait type=0xC0

INFO: unrelated frame during TX wait type=0xC0

INFO: unrelated frame during TX wait type=0xC0

INFO: unrelated frame during TX wait type=0xC0

INFO: unrelated frame during TX wait type=0xC0

INFO: unrelated frame during TX wait type=0xC0

INFO: unrelated frame during TX wait type=0xC0

  WP s5 i7: wait err: ERR_PROTO during TX wait: 1001080000

INFO: unrelated frame during TX wait type=0xC0

INFO: unrelated frame during TX wait type=0xC0

INFO: unrelated frame during TX wait type=0xC0

INFO: unrelated frame during TX wait type=0xC0

INFO: unrelated frame during TX wait type=0xC0

INFO: unrelated frame during TX wait type=0xC0

INFO: unrelated frame during TX wait type=0xC0

INFO: unrelated frame during TX wait type=0xC0

INFO: unrelated frame during TX wait type=0xC0

INFO: unrelated frame during TX wait type=0xC0

INFO: unrelated frame during TX wait type=0xC0

INFO: unrelated frame during TX wait type=0xC0

INFO: unrelated frame during TX wait type=0xC0

INFO: unrelated frame during TX wait type=0xC0

INFO: unrelated frame during TX wait type=0xC0

  WP s5 i23: wait err: ERR_PROTO during TX wait: 1001080000

  WP s5 i24: wait err: ERR_PROTO during TX wait: 1001080000

INFO: unrelated frame during TX wait type=0xC0

INFO: unrelated frame during TX wait type=0xC0

INFO: unrelated frame during TX wait type=0xC0

INFO: unrelated frame during TX wait type=0xC0

INFO: unrelated frame during TX wait type=0xC0

INFO: unrelated frame during TX wait type=0xC0

INFO: unrelated frame during TX wait type=0xC0

INFO: unrelated frame during TX wait type=0xC0

INFO: unrelated frame during TX wait type=0xC0

INFO: unrelated frame during TX wait type=0xC0

INFO: unrelated frame during TX wait type=0xC0

INFO: unrelated frame during TX wait type=0xC0

INFO: unrelated frame during TX wait type=0xC0

INFO: unrelated frame during TX wait type=0xC0

INFO: unrelated frame during TX wait type=0xC0

  WP s5 i40: wait err: ERR_PROTO during TX wait: 1001080000

  WP s5 i41: wait err: ERR_PROTO during TX wait: 1001080000

  WP s5 i42: wait err: ERR_PROTO during TX wait: 1001080000

INFO: unrelated frame during TX wait type=0xC0

INFO: unrelated frame during TX wait type=0xC0

INFO: unrelated frame during TX wait type=0xC0

INFO: unrelated frame during TX wait type=0xC0

INFO: unrelated frame during TX wait type=0xC0

INFO: unrelated frame during TX wait type=0xC0

INFO: unrelated frame during TX wait type=0xC0

__WALK_POWER_STEP__ step=5 dbm=7 ok=44 fail=0 timeout=6 per_pct=12.00 mean_toa_us=25728 echoed_dbm=7

step 6: CFG_OK_URC TX_POWER_DBM=8

INFO: unrelated frame during TX wait type=0xC0

INFO: unrelated frame during TX wait type=0xC0

INFO: unrelated frame during TX wait type=0xC0

INFO: unrelated frame during TX wait type=0xC0

INFO: unrelated frame during TX wait type=0xC0

INFO: unrelated frame during TX wait type=0xC0

INFO: unrelated frame during TX wait type=0xC0

INFO: unrelated frame during TX wait type=0xC0

  WP s6 i8: wait err: ERR_PROTO during TX wait: 1001080000

INFO: unrelated frame during TX wait type=0xC0

INFO: unrelated frame during TX wait type=0xC0

INFO: unrelated frame during TX wait type=0xC0

INFO: unrelated frame during TX wait type=0xC0

INFO: unrelated frame during TX wait type=0xC0

INFO: unrelated frame during TX wait type=0xC0

INFO: unrelated frame during TX wait type=0xC0

INFO: unrelated frame during TX wait type=0xC0

INFO: unrelated frame during TX wait type=0xC0

INFO: unrelated frame during TX wait type=0xC0

INFO: unrelated frame during TX wait type=0xC0

INFO: unrelated frame during TX wait type=0xC0

INFO: unrelated frame during TX wait type=0xC0

INFO: unrelated frame during TX wait type=0xC0

INFO: unrelated frame during TX wait type=0xC0

  WP s6 i24: wait err: ERR_PROTO during TX wait: 1001080000

  WP s6 i25: wait err: ERR_PROTO during TX wait: 1001080000

  WP s6 i26: wait err: ERR_PROTO during TX wait: 1001080000

INFO: unrelated frame during TX wait type=0xC0

INFO: unrelated frame during TX wait type=0xC0

INFO: unrelated frame during TX wait type=0xC0

INFO: unrelated frame during TX wait type=0xC0

INFO: unrelated frame during TX wait type=0xC0

INFO: unrelated frame during TX wait type=0xC0

INFO: unrelated frame during TX wait type=0xC0

INFO: unrelated frame during TX wait type=0xC0

INFO: unrelated frame during TX wait type=0xC0

INFO: unrelated frame during TX wait type=0xC0

INFO: unrelated frame during TX wait type=0xC0

INFO: unrelated frame during TX wait type=0xC0

INFO: unrelated frame during TX wait type=0xC0

INFO: unrelated frame during TX wait type=0xC0

INFO: unrelated frame during TX wait type=0xC0

  WP s6 i42: wait err: ERR_PROTO during TX wait: 1001080000

  WP s6 i43: wait err: ERR_PROTO during TX wait: 1001080000

  WP s6 i44: wait err: ERR_PROTO during TX wait: 1001080000

INFO: unrelated frame during TX wait type=0xC0

INFO: unrelated frame during TX wait type=0xC0

INFO: unrelated frame during TX wait type=0xC0

INFO: unrelated frame during TX wait type=0xC0

INFO: unrelated frame during TX wait type=0xC0

__WALK_POWER_STEP__ step=6 dbm=8 ok=43 fail=0 timeout=7 per_pct=14.00 mean_toa_us=25728 echoed_dbm=8

step 7: CFG_OK_URC TX_POWER_DBM=9

INFO: unrelated frame during TX wait type=0xC0

INFO: unrelated frame during TX wait type=0xC0

INFO: unrelated frame during TX wait type=0xC0

INFO: unrelated frame during TX wait type=0xC0

INFO: unrelated frame during TX wait type=0xC0

INFO: unrelated frame during TX wait type=0xC0

INFO: unrelated frame during TX wait type=0xC0

INFO: unrelated frame during TX wait type=0xC0

INFO: unrelated frame during TX wait type=0xC0

INFO: unrelated frame during TX wait type=0xC0

  WP s7 i10: wait err: ERR_PROTO during TX wait: 1001080000

  WP s7 i11: wait err: ERR_PROTO during TX wait: 1001080000

INFO: unrelated frame during TX wait type=0xC0

INFO: unrelated frame during TX wait type=0xC0

INFO: unrelated frame during TX wait type=0xC0

INFO: unrelated frame during TX wait type=0xC0

INFO: unrelated frame during TX wait type=0xC0

INFO: unrelated frame during TX wait type=0xC0

INFO: unrelated frame during TX wait type=0xC0

INFO: unrelated frame during TX wait type=0xC0

INFO: unrelated frame during TX wait type=0xC0

INFO: unrelated frame during TX wait type=0xC0

INFO: unrelated frame during TX wait type=0xC0

INFO: unrelated frame during TX wait type=0xC0

INFO: unrelated frame during TX wait type=0xC0

INFO: unrelated frame during TX wait type=0xC0

INFO: unrelated frame during TX wait type=0xC0

  WP s7 i27: wait err: ERR_PROTO during TX wait: 1001080000

  WP s7 i28: wait err: ERR_PROTO during TX wait: 1001080000

  WP s7 i29: wait err: ERR_PROTO during TX wait: 1001080000

INFO: unrelated frame during TX wait type=0xC0

INFO: unrelated frame during TX wait type=0xC0

INFO: unrelated frame during TX wait type=0xC0

INFO: unrelated frame during TX wait type=0xC0

INFO: unrelated frame during TX wait type=0xC0

INFO: unrelated frame during TX wait type=0xC0

INFO: unrelated frame during TX wait type=0xC0

INFO: unrelated frame during TX wait type=0xC0

INFO: unrelated frame during TX wait type=0xC0

INFO: unrelated frame during TX wait type=0xC0

INFO: unrelated frame during TX wait type=0xC0

INFO: unrelated frame during TX wait type=0xC0

INFO: unrelated frame during TX wait type=0xC0

INFO: unrelated frame during TX wait type=0xC0

INFO: unrelated frame during TX wait type=0xC0

  WP s7 i45: wait err: ERR_PROTO during TX wait: 1001080000

  WP s7 i46: wait err: ERR_PROTO during TX wait: 1001080000

  WP s7 i47: wait err: ERR_PROTO during TX wait: 1001080000

INFO: unrelated frame during TX wait type=0xC0

INFO: unrelated frame during TX wait type=0xC0

__WALK_POWER_STEP__ step=7 dbm=9 ok=42 fail=0 timeout=8 per_pct=16.00 mean_toa_us=25728 echoed_dbm=9

step 8: CFG_OK_URC TX_POWER_DBM=10

INFO: unrelated frame during TX wait type=0xC0

INFO: unrelated frame during TX wait type=0xC0

INFO: unrelated frame during TX wait type=0xC0

INFO: unrelated frame during TX wait type=0xC0

INFO: unrelated frame during TX wait type=0xC0

INFO: unrelated frame during TX wait type=0xC0

INFO: unrelated frame during TX wait type=0xC0

INFO: unrelated frame during TX wait type=0xC0

INFO: unrelated frame during TX wait type=0xC0

INFO: unrelated frame during TX wait type=0xC0

INFO: unrelated frame during TX wait type=0xC0

INFO: unrelated frame during TX wait type=0xC0

INFO: unrelated frame during TX wait type=0xC0

  WP s8 i13: wait err: ERR_PROTO during TX wait: 1001080000

  WP s8 i14: wait err: ERR_PROTO during TX wait: 1001080000

INFO: unrelated frame during TX wait type=0xC0

INFO: unrelated frame during TX wait type=0xC0

INFO: unrelated frame during TX wait type=0xC0

INFO: unrelated frame during TX wait type=0xC0

INFO: unrelated frame during TX wait type=0xC0

INFO: unrelated frame during TX wait type=0xC0

INFO: unrelated frame during TX wait type=0xC0

INFO: unrelated frame during TX wait type=0xC0

INFO: unrelated frame during TX wait type=0xC0

INFO: unrelated frame during TX wait type=0xC0

INFO: unrelated frame during TX wait type=0xC0

INFO: unrelated frame during TX wait type=0xC0

INFO: unrelated frame during TX wait type=0xC0

INFO: unrelated frame during TX wait type=0xC0

INFO: unrelated frame during TX wait type=0xC0

  WP s8 i30: wait err: ERR_PROTO during TX wait: 1001080000

  WP s8 i31: wait err: ERR_PROTO during TX wait: 1001080000

  WP s8 i32: wait err: ERR_PROTO during TX wait: 1001080000

INFO: unrelated frame during TX wait type=0xC0

INFO: unrelated frame during TX wait type=0xC0

INFO: unrelated frame during TX wait type=0xC0

INFO: unrelated frame during TX wait type=0xC0

INFO: unrelated frame during TX wait type=0xC0

INFO: unrelated frame during TX wait type=0xC0

INFO: unrelated frame during TX wait type=0xC0

INFO: unrelated frame during TX wait type=0xC0

INFO: unrelated frame during TX wait type=0xC0

INFO: unrelated frame during TX wait type=0xC0

INFO: unrelated frame during TX wait type=0xC0

INFO: unrelated frame during TX wait type=0xC0

INFO: unrelated frame during TX wait type=0xC0

INFO: unrelated frame during TX wait type=0xC0

INFO: unrelated frame during TX wait type=0xC0

  WP s8 i48: wait err: ERR_PROTO during TX wait: 1001080000

  WP s8 i49: wait err: ERR_PROTO during TX wait: 1001080000

__WALK_POWER_STEP__ step=8 dbm=10 ok=43 fail=0 timeout=7 per_pct=14.00 mean_toa_us=25728 echoed_dbm=10

step 9: CFG_OK_URC TX_POWER_DBM=11

INFO: unrelated frame during TX wait type=0xC0

INFO: unrelated frame during TX wait type=0xC0

INFO: unrelated frame during TX wait type=0xC0

INFO: unrelated frame during TX wait type=0xC0

INFO: unrelated frame during TX wait type=0xC0

INFO: unrelated frame during TX wait type=0xC0

INFO: unrelated frame during TX wait type=0xC0

INFO: unrelated frame during TX wait type=0xC0

INFO: unrelated frame during TX wait type=0xC0

INFO: unrelated frame during TX wait type=0xC0

INFO: unrelated frame during TX wait type=0xC0

INFO: unrelated frame during TX wait type=0xC0

INFO: unrelated frame during TX wait type=0xC0

INFO: unrelated frame during TX wait type=0xC0

INFO: unrelated frame during TX wait type=0xC0

  WP s9 i15: wait err: ERR_PROTO during TX wait: 1001080000

  WP s9 i16: wait err: ERR_PROTO during TX wait: 1001080000

  WP s9 i17: wait err: ERR_PROTO during TX wait: 1001080000

INFO: unrelated frame during TX wait type=0xC0

INFO: unrelated frame during TX wait type=0xC0

INFO: unrelated frame during TX wait type=0xC0

INFO: unrelated frame during TX wait type=0xC0

INFO: unrelated frame during TX wait type=0xC0

INFO: unrelated frame during TX wait type=0xC0

INFO: unrelated frame during TX wait type=0xC0

INFO: unrelated frame during TX wait type=0xC0

INFO: unrelated frame during TX wait type=0xC0

INFO: unrelated frame during TX wait type=0xC0

INFO: unrelated frame during TX wait type=0xC0

INFO: unrelated frame during TX wait type=0xC0

INFO: unrelated frame during TX wait type=0xC0

INFO: unrelated frame during TX wait type=0xC0

INFO: unrelated frame during TX wait type=0xC0

  WP s9 i33: wait err: ERR_PROTO during TX wait: 1001080000

  WP s9 i34: wait err: ERR_PROTO during TX wait: 1001080000

  WP s9 i35: wait err: ERR_PROTO during TX wait: 1001080000

INFO: unrelated frame during TX wait type=0xC0

INFO: unrelated frame during TX wait type=0xC0

INFO: unrelated frame during TX wait type=0xC0

INFO: unrelated frame during TX wait type=0xC0

INFO: unrelated frame during TX wait type=0xC0

INFO: unrelated frame during TX wait type=0xC0

INFO: unrelated frame during TX wait type=0xC0

INFO: unrelated frame during TX wait type=0xC0

INFO: unrelated frame during TX wait type=0xC0

INFO: unrelated frame during TX wait type=0xC0

INFO: unrelated frame during TX wait type=0xC0

INFO: unrelated frame during TX wait type=0xC0

INFO: unrelated frame during TX wait type=0xC0

INFO: unrelated frame during TX wait type=0xC0

__WALK_POWER_STEP__ step=9 dbm=11 ok=44 fail=0 timeout=6 per_pct=12.00 mean_toa_us=25728 echoed_dbm=11

step 10: CFG_OK_URC TX_POWER_DBM=12

INFO: unrelated frame during TX wait type=0xC0

  WP s10 i1: wait err: ERR_PROTO during TX wait: 1001080000

INFO: unrelated frame during TX wait type=0xC0

INFO: unrelated frame during TX wait type=0xC0

INFO: unrelated frame during TX wait type=0xC0

INFO: unrelated frame during TX wait type=0xC0

INFO: unrelated frame during TX wait type=0xC0

INFO: unrelated frame during TX wait type=0xC0

INFO: unrelated frame during TX wait type=0xC0

INFO: unrelated frame during TX wait type=0xC0

INFO: unrelated frame during TX wait type=0xC0

INFO: unrelated frame during TX wait type=0xC0

INFO: unrelated frame during TX wait type=0xC0

INFO: unrelated frame during TX wait type=0xC0

INFO: unrelated frame during TX wait type=0xC0

INFO: unrelated frame during TX wait type=0xC0

INFO: unrelated frame during TX wait type=0xC0

  WP s10 i17: wait err: ERR_PROTO during TX wait: 1001080000

  WP s10 i18: wait err: ERR_PROTO during TX wait: 1001080000

INFO: unrelated frame during TX wait type=0xC0

INFO: unrelated frame during TX wait type=0xC0

INFO: unrelated frame during TX wait type=0xC0

INFO: unrelated frame during TX wait type=0xC0

INFO: unrelated frame during TX wait type=0xC0

INFO: unrelated frame during TX wait type=0xC0

INFO: unrelated frame during TX wait type=0xC0

INFO: unrelated frame during TX wait type=0xC0

INFO: unrelated frame during TX wait type=0xC0

INFO: unrelated frame during TX wait type=0xC0

INFO: unrelated frame during TX wait type=0xC0

INFO: unrelated frame during TX wait type=0xC0

INFO: unrelated frame during TX wait type=0xC0

INFO: unrelated frame during TX wait type=0xC0

INFO: unrelated frame during TX wait type=0xC0

  WP s10 i34: wait err: ERR_PROTO during TX wait: 1001080000

  WP s10 i35: wait err: ERR_PROTO during TX wait: 1001080000

  WP s10 i36: wait err: ERR_PROTO during TX wait: 1001080000

INFO: unrelated frame during TX wait type=0xC0

INFO: unrelated frame during TX wait type=0xC0

INFO: unrelated frame during TX wait type=0xC0

INFO: unrelated frame during TX wait type=0xC0

INFO: unrelated frame during TX wait type=0xC0

INFO: unrelated frame during TX wait type=0xC0

INFO: unrelated frame during TX wait type=0xC0

INFO: unrelated frame during TX wait type=0xC0

INFO: unrelated frame during TX wait type=0xC0

INFO: unrelated frame during TX wait type=0xC0

INFO: unrelated frame during TX wait type=0xC0

INFO: unrelated frame during TX wait type=0xC0

INFO: unrelated frame during TX wait type=0xC0

__WALK_POWER_STEP__ step=10 dbm=12 ok=44 fail=0 timeout=6 per_pct=12.00 mean_toa_us=25728 echoed_dbm=12

step 11: CFG_OK_URC TX_POWER_DBM=13

INFO: unrelated frame during TX wait type=0xC0

INFO: unrelated frame during TX wait type=0xC0

  WP s11 i2: wait err: ERR_PROTO during TX wait: 1001080000

INFO: unrelated frame during TX wait type=0xC0

INFO: unrelated frame during TX wait type=0xC0

INFO: unrelated frame during TX wait type=0xC0

INFO: unrelated frame during TX wait type=0xC0

INFO: unrelated frame during TX wait type=0xC0

INFO: unrelated frame during TX wait type=0xC0

INFO: unrelated frame during TX wait type=0xC0

INFO: unrelated frame during TX wait type=0xC0

INFO: unrelated frame during TX wait type=0xC0

INFO: unrelated frame during TX wait type=0xC0

INFO: unrelated frame during TX wait type=0xC0

INFO: unrelated frame during TX wait type=0xC0

INFO: unrelated frame during TX wait type=0xC0

INFO: unrelated frame during TX wait type=0xC0

INFO: unrelated frame during TX wait type=0xC0

  WP s11 i18: wait err: ERR_PROTO during TX wait: 1001080000

  WP s11 i19: wait err: ERR_PROTO during TX wait: 1001080000

  WP s11 i20: wait err: ERR_PROTO during TX wait: 1001080000

INFO: unrelated frame during TX wait type=0xC0

INFO: unrelated frame during TX wait type=0xC0

INFO: unrelated frame during TX wait type=0xC0

INFO: unrelated frame during TX wait type=0xC0

INFO: unrelated frame during TX wait type=0xC0

INFO: unrelated frame during TX wait type=0xC0

INFO: unrelated frame during TX wait type=0xC0

INFO: unrelated frame during TX wait type=0xC0

INFO: unrelated frame during TX wait type=0xC0

INFO: unrelated frame during TX wait type=0xC0

INFO: unrelated frame during TX wait type=0xC0

INFO: unrelated frame during TX wait type=0xC0

INFO: unrelated frame during TX wait type=0xC0

INFO: unrelated frame during TX wait type=0xC0

INFO: unrelated frame during TX wait type=0xC0

  WP s11 i36: wait err: ERR_PROTO during TX wait: 1001080000

  WP s11 i37: wait err: ERR_PROTO during TX wait: 1001080000

  WP s11 i38: wait err: ERR_PROTO during TX wait: 1001080000

INFO: unrelated frame during TX wait type=0xC0

INFO: unrelated frame during TX wait type=0xC0

INFO: unrelated frame during TX wait type=0xC0

INFO: unrelated frame during TX wait type=0xC0

INFO: unrelated frame during TX wait type=0xC0

INFO: unrelated frame during TX wait type=0xC0

INFO: unrelated frame during TX wait type=0xC0

INFO: unrelated frame during TX wait type=0xC0

INFO: unrelated frame during TX wait type=0xC0

INFO: unrelated frame during TX wait type=0xC0

INFO: unrelated frame during TX wait type=0xC0

__WALK_POWER_STEP__ step=11 dbm=13 ok=43 fail=0 timeout=7 per_pct=14.00 mean_toa_us=25728 echoed_dbm=13

step 12: CFG_OK_URC TX_POWER_DBM=14

INFO: unrelated frame during TX wait type=0xC0

INFO: unrelated frame during TX wait type=0xC0

INFO: unrelated frame during TX wait type=0xC0

INFO: unrelated frame during TX wait type=0xC0

  WP s12 i4: wait err: ERR_PROTO during TX wait: 1001080000

INFO: unrelated frame during TX wait type=0xC0

INFO: unrelated frame during TX wait type=0xC0

INFO: unrelated frame during TX wait type=0xC0

INFO: unrelated frame during TX wait type=0xC0

INFO: unrelated frame during TX wait type=0xC0

INFO: unrelated frame during TX wait type=0xC0

INFO: unrelated frame during TX wait type=0xC0

INFO: unrelated frame during TX wait type=0xC0

INFO: unrelated frame during TX wait type=0xC0

INFO: unrelated frame during TX wait type=0xC0

INFO: unrelated frame during TX wait type=0xC0

INFO: unrelated frame during TX wait type=0xC0

INFO: unrelated frame during TX wait type=0xC0

INFO: unrelated frame during TX wait type=0xC0

INFO: unrelated frame during TX wait type=0xC0

  WP s12 i20: wait err: ERR_PROTO during TX wait: 1001080000

  WP s12 i21: wait err: ERR_PROTO during TX wait: 1001080000

  WP s12 i22: wait err: ERR_PROTO during TX wait: 1001080000

INFO: unrelated frame during TX wait type=0xC0

INFO: unrelated frame during TX wait type=0xC0

INFO: unrelated frame during TX wait type=0xC0

INFO: unrelated frame during TX wait type=0xC0

INFO: unrelated frame during TX wait type=0xC0

INFO: unrelated frame during TX wait type=0xC0

INFO: unrelated frame during TX wait type=0xC0

INFO: unrelated frame during TX wait type=0xC0

INFO: unrelated frame during TX wait type=0xC0

INFO: unrelated frame during TX wait type=0xC0

INFO: unrelated frame during TX wait type=0xC0

INFO: unrelated frame during TX wait type=0xC0

INFO: unrelated frame during TX wait type=0xC0

INFO: unrelated frame during TX wait type=0xC0

INFO: unrelated frame during TX wait type=0xC0

  WP s12 i38: wait err: ERR_PROTO during TX wait: 1001080000

  WP s12 i39: wait err: ERR_PROTO during TX wait: 1001080000

  WP s12 i40: wait err: ERR_PROTO during TX wait: 1001080000

INFO: unrelated frame during TX wait type=0xC0

INFO: unrelated frame during TX wait type=0xC0

INFO: unrelated frame during TX wait type=0xC0

INFO: unrelated frame during TX wait type=0xC0

INFO: unrelated frame during TX wait type=0xC0

INFO: unrelated frame during TX wait type=0xC0

INFO: unrelated frame during TX wait type=0xC0

INFO: unrelated frame during TX wait type=0xC0

INFO: unrelated frame during TX wait type=0xC0

__WALK_POWER_STEP__ step=12 dbm=14 ok=43 fail=0 timeout=7 per_pct=14.00 mean_toa_us=25728 echoed_dbm=14

step 13: CFG_OK_URC TX_POWER_DBM=15

INFO: unrelated frame during TX wait type=0xC0

INFO: unrelated frame during TX wait type=0xC0

INFO: unrelated frame during TX wait type=0xC0

INFO: unrelated frame during TX wait type=0xC0

INFO: unrelated frame during TX wait type=0xC0

INFO: unrelated frame during TX wait type=0xC0

  WP s13 i6: wait err: ERR_PROTO during TX wait: 1001080000

  WP s13 i7: wait err: ERR_PROTO during TX wait: 1001080000

INFO: unrelated frame during TX wait type=0xC0

INFO: unrelated frame during TX wait type=0xC0

INFO: unrelated frame during TX wait type=0xC0

INFO: unrelated frame during TX wait type=0xC0

INFO: unrelated frame during TX wait type=0xC0

INFO: unrelated frame during TX wait type=0xC0

INFO: unrelated frame during TX wait type=0xC0

INFO: unrelated frame during TX wait type=0xC0

INFO: unrelated frame during TX wait type=0xC0

INFO: unrelated frame during TX wait type=0xC0

INFO: unrelated frame during TX wait type=0xC0

INFO: unrelated frame during TX wait type=0xC0

INFO: unrelated frame during TX wait type=0xC0

INFO: unrelated frame during TX wait type=0xC0

INFO: unrelated frame during TX wait type=0xC0

  WP s13 i23: wait err: ERR_PROTO during TX wait: 1001080000

  WP s13 i24: wait err: ERR_PROTO during TX wait: 1001080000

  WP s13 i25: wait err: ERR_PROTO during TX wait: 1001080000

INFO: unrelated frame during TX wait type=0xC0

INFO: unrelated frame during TX wait type=0xC0

INFO: unrelated frame during TX wait type=0xC0

INFO: unrelated frame during TX wait type=0xC0

INFO: unrelated frame during TX wait type=0xC0

INFO: unrelated frame during TX wait type=0xC0

INFO: unrelated frame during TX wait type=0xC0

INFO: unrelated frame during TX wait type=0xC0

INFO: unrelated frame during TX wait type=0xC0

INFO: unrelated frame during TX wait type=0xC0

INFO: unrelated frame during TX wait type=0xC0

INFO: unrelated frame during TX wait type=0xC0

INFO: unrelated frame during TX wait type=0xC0

INFO: unrelated frame during TX wait type=0xC0

INFO: unrelated frame during TX wait type=0xC0

  WP s13 i41: wait err: ERR_PROTO during TX wait: 1001080000

  WP s13 i42: wait err: ERR_PROTO during TX wait: 1001080000

  WP s13 i43: wait err: ERR_PROTO during TX wait: 1001080000

INFO: unrelated frame during TX wait type=0xC0

INFO: unrelated frame during TX wait type=0xC0

INFO: unrelated frame during TX wait type=0xC0

INFO: unrelated frame during TX wait type=0xC0

INFO: unrelated frame during TX wait type=0xC0

INFO: unrelated frame during TX wait type=0xC0

__WALK_POWER_STEP__ step=13 dbm=15 ok=42 fail=0 timeout=8 per_pct=16.00 mean_toa_us=25728 echoed_dbm=15

step 14: CFG_OK_URC TX_POWER_DBM=16

INFO: unrelated frame during TX wait type=0xC0

INFO: unrelated frame during TX wait type=0xC0

INFO: unrelated frame during TX wait type=0xC0

INFO: unrelated frame during TX wait type=0xC0

INFO: unrelated frame during TX wait type=0xC0

INFO: unrelated frame during TX wait type=0xC0

INFO: unrelated frame during TX wait type=0xC0

INFO: unrelated frame during TX wait type=0xC0

INFO: unrelated frame during TX wait type=0xC0

  WP s14 i9: wait err: ERR_PROTO during TX wait: 1001080000

INFO: unrelated frame during TX wait type=0xC0

INFO: unrelated frame during TX wait type=0xC0

INFO: unrelated frame during TX wait type=0xC0

INFO: unrelated frame during TX wait type=0xC0

INFO: unrelated frame during TX wait type=0xC0

INFO: unrelated frame during TX wait type=0xC0

INFO: unrelated frame during TX wait type=0xC0

INFO: unrelated frame during TX wait type=0xC0

INFO: unrelated frame during TX wait type=0xC0

INFO: unrelated frame during TX wait type=0xC0

INFO: unrelated frame during TX wait type=0xC0

INFO: unrelated frame during TX wait type=0xC0

INFO: unrelated frame during TX wait type=0xC0

INFO: unrelated frame during TX wait type=0xC0

INFO: unrelated frame during TX wait type=0xC0

  WP s14 i25: wait err: ERR_PROTO during TX wait: 1001080000

  WP s14 i26: wait err: ERR_PROTO during TX wait: 1001080000

INFO: unrelated frame during TX wait type=0xC0

INFO: unrelated frame during TX wait type=0xC0

INFO: unrelated frame during TX wait type=0xC0

INFO: unrelated frame during TX wait type=0xC0

INFO: unrelated frame during TX wait type=0xC0

INFO: unrelated frame during TX wait type=0xC0

INFO: unrelated frame during TX wait type=0xC0

INFO: unrelated frame during TX wait type=0xC0

INFO: unrelated frame during TX wait type=0xC0

INFO: unrelated frame during TX wait type=0xC0

INFO: unrelated frame during TX wait type=0xC0

INFO: unrelated frame during TX wait type=0xC0

INFO: unrelated frame during TX wait type=0xC0

INFO: unrelated frame during TX wait type=0xC0

INFO: unrelated frame during TX wait type=0xC0

  WP s14 i42: wait err: ERR_PROTO during TX wait: 1001080000

  WP s14 i43: wait err: ERR_PROTO during TX wait: 1001080000

  WP s14 i44: wait err: ERR_PROTO during TX wait: 1001080000

INFO: unrelated frame during TX wait type=0xC0

INFO: unrelated frame during TX wait type=0xC0

INFO: unrelated frame during TX wait type=0xC0

INFO: unrelated frame during TX wait type=0xC0

INFO: unrelated frame during TX wait type=0xC0

__WALK_POWER_STEP__ step=14 dbm=16 ok=44 fail=0 timeout=6 per_pct=12.00 mean_toa_us=25728 echoed_dbm=16

step 15: CFG_OK_URC TX_POWER_DBM=17

INFO: unrelated frame during TX wait type=0xC0

INFO: unrelated frame during TX wait type=0xC0

INFO: unrelated frame during TX wait type=0xC0

INFO: unrelated frame during TX wait type=0xC0

INFO: unrelated frame during TX wait type=0xC0

INFO: unrelated frame during TX wait type=0xC0

INFO: unrelated frame during TX wait type=0xC0

INFO: unrelated frame during TX wait type=0xC0

INFO: unrelated frame during TX wait type=0xC0

INFO: unrelated frame during TX wait type=0xC0

  WP s15 i10: wait err: ERR_PROTO during TX wait: 1001080000

INFO: unrelated frame during TX wait type=0xC0

INFO: unrelated frame during TX wait type=0xC0

INFO: unrelated frame during TX wait type=0xC0

INFO: unrelated frame during TX wait type=0xC0

INFO: unrelated frame during TX wait type=0xC0

INFO: unrelated frame during TX wait type=0xC0

INFO: unrelated frame during TX wait type=0xC0

INFO: unrelated frame during TX wait type=0xC0

INFO: unrelated frame during TX wait type=0xC0

INFO: unrelated frame during TX wait type=0xC0

INFO: unrelated frame during TX wait type=0xC0

INFO: unrelated frame during TX wait type=0xC0

INFO: unrelated frame during TX wait type=0xC0

INFO: unrelated frame during TX wait type=0xC0

INFO: unrelated frame during TX wait type=0xC0

  WP s15 i26: wait err: ERR_PROTO during TX wait: 1001080000

  WP s15 i27: wait err: ERR_PROTO during TX wait: 1001080000

  WP s15 i28: wait err: ERR_PROTO during TX wait: 1001080000

INFO: unrelated frame during TX wait type=0xC0

INFO: unrelated frame during TX wait type=0xC0

INFO: unrelated frame during TX wait type=0xC0

INFO: unrelated frame during TX wait type=0xC0

INFO: unrelated frame during TX wait type=0xC0

INFO: unrelated frame during TX wait type=0xC0

INFO: unrelated frame during TX wait type=0xC0

INFO: unrelated frame during TX wait type=0xC0

INFO: unrelated frame during TX wait type=0xC0

INFO: unrelated frame during TX wait type=0xC0

INFO: unrelated frame during TX wait type=0xC0

INFO: unrelated frame during TX wait type=0xC0

INFO: unrelated frame during TX wait type=0xC0

INFO: unrelated frame during TX wait type=0xC0

INFO: unrelated frame during TX wait type=0xC0

  WP s15 i44: wait err: ERR_PROTO during TX wait: 1001080000

  WP s15 i45: wait err: ERR_PROTO during TX wait: 1001080000

  WP s15 i46: wait err: ERR_PROTO during TX wait: 1001080000

INFO: unrelated frame during TX wait type=0xC0

INFO: unrelated frame during TX wait type=0xC0

INFO: unrelated frame during TX wait type=0xC0

__WALK_POWER_STEP__ step=15 dbm=17 ok=43 fail=0 timeout=7 per_pct=14.00 mean_toa_us=25728 echoed_dbm=17

__WALK_POWER_DONE__ steps=16 steps_with_data=16 csv=/tmp/walk_power_matrix_C.csv verdict=OK

__RADIO_SLEEP_ON_EXIT__ (walk_power) ack=0180 RegOpMode(post)=0x80 (target=0x80)

