Setting correct permissions to ssh keys

cat: can't open '/tmp/keys/id_rsa.pub': No such file or directory

Importing hw info env

grep: /run/arduino_hw_info.env: No such file or directory

export GPG_KEY='E3FF2839C048B25C084DEBE9B26995E310250568'

export HOME='/root'

export HOSTNAME='portenta-x8-2e2c1209dabc240b'

export LANG='C.UTF-8'

export LIFETRAC_MQTT_HOST='192.168.1.79'

export LIFETRAC_REG_PROFILE='0'

export LIFETRAC_SKIP_RESET_REQ='1'

export LIFETRAC_TX_PIPELINE='v2'

export PATH='/usr/local/bin:/usr/local/sbin:/usr/local/bin:/usr/sbin:/usr/bin:/sbin:/bin'

export PWD='/work'

export PYTHONPATH='/work:/work/paho'

export PYTHON_GET_PIP_SHA256='394be00f13fa1b9aaa47e911bdb59a09c3b2986472130f30aa0bfaf7f3980637'

export PYTHON_GET_PIP_URL='https://github.com/pypa/get-pip/raw/d5cb0afaf23b8520f1bbcfed521017b4a95f5c01/public/get-pip.py'

export PYTHON_PIP_VERSION='22.0.4'

export PYTHON_SETUPTOOLS_VERSION='58.1.0'

export PYTHON_VERSION='3.9.16'

export SHLVL='1'

Adding env variables to profile

Starting dropbear ssh server

[18] Jul 24 20:41:47 Failed listening on '22': Error listening: Address in use

[18] Jul 24 20:41:47 Early exit: No listening ports available.

