=== cycle 1/20 2026-05-20T17:56:29.1943344-05:00 ===
bashRUN_OUTDIR=/tmp/lifetrac_p0c/stage1_standard_runs/T6_stage1_standard_2026-05-20_225634
RUN_ID=T6_stage1_standard_2026-05-20_225634
BOARD_SERIAL=2E2C1209DABC240B
IMAGE_NAME=firmware.bin
OPENOCD_CFG=/tmp/lifetrac_p0c/07_assert_pa11_pf4_long.cfg
SYNC_OK=0
GETID_OK=0
ERASE_OK=0
WRITE_OK=0
VERIFY_OK=0
BOOT_OK=0
FINAL_RESULT=FAIL_SYNC
ELAPSED_S=7
OUTDIR=/tmp/lifetrac_p0c/stage1_standard_runs/T6_stage1_standard_2026-05-20_225634
__STD_RC__=1

=== cycle 2/20 2026-05-20T17:56:35.9227619-05:00 ===
bashRUN_OUTDIR=/tmp/lifetrac_p0c/stage1_standard_runs/T6_stage1_standard_2026-05-20_225641
RUN_ID=T6_stage1_standard_2026-05-20_225641
BOARD_SERIAL=2E2C1209DABC240B
IMAGE_NAME=firmware.bin
OPENOCD_CFG=/tmp/lifetrac_p0c/07_assert_pa11_pf4_long.cfg
SYNC_OK=0
GETID_OK=0
ERASE_OK=0
WRITE_OK=0
VERIFY_OK=0
BOOT_OK=0
FINAL_RESULT=FAIL_SYNC
ELAPSED_S=6
OUTDIR=/tmp/lifetrac_p0c/stage1_standard_runs/T6_stage1_standard_2026-05-20_225641
__STD_RC__=1

=== cycle 3/20 2026-05-20T17:56:42.5002342-05:00 ===
bashRUN_OUTDIR=/tmp/lifetrac_p0c/stage1_standard_runs/T6_stage1_standard_2026-05-20_225648
RUN_ID=T6_stage1_standard_2026-05-20_225648
BOARD_SERIAL=2E2C1209DABC240B
IMAGE_NAME=firmware.bin
OPENOCD_CFG=/tmp/lifetrac_p0c/07_assert_pa11_pf4_long.cfg
SYNC_OK=0
GETID_OK=0
ERASE_OK=0
WRITE_OK=0
VERIFY_OK=0
BOOT_OK=0
FINAL_RESULT=FAIL_SYNC
ELAPSED_S=6
OUTDIR=/tmp/lifetrac_p0c/stage1_standard_runs/T6_stage1_standard_2026-05-20_225648
__STD_RC__=1

=== cycle 4/20 2026-05-20T17:56:49.0421328-05:00 ===
bashRUN_OUTDIR=/tmp/lifetrac_p0c/stage1_standard_runs/T6_stage1_standard_2026-05-20_225654
RUN_ID=T6_stage1_standard_2026-05-20_225654
BOARD_SERIAL=2E2C1209DABC240B
IMAGE_NAME=firmware.bin
OPENOCD_CFG=/tmp/lifetrac_p0c/07_assert_pa11_pf4_long.cfg
SYNC_OK=0
GETID_OK=0
ERASE_OK=0
WRITE_OK=0
VERIFY_OK=0
BOOT_OK=0
FINAL_RESULT=FAIL_SYNC
ELAPSED_S=6
OUTDIR=/tmp/lifetrac_p0c/stage1_standard_runs/T6_stage1_standard_2026-05-20_225654
__STD_RC__=1

=== cycle 5/20 2026-05-20T17:56:55.5891421-05:00 ===
bashRUN_OUTDIR=/tmp/lifetrac_p0c/stage1_standard_runs/T6_stage1_standard_2026-05-20_225701
RUN_ID=T6_stage1_standard_2026-05-20_225701
BOARD_SERIAL=2E2C1209DABC240B
IMAGE_NAME=firmware.bin
OPENOCD_CFG=/tmp/lifetrac_p0c/07_assert_pa11_pf4_long.cfg
SYNC_OK=0
GETID_OK=0
ERASE_OK=0
WRITE_OK=0
VERIFY_OK=0
BOOT_OK=0
FINAL_RESULT=FAIL_SYNC
ELAPSED_S=6
OUTDIR=/tmp/lifetrac_p0c/stage1_standard_runs/T6_stage1_standard_2026-05-20_225701
__STD_RC__=1

=== cycle 6/20 2026-05-20T17:57:02.1482969-05:00 ===
bashRUN_OUTDIR=/tmp/lifetrac_p0c/stage1_standard_runs/T6_stage1_standard_2026-05-20_225707
RUN_ID=T6_stage1_standard_2026-05-20_225707
BOARD_SERIAL=2E2C1209DABC240B
IMAGE_NAME=firmware.bin
OPENOCD_CFG=/tmp/lifetrac_p0c/07_assert_pa11_pf4_long.cfg
SYNC_OK=0
GETID_OK=0
ERASE_OK=0
WRITE_OK=0
VERIFY_OK=0
BOOT_OK=0
FINAL_RESULT=FAIL_SYNC
ELAPSED_S=7
OUTDIR=/tmp/lifetrac_p0c/stage1_standard_runs/T6_stage1_standard_2026-05-20_225707
__STD_RC__=1

=== cycle 7/20 2026-05-20T17:57:08.6691291-05:00 ===
bashRUN_OUTDIR=/tmp/lifetrac_p0c/stage1_standard_runs/T6_stage1_standard_2026-05-20_225714
RUN_ID=T6_stage1_standard_2026-05-20_225714
BOARD_SERIAL=2E2C1209DABC240B
IMAGE_NAME=firmware.bin
OPENOCD_CFG=/tmp/lifetrac_p0c/07_assert_pa11_pf4_long.cfg
SYNC_OK=0
GETID_OK=0
ERASE_OK=0
WRITE_OK=0
VERIFY_OK=0
BOOT_OK=0
FINAL_RESULT=FAIL_SYNC
ELAPSED_S=6
OUTDIR=/tmp/lifetrac_p0c/stage1_standard_runs/T6_stage1_standard_2026-05-20_225714
__STD_RC__=1

=== cycle 8/20 2026-05-20T17:57:15.1919781-05:00 ===
bashRUN_OUTDIR=/tmp/lifetrac_p0c/stage1_standard_runs/T6_stage1_standard_2026-05-20_225720
RUN_ID=T6_stage1_standard_2026-05-20_225720
BOARD_SERIAL=2E2C1209DABC240B
IMAGE_NAME=firmware.bin
OPENOCD_CFG=/tmp/lifetrac_p0c/07_assert_pa11_pf4_long.cfg
SYNC_OK=0
GETID_OK=0
ERASE_OK=0
WRITE_OK=0
VERIFY_OK=0
BOOT_OK=0
FINAL_RESULT=FAIL_SYNC
ELAPSED_S=7
OUTDIR=/tmp/lifetrac_p0c/stage1_standard_runs/T6_stage1_standard_2026-05-20_225720
__STD_RC__=1

=== cycle 9/20 2026-05-20T17:57:21.7305685-05:00 ===
bashRUN_OUTDIR=/tmp/lifetrac_p0c/stage1_standard_runs/T6_stage1_standard_2026-05-20_225727
RUN_ID=T6_stage1_standard_2026-05-20_225727
BOARD_SERIAL=2E2C1209DABC240B
IMAGE_NAME=firmware.bin
OPENOCD_CFG=/tmp/lifetrac_p0c/07_assert_pa11_pf4_long.cfg
SYNC_OK=0
GETID_OK=0
ERASE_OK=0
WRITE_OK=0
VERIFY_OK=0
BOOT_OK=0
FINAL_RESULT=FAIL_SYNC
ELAPSED_S=6
OUTDIR=/tmp/lifetrac_p0c/stage1_standard_runs/T6_stage1_standard_2026-05-20_225727
__STD_RC__=1

=== cycle 10/20 2026-05-20T17:57:28.2700226-05:00 ===
bashRUN_OUTDIR=/tmp/lifetrac_p0c/stage1_standard_runs/T6_stage1_standard_2026-05-20_225733
RUN_ID=T6_stage1_standard_2026-05-20_225733
BOARD_SERIAL=2E2C1209DABC240B
IMAGE_NAME=firmware.bin
OPENOCD_CFG=/tmp/lifetrac_p0c/07_assert_pa11_pf4_long.cfg
SYNC_OK=0
GETID_OK=0
ERASE_OK=0
WRITE_OK=0
VERIFY_OK=0
BOOT_OK=0
FINAL_RESULT=FAIL_SYNC
ELAPSED_S=7
OUTDIR=/tmp/lifetrac_p0c/stage1_standard_runs/T6_stage1_standard_2026-05-20_225733
__STD_RC__=1

=== cycle 11/20 2026-05-20T17:57:34.7827777-05:00 ===
bashRUN_OUTDIR=/tmp/lifetrac_p0c/stage1_standard_runs/T6_stage1_standard_2026-05-20_225740
RUN_ID=T6_stage1_standard_2026-05-20_225740
BOARD_SERIAL=2E2C1209DABC240B
IMAGE_NAME=firmware.bin
OPENOCD_CFG=/tmp/lifetrac_p0c/07_assert_pa11_pf4_long.cfg
SYNC_OK=0
GETID_OK=0
ERASE_OK=0
WRITE_OK=0
VERIFY_OK=0
BOOT_OK=0
FINAL_RESULT=FAIL_SYNC
ELAPSED_S=6
OUTDIR=/tmp/lifetrac_p0c/stage1_standard_runs/T6_stage1_standard_2026-05-20_225740
__STD_RC__=1

=== cycle 12/20 2026-05-20T17:57:41.2943320-05:00 ===
bashRUN_OUTDIR=/tmp/lifetrac_p0c/stage1_standard_runs/T6_stage1_standard_2026-05-20_225746
RUN_ID=T6_stage1_standard_2026-05-20_225746
BOARD_SERIAL=2E2C1209DABC240B
IMAGE_NAME=firmware.bin
OPENOCD_CFG=/tmp/lifetrac_p0c/07_assert_pa11_pf4_long.cfg
SYNC_OK=0
GETID_OK=0
ERASE_OK=0
WRITE_OK=0
VERIFY_OK=0
BOOT_OK=0
FINAL_RESULT=FAIL_SYNC
ELAPSED_S=7
OUTDIR=/tmp/lifetrac_p0c/stage1_standard_runs/T6_stage1_standard_2026-05-20_225746
__STD_RC__=1

=== cycle 13/20 2026-05-20T17:57:47.8327769-05:00 ===
bashRUN_OUTDIR=/tmp/lifetrac_p0c/stage1_standard_runs/T6_stage1_standard_2026-05-20_225753
RUN_ID=T6_stage1_standard_2026-05-20_225753
BOARD_SERIAL=2E2C1209DABC240B
IMAGE_NAME=firmware.bin
OPENOCD_CFG=/tmp/lifetrac_p0c/07_assert_pa11_pf4_long.cfg
SYNC_OK=0
GETID_OK=0
ERASE_OK=0
WRITE_OK=0
VERIFY_OK=0
BOOT_OK=0
FINAL_RESULT=FAIL_SYNC
ELAPSED_S=6
OUTDIR=/tmp/lifetrac_p0c/stage1_standard_runs/T6_stage1_standard_2026-05-20_225753
__STD_RC__=1

=== cycle 14/20 2026-05-20T17:57:54.3853323-05:00 ===
bashRUN_OUTDIR=/tmp/lifetrac_p0c/stage1_standard_runs/T6_stage1_standard_2026-05-20_225759
RUN_ID=T6_stage1_standard_2026-05-20_225759
BOARD_SERIAL=2E2C1209DABC240B
IMAGE_NAME=firmware.bin
OPENOCD_CFG=/tmp/lifetrac_p0c/07_assert_pa11_pf4_long.cfg
SYNC_OK=0
GETID_OK=0
ERASE_OK=0
WRITE_OK=0
VERIFY_OK=0
BOOT_OK=0
FINAL_RESULT=FAIL_SYNC
ELAPSED_S=7
OUTDIR=/tmp/lifetrac_p0c/stage1_standard_runs/T6_stage1_standard_2026-05-20_225759
__STD_RC__=1

=== cycle 15/20 2026-05-20T17:58:00.9189663-05:00 ===
bashRUN_OUTDIR=/tmp/lifetrac_p0c/stage1_standard_runs/T6_stage1_standard_2026-05-20_225806
RUN_ID=T6_stage1_standard_2026-05-20_225806
BOARD_SERIAL=2E2C1209DABC240B
IMAGE_NAME=firmware.bin
OPENOCD_CFG=/tmp/lifetrac_p0c/07_assert_pa11_pf4_long.cfg
SYNC_OK=0
GETID_OK=0
ERASE_OK=0
WRITE_OK=0
VERIFY_OK=0
BOOT_OK=0
FINAL_RESULT=FAIL_SYNC
ELAPSED_S=6
OUTDIR=/tmp/lifetrac_p0c/stage1_standard_runs/T6_stage1_standard_2026-05-20_225806
__STD_RC__=1

=== cycle 16/20 2026-05-20T17:58:07.4616858-05:00 ===
bashRUN_OUTDIR=/tmp/lifetrac_p0c/stage1_standard_runs/T6_stage1_standard_2026-05-20_225812
RUN_ID=T6_stage1_standard_2026-05-20_225812
BOARD_SERIAL=2E2C1209DABC240B
IMAGE_NAME=firmware.bin
OPENOCD_CFG=/tmp/lifetrac_p0c/07_assert_pa11_pf4_long.cfg
SYNC_OK=0
GETID_OK=0
ERASE_OK=0
WRITE_OK=0
VERIFY_OK=0
BOOT_OK=0
FINAL_RESULT=FAIL_SYNC
ELAPSED_S=7
OUTDIR=/tmp/lifetrac_p0c/stage1_standard_runs/T6_stage1_standard_2026-05-20_225812
__STD_RC__=1

=== cycle 17/20 2026-05-20T17:58:13.9651303-05:00 ===
bashRUN_OUTDIR=/tmp/lifetrac_p0c/stage1_standard_runs/T6_stage1_standard_2026-05-20_225819
RUN_ID=T6_stage1_standard_2026-05-20_225819
BOARD_SERIAL=2E2C1209DABC240B
IMAGE_NAME=firmware.bin
OPENOCD_CFG=/tmp/lifetrac_p0c/07_assert_pa11_pf4_long.cfg
SYNC_OK=0
GETID_OK=0
ERASE_OK=0
WRITE_OK=0
VERIFY_OK=0
BOOT_OK=0
FINAL_RESULT=FAIL_SYNC
ELAPSED_S=6
OUTDIR=/tmp/lifetrac_p0c/stage1_standard_runs/T6_stage1_standard_2026-05-20_225819
__STD_RC__=1

=== cycle 18/20 2026-05-20T17:58:20.5091243-05:00 ===
bashRUN_OUTDIR=/tmp/lifetrac_p0c/stage1_standard_runs/T6_stage1_standard_2026-05-20_225826
RUN_ID=T6_stage1_standard_2026-05-20_225826
BOARD_SERIAL=2E2C1209DABC240B
IMAGE_NAME=firmware.bin
OPENOCD_CFG=/tmp/lifetrac_p0c/07_assert_pa11_pf4_long.cfg
SYNC_OK=0
GETID_OK=0
ERASE_OK=0
WRITE_OK=0
VERIFY_OK=0
BOOT_OK=0
FINAL_RESULT=FAIL_SYNC
ELAPSED_S=6
OUTDIR=/tmp/lifetrac_p0c/stage1_standard_runs/T6_stage1_standard_2026-05-20_225826
__STD_RC__=1

=== cycle 19/20 2026-05-20T17:58:27.0555741-05:00 ===
bashRUN_OUTDIR=/tmp/lifetrac_p0c/stage1_standard_runs/T6_stage1_standard_2026-05-20_225832
RUN_ID=T6_stage1_standard_2026-05-20_225832
BOARD_SERIAL=2E2C1209DABC240B
IMAGE_NAME=firmware.bin
OPENOCD_CFG=/tmp/lifetrac_p0c/07_assert_pa11_pf4_long.cfg
SYNC_OK=0
GETID_OK=0
ERASE_OK=0
WRITE_OK=0
VERIFY_OK=0
BOOT_OK=0
FINAL_RESULT=FAIL_SYNC
ELAPSED_S=6
OUTDIR=/tmp/lifetrac_p0c/stage1_standard_runs/T6_stage1_standard_2026-05-20_225832
__STD_RC__=1

=== cycle 20/20 2026-05-20T17:58:33.6132311-05:00 ===
bashRUN_OUTDIR=/tmp/lifetrac_p0c/stage1_standard_runs/T6_stage1_standard_2026-05-20_225839
RUN_ID=T6_stage1_standard_2026-05-20_225839
BOARD_SERIAL=2E2C1209DABC240B
IMAGE_NAME=firmware.bin
OPENOCD_CFG=/tmp/lifetrac_p0c/07_assert_pa11_pf4_long.cfg
SYNC_OK=0
GETID_OK=0
ERASE_OK=0
WRITE_OK=0
VERIFY_OK=0
BOOT_OK=0
FINAL_RESULT=FAIL_SYNC
ELAPSED_S=6
OUTDIR=/tmp/lifetrac_p0c/stage1_standard_runs/T6_stage1_standard_2026-05-20_225839
__STD_RC__=1

