2026-07-29 11:22:07,189 INFO image_tx_daemon: opening L072 HostLink on /dev/ttymxc3 @ 921600

2026-07-29 11:22:07,198 INFO image_tx_daemon: image_tx_daemon started; mqtt=127.0.0.1:1883 uart=/dev/ttymxc3

2026-07-29 11:22:07,203 INFO image_tx_daemon: MQTT connected; subscribing to lifetrac/v25/cmd/image_frame

2026-07-29 11:22:07,205 INFO image_tx_daemon: LIFETRAC_SKIP_RESET_REQ=1 — relying on external NRST; draining boot chatter only

2026-07-29 11:22:07,224 INFO image_tx_daemon: link_budget: published n_frag=1 profile_idx=6 (profile 2)

INFO: post-VER drain queued type=0xF1 seq=0

INFO: post-VER drain queued type=0xC1 seq=0

INFO: post-VER drain queued type=0xF1 seq=0

INFO: post-VER drain queued type=0xC1 seq=0

Initializing regulatory profile 2 on co-processor...

  FHSS mask: single channel 0 (0100000000000000)

CFG_SET_REQ(FHSS_CHANNEL_MASK) OK: 07000800

CFG_SET_REQ(ANTENNA_GAIN_DBI) OK: 15000100

CFG_SET_REQ(HW_CEILING_DBM) OK: 16000100

  FHSS seed: (0,0) legacy shared permutation [set LIFETRAC_FHSS_FARM_ID / LIFETRAC_FHSS_LINK_ID to separate pairs]

WARN: CFG_SET_REQ(FHSS_FARM_ID) failed: CFG_SET(0x17) REJECTED: status=1 (UNKNOWN_KEY) — do NOT treat as OK

WARN: CFG_SET_REQ(FHSS_NODE_ID) failed: CFG_SET(0x18) REJECTED: status=1 (UNKNOWN_KEY) — do NOT treat as OK

CFG_SET_REQ(REG_PROFILE=2) OK: 14000100

  forcing FRF -> 915.000 MHz (raw=0xE4C000 -> Msb=0xE4 Mid=0xC0 Lsb=0x00)

  FRF readback: 0xE4C000 = 915.000 MHz (OK)

PHY contract OK: image_bw500 == {'sf': 7, 'bw_khz': 500, 'cr_den': 5, 'preamble': 8}

2026-07-29 11:22:08,092 INFO image_tx_daemon: LBT_ENABLE=0 (matches W1-10b TX_BURST rationale)

2026-07-29 11:22:08,114 INFO image_tx_daemon: RXCONT armed for command downlink (opmode 0x81 -> 0x85)

2026-07-29 11:22:08,115 INFO image_tx_daemon: TX worker ready (inter_cycle_s=0.050, max 8 frags/dwell)

2026-07-29 11:22:08,197 INFO image_tx_daemon: stats: goodput=0.0 B/s util=0% pipeline=v3 frames_in=0 ok=0 fail=0 drop_full=0 drop_stale=0 frags_ok=0 frags_fail=0 qdepth=0 parity_tx=0

2026-07-29 11:22:08,719 INFO image_tx_daemon: LoRa cmd: ENCODE_MODE 6

2026-07-29 11:22:09,294 INFO image_tx_daemon: LoRa cmd: ENCODE_MODE 6

2026-07-29 11:22:09,869 INFO image_tx_daemon: LoRa cmd: ENCODE_MODE 6

2026-07-29 11:22:10,444 INFO image_tx_daemon: LoRa cmd: ENCODE_MODE 6

2026-07-29 11:22:11,019 INFO image_tx_daemon: LoRa cmd: ENCODE_MODE 6

2026-07-29 11:22:11,595 INFO image_tx_daemon: LoRa cmd: ENCODE_MODE 6

2026-07-29 11:22:12,171 INFO image_tx_daemon: LoRa cmd: ENCODE_MODE 6

2026-07-29 11:22:12,747 INFO image_tx_daemon: LoRa cmd: ENCODE_MODE 6

2026-07-29 11:22:13,322 INFO image_tx_daemon: LoRa cmd: ENCODE_MODE 6

2026-07-29 11:22:13,897 INFO image_tx_daemon: LoRa cmd: ENCODE_MODE 6

2026-07-29 11:22:14,472 INFO image_tx_daemon: LoRa cmd: ENCODE_MODE 6

2026-07-29 11:22:14,755 INFO image_tx_daemon: LoRa cmd: ENCODE_MODE 6

2026-07-29 11:22:15,330 INFO image_tx_daemon: LoRa cmd: ENCODE_MODE 6

2026-07-29 11:22:15,906 INFO image_tx_daemon: LoRa cmd: ENCODE_MODE 6

2026-07-29 11:22:16,480 INFO image_tx_daemon: LoRa cmd: ENCODE_MODE 6

2026-07-29 11:22:17,055 INFO image_tx_daemon: LoRa cmd: ENCODE_MODE 6

2026-07-29 11:22:18,209 INFO image_tx_daemon: stats: goodput=0.0 B/s util=0% pipeline=v3 frames_in=0 ok=0 fail=0 drop_full=0 drop_stale=0 frags_ok=0 frags_fail=0 qdepth=0 parity_tx=0

2026-07-29 11:22:25,513 INFO image_tx_daemon: frame seq=1 done (pipelined): 13 fragments ok

2026-07-29 11:22:27,080 INFO image_tx_daemon: frame seq=2 done (pipelined): 13 fragments ok

2026-07-29 11:22:28,220 INFO image_tx_daemon: stats: goodput=803.6 B/s util=33% pipeline=v3 frames_in=9 ok=2 fail=0 drop_full=0 drop_stale=0 frags_ok=34 frags_fail=0 qdepth=4 parity_tx=0

2026-07-29 11:22:28,647 INFO image_tx_daemon: frame seq=3 done (pipelined): 13 fragments ok

2026-07-29 11:22:30,169 INFO image_tx_daemon: frame seq=4 done (pipelined): 12 fragments ok

2026-07-29 11:22:31,632 INFO image_tx_daemon: frame seq=5 done (pipelined): 12 fragments ok

2026-07-29 11:22:33,122 INFO image_tx_daemon: frame seq=7 done (pipelined): 13 fragments ok

2026-07-29 11:22:34,698 INFO image_tx_daemon: frame seq=10 done (pipelined): 13 fragments ok

2026-07-29 11:22:36,239 INFO image_tx_daemon: frame seq=13 done (pipelined): 13 fragments ok

2026-07-29 11:22:37,719 INFO image_tx_daemon: frame seq=16 done (pipelined): 13 fragments ok

2026-07-29 11:22:38,231 INFO image_tx_daemon: stats: goodput=1976.6 B/s util=80% pipeline=v3 frames_in=29 ok=9 fail=0 drop_full=13 drop_stale=0 frags_ok=118 frags_fail=0 qdepth=4 parity_tx=0

2026-07-29 11:22:39,284 INFO image_tx_daemon: frame seq=19 done (pipelined): 13 fragments ok

2026-07-29 11:22:40,851 INFO image_tx_daemon: frame seq=22 done (pipelined): 13 fragments ok

2026-07-29 11:22:42,407 INFO image_tx_daemon: frame seq=25 done (pipelined): 13 fragments ok

2026-07-29 11:22:43,934 INFO image_tx_daemon: frame seq=28 done (pipelined): 12 fragments ok

2026-07-29 11:22:45,390 INFO image_tx_daemon: frame seq=32 done (pipelined): 12 fragments ok

2026-07-29 11:22:46,902 INFO image_tx_daemon: frame seq=35 done (pipelined): 13 fragments ok

2026-07-29 11:22:48,246 INFO image_tx_daemon: stats: goodput=1973.7 B/s util=80% pipeline=v3 frames_in=49 ok=15 fail=0 drop_full=27 drop_stale=0 frags_ok=201 frags_fail=0 qdepth=4 parity_tx=0

2026-07-29 11:22:48,409 INFO image_tx_daemon: frame seq=38 done (pipelined): 12 fragments ok

2026-07-29 11:22:49,912 INFO image_tx_daemon: frame seq=40 done (pipelined): 13 fragments ok

2026-07-29 11:22:51,467 INFO image_tx_daemon: frame seq=44 done (pipelined): 13 fragments ok

2026-07-29 11:22:52,919 INFO image_tx_daemon: frame seq=47 done (pipelined): 13 fragments ok

2026-07-29 11:22:54,375 INFO image_tx_daemon: frame seq=50 done (pipelined): 13 fragments ok

2026-07-29 11:22:55,840 INFO image_tx_daemon: frame seq=53 done (pipelined): 13 fragments ok

2026-07-29 11:22:57,382 INFO image_tx_daemon: frame seq=58 done (pipelined): 13 fragments ok

2026-07-29 11:22:58,257 INFO image_tx_daemon: stats: goodput=2024.9 B/s util=82% pipeline=v3 frames_in=69 ok=22 fail=0 drop_full=40 drop_stale=0 frags_ok=288 frags_fail=0 qdepth=4 parity_tx=0

2026-07-29 11:22:58,861 INFO image_tx_daemon: frame seq=59 done (pipelined): 13 fragments ok

2026-07-29 11:23:00,384 INFO image_tx_daemon: frame seq=62 done (pipelined): 12 fragments ok

2026-07-29 11:23:01,834 INFO image_tx_daemon: frame seq=64 done (pipelined): 12 fragments ok

2026-07-29 11:23:03,291 INFO image_tx_daemon: frame seq=68 done (pipelined): 12 fragments ok

2026-07-29 11:23:04,744 INFO image_tx_daemon: frame seq=70 done (pipelined): 12 fragments ok

2026-07-29 11:23:06,226 INFO image_tx_daemon: frame seq=73 done (pipelined): 13 fragments ok

2026-07-29 11:23:07,687 INFO image_tx_daemon: frame seq=76 done (pipelined): 13 fragments ok

2026-07-29 11:23:08,271 INFO image_tx_daemon: stats: goodput=2008.6 B/s util=81% pipeline=v3 frames_in=89 ok=29 fail=0 drop_full=53 drop_stale=0 frags_ok=372 frags_fail=0 qdepth=4 parity_tx=0

2026-07-29 11:23:09,140 INFO image_tx_daemon: frame seq=79 done (pipelined): 13 fragments ok

2026-07-29 11:23:10,595 INFO image_tx_daemon: frame seq=82 done (pipelined): 13 fragments ok

2026-07-29 11:23:12,060 INFO image_tx_daemon: frame seq=85 done (pipelined): 13 fragments ok

2026-07-29 11:23:13,627 INFO image_tx_daemon: frame seq=91 done (pipelined): 13 fragments ok

2026-07-29 11:23:15,144 INFO image_tx_daemon: frame seq=92 done (pipelined): 12 fragments ok

2026-07-29 11:23:16,602 INFO image_tx_daemon: frame seq=94 done (pipelined): 12 fragments ok

2026-07-29 11:23:18,101 INFO image_tx_daemon: frame seq=97 done (pipelined): 13 fragments ok

2026-07-29 11:23:18,282 INFO image_tx_daemon: stats: goodput=2002.8 B/s util=81% pipeline=v3 frames_in=109 ok=36 fail=0 drop_full=67 drop_stale=0 frags_ok=457 frags_fail=0 qdepth=4 parity_tx=0

2026-07-29 11:23:19,657 INFO image_tx_daemon: frame seq=103 done (pipelined): 13 fragments ok

2026-07-29 11:23:21,234 INFO image_tx_daemon: frame seq=104 done (pipelined): 13 fragments ok

2026-07-29 11:23:22,799 INFO image_tx_daemon: frame seq=106 done (pipelined): 13 fragments ok

2026-07-29 11:23:24,340 INFO image_tx_daemon: frame seq=109 done (pipelined): 13 fragments ok

2026-07-29 11:23:25,820 INFO image_tx_daemon: frame seq=112 done (pipelined): 13 fragments ok

2026-07-29 11:23:27,386 INFO image_tx_daemon: frame seq=115 done (pipelined): 13 fragments ok

2026-07-29 11:23:28,293 INFO image_tx_daemon: stats: goodput=1960.2 B/s util=80% pipeline=v3 frames_in=129 ok=42 fail=0 drop_full=80 drop_stale=0 frags_ok=541 frags_fail=0 qdepth=4 parity_tx=0

2026-07-29 11:23:28,953 INFO image_tx_daemon: frame seq=118 done (pipelined): 13 fragments ok

2026-07-29 11:23:30,508 INFO image_tx_daemon: frame seq=121 done (pipelined): 13 fragments ok

2026-07-29 11:23:32,085 INFO image_tx_daemon: frame seq=125 done (pipelined): 13 fragments ok

2026-07-29 11:23:33,603 INFO image_tx_daemon: frame seq=128 done (pipelined): 12 fragments ok

2026-07-29 11:23:35,106 INFO image_tx_daemon: frame seq=131 done (pipelined): 13 fragments ok

2026-07-29 11:23:36,623 INFO image_tx_daemon: frame seq=134 done (pipelined): 12 fragments ok

2026-07-29 11:23:38,107 INFO image_tx_daemon: frame seq=137 done (pipelined): 13 fragments ok

2026-07-29 11:23:38,305 INFO image_tx_daemon: stats: goodput=1978.0 B/s util=80% pipeline=v3 frames_in=149 ok=49 fail=0 drop_full=94 drop_stale=0 frags_ok=625 frags_fail=0 qdepth=3 parity_tx=0

2026-07-29 11:23:39,569 INFO image_tx_daemon: frame seq=140 done (pipelined): 13 fragments ok

2026-07-29 11:23:41,022 INFO image_tx_daemon: frame seq=143 done (pipelined): 13 fragments ok

2026-07-29 11:23:42,477 INFO image_tx_daemon: frame seq=146 done (pipelined): 13 fragments ok

2026-07-29 11:23:43,943 INFO image_tx_daemon: frame seq=149 done (pipelined): 13 fragments ok

2026-07-29 11:23:45,509 INFO image_tx_daemon: frame seq=155 done (pipelined): 13 fragments ok

2026-07-29 11:23:47,026 INFO image_tx_daemon: frame seq=156 done (pipelined): 12 fragments ok

2026-07-29 11:23:48,317 INFO image_tx_daemon: stats: goodput=2024.1 B/s util=82% pipeline=v3 frames_in=169 ok=55 fail=0 drop_full=108 drop_stale=0 frags_ok=711 frags_fail=0 qdepth=4 parity_tx=0

2026-07-29 11:23:48,484 INFO image_tx_daemon: frame seq=158 done (pipelined): 12 fragments ok

2026-07-29 11:23:49,983 INFO image_tx_daemon: frame seq=161 done (pipelined): 13 fragments ok

2026-07-29 11:23:51,539 INFO image_tx_daemon: frame seq=167 done (pipelined): 13 fragments ok

2026-07-29 11:23:53,117 INFO image_tx_daemon: frame seq=168 done (pipelined): 13 fragments ok

2026-07-29 11:23:54,682 INFO image_tx_daemon: frame seq=170 done (pipelined): 13 fragments ok

2026-07-29 11:23:56,230 INFO image_tx_daemon: frame seq=173 done (pipelined): 13 fragments ok

2026-07-29 11:23:57,702 INFO image_tx_daemon: frame seq=176 done (pipelined): 13 fragments ok

2026-07-29 11:23:58,328 INFO image_tx_daemon: stats: goodput=1960.6 B/s util=80% pipeline=v3 frames_in=189 ok=62 fail=0 drop_full=120 drop_stale=0 frags_ok=795 frags_fail=0 qdepth=4 parity_tx=0

2026-07-29 11:23:59,268 INFO image_tx_daemon: frame seq=179 done (pipelined): 13 fragments ok

2026-07-29 11:24:00,834 INFO image_tx_daemon: frame seq=182 done (pipelined): 13 fragments ok

2026-07-29 11:24:02,390 INFO image_tx_daemon: frame seq=185 done (pipelined): 13 fragments ok

2026-07-29 11:24:03,918 INFO image_tx_daemon: frame seq=188 done (pipelined): 12 fragments ok

2026-07-29 11:24:05,372 INFO image_tx_daemon: frame seq=192 done (pipelined): 12 fragments ok

2026-07-29 11:24:06,885 INFO image_tx_daemon: frame seq=195 done (pipelined): 13 fragments ok

2026-07-29 11:24:08,341 INFO image_tx_daemon: stats: goodput=1974.2 B/s util=80% pipeline=v3 frames_in=209 ok=68 fail=0 drop_full=134 drop_stale=0 frags_ok=878 frags_fail=0 qdepth=4 parity_tx=0

2026-07-29 11:24:08,403 INFO image_tx_daemon: frame seq=198 done (pipelined): 12 fragments ok

2026-07-29 11:24:09,905 INFO image_tx_daemon: frame seq=200 done (pipelined): 13 fragments ok

2026-07-29 11:24:11,460 INFO image_tx_daemon: frame seq=204 done (pipelined): 13 fragments ok

2026-07-29 11:24:12,923 INFO image_tx_daemon: frame seq=207 done (pipelined): 13 fragments ok

2026-07-29 11:24:14,379 INFO image_tx_daemon: frame seq=210 done (pipelined): 13 fragments ok

2026-07-29 11:24:15,843 INFO image_tx_daemon: frame seq=213 done (pipelined): 13 fragments ok

2026-07-29 11:24:17,385 INFO image_tx_daemon: frame seq=218 done (pipelined): 13 fragments ok

2026-07-29 11:24:18,352 INFO image_tx_daemon: stats: goodput=2000.2 B/s util=81% pipeline=v3 frames_in=229 ok=75 fail=0 drop_full=147 drop_stale=0 frags_ok=964 frags_fail=0 qdepth=4 parity_tx=0

2026-07-29 11:24:18,864 INFO image_tx_daemon: frame seq=219 done (pipelined): 13 fragments ok

2026-07-29 11:24:20,385 INFO image_tx_daemon: frame seq=222 done (pipelined): 12 fragments ok

2026-07-29 11:24:21,836 INFO image_tx_daemon: frame seq=224 done (pipelined): 12 fragments ok

2026-07-29 11:24:23,294 INFO image_tx_daemon: frame seq=228 done (pipelined): 12 fragments ok

2026-07-29 11:24:24,743 INFO image_tx_daemon: frame seq=230 done (pipelined): 12 fragments ok

2026-07-29 11:24:26,228 INFO image_tx_daemon: frame seq=233 done (pipelined): 13 fragments ok

2026-07-29 11:24:27,689 INFO image_tx_daemon: frame seq=236 done (pipelined): 13 fragments ok

2026-07-29 11:24:28,364 INFO image_tx_daemon: stats: goodput=2033.8 B/s util=82% pipeline=v3 frames_in=249 ok=82 fail=0 drop_full=160 drop_stale=0 frags_ok=1049 frags_fail=0 qdepth=4 parity_tx=0

2026-07-29 11:24:29,142 INFO image_tx_daemon: frame seq=239 done (pipelined): 13 fragments ok

2026-07-29 11:24:30,597 INFO image_tx_daemon: frame seq=242 done (pipelined): 13 fragments ok

2026-07-29 11:24:32,062 INFO image_tx_daemon: frame seq=245 done (pipelined): 13 fragments ok

2026-07-29 11:24:33,629 INFO image_tx_daemon: frame seq=251 done (pipelined): 13 fragments ok

2026-07-29 11:24:35,146 INFO image_tx_daemon: frame seq=252 done (pipelined): 12 fragments ok

2026-07-29 11:24:36,611 INFO image_tx_daemon: frame seq=254 done (pipelined): 12 fragments ok

2026-07-29 11:24:38,103 INFO image_tx_daemon: frame seq=1 done (pipelined): 13 fragments ok

2026-07-29 11:24:38,379 INFO image_tx_daemon: stats: goodput=1977.4 B/s util=80% pipeline=v3 frames_in=269 ok=89 fail=0 drop_full=174 drop_stale=0 frags_ok=1133 frags_fail=0 qdepth=4 parity_tx=0

2026-07-29 11:24:39,661 INFO image_tx_daemon: frame seq=7 done (pipelined): 13 fragments ok

2026-07-29 11:24:41,236 INFO image_tx_daemon: frame seq=8 done (pipelined): 13 fragments ok

2026-07-29 11:24:42,801 INFO image_tx_daemon: frame seq=10 done (pipelined): 13 fragments ok

2026-07-29 11:24:44,342 INFO image_tx_daemon: frame seq=13 done (pipelined): 13 fragments ok

2026-07-29 11:24:45,832 INFO image_tx_daemon: frame seq=16 done (pipelined): 13 fragments ok

2026-07-29 11:24:47,387 INFO image_tx_daemon: frame seq=19 done (pipelined): 13 fragments ok

2026-07-29 11:24:48,389 INFO image_tx_daemon: stats: goodput=1984.9 B/s util=81% pipeline=v3 frames_in=289 ok=95 fail=0 drop_full=187 drop_stale=0 frags_ok=1218 frags_fail=0 qdepth=4 parity_tx=0

2026-07-29 11:24:48,954 INFO image_tx_daemon: frame seq=22 done (pipelined): 13 fragments ok

2026-07-29 11:24:50,511 INFO image_tx_daemon: frame seq=25 done (pipelined): 13 fragments ok

2026-07-29 11:24:52,086 INFO image_tx_daemon: frame seq=29 done (pipelined): 13 fragments ok

2026-07-29 11:24:53,604 INFO image_tx_daemon: frame seq=32 done (pipelined): 12 fragments ok

2026-07-29 11:24:55,106 INFO image_tx_daemon: frame seq=35 done (pipelined): 13 fragments ok

2026-07-29 11:24:56,634 INFO image_tx_daemon: frame seq=38 done (pipelined): 12 fragments ok

2026-07-29 11:24:58,108 INFO image_tx_daemon: frame seq=41 done (pipelined): 13 fragments ok

2026-07-29 11:24:58,402 INFO image_tx_daemon: stats: goodput=1953.0 B/s util=79% pipeline=v3 frames_in=309 ok=102 fail=0 drop_full=201 drop_stale=0 frags_ok=1301 frags_fail=0 qdepth=3 parity_tx=0

2026-07-29 11:24:59,569 INFO image_tx_daemon: frame seq=44 done (pipelined): 13 fragments ok

2026-07-29 11:25:01,022 INFO image_tx_daemon: frame seq=47 done (pipelined): 13 fragments ok

2026-07-29 11:25:02,478 INFO image_tx_daemon: frame seq=50 done (pipelined): 13 fragments ok

2026-07-29 11:25:03,953 INFO image_tx_daemon: frame seq=53 done (pipelined): 13 fragments ok

2026-07-29 11:25:05,519 INFO image_tx_daemon: frame seq=59 done (pipelined): 13 fragments ok

2026-07-29 11:25:07,037 INFO image_tx_daemon: frame seq=60 done (pipelined): 12 fragments ok

2026-07-29 11:25:08,413 INFO image_tx_daemon: stats: goodput=2049.2 B/s util=83% pipeline=v3 frames_in=329 ok=108 fail=0 drop_full=215 drop_stale=0 frags_ok=1388 frags_fail=0 qdepth=4 parity_tx=0

2026-07-29 11:25:08,495 INFO image_tx_daemon: frame seq=62 done (pipelined): 12 fragments ok

2026-07-29 11:25:09,994 INFO image_tx_daemon: frame seq=65 done (pipelined): 13 fragments ok

2026-07-29 11:25:11,550 INFO image_tx_daemon: frame seq=71 done (pipelined): 13 fragments ok

2026-07-29 11:25:13,127 INFO image_tx_daemon: frame seq=72 done (pipelined): 13 fragments ok

2026-07-29 11:25:14,693 INFO image_tx_daemon: frame seq=74 done (pipelined): 13 fragments ok

2026-07-29 11:25:16,233 INFO image_tx_daemon: frame seq=77 done (pipelined): 13 fragments ok

2026-07-29 11:25:17,713 INFO image_tx_daemon: frame seq=80 done (pipelined): 13 fragments ok

2026-07-29 11:25:18,425 INFO image_tx_daemon: stats: goodput=1935.8 B/s util=79% pipeline=v3 frames_in=349 ok=115 fail=0 drop_full=227 drop_stale=0 frags_ok=1471 frags_fail=0 qdepth=4 parity_tx=0

2026-07-29 11:25:19,279 INFO image_tx_daemon: frame seq=83 done (pipelined): 13 fragments ok

2026-07-29 11:25:20,845 INFO image_tx_daemon: frame seq=86 done (pipelined): 13 fragments ok

2026-07-29 11:25:22,401 INFO image_tx_daemon: frame seq=89 done (pipelined): 13 fragments ok

2026-07-29 11:25:23,929 INFO image_tx_daemon: frame seq=92 done (pipelined): 12 fragments ok

2026-07-29 11:25:25,384 INFO image_tx_daemon: frame seq=96 done (pipelined): 12 fragments ok

2026-07-29 11:25:26,886 INFO image_tx_daemon: frame seq=99 done (pipelined): 13 fragments ok

2026-07-29 11:25:28,407 INFO image_tx_daemon: frame seq=102 done (pipelined): 12 fragments ok

2026-07-29 11:25:28,436 INFO image_tx_daemon: stats: goodput=1997.2 B/s util=81% pipeline=v3 frames_in=369 ok=122 fail=0 drop_full=241 drop_stale=0 frags_ok=1555 frags_fail=0 qdepth=4 parity_tx=0

2026-07-29 11:25:29,906 INFO image_tx_daemon: frame seq=104 done (pipelined): 13 fragments ok

2026-07-29 11:25:31,461 INFO image_tx_daemon: frame seq=108 done (pipelined): 13 fragments ok

2026-07-29 11:25:32,914 INFO image_tx_daemon: frame seq=111 done (pipelined): 13 fragments ok

2026-07-29 11:25:34,370 INFO image_tx_daemon: frame seq=114 done (pipelined): 13 fragments ok

2026-07-29 11:25:35,834 INFO image_tx_daemon: frame seq=117 done (pipelined): 13 fragments ok

2026-07-29 11:25:37,376 INFO image_tx_daemon: frame seq=122 done (pipelined): 13 fragments ok

2026-07-29 11:25:38,448 INFO image_tx_daemon: stats: goodput=2001.8 B/s util=81% pipeline=v3 frames_in=389 ok=128 fail=0 drop_full=254 drop_stale=0 frags_ok=1641 frags_fail=0 qdepth=4 parity_tx=0

2026-07-29 11:25:38,854 INFO image_tx_daemon: frame seq=123 done (pipelined): 13 fragments ok

2026-07-29 11:25:40,375 INFO image_tx_daemon: frame seq=126 done (pipelined): 12 fragments ok

2026-07-29 11:25:41,827 INFO image_tx_daemon: frame seq=128 done (pipelined): 12 fragments ok

2026-07-29 11:25:43,284 INFO image_tx_daemon: frame seq=132 done (pipelined): 12 fragments ok

2026-07-29 11:25:44,736 INFO image_tx_daemon: frame seq=134 done (pipelined): 12 fragments ok

2026-07-29 11:25:46,218 INFO image_tx_daemon: frame seq=137 done (pipelined): 13 fragments ok

2026-07-29 11:25:47,679 INFO image_tx_daemon: frame seq=140 done (pipelined): 13 fragments ok

2026-07-29 11:25:48,460 INFO image_tx_daemon: stats: goodput=2033.8 B/s util=82% pipeline=v3 frames_in=409 ok=135 fail=0 drop_full=267 drop_stale=0 frags_ok=1726 frags_fail=0 qdepth=4 parity_tx=0

2026-07-29 11:25:49,139 INFO image_tx_daemon: frame seq=143 done (pipelined): 13 fragments ok

2026-07-29 11:25:50,588 INFO image_tx_daemon: frame seq=146 done (pipelined): 13 fragments ok

2026-07-29 11:25:52,052 INFO image_tx_daemon: frame seq=149 done (pipelined): 13 fragments ok

2026-07-29 11:25:53,619 INFO image_tx_daemon: frame seq=155 done (pipelined): 13 fragments ok

2026-07-29 11:25:55,136 INFO image_tx_daemon: frame seq=156 done (pipelined): 12 fragments ok

2026-07-29 11:25:56,594 INFO image_tx_daemon: frame seq=158 done (pipelined): 12 fragments ok

2026-07-29 11:25:58,093 INFO image_tx_daemon: frame seq=161 done (pipelined): 13 fragments ok

2026-07-29 11:25:58,472 INFO image_tx_daemon: stats: goodput=1978.0 B/s util=80% pipeline=v3 frames_in=429 ok=142 fail=0 drop_full=281 drop_stale=0 frags_ok=1810 frags_fail=0 qdepth=3 parity_tx=0

2026-07-29 11:25:59,649 INFO image_tx_daemon: frame seq=167 done (pipelined): 13 fragments ok

2026-07-29 11:26:01,225 INFO image_tx_daemon: frame seq=168 done (pipelined): 13 fragments ok

2026-07-29 11:26:02,791 INFO image_tx_daemon: frame seq=170 done (pipelined): 13 fragments ok

2026-07-29 11:26:04,332 INFO image_tx_daemon: frame seq=173 done (pipelined): 13 fragments ok

2026-07-29 11:26:05,811 INFO image_tx_daemon: frame seq=176 done (pipelined): 13 fragments ok

2026-07-29 11:26:07,378 INFO image_tx_daemon: frame seq=179 done (pipelined): 13 fragments ok

2026-07-29 11:26:08,483 INFO image_tx_daemon: stats: goodput=1984.8 B/s util=81% pipeline=v3 frames_in=449 ok=148 fail=0 drop_full=294 drop_stale=0 frags_ok=1895 frags_fail=0 qdepth=4 parity_tx=0

2026-07-29 11:26:08,944 INFO image_tx_daemon: frame seq=182 done (pipelined): 13 fragments ok

2026-07-29 11:26:10,500 INFO image_tx_daemon: frame seq=185 done (pipelined): 13 fragments ok

2026-07-29 11:26:12,078 INFO image_tx_daemon: frame seq=189 done (pipelined): 13 fragments ok

