2026-08-09 06:28:28,790 INFO image_tx_daemon: opening L072 HostLink on /dev/ttymxc3 @ 921600

2026-08-09 06:28:28,799 INFO image_tx_daemon: image_tx_daemon started; mqtt=127.0.0.1:1883 uart=/dev/ttymxc3

2026-08-09 06:28:28,804 INFO image_tx_daemon: MQTT connected; subscribing to lifetrac/v25/cmd/image_frame

2026-08-09 06:28:28,807 INFO image_tx_daemon: LIFETRAC_SKIP_RESET_REQ=1 — relying on external NRST; draining boot chatter only

2026-08-09 06:28:28,825 INFO image_tx_daemon: link_budget: published n_frag=1 profile_idx=6 (profile 2)

INFO: post-VER drain queued type=0xF1 seq=0

INFO: post-VER drain queued type=0xC1 seq=0

INFO: post-VER drain queued type=0xF1 seq=0

INFO: post-VER drain queued type=0xC1 seq=0

Initializing regulatory profile 2 on co-processor...

  FHSS mask: single channel 0 (0100000000000000)

CFG_SET_REQ(FHSS_CHANNEL_MASK) OK: 07000800

CFG_SET_REQ(ANTENNA_GAIN_DBI) OK: 15000100

CFG_SET_REQ(HW_CEILING_DBM) OK: 16000100

  FHSS seed: (0,0) legacy shared permutation [set LIFETRAC_FHSS_FARM_ID / LIFETRAC_FHSS_LINK_ID to separate pairs]

CFG_SET_REQ(FHSS_FARM_ID) OK: 17000800

CFG_SET_REQ(FHSS_NODE_ID) OK: 18000800

CFG_SET_REQ(REG_PROFILE=2) OK: 14000100

  forcing FRF -> 927.500 MHz (raw=0xE7E000 -> Msb=0xE7 Mid=0xE0 Lsb=0x00)

  FRF readback: 0xE7E000 = 927.500 MHz (OK)

PHY contract OK: image_bw500 == {'sf': 7, 'bw_khz': 500, 'cr_den': 5, 'preamble': 8}

2026-08-09 06:28:29,694 INFO image_tx_daemon: LBT_ENABLE=0 (matches W1-10b TX_BURST rationale)

2026-08-09 06:28:29,716 INFO image_tx_daemon: RXCONT armed for command downlink (opmode 0x81 -> 0x85)

2026-08-09 06:28:29,717 INFO image_tx_daemon: TX worker ready (inter_cycle_s=0.050, max 8 frags/dwell)

2026-08-09 06:28:29,794 INFO image_tx_daemon: stats: goodput=0.0 B/s util=0% pipeline=v3 frames_in=0 ok=0 fail=0 drop_full=0 drop_stale=0 frags_ok=0 frags_fail=0 qdepth=0 parity_tx=0

2026-08-09 06:28:30,321 INFO image_tx_daemon: LoRa cmd: ENCODE_MODE 0

2026-08-09 06:28:30,897 INFO image_tx_daemon: LoRa cmd: ENCODE_MODE 0

2026-08-09 06:28:31,472 INFO image_tx_daemon: LoRa cmd: ENCODE_MODE 0

2026-08-09 06:28:32,047 INFO image_tx_daemon: LoRa cmd: ENCODE_MODE 0

2026-08-09 06:28:32,622 INFO image_tx_daemon: LoRa cmd: ENCODE_MODE 0

2026-08-09 06:28:33,199 INFO image_tx_daemon: LoRa cmd: ENCODE_MODE 0

2026-08-09 06:28:33,775 INFO image_tx_daemon: LoRa cmd: ENCODE_MODE 0

2026-08-09 06:28:34,351 INFO image_tx_daemon: LoRa cmd: ENCODE_MODE 0

2026-08-09 06:28:34,926 INFO image_tx_daemon: LoRa cmd: ENCODE_MODE 0

2026-08-09 06:28:35,502 INFO image_tx_daemon: LoRa cmd: ENCODE_MODE 0

2026-08-09 06:28:36,076 INFO image_tx_daemon: LoRa cmd: ENCODE_MODE 0

2026-08-09 06:28:36,652 INFO image_tx_daemon: LoRa cmd: ENCODE_MODE 0

2026-08-09 06:28:36,945 INFO image_tx_daemon: LoRa cmd: ENCODE_MODE 0

2026-08-09 06:28:37,520 INFO image_tx_daemon: LoRa cmd: ENCODE_MODE 0

2026-08-09 06:28:38,096 INFO image_tx_daemon: LoRa cmd: ENCODE_MODE 0

2026-08-09 06:28:38,673 INFO image_tx_daemon: LoRa cmd: ENCODE_MODE 0

2026-08-09 06:28:39,250 INFO image_tx_daemon: LoRa cmd: ENCODE_MODE 0

2026-08-09 06:28:39,804 INFO image_tx_daemon: stats: goodput=0.0 B/s util=0% pipeline=v3 frames_in=0 ok=0 fail=0 drop_full=0 drop_stale=0 frags_ok=0 frags_fail=0 qdepth=0 parity_tx=0

2026-08-09 06:28:47,266 INFO image_tx_daemon: frame seq=1 done (pipelined): 13 fragments ok

2026-08-09 06:28:48,857 INFO image_tx_daemon: frame seq=2 done (pipelined): 13 fragments ok

2026-08-09 06:28:49,815 INFO image_tx_daemon: stats: goodput=778.9 B/s util=32% pipeline=v3 frames_in=9 ok=2 fail=0 drop_full=0 drop_stale=0 frags_ok=33 frags_fail=0 qdepth=4 parity_tx=0

2026-08-09 06:28:50,447 INFO image_tx_daemon: frame seq=3 done (pipelined): 13 fragments ok

2026-08-09 06:28:51,986 INFO image_tx_daemon: frame seq=4 done (pipelined): 12 fragments ok

2026-08-09 06:28:53,475 INFO image_tx_daemon: frame seq=5 done (pipelined): 12 fragments ok

2026-08-09 06:28:54,985 INFO image_tx_daemon: frame seq=7 done (pipelined): 13 fragments ok

2026-08-09 06:28:56,576 INFO image_tx_daemon: frame seq=10 done (pipelined): 13 fragments ok

2026-08-09 06:28:58,140 INFO image_tx_daemon: frame seq=13 done (pipelined): 13 fragments ok

2026-08-09 06:28:59,644 INFO image_tx_daemon: frame seq=16 done (pipelined): 13 fragments ok

2026-08-09 06:28:59,829 INFO image_tx_daemon: stats: goodput=1926.8 B/s util=78% pipeline=v3 frames_in=29 ok=9 fail=0 drop_full=14 drop_stale=0 frags_ok=115 frags_fail=0 qdepth=4 parity_tx=0

2026-08-09 06:29:01,228 INFO image_tx_daemon: frame seq=20 done (pipelined): 13 fragments ok

2026-08-09 06:29:02,719 INFO image_tx_daemon: frame seq=23 done (pipelined): 13 fragments ok

2026-08-09 06:29:04,198 INFO image_tx_daemon: frame seq=26 done (pipelined): 13 fragments ok

2026-08-09 06:29:05,705 INFO image_tx_daemon: frame seq=29 done (pipelined): 13 fragments ok

2026-08-09 06:29:07,244 INFO image_tx_daemon: frame seq=32 done (pipelined): 12 fragments ok

2026-08-09 06:29:08,767 INFO image_tx_daemon: frame seq=35 done (pipelined): 13 fragments ok

2026-08-09 06:29:09,841 INFO image_tx_daemon: stats: goodput=1997.8 B/s util=81% pipeline=v3 frames_in=49 ok=15 fail=0 drop_full=27 drop_stale=0 frags_ok=200 frags_fail=0 qdepth=4 parity_tx=0

2026-08-09 06:29:10,302 INFO image_tx_daemon: frame seq=38 done (pipelined): 12 fragments ok

2026-08-09 06:29:11,812 INFO image_tx_daemon: frame seq=41 done (pipelined): 13 fragments ok

2026-08-09 06:29:13,309 INFO image_tx_daemon: frame seq=44 done (pipelined): 13 fragments ok

2026-08-09 06:29:14,801 INFO image_tx_daemon: frame seq=47 done (pipelined): 13 fragments ok

2026-08-09 06:29:16,294 INFO image_tx_daemon: frame seq=50 done (pipelined): 13 fragments ok

2026-08-09 06:29:17,799 INFO image_tx_daemon: frame seq=53 done (pipelined): 13 fragments ok

2026-08-09 06:29:19,390 INFO image_tx_daemon: frame seq=59 done (pipelined): 13 fragments ok

2026-08-09 06:29:19,852 INFO image_tx_daemon: stats: goodput=1952.6 B/s util=79% pipeline=v3 frames_in=69 ok=22 fail=0 drop_full=40 drop_stale=0 frags_ok=284 frags_fail=0 qdepth=4 parity_tx=0

2026-08-09 06:29:20,925 INFO image_tx_daemon: frame seq=60 done (pipelined): 12 fragments ok

2026-08-09 06:29:22,418 INFO image_tx_daemon: frame seq=62 done (pipelined): 12 fragments ok

2026-08-09 06:29:23,927 INFO image_tx_daemon: frame seq=65 done (pipelined): 13 fragments ok

2026-08-09 06:29:25,518 INFO image_tx_daemon: frame seq=71 done (pipelined): 13 fragments ok

2026-08-09 06:29:27,109 INFO image_tx_daemon: frame seq=72 done (pipelined): 13 fragments ok

2026-08-09 06:29:28,699 INFO image_tx_daemon: frame seq=74 done (pipelined): 13 fragments ok

2026-08-09 06:29:29,864 INFO image_tx_daemon: stats: goodput=1950.7 B/s util=79% pipeline=v3 frames_in=89 ok=28 fail=0 drop_full=54 drop_stale=0 frags_ok=366 frags_fail=0 qdepth=4 parity_tx=0

2026-08-09 06:29:30,237 INFO image_tx_daemon: frame seq=78 done (pipelined): 12 fragments ok

2026-08-09 06:29:31,706 INFO image_tx_daemon: frame seq=81 done (pipelined): 12 fragments ok

2026-08-09 06:29:33,229 INFO image_tx_daemon: frame seq=84 done (pipelined): 13 fragments ok

2026-08-09 06:29:34,721 INFO image_tx_daemon: frame seq=87 done (pipelined): 13 fragments ok

2026-08-09 06:29:36,200 INFO image_tx_daemon: frame seq=90 done (pipelined): 13 fragments ok

2026-08-09 06:29:37,704 INFO image_tx_daemon: frame seq=93 done (pipelined): 13 fragments ok

2026-08-09 06:29:39,247 INFO image_tx_daemon: frame seq=96 done (pipelined): 12 fragments ok

2026-08-09 06:29:39,875 INFO image_tx_daemon: stats: goodput=1987.0 B/s util=81% pipeline=v3 frames_in=109 ok=35 fail=0 drop_full=67 drop_stale=0 frags_ok=450 frags_fail=0 qdepth=4 parity_tx=0

2026-08-09 06:29:40,768 INFO image_tx_daemon: frame seq=99 done (pipelined): 13 fragments ok

2026-08-09 06:29:42,303 INFO image_tx_daemon: frame seq=102 done (pipelined): 12 fragments ok

2026-08-09 06:29:43,814 INFO image_tx_daemon: frame seq=105 done (pipelined): 13 fragments ok

2026-08-09 06:29:45,306 INFO image_tx_daemon: frame seq=108 done (pipelined): 13 fragments ok

2026-08-09 06:29:46,797 INFO image_tx_daemon: frame seq=111 done (pipelined): 13 fragments ok

2026-08-09 06:29:48,290 INFO image_tx_daemon: frame seq=114 done (pipelined): 13 fragments ok

2026-08-09 06:29:49,795 INFO image_tx_daemon: frame seq=117 done (pipelined): 13 fragments ok

2026-08-09 06:29:49,886 INFO image_tx_daemon: stats: goodput=2001.0 B/s util=81% pipeline=v3 frames_in=129 ok=42 fail=0 drop_full=81 drop_stale=0 frags_ok=536 frags_fail=0 qdepth=4 parity_tx=0

2026-08-09 06:29:51,385 INFO image_tx_daemon: frame seq=123 done (pipelined): 13 fragments ok

2026-08-09 06:29:52,920 INFO image_tx_daemon: frame seq=124 done (pipelined): 12 fragments ok

2026-08-09 06:29:54,403 INFO image_tx_daemon: frame seq=126 done (pipelined): 12 fragments ok

2026-08-09 06:29:55,922 INFO image_tx_daemon: frame seq=129 done (pipelined): 13 fragments ok

2026-08-09 06:29:57,513 INFO image_tx_daemon: frame seq=135 done (pipelined): 13 fragments ok

2026-08-09 06:29:59,104 INFO image_tx_daemon: frame seq=136 done (pipelined): 13 fragments ok

2026-08-09 06:29:59,897 INFO image_tx_daemon: stats: goodput=1926.8 B/s util=78% pipeline=v3 frames_in=149 ok=48 fail=0 drop_full=94 drop_stale=0 frags_ok=617 frags_fail=0 qdepth=4 parity_tx=0

2026-08-09 06:30:00,695 INFO image_tx_daemon: frame seq=138 done (pipelined): 13 fragments ok

2026-08-09 06:30:02,233 INFO image_tx_daemon: frame seq=142 done (pipelined): 12 fragments ok

2026-08-09 06:30:03,702 INFO image_tx_daemon: frame seq=145 done (pipelined): 12 fragments ok

2026-08-09 06:30:05,226 INFO image_tx_daemon: frame seq=148 done (pipelined): 13 fragments ok

2026-08-09 06:30:06,717 INFO image_tx_daemon: frame seq=151 done (pipelined): 13 fragments ok

2026-08-09 06:30:08,195 INFO image_tx_daemon: frame seq=154 done (pipelined): 13 fragments ok

2026-08-09 06:30:09,699 INFO image_tx_daemon: frame seq=157 done (pipelined): 13 fragments ok

2026-08-09 06:30:09,908 INFO image_tx_daemon: stats: goodput=1970.2 B/s util=80% pipeline=v3 frames_in=169 ok=55 fail=0 drop_full=108 drop_stale=0 frags_ok=701 frags_fail=0 qdepth=4 parity_tx=0

2026-08-09 06:30:11,241 INFO image_tx_daemon: frame seq=160 done (pipelined): 12 fragments ok

2026-08-09 06:30:12,764 INFO image_tx_daemon: frame seq=163 done (pipelined): 13 fragments ok

2026-08-09 06:30:14,298 INFO image_tx_daemon: frame seq=166 done (pipelined): 12 fragments ok

2026-08-09 06:30:15,810 INFO image_tx_daemon: frame seq=169 done (pipelined): 13 fragments ok

2026-08-09 06:30:17,301 INFO image_tx_daemon: frame seq=172 done (pipelined): 13 fragments ok

2026-08-09 06:30:18,793 INFO image_tx_daemon: frame seq=175 done (pipelined): 13 fragments ok

2026-08-09 06:30:19,920 INFO image_tx_daemon: stats: goodput=2013.0 B/s util=82% pipeline=v3 frames_in=189 ok=61 fail=0 drop_full=122 drop_stale=0 frags_ok=786 frags_fail=0 qdepth=4 parity_tx=0

2026-08-09 06:30:20,286 INFO image_tx_daemon: frame seq=178 done (pipelined): 13 fragments ok

2026-08-09 06:30:21,790 INFO image_tx_daemon: frame seq=181 done (pipelined): 13 fragments ok

2026-08-09 06:30:23,380 INFO image_tx_daemon: frame seq=187 done (pipelined): 13 fragments ok

2026-08-09 06:30:24,915 INFO image_tx_daemon: frame seq=188 done (pipelined): 12 fragments ok

2026-08-09 06:30:26,408 INFO image_tx_daemon: frame seq=190 done (pipelined): 12 fragments ok

2026-08-09 06:30:27,918 INFO image_tx_daemon: frame seq=193 done (pipelined): 13 fragments ok

2026-08-09 06:30:29,508 INFO image_tx_daemon: frame seq=199 done (pipelined): 13 fragments ok

2026-08-09 06:30:29,931 INFO image_tx_daemon: stats: goodput=1931.4 B/s util=78% pipeline=v3 frames_in=209 ok=68 fail=0 drop_full=135 drop_stale=0 frags_ok=868 frags_fail=0 qdepth=3 parity_tx=0

2026-08-09 06:30:31,100 INFO image_tx_daemon: frame seq=200 done (pipelined): 13 fragments ok

2026-08-09 06:30:32,690 INFO image_tx_daemon: frame seq=202 done (pipelined): 13 fragments ok

2026-08-09 06:30:34,227 INFO image_tx_daemon: frame seq=206 done (pipelined): 12 fragments ok

2026-08-09 06:30:35,697 INFO image_tx_daemon: frame seq=209 done (pipelined): 12 fragments ok

2026-08-09 06:30:37,220 INFO image_tx_daemon: frame seq=212 done (pipelined): 13 fragments ok

2026-08-09 06:30:38,711 INFO image_tx_daemon: frame seq=215 done (pipelined): 13 fragments ok

2026-08-09 06:30:39,947 INFO image_tx_daemon: stats: goodput=1992.2 B/s util=81% pipeline=v3 frames_in=229 ok=74 fail=0 drop_full=148 drop_stale=0 frags_ok=952 frags_fail=0 qdepth=4 parity_tx=0

2026-08-09 06:30:40,190 INFO image_tx_daemon: frame seq=218 done (pipelined): 13 fragments ok

2026-08-09 06:30:41,694 INFO image_tx_daemon: frame seq=221 done (pipelined): 13 fragments ok

2026-08-09 06:30:43,235 INFO image_tx_daemon: frame seq=224 done (pipelined): 12 fragments ok

2026-08-09 06:30:44,758 INFO image_tx_daemon: frame seq=227 done (pipelined): 13 fragments ok

2026-08-09 06:30:46,293 INFO image_tx_daemon: frame seq=230 done (pipelined): 12 fragments ok

2026-08-09 06:30:47,804 INFO image_tx_daemon: frame seq=233 done (pipelined): 13 fragments ok

2026-08-09 06:30:49,296 INFO image_tx_daemon: frame seq=236 done (pipelined): 13 fragments ok

2026-08-09 06:30:49,958 INFO image_tx_daemon: stats: goodput=1969.1 B/s util=80% pipeline=v3 frames_in=249 ok=81 fail=0 drop_full=161 drop_stale=0 frags_ok=1036 frags_fail=0 qdepth=4 parity_tx=0

2026-08-09 06:30:50,788 INFO image_tx_daemon: frame seq=239 done (pipelined): 13 fragments ok

2026-08-09 06:30:52,281 INFO image_tx_daemon: frame seq=242 done (pipelined): 13 fragments ok

2026-08-09 06:30:53,785 INFO image_tx_daemon: frame seq=245 done (pipelined): 13 fragments ok

2026-08-09 06:30:55,375 INFO image_tx_daemon: frame seq=251 done (pipelined): 13 fragments ok

2026-08-09 06:30:56,910 INFO image_tx_daemon: frame seq=252 done (pipelined): 12 fragments ok

2026-08-09 06:30:58,403 INFO image_tx_daemon: frame seq=254 done (pipelined): 12 fragments ok

2026-08-09 06:30:59,913 INFO image_tx_daemon: frame seq=1 done (pipelined): 13 fragments ok

2026-08-09 06:30:59,970 INFO image_tx_daemon: stats: goodput=1978.2 B/s util=80% pipeline=v3 frames_in=269 ok=88 fail=0 drop_full=175 drop_stale=0 frags_ok=1120 frags_fail=0 qdepth=4 parity_tx=0

2026-08-09 06:31:01,503 INFO image_tx_daemon: frame seq=7 done (pipelined): 13 fragments ok

2026-08-09 06:31:03,095 INFO image_tx_daemon: frame seq=8 done (pipelined): 13 fragments ok

2026-08-09 06:31:04,685 INFO image_tx_daemon: frame seq=10 done (pipelined): 13 fragments ok

2026-08-09 06:31:06,249 INFO image_tx_daemon: frame seq=13 done (pipelined): 13 fragments ok

2026-08-09 06:31:07,695 INFO image_tx_daemon: frame seq=17 done (pipelined): 12 fragments ok

2026-08-09 06:31:09,218 INFO image_tx_daemon: frame seq=20 done (pipelined): 13 fragments ok

2026-08-09 06:31:09,981 INFO image_tx_daemon: stats: goodput=1948.4 B/s util=79% pipeline=v3 frames_in=289 ok=94 fail=0 drop_full=188 drop_stale=0 frags_ok=1203 frags_fail=0 qdepth=4 parity_tx=0

2026-08-09 06:31:10,709 INFO image_tx_daemon: frame seq=23 done (pipelined): 13 fragments ok

2026-08-09 06:31:12,188 INFO image_tx_daemon: frame seq=26 done (pipelined): 13 fragments ok

2026-08-09 06:31:13,692 INFO image_tx_daemon: frame seq=29 done (pipelined): 13 fragments ok

2026-08-09 06:31:15,235 INFO image_tx_daemon: frame seq=32 done (pipelined): 12 fragments ok

2026-08-09 06:31:16,756 INFO image_tx_daemon: frame seq=35 done (pipelined): 13 fragments ok

2026-08-09 06:31:18,291 INFO image_tx_daemon: frame seq=38 done (pipelined): 12 fragments ok

2026-08-09 06:31:19,802 INFO image_tx_daemon: frame seq=41 done (pipelined): 13 fragments ok

2026-08-09 06:31:19,992 INFO image_tx_daemon: stats: goodput=1968.9 B/s util=80% pipeline=v3 frames_in=309 ok=101 fail=0 drop_full=202 drop_stale=0 frags_ok=1287 frags_fail=0 qdepth=3 parity_tx=0

2026-08-09 06:31:21,296 INFO image_tx_daemon: frame seq=44 done (pipelined): 13 fragments ok

2026-08-09 06:31:22,788 INFO image_tx_daemon: frame seq=47 done (pipelined): 13 fragments ok

2026-08-09 06:31:24,280 INFO image_tx_daemon: frame seq=50 done (pipelined): 13 fragments ok

2026-08-09 06:31:25,786 INFO image_tx_daemon: frame seq=53 done (pipelined): 13 fragments ok

2026-08-09 06:31:27,376 INFO image_tx_daemon: frame seq=59 done (pipelined): 13 fragments ok

2026-08-09 06:31:28,910 INFO image_tx_daemon: frame seq=60 done (pipelined): 12 fragments ok

2026-08-09 06:31:30,004 INFO image_tx_daemon: stats: goodput=1975.1 B/s util=80% pipeline=v3 frames_in=329 ok=107 fail=0 drop_full=216 drop_stale=0 frags_ok=1371 frags_fail=0 qdepth=4 parity_tx=0

2026-08-09 06:31:30,403 INFO image_tx_daemon: frame seq=62 done (pipelined): 12 fragments ok

2026-08-09 06:31:31,913 INFO image_tx_daemon: frame seq=65 done (pipelined): 13 fragments ok

2026-08-09 06:31:33,504 INFO image_tx_daemon: frame seq=71 done (pipelined): 13 fragments ok

2026-08-09 06:31:35,095 INFO image_tx_daemon: frame seq=72 done (pipelined): 13 fragments ok

2026-08-09 06:31:36,687 INFO image_tx_daemon: frame seq=74 done (pipelined): 13 fragments ok

2026-08-09 06:31:38,249 INFO image_tx_daemon: frame seq=77 done (pipelined): 13 fragments ok

2026-08-09 06:31:39,695 INFO image_tx_daemon: frame seq=81 done (pipelined): 12 fragments ok

2026-08-09 06:31:40,015 INFO image_tx_daemon: stats: goodput=1950.9 B/s util=79% pipeline=v3 frames_in=349 ok=114 fail=0 drop_full=229 drop_stale=0 frags_ok=1454 frags_fail=0 qdepth=3 parity_tx=0

2026-08-09 06:31:41,218 INFO image_tx_daemon: frame seq=84 done (pipelined): 13 fragments ok

2026-08-09 06:31:42,710 INFO image_tx_daemon: frame seq=87 done (pipelined): 13 fragments ok

2026-08-09 06:31:44,188 INFO image_tx_daemon: frame seq=90 done (pipelined): 13 fragments ok

2026-08-09 06:31:45,693 INFO image_tx_daemon: frame seq=93 done (pipelined): 13 fragments ok

2026-08-09 06:31:47,233 INFO image_tx_daemon: frame seq=96 done (pipelined): 12 fragments ok

2026-08-09 06:31:48,757 INFO image_tx_daemon: frame seq=99 done (pipelined): 13 fragments ok

2026-08-09 06:31:50,025 INFO image_tx_daemon: stats: goodput=1973.4 B/s util=80% pipeline=v3 frames_in=369 ok=120 fail=0 drop_full=242 drop_stale=0 frags_ok=1538 frags_fail=0 qdepth=4 parity_tx=0

2026-08-09 06:31:50,291 INFO image_tx_daemon: frame seq=102 done (pipelined): 12 fragments ok

2026-08-09 06:31:51,802 INFO image_tx_daemon: frame seq=105 done (pipelined): 13 fragments ok

2026-08-09 06:31:53,295 INFO image_tx_daemon: frame seq=108 done (pipelined): 13 fragments ok

2026-08-09 06:31:54,787 INFO image_tx_daemon: frame seq=111 done (pipelined): 13 fragments ok

2026-08-09 06:31:56,280 INFO image_tx_daemon: frame seq=114 done (pipelined): 13 fragments ok

2026-08-09 06:31:57,784 INFO image_tx_daemon: frame seq=117 done (pipelined): 13 fragments ok

2026-08-09 06:31:59,374 INFO image_tx_daemon: frame seq=123 done (pipelined): 13 fragments ok

2026-08-09 06:32:00,037 INFO image_tx_daemon: stats: goodput=1977.3 B/s util=80% pipeline=v3 frames_in=389 ok=127 fail=0 drop_full=255 drop_stale=0 frags_ok=1623 frags_fail=0 qdepth=4 parity_tx=0

2026-08-09 06:32:00,909 INFO image_tx_daemon: frame seq=124 done (pipelined): 12 fragments ok

2026-08-09 06:32:02,402 INFO image_tx_daemon: frame seq=126 done (pipelined): 12 fragments ok

2026-08-09 06:32:03,912 INFO image_tx_daemon: frame seq=129 done (pipelined): 13 fragments ok

2026-08-09 06:32:05,502 INFO image_tx_daemon: frame seq=135 done (pipelined): 13 fragments ok

2026-08-09 06:32:07,093 INFO image_tx_daemon: frame seq=136 done (pipelined): 13 fragments ok

2026-08-09 06:32:08,684 INFO image_tx_daemon: frame seq=138 done (pipelined): 13 fragments ok

2026-08-09 06:32:10,052 INFO image_tx_daemon: stats: goodput=1949.9 B/s util=79% pipeline=v3 frames_in=409 ok=133 fail=0 drop_full=269 drop_stale=0 frags_ok=1705 frags_fail=0 qdepth=4 parity_tx=0

2026-08-09 06:32:10,248 INFO image_tx_daemon: frame seq=141 done (pipelined): 13 fragments ok

2026-08-09 06:32:11,694 INFO image_tx_daemon: frame seq=145 done (pipelined): 12 fragments ok

2026-08-09 06:32:13,217 INFO image_tx_daemon: frame seq=148 done (pipelined): 13 fragments ok

2026-08-09 06:32:14,709 INFO image_tx_daemon: frame seq=151 done (pipelined): 13 fragments ok

2026-08-09 06:32:16,187 INFO image_tx_daemon: frame seq=154 done (pipelined): 13 fragments ok

2026-08-09 06:32:17,691 INFO image_tx_daemon: frame seq=157 done (pipelined): 13 fragments ok

2026-08-09 06:32:19,232 INFO image_tx_daemon: frame seq=160 done (pipelined): 12 fragments ok

2026-08-09 06:32:20,063 INFO image_tx_daemon: stats: goodput=1989.2 B/s util=81% pipeline=v3 frames_in=429 ok=140 fail=0 drop_full=282 drop_stale=0 frags_ok=1790 frags_fail=0 qdepth=4 parity_tx=0

2026-08-09 06:32:20,755 INFO image_tx_daemon: frame seq=163 done (pipelined): 13 fragments ok

2026-08-09 06:32:22,290 INFO image_tx_daemon: frame seq=166 done (pipelined): 12 fragments ok

2026-08-09 06:32:23,801 INFO image_tx_daemon: frame seq=169 done (pipelined): 13 fragments ok

2026-08-09 06:32:25,296 INFO image_tx_daemon: frame seq=172 done (pipelined): 13 fragments ok

2026-08-09 06:32:26,788 INFO image_tx_daemon: frame seq=175 done (pipelined): 13 fragments ok

2026-08-09 06:32:28,281 INFO image_tx_daemon: frame seq=178 done (pipelined): 13 fragments ok

2026-08-09 06:32:29,785 INFO image_tx_daemon: frame seq=181 done (pipelined): 13 fragments ok

2026-08-09 06:32:30,074 INFO image_tx_daemon: stats: goodput=1976.3 B/s util=80% pipeline=v3 frames_in=449 ok=147 fail=0 drop_full=296 drop_stale=0 frags_ok=1875 frags_fail=0 qdepth=3 parity_tx=0

2026-08-09 06:32:31,376 INFO image_tx_daemon: frame seq=187 done (pipelined): 13 fragments ok

2026-08-09 06:32:32,910 INFO image_tx_daemon: frame seq=188 done (pipelined): 12 fragments ok

2026-08-09 06:32:34,403 INFO image_tx_daemon: frame seq=190 done (pipelined): 12 fragments ok

2026-08-09 06:32:35,915 INFO image_tx_daemon: frame seq=193 done (pipelined): 13 fragments ok

2026-08-09 06:32:37,503 INFO image_tx_daemon: frame seq=199 done (pipelined): 13 fragments ok

2026-08-09 06:32:39,094 INFO image_tx_daemon: frame seq=200 done (pipelined): 13 fragments ok

2026-08-09 06:32:40,085 INFO image_tx_daemon: stats: goodput=1951.6 B/s util=79% pipeline=v3 frames_in=469 ok=153 fail=0 drop_full=309 drop_stale=0 frags_ok=1957 frags_fail=0 qdepth=4 parity_tx=0

2026-08-09 06:32:40,685 INFO image_tx_daemon: frame seq=202 done (pipelined): 13 fragments ok

2026-08-09 06:32:42,248 INFO image_tx_daemon: frame seq=205 done (pipelined): 13 fragments ok

2026-08-09 06:32:43,695 INFO image_tx_daemon: frame seq=209 done (pipelined): 12 fragments ok

2026-08-09 06:32:45,218 INFO image_tx_daemon: frame seq=212 done (pipelined): 13 fragments ok

2026-08-09 06:32:46,709 INFO image_tx_daemon: frame seq=215 done (pipelined): 13 fragments ok

2026-08-09 06:32:48,187 INFO image_tx_daemon: frame seq=218 done (pipelined): 13 fragments ok

2026-08-09 06:32:49,692 INFO image_tx_daemon: frame seq=221 done (pipelined): 13 fragments ok

2026-08-09 06:32:50,096 INFO image_tx_daemon: stats: goodput=1972.4 B/s util=80% pipeline=v3 frames_in=489 ok=160 fail=0 drop_full=323 drop_stale=0 frags_ok=2042 frags_fail=0 qdepth=3 parity_tx=0

2026-08-09 06:32:51,232 INFO image_tx_daemon: frame seq=224 done (pipelined): 12 fragments ok

2026-08-09 06:32:52,756 INFO image_tx_daemon: frame seq=227 done (pipelined): 13 fragments ok

2026-08-09 06:32:54,291 INFO image_tx_daemon: frame seq=230 done (pipelined): 12 fragments ok

2026-08-09 06:32:55,801 INFO image_tx_daemon: frame seq=233 done (pipelined): 13 fragments ok

2026-08-09 06:32:57,294 INFO image_tx_daemon: frame seq=236 done (pipelined): 13 fragments ok

2026-08-09 06:32:58,786 INFO image_tx_daemon: frame seq=239 done (pipelined): 13 fragments ok

2026-08-09 06:33:00,108 INFO image_tx_daemon: stats: goodput=1988.3 B/s util=81% pipeline=v3 frames_in=509 ok=166 fail=0 drop_full=337 drop_stale=0 frags_ok=2126 frags_fail=0 qdepth=4 parity_tx=0

2026-08-09 06:33:00,278 INFO image_tx_daemon: frame seq=242 done (pipelined): 13 fragments ok

2026-08-09 06:33:01,783 INFO image_tx_daemon: frame seq=245 done (pipelined): 13 fragments ok

2026-08-09 06:33:03,374 INFO image_tx_daemon: frame seq=251 done (pipelined): 13 fragments ok

2026-08-09 06:33:04,908 INFO image_tx_daemon: frame seq=252 done (pipelined): 12 fragments ok

2026-08-09 06:33:06,401 INFO image_tx_daemon: frame seq=254 done (pipelined): 12 fragments ok

2026-08-09 06:33:07,911 INFO image_tx_daemon: frame seq=1 done (pipelined): 13 fragments ok

2026-08-09 06:33:09,501 INFO image_tx_daemon: frame seq=7 done (pipelined): 13 fragments ok

2026-08-09 06:33:10,119 INFO image_tx_daemon: stats: goodput=1956.1 B/s util=79% pipeline=v3 frames_in=529 ok=173 fail=0 drop_full=349 drop_stale=0 frags_ok=2209 frags_fail=0 qdepth=4 parity_tx=0

2026-08-09 06:33:11,092 INFO image_tx_daemon: frame seq=8 done (pipelined): 13 fragments ok

2026-08-09 06:33:12,683 INFO image_tx_daemon: frame seq=10 done (pipelined): 13 fragments ok

2026-08-09 06:33:14,247 INFO image_tx_daemon: frame seq=13 done (pipelined): 13 fragments ok

2026-08-09 06:33:15,693 INFO image_tx_daemon: frame seq=17 done (pipelined): 12 fragments ok

2026-08-09 06:33:17,218 INFO image_tx_daemon: frame seq=20 done (pipelined): 13 fragments ok

2026-08-09 06:33:18,710 INFO image_tx_daemon: frame seq=23 done (pipelined): 13 fragments ok

2026-08-09 06:33:20,130 INFO image_tx_daemon: stats: goodput=1970.7 B/s util=80% pipeline=v3 frames_in=549 ok=179 fail=0 drop_full=363 drop_stale=0 frags_ok=2293 frags_fail=0 qdepth=4 parity_tx=0

2026-08-09 06:33:20,189 INFO image_tx_daemon: frame seq=26 done (pipelined): 13 fragments ok

2026-08-09 06:33:21,693 INFO image_tx_daemon: frame seq=29 done (pipelined): 13 fragments ok

2026-08-09 06:33:23,234 INFO image_tx_daemon: frame seq=32 done (pipelined): 12 fragments ok

2026-08-09 06:33:24,757 INFO image_tx_daemon: frame seq=35 done (pipelined): 13 fragments ok

2026-08-09 06:33:26,292 INFO image_tx_daemon: frame seq=38 done (pipelined): 12 fragments ok

2026-08-09 06:33:27,802 INFO image_tx_daemon: frame seq=41 done (pipelined): 13 fragments ok

2026-08-09 06:33:29,296 INFO image_tx_daemon: frame seq=44 done (pipelined): 13 fragments ok

2026-08-09 06:33:30,142 INFO image_tx_daemon: stats: goodput=1969.1 B/s util=80% pipeline=v3 frames_in=569 ok=186 fail=0 drop_full=376 drop_stale=0 frags_ok=2377 frags_fail=0 qdepth=4 parity_tx=0

2026-08-09 06:33:30,788 INFO image_tx_daemon: frame seq=47 done (pipelined): 13 fragments ok

2026-08-09 06:33:32,281 INFO image_tx_daemon: frame seq=50 done (pipelined): 13 fragments ok

2026-08-09 06:33:33,787 INFO image_tx_daemon: frame seq=53 done (pipelined): 13 fragments ok

