=== cycle 1/3 2026-07-25T16:01:34.1166002-05:00 ===
--- per-cycle preflight ---
PREFLIGHT_HOLDERS=
PREFLIGHT_OPENOCD=
PREFLIGHT_GPIO10=1

--- end preflight ---
RUN_OUTDIR=/tmp/lifetrac_p0c/stage1_standard_runs/T6_stage1_standard_2026-07-25_210134
RUN_ID=T6_stage1_standard_2026-07-25_210134
BOARD_SERIAL=2E2C1209DABC240B
IMAGE_NAME=firmware.bin
OPENOCD_CFG=/tmp/lifetrac_p0c/07_assert_pa11_pf4_long.cfg
SYNC_OK=1
GETID_OK=1
ERASE_OK=1
WRITE_OK=1
VERIFY_OK=1
BOOT_OK=1
FINAL_RESULT=PASS
ELAPSED_S=50
OUTDIR=/tmp/lifetrac_p0c/stage1_standard_runs/T6_stage1_standard_2026-07-25_210134
__STD_RC__=0

=== cycle 2/3 2026-07-25T16:02:26.0653422-05:00 ===
--- per-cycle preflight ---
PREFLIGHT_HOLDERS=
PREFLIGHT_OPENOCD=
PREFLIGHT_GPIO10=1

--- end preflight ---
RUN_OUTDIR=/tmp/lifetrac_p0c/stage1_standard_runs/T6_stage1_standard_2026-07-25_210226
RUN_ID=T6_stage1_standard_2026-07-25_210226
BOARD_SERIAL=2E2C1209DABC240B
IMAGE_NAME=firmware.bin
OPENOCD_CFG=/tmp/lifetrac_p0c/07_assert_pa11_pf4_long.cfg
SYNC_OK=1
GETID_OK=1
ERASE_OK=1
WRITE_OK=1
VERIFY_OK=1
BOOT_OK=1
FINAL_RESULT=PASS
ELAPSED_S=50
OUTDIR=/tmp/lifetrac_p0c/stage1_standard_runs/T6_stage1_standard_2026-07-25_210226
__STD_RC__=0

=== cycle 3/3 2026-07-25T16:03:17.9948657-05:00 ===
--- per-cycle preflight ---
PREFLIGHT_HOLDERS=
PREFLIGHT_OPENOCD=
PREFLIGHT_GPIO10=1

--- end preflight ---
RUN_OUTDIR=/tmp/lifetrac_p0c/stage1_standard_runs/T6_stage1_standard_2026-07-25_210318
RUN_ID=T6_stage1_standard_2026-07-25_210318
BOARD_SERIAL=2E2C1209DABC240B
IMAGE_NAME=firmware.bin
OPENOCD_CFG=/tmp/lifetrac_p0c/07_assert_pa11_pf4_long.cfg
SYNC_OK=1
GETID_OK=1
ERASE_OK=1
WRITE_OK=1
VERIFY_OK=1
BOOT_OK=1
FINAL_RESULT=PASS
ELAPSED_S=50
OUTDIR=/tmp/lifetrac_p0c/stage1_standard_runs/T6_stage1_standard_2026-07-25_210318
__STD_RC__=0

