=== cycle 1/1 2026-07-25T22:18:57.8995154-05:00 ===
--- per-cycle preflight ---
7[r[999;999H[6nPREFLIGHT_HOLDERS=
PREFLIGHT_OPENOCD=
PREFLIGHT_GPIO10=1

--- end preflight ---
7[r[999;999H[6n7[r[999;999H[6nRUN_OUTDIR=/tmp/lifetrac_p0c/stage1_standard_runs/T6_stage1_standard_2026-07-26_031907
RUN_ID=T6_stage1_standard_2026-07-26_031907
BOARD_SERIAL=2D0A1209DABC240B
IMAGE_NAME=firmware.bin
OPENOCD_CFG=/tmp/lifetrac_p0c/07_assert_pa11_pf4_long.cfg
SYNC_OK=1
GETID_OK=1
ERASE_OK=1
WRITE_OK=1
VERIFY_OK=1
BOOT_OK=1
FINAL_RESULT=PASS
ELAPSED_S=50
OUTDIR=/tmp/lifetrac_p0c/stage1_standard_runs/T6_stage1_standard_2026-07-26_031907
__STD_RC__=0

