=== Sat May 23 01:14:48 UTC 2026 Method H Stage 2 boot user app ===
boot_ocd_rc=0
Open On-Chip Debugger 0.11.0-dirty (2022-10-19-16:13)
Licensed under GNU GPL v2
For bug reports, read
	http://openocd.org/doc/doxygen/bugs.html
Info : imx_gpio GPIO JTAG/SWD bitbang driver
Info : imx_gpio mmap: pagesize: 4096, regionsize: 131072
Info : clock speed 1805 kHz
Info : SWD DPIDR 0x6ba02477
Info : stm32h7x.cpu0: hardware has 8 breakpoints, 4 watchpoints
Info : starting gdb server for stm32h7x.cpu0 on 3333
Info : Listening on port 3333 for gdb connections
target halted due to debug-request, current mode: Thread 
xPSR: 0x01000000 pc: 0x1ff09abc msp: 0x24003af8
Phase A: ensure GPIOA + GPIOF clocks enabled
  RCC_AHB4ENR before = 0
  RCC_AHB4ENR after  = 33
Phase B: ensure PA_11 + PF_4 are outputs (preserve other bits)
Phase C: drop BOOT0 (PA_11 -> LOW) so L072 boots from flash
  GPIOA_IDR.PA_11 = 0   (expect 0)
Phase D: pulse NRST (PF_4 LOW 250 ms then HIGH)
  GPIOF_IDR.PF_4 (low)  = 0   (expect 0)
  GPIOF_IDR.PF_4 (high) = 1   (expect 1)

DONE: BOOT0 LOW, NRST released. L072 should now run user firmware.
Allow ~500 ms then probe UART (e.g. AT command at 19200 8N1).
shutdown command invoked

=== Sat May 23 01:14:50 UTC 2026 Stage 2 probe (mode=rx_listen) on /dev/ttymxc3 ===
MODE: rx_listen
dev=/dev/ttymxc3 baud=921600
Re-setting co-processor via HostLink system reset...
FAULT_URC during settle (expected for W1-9 lenient init): code=0x09 sub=0x01 lanes=LPUART1 raw=0901000000000000000000000000000000000000ec010000
STATS_URC(boot) drained seq=0 (unsolicited snapshot — discarding so it can't poison later request() calls)
BOOT_URC observed during settle (payload=000112010200)
INFO: drained type=0xF2 seq=0 during boot settle
Co-processor system reset complete.
Initializing regulatory profile on co-processor...
CFG_SET_REQ(FHSS_CHANNEL_MASK) OK: 07000800
CFG_SET_REQ(ANTENNA_GAIN_DBI) OK: 15000100
CFG_SET_REQ(HW_CEILING_DBM) OK: 16000100
CFG_SET_REQ(REG_PROFILE_FCC_15_247_FHSS_50CH_BW250) OK: 14000100
FAULT_URC during settle (expected for W1-9 lenient init): code=0x09 sub=0x01 lanes=LPUART1 raw=09010000000000000000000000000000000000000a040000
STATS_URC(boot) drained seq=0 (unsolicited snapshot — discarding so it can't poison later request() calls)
INFO: drained type=0xC0 seq=0 during boot settle
RUNTIME_PROFILE_ENUM=1
__PROFILE_DRAINED__=0
__PROFILE_ATTEMPTS__=1
=== W1-10b probe RX_LISTEN: window=51.0s ===
INFO: post-VER drain queued type=0xF1 seq=0
INFO: post-VER drain queued type=0xC1 seq=0
RX_LISTEN: STATS(before) radio_rx_ok=0 radio_crc_err=0 radio_state=4
RX_LISTEN: RegOpMode(pre)=0x85 (expected 0x85)
__V2_AUTOWAKE__ opmode_pre=0x85 opmode_post=0x85 action=none
__W1_10B_LISTEN_READY__
__RX_FAULT__ code=0x0D sub=0x20 raw=0d200000000000000000000000000000000000003e750000
RX_LISTEN: STATS(after) radio_rx_ok=0 (delta=0) radio_crc_err=0 (delta=0)
__W1_10B_LISTEN_DONE__ rx_frames=0 radio_rx_ok_delta=0 radio_crc_err_delta=0 real_faults=1 invariants_violated=0 stopped_by_signal=0
__RADIO_SLEEP_ON_EXIT__ (rx_listen) ack=0180 RegOpMode(post)=0x80 (target=0x80)
probe_rc[/dev/ttymxc3][rx_listen]=0

=== DONE: boot=0 probe=0 ===
__BENCH_RADIO_SLEEP_AUDIT__=PASS
