2026-07-25 00:53:06,090 INFO image_rx_daemon: opening L072 HostLink on /dev/ttymxc3 @ 921600

2026-07-25 00:53:06,092 INFO image_rx_daemon: image_rx_daemon started; mqtt=127.0.0.1:1883 uart=/dev/ttymxc3

2026-07-25 00:53:06,098 INFO image_rx_daemon: MQTT connected; ready to publish lifetrac/v25/video/tile_delta

2026-07-25 00:53:06,102 INFO image_rx_daemon: LIFETRAC_SKIP_RESET_REQ=1 ΓÇö relying on external NRST; draining boot chatter only

2026-07-25 00:53:06,539 INFO image_rx_daemon: L072 VER warm-up ok (attempt 1)

INFO: post-VER drain queued type=0xF1 seq=0

INFO: post-VER drain queued type=0xC1 seq=0

INFO: post-VER drain queued type=0xF1 seq=0

INFO: post-VER drain queued type=0xC1 seq=0

Initializing regulatory profile 1 on co-processor...

  FHSS mask: WIDE (50 channels) [LIFETRAC_FHSS_WIDE_MASK=1]

CFG_SET_REQ(FHSS_CHANNEL_MASK) OK: 07000800

CFG_SET_REQ(ANTENNA_GAIN_DBI) OK: 15000100

CFG_SET_REQ(HW_CEILING_DBM) OK: 16000100

CFG_SET_REQ(REG_PROFILE=1) OK: 14000100

PHY contract OK: image_bw250 == {'sf': 7, 'bw_khz': 250, 'cr_den': 5, 'preamble': 8}

2026-07-25 00:53:06,922 INFO image_rx_daemon: SX1276 already in RXCONT (opmode=0x85)

2026-07-25 00:53:06,923 INFO image_rx_daemon: RX worker ready; draining RX_FRAME_URC...

2026-07-25 00:53:07,093 INFO image_rx_daemon: stats: rx_frames=0 rx_decode_err=0 frames_published=0 publish_err=0 reassembler_decode_err=0 reassembler_timeouts=0

2026-07-25 00:53:17,099 INFO image_rx_daemon: stats: rx_frames=0 rx_decode_err=0 frames_published=0 publish_err=0 reassembler_decode_err=0 reassembler_timeouts=0

2026-07-25 00:53:17,546 INFO image_rx_daemon: published frame_id=0 131 B ΓåÆ lifetrac/v25/video/tile_delta

2026-07-25 00:53:22,572 INFO image_rx_daemon: published frame_id=0 163 B ΓåÆ lifetrac/v25/video/tile_delta

2026-07-25 00:53:27,103 INFO image_rx_daemon: stats: rx_frames=2 rx_decode_err=0 frames_published=2 publish_err=0 reassembler_decode_err=0 reassembler_timeouts=0

2026-07-25 00:53:37,107 INFO image_rx_daemon: stats: rx_frames=2 rx_decode_err=0 frames_published=2 publish_err=0 reassembler_decode_err=0 reassembler_timeouts=0

2026-07-25 00:53:47,110 INFO image_rx_daemon: stats: rx_frames=2 rx_decode_err=0 frames_published=2 publish_err=0 reassembler_decode_err=0 reassembler_timeouts=0

2026-07-25 00:53:57,114 INFO image_rx_daemon: stats: rx_frames=2 rx_decode_err=0 frames_published=2 publish_err=0 reassembler_decode_err=0 reassembler_timeouts=0

2026-07-25 00:53:59,563 INFO image_rx_daemon: requesting keyframe (reassembly timeout #1)

2026-07-25 00:54:00,519 INFO image_rx_daemon: published frame_id=0 131 B ΓåÆ lifetrac/v25/video/tile_delta

2026-07-25 00:54:07,117 INFO image_rx_daemon: stats: rx_frames=4 rx_decode_err=0 frames_published=3 publish_err=0 reassembler_decode_err=0 reassembler_timeouts=1

2026-07-25 00:54:11,368 INFO image_rx_daemon: requesting keyframe (reassembly timeout #2)

2026-07-25 00:54:17,121 INFO image_rx_daemon: stats: rx_frames=6 rx_decode_err=0 frames_published=3 publish_err=0 reassembler_decode_err=0 reassembler_timeouts=2

2026-07-25 00:54:18,337 INFO image_rx_daemon: requesting keyframe (reassembly timeout #3)

2026-07-25 00:54:26,329 INFO image_rx_daemon: published frame_id=0 175 B ΓåÆ lifetrac/v25/video/tile_delta

2026-07-25 00:54:27,124 INFO image_rx_daemon: stats: rx_frames=7 rx_decode_err=0 frames_published=4 publish_err=0 reassembler_decode_err=0 reassembler_timeouts=3

2026-07-25 00:54:37,128 INFO image_rx_daemon: stats: rx_frames=7 rx_decode_err=0 frames_published=4 publish_err=0 reassembler_decode_err=0 reassembler_timeouts=3

2026-07-25 00:54:47,132 INFO image_rx_daemon: stats: rx_frames=7 rx_decode_err=0 frames_published=4 publish_err=0 reassembler_decode_err=0 reassembler_timeouts=3

2026-07-25 00:54:51,284 INFO image_rx_daemon: requesting keyframe (reassembly timeout #4)

2026-07-25 00:54:57,135 INFO image_rx_daemon: stats: rx_frames=8 rx_decode_err=0 frames_published=4 publish_err=0 reassembler_decode_err=0 reassembler_timeouts=4

2026-07-25 00:55:07,138 INFO image_rx_daemon: stats: rx_frames=8 rx_decode_err=0 frames_published=4 publish_err=0 reassembler_decode_err=0 reassembler_timeouts=4

