2026-09-20 13:31:19,409 INFO camera_service: v4l2/ffmpeg pid=10 device=/dev/video1 1920x1080@30fps -> 384x256 rgb24
2026-09-20 13:31:19,409 INFO camera_service: LIFETRAC_USE_LORA_BRIDGE=1 — skipping M7 IpcWriter; frames routed to MQTT lifetrac/v25/cmd/image_frame only
2026-09-20 13:31:19,438 INFO camera_service: byte_budget=203 B/frame (LIFETRAC_FRAGMENT_BUDGET, phy=image_bw250)
2026-09-20 13:31:19,645 INFO camera_service: encode_mode -> 9 (vector) [boot]
2026-09-20 13:31:22,112 INFO camera_service: vector_stats ms_total=384.8 ms={"resize":0.6,"l0":76.5,"l1":138.6,"l3":71.2,"temporal_pack":97.4,"total":384.8} bytes=200 level=0 detail=80 epoch=0 n_live=15 residual=2585.031 epoch_pending=0 epochs=1 trigger=first ttl_dropped=0 waiting=1
2026-09-20 13:31:24,449 INFO camera_service: vector_stats ms_total=331.0 ms={"resize":0.5,"l0":15.5,"l1":133.4,"l3":71.1,"temporal_pack":110.0,"total":331.0} bytes=201 level=0 detail=80 epoch=0 n_live=24 residual=2907.951 epoch_pending=0 epochs=1 trigger=first ttl_dropped=0 waiting=0
2026-09-20 13:31:26,463 INFO camera_service: vector_stats ms_total=345.5 ms={"resize":0.6,"l0":16.6,"l1":131.4,"l3":77.8,"temporal_pack":118.6,"total":345.5} bytes=202 level=0 detail=80 epoch=0 n_live=27 residual=3084.306 epoch_pending=0 epochs=1 trigger=first ttl_dropped=0 waiting=0
2026-09-20 13:31:28,920 INFO camera_service: vector_stats ms_total=302.1 ms={"resize":0.6,"l0":15.5,"l1":120.0,"l3":67.1,"temporal_pack":98.5,"total":302.1} bytes=202 level=0 detail=80 epoch=0 n_live=22 residual=2416.409 epoch_pending=0 epochs=1 trigger=first ttl_dropped=0 waiting=0
2026-09-20 13:31:30,947 INFO camera_service: vector_stats ms_total=330.2 ms={"resize":0.5,"l0":15.6,"l1":134.5,"l3":68.4,"temporal_pack":110.7,"total":330.2} bytes=203 level=0 detail=80 epoch=0 n_live=27 residual=2860.587 epoch_pending=0 epochs=1 trigger=first ttl_dropped=0 waiting=0
2026-09-20 13:31:33,432 INFO camera_service: vector_stats ms_total=315.0 ms={"resize":0.5,"l0":14.7,"l1":123.7,"l3":71.8,"temporal_pack":103.9,"total":315.0} bytes=203 level=0 detail=80 epoch=0 n_live=25 residual=3247.868 epoch_pending=0 epochs=1 trigger=first ttl_dropped=0 waiting=0
2026-09-20 13:31:35,466 INFO camera_service: vector_stats ms_total=349.9 ms={"resize":0.5,"l0":15.6,"l1":131.3,"l3":83.6,"temporal_pack":118.5,"total":349.9} bytes=198 level=0 detail=80 epoch=0 n_live=23 residual=2816.022 epoch_pending=0 epochs=1 trigger=first ttl_dropped=0 waiting=0
2026-09-20 13:31:37,949 INFO camera_service: vector_stats ms_total=330.6 ms={"resize":0.5,"l0":17.3,"l1":130.2,"l3":79.1,"temporal_pack":103.1,"total":330.6} bytes=144 level=0 detail=80 epoch=0 n_live=27 residual=2913.320 epoch_pending=0 epochs=1 trigger=first ttl_dropped=0 waiting=0
2026-09-20 13:31:39,950 INFO camera_service: vector_stats ms_total=331.8 ms={"resize":0.5,"l0":16.5,"l1":131.5,"l3":78.5,"temporal_pack":104.4,"total":331.8} bytes=200 level=0 detail=80 epoch=0 n_live=29 residual=2438.122 epoch_pending=0 epochs=1 trigger=first ttl_dropped=0 waiting=0
2026-09-20 13:31:41,962 INFO camera_service: vector_stats ms_total=344.4 ms={"resize":0.6,"l0":15.8,"l1":156.7,"l3":49.4,"temporal_pack":121.4,"total":344.4} bytes=201 level=0 detail=80 epoch=3 n_live=14 residual=6188.984 epoch_pending=0 epochs=4 trigger=relabel ttl_dropped=0 waiting=5
2026-09-20 13:31:43,973 INFO camera_service: vector_stats ms_total=355.3 ms={"resize":0.7,"l0":16.1,"l1":158.3,"l3":53.7,"temporal_pack":126.1,"total":355.3} bytes=202 level=0 detail=80 epoch=7 n_live=14 residual=4356.826 epoch_pending=0 epochs=8 trigger=relabel ttl_dropped=0 waiting=1
2026-09-20 13:31:45,980 INFO camera_service: vector_stats ms_total=362.9 ms={"resize":0.5,"l0":13.8,"l1":159.9,"l3":50.6,"temporal_pack":137.6,"total":362.9} bytes=202 level=0 detail=80 epoch=11 n_live=14 residual=3734.403 epoch_pending=0 epochs=12 trigger=relabel ttl_dropped=0 waiting=7
2026-09-20 13:31:48,473 INFO camera_service: vector_stats ms_total=354.8 ms={"resize":0.5,"l0":16.6,"l1":158.9,"l3":53.3,"temporal_pack":124.9,"total":354.8} bytes=200 level=0 detail=80 epoch=15 n_live=13 residual=3139.881 epoch_pending=0 epochs=16 trigger=relabel ttl_dropped=0 waiting=6
2026-09-20 13:31:50,991 INFO camera_service: vector_stats ms_total=373.7 ms={"resize":0.7,"l0":16.1,"l1":161.9,"l3":55.8,"temporal_pack":138.7,"total":373.7} bytes=200 level=0 detail=80 epoch=2 n_live=11 residual=4294.520 epoch_pending=0 epochs=19 trigger=horizon ttl_dropped=0 waiting=5
2026-09-20 13:31:52,992 INFO camera_service: vector_stats ms_total=374.7 ms={"resize":0.5,"l0":16.2,"l1":156.6,"l3":56.9,"temporal_pack":144.1,"total":374.7} bytes=199 level=0 detail=80 epoch=2 n_live=28 residual=3898.861 epoch_pending=0 epochs=19 trigger=horizon ttl_dropped=0 waiting=0
2026-09-20 13:31:55,487 INFO camera_service: vector_stats ms_total=370.8 ms={"resize":0.5,"l0":17.3,"l1":162.2,"l3":57.6,"temporal_pack":132.6,"total":370.8} bytes=199 level=0 detail=80 epoch=2 n_live=30 residual=3607.416 epoch_pending=0 epochs=19 trigger=horizon ttl_dropped=0 waiting=2
2026-09-20 13:31:57,986 INFO camera_service: vector_stats ms_total=368.2 ms={"resize":0.5,"l0":15.7,"l1":155.5,"l3":51.2,"temporal_pack":144.8,"total":368.2} bytes=199 level=0 detail=80 epoch=2 n_live=25 residual=2787.116 epoch_pending=0 epochs=19 trigger=horizon ttl_dropped=0 waiting=6
2026-09-20 13:32:00,455 INFO camera_service: vector_stats ms_total=337.0 ms={"resize":0.5,"l0":15.6,"l1":156.0,"l3":47.4,"temporal_pack":116.9,"total":337.0} bytes=203 level=0 detail=80 epoch=2 n_live=22 residual=2354.371 epoch_pending=0 epochs=19 trigger=horizon ttl_dropped=0 waiting=9
2026-09-20 13:32:02,571 INFO camera_service: vector_stats ms_total=453.6 ms={"resize":0.5,"l0":16.6,"l1":194.1,"l3":68.3,"temporal_pack":173.4,"total":453.6} bytes=201 level=0 detail=80 epoch=2 n_live=18 residual=4619.428 epoch_pending=0 epochs=19 trigger=horizon ttl_dropped=0 waiting=16
2026-09-20 13:32:04,587 INFO camera_service: vector_stats ms_total=469.3 ms={"resize":0.5,"l0":15.9,"l1":199.2,"l3":74.8,"temporal_pack":178.2,"total":469.3} bytes=203 level=0 detail=80 epoch=2 n_live=19 residual=4221.590 epoch_pending=0 epochs=19 trigger=horizon ttl_dropped=0 waiting=7
2026-09-20 13:32:07,056 INFO camera_service: vector_stats ms_total=439.5 ms={"resize":0.5,"l0":18.3,"l1":186.7,"l3":61.4,"temporal_pack":171.8,"total":439.5} bytes=201 level=0 detail=80 epoch=3 n_live=12 residual=3388.462 epoch_pending=0 epochs=20 trigger=relabel ttl_dropped=0 waiting=4
2026-09-20 13:32:09,067 INFO camera_service: vector_stats ms_total=448.5 ms={"resize":0.5,"l0":15.8,"l1":188.4,"l3":62.0,"temporal_pack":181.1,"total":448.5} bytes=199 level=0 detail=80 epoch=4 n_live=12 residual=4958.301 epoch_pending=0 epochs=21 trigger=relabel ttl_dropped=0 waiting=5
2026-09-20 13:32:11,537 INFO camera_service: vector_stats ms_total=418.8 ms={"resize":0.5,"l0":15.8,"l1":189.7,"l3":76.3,"temporal_pack":135.9,"total":418.8} bytes=203 level=0 detail=80 epoch=4 n_live=15 residual=5002.848 epoch_pending=0 epochs=21 trigger=relabel ttl_dropped=0 waiting=7
2026-09-20 13:32:13,572 INFO camera_service: vector_stats ms_total=453.6 ms={"resize":1.2,"l0":16.0,"l1":194.6,"l3":80.5,"temporal_pack":160.7,"total":453.6} bytes=200 level=0 detail=80 epoch=6 n_live=12 residual=4610.615 epoch_pending=0 epochs=23 trigger=relabel ttl_dropped=0 waiting=5
2026-09-20 13:32:16,060 INFO camera_service: vector_stats ms_total=442.3 ms={"resize":0.5,"l0":15.9,"l1":195.0,"l3":79.6,"temporal_pack":150.6,"total":442.3} bytes=203 level=0 detail=80 epoch=6 n_live=20 residual=4876.496 epoch_pending=0 epochs=23 trigger=relabel ttl_dropped=0 waiting=3
2026-09-20 13:32:18,537 INFO camera_service: vector_stats ms_total=418.7 ms={"resize":0.5,"l0":15.9,"l1":193.8,"l3":66.3,"temporal_pack":141.5,"total":418.7} bytes=201 level=0 detail=80 epoch=6 n_live=17 residual=4862.466 epoch_pending=0 epochs=23 trigger=relabel ttl_dropped=0 waiting=14
2026-09-20 13:32:20,560 INFO camera_service: vector_stats ms_total=443.6 ms={"resize":0.5,"l0":16.7,"l1":192.2,"l3":73.4,"temporal_pack":160.2,"total":443.6} bytes=199 level=0 detail=80 epoch=6 n_live=18 residual=4359.772 epoch_pending=0 epochs=23 trigger=relabel ttl_dropped=0 waiting=16
2026-09-20 13:32:22,562 INFO camera_service: vector_stats ms_total=445.8 ms={"resize":0.5,"l0":15.9,"l1":190.1,"l3":85.6,"temporal_pack":153.1,"total":445.8} bytes=203 level=0 detail=80 epoch=6 n_live=16 residual=4991.598 epoch_pending=0 epochs=23 trigger=relabel ttl_dropped=0 waiting=7
2026-09-20 13:32:24,581 INFO camera_service: vector_stats ms_total=464.4 ms={"resize":0.5,"l0":20.3,"l1":201.8,"l3":80.5,"temporal_pack":160.7,"total":464.4} bytes=203 level=0 detail=80 epoch=6 n_live=18 residual=5225.117 epoch_pending=0 epochs=23 trigger=relabel ttl_dropped=0 waiting=8
2026-09-20 13:32:27,073 INFO camera_service: vector_stats ms_total=456.1 ms={"resize":0.5,"l0":18.4,"l1":191.0,"l3":84.2,"temporal_pack":161.3,"total":456.1} bytes=202 level=0 detail=80 epoch=6 n_live=21 residual=6432.625 epoch_pending=0 epochs=23 trigger=relabel ttl_dropped=0 waiting=3
2026-09-20 13:32:29,095 INFO camera_service: vector_stats ms_total=477.7 ms={"resize":0.5,"l0":16.7,"l1":197.5,"l3":79.2,"temporal_pack":183.1,"total":477.7} bytes=203 level=0 detail=80 epoch=6 n_live=20 residual=5214.252 epoch_pending=0 epochs=23 trigger=relabel ttl_dropped=0 waiting=9
2026-09-20 13:32:31,554 INFO camera_service: vector_stats ms_total=438.0 ms={"resize":0.5,"l0":15.9,"l1":191.9,"l3":62.1,"temporal_pack":166.9,"total":438.0} bytes=199 level=0 detail=80 epoch=6 n_live=19 residual=3983.914 epoch_pending=0 epochs=23 trigger=relabel ttl_dropped=0 waiting=14
2026-09-20 13:32:34,049 INFO camera_service: vector_stats ms_total=431.8 ms={"resize":0.5,"l0":16.0,"l1":189.0,"l3":66.9,"temporal_pack":158.7,"total":431.8} bytes=201 level=0 detail=80 epoch=6 n_live=19 residual=4163.527 epoch_pending=0 epochs=23 trigger=relabel ttl_dropped=0 waiting=8
2026-09-20 13:32:36,067 INFO camera_service: vector_stats ms_total=449.1 ms={"resize":0.6,"l0":16.1,"l1":188.9,"l3":73.4,"temporal_pack":169.4,"total":449.1} bytes=199 level=0 detail=80 epoch=6 n_live=21 residual=4513.694 epoch_pending=0 epochs=23 trigger=relabel ttl_dropped=0 waiting=5
2026-09-20 13:32:38,579 INFO camera_service: vector_stats ms_total=462.1 ms={"resize":0.5,"l0":16.9,"l1":189.0,"l3":69.5,"temporal_pack":185.6,"total":462.1} bytes=201 level=0 detail=80 epoch=6 n_live=22 residual=4408.917 epoch_pending=0 epochs=23 trigger=relabel ttl_dropped=0 waiting=8
2026-09-20 13:32:40,599 INFO camera_service: vector_stats ms_total=482.9 ms={"resize":0.5,"l0":21.2,"l1":194.9,"l3":88.8,"temporal_pack":176.6,"total":482.9} bytes=202 level=0 detail=80 epoch=6 n_live=21 residual=5083.510 epoch_pending=0 epochs=23 trigger=relabel ttl_dropped=0 waiting=3
2026-09-20 13:32:43,089 INFO camera_service: vector_stats ms_total=471.1 ms={"resize":0.7,"l0":16.6,"l1":194.3,"l3":83.4,"temporal_pack":175.5,"total":471.1} bytes=201 level=0 detail=80 epoch=6 n_live=21 residual=5727.873 epoch_pending=0 epochs=23 trigger=relabel ttl_dropped=0 waiting=7
2026-09-20 13:32:45,549 INFO camera_service: vector_stats ms_total=432.8 ms={"resize":0.5,"l0":16.0,"l1":190.2,"l3":80.4,"temporal_pack":145.1,"total":432.8} bytes=200 level=0 detail=80 epoch=6 n_live=18 residual=5788.011 epoch_pending=0 epochs=23 trigger=relabel ttl_dropped=0 waiting=1
2026-09-20 13:32:48,047 INFO camera_service: vector_stats ms_total=428.7 ms={"resize":0.6,"l0":16.1,"l1":190.2,"l3":45.3,"temporal_pack":175.7,"total":428.7} bytes=202 level=0 detail=80 epoch=8 n_live=11 residual=3577.778 epoch_pending=0 epochs=25 trigger=relabel ttl_dropped=0 waiting=11
2026-09-20 13:32:50,048 INFO camera_service: vector_stats ms_total=433.0 ms={"resize":0.5,"l0":15.9,"l1":187.2,"l3":56.7,"temporal_pack":172.1,"total":433.0} bytes=202 level=0 detail=80 epoch=8 n_live=22 residual=3599.392 epoch_pending=0 epochs=25 trigger=relabel ttl_dropped=0 waiting=4
2026-09-20 13:32:52,072 INFO camera_service: vector_stats ms_total=455.6 ms={"resize":0.5,"l0":16.1,"l1":187.2,"l3":54.5,"temporal_pack":196.6,"total":455.6} bytes=200 level=0 detail=80 epoch=8 n_live=25 residual=3354.276 epoch_pending=0 epochs=25 trigger=relabel ttl_dropped=0 waiting=3
2026-09-20 13:32:54,085 INFO camera_service: vector_stats ms_total=469.3 ms={"resize":0.5,"l0":16.0,"l1":200.8,"l3":76.2,"temporal_pack":175.2,"total":469.3} bytes=201 level=0 detail=80 epoch=8 n_live=24 residual=4767.863 epoch_pending=0 epochs=25 trigger=relabel ttl_dropped=0 waiting=1
2026-09-20 13:32:56,532 INFO camera_service: vector_stats ms_total=413.9 ms={"resize":0.5,"l0":16.6,"l1":191.0,"l3":65.3,"temporal_pack":139.8,"total":413.9} bytes=201 level=0 detail=80 epoch=9 n_live=20 residual=4835.998 epoch_pending=0 epochs=26 trigger=relabel ttl_dropped=0 waiting=0
2026-09-20 13:32:58,570 INFO camera_service: vector_stats ms_total=453.3 ms={"resize":0.5,"l0":16.7,"l1":188.0,"l3":68.2,"temporal_pack":179.2,"total":453.3} bytes=202 level=0 detail=80 epoch=9 n_live=25 residual=4395.099 epoch_pending=0 epochs=26 trigger=relabel ttl_dropped=0 waiting=6
2026-09-20 13:33:01,083 INFO camera_service: vector_stats ms_total=465.9 ms={"resize":0.5,"l0":16.7,"l1":192.5,"l3":66.2,"temporal_pack":189.3,"total":465.9} bytes=203 level=0 detail=80 epoch=9 n_live=22 residual=3947.877 epoch_pending=0 epochs=26 trigger=relabel ttl_dropped=0 waiting=4
2026-09-20 13:33:03,087 INFO camera_service: vector_stats ms_total=471.3 ms={"resize":0.5,"l0":15.9,"l1":192.1,"l3":75.2,"temporal_pack":186.9,"total":471.3} bytes=202 level=0 detail=80 epoch=9 n_live=29 residual=3348.373 epoch_pending=0 epochs=26 trigger=relabel ttl_dropped=0 waiting=6
2026-09-20 13:33:05,463 INFO camera_service: vector_stats ms_total=344.7 ms={"resize":0.5,"l0":19.0,"l1":178.7,"l3":32.4,"temporal_pack":113.5,"total":344.7} bytes=198 level=0 detail=80 epoch=11 n_live=18 residual=5487.970 epoch_pending=0 epochs=28 trigger=horizon ttl_dropped=0 waiting=0
2026-09-20 13:33:07,523 INFO camera_service: vector_stats ms_total=405.6 ms={"resize":0.4,"l0":18.0,"l1":170.6,"l3":63.4,"temporal_pack":152.7,"total":405.6} bytes=202 level=0 detail=80 epoch=12 n_live=26 residual=2383.350 epoch_pending=0 epochs=29 trigger=horizon ttl_dropped=0 waiting=0
2026-09-20 13:33:09,981 INFO camera_service: vector_stats ms_total=363.1 ms={"resize":0.6,"l0":18.9,"l1":156.9,"l3":59.6,"temporal_pack":126.7,"total":363.1} bytes=201 level=0 detail=80 epoch=13 n_live=20 residual=4478.393 epoch_pending=0 epochs=30 trigger=horizon ttl_dropped=0 waiting=0
2026-09-20 13:33:12,550 INFO camera_service: vector_stats ms_total=432.7 ms={"resize":0.5,"l0":17.0,"l1":195.0,"l3":62.9,"temporal_pack":156.7,"total":432.7} bytes=201 level=0 detail=80 epoch=15 n_live=12 residual=3008.482 epoch_pending=0 epochs=32 trigger=horizon ttl_dropped=0 waiting=7
2026-09-20 13:33:14,577 INFO camera_service: vector_stats ms_total=461.4 ms={"resize":0.5,"l0":15.8,"l1":193.9,"l3":58.0,"temporal_pack":192.6,"total":461.4} bytes=202 level=0 detail=80 epoch=0 n_live=26 residual=2474.068 epoch_pending=0 epochs=33 trigger=relabel ttl_dropped=0 waiting=5
2026-09-20 13:33:16,586 INFO camera_service: vector_stats ms_total=465.1 ms={"resize":0.5,"l0":16.3,"l1":192.5,"l3":59.2,"temporal_pack":195.9,"total":465.1} bytes=202 level=0 detail=80 epoch=0 n_live=28 residual=2617.167 epoch_pending=0 epochs=33 trigger=relabel ttl_dropped=0 waiting=4
2026-09-20 13:33:18,602 INFO camera_service: vector_stats ms_total=481.0 ms={"resize":0.5,"l0":16.4,"l1":193.7,"l3":60.8,"temporal_pack":209.0,"total":481.0} bytes=200 level=0 detail=80 epoch=0 n_live=31 residual=2735.105 epoch_pending=0 epochs=33 trigger=relabel ttl_dropped=0 waiting=3
2026-09-20 13:33:20,616 INFO camera_service: vector_stats ms_total=491.5 ms={"resize":0.5,"l0":17.6,"l1":201.3,"l3":63.8,"temporal_pack":207.6,"total":491.5} bytes=197 level=0 detail=80 epoch=0 n_live=26 residual=2769.897 epoch_pending=0 epochs=33 trigger=relabel ttl_dropped=0 waiting=5
2026-09-20 13:33:23,039 INFO camera_service: vector_stats ms_total=413.6 ms={"resize":0.5,"l0":15.8,"l1":185.9,"l3":60.1,"temporal_pack":150.7,"total":413.6} bytes=202 level=0 detail=80 epoch=1 n_live=12 residual=2788.966 epoch_pending=0 epochs=34 trigger=relabel ttl_dropped=0 waiting=0
2026-09-20 13:33:25,073 INFO camera_service: vector_stats ms_total=448.0 ms={"resize":0.5,"l0":17.1,"l1":195.5,"l3":74.5,"temporal_pack":159.8,"total":448.0} bytes=199 level=0 detail=80 epoch=5 n_live=12 residual=4989.330 epoch_pending=0 epochs=38 trigger=relabel ttl_dropped=0 waiting=5
2026-09-20 13:33:27,543 INFO camera_service: vector_stats ms_total=418.8 ms={"resize":0.5,"l0":16.0,"l1":193.5,"l3":62.6,"temporal_pack":145.5,"total":418.8} bytes=203 level=0 detail=80 epoch=7 n_live=18 residual=4946.508 epoch_pending=0 epochs=40 trigger=relabel ttl_dropped=0 waiting=0
