2026-09-14 08:17:57,809 INFO camera_service: v4l2/ffmpeg pid=10 device=/dev/video1 1920x1080@30fps -> 384x256 rgb24
2026-09-14 08:17:57,810 INFO camera_service: LIFETRAC_USE_LORA_BRIDGE=1 — skipping M7 IpcWriter; frames routed to MQTT lifetrac/v25/cmd/image_frame only
2026-09-14 08:17:57,845 INFO camera_service: byte_budget=243 B/frame (LIFETRAC_FRAGMENT_BUDGET, phy=image_bw500)
2026-09-14 08:17:58,095 INFO camera_service: encode_mode -> 9 (vector) [boot]
2026-09-14 08:18:00,935 INFO camera_service: vector_stats ms_total=498.5 ms={"resize":0.7,"l0":100.0,"l1":196.1,"l3":44.0,"temporal_pack":157.0,"total":498.5} bytes=239 level=0 detail=80 epoch=0 n_live=21 residual=3989.460 epoch_pending=0 epochs=1 trigger=first ttl_dropped=0 waiting=2
2026-09-14 08:18:03,356 INFO camera_service: vector_stats ms_total=416.3 ms={"resize":0.5,"l0":18.8,"l1":173.7,"l3":66.7,"temporal_pack":156.0,"total":416.3} bytes=145 level=0 detail=80 epoch=0 n_live=29 residual=2608.035 epoch_pending=0 epochs=1 trigger=first ttl_dropped=0 waiting=0
2026-09-14 08:18:05,362 INFO camera_service: vector_stats ms_total=421.8 ms={"resize":0.5,"l0":18.5,"l1":184.7,"l3":62.4,"temporal_pack":155.0,"total":421.8} bytes=181 level=0 detail=80 epoch=0 n_live=29 residual=2635.678 epoch_pending=0 epochs=1 trigger=first ttl_dropped=0 waiting=0
2026-09-14 08:18:07,870 INFO camera_service: vector_stats ms_total=429.4 ms={"resize":0.5,"l0":18.5,"l1":185.8,"l3":61.4,"temporal_pack":162.6,"total":429.4} bytes=110 level=0 detail=80 epoch=0 n_live=25 residual=2585.040 epoch_pending=0 epochs=1 trigger=first ttl_dropped=0 waiting=0
2026-09-14 08:18:10,339 INFO camera_service: vector_stats ms_total=398.2 ms={"resize":0.5,"l0":18.7,"l1":177.7,"l3":60.8,"temporal_pack":140.0,"total":398.2} bytes=239 level=0 detail=80 epoch=0 n_live=26 residual=2653.670 epoch_pending=0 epochs=1 trigger=first ttl_dropped=0 waiting=0
2026-09-14 08:18:12,435 INFO camera_service: vector_stats ms_total=494.6 ms={"resize":0.4,"l0":19.6,"l1":199.7,"l3":80.5,"temporal_pack":193.8,"total":494.6} bytes=221 level=0 detail=80 epoch=0 n_live=26 residual=2783.344 epoch_pending=0 epochs=1 trigger=first ttl_dropped=0 waiting=0
2026-09-14 08:18:14,490 INFO camera_service: vector_stats ms_total=504.3 ms={"resize":0.8,"l0":21.4,"l1":235.4,"l3":67.4,"temporal_pack":178.2,"total":504.3} bytes=236 level=0 detail=80 epoch=0 n_live=25 residual=2626.920 epoch_pending=0 epochs=1 trigger=first ttl_dropped=0 waiting=0
2026-09-14 08:18:16,937 INFO camera_service: vector_stats ms_total=442.1 ms={"resize":0.5,"l0":20.1,"l1":194.4,"l3":59.5,"temporal_pack":167.0,"total":442.1} bytes=205 level=0 detail=80 epoch=0 n_live=28 residual=2635.662 epoch_pending=0 epochs=1 trigger=first ttl_dropped=0 waiting=0
2026-09-14 08:18:18,951 INFO camera_service: vector_stats ms_total=455.5 ms={"resize":0.5,"l0":19.7,"l1":194.8,"l3":64.2,"temporal_pack":175.6,"total":455.5} bytes=193 level=0 detail=80 epoch=0 n_live=27 residual=2637.408 epoch_pending=0 epochs=1 trigger=first ttl_dropped=0 waiting=0
2026-09-14 08:18:21,415 INFO camera_service: vector_stats ms_total=420.9 ms={"resize":0.6,"l0":19.7,"l1":192.6,"l3":64.4,"temporal_pack":143.0,"total":420.9} bytes=99 level=0 detail=80 epoch=0 n_live=20 residual=2888.333 epoch_pending=0 epochs=1 trigger=first ttl_dropped=0 waiting=0
2026-09-14 08:18:23,425 INFO camera_service: vector_stats ms_total=428.7 ms={"resize":0.4,"l0":19.5,"l1":193.6,"l3":61.3,"temporal_pack":153.2,"total":428.7} bytes=178 level=0 detail=80 epoch=0 n_live=27 residual=2792.480 epoch_pending=0 epochs=1 trigger=first ttl_dropped=0 waiting=0
2026-09-14 08:18:25,906 INFO camera_service: vector_stats ms_total=410.2 ms={"resize":0.4,"l0":18.6,"l1":184.8,"l3":56.4,"temporal_pack":149.4,"total":410.2} bytes=219 level=0 detail=80 epoch=0 n_live=30 residual=2767.197 epoch_pending=0 epochs=1 trigger=first ttl_dropped=0 waiting=0
2026-09-14 08:18:27,950 INFO camera_service: vector_stats ms_total=454.1 ms={"resize":0.5,"l0":18.7,"l1":193.4,"l3":60.3,"temporal_pack":180.6,"total":454.1} bytes=143 level=0 detail=80 epoch=0 n_live=27 residual=2681.131 epoch_pending=0 epochs=1 trigger=first ttl_dropped=0 waiting=0
2026-09-14 08:18:30,417 INFO camera_service: vector_stats ms_total=420.2 ms={"resize":0.5,"l0":18.7,"l1":186.8,"l3":66.3,"temporal_pack":147.3,"total":420.2} bytes=240 level=0 detail=80 epoch=0 n_live=25 residual=3034.691 epoch_pending=0 epochs=1 trigger=first ttl_dropped=0 waiting=0
2026-09-14 08:18:32,449 INFO camera_service: vector_stats ms_total=454.7 ms={"resize":0.5,"l0":18.9,"l1":199.2,"l3":63.3,"temporal_pack":172.1,"total":454.7} bytes=204 level=0 detail=80 epoch=0 n_live=29 residual=2816.386 epoch_pending=0 epochs=1 trigger=first ttl_dropped=0 waiting=0
2026-09-14 08:18:34,899 INFO camera_service: vector_stats ms_total=401.7 ms={"resize":0.5,"l0":18.6,"l1":182.6,"l3":56.5,"temporal_pack":143.0,"total":401.7} bytes=210 level=0 detail=80 epoch=0 n_live=25 residual=2759.897 epoch_pending=0 epochs=1 trigger=first ttl_dropped=0 waiting=0
2026-09-14 08:18:36,919 INFO camera_service: vector_stats ms_total=423.2 ms={"resize":0.5,"l0":19.2,"l1":186.7,"l3":60.8,"temporal_pack":155.4,"total":423.2} bytes=141 level=0 detail=80 epoch=0 n_live=26 residual=2767.159 epoch_pending=0 epochs=1 trigger=first ttl_dropped=0 waiting=0
2026-09-14 08:18:38,929 INFO camera_service: vector_stats ms_total=432.3 ms={"resize":0.5,"l0":19.4,"l1":186.0,"l3":64.1,"temporal_pack":161.8,"total":432.3} bytes=102 level=0 detail=80 epoch=0 n_live=25 residual=2736.945 epoch_pending=0 epochs=1 trigger=first ttl_dropped=0 waiting=0
2026-09-14 08:18:41,398 INFO camera_service: vector_stats ms_total=404.4 ms={"resize":0.6,"l0":18.7,"l1":184.7,"l3":59.4,"temporal_pack":140.3,"total":404.4} bytes=154 level=0 detail=80 epoch=0 n_live=23 residual=2915.642 epoch_pending=0 epochs=1 trigger=first ttl_dropped=0 waiting=0
2026-09-14 08:18:43,420 INFO camera_service: vector_stats ms_total=422.9 ms={"resize":0.5,"l0":18.6,"l1":187.6,"l3":60.6,"temporal_pack":154.9,"total":422.9} bytes=157 level=0 detail=80 epoch=0 n_live=27 residual=2608.222 epoch_pending=0 epochs=1 trigger=first ttl_dropped=0 waiting=0
2026-09-14 08:18:45,426 INFO camera_service: vector_stats ms_total=432.3 ms={"resize":0.6,"l0":19.6,"l1":188.8,"l3":56.8,"temporal_pack":165.7,"total":432.3} bytes=157 level=0 detail=80 epoch=0 n_live=25 residual=2837.124 epoch_pending=0 epochs=1 trigger=first ttl_dropped=0 waiting=0
2026-09-14 08:18:47,917 INFO camera_service: vector_stats ms_total=422.0 ms={"resize":0.5,"l0":18.7,"l1":188.1,"l3":56.5,"temporal_pack":157.5,"total":422.0} bytes=181 level=0 detail=80 epoch=0 n_live=26 residual=2747.449 epoch_pending=0 epochs=1 trigger=first ttl_dropped=0 waiting=0
2026-09-14 08:18:50,419 INFO camera_service: vector_stats ms_total=422.5 ms={"resize":0.5,"l0":18.7,"l1":191.4,"l3":60.2,"temporal_pack":151.1,"total":422.5} bytes=226 level=0 detail=80 epoch=0 n_live=26 residual=2821.688 epoch_pending=0 epochs=1 trigger=first ttl_dropped=0 waiting=0
2026-09-14 08:18:52,909 INFO camera_service: vector_stats ms_total=412.9 ms={"resize":0.5,"l0":19.1,"l1":184.8,"l3":55.7,"temporal_pack":152.2,"total":412.9} bytes=172 level=0 detail=80 epoch=0 n_live=27 residual=2974.133 epoch_pending=0 epochs=1 trigger=first ttl_dropped=0 waiting=0
2026-09-14 08:18:55,426 INFO camera_service: vector_stats ms_total=430.6 ms={"resize":0.5,"l0":18.7,"l1":187.0,"l3":61.2,"temporal_pack":162.7,"total":430.6} bytes=133 level=0 detail=80 epoch=0 n_live=25 residual=2706.316 epoch_pending=0 epochs=1 trigger=first ttl_dropped=0 waiting=0
2026-09-14 08:18:57,908 INFO camera_service: vector_stats ms_total=411.4 ms={"resize":0.5,"l0":18.6,"l1":191.6,"l3":59.5,"temporal_pack":140.7,"total":411.4} bytes=162 level=0 detail=80 epoch=0 n_live=25 residual=3049.011 epoch_pending=0 epochs=1 trigger=first ttl_dropped=0 waiting=0
2026-09-14 08:18:59,919 INFO camera_service: vector_stats ms_total=422.8 ms={"resize":0.4,"l0":18.7,"l1":193.3,"l3":58.3,"temporal_pack":151.5,"total":422.8} bytes=159 level=0 detail=80 epoch=0 n_live=26 residual=2878.750 epoch_pending=0 epochs=1 trigger=first ttl_dropped=0 waiting=0
2026-09-14 08:19:02,403 INFO camera_service: vector_stats ms_total=407.2 ms={"resize":0.4,"l0":18.7,"l1":187.4,"l3":55.3,"temporal_pack":144.7,"total":407.2} bytes=233 level=0 detail=80 epoch=1 n_live=27 residual=2866.632 epoch_pending=0 epochs=2 trigger=safety ttl_dropped=0 waiting=0
2026-09-14 08:19:04,430 INFO camera_service: vector_stats ms_total=432.8 ms={"resize":0.5,"l0":18.6,"l1":182.3,"l3":63.1,"temporal_pack":167.8,"total":432.8} bytes=204 level=0 detail=80 epoch=1 n_live=27 residual=2661.797 epoch_pending=0 epochs=2 trigger=safety ttl_dropped=0 waiting=0
2026-09-14 08:19:06,897 INFO camera_service: vector_stats ms_total=402.6 ms={"resize":0.6,"l0":18.7,"l1":183.9,"l3":54.0,"temporal_pack":144.7,"total":402.6} bytes=176 level=0 detail=80 epoch=1 n_live=27 residual=2797.012 epoch_pending=0 epochs=2 trigger=safety ttl_dropped=0 waiting=0
2026-09-14 08:19:09,395 INFO camera_service: vector_stats ms_total=398.9 ms={"resize":0.5,"l0":18.5,"l1":186.0,"l3":51.8,"temporal_pack":141.5,"total":398.9} bytes=116 level=0 detail=80 epoch=1 n_live=25 residual=2853.468 epoch_pending=0 epochs=2 trigger=safety ttl_dropped=0 waiting=0
2026-09-14 08:19:11,419 INFO camera_service: vector_stats ms_total=424.4 ms={"resize":0.5,"l0":18.6,"l1":191.8,"l3":58.8,"temporal_pack":154.1,"total":424.4} bytes=164 level=0 detail=80 epoch=1 n_live=26 residual=2747.152 epoch_pending=0 epochs=2 trigger=safety ttl_dropped=0 waiting=0
2026-09-14 08:19:13,912 INFO camera_service: vector_stats ms_total=416.1 ms={"resize":0.4,"l0":18.5,"l1":184.2,"l3":60.3,"temporal_pack":152.0,"total":416.1} bytes=196 level=0 detail=80 epoch=1 n_live=28 residual=2666.573 epoch_pending=0 epochs=2 trigger=safety ttl_dropped=0 waiting=0
2026-09-14 08:19:15,919 INFO camera_service: vector_stats ms_total=425.0 ms={"resize":0.6,"l0":18.7,"l1":185.7,"l3":66.0,"temporal_pack":153.4,"total":425.0} bytes=125 level=0 detail=80 epoch=1 n_live=27 residual=2855.240 epoch_pending=0 epochs=2 trigger=safety ttl_dropped=0 waiting=0
2026-09-14 08:19:18,407 INFO camera_service: vector_stats ms_total=409.9 ms={"resize":0.5,"l0":18.8,"l1":185.6,"l3":63.4,"temporal_pack":141.1,"total":409.9} bytes=157 level=0 detail=80 epoch=1 n_live=26 residual=2851.274 epoch_pending=0 epochs=2 trigger=safety ttl_dropped=0 waiting=0
2026-09-14 08:19:20,419 INFO camera_service: vector_stats ms_total=423.7 ms={"resize":0.4,"l0":18.6,"l1":188.6,"l3":58.9,"temporal_pack":156.5,"total":423.7} bytes=225 level=0 detail=80 epoch=1 n_live=27 residual=2788.532 epoch_pending=0 epochs=2 trigger=safety ttl_dropped=0 waiting=0
2026-09-14 08:19:22,939 INFO camera_service: vector_stats ms_total=442.2 ms={"resize":0.4,"l0":18.6,"l1":205.1,"l3":59.2,"temporal_pack":158.2,"total":442.2} bytes=182 level=0 detail=80 epoch=1 n_live=26 residual=2859.288 epoch_pending=0 epochs=2 trigger=safety ttl_dropped=0 waiting=0
2026-09-14 08:19:25,392 INFO camera_service: vector_stats ms_total=396.8 ms={"resize":0.5,"l0":18.7,"l1":179.5,"l3":53.3,"temporal_pack":144.2,"total":396.8} bytes=143 level=0 detail=80 epoch=1 n_live=24 residual=2700.598 epoch_pending=0 epochs=2 trigger=safety ttl_dropped=0 waiting=0
2026-09-14 08:19:27,424 INFO camera_service: vector_stats ms_total=428.6 ms={"resize":0.4,"l0":19.6,"l1":197.9,"l3":58.3,"temporal_pack":151.7,"total":428.6} bytes=117 level=0 detail=80 epoch=1 n_live=24 residual=2863.224 epoch_pending=0 epochs=2 trigger=safety ttl_dropped=0 waiting=0
2026-09-14 08:19:29,913 INFO camera_service: vector_stats ms_total=417.9 ms={"resize":0.5,"l0":19.6,"l1":195.8,"l3":56.3,"temporal_pack":145.1,"total":417.9} bytes=105 level=0 detail=80 epoch=1 n_live=21 residual=2861.396 epoch_pending=0 epochs=2 trigger=safety ttl_dropped=0 waiting=0
2026-09-14 08:19:32,415 INFO camera_service: vector_stats ms_total=420.1 ms={"resize":0.5,"l0":18.6,"l1":188.3,"l3":58.8,"temporal_pack":153.3,"total":420.1} bytes=222 level=0 detail=80 epoch=1 n_live=28 residual=2735.676 epoch_pending=0 epochs=2 trigger=safety ttl_dropped=0 waiting=0
2026-09-14 08:19:34,432 INFO camera_service: vector_stats ms_total=436.1 ms={"resize":0.5,"l0":18.9,"l1":188.7,"l3":56.3,"temporal_pack":171.0,"total":436.1} bytes=189 level=0 detail=80 epoch=1 n_live=27 residual=2644.806 epoch_pending=0 epochs=2 trigger=safety ttl_dropped=0 waiting=0
2026-09-14 08:19:36,901 INFO camera_service: vector_stats ms_total=406.6 ms={"resize":0.5,"l0":19.0,"l1":183.4,"l3":51.7,"temporal_pack":151.4,"total":406.6} bytes=143 level=0 detail=80 epoch=1 n_live=25 residual=2812.226 epoch_pending=0 epochs=2 trigger=safety ttl_dropped=0 waiting=0
2026-09-14 08:19:38,906 INFO camera_service: vector_stats ms_total=409.2 ms={"resize":0.4,"l0":18.6,"l1":184.5,"l3":61.8,"temporal_pack":143.1,"total":409.2} bytes=160 level=0 detail=80 epoch=1 n_live=26 residual=2721.119 epoch_pending=0 epochs=2 trigger=safety ttl_dropped=0 waiting=0
2026-09-14 08:19:40,934 INFO camera_service: vector_stats ms_total=437.8 ms={"resize":0.5,"l0":20.2,"l1":185.0,"l3":59.9,"temporal_pack":171.7,"total":437.8} bytes=173 level=0 detail=80 epoch=1 n_live=31 residual=2588.351 epoch_pending=0 epochs=2 trigger=safety ttl_dropped=0 waiting=0
2026-09-14 08:19:43,416 INFO camera_service: vector_stats ms_total=419.1 ms={"resize":0.5,"l0":18.6,"l1":183.6,"l3":64.4,"temporal_pack":151.4,"total":419.1} bytes=149 level=0 detail=80 epoch=1 n_live=27 residual=2672.565 epoch_pending=0 epochs=2 trigger=safety ttl_dropped=0 waiting=0
2026-09-14 08:19:45,434 INFO camera_service: vector_stats ms_total=438.1 ms={"resize":0.4,"l0":19.6,"l1":200.4,"l3":64.4,"temporal_pack":152.4,"total":438.1} bytes=116 level=0 detail=80 epoch=1 n_live=25 residual=2859.157 epoch_pending=0 epochs=2 trigger=safety ttl_dropped=0 waiting=0
2026-09-14 08:19:47,902 INFO camera_service: vector_stats ms_total=407.9 ms={"resize":0.6,"l0":18.7,"l1":185.9,"l3":62.3,"temporal_pack":139.8,"total":407.9} bytes=87 level=0 detail=80 epoch=1 n_live=25 residual=2847.919 epoch_pending=0 epochs=2 trigger=safety ttl_dropped=0 waiting=0
2026-09-14 08:19:49,903 INFO camera_service: vector_stats ms_total=408.4 ms={"resize":0.4,"l0":19.7,"l1":187.5,"l3":58.3,"temporal_pack":141.8,"total":408.4} bytes=192 level=0 detail=80 epoch=1 n_live=26 residual=2682.872 epoch_pending=0 epochs=2 trigger=safety ttl_dropped=0 waiting=0
2026-09-14 08:19:51,918 INFO camera_service: vector_stats ms_total=420.9 ms={"resize":0.4,"l0":19.5,"l1":187.6,"l3":64.6,"temporal_pack":148.2,"total":420.9} bytes=109 level=0 detail=80 epoch=1 n_live=27 residual=2847.881 epoch_pending=0 epochs=2 trigger=safety ttl_dropped=0 waiting=0
2026-09-14 08:19:53,934 INFO camera_service: vector_stats ms_total=438.9 ms={"resize":0.5,"l0":19.5,"l1":193.6,"l3":66.4,"temporal_pack":158.3,"total":438.9} bytes=152 level=0 detail=80 epoch=1 n_live=23 residual=2864.561 epoch_pending=0 epochs=2 trigger=safety ttl_dropped=0 waiting=0
2026-09-14 08:19:56,399 INFO camera_service: vector_stats ms_total=404.4 ms={"resize":0.5,"l0":18.6,"l1":185.9,"l3":57.5,"temporal_pack":141.2,"total":404.4} bytes=195 level=0 detail=80 epoch=1 n_live=24 residual=2772.078 epoch_pending=0 epochs=2 trigger=safety ttl_dropped=0 waiting=0
2026-09-14 08:19:58,416 INFO camera_service: vector_stats ms_total=421.5 ms={"resize":0.5,"l0":19.1,"l1":184.6,"l3":59.1,"temporal_pack":157.6,"total":421.5} bytes=183 level=0 detail=80 epoch=1 n_live=27 residual=2739.461 epoch_pending=0 epochs=2 trigger=safety ttl_dropped=0 waiting=0
2026-09-14 08:20:00,909 INFO camera_service: vector_stats ms_total=414.9 ms={"resize":0.5,"l0":19.6,"l1":180.9,"l3":65.0,"temporal_pack":148.3,"total":414.9} bytes=53 level=0 detail=80 epoch=1 n_live=27 residual=2780.321 epoch_pending=0 epochs=2 trigger=safety ttl_dropped=0 waiting=0
2026-09-14 08:20:02,920 INFO camera_service: vector_stats ms_total=424.5 ms={"resize":0.4,"l0":18.7,"l1":192.3,"l3":65.5,"temporal_pack":146.9,"total":424.5} bytes=128 level=0 detail=80 epoch=2 n_live=25 residual=2836.382 epoch_pending=0 epochs=3 trigger=safety ttl_dropped=0 waiting=0
2026-09-14 08:20:04,921 INFO camera_service: vector_stats ms_total=425.1 ms={"resize":0.4,"l0":18.5,"l1":184.5,"l3":62.9,"temporal_pack":158.1,"total":425.1} bytes=113 level=0 detail=80 epoch=2 n_live=23 residual=2840.102 epoch_pending=0 epochs=3 trigger=safety ttl_dropped=0 waiting=0
