=== Wed May 20 23:36:26 UTC 2026 Method H Stage 2 boot user app ===
boot_ocd_rc=0
Open On-Chip Debugger 0.11.0-dirty (2022-10-19-16:13)
Licensed under GNU GPL v2
For bug reports, read
	http://openocd.org/doc/doxygen/bugs.html
Info : imx_gpio GPIO JTAG/SWD bitbang driver
Info : imx_gpio mmap: pagesize: 4096, regionsize: 131072
Info : clock speed 1805 kHz
Info : SWD DPIDR 0x6ba02477
Info : stm32h7x.cpu0: hardware has 8 breakpoints, 4 watchpoints
Info : starting gdb server for stm32h7x.cpu0 on 3333
Info : Listening on port 3333 for gdb connections
target halted due to debug-request, current mode: Thread 
xPSR: 0x01000000 pc: 0x1ff09abc msp: 0x24003af8
Phase A: ensure GPIOA + GPIOF clocks enabled
  RCC_AHB4ENR before = 0
  RCC_AHB4ENR after  = 33
Phase B: ensure PA_11 + PF_4 are outputs (preserve other bits)
Phase C: drop BOOT0 (PA_11 -> LOW) so L072 boots from flash
  GPIOA_IDR.PA_11 = 0   (expect 0)
Phase D: pulse NRST (PF_4 LOW 250 ms then HIGH)
  GPIOF_IDR.PF_4 (low)  = 0   (expect 0)
  GPIOF_IDR.PF_4 (high) = 1   (expect 1)

DONE: BOOT0 LOW, NRST released. L072 should now run user firmware.
Allow ~500 ms then probe UART (e.g. AT command at 19200 8N1).
shutdown command invoked

=== Wed May 20 23:36:27 UTC 2026 Stage 2 probe (mode=rx_listen) on /dev/ttymxc3 ===
MODE: rx_listen
dev=/dev/ttymxc3 baud=921600
=== W1-10b probe RX_LISTEN: window=66.0s ===
INFO: post-VER drain queued type=0xF1 seq=0
INFO: post-VER drain queued type=0xC1 seq=0
INFO: post-VER drain queued type=0xF1 seq=0
INFO: post-VER drain queued type=0xC1 seq=0
RX_LISTEN: STATS(before) radio_rx_ok=0 radio_crc_err=0 radio_state=4
RX_LISTEN: RegOpMode(pre)=0x85 (expected 0x85)
__W1_10B_LISTEN_READY__
__RX_FRAME__ idx=1 rssi=-113 snr=2 len=24 timestamp_us=11118114 payload_hex=57312d313062207365713d30303030203161323733626561
__RX_FRAME__ idx=2 rssi=-114 snr=2 len=24 timestamp_us=11375583 payload_hex=57312d313062207365713d30303031203864643130653638
__RX_FRAME__ idx=3 rssi=-114 snr=2 len=24 timestamp_us=11634062 payload_hex=57312d313062207365713d30303032206332623738366436
__RX_FRAME__ idx=4 rssi=-114 snr=2 len=24 timestamp_us=11891377 payload_hex=57312d313062207365713d30303033203562343662333836
__RX_FRAME__ idx=5 rssi=-114 snr=2 len=24 timestamp_us=12149608 payload_hex=57312d313062207365713d30303034206362313435333764
__RX_FRAME__ idx=6 rssi=-114 snr=3 len=24 timestamp_us=12407895 payload_hex=57312d313062207365713d30303035203365326632663362
__RX_FRAME__ idx=7 rssi=-114 snr=2 len=24 timestamp_us=12658842 payload_hex=57312d313062207365713d30303036206532636364653633
__RX_FRAME__ idx=8 rssi=-114 snr=2 len=24 timestamp_us=12916057 payload_hex=57312d313062207365713d30303037203433653333383663
__RX_FRAME__ idx=9 rssi=-113 snr=2 len=24 timestamp_us=13169849 payload_hex=57312d313062207365713d30303038203662656162356363
__RX_FRAME__ idx=10 rssi=-114 snr=2 len=24 timestamp_us=13428457 payload_hex=57312d313062207365713d30303039203166346663616561
__RX_FRAME__ idx=11 rssi=-113 snr=2 len=24 timestamp_us=13681593 payload_hex=57312d313062207365713d30303130203163373432356432
__RX_FRAME__ idx=12 rssi=-114 snr=2 len=24 timestamp_us=13939981 payload_hex=57312d313062207365713d30303131206462363032626439
__RX_FRAME__ idx=13 rssi=-114 snr=2 len=24 timestamp_us=14193441 payload_hex=57312d313062207365713d30303132203931366133636133
__RX_FRAME__ idx=14 rssi=-114 snr=2 len=24 timestamp_us=14451095 payload_hex=57312d313062207365713d30303133203735366436373462
__RX_FRAME__ idx=15 rssi=-114 snr=3 len=24 timestamp_us=14709252 payload_hex=57312d313062207365713d30303134206162333566633965
__RX_FRAME__ idx=16 rssi=-114 snr=1 len=24 timestamp_us=14967469 payload_hex=57312d313062207365713d30303135203262646665613734
__RX_FRAME__ idx=17 rssi=-114 snr=2 len=24 timestamp_us=15230226 payload_hex=57312d313062207365713d30303136206461653262646639
__RX_FRAME__ idx=18 rssi=-114 snr=2 len=24 timestamp_us=15488644 payload_hex=57312d313062207365713d30303137206237333964373434
__RX_FRAME__ idx=19 rssi=-113 snr=3 len=24 timestamp_us=15746251 payload_hex=57312d313062207365713d30303138206639633763616263
__RX_FRAME__ idx=20 rssi=-114 snr=2 len=24 timestamp_us=16003990 payload_hex=57312d313062207365713d30303139203439333262366230
__RX_FRAME__ idx=21 rssi=-115 snr=3 len=24 timestamp_us=16257234 payload_hex=57312d313062207365713d30303230206331633762306539
__RX_FRAME__ idx=22 rssi=-114 snr=2 len=24 timestamp_us=16514734 payload_hex=57312d313062207365713d30303231206336313931323237
__RX_FRAME__ idx=23 rssi=-114 snr=2 len=24 timestamp_us=16768560 payload_hex=57312d313062207365713d30303232206432343165666637
__RX_FRAME__ idx=24 rssi=-115 snr=2 len=24 timestamp_us=17026562 payload_hex=57312d313062207365713d30303233203131613765666439
__RX_FRAME__ idx=25 rssi=-113 snr=2 len=24 timestamp_us=17280504 payload_hex=57312d313062207365713d30303234206162383437396632
__RX_FRAME__ idx=26 rssi=-113 snr=1 len=24 timestamp_us=17532269 payload_hex=57312d313062207365713d30303235206339383430643133
__RX_FRAME__ idx=27 rssi=-113 snr=2 len=24 timestamp_us=17789467 payload_hex=57312d313062207365713d30303236203132393066646337
__RX_FRAME__ idx=28 rssi=-114 snr=3 len=24 timestamp_us=18044980 payload_hex=57312d313062207365713d30303237203761373063643734
__RX_FRAME__ idx=29 rssi=-114 snr=2 len=24 timestamp_us=18295214 payload_hex=57312d313062207365713d30303238203437633561646665
__RX_FRAME__ idx=30 rssi=-114 snr=2 len=24 timestamp_us=18549393 payload_hex=57312d313062207365713d30303239203735363031323765
__RX_FRAME__ idx=31 rssi=-114 snr=1 len=24 timestamp_us=18807725 payload_hex=57312d313062207365713d30303330206366303633663866
__RX_FRAME__ idx=32 rssi=-114 snr=2 len=24 timestamp_us=19063845 payload_hex=57312d313062207365713d30303331203730643739656438
__RX_FRAME__ idx=33 rssi=-114 snr=2 len=24 timestamp_us=19321420 payload_hex=57312d313062207365713d30303332206239636562353364
__RX_FRAME__ idx=34 rssi=-113 snr=2 len=24 timestamp_us=19574078 payload_hex=57312d313062207365713d30303333203136383065353961
__RX_FRAME__ idx=35 rssi=-114 snr=2 len=24 timestamp_us=19832385 payload_hex=57312d313062207365713d30303334206661343561613234
__RX_FRAME__ idx=36 rssi=-113 snr=2 len=24 timestamp_us=20086118 payload_hex=57312d313062207365713d30303335203036393532323034
__RX_FRAME__ idx=37 rssi=-114 snr=2 len=24 timestamp_us=20344102 payload_hex=57312d313062207365713d30303336206262393837623836
__RX_FRAME__ idx=38 rssi=-114 snr=2 len=24 timestamp_us=20597815 payload_hex=57312d313062207365713d30303337203633333232623466
__RX_FRAME__ idx=39 rssi=-114 snr=2 len=24 timestamp_us=20855338 payload_hex=57312d313062207365713d30303338206265303732643936
__RX_FRAME__ idx=40 rssi=-114 snr=2 len=24 timestamp_us=21360165 payload_hex=57312d313062207365713d30303430206164633932316535
__RX_FRAME__ idx=41 rssi=-114 snr=2 len=24 timestamp_us=21613258 payload_hex=57312d313062207365713d30303431203762376438343961
__RX_FRAME__ idx=42 rssi=-114 snr=2 len=24 timestamp_us=21871727 payload_hex=57312d313062207365713d30303432206265653137373162
__RX_FRAME__ idx=43 rssi=-114 snr=2 len=24 timestamp_us=22124817 payload_hex=57312d313062207365713d30303433203933633739323663
__RX_FRAME__ idx=44 rssi=-113 snr=2 len=24 timestamp_us=22374982 payload_hex=57312d313062207365713d30303434203731666563616438
__RX_FRAME__ idx=45 rssi=-113 snr=1 len=24 timestamp_us=22627987 payload_hex=57312d313062207365713d30303435203962333064636439
__RX_FRAME__ idx=46 rssi=-113 snr=2 len=24 timestamp_us=22886451 payload_hex=57312d313062207365713d30303436206533306336333837
__RX_FRAME__ idx=47 rssi=-115 snr=2 len=24 timestamp_us=23139537 payload_hex=57312d313062207365713d30303437203037666330643733
__RX_FRAME__ idx=48 rssi=-114 snr=2 len=24 timestamp_us=23397919 payload_hex=57312d313062207365713d30303438206634663132643430
__RX_FRAME__ idx=49 rssi=-114 snr=2 len=24 timestamp_us=23650903 payload_hex=57312d313062207365713d30303439203164616337666461
__RX_FRAME__ idx=50 rssi=-114 snr=2 len=24 timestamp_us=23909406 payload_hex=57312d313062207365713d30303530203261333062373131
__RX_FRAME__ idx=51 rssi=-114 snr=2 len=24 timestamp_us=24162868 payload_hex=57312d313062207365713d30303531203461623063663632
__RX_FRAME__ idx=52 rssi=-114 snr=2 len=24 timestamp_us=24421896 payload_hex=57312d313062207365713d30303532203037653332653430
__RX_FRAME__ idx=53 rssi=-114 snr=2 len=24 timestamp_us=24680053 payload_hex=57312d313062207365713d30303533206138626534346531
__RX_FRAME__ idx=54 rssi=-114 snr=2 len=24 timestamp_us=24938403 payload_hex=57312d313062207365713d30303534203033623138376339
__RX_FRAME__ idx=55 rssi=-114 snr=2 len=24 timestamp_us=25191669 payload_hex=57312d313062207365713d30303535203132313031353265
__RX_FRAME__ idx=56 rssi=-114 snr=2 len=24 timestamp_us=25449901 payload_hex=57312d313062207365713d30303536203233646234323135
__RX_FRAME__ idx=57 rssi=-114 snr=1 len=24 timestamp_us=25703236 payload_hex=57312d313062207365713d30303537206234366164636133
__RX_FRAME__ idx=58 rssi=-114 snr=3 len=24 timestamp_us=25961816 payload_hex=57312d313062207365713d30303538203162383433343539
__RX_FRAME__ idx=59 rssi=-113 snr=2 len=24 timestamp_us=26215087 payload_hex=57312d313062207365713d30303539206233346161393838
__RX_FRAME__ idx=60 rssi=-114 snr=2 len=24 timestamp_us=26473997 payload_hex=57312d313062207365713d30303630203039313461366164
__RX_FRAME__ idx=61 rssi=-113 snr=2 len=24 timestamp_us=26724917 payload_hex=57312d313062207365713d30303631203266346130376138
__RX_FRAME__ idx=62 rssi=-114 snr=2 len=24 timestamp_us=26978259 payload_hex=57312d313062207365713d30303632203932313863366430
__RX_FRAME__ idx=63 rssi=-114 snr=3 len=24 timestamp_us=27231915 payload_hex=57312d313062207365713d30303633203033613735366263
__RX_FRAME__ idx=64 rssi=-113 snr=2 len=24 timestamp_us=27490305 payload_hex=57312d313062207365713d30303634203633333530313738
__RX_FRAME__ idx=65 rssi=-113 snr=2 len=24 timestamp_us=27745775 payload_hex=57312d313062207365713d30303635203232346666343962
__RX_FRAME__ idx=66 rssi=-114 snr=2 len=24 timestamp_us=28004666 payload_hex=57312d313062207365713d30303636206435316463613064
__RX_FRAME__ idx=67 rssi=-114 snr=2 len=24 timestamp_us=28255525 payload_hex=57312d313062207365713d30303637206234363139396535
__RX_FRAME__ idx=68 rssi=-114 snr=3 len=24 timestamp_us=28510336 payload_hex=57312d313062207365713d30303638203030613966393233
__RX_FRAME__ idx=69 rssi=-114 snr=2 len=24 timestamp_us=28765677 payload_hex=57312d313062207365713d30303639203437626562333534
__RX_FRAME__ idx=70 rssi=-113 snr=2 len=24 timestamp_us=29023571 payload_hex=57312d313062207365713d30303730203937366532353535
__RX_FRAME__ idx=71 rssi=-114 snr=3 len=24 timestamp_us=29276552 payload_hex=57312d313062207365713d30303731203331656431343631
__RX_FRAME__ idx=72 rssi=-113 snr=2 len=24 timestamp_us=29530015 payload_hex=57312d313062207365713d30303732203237363330393139
__RX_FRAME__ idx=73 rssi=-114 snr=2 len=24 timestamp_us=29783592 payload_hex=57312d313062207365713d30303733203363363030343032
__RX_FRAME__ idx=74 rssi=-114 snr=2 len=24 timestamp_us=30041890 payload_hex=57312d313062207365713d30303734206666373838323631
__RX_FRAME__ idx=75 rssi=-114 snr=2 len=24 timestamp_us=30295002 payload_hex=57312d313062207365713d30303735203634393130343530
__RX_FRAME__ idx=76 rssi=-114 snr=3 len=24 timestamp_us=30550158 payload_hex=57312d313062207365713d30303736206331363035356362
__RX_FRAME__ idx=77 rssi=-114 snr=2 len=24 timestamp_us=30802387 payload_hex=57312d313062207365713d30303737206334363238316439
__RX_FRAME__ idx=78 rssi=-114 snr=1 len=24 timestamp_us=31059701 payload_hex=57312d313062207365713d30303738206539663265646261
__RX_FRAME__ idx=79 rssi=-113 snr=2 len=24 timestamp_us=31317526 payload_hex=57312d313062207365713d30303739206332663066313565
__RX_FRAME__ idx=80 rssi=-114 snr=2 len=24 timestamp_us=31575441 payload_hex=57312d313062207365713d30303830203232616565643736
__RX_FRAME__ idx=81 rssi=-114 snr=2 len=24 timestamp_us=31833902 payload_hex=57312d313062207365713d30303831203832623864316266
__RX_FRAME__ idx=82 rssi=-113 snr=2 len=24 timestamp_us=32091745 payload_hex=57312d313062207365713d30303832206664363066646331
__RX_FRAME__ idx=83 rssi=-114 snr=2 len=24 timestamp_us=32346783 payload_hex=57312d313062207365713d30303833206230346664373933
__RX_FRAME__ idx=84 rssi=-114 snr=2 len=24 timestamp_us=32605128 payload_hex=57312d313062207365713d30303834206336363165383032
__RX_FRAME__ idx=85 rssi=-114 snr=1 len=24 timestamp_us=32863052 payload_hex=57312d313062207365713d30303835206434333465313434
__RX_FRAME__ idx=86 rssi=-113 snr=2 len=24 timestamp_us=33120177 payload_hex=57312d313062207365713d30303836203535636236626334
__RX_FRAME__ idx=87 rssi=-114 snr=2 len=24 timestamp_us=33377905 payload_hex=57312d313062207365713d30303837203762333661393266
__RX_FRAME__ idx=88 rssi=-114 snr=2 len=24 timestamp_us=33636475 payload_hex=57312d313062207365713d30303838206265363566383334
__RX_FRAME__ idx=89 rssi=-114 snr=2 len=24 timestamp_us=33894733 payload_hex=57312d313062207365713d30303839203661393561393730
__RX_FRAME__ idx=90 rssi=-113 snr=3 len=24 timestamp_us=34148036 payload_hex=57312d313062207365713d30303930206166323635623566
__RX_FRAME__ idx=91 rssi=-114 snr=2 len=24 timestamp_us=34405247 payload_hex=57312d313062207365713d30303931203262316537303761
__RX_FRAME__ idx=92 rssi=-113 snr=2 len=24 timestamp_us=34659024 payload_hex=57312d313062207365713d30303932203734613938646438
__RX_FRAME__ idx=93 rssi=-114 snr=2 len=24 timestamp_us=34916579 payload_hex=57312d313062207365713d30303933203663656464663730
__RX_FRAME__ idx=94 rssi=-114 snr=3 len=24 timestamp_us=35168364 payload_hex=57312d313062207365713d30303934206630393237396337
__RX_FRAME__ idx=95 rssi=-114 snr=2 len=24 timestamp_us=35426104 payload_hex=57312d313062207365713d30303935203430333935633865
__RX_FRAME__ idx=96 rssi=-114 snr=2 len=24 timestamp_us=35678222 payload_hex=57312d313062207365713d30303936206134366634366266
__RX_FRAME__ idx=97 rssi=-114 snr=2 len=24 timestamp_us=36189864 payload_hex=57312d313062207365713d30303938206231376538663938
__RX_FRAME__ idx=98 rssi=-114 snr=2 len=24 timestamp_us=36443196 payload_hex=57312d313062207365713d30303939203365363434663936
RX_LISTEN: STATS(after) radio_rx_ok=98 (delta=98) radio_crc_err=0 (delta=0)
__W1_10B_LISTEN_DONE__ rx_frames=98 radio_rx_ok_delta=98 radio_crc_err_delta=0 real_faults=0 invariants_violated=0
__RADIO_SLEEP_ON_EXIT__ (rx_listen) ack=0180 RegOpMode(post)=0x80 (target=0x80)
probe_rc[/dev/ttymxc3][rx_listen]=0

=== DONE: boot=0 probe=0 ===
__BENCH_RADIO_SLEEP_AUDIT__=PASS
