2026-07-25 00:01:19,931 INFO image_rx_daemon: opening L072 HostLink on /dev/ttymxc3 @ 921600

2026-07-25 00:01:19,934 INFO image_rx_daemon: image_rx_daemon started; mqtt=127.0.0.1:1883 uart=/dev/ttymxc3

2026-07-25 00:01:19,940 INFO image_rx_daemon: MQTT connected; ready to publish lifetrac/v25/video/tile_delta

2026-07-25 00:01:19,943 INFO image_rx_daemon: LIFETRAC_SKIP_RESET_REQ=1 ΓÇö relying on external NRST; draining boot chatter only

INFO: post-VER drain queued type=0xF1 seq=0

INFO: post-VER drain queued type=0xC1 seq=0

INFO: post-VER drain queued type=0xF1 seq=0

INFO: post-VER drain queued type=0xC1 seq=0

2026-07-25 00:01:20,390 INFO image_rx_daemon: L072 VER warm-up ok (attempt 1)

Initializing regulatory profile 1 on co-processor...

  FHSS mask: WIDE (50 channels) [LIFETRAC_FHSS_WIDE_MASK=1]

CFG_SET_REQ(FHSS_CHANNEL_MASK) OK: 07000800

CFG_SET_REQ(ANTENNA_GAIN_DBI) OK: 15000100

CFG_SET_REQ(HW_CEILING_DBM) OK: 16000100

CFG_SET_REQ(REG_PROFILE=1) OK: 14000100

PHY contract OK: image_bw250 == {'sf': 7, 'bw_khz': 250, 'cr_den': 5, 'preamble': 8}

2026-07-25 00:01:20,774 INFO image_rx_daemon: SX1276 already in RXCONT (opmode=0x85)

2026-07-25 00:01:20,775 INFO image_rx_daemon: RX worker ready; draining RX_FRAME_URC...

2026-07-25 00:01:20,933 INFO image_rx_daemon: stats: rx_frames=0 rx_decode_err=0 frames_published=0 publish_err=0 reassembler_decode_err=0 reassembler_timeouts=0

2026-07-25 00:01:30,938 INFO image_rx_daemon: stats: rx_frames=0 rx_decode_err=0 frames_published=0 publish_err=0 reassembler_decode_err=0 reassembler_timeouts=0

2026-07-25 00:01:40,942 INFO image_rx_daemon: stats: rx_frames=0 rx_decode_err=0 frames_published=0 publish_err=0 reassembler_decode_err=0 reassembler_timeouts=0

2026-07-25 00:01:50,946 INFO image_rx_daemon: stats: rx_frames=0 rx_decode_err=0 frames_published=0 publish_err=0 reassembler_decode_err=0 reassembler_timeouts=0

2026-07-25 00:01:54,156 INFO image_rx_daemon: published frame_id=0 135 B ΓåÆ lifetrac/v25/video/tile_delta

2026-07-25 00:01:54,291 INFO image_rx_daemon: published frame_id=0 129 B ΓåÆ lifetrac/v25/video/tile_delta

2026-07-25 00:01:54,436 INFO image_rx_daemon: published frame_id=0 131 B ΓåÆ lifetrac/v25/video/tile_delta

2026-07-25 00:02:00,951 INFO image_rx_daemon: stats: rx_frames=3 rx_decode_err=0 frames_published=3 publish_err=0 reassembler_decode_err=0 reassembler_timeouts=0

2026-07-25 00:02:10,954 INFO image_rx_daemon: stats: rx_frames=3 rx_decode_err=0 frames_published=3 publish_err=0 reassembler_decode_err=0 reassembler_timeouts=0

2026-07-25 00:02:20,959 INFO image_rx_daemon: stats: rx_frames=3 rx_decode_err=0 frames_published=3 publish_err=0 reassembler_decode_err=0 reassembler_timeouts=0

2026-07-25 00:02:30,962 INFO image_rx_daemon: stats: rx_frames=3 rx_decode_err=0 frames_published=3 publish_err=0 reassembler_decode_err=0 reassembler_timeouts=0

2026-07-25 00:02:40,967 INFO image_rx_daemon: stats: rx_frames=3 rx_decode_err=0 frames_published=3 publish_err=0 reassembler_decode_err=0 reassembler_timeouts=0

2026-07-25 00:02:50,971 INFO image_rx_daemon: stats: rx_frames=3 rx_decode_err=0 frames_published=3 publish_err=0 reassembler_decode_err=0 reassembler_timeouts=0

