2026-08-02 03:10:14,632 INFO image_rx_daemon: opening L072 HostLink on /dev/ttymxc3 @ 921600

2026-08-02 03:10:14,635 INFO image_rx_daemon: image_rx_daemon started; mqtt=127.0.0.1:1883 uart=/dev/ttymxc3

2026-08-02 03:10:14,636 INFO image_rx_daemon: ctrl MQTT connected (192.168.1.79)

2026-08-02 03:10:14,644 INFO image_rx_daemon: MQTT connected; ready to publish lifetrac/v25/video/tile_delta

2026-08-02 03:10:14,646 INFO image_rx_daemon: LIFETRAC_SKIP_RESET_REQ=1 — relying on external NRST; draining boot chatter only

2026-08-02 03:10:14,663 INFO image_rx_daemon: accepting first retained lifetrac/v25/control/radio_profile pin after start (restart convergence)

2026-08-02 03:10:14,664 INFO image_rx_daemon: accepting first retained lifetrac/v25/control/radio_profile pin after start (restart convergence)

2026-08-02 03:10:15,071 INFO image_rx_daemon: L072 VER warm-up ok (attempt 1)

Initializing regulatory profile 2 on co-processor...

  FHSS mask: single channel 0 (0100000000000000)

CFG_SET_REQ(FHSS_CHANNEL_MASK) OK: 07000800

CFG_SET_REQ(ANTENNA_GAIN_DBI) OK: 15000100

CFG_SET_REQ(HW_CEILING_DBM) OK: 16000100

  FHSS seed: (0,0) legacy shared permutation [set LIFETRAC_FHSS_FARM_ID / LIFETRAC_FHSS_LINK_ID to separate pairs]

CFG_SET_REQ(FHSS_FARM_ID) OK: 17000800

CFG_SET_REQ(FHSS_NODE_ID) OK: 18000800

CFG_SET_REQ(REG_PROFILE=2) OK: 14000100

  forcing FRF -> 915.000 MHz (raw=0xE4C000 -> Msb=0xE4 Mid=0xC0 Lsb=0x00)

  FRF readback: 0xE4C000 = 915.000 MHz (OK)

2026-08-02 03:10:15,518 INFO image_rx_daemon: LBT_ENABLE=0 (command uplink shares the image channel)

PHY contract OK: image_bw500 == {'sf': 7, 'bw_khz': 500, 'cr_den': 5, 'preamble': 8}

2026-08-02 03:10:15,603 INFO image_rx_daemon: SX1276 RXCONT autowake: opmode 0x81 -> 0x85

2026-08-02 03:10:15,603 INFO image_rx_daemon: RX worker ready; draining RX_FRAME_URC...

2026-08-02 03:10:15,634 INFO image_rx_daemon: stats: rx_frames=0 rx_decode_err=0 frames_published=0 publish_err=0 reassembler_decode_err=0 reassembler_timeouts=0 parity_recon=0

RFCO_PERTX during TX wait: profile_id=2 tx_status=0x00(OK) hop_idx=0 channel_idx=0 epoch=0 freq_hz=0 pkt_toa_us=10304 legal_dwell_used_us_10s=0

2026-08-02 03:10:15,892 INFO image_rx_daemon: command TX opcode=0x63 copy=1/1 OK (on air)

RFCO_PERTX during TX wait: profile_id=2 tx_status=0x00(OK) hop_idx=0 channel_idx=0 epoch=0 freq_hz=0 pkt_toa_us=10304 legal_dwell_used_us_10s=0

2026-08-02 03:10:16,447 INFO image_rx_daemon: command TX opcode=0x63 copy=1/1 OK (on air)

RFCO_PERTX during TX wait: profile_id=2 tx_status=0x00(OK) hop_idx=0 channel_idx=0 epoch=0 freq_hz=0 pkt_toa_us=10304 legal_dwell_used_us_10s=0

2026-08-02 03:10:16,988 INFO image_rx_daemon: command TX opcode=0x63 copy=1/1 OK (on air)

RFCO_PERTX during TX wait: profile_id=2 tx_status=0x00(OK) hop_idx=0 channel_idx=0 epoch=0 freq_hz=0 pkt_toa_us=10304 legal_dwell_used_us_10s=0

2026-08-02 03:10:17,541 INFO image_rx_daemon: command TX opcode=0x63 copy=1/1 OK (on air)

RFCO_PERTX during TX wait: profile_id=2 tx_status=0x00(OK) hop_idx=0 channel_idx=0 epoch=0 freq_hz=0 pkt_toa_us=10304 legal_dwell_used_us_10s=0

2026-08-02 03:10:18,093 INFO image_rx_daemon: command TX opcode=0x63 copy=1/1 OK (on air)

RFCO_PERTX during TX wait: profile_id=2 tx_status=0x00(OK) hop_idx=0 channel_idx=0 epoch=0 freq_hz=0 pkt_toa_us=10304 legal_dwell_used_us_10s=0

2026-08-02 03:10:18,650 INFO image_rx_daemon: command TX opcode=0x63 copy=1/1 OK (on air)

RFCO_PERTX during TX wait: profile_id=2 tx_status=0x00(OK) hop_idx=0 channel_idx=0 epoch=0 freq_hz=0 pkt_toa_us=10304 legal_dwell_used_us_10s=0

2026-08-02 03:10:19,186 INFO image_rx_daemon: command TX opcode=0x63 copy=1/1 OK (on air)

RFCO_PERTX during TX wait: profile_id=2 tx_status=0x00(OK) hop_idx=0 channel_idx=0 epoch=0 freq_hz=0 pkt_toa_us=10304 legal_dwell_used_us_10s=0

2026-08-02 03:10:19,726 INFO image_rx_daemon: command TX opcode=0x63 copy=1/1 OK (on air)

RFCO_PERTX during TX wait: profile_id=2 tx_status=0x00(OK) hop_idx=0 channel_idx=0 epoch=0 freq_hz=0 pkt_toa_us=10304 legal_dwell_used_us_10s=0

2026-08-02 03:10:20,271 INFO image_rx_daemon: command TX opcode=0x63 copy=1/1 OK (on air)

RFCO_PERTX during TX wait: profile_id=2 tx_status=0x00(OK) hop_idx=0 channel_idx=0 epoch=0 freq_hz=0 pkt_toa_us=10304 legal_dwell_used_us_10s=0

2026-08-02 03:10:20,817 INFO image_rx_daemon: command TX opcode=0x63 copy=1/1 OK (on air)

RFCO_PERTX during TX wait: profile_id=2 tx_status=0x00(OK) hop_idx=0 channel_idx=0 epoch=0 freq_hz=0 pkt_toa_us=10304 legal_dwell_used_us_10s=0

2026-08-02 03:10:21,376 INFO image_rx_daemon: command TX opcode=0x63 copy=1/1 OK (on air)

RFCO_PERTX during TX wait: profile_id=2 tx_status=0x00(OK) hop_idx=0 channel_idx=0 epoch=0 freq_hz=0 pkt_toa_us=10304 legal_dwell_used_us_10s=0

2026-08-02 03:10:21,919 INFO image_rx_daemon: command TX opcode=0x63 copy=1/1 OK (on air)

RFCO_PERTX during TX wait: profile_id=2 tx_status=0x00(OK) hop_idx=0 channel_idx=0 epoch=0 freq_hz=0 pkt_toa_us=10304 legal_dwell_used_us_10s=0

2026-08-02 03:10:22,461 INFO image_rx_daemon: command TX opcode=0x63 copy=1/1 OK (on air)

RFCO_PERTX during TX wait: profile_id=2 tx_status=0x00(OK) hop_idx=0 channel_idx=0 epoch=0 freq_hz=0 pkt_toa_us=10304 legal_dwell_used_us_10s=0

2026-08-02 03:10:23,009 INFO image_rx_daemon: command TX opcode=0x63 copy=1/1 OK (on air)

RFCO_PERTX during TX wait: profile_id=2 tx_status=0x00(OK) hop_idx=0 channel_idx=0 epoch=0 freq_hz=0 pkt_toa_us=10304 legal_dwell_used_us_10s=0

2026-08-02 03:10:23,563 INFO image_rx_daemon: command TX opcode=0x63 copy=1/1 OK (on air)

RFCO_PERTX during TX wait: profile_id=2 tx_status=0x00(OK) hop_idx=0 channel_idx=0 epoch=0 freq_hz=0 pkt_toa_us=10304 legal_dwell_used_us_10s=0

2026-08-02 03:10:24,106 INFO image_rx_daemon: command TX opcode=0x63 copy=1/1 OK (on air)

RFCO_PERTX during TX wait: profile_id=2 tx_status=0x00(OK) hop_idx=0 channel_idx=0 epoch=0 freq_hz=0 pkt_toa_us=10304 legal_dwell_used_us_10s=0

2026-08-02 03:10:24,654 INFO image_rx_daemon: command TX opcode=0x63 copy=1/1 OK (on air)

2026-08-02 03:10:24,926 WARNING image_rx_daemon: cmd 0x63 GAVE UP after 17 attempts (10.2 s)

2026-08-02 03:10:25,637 INFO image_rx_daemon: stats: rx_frames=0 rx_decode_err=0 frames_published=0 publish_err=0 reassembler_decode_err=0 reassembler_timeouts=0 parity_recon=0

2026-08-02 03:10:32,831 INFO image_rx_daemon: published frame_id=0 2985 B → lifetrac/v25/video/tile_delta

2026-08-02 03:10:34,420 INFO image_rx_daemon: published frame_id=0 2980 B → lifetrac/v25/video/tile_delta

2026-08-02 03:10:35,641 INFO image_rx_daemon: stats: rx_frames=35 rx_decode_err=0 frames_published=2 publish_err=0 reassembler_decode_err=0 reassembler_timeouts=0 parity_recon=0

2026-08-02 03:10:35,642 INFO image_rx_daemon: air_gap: n=34 dt_med=116836us dt_p95=264097us len_med=247B cmd_tx_ok=17 cmd_tx_fail=0

2026-08-02 03:10:35,643 INFO image_rx_daemon: air_gap_hist(ms): <40:2 <120:30 <400:2

2026-08-02 03:10:35,644 INFO image_rx_daemon: phase_telemetry: valid=35 invalid=0 pre_f8=0 last_epoch=0 last_hop=0 slot_off=[0..0]

2026-08-02 03:10:35,645 INFO image_rx_daemon: air_gap_by_class: seq: n=32 med=116.8ms | boundary: n=2 med=264.5ms

2026-08-02 03:10:36,008 INFO image_rx_daemon: published frame_id=0 2983 B → lifetrac/v25/video/tile_delta

2026-08-02 03:10:39,075 INFO image_rx_daemon: published frame_id=0 2975 B → lifetrac/v25/video/tile_delta

2026-08-02 03:10:40,671 INFO image_rx_daemon: published frame_id=0 2985 B → lifetrac/v25/video/tile_delta

2026-08-02 03:10:43,735 INFO image_rx_daemon: published frame_id=0 2985 B → lifetrac/v25/video/tile_delta

2026-08-02 03:10:45,651 INFO image_rx_daemon: stats: rx_frames=114 rx_decode_err=0 frames_published=6 publish_err=0 reassembler_decode_err=0 reassembler_timeouts=2 parity_recon=0

2026-08-02 03:10:45,654 INFO image_rx_daemon: air_gap: n=79 dt_med=116853us dt_p95=264082us len_med=247B cmd_tx_ok=17 cmd_tx_fail=0

2026-08-02 03:10:45,656 INFO image_rx_daemon: air_gap_hist(ms): <20:1 <40:5 <120:63 <200:2 <400:8

2026-08-02 03:10:45,657 INFO image_rx_daemon: phase_telemetry: valid=79 invalid=0 pre_f8=0 last_epoch=0 last_hop=0 slot_off=[0..0]

2026-08-02 03:10:45,658 INFO image_rx_daemon: air_gap_by_class: seq: n=69 med=116.8ms | boundary: n=7 med=264.1ms | post_loss: n=3 med=233.5ms

2026-08-02 03:10:45,659 INFO image_rx_daemon: lost_frag_idx: n=3 idx0=0 (0.00% of idx0 arrivals) other=3 (2.80%) verdict=not-clustered | top 8:1 3:1 2:1

2026-08-02 03:10:46,915 INFO image_rx_daemon: published frame_id=0 2991 B → lifetrac/v25/video/tile_delta

2026-08-02 03:10:48,476 INFO image_rx_daemon: published frame_id=0 2923 B → lifetrac/v25/video/tile_delta

2026-08-02 03:10:49,977 INFO image_rx_daemon: published frame_id=0 2992 B → lifetrac/v25/video/tile_delta

2026-08-02 03:10:53,040 INFO image_rx_daemon: published frame_id=0 2983 B → lifetrac/v25/video/tile_delta

2026-08-02 03:10:55,664 INFO image_rx_daemon: stats: rx_frames=195 rx_decode_err=0 frames_published=10 publish_err=0 reassembler_decode_err=0 reassembler_timeouts=4 parity_recon=0

2026-08-02 03:10:55,666 INFO image_rx_daemon: air_gap: n=81 dt_med=116869us dt_p95=234039us len_med=247B cmd_tx_ok=17 cmd_tx_fail=0

2026-08-02 03:10:55,668 INFO image_rx_daemon: air_gap_hist(ms): <20:1 <40:1 <80:2 <120:70 <200:2 <400:5

2026-08-02 03:10:55,669 INFO image_rx_daemon: phase_telemetry: valid=81 invalid=0 pre_f8=0 last_epoch=0 last_hop=0 slot_off=[0..0]

2026-08-02 03:10:55,670 INFO image_rx_daemon: air_gap_by_class: seq: n=74 med=116.8ms | boundary: n=6 med=261.4ms | post_loss: n=1 med=234.0ms

2026-08-02 03:10:55,671 INFO image_rx_daemon: lost_frag_idx: n=2 idx0=0 (0.00% of idx0 arrivals) other=2 (2.60%) verdict=not-clustered | top 8:1 11:1

2026-08-02 03:10:56,074 INFO image_rx_daemon: published frame_id=0 2934 B → lifetrac/v25/video/tile_delta

2026-08-02 03:10:57,551 INFO image_rx_daemon: published frame_id=0 2953 B → lifetrac/v25/video/tile_delta

2026-08-02 03:11:00,506 INFO image_rx_daemon: published frame_id=0 2953 B → lifetrac/v25/video/tile_delta

2026-08-02 03:11:01,988 INFO image_rx_daemon: published frame_id=0 2991 B → lifetrac/v25/video/tile_delta

2026-08-02 03:11:03,580 INFO image_rx_daemon: published frame_id=0 2993 B → lifetrac/v25/video/tile_delta

2026-08-02 03:11:05,684 INFO image_rx_daemon: stats: rx_frames=277 rx_decode_err=0 frames_published=15 publish_err=0 reassembler_decode_err=0 reassembler_timeouts=6 parity_recon=0

2026-08-02 03:11:05,687 INFO image_rx_daemon: air_gap: n=83 dt_med=116828us dt_p95=165516us len_med=247B cmd_tx_ok=17 cmd_tx_fail=0

2026-08-02 03:11:05,688 INFO image_rx_daemon: air_gap_hist(ms): <40:4 <80:2 <120:69 <200:4 <400:3 <1000:1

2026-08-02 03:11:05,688 INFO image_rx_daemon: phase_telemetry: valid=83 invalid=0 pre_f8=0 last_epoch=0 last_hop=0 slot_off=[0..0]

2026-08-02 03:11:05,689 INFO image_rx_daemon: air_gap_by_class: seq: n=75 med=116.8ms | boundary: n=6 med=165.5ms | post_loss: n=2 med=420.3ms

2026-08-02 03:11:05,689 INFO image_rx_daemon: lost_frag_idx: n=3 idx0=1 (14.29% of idx0 arrivals) other=2 (2.53%) verdict=CLUSTERED-AT-0 | top 4:1 11:1 0:1

2026-08-02 03:11:08,126 INFO image_rx_daemon: published frame_id=0 2985 B → lifetrac/v25/video/tile_delta

2026-08-02 03:11:09,703 INFO image_rx_daemon: published frame_id=0 2975 B → lifetrac/v25/video/tile_delta

2026-08-02 03:11:11,305 INFO image_rx_daemon: published frame_id=0 2986 B → lifetrac/v25/video/tile_delta

2026-08-02 03:11:14,458 INFO image_rx_daemon: published frame_id=0 2919 B → lifetrac/v25/video/tile_delta

2026-08-02 03:11:15,697 INFO image_rx_daemon: stats: rx_frames=360 rx_decode_err=0 frames_published=19 publish_err=0 reassembler_decode_err=0 reassembler_timeouts=9 parity_recon=0

2026-08-02 03:11:15,698 INFO image_rx_daemon: air_gap: n=82 dt_med=116827us dt_p95=233453us len_med=247B cmd_tx_ok=17 cmd_tx_fail=0

2026-08-02 03:11:15,699 INFO image_rx_daemon: air_gap_hist(ms): <20:1 <40:4 <120:70 <200:2 <400:5

2026-08-02 03:11:15,699 INFO image_rx_daemon: phase_telemetry: valid=82 invalid=0 pre_f8=0 last_epoch=0 last_hop=0 slot_off=[0..0]

2026-08-02 03:11:15,699 INFO image_rx_daemon: air_gap_by_class: seq: n=75 med=116.8ms | boundary: n=6 med=264.3ms | post_loss: n=1 med=233.5ms

2026-08-02 03:11:15,700 INFO image_rx_daemon: lost_frag_idx: n=1 idx0=0 (0.00% of idx0 arrivals) other=1 (1.30%) verdict=not-clustered | top 6:1

2026-08-02 03:11:15,908 INFO image_rx_daemon: published frame_id=0 2892 B → lifetrac/v25/video/tile_delta

2026-08-02 03:11:18,887 INFO image_rx_daemon: published frame_id=0 2951 B → lifetrac/v25/video/tile_delta

2026-08-02 03:11:21,860 INFO image_rx_daemon: published frame_id=0 2992 B → lifetrac/v25/video/tile_delta

2026-08-02 03:11:23,415 INFO image_rx_daemon: published frame_id=0 2910 B → lifetrac/v25/video/tile_delta

2026-08-02 03:11:24,920 INFO image_rx_daemon: published frame_id=0 2983 B → lifetrac/v25/video/tile_delta

2026-08-02 03:11:25,714 INFO image_rx_daemon: stats: rx_frames=442 rx_decode_err=0 frames_published=24 publish_err=0 reassembler_decode_err=0 reassembler_timeouts=11 parity_recon=0

2026-08-02 03:11:25,715 INFO image_rx_daemon: air_gap: n=82 dt_med=116870us dt_p95=204936us len_med=247B cmd_tx_ok=17 cmd_tx_fail=0

2026-08-02 03:11:25,718 INFO image_rx_daemon: air_gap_hist(ms): <20:1 <40:3 <80:1 <120:68 <200:4 <400:5

2026-08-02 03:11:25,718 INFO image_rx_daemon: phase_telemetry: valid=82 invalid=0 pre_f8=0 last_epoch=0 last_hop=0 slot_off=[0..0]

2026-08-02 03:11:25,719 INFO image_rx_daemon: air_gap_by_class: seq: n=73 med=116.9ms | boundary: n=7 med=192.9ms | post_loss: n=2 med=233.7ms

2026-08-02 03:11:25,720 INFO image_rx_daemon: lost_frag_idx: n=2 idx0=0 (0.00% of idx0 arrivals) other=2 (2.60%) verdict=not-clustered | top 7:1 2:1

2026-08-02 03:11:27,949 INFO image_rx_daemon: published frame_id=0 2934 B → lifetrac/v25/video/tile_delta

2026-08-02 03:11:29,440 INFO image_rx_daemon: published frame_id=0 2953 B → lifetrac/v25/video/tile_delta

2026-08-02 03:11:30,907 INFO image_rx_daemon: published frame_id=0 2949 B → lifetrac/v25/video/tile_delta

2026-08-02 03:11:35,477 INFO image_rx_daemon: published frame_id=0 2993 B → lifetrac/v25/video/tile_delta

2026-08-02 03:11:35,739 INFO image_rx_daemon: stats: rx_frames=522 rx_decode_err=0 frames_published=28 publish_err=0 reassembler_decode_err=0 reassembler_timeouts=14 parity_recon=0

2026-08-02 03:11:35,740 INFO image_rx_daemon: air_gap: n=81 dt_med=116846us dt_p95=233755us len_med=247B cmd_tx_ok=17 cmd_tx_fail=0

2026-08-02 03:11:35,742 INFO image_rx_daemon: air_gap_hist(ms): <40:4 <80:1 <120:66 <200:5 <400:4 <1000:1

2026-08-02 03:11:35,743 INFO image_rx_daemon: phase_telemetry: valid=81 invalid=0 pre_f8=0 last_epoch=0 last_hop=0 slot_off=[0..0]

2026-08-02 03:11:35,744 INFO image_rx_daemon: air_gap_by_class: seq: n=71 med=116.8ms | boundary: n=7 med=165.5ms | post_loss: n=3 med=233.8ms

2026-08-02 03:11:35,746 INFO image_rx_daemon: lost_frag_idx: n=5 idx0=0 (0.00% of idx0 arrivals) other=5 (6.33%) verdict=not-clustered | top 11:2 6:2 10:1

2026-08-02 03:11:38,504 INFO image_rx_daemon: published frame_id=0 2915 B → lifetrac/v25/video/tile_delta

2026-08-02 03:11:40,000 INFO image_rx_daemon: published frame_id=0 2985 B → lifetrac/v25/video/tile_delta

2026-08-02 03:11:43,184 INFO image_rx_daemon: published frame_id=0 2986 B → lifetrac/v25/video/tile_delta

2026-08-02 03:11:44,780 INFO image_rx_daemon: published frame_id=0 2985 B → lifetrac/v25/video/tile_delta

2026-08-02 03:11:45,753 INFO image_rx_daemon: stats: rx_frames=603 rx_decode_err=0 frames_published=32 publish_err=0 reassembler_decode_err=0 reassembler_timeouts=16 parity_recon=0

2026-08-02 03:11:45,753 INFO image_rx_daemon: air_gap: n=80 dt_med=116854us dt_p95=264297us len_med=247B cmd_tx_ok=17 cmd_tx_fail=0

2026-08-02 03:11:45,754 INFO image_rx_daemon: air_gap_hist(ms): <40:4 <120:69 <200:1 <400:6

2026-08-02 03:11:45,754 INFO image_rx_daemon: phase_telemetry: valid=80 invalid=0 pre_f8=0 last_epoch=0 last_hop=0 slot_off=[0..0]

2026-08-02 03:11:45,755 INFO image_rx_daemon: air_gap_by_class: seq: n=73 med=116.8ms | boundary: n=6 med=265.0ms | post_loss: n=1 med=233.7ms

2026-08-02 03:11:45,755 INFO image_rx_daemon: lost_frag_idx: n=2 idx0=0 (0.00% of idx0 arrivals) other=2 (2.63%) verdict=not-clustered | top 11:1 4:1

2026-08-02 03:11:46,336 INFO image_rx_daemon: published frame_id=0 2919 B → lifetrac/v25/video/tile_delta

2026-08-02 03:11:50,877 INFO image_rx_daemon: published frame_id=0 2951 B → lifetrac/v25/video/tile_delta

2026-08-02 03:11:52,352 INFO image_rx_daemon: published frame_id=0 2923 B → lifetrac/v25/video/tile_delta

2026-08-02 03:11:53,853 INFO image_rx_daemon: published frame_id=0 2992 B → lifetrac/v25/video/tile_delta

2026-08-02 03:11:55,768 INFO image_rx_daemon: stats: rx_frames=684 rx_decode_err=0 frames_published=36 publish_err=0 reassembler_decode_err=0 reassembler_timeouts=18 parity_recon=0

2026-08-02 03:11:55,769 INFO image_rx_daemon: air_gap: n=81 dt_med=116862us dt_p95=233482us len_med=247B cmd_tx_ok=17 cmd_tx_fail=0

2026-08-02 03:11:55,770 INFO image_rx_daemon: air_gap_hist(ms): <20:2 <40:3 <80:1 <120:65 <200:5 <400:5

2026-08-02 03:11:55,770 INFO image_rx_daemon: phase_telemetry: valid=81 invalid=0 pre_f8=0 last_epoch=0 last_hop=0 slot_off=[0..0]

2026-08-02 03:11:55,771 INFO image_rx_daemon: air_gap_by_class: seq: n=71 med=116.8ms | boundary: n=7 med=172.1ms | post_loss: n=3 med=233.7ms

2026-08-02 03:11:55,771 INFO image_rx_daemon: lost_frag_idx: n=3 idx0=0 (0.00% of idx0 arrivals) other=3 (3.90%) verdict=not-clustered | top 9:2 2:1

2026-08-02 03:11:59,944 INFO image_rx_daemon: published frame_id=0 2934 B → lifetrac/v25/video/tile_delta

2026-08-02 03:12:01,435 INFO image_rx_daemon: published frame_id=0 2953 B → lifetrac/v25/video/tile_delta

2026-08-02 03:12:04,383 INFO image_rx_daemon: published frame_id=0 2953 B → lifetrac/v25/video/tile_delta

2026-08-02 03:12:05,787 INFO image_rx_daemon: stats: rx_frames=768 rx_decode_err=0 frames_published=39 publish_err=0 reassembler_decode_err=0 reassembler_timeouts=22 parity_recon=0

2026-08-02 03:12:05,790 INFO image_rx_daemon: air_gap: n=84 dt_med=116886us dt_p95=165367us len_med=247B cmd_tx_ok=17 cmd_tx_fail=0

2026-08-02 03:12:05,791 INFO image_rx_daemon: air_gap_hist(ms): <40:5 <120:71 <200:4 <400:4

2026-08-02 03:12:05,792 INFO image_rx_daemon: phase_telemetry: valid=84 invalid=0 pre_f8=0 last_epoch=0 last_hop=0 slot_off=[0..0]

2026-08-02 03:12:05,793 INFO image_rx_daemon: air_gap_by_class: seq: n=76 med=116.8ms | boundary: n=6 med=165.4ms | post_loss: n=2 med=233.7ms

2026-08-02 03:12:05,794 INFO image_rx_daemon: lost_frag_idx: n=3 idx0=0 (0.00% of idx0 arrivals) other=3 (3.70%) verdict=not-clustered | top 1:1 11:1 5:1

2026-08-02 03:12:05,872 INFO image_rx_daemon: published frame_id=0 2991 B → lifetrac/v25/video/tile_delta

2026-08-02 03:12:07,455 INFO image_rx_daemon: published frame_id=0 2993 B → lifetrac/v25/video/tile_delta

2026-08-02 03:12:12,004 INFO image_rx_daemon: published frame_id=0 2985 B → lifetrac/v25/video/tile_delta

2026-08-02 03:12:13,587 INFO image_rx_daemon: published frame_id=0 2975 B → lifetrac/v25/video/tile_delta

2026-08-02 03:12:15,172 INFO image_rx_daemon: published frame_id=0 2986 B → lifetrac/v25/video/tile_delta

2026-08-02 03:12:15,806 INFO image_rx_daemon: stats: rx_frames=848 rx_decode_err=0 frames_published=44 publish_err=0 reassembler_decode_err=0 reassembler_timeouts=24 parity_recon=0

2026-08-02 03:12:15,806 INFO image_rx_daemon: air_gap: n=80 dt_med=116863us dt_p95=263974us len_med=247B cmd_tx_ok=17 cmd_tx_fail=0

2026-08-02 03:12:15,807 INFO image_rx_daemon: air_gap_hist(ms): <40:3 <80:2 <120:68 <200:1 <400:5 <1000:1

2026-08-02 03:12:15,808 INFO image_rx_daemon: phase_telemetry: valid=80 invalid=0 pre_f8=0 last_epoch=0 last_hop=0 slot_off=[0..0]

2026-08-02 03:12:15,808 INFO image_rx_daemon: air_gap_by_class: seq: n=73 med=116.8ms | boundary: n=6 med=264.0ms | post_loss: n=1 med=420.3ms

2026-08-02 03:12:15,808 INFO image_rx_daemon: lost_frag_idx: n=2 idx0=1 (14.29% of idx0 arrivals) other=1 (1.33%) verdict=CLUSTERED-AT-0 | top 11:1 0:1

2026-08-02 03:12:19,829 INFO image_rx_daemon: published frame_id=0 2985 B → lifetrac/v25/video/tile_delta

2026-08-02 03:12:21,407 INFO image_rx_daemon: published frame_id=0 2959 B → lifetrac/v25/video/tile_delta

2026-08-02 03:12:22,871 INFO image_rx_daemon: published frame_id=0 2951 B → lifetrac/v25/video/tile_delta

2026-08-02 03:12:25,817 INFO image_rx_daemon: stats: rx_frames=930 rx_decode_err=0 frames_published=47 publish_err=0 reassembler_decode_err=0 reassembler_timeouts=26 parity_recon=0

2026-08-02 03:12:25,817 INFO image_rx_daemon: air_gap: n=82 dt_med=116905us dt_p95=233412us len_med=247B cmd_tx_ok=17 cmd_tx_fail=0

2026-08-02 03:12:25,818 INFO image_rx_daemon: air_gap_hist(ms): <20:2 <40:4 <120:67 <200:4 <400:5

2026-08-02 03:12:25,818 INFO image_rx_daemon: phase_telemetry: valid=82 invalid=0 pre_f8=0 last_epoch=0 last_hop=0 slot_off=[0..0]

2026-08-02 03:12:25,819 INFO image_rx_daemon: air_gap_by_class: seq: n=73 med=116.9ms | boundary: n=6 med=172.0ms | post_loss: n=3 med=233.9ms

2026-08-02 03:12:25,819 INFO image_rx_daemon: lost_frag_idx: n=4 idx0=0 (0.00% of idx0 arrivals) other=4 (5.00%) verdict=not-clustered | top 2:2 6:1 3:1

2026-08-02 03:12:25,852 INFO image_rx_daemon: published frame_id=0 2992 B → lifetrac/v25/video/tile_delta

2026-08-02 03:12:27,408 INFO image_rx_daemon: published frame_id=0 2910 B → lifetrac/v25/video/tile_delta

2026-08-02 03:12:28,902 INFO image_rx_daemon: published frame_id=0 2983 B → lifetrac/v25/video/tile_delta

2026-08-02 03:12:31,941 INFO image_rx_daemon: published frame_id=0 2934 B → lifetrac/v25/video/tile_delta

2026-08-02 03:12:33,430 INFO image_rx_daemon: published frame_id=0 2953 B → lifetrac/v25/video/tile_delta

2026-08-02 03:12:34,896 INFO image_rx_daemon: published frame_id=0 2949 B → lifetrac/v25/video/tile_delta

2026-08-02 03:12:35,840 INFO image_rx_daemon: stats: rx_frames=1012 rx_decode_err=0 frames_published=53 publish_err=0 reassembler_decode_err=0 reassembler_timeouts=28 parity_recon=0

2026-08-02 03:12:35,842 INFO image_rx_daemon: air_gap: n=82 dt_med=116890us dt_p95=193671us len_med=247B cmd_tx_ok=17 cmd_tx_fail=0

2026-08-02 03:12:35,845 INFO image_rx_daemon: air_gap_hist(ms): <40:4 <80:1 <120:69 <200:4 <400:4

2026-08-02 03:12:35,846 INFO image_rx_daemon: phase_telemetry: valid=82 invalid=0 pre_f8=0 last_epoch=0 last_hop=0 slot_off=[0..0]

2026-08-02 03:12:35,846 INFO image_rx_daemon: air_gap_by_class: seq: n=74 med=116.9ms | boundary: n=7 med=193.7ms | post_loss: n=1 med=233.7ms

2026-08-02 03:12:35,847 INFO image_rx_daemon: lost_frag_idx: n=2 idx0=0 (0.00% of idx0 arrivals) other=2 (2.60%) verdict=not-clustered | top 9:1 11:1

2026-08-02 03:12:36,379 INFO image_rx_daemon: published frame_id=0 2953 B → lifetrac/v25/video/tile_delta

2026-08-02 03:12:39,461 INFO image_rx_daemon: published frame_id=0 2993 B → lifetrac/v25/video/tile_delta

2026-08-02 03:12:42,492 INFO image_rx_daemon: published frame_id=0 2915 B → lifetrac/v25/video/tile_delta

2026-08-02 03:12:43,996 INFO image_rx_daemon: published frame_id=0 2985 B → lifetrac/v25/video/tile_delta

2026-08-02 03:12:45,859 INFO image_rx_daemon: stats: rx_frames=1090 rx_decode_err=0 frames_published=57 publish_err=0 reassembler_decode_err=0 reassembler_timeouts=30 parity_recon=0

2026-08-02 03:12:45,860 INFO image_rx_daemon: air_gap: n=79 dt_med=116864us dt_p95=261601us len_med=247B cmd_tx_ok=17 cmd_tx_fail=0

2026-08-02 03:12:45,861 INFO image_rx_daemon: air_gap_hist(ms): <40:3 <80:2 <120:65 <200:2 <400:7

2026-08-02 03:12:45,861 INFO image_rx_daemon: phase_telemetry: valid=79 invalid=0 pre_f8=0 last_epoch=0 last_hop=0 slot_off=[0..0]

2026-08-02 03:12:45,862 INFO image_rx_daemon: air_gap_by_class: seq: n=70 med=116.9ms | boundary: n=6 med=261.6ms | post_loss: n=3 med=233.8ms

2026-08-02 03:12:45,862 INFO image_rx_daemon: lost_frag_idx: n=4 idx0=1 (14.29% of idx0 arrivals) other=3 (3.95%) verdict=CLUSTERED-AT-0 | top 6:1 8:1 11:1 0:1

2026-08-02 03:12:47,169 INFO image_rx_daemon: published frame_id=0 2986 B → lifetrac/v25/video/tile_delta

2026-08-02 03:12:48,766 INFO image_rx_daemon: published frame_id=0 2985 B → lifetrac/v25/video/tile_delta

2026-08-02 03:12:50,335 INFO image_rx_daemon: published frame_id=0 2919 B → lifetrac/v25/video/tile_delta

2026-08-02 03:12:54,867 INFO image_rx_daemon: published frame_id=0 2951 B → lifetrac/v25/video/tile_delta

2026-08-02 03:12:55,871 INFO image_rx_daemon: stats: rx_frames=1174 rx_decode_err=0 frames_published=61 publish_err=0 reassembler_decode_err=0 reassembler_timeouts=33 parity_recon=0

2026-08-02 03:12:55,871 INFO image_rx_daemon: air_gap: n=83 dt_med=116804us dt_p95=233585us len_med=247B cmd_tx_ok=17 cmd_tx_fail=0

2026-08-02 03:12:55,872 INFO image_rx_daemon: air_gap_hist(ms): <20:1 <40:4 <80:1 <120:69 <200:3 <400:5

2026-08-02 03:12:55,872 INFO image_rx_daemon: phase_telemetry: valid=83 invalid=0 pre_f8=0 last_epoch=0 last_hop=0 slot_off=[0..0]

2026-08-02 03:12:55,873 INFO image_rx_daemon: air_gap_by_class: seq: n=74 med=116.8ms | boundary: n=6 med=263.4ms | post_loss: n=2 med=233.6ms

2026-08-02 03:12:55,873 INFO image_rx_daemon: lost_frag_idx: n=2 idx0=0 (0.00% of idx0 arrivals) other=2 (2.53%) verdict=not-clustered | top 6:1 8:1

2026-08-02 03:12:55,874 INFO image_rx_daemon: frag_reordered: 1 late out-of-order arrivals had a provisional loss retracted (in-order assumption violated — see RS-11.4)

2026-08-02 03:12:56,340 INFO image_rx_daemon: published frame_id=0 2923 B → lifetrac/v25/video/tile_delta

2026-08-02 03:12:57,849 INFO image_rx_daemon: published frame_id=0 2992 B → lifetrac/v25/video/tile_delta

2026-08-02 03:13:05,423 INFO image_rx_daemon: published frame_id=0 2953 B → lifetrac/v25/video/tile_delta

2026-08-02 03:13:05,884 INFO image_rx_daemon: stats: rx_frames=1253 rx_decode_err=0 frames_published=64 publish_err=0 reassembler_decode_err=0 reassembler_timeouts=37 parity_recon=0

2026-08-02 03:13:05,886 INFO image_rx_daemon: air_gap: n=79 dt_med=116845us dt_p95=261556us len_med=247B cmd_tx_ok=17 cmd_tx_fail=0

2026-08-02 03:13:05,888 INFO image_rx_daemon: air_gap_hist(ms): <20:1 <40:3 <80:1 <120:64 <200:3 <400:7

2026-08-02 03:13:05,889 INFO image_rx_daemon: phase_telemetry: valid=79 invalid=0 pre_f8=0 last_epoch=0 last_hop=0 slot_off=[0..0]

2026-08-02 03:13:05,890 INFO image_rx_daemon: air_gap_by_class: seq: n=68 med=116.8ms | boundary: n=6 med=261.6ms | post_loss: n=4 med=233.7ms

2026-08-02 03:13:05,891 INFO image_rx_daemon: lost_frag_idx: n=5 idx0=1 (14.29% of idx0 arrivals) other=4 (5.19%) verdict=CLUSTERED-AT-0 | top 3:2 2:1 11:1 0:1

2026-08-02 03:13:05,892 INFO image_rx_daemon: frag_reordered: 1 late out-of-order arrivals had a provisional loss retracted (in-order assumption violated — see RS-11.4)

2026-08-02 03:13:08,372 INFO image_rx_daemon: published frame_id=0 2953 B → lifetrac/v25/video/tile_delta

2026-08-02 03:13:09,864 INFO image_rx_daemon: published frame_id=0 2991 B → lifetrac/v25/video/tile_delta

2026-08-02 03:13:11,462 INFO image_rx_daemon: published frame_id=0 2993 B → lifetrac/v25/video/tile_delta

2026-08-02 03:13:14,488 INFO image_rx_daemon: published frame_id=0 2915 B → lifetrac/v25/video/tile_delta

2026-08-02 03:13:15,907 INFO image_rx_daemon: stats: rx_frames=1334 rx_decode_err=0 frames_published=68 publish_err=0 reassembler_decode_err=0 reassembler_timeouts=39 parity_recon=0

2026-08-02 03:13:15,909 INFO image_rx_daemon: air_gap: n=81 dt_med=116865us dt_p95=233693us len_med=247B cmd_tx_ok=17 cmd_tx_fail=0

2026-08-02 03:13:15,913 INFO image_rx_daemon: air_gap_hist(ms): <40:2 <80:2 <120:69 <200:3 <400:5

2026-08-02 03:13:15,915 INFO image_rx_daemon: phase_telemetry: valid=81 invalid=0 pre_f8=0 last_epoch=0 last_hop=0 slot_off=[0..0]

2026-08-02 03:13:15,916 INFO image_rx_daemon: air_gap_by_class: seq: n=72 med=116.9ms | boundary: n=6 med=261.5ms | post_loss: n=2 med=233.8ms

2026-08-02 03:13:15,917 INFO image_rx_daemon: lost_frag_idx: n=3 idx0=0 (0.00% of idx0 arrivals) other=3 (3.85%) verdict=not-clustered | top 2:1 5:1 11:1

2026-08-02 03:13:15,917 INFO image_rx_daemon: frag_reordered: 1 late out-of-order arrivals had a provisional loss retracted (in-order assumption violated — see RS-11.4)

2026-08-02 03:13:15,997 INFO image_rx_daemon: published frame_id=0 2985 B → lifetrac/v25/video/tile_delta

2026-08-02 03:13:17,581 INFO image_rx_daemon: published frame_id=0 2975 B → lifetrac/v25/video/tile_delta

2026-08-02 03:13:19,171 INFO image_rx_daemon: published frame_id=0 2986 B → lifetrac/v25/video/tile_delta

2026-08-02 03:13:22,322 INFO image_rx_daemon: published frame_id=0 2919 B → lifetrac/v25/video/tile_delta

2026-08-02 03:13:23,828 INFO image_rx_daemon: published frame_id=0 2985 B → lifetrac/v25/video/tile_delta

2026-08-02 03:13:25,393 INFO image_rx_daemon: published frame_id=0 2959 B → lifetrac/v25/video/tile_delta

2026-08-02 03:13:25,920 INFO image_rx_daemon: stats: rx_frames=1417 rx_decode_err=0 frames_published=74 publish_err=0 reassembler_decode_err=0 reassembler_timeouts=40 parity_recon=0

2026-08-02 03:13:25,921 INFO image_rx_daemon: air_gap: n=83 dt_med=116874us dt_p95=263978us len_med=247B cmd_tx_ok=17 cmd_tx_fail=0

2026-08-02 03:13:25,921 INFO image_rx_daemon: air_gap_hist(ms): <20:1 <40:6 <120:68 <200:2 <400:6

2026-08-02 03:13:25,922 INFO image_rx_daemon: phase_telemetry: valid=83 invalid=0 pre_f8=0 last_epoch=0 last_hop=0 slot_off=[0..0]

2026-08-02 03:13:25,922 INFO image_rx_daemon: air_gap_by_class: seq: n=74 med=116.9ms | boundary: n=7 med=264.2ms | post_loss: n=1 med=233.9ms

2026-08-02 03:13:26,874 INFO image_rx_daemon: published frame_id=0 2951 B → lifetrac/v25/video/tile_delta

2026-08-02 03:13:29,836 INFO image_rx_daemon: published frame_id=0 2992 B → lifetrac/v25/video/tile_delta

2026-08-02 03:13:31,399 INFO image_rx_daemon: published frame_id=0 2910 B → lifetrac/v25/video/tile_delta

2026-08-02 03:13:32,905 INFO image_rx_daemon: published frame_id=0 2983 B → lifetrac/v25/video/tile_delta

2026-08-02 03:13:35,932 INFO image_rx_daemon: stats: rx_frames=1499 rx_decode_err=0 frames_published=78 publish_err=0 reassembler_decode_err=0 reassembler_timeouts=42 parity_recon=0

2026-08-02 03:13:35,933 INFO image_rx_daemon: air_gap: n=82 dt_med=116877us dt_p95=233514us len_med=247B cmd_tx_ok=17 cmd_tx_fail=0

2026-08-02 03:13:35,933 INFO image_rx_daemon: air_gap_hist(ms): <20:1 <40:3 <80:1 <120:69 <200:3 <400:5

2026-08-02 03:13:35,934 INFO image_rx_daemon: phase_telemetry: valid=82 invalid=0 pre_f8=0 last_epoch=0 last_hop=0 slot_off=[0..0]

2026-08-02 03:13:35,935 INFO image_rx_daemon: air_gap_by_class: seq: n=74 med=116.9ms | boundary: n=6 med=261.4ms | post_loss: n=1 med=233.5ms

2026-08-02 03:13:35,934 INFO image_rx_daemon: published frame_id=0 2934 B → lifetrac/v25/video/tile_delta

2026-08-02 03:13:35,935 INFO image_rx_daemon: lost_frag_idx: n=2 idx0=0 (0.00% of idx0 arrivals) other=2 (1.30%) verdict=not-clustered | top 8:1 11:1

2026-08-02 03:13:35,936 INFO image_rx_daemon: frag_reordered: 2 late out-of-order arrivals had a provisional loss retracted (in-order assumption violated — see RS-11.4)

2026-08-02 03:13:37,419 INFO image_rx_daemon: published frame_id=0 2953 B → lifetrac/v25/video/tile_delta

2026-08-02 03:13:38,883 INFO image_rx_daemon: published frame_id=0 2949 B → lifetrac/v25/video/tile_delta

2026-08-02 03:13:40,371 INFO image_rx_daemon: published frame_id=0 2953 B → lifetrac/v25/video/tile_delta

2026-08-02 03:13:41,859 INFO image_rx_daemon: published frame_id=0 2991 B → lifetrac/v25/video/tile_delta

2026-08-02 03:13:43,449 INFO image_rx_daemon: published frame_id=0 2993 B → lifetrac/v25/video/tile_delta

2026-08-02 03:13:45,954 INFO image_rx_daemon: stats: rx_frames=1582 rx_decode_err=0 frames_published=84 publish_err=0 reassembler_decode_err=0 reassembler_timeouts=42 parity_recon=0

2026-08-02 03:13:45,959 INFO image_rx_daemon: air_gap: n=83 dt_med=116867us dt_p95=160020us len_med=247B cmd_tx_ok=17 cmd_tx_fail=0

2026-08-02 03:13:45,965 INFO image_rx_daemon: air_gap_hist(ms): <40:3 <80:2 <120:71 <200:4 <400:3

2026-08-02 03:13:45,965 INFO image_rx_daemon: phase_telemetry: valid=83 invalid=0 pre_f8=0 last_epoch=0 last_hop=0 slot_off=[0..0]

2026-08-02 03:13:45,966 INFO image_rx_daemon: air_gap_by_class: seq: n=73 med=116.8ms | boundary: n=7 med=165.6ms

2026-08-02 03:13:45,967 INFO image_rx_daemon: lost_frag_idx: n=1 idx0=0 (0.00% of idx0 arrivals) other=1 (1.30%) verdict=not-clustered | top 11:1

2026-08-02 03:13:45,967 INFO image_rx_daemon: frag_reordered: 3 late out-of-order arrivals had a provisional loss retracted (in-order assumption violated — see RS-11.4)

2026-08-02 03:13:46,487 INFO image_rx_daemon: published frame_id=0 2915 B → lifetrac/v25/video/tile_delta

2026-08-02 03:13:47,992 INFO image_rx_daemon: published frame_id=0 2985 B → lifetrac/v25/video/tile_delta

2026-08-02 03:13:49,562 INFO image_rx_daemon: published frame_id=0 2975 B → lifetrac/v25/video/tile_delta

2026-08-02 03:13:52,760 INFO image_rx_daemon: published frame_id=0 2985 B → lifetrac/v25/video/tile_delta

2026-08-02 03:13:54,324 INFO image_rx_daemon: published frame_id=0 2919 B → lifetrac/v25/video/tile_delta

2026-08-02 03:13:55,970 INFO image_rx_daemon: stats: rx_frames=1663 rx_decode_err=0 frames_published=89 publish_err=0 reassembler_decode_err=0 reassembler_timeouts=44 parity_recon=0

2026-08-02 03:13:55,972 INFO image_rx_daemon: air_gap: n=81 dt_med=116881us dt_p95=234646us len_med=247B cmd_tx_ok=17 cmd_tx_fail=0

2026-08-02 03:13:55,976 INFO image_rx_daemon: air_gap_hist(ms): <20:1 <40:4 <80:1 <120:67 <200:2 <400:6

2026-08-02 03:13:55,977 INFO image_rx_daemon: phase_telemetry: valid=81 invalid=0 pre_f8=0 last_epoch=0 last_hop=0 slot_off=[0..0]

2026-08-02 03:13:55,978 INFO image_rx_daemon: air_gap_by_class: seq: n=71 med=116.9ms | boundary: n=6 med=264.1ms | post_loss: n=2 med=234.6ms

2026-08-02 03:13:55,978 INFO image_rx_daemon: lost_frag_idx: n=1 idx0=0 (0.00% of idx0 arrivals) other=1 (1.32%) verdict=not-clustered | top 6:1

2026-08-02 03:13:55,979 INFO image_rx_daemon: frag_reordered: 2 late out-of-order arrivals had a provisional loss retracted (in-order assumption violated — see RS-11.4)

2026-08-02 03:13:57,399 INFO image_rx_daemon: published frame_id=0 2959 B → lifetrac/v25/video/tile_delta

2026-08-02 03:14:00,326 INFO image_rx_daemon: published frame_id=0 2923 B → lifetrac/v25/video/tile_delta

2026-08-02 03:14:01,832 INFO image_rx_daemon: published frame_id=0 2992 B → lifetrac/v25/video/tile_delta

2026-08-02 03:14:04,892 INFO image_rx_daemon: published frame_id=0 2983 B → lifetrac/v25/video/tile_delta

2026-08-02 03:14:05,987 INFO image_rx_daemon: stats: rx_frames=1744 rx_decode_err=0 frames_published=93 publish_err=0 reassembler_decode_err=0 reassembler_timeouts=47 parity_recon=0

2026-08-02 03:14:05,989 INFO image_rx_daemon: air_gap: n=82 dt_med=116867us dt_p95=233745us len_med=247B cmd_tx_ok=17 cmd_tx_fail=0

2026-08-02 03:14:05,990 INFO image_rx_daemon: air_gap_hist(ms): <20:1 <40:2 <80:1 <120:68 <200:5 <400:5

2026-08-02 03:14:05,991 INFO image_rx_daemon: phase_telemetry: valid=82 invalid=0 pre_f8=0 last_epoch=0 last_hop=0 slot_off=[0..0]

2026-08-02 03:14:05,991 INFO image_rx_daemon: air_gap_by_class: seq: n=69 med=116.9ms | boundary: n=7 med=192.7ms | post_loss: n=3 med=233.7ms

2026-08-02 03:14:05,991 INFO image_rx_daemon: lost_frag_idx: n=2 idx0=0 (0.00% of idx0 arrivals) other=2 (2.60%) verdict=not-clustered | top 11:1 7:1

2026-08-02 03:14:05,992 INFO image_rx_daemon: frag_reordered: 3 late out-of-order arrivals had a provisional loss retracted (in-order assumption violated — see RS-11.4)

2026-08-02 03:14:07,925 INFO image_rx_daemon: published frame_id=0 2934 B → lifetrac/v25/video/tile_delta

2026-08-02 03:14:12,363 INFO image_rx_daemon: published frame_id=0 2953 B → lifetrac/v25/video/tile_delta

2026-08-02 03:14:13,853 INFO image_rx_daemon: published frame_id=0 2991 B → lifetrac/v25/video/tile_delta

2026-08-02 03:14:15,453 INFO image_rx_daemon: published frame_id=0 2993 B → lifetrac/v25/video/tile_delta

2026-08-02 03:14:16,003 INFO image_rx_daemon: stats: rx_frames=1823 rx_decode_err=0 frames_published=97 publish_err=0 reassembler_decode_err=0 reassembler_timeouts=50 parity_recon=0

2026-08-02 03:14:16,005 INFO image_rx_daemon: air_gap: n=78 dt_med=116836us dt_p95=234006us len_med=247B cmd_tx_ok=17 cmd_tx_fail=0

2026-08-02 03:14:16,009 INFO image_rx_daemon: air_gap_hist(ms): <40:3 <80:2 <120:61 <200:4 <400:8

2026-08-02 03:14:16,010 INFO image_rx_daemon: phase_telemetry: valid=78 invalid=0 pre_f8=0 last_epoch=0 last_hop=0 slot_off=[0..0]

2026-08-02 03:14:16,011 INFO image_rx_daemon: air_gap_by_class: seq: n=65 med=116.8ms | boundary: n=7 med=186.9ms | post_loss: n=5 med=233.7ms

2026-08-02 03:14:16,011 INFO image_rx_daemon: lost_frag_idx: n=7 idx0=0 (0.00% of idx0 arrivals) other=7 (8.97%) verdict=not-clustered | top 1:2 8:1 11:1 10:1 3:1 12:1

2026-08-02 03:14:16,012 INFO image_rx_daemon: frag_reordered: 1 late out-of-order arrivals had a provisional loss retracted (in-order assumption violated — see RS-11.4)

2026-08-02 03:14:18,476 INFO image_rx_daemon: published frame_id=0 2915 B → lifetrac/v25/video/tile_delta

2026-08-02 03:14:19,983 INFO image_rx_daemon: published frame_id=0 2985 B → lifetrac/v25/video/tile_delta

2026-08-02 03:14:23,168 INFO image_rx_daemon: published frame_id=0 2986 B → lifetrac/v25/video/tile_delta

2026-08-02 03:14:24,756 INFO image_rx_daemon: published frame_id=0 2985 B → lifetrac/v25/video/tile_delta

2026-08-02 03:14:26,022 INFO image_rx_daemon: stats: rx_frames=1903 rx_decode_err=0 frames_published=101 publish_err=0 reassembler_decode_err=0 reassembler_timeouts=52 parity_recon=0

2026-08-02 03:14:26,026 INFO image_rx_daemon: air_gap: n=80 dt_med=116826us dt_p95=264054us len_med=247B cmd_tx_ok=17 cmd_tx_fail=0

2026-08-02 03:14:26,028 INFO image_rx_daemon: air_gap_hist(ms): <40:2 <80:1 <120:70 <200:2 <400:5

2026-08-02 03:14:26,028 INFO image_rx_daemon: phase_telemetry: valid=80 invalid=0 pre_f8=0 last_epoch=0 last_hop=0 slot_off=[0..0]

2026-08-02 03:14:26,029 INFO image_rx_daemon: air_gap_by_class: seq: n=70 med=116.8ms | boundary: n=6 med=264.1ms | post_loss: n=1 med=152.4ms

2026-08-02 03:14:26,029 INFO image_rx_daemon: lost_frag_idx: n=2 idx0=0 (0.00% of idx0 arrivals) other=2 (2.63%) verdict=not-clustered | top 11:2

2026-08-02 03:14:26,030 INFO image_rx_daemon: frag_reordered: 3 late out-of-order arrivals had a provisional loss retracted (in-order assumption violated — see RS-11.4)

2026-08-02 03:14:26,312 INFO image_rx_daemon: published frame_id=0 2919 B → lifetrac/v25/video/tile_delta

2026-08-02 03:14:27,813 INFO image_rx_daemon: published frame_id=0 2985 B → lifetrac/v25/video/tile_delta

2026-08-02 03:14:29,391 INFO image_rx_daemon: published frame_id=0 2959 B → lifetrac/v25/video/tile_delta

2026-08-02 03:14:32,328 INFO image_rx_daemon: published frame_id=0 2923 B → lifetrac/v25/video/tile_delta

2026-08-02 03:14:33,836 INFO image_rx_daemon: published frame_id=0 2992 B → lifetrac/v25/video/tile_delta

2026-08-02 03:14:36,040 INFO image_rx_daemon: stats: rx_frames=1985 rx_decode_err=0 frames_published=106 publish_err=0 reassembler_decode_err=0 reassembler_timeouts=53 parity_recon=0

2026-08-02 03:14:36,040 INFO image_rx_daemon: air_gap: n=82 dt_med=116815us dt_p95=233635us len_med=247B cmd_tx_ok=17 cmd_tx_fail=0

2026-08-02 03:14:36,041 INFO image_rx_daemon: air_gap_hist(ms): <20:2 <40:3 <80:1 <120:67 <200:4 <400:5

2026-08-02 03:14:36,041 INFO image_rx_daemon: phase_telemetry: valid=82 invalid=0 pre_f8=0 last_epoch=0 last_hop=0 slot_off=[0..0]

2026-08-02 03:14:36,042 INFO image_rx_daemon: air_gap_by_class: seq: n=72 med=116.8ms | boundary: n=7 med=172.2ms | post_loss: n=2 med=350.4ms

2026-08-02 03:14:36,042 INFO image_rx_daemon: lost_frag_idx: n=3 idx0=0 (0.00% of idx0 arrivals) other=3 (3.85%) verdict=not-clustered | top 6:1 7:1 11:1

2026-08-02 03:14:36,043 INFO image_rx_daemon: frag_reordered: 1 late out-of-order arrivals had a provisional loss retracted (in-order assumption violated — see RS-11.4)

2026-08-02 03:14:39,929 INFO image_rx_daemon: published frame_id=0 2934 B → lifetrac/v25/video/tile_delta

2026-08-02 03:14:41,400 INFO image_rx_daemon: published frame_id=0 2953 B → lifetrac/v25/video/tile_delta

2026-08-02 03:14:42,883 INFO image_rx_daemon: published frame_id=0 2949 B → lifetrac/v25/video/tile_delta

2026-08-02 03:14:44,359 INFO image_rx_daemon: published frame_id=0 2953 B → lifetrac/v25/video/tile_delta

2026-08-02 03:14:46,055 INFO image_rx_daemon: stats: rx_frames=2066 rx_decode_err=0 frames_published=110 publish_err=0 reassembler_decode_err=0 reassembler_timeouts=56 parity_recon=0

2026-08-02 03:14:46,058 INFO image_rx_daemon: air_gap: n=81 dt_med=116857us dt_p95=165515us len_med=247B cmd_tx_ok=17 cmd_tx_fail=0

2026-08-02 03:14:46,062 INFO image_rx_daemon: air_gap_hist(ms): <40:4 <80:1 <120:69 <200:3 <400:4

2026-08-02 03:14:46,063 INFO image_rx_daemon: phase_telemetry: valid=81 invalid=0 pre_f8=0 last_epoch=0 last_hop=0 slot_off=[0..0]

2026-08-02 03:14:46,066 INFO image_rx_daemon: air_gap_by_class: seq: n=71 med=116.8ms | boundary: n=5 med=165.5ms | post_loss: n=2 med=276.0ms

2026-08-02 03:14:46,067 INFO image_rx_daemon: lost_frag_idx: n=4 idx0=1 (16.67% of idx0 arrivals) other=3 (3.80%) verdict=CLUSTERED-AT-0 | top 12:1 1:1 11:1 0:1

2026-08-02 03:14:46,068 INFO image_rx_daemon: frag_reordered: 3 late out-of-order arrivals had a provisional loss retracted (in-order assumption violated — see RS-11.4)

2026-08-02 03:14:50,476 INFO image_rx_daemon: published frame_id=0 2915 B → lifetrac/v25/video/tile_delta

2026-08-02 03:14:53,561 INFO image_rx_daemon: published frame_id=0 2975 B → lifetrac/v25/video/tile_delta

2026-08-02 03:14:55,160 INFO image_rx_daemon: published frame_id=0 2986 B → lifetrac/v25/video/tile_delta

2026-08-02 03:14:56,072 INFO image_rx_daemon: stats: rx_frames=2145 rx_decode_err=0 frames_published=113 publish_err=0 reassembler_decode_err=0 reassembler_timeouts=60 parity_recon=0

2026-08-02 03:14:56,076 INFO image_rx_daemon: air_gap: n=79 dt_med=116854us dt_p95=264131us len_med=247B cmd_tx_ok=17 cmd_tx_fail=0

2026-08-02 03:14:56,083 INFO image_rx_daemon: air_gap_hist(ms): <40:3 <80:1 <120:67 <400:8

2026-08-02 03:14:56,083 INFO image_rx_daemon: phase_telemetry: valid=79 invalid=0 pre_f8=0 last_epoch=0 last_hop=0 slot_off=[0..0]

2026-08-02 03:14:56,084 INFO image_rx_daemon: air_gap_by_class: seq: n=71 med=116.8ms | boundary: n=6 med=264.1ms | post_loss: n=2 med=303.3ms

2026-08-02 03:14:56,084 INFO image_rx_daemon: lost_frag_idx: n=3 idx0=1 (14.29% of idx0 arrivals) other=2 (2.67%) verdict=CLUSTERED-AT-0 | top 3:1 11:1 0:1

2026-08-02 03:14:56,752 INFO image_rx_daemon: published frame_id=0 2985 B → lifetrac/v25/video/tile_delta

2026-08-02 03:14:58,310 INFO image_rx_daemon: published frame_id=0 2919 B → lifetrac/v25/video/tile_delta

2026-08-02 03:15:01,383 INFO image_rx_daemon: published frame_id=0 2959 B → lifetrac/v25/video/tile_delta

2026-08-02 03:15:02,846 INFO image_rx_daemon: published frame_id=0 2951 B → lifetrac/v25/video/tile_delta

2026-08-02 03:15:06,089 INFO image_rx_daemon: stats: rx_frames=2228 rx_decode_err=0 frames_published=117 publish_err=0 reassembler_decode_err=0 reassembler_timeouts=62 parity_recon=0

2026-08-02 03:15:06,089 INFO image_rx_daemon: air_gap: n=83 dt_med=116825us dt_p95=233472us len_med=247B cmd_tx_ok=17 cmd_tx_fail=0

2026-08-02 03:15:06,090 INFO image_rx_daemon: air_gap_hist(ms): <20:2 <40:3 <80:2 <120:66 <200:4 <400:6

2026-08-02 03:15:06,090 INFO image_rx_daemon: phase_telemetry: valid=83 invalid=0 pre_f8=0 last_epoch=0 last_hop=0 slot_off=[0..0]

2026-08-02 03:15:06,091 INFO image_rx_daemon: air_gap_by_class: seq: n=72 med=116.8ms | boundary: n=7 med=172.2ms | post_loss: n=3 med=233.5ms

2026-08-02 03:15:06,091 INFO image_rx_daemon: lost_frag_idx: n=2 idx0=0 (0.00% of idx0 arrivals) other=2 (2.56%) verdict=not-clustered | top 7:1 10:1

2026-08-02 03:15:06,092 INFO image_rx_daemon: frag_reordered: 1 late out-of-order arrivals had a provisional loss retracted (in-order assumption violated — see RS-11.4)

2026-08-02 03:15:08,884 INFO image_rx_daemon: published frame_id=0 2983 B → lifetrac/v25/video/tile_delta

2026-08-02 03:15:16,105 INFO image_rx_daemon: stats: rx_frames=2307 rx_decode_err=0 frames_published=118 publish_err=0 reassembler_decode_err=0 reassembler_timeouts=67 parity_recon=0

2026-08-02 03:15:16,105 INFO image_rx_daemon: air_gap: n=79 dt_med=116868us dt_p95=233670us len_med=247B cmd_tx_ok=17 cmd_tx_fail=0

2026-08-02 03:15:16,106 INFO image_rx_daemon: air_gap_hist(ms): <40:3 <120:66 <200:4 <400:6

2026-08-02 03:15:16,106 INFO image_rx_daemon: phase_telemetry: valid=79 invalid=0 pre_f8=0 last_epoch=0 last_hop=0 slot_off=[0..0]

2026-08-02 03:15:16,107 INFO image_rx_daemon: air_gap_by_class: seq: n=66 med=116.8ms | boundary: n=6 med=192.5ms | post_loss: n=4 med=233.7ms

2026-08-02 03:15:16,107 INFO image_rx_daemon: lost_frag_idx: n=6 idx0=0 (0.00% of idx0 arrivals) other=6 (7.59%) verdict=not-clustered | top 6:1 11:1 5:1 9:1 12:1 8:1

2026-08-02 03:15:16,107 INFO image_rx_daemon: frag_reordered: 3 late out-of-order arrivals had a provisional loss retracted (in-order assumption violated — see RS-11.4)

2026-08-02 03:15:16,354 INFO image_rx_daemon: published frame_id=0 2953 B → lifetrac/v25/video/tile_delta

2026-08-02 03:15:17,837 INFO image_rx_daemon: published frame_id=0 2991 B → lifetrac/v25/video/tile_delta

2026-08-02 03:15:19,442 INFO image_rx_daemon: published frame_id=0 2993 B → lifetrac/v25/video/tile_delta

