2026-07-26 18:30:46,168 INFO image_rx_daemon: ctrl MQTT connected (192.168.1.79)

2026-07-26 18:30:46,170 INFO image_rx_daemon: opening L072 HostLink on /dev/ttymxc3 @ 921600

2026-07-26 18:30:46,174 INFO image_rx_daemon: image_rx_daemon started; mqtt=127.0.0.1:1883 uart=/dev/ttymxc3

2026-07-26 18:30:46,180 INFO image_rx_daemon: MQTT connected; ready to publish lifetrac/v25/video/tile_delta

2026-07-26 18:30:46,185 INFO image_rx_daemon: LIFETRAC_SKIP_RESET_REQ=1 — relying on external NRST; draining boot chatter only

2026-07-26 18:30:46,611 INFO image_rx_daemon: L072 VER warm-up ok (attempt 1)

Initializing regulatory profile 1 on co-processor...

  FHSS mask: WIDE (50 channels) [LIFETRAC_FHSS_WIDE_MASK=1]

CFG_SET_REQ(FHSS_CHANNEL_MASK) OK: 07000800

CFG_SET_REQ(ANTENNA_GAIN_DBI) OK: 15000100

CFG_SET_REQ(HW_CEILING_DBM) OK: 16000100

CFG_SET_REQ(REG_PROFILE=1) OK: 14000100

2026-07-26 18:30:46,949 INFO image_rx_daemon: LBT_ENABLE=0 (command uplink shares the image channel)

PHY contract OK: image_bw250 == {'sf': 7, 'bw_khz': 250, 'cr_den': 5, 'preamble': 8}

2026-07-26 18:30:47,011 INFO image_rx_daemon: SX1276 already in RXCONT (opmode=0x85)

2026-07-26 18:30:47,012 INFO image_rx_daemon: RX worker ready; draining RX_FRAME_URC...

2026-07-26 18:30:47,173 INFO image_rx_daemon: stats: rx_frames=0 rx_decode_err=0 frames_published=0 publish_err=0 reassembler_decode_err=0 reassembler_timeouts=0

RFCO_PERTX during TX wait: profile_id=1 tx_status=0x00(OK) hop_idx=0 channel_idx=3 epoch=0 freq_hz=904250000 pkt_toa_us=20608 legal_dwell_used_us_10s=20608

2026-07-26 18:30:47,301 INFO image_rx_daemon: command TX opcode=0x63 copy=1/1 OK (on air)

2026-07-26 18:30:47,314 INFO image_rx_daemon: radio_profile: commanding tractor 1 -> 2 (two-phase)

RFCO_PERTX during TX wait: profile_id=1 tx_status=0x00(OK) hop_idx=0 channel_idx=3 epoch=0 freq_hz=904250000 pkt_toa_us=20608 legal_dwell_used_us_10s=41216

2026-07-26 18:30:47,351 INFO image_rx_daemon: command TX opcode=0x65 copy=1/2 OK (on air)

RFCO_PERTX during TX wait: profile_id=1 tx_status=0x00(OK) hop_idx=0 channel_idx=3 epoch=0 freq_hz=904250000 pkt_toa_us=20608 legal_dwell_used_us_10s=61824

2026-07-26 18:30:47,389 INFO image_rx_daemon: command TX opcode=0x65 copy=2/2 OK (on air)

RFCO_PERTX during TX wait: profile_id=1 tx_status=0x00(OK) hop_idx=2 channel_idx=31 epoch=0 freq_hz=918250000 pkt_toa_us=20608 legal_dwell_used_us_10s=20608

2026-07-26 18:30:47,707 INFO image_rx_daemon: command TX opcode=0x63 copy=1/1 OK (on air)

RFCO_PERTX during TX wait: profile_id=1 tx_status=0x00(OK) hop_idx=3 channel_idx=14 epoch=0 freq_hz=909750000 pkt_toa_us=20608 legal_dwell_used_us_10s=20608

2026-07-26 18:30:48,010 INFO image_rx_daemon: command TX opcode=0x63 copy=1/1 OK (on air)

RFCO_PERTX during TX wait: profile_id=1 tx_status=0x00(OK) hop_idx=5 channel_idx=46 epoch=0 freq_hz=925750000 pkt_toa_us=20608 legal_dwell_used_us_10s=20608

2026-07-26 18:30:48,314 INFO image_rx_daemon: command TX opcode=0x63 copy=1/1 OK (on air)

RFCO_PERTX during TX wait: profile_id=1 tx_status=0x00(OK) hop_idx=6 channel_idx=10 epoch=0 freq_hz=907750000 pkt_toa_us=20608 legal_dwell_used_us_10s=20608

2026-07-26 18:30:48,618 INFO image_rx_daemon: command TX opcode=0x63 copy=1/1 OK (on air)

RFCO_PERTX during TX wait: profile_id=1 tx_status=0x00(OK) hop_idx=8 channel_idx=36 epoch=0 freq_hz=920750000 pkt_toa_us=20608 legal_dwell_used_us_10s=20608

2026-07-26 18:30:48,923 INFO image_rx_daemon: command TX opcode=0x63 copy=1/1 OK (on air)

RFCO_PERTX during TX wait: profile_id=1 tx_status=0x00(OK) hop_idx=8 channel_idx=36 epoch=0 freq_hz=920750000 pkt_toa_us=20608 legal_dwell_used_us_10s=41216

2026-07-26 18:30:48,972 INFO image_rx_daemon: command TX opcode=0x65 copy=1/2 OK (on air)

RFCO_PERTX during TX wait: profile_id=1 tx_status=0x00(OK) hop_idx=8 channel_idx=36 epoch=0 freq_hz=920750000 pkt_toa_us=20608 legal_dwell_used_us_10s=61824

2026-07-26 18:30:49,011 INFO image_rx_daemon: command TX opcode=0x65 copy=2/2 OK (on air)

RFCO_PERTX during TX wait: profile_id=1 tx_status=0x00(OK) hop_idx=10 channel_idx=37 epoch=0 freq_hz=921250000 pkt_toa_us=20608 legal_dwell_used_us_10s=20608

2026-07-26 18:30:49,312 INFO image_rx_daemon: command TX opcode=0x63 copy=1/1 OK (on air)

RFCO_PERTX during TX wait: profile_id=1 tx_status=0x00(OK) hop_idx=11 channel_idx=20 epoch=0 freq_hz=912750000 pkt_toa_us=20608 legal_dwell_used_us_10s=20608

2026-07-26 18:30:49,615 INFO image_rx_daemon: command TX opcode=0x63 copy=1/1 OK (on air)

RFCO_PERTX during TX wait: profile_id=1 tx_status=0x00(OK) hop_idx=13 channel_idx=44 epoch=0 freq_hz=924750000 pkt_toa_us=20608 legal_dwell_used_us_10s=20608

2026-07-26 18:30:49,917 INFO image_rx_daemon: command TX opcode=0x63 copy=1/1 OK (on air)

RFCO_PERTX during TX wait: profile_id=1 tx_status=0x00(OK) hop_idx=14 channel_idx=16 epoch=0 freq_hz=910750000 pkt_toa_us=20608 legal_dwell_used_us_10s=20608

2026-07-26 18:30:50,227 INFO image_rx_daemon: command TX opcode=0x63 copy=1/1 OK (on air)

RFCO_PERTX during TX wait: profile_id=1 tx_status=0x00(OK) hop_idx=16 channel_idx=4 epoch=0 freq_hz=904750000 pkt_toa_us=20608 legal_dwell_used_us_10s=20608

2026-07-26 18:30:50,535 INFO image_rx_daemon: command TX opcode=0x63 copy=1/1 OK (on air)

RFCO_PERTX during TX wait: profile_id=1 tx_status=0x00(OK) hop_idx=16 channel_idx=4 epoch=0 freq_hz=904750000 pkt_toa_us=20608 legal_dwell_used_us_10s=41216

2026-07-26 18:30:50,585 INFO image_rx_daemon: command TX opcode=0x65 copy=1/2 OK (on air)

RFCO_PERTX during TX wait: profile_id=1 tx_status=0x00(OK) hop_idx=16 channel_idx=4 epoch=0 freq_hz=904750000 pkt_toa_us=20608 legal_dwell_used_us_10s=61824

2026-07-26 18:30:50,623 INFO image_rx_daemon: command TX opcode=0x65 copy=2/2 OK (on air)

RFCO_PERTX during TX wait: profile_id=1 tx_status=0x00(OK) hop_idx=18 channel_idx=47 epoch=0 freq_hz=926250000 pkt_toa_us=20608 legal_dwell_used_us_10s=20608

2026-07-26 18:30:50,926 INFO image_rx_daemon: command TX opcode=0x63 copy=1/1 OK (on air)

RFCO_PERTX during TX wait: profile_id=1 tx_status=0x00(OK) hop_idx=19 channel_idx=34 epoch=0 freq_hz=919750000 pkt_toa_us=20608 legal_dwell_used_us_10s=20608

2026-07-26 18:30:51,228 INFO image_rx_daemon: command TX opcode=0x63 copy=1/1 OK (on air)

RFCO_PERTX during TX wait: profile_id=1 tx_status=0x00(OK) hop_idx=21 channel_idx=17 epoch=0 freq_hz=911250000 pkt_toa_us=20608 legal_dwell_used_us_10s=20608

2026-07-26 18:30:51,531 INFO image_rx_daemon: command TX opcode=0x63 copy=1/1 OK (on air)

RFCO_PERTX during TX wait: profile_id=1 tx_status=0x00(OK) hop_idx=22 channel_idx=41 epoch=0 freq_hz=923250000 pkt_toa_us=20608 legal_dwell_used_us_10s=20608

2026-07-26 18:30:51,834 INFO image_rx_daemon: command TX opcode=0x63 copy=1/1 OK (on air)

RFCO_PERTX during TX wait: profile_id=1 tx_status=0x00(OK) hop_idx=24 channel_idx=49 epoch=0 freq_hz=927250000 pkt_toa_us=20608 legal_dwell_used_us_10s=20608

2026-07-26 18:30:52,138 INFO image_rx_daemon: command TX opcode=0x63 copy=1/1 OK (on air)

RFCO_PERTX during TX wait: profile_id=1 tx_status=0x00(OK) hop_idx=24 channel_idx=49 epoch=0 freq_hz=927250000 pkt_toa_us=20608 legal_dwell_used_us_10s=41216

2026-07-26 18:30:52,187 INFO image_rx_daemon: command TX opcode=0x65 copy=1/2 OK (on air)

RFCO_PERTX during TX wait: profile_id=1 tx_status=0x00(OK) hop_idx=24 channel_idx=49 epoch=0 freq_hz=927250000 pkt_toa_us=20608 legal_dwell_used_us_10s=61824

2026-07-26 18:30:52,222 INFO image_rx_daemon: command TX opcode=0x65 copy=2/2 OK (on air)

RFCO_PERTX during TX wait: profile_id=1 tx_status=0x00(OK) hop_idx=26 channel_idx=18 epoch=0 freq_hz=911750000 pkt_toa_us=20608 legal_dwell_used_us_10s=20608

2026-07-26 18:30:52,522 INFO image_rx_daemon: command TX opcode=0x63 copy=1/1 OK (on air)

RFCO_PERTX during TX wait: profile_id=1 tx_status=0x00(OK) hop_idx=27 channel_idx=9 epoch=0 freq_hz=907250000 pkt_toa_us=20608 legal_dwell_used_us_10s=20608

2026-07-26 18:30:52,834 INFO image_rx_daemon: command TX opcode=0x63 copy=1/1 OK (on air)

RFCO_PERTX during TX wait: profile_id=1 tx_status=0x00(OK) hop_idx=29 channel_idx=12 epoch=0 freq_hz=908750000 pkt_toa_us=20608 legal_dwell_used_us_10s=20608

2026-07-26 18:30:53,136 INFO image_rx_daemon: command TX opcode=0x63 copy=1/1 OK (on air)

RFCO_PERTX during TX wait: profile_id=1 tx_status=0x00(OK) hop_idx=30 channel_idx=35 epoch=0 freq_hz=920250000 pkt_toa_us=20608 legal_dwell_used_us_10s=20608

2026-07-26 18:30:53,438 INFO image_rx_daemon: command TX opcode=0x63 copy=1/1 OK (on air)

2026-07-26 18:30:53,703 WARNING image_rx_daemon: cmd 0x63 GAVE UP after 20 attempts (7.5 s)

RFCO_PERTX during TX wait: profile_id=1 tx_status=0x00(OK) hop_idx=32 channel_idx=45 epoch=0 freq_hz=925250000 pkt_toa_us=20608 legal_dwell_used_us_10s=20608

2026-07-26 18:30:53,743 INFO image_rx_daemon: command TX opcode=0x65 copy=1/2 OK (on air)

RFCO_PERTX during TX wait: profile_id=1 tx_status=0x00(OK) hop_idx=32 channel_idx=45 epoch=0 freq_hz=925250000 pkt_toa_us=20608 legal_dwell_used_us_10s=41216

2026-07-26 18:30:53,777 INFO image_rx_daemon: command TX opcode=0x65 copy=2/2 OK (on air)

2026-07-26 18:30:53,824 INFO image_rx_daemon: radio_profile: tractor ACK for 2 — switching locally

INFO: post-VER drain wire   type=0x91 seq=0

INFO: post-VER drain wire   type=0x91 seq=0

INFO: post-VER drain wire   type=0x91 seq=0

Initializing regulatory profile 2 on co-processor...

  FHSS mask: single channel 0 (0100000000000000)

CFG_SET_REQ(FHSS_CHANNEL_MASK) OK: 07000800

CFG_SET_REQ(ANTENNA_GAIN_DBI) OK: 15000100

CFG_SET_REQ(HW_CEILING_DBM) OK: 16000100

CFG_SET_REQ(REG_PROFILE=2) OK: 14000100

  forcing FRF -> 915.000 MHz (raw=0xE4C000 -> Msb=0xE4 Mid=0xC0 Lsb=0x00)

  FRF readback: 0xE4C000 = 915.000 MHz (OK)

PHY contract OK: image_bw500 == {'sf': 7, 'bw_khz': 500, 'cr_den': 5, 'preamble': 8}

2026-07-26 18:30:54,370 INFO image_rx_daemon: radio_profile: RXCONT re-armed (opmode 0x81 -> 0x85)

2026-07-26 18:30:57,177 INFO image_rx_daemon: stats: rx_frames=0 rx_decode_err=0 frames_published=0 publish_err=0 reassembler_decode_err=0 reassembler_timeouts=0

2026-07-26 18:31:01,439 INFO image_rx_daemon: radio_profile: proof-of-life on profile 2 — sending CONF

INFO: unrelated frame during TX wait type=0x91

RFCO_PERTX during TX wait: profile_id=2 tx_status=0x00(OK) hop_idx=0 channel_idx=0 epoch=0 freq_hz=0 pkt_toa_us=10304 legal_dwell_used_us_10s=0

2026-07-26 18:31:01,466 INFO image_rx_daemon: command TX opcode=0x67 copy=1/2 OK (on air)

RFCO_PERTX during TX wait: profile_id=2 tx_status=0x00(OK) hop_idx=0 channel_idx=0 epoch=0 freq_hz=0 pkt_toa_us=10304 legal_dwell_used_us_10s=0

2026-07-26 18:31:01,498 INFO image_rx_daemon: command TX opcode=0x67 copy=2/2 OK (on air)

2026-07-26 18:31:02,009 INFO image_rx_daemon: published frame_id=0 246 B → lifetrac/v25/video/tile_delta

2026-07-26 18:31:02,011 INFO image_rx_daemon: published frame_id=0 244 B → lifetrac/v25/video/tile_delta

2026-07-26 18:31:02,012 INFO image_rx_daemon: published frame_id=0 246 B → lifetrac/v25/video/tile_delta

2026-07-26 18:31:02,413 INFO image_rx_daemon: published frame_id=0 246 B → lifetrac/v25/video/tile_delta

2026-07-26 18:31:02,414 INFO image_rx_daemon: published frame_id=0 250 B → lifetrac/v25/video/tile_delta

2026-07-26 18:31:02,415 INFO image_rx_daemon: published frame_id=0 248 B → lifetrac/v25/video/tile_delta

2026-07-26 18:31:02,831 INFO image_rx_daemon: published frame_id=0 248 B → lifetrac/v25/video/tile_delta

2026-07-26 18:31:02,832 INFO image_rx_daemon: published frame_id=0 242 B → lifetrac/v25/video/tile_delta

2026-07-26 18:31:02,834 INFO image_rx_daemon: published frame_id=0 240 B → lifetrac/v25/video/tile_delta

2026-07-26 18:31:03,029 INFO image_rx_daemon: requesting keyframe (reassembly timeout #1)

2026-07-26 18:31:03,235 INFO image_rx_daemon: published frame_id=0 242 B → lifetrac/v25/video/tile_delta

2026-07-26 18:31:03,236 INFO image_rx_daemon: published frame_id=0 240 B → lifetrac/v25/video/tile_delta

2026-07-26 18:31:03,237 INFO image_rx_daemon: published frame_id=0 242 B → lifetrac/v25/video/tile_delta

2026-07-26 18:31:03,544 INFO image_rx_daemon: published frame_id=0 242 B → lifetrac/v25/video/tile_delta

2026-07-26 18:31:03,545 INFO image_rx_daemon: published frame_id=0 234 B → lifetrac/v25/video/tile_delta

2026-07-26 18:31:03,714 INFO image_rx_daemon: cmd 0x60 CONVERGED after 0 attempts (1.7 s): keyframe received

2026-07-26 18:31:03,715 INFO image_rx_daemon: published frame_id=0 244 B → lifetrac/v25/video/tile_delta

2026-07-26 18:31:04,122 INFO image_rx_daemon: published frame_id=0 244 B → lifetrac/v25/video/tile_delta

2026-07-26 18:31:04,123 INFO image_rx_daemon: published frame_id=0 248 B → lifetrac/v25/video/tile_delta

2026-07-26 18:31:04,124 INFO image_rx_daemon: published frame_id=0 242 B → lifetrac/v25/video/tile_delta

2026-07-26 18:31:04,532 INFO image_rx_daemon: published frame_id=0 240 B → lifetrac/v25/video/tile_delta

2026-07-26 18:31:04,533 INFO image_rx_daemon: published frame_id=0 242 B → lifetrac/v25/video/tile_delta

2026-07-26 18:31:04,534 INFO image_rx_daemon: published frame_id=0 244 B → lifetrac/v25/video/tile_delta

2026-07-26 18:31:04,936 INFO image_rx_daemon: published frame_id=0 242 B → lifetrac/v25/video/tile_delta

2026-07-26 18:31:04,938 INFO image_rx_daemon: published frame_id=0 242 B → lifetrac/v25/video/tile_delta

2026-07-26 18:31:04,939 INFO image_rx_daemon: published frame_id=0 244 B → lifetrac/v25/video/tile_delta

2026-07-26 18:31:05,242 INFO image_rx_daemon: published frame_id=0 230 B → lifetrac/v25/video/tile_delta

2026-07-26 18:31:05,243 INFO image_rx_daemon: published frame_id=0 240 B → lifetrac/v25/video/tile_delta

2026-07-26 18:31:05,416 INFO image_rx_daemon: published frame_id=0 252 B → lifetrac/v25/video/tile_delta

2026-07-26 18:31:05,822 INFO image_rx_daemon: published frame_id=0 242 B → lifetrac/v25/video/tile_delta

2026-07-26 18:31:05,823 INFO image_rx_daemon: published frame_id=0 240 B → lifetrac/v25/video/tile_delta

2026-07-26 18:31:05,824 INFO image_rx_daemon: published frame_id=0 242 B → lifetrac/v25/video/tile_delta

2026-07-26 18:31:06,231 INFO image_rx_daemon: published frame_id=0 244 B → lifetrac/v25/video/tile_delta

2026-07-26 18:31:06,232 INFO image_rx_daemon: published frame_id=0 242 B → lifetrac/v25/video/tile_delta

2026-07-26 18:31:06,233 INFO image_rx_daemon: published frame_id=0 244 B → lifetrac/v25/video/tile_delta

2026-07-26 18:31:06,634 INFO image_rx_daemon: published frame_id=0 240 B → lifetrac/v25/video/tile_delta

2026-07-26 18:31:06,635 INFO image_rx_daemon: published frame_id=0 230 B → lifetrac/v25/video/tile_delta

2026-07-26 18:31:06,637 INFO image_rx_daemon: published frame_id=0 244 B → lifetrac/v25/video/tile_delta

2026-07-26 18:31:07,024 INFO image_rx_daemon: published frame_id=0 242 B → lifetrac/v25/video/tile_delta

2026-07-26 18:31:07,025 INFO image_rx_daemon: published frame_id=0 246 B → lifetrac/v25/video/tile_delta

2026-07-26 18:31:07,026 INFO image_rx_daemon: published frame_id=0 246 B → lifetrac/v25/video/tile_delta

2026-07-26 18:31:07,181 INFO image_rx_daemon: stats: rx_frames=53 rx_decode_err=0 frames_published=39 publish_err=0 reassembler_decode_err=0 reassembler_timeouts=2

2026-07-26 18:31:07,183 INFO image_rx_daemon: air_gap: n=52 dt_med=105004us dt_p95=183567us len_med=247B cmd_tx_ok=32 cmd_tx_fail=0

2026-07-26 18:31:07,321 INFO image_rx_daemon: published frame_id=0 244 B → lifetrac/v25/video/tile_delta

2026-07-26 18:31:07,322 INFO image_rx_daemon: published frame_id=0 240 B → lifetrac/v25/video/tile_delta

2026-07-26 18:31:07,520 INFO image_rx_daemon: published frame_id=0 246 B → lifetrac/v25/video/tile_delta

2026-07-26 18:31:07,916 INFO image_rx_daemon: published frame_id=0 242 B → lifetrac/v25/video/tile_delta

2026-07-26 18:31:07,917 INFO image_rx_daemon: published frame_id=0 244 B → lifetrac/v25/video/tile_delta

2026-07-26 18:31:07,919 INFO image_rx_daemon: published frame_id=0 230 B → lifetrac/v25/video/tile_delta

2026-07-26 18:31:08,308 INFO image_rx_daemon: published frame_id=0 244 B → lifetrac/v25/video/tile_delta

2026-07-26 18:31:08,308 INFO image_rx_daemon: published frame_id=0 242 B → lifetrac/v25/video/tile_delta

2026-07-26 18:31:08,309 INFO image_rx_daemon: published frame_id=0 226 B → lifetrac/v25/video/tile_delta

2026-07-26 18:31:08,587 INFO image_rx_daemon: published frame_id=0 234 B → lifetrac/v25/video/tile_delta

2026-07-26 18:31:08,588 INFO image_rx_daemon: published frame_id=0 244 B → lifetrac/v25/video/tile_delta

2026-07-26 18:31:08,754 INFO image_rx_daemon: published frame_id=0 246 B → lifetrac/v25/video/tile_delta

2026-07-26 18:31:08,952 INFO image_rx_daemon: published frame_id=0 246 B → lifetrac/v25/video/tile_delta

2026-07-26 18:31:09,144 INFO image_rx_daemon: published frame_id=0 244 B → lifetrac/v25/video/tile_delta

2026-07-26 18:31:09,548 INFO image_rx_daemon: published frame_id=0 244 B → lifetrac/v25/video/tile_delta

2026-07-26 18:31:09,550 INFO image_rx_daemon: published frame_id=0 230 B → lifetrac/v25/video/tile_delta

2026-07-26 18:31:09,551 INFO image_rx_daemon: published frame_id=0 244 B → lifetrac/v25/video/tile_delta

2026-07-26 18:31:09,931 INFO image_rx_daemon: published frame_id=0 242 B → lifetrac/v25/video/tile_delta

2026-07-26 18:31:09,932 INFO image_rx_daemon: published frame_id=0 226 B → lifetrac/v25/video/tile_delta

2026-07-26 18:31:09,933 INFO image_rx_daemon: published frame_id=0 234 B → lifetrac/v25/video/tile_delta

2026-07-26 18:31:10,104 INFO image_rx_daemon: published frame_id=0 244 B → lifetrac/v25/video/tile_delta

2026-07-26 18:31:10,511 INFO image_rx_daemon: published frame_id=0 244 B → lifetrac/v25/video/tile_delta

2026-07-26 18:31:10,513 INFO image_rx_daemon: published frame_id=0 248 B → lifetrac/v25/video/tile_delta

2026-07-26 18:31:10,514 INFO image_rx_daemon: published frame_id=0 242 B → lifetrac/v25/video/tile_delta

2026-07-26 18:31:10,912 INFO image_rx_daemon: published frame_id=0 240 B → lifetrac/v25/video/tile_delta

2026-07-26 18:31:10,914 INFO image_rx_daemon: published frame_id=0 242 B → lifetrac/v25/video/tile_delta

2026-07-26 18:31:10,915 INFO image_rx_daemon: published frame_id=0 244 B → lifetrac/v25/video/tile_delta

2026-07-26 18:31:11,324 INFO image_rx_daemon: published frame_id=0 242 B → lifetrac/v25/video/tile_delta

2026-07-26 18:31:11,325 INFO image_rx_daemon: published frame_id=0 242 B → lifetrac/v25/video/tile_delta

2026-07-26 18:31:11,326 INFO image_rx_daemon: published frame_id=0 244 B → lifetrac/v25/video/tile_delta

2026-07-26 18:31:11,631 INFO image_rx_daemon: published frame_id=0 230 B → lifetrac/v25/video/tile_delta

2026-07-26 18:31:11,632 INFO image_rx_daemon: published frame_id=0 240 B → lifetrac/v25/video/tile_delta

2026-07-26 18:31:11,796 INFO image_rx_daemon: published frame_id=0 252 B → lifetrac/v25/video/tile_delta

2026-07-26 18:31:12,205 INFO image_rx_daemon: published frame_id=0 242 B → lifetrac/v25/video/tile_delta

2026-07-26 18:31:12,207 INFO image_rx_daemon: published frame_id=0 240 B → lifetrac/v25/video/tile_delta

2026-07-26 18:31:12,208 INFO image_rx_daemon: published frame_id=0 242 B → lifetrac/v25/video/tile_delta

2026-07-26 18:31:12,620 INFO image_rx_daemon: published frame_id=0 244 B → lifetrac/v25/video/tile_delta

2026-07-26 18:31:12,620 INFO image_rx_daemon: published frame_id=0 242 B → lifetrac/v25/video/tile_delta

2026-07-26 18:31:12,621 INFO image_rx_daemon: published frame_id=0 244 B → lifetrac/v25/video/tile_delta

2026-07-26 18:31:13,020 INFO image_rx_daemon: published frame_id=0 240 B → lifetrac/v25/video/tile_delta

2026-07-26 18:31:13,022 INFO image_rx_daemon: published frame_id=0 230 B → lifetrac/v25/video/tile_delta

2026-07-26 18:31:13,024 INFO image_rx_daemon: published frame_id=0 244 B → lifetrac/v25/video/tile_delta

2026-07-26 18:31:13,410 INFO image_rx_daemon: published frame_id=0 242 B → lifetrac/v25/video/tile_delta

2026-07-26 18:31:13,410 INFO image_rx_daemon: published frame_id=0 246 B → lifetrac/v25/video/tile_delta

2026-07-26 18:31:13,413 INFO image_rx_daemon: published frame_id=0 246 B → lifetrac/v25/video/tile_delta

2026-07-26 18:31:13,716 INFO image_rx_daemon: published frame_id=0 244 B → lifetrac/v25/video/tile_delta

2026-07-26 18:31:13,717 INFO image_rx_daemon: published frame_id=0 240 B → lifetrac/v25/video/tile_delta

2026-07-26 18:31:13,896 INFO image_rx_daemon: cmd 0x60 CONVERGED after 0 attempts (1.7 s): keyframe received

2026-07-26 18:31:13,898 INFO image_rx_daemon: published frame_id=0 246 B → lifetrac/v25/video/tile_delta

2026-07-26 18:31:14,312 INFO image_rx_daemon: published frame_id=0 242 B → lifetrac/v25/video/tile_delta

2026-07-26 18:31:14,313 INFO image_rx_daemon: published frame_id=0 244 B → lifetrac/v25/video/tile_delta

2026-07-26 18:31:14,314 INFO image_rx_daemon: published frame_id=0 230 B → lifetrac/v25/video/tile_delta

2026-07-26 18:31:14,692 INFO image_rx_daemon: published frame_id=0 244 B → lifetrac/v25/video/tile_delta

2026-07-26 18:31:14,694 INFO image_rx_daemon: published frame_id=0 242 B → lifetrac/v25/video/tile_delta

2026-07-26 18:31:14,695 INFO image_rx_daemon: published frame_id=0 226 B → lifetrac/v25/video/tile_delta

2026-07-26 18:31:14,968 INFO image_rx_daemon: published frame_id=0 234 B → lifetrac/v25/video/tile_delta

2026-07-26 18:31:14,970 INFO image_rx_daemon: published frame_id=0 244 B → lifetrac/v25/video/tile_delta

2026-07-26 18:31:15,156 INFO image_rx_daemon: published frame_id=0 246 B → lifetrac/v25/video/tile_delta

2026-07-26 18:31:15,341 INFO image_rx_daemon: published frame_id=0 246 B → lifetrac/v25/video/tile_delta

2026-07-26 18:31:15,536 INFO image_rx_daemon: published frame_id=0 244 B → lifetrac/v25/video/tile_delta

2026-07-26 18:31:15,932 INFO image_rx_daemon: published frame_id=0 244 B → lifetrac/v25/video/tile_delta

2026-07-26 18:31:15,934 INFO image_rx_daemon: published frame_id=0 230 B → lifetrac/v25/video/tile_delta

2026-07-26 18:31:15,935 INFO image_rx_daemon: published frame_id=0 244 B → lifetrac/v25/video/tile_delta

2026-07-26 18:31:16,311 INFO image_rx_daemon: published frame_id=0 242 B → lifetrac/v25/video/tile_delta

2026-07-26 18:31:16,314 INFO image_rx_daemon: published frame_id=0 226 B → lifetrac/v25/video/tile_delta

2026-07-26 18:31:16,315 INFO image_rx_daemon: published frame_id=0 234 B → lifetrac/v25/video/tile_delta

2026-07-26 18:31:16,500 INFO image_rx_daemon: published frame_id=0 244 B → lifetrac/v25/video/tile_delta

2026-07-26 18:31:16,903 INFO image_rx_daemon: published frame_id=0 244 B → lifetrac/v25/video/tile_delta

2026-07-26 18:31:16,906 INFO image_rx_daemon: published frame_id=0 248 B → lifetrac/v25/video/tile_delta

2026-07-26 18:31:16,909 INFO image_rx_daemon: published frame_id=0 242 B → lifetrac/v25/video/tile_delta

2026-07-26 18:31:17,186 INFO image_rx_daemon: stats: rx_frames=143 rx_decode_err=0 frames_published=108 publish_err=0 reassembler_decode_err=0 reassembler_timeouts=2

2026-07-26 18:31:17,188 INFO image_rx_daemon: air_gap: n=90 dt_med=104842us dt_p95=182611us len_med=247B cmd_tx_ok=32 cmd_tx_fail=0

2026-07-26 18:31:17,303 INFO image_rx_daemon: published frame_id=0 240 B → lifetrac/v25/video/tile_delta

2026-07-26 18:31:17,306 INFO image_rx_daemon: published frame_id=0 242 B → lifetrac/v25/video/tile_delta

2026-07-26 18:31:17,307 INFO image_rx_daemon: published frame_id=0 244 B → lifetrac/v25/video/tile_delta

2026-07-26 18:31:17,720 INFO image_rx_daemon: published frame_id=0 242 B → lifetrac/v25/video/tile_delta

2026-07-26 18:31:17,722 INFO image_rx_daemon: published frame_id=0 242 B → lifetrac/v25/video/tile_delta

2026-07-26 18:31:17,723 INFO image_rx_daemon: published frame_id=0 244 B → lifetrac/v25/video/tile_delta

2026-07-26 18:31:18,030 INFO image_rx_daemon: published frame_id=0 230 B → lifetrac/v25/video/tile_delta

2026-07-26 18:31:18,031 INFO image_rx_daemon: published frame_id=0 240 B → lifetrac/v25/video/tile_delta

2026-07-26 18:31:18,193 INFO image_rx_daemon: published frame_id=0 252 B → lifetrac/v25/video/tile_delta

2026-07-26 18:31:18,600 INFO image_rx_daemon: published frame_id=0 242 B → lifetrac/v25/video/tile_delta

2026-07-26 18:31:18,601 INFO image_rx_daemon: published frame_id=0 240 B → lifetrac/v25/video/tile_delta

2026-07-26 18:31:18,604 INFO image_rx_daemon: published frame_id=0 242 B → lifetrac/v25/video/tile_delta

2026-07-26 18:31:19,009 INFO image_rx_daemon: published frame_id=0 244 B → lifetrac/v25/video/tile_delta

2026-07-26 18:31:19,010 INFO image_rx_daemon: published frame_id=0 242 B → lifetrac/v25/video/tile_delta

2026-07-26 18:31:19,011 INFO image_rx_daemon: published frame_id=0 244 B → lifetrac/v25/video/tile_delta

2026-07-26 18:31:19,408 INFO image_rx_daemon: published frame_id=0 240 B → lifetrac/v25/video/tile_delta

2026-07-26 18:31:19,410 INFO image_rx_daemon: published frame_id=0 230 B → lifetrac/v25/video/tile_delta

2026-07-26 18:31:19,411 INFO image_rx_daemon: published frame_id=0 244 B → lifetrac/v25/video/tile_delta

2026-07-26 18:31:19,801 INFO image_rx_daemon: published frame_id=0 242 B → lifetrac/v25/video/tile_delta

2026-07-26 18:31:19,801 INFO image_rx_daemon: published frame_id=0 246 B → lifetrac/v25/video/tile_delta

2026-07-26 18:31:19,802 INFO image_rx_daemon: published frame_id=0 246 B → lifetrac/v25/video/tile_delta

2026-07-26 18:31:20,095 INFO image_rx_daemon: published frame_id=0 244 B → lifetrac/v25/video/tile_delta

2026-07-26 18:31:20,096 INFO image_rx_daemon: published frame_id=0 240 B → lifetrac/v25/video/tile_delta

2026-07-26 18:31:20,301 INFO image_rx_daemon: published frame_id=0 246 B → lifetrac/v25/video/tile_delta

2026-07-26 18:31:20,695 INFO image_rx_daemon: published frame_id=0 242 B → lifetrac/v25/video/tile_delta

2026-07-26 18:31:20,697 INFO image_rx_daemon: published frame_id=0 244 B → lifetrac/v25/video/tile_delta

2026-07-26 18:31:20,699 INFO image_rx_daemon: published frame_id=0 230 B → lifetrac/v25/video/tile_delta

2026-07-26 18:31:21,076 INFO image_rx_daemon: published frame_id=0 244 B → lifetrac/v25/video/tile_delta

2026-07-26 18:31:21,078 INFO image_rx_daemon: published frame_id=0 242 B → lifetrac/v25/video/tile_delta

2026-07-26 18:31:21,079 INFO image_rx_daemon: published frame_id=0 226 B → lifetrac/v25/video/tile_delta

2026-07-26 18:31:21,360 INFO image_rx_daemon: published frame_id=0 234 B → lifetrac/v25/video/tile_delta

2026-07-26 18:31:21,361 INFO image_rx_daemon: published frame_id=0 246 B → lifetrac/v25/video/tile_delta

2026-07-26 18:31:21,531 INFO image_rx_daemon: published frame_id=0 244 B → lifetrac/v25/video/tile_delta

2026-07-26 18:31:21,725 INFO image_rx_daemon: published frame_id=0 246 B → lifetrac/v25/video/tile_delta

2026-07-26 18:31:21,923 INFO image_rx_daemon: published frame_id=0 240 B → lifetrac/v25/video/tile_delta

2026-07-26 18:31:22,084 INFO image_rx_daemon: published frame_id=0 244 B → lifetrac/v25/video/tile_delta

2026-07-26 18:31:22,488 INFO image_rx_daemon: published frame_id=0 242 B → lifetrac/v25/video/tile_delta

2026-07-26 18:31:22,490 INFO image_rx_daemon: published frame_id=0 226 B → lifetrac/v25/video/tile_delta

2026-07-26 18:31:22,491 INFO image_rx_daemon: published frame_id=0 234 B → lifetrac/v25/video/tile_delta

2026-07-26 18:31:22,667 INFO image_rx_daemon: cmd 0x60 CONVERGED after 0 attempts (0.2 s): keyframe received

2026-07-26 18:31:22,668 INFO image_rx_daemon: published frame_id=0 244 B → lifetrac/v25/video/tile_delta

2026-07-26 18:31:23,073 INFO image_rx_daemon: published frame_id=0 250 B → lifetrac/v25/video/tile_delta

2026-07-26 18:31:23,074 INFO image_rx_daemon: published frame_id=0 248 B → lifetrac/v25/video/tile_delta

2026-07-26 18:31:23,076 INFO image_rx_daemon: published frame_id=0 248 B → lifetrac/v25/video/tile_delta

2026-07-26 18:31:23,268 INFO image_rx_daemon: published frame_id=0 240 B → lifetrac/v25/video/tile_delta

2026-07-26 18:31:23,437 INFO image_rx_daemon: published frame_id=0 246 B → lifetrac/v25/video/tile_delta

2026-07-26 18:31:23,852 INFO image_rx_daemon: published frame_id=0 242 B → lifetrac/v25/video/tile_delta

2026-07-26 18:31:23,855 INFO image_rx_daemon: published frame_id=0 242 B → lifetrac/v25/video/tile_delta

2026-07-26 18:31:23,857 INFO image_rx_daemon: published frame_id=0 244 B → lifetrac/v25/video/tile_delta

2026-07-26 18:31:24,256 INFO image_rx_daemon: published frame_id=0 230 B → lifetrac/v25/video/tile_delta

2026-07-26 18:31:24,258 INFO image_rx_daemon: published frame_id=0 244 B → lifetrac/v25/video/tile_delta

2026-07-26 18:31:24,259 INFO image_rx_daemon: published frame_id=0 242 B → lifetrac/v25/video/tile_delta

2026-07-26 18:31:24,636 INFO image_rx_daemon: published frame_id=0 226 B → lifetrac/v25/video/tile_delta

2026-07-26 18:31:24,637 INFO image_rx_daemon: published frame_id=0 246 B → lifetrac/v25/video/tile_delta

2026-07-26 18:31:24,638 INFO image_rx_daemon: published frame_id=0 244 B → lifetrac/v25/video/tile_delta

2026-07-26 18:31:24,812 INFO image_rx_daemon: published frame_id=0 246 B → lifetrac/v25/video/tile_delta

2026-07-26 18:31:25,406 INFO image_rx_daemon: published frame_id=0 240 B → lifetrac/v25/video/tile_delta

2026-07-26 18:31:25,408 INFO image_rx_daemon: published frame_id=0 242 B → lifetrac/v25/video/tile_delta

2026-07-26 18:31:25,409 INFO image_rx_daemon: published frame_id=0 242 B → lifetrac/v25/video/tile_delta

2026-07-26 18:31:25,820 INFO image_rx_daemon: published frame_id=0 244 B → lifetrac/v25/video/tile_delta

2026-07-26 18:31:25,821 INFO image_rx_daemon: published frame_id=0 230 B → lifetrac/v25/video/tile_delta

2026-07-26 18:31:25,822 INFO image_rx_daemon: published frame_id=0 244 B → lifetrac/v25/video/tile_delta

2026-07-26 18:31:26,507 INFO image_rx_daemon: requesting keyframe (reassembly timeout #3)

2026-07-26 18:31:26,509 INFO image_rx_daemon: published frame_id=0 244 B → lifetrac/v25/video/tile_delta

2026-07-26 18:31:26,511 INFO image_rx_daemon: published frame_id=0 240 B → lifetrac/v25/video/tile_delta

2026-07-26 18:31:26,696 INFO image_rx_daemon: published frame_id=0 246 B → lifetrac/v25/video/tile_delta

2026-07-26 18:31:27,096 INFO image_rx_daemon: published frame_id=0 242 B → lifetrac/v25/video/tile_delta

2026-07-26 18:31:27,098 INFO image_rx_daemon: published frame_id=0 244 B → lifetrac/v25/video/tile_delta

2026-07-26 18:31:27,099 INFO image_rx_daemon: published frame_id=0 230 B → lifetrac/v25/video/tile_delta

2026-07-26 18:31:27,201 INFO image_rx_daemon: stats: rx_frames=232 rx_decode_err=0 frames_published=175 publish_err=0 reassembler_decode_err=0 reassembler_timeouts=3

2026-07-26 18:31:27,203 INFO image_rx_daemon: air_gap: n=89 dt_med=104832us dt_p95=183438us len_med=247B cmd_tx_ok=32 cmd_tx_fail=0

2026-07-26 18:31:27,484 INFO image_rx_daemon: published frame_id=0 244 B → lifetrac/v25/video/tile_delta

2026-07-26 18:31:27,486 INFO image_rx_daemon: published frame_id=0 242 B → lifetrac/v25/video/tile_delta

2026-07-26 18:31:27,487 INFO image_rx_daemon: published frame_id=0 226 B → lifetrac/v25/video/tile_delta

2026-07-26 18:31:27,768 INFO image_rx_daemon: published frame_id=0 234 B → lifetrac/v25/video/tile_delta

2026-07-26 18:31:27,770 INFO image_rx_daemon: published frame_id=0 246 B → lifetrac/v25/video/tile_delta

2026-07-26 18:31:27,941 INFO image_rx_daemon: published frame_id=0 244 B → lifetrac/v25/video/tile_delta

2026-07-26 18:31:28,133 INFO image_rx_daemon: published frame_id=0 246 B → lifetrac/v25/video/tile_delta

2026-07-26 18:31:28,327 INFO image_rx_daemon: published frame_id=0 244 B → lifetrac/v25/video/tile_delta

2026-07-26 18:31:28,728 INFO image_rx_daemon: published frame_id=0 242 B → lifetrac/v25/video/tile_delta

2026-07-26 18:31:28,730 INFO image_rx_daemon: published frame_id=0 244 B → lifetrac/v25/video/tile_delta

2026-07-26 18:31:28,731 INFO image_rx_daemon: published frame_id=0 230 B → lifetrac/v25/video/tile_delta

2026-07-26 18:31:29,116 INFO image_rx_daemon: published frame_id=0 244 B → lifetrac/v25/video/tile_delta

2026-07-26 18:31:29,116 INFO image_rx_daemon: published frame_id=0 242 B → lifetrac/v25/video/tile_delta

2026-07-26 18:31:29,117 INFO image_rx_daemon: published frame_id=0 226 B → lifetrac/v25/video/tile_delta

2026-07-26 18:31:29,392 INFO image_rx_daemon: published frame_id=0 234 B → lifetrac/v25/video/tile_delta

2026-07-26 18:31:29,394 INFO image_rx_daemon: published frame_id=0 244 B → lifetrac/v25/video/tile_delta

2026-07-26 18:31:29,788 INFO image_rx_daemon: published frame_id=0 246 B → lifetrac/v25/video/tile_delta

2026-07-26 18:31:29,790 INFO image_rx_daemon: published frame_id=0 244 B → lifetrac/v25/video/tile_delta

2026-07-26 18:31:29,791 INFO image_rx_daemon: published frame_id=0 248 B → lifetrac/v25/video/tile_delta

2026-07-26 18:31:30,191 INFO image_rx_daemon: published frame_id=0 242 B → lifetrac/v25/video/tile_delta

2026-07-26 18:31:30,192 INFO image_rx_daemon: published frame_id=0 244 B → lifetrac/v25/video/tile_delta

2026-07-26 18:31:30,194 INFO image_rx_daemon: published frame_id=0 242 B → lifetrac/v25/video/tile_delta

2026-07-26 18:31:30,604 INFO image_rx_daemon: published frame_id=0 244 B → lifetrac/v25/video/tile_delta

2026-07-26 18:31:30,605 INFO image_rx_daemon: published frame_id=0 230 B → lifetrac/v25/video/tile_delta

2026-07-26 18:31:30,606 INFO image_rx_daemon: published frame_id=0 244 B → lifetrac/v25/video/tile_delta

2026-07-26 18:31:30,992 INFO image_rx_daemon: published frame_id=0 242 B → lifetrac/v25/video/tile_delta

2026-07-26 18:31:30,995 INFO image_rx_daemon: published frame_id=0 246 B → lifetrac/v25/video/tile_delta

2026-07-26 18:31:30,996 INFO image_rx_daemon: published frame_id=0 246 B → lifetrac/v25/video/tile_delta

2026-07-26 18:31:31,393 INFO image_rx_daemon: published frame_id=0 244 B → lifetrac/v25/video/tile_delta

2026-07-26 18:31:31,395 INFO image_rx_daemon: published frame_id=0 248 B → lifetrac/v25/video/tile_delta

2026-07-26 18:31:31,397 INFO image_rx_daemon: published frame_id=0 240 B → lifetrac/v25/video/tile_delta

2026-07-26 18:31:31,579 INFO image_rx_daemon: published frame_id=0 246 B → lifetrac/v25/video/tile_delta

2026-07-26 18:31:31,985 INFO image_rx_daemon: published frame_id=0 230 B → lifetrac/v25/video/tile_delta

2026-07-26 18:31:31,985 INFO image_rx_daemon: published frame_id=0 244 B → lifetrac/v25/video/tile_delta

2026-07-26 18:31:31,986 INFO image_rx_daemon: published frame_id=0 242 B → lifetrac/v25/video/tile_delta

2026-07-26 18:31:32,443 INFO image_rx_daemon: published frame_id=0 244 B → lifetrac/v25/video/tile_delta

2026-07-26 18:31:32,636 INFO image_rx_daemon: published frame_id=0 246 B → lifetrac/v25/video/tile_delta

2026-07-26 18:31:33,048 INFO image_rx_daemon: published frame_id=0 240 B → lifetrac/v25/video/tile_delta

2026-07-26 18:31:33,049 INFO image_rx_daemon: published frame_id=0 242 B → lifetrac/v25/video/tile_delta

2026-07-26 18:31:33,050 INFO image_rx_daemon: published frame_id=0 244 B → lifetrac/v25/video/tile_delta

2026-07-26 18:31:33,456 INFO image_rx_daemon: published frame_id=0 242 B → lifetrac/v25/video/tile_delta

2026-07-26 18:31:33,458 INFO image_rx_daemon: published frame_id=0 244 B → lifetrac/v25/video/tile_delta

2026-07-26 18:31:33,459 INFO image_rx_daemon: published frame_id=0 240 B → lifetrac/v25/video/tile_delta

2026-07-26 18:31:33,631 INFO image_rx_daemon: cmd 0x60 CONVERGED after 0 attempts (0.6 s): keyframe received

2026-07-26 18:31:33,631 INFO image_rx_daemon: published frame_id=0 244 B → lifetrac/v25/video/tile_delta

2026-07-26 18:31:33,843 INFO image_rx_daemon: requesting keyframe (reassembly timeout #5)

2026-07-26 18:31:34,045 INFO image_rx_daemon: published frame_id=0 246 B → lifetrac/v25/video/tile_delta

2026-07-26 18:31:34,045 INFO image_rx_daemon: published frame_id=0 244 B → lifetrac/v25/video/tile_delta

2026-07-26 18:31:34,047 INFO image_rx_daemon: published frame_id=0 246 B → lifetrac/v25/video/tile_delta

2026-07-26 18:31:34,457 INFO image_rx_daemon: published frame_id=0 246 B → lifetrac/v25/video/tile_delta

2026-07-26 18:31:34,458 INFO image_rx_daemon: published frame_id=0 250 B → lifetrac/v25/video/tile_delta

2026-07-26 18:31:34,466 INFO image_rx_daemon: published frame_id=0 248 B → lifetrac/v25/video/tile_delta

2026-07-26 18:31:34,868 INFO image_rx_daemon: published frame_id=0 248 B → lifetrac/v25/video/tile_delta

2026-07-26 18:31:34,870 INFO image_rx_daemon: published frame_id=0 240 B → lifetrac/v25/video/tile_delta

2026-07-26 18:31:34,872 INFO image_rx_daemon: published frame_id=0 242 B → lifetrac/v25/video/tile_delta

2026-07-26 18:31:35,284 INFO image_rx_daemon: published frame_id=0 244 B → lifetrac/v25/video/tile_delta

2026-07-26 18:31:35,285 INFO image_rx_daemon: published frame_id=0 242 B → lifetrac/v25/video/tile_delta

2026-07-26 18:31:35,286 INFO image_rx_daemon: published frame_id=0 242 B → lifetrac/v25/video/tile_delta

2026-07-26 18:31:35,472 INFO image_rx_daemon: published frame_id=0 244 B → lifetrac/v25/video/tile_delta

2026-07-26 18:31:35,864 INFO image_rx_daemon: published frame_id=0 246 B → lifetrac/v25/video/tile_delta

2026-07-26 18:31:36,265 INFO image_rx_daemon: published frame_id=0 240 B → lifetrac/v25/video/tile_delta

2026-07-26 18:31:36,266 INFO image_rx_daemon: published frame_id=0 242 B → lifetrac/v25/video/tile_delta

2026-07-26 18:31:36,268 INFO image_rx_daemon: published frame_id=0 244 B → lifetrac/v25/video/tile_delta

2026-07-26 18:31:36,669 INFO image_rx_daemon: published frame_id=0 242 B → lifetrac/v25/video/tile_delta

2026-07-26 18:31:36,670 INFO image_rx_daemon: published frame_id=0 244 B → lifetrac/v25/video/tile_delta

2026-07-26 18:31:36,671 INFO image_rx_daemon: published frame_id=0 240 B → lifetrac/v25/video/tile_delta

2026-07-26 18:31:36,864 INFO image_rx_daemon: published frame_id=0 244 B → lifetrac/v25/video/tile_delta

2026-07-26 18:31:37,206 INFO image_rx_daemon: stats: rx_frames=323 rx_decode_err=0 frames_published=240 publish_err=0 reassembler_decode_err=0 reassembler_timeouts=5

2026-07-26 18:31:37,208 INFO image_rx_daemon: air_gap: n=91 dt_med=104858us dt_p95=183177us len_med=247B cmd_tx_ok=32 cmd_tx_fail=0

2026-07-26 18:31:37,269 INFO image_rx_daemon: published frame_id=0 246 B → lifetrac/v25/video/tile_delta

2026-07-26 18:31:37,270 INFO image_rx_daemon: published frame_id=0 244 B → lifetrac/v25/video/tile_delta

2026-07-26 18:31:37,271 INFO image_rx_daemon: published frame_id=0 246 B → lifetrac/v25/video/tile_delta

2026-07-26 18:31:37,676 INFO image_rx_daemon: published frame_id=0 246 B → lifetrac/v25/video/tile_delta

2026-07-26 18:31:37,677 INFO image_rx_daemon: published frame_id=0 250 B → lifetrac/v25/video/tile_delta

2026-07-26 18:31:37,678 INFO image_rx_daemon: published frame_id=0 248 B → lifetrac/v25/video/tile_delta

2026-07-26 18:31:38,092 INFO image_rx_daemon: published frame_id=0 248 B → lifetrac/v25/video/tile_delta

2026-07-26 18:31:38,095 INFO image_rx_daemon: published frame_id=0 240 B → lifetrac/v25/video/tile_delta

2026-07-26 18:31:38,095 INFO image_rx_daemon: published frame_id=0 242 B → lifetrac/v25/video/tile_delta

2026-07-26 18:31:38,493 INFO image_rx_daemon: published frame_id=0 244 B → lifetrac/v25/video/tile_delta

2026-07-26 18:31:38,495 INFO image_rx_daemon: published frame_id=0 242 B → lifetrac/v25/video/tile_delta

2026-07-26 18:31:38,496 INFO image_rx_daemon: published frame_id=0 242 B → lifetrac/v25/video/tile_delta

2026-07-26 18:31:38,797 INFO image_rx_daemon: published frame_id=0 244 B → lifetrac/v25/video/tile_delta

2026-07-26 18:31:38,798 INFO image_rx_daemon: published frame_id=0 240 B → lifetrac/v25/video/tile_delta

2026-07-26 18:31:39,003 INFO image_rx_daemon: published frame_id=0 252 B → lifetrac/v25/video/tile_delta

2026-07-26 18:31:39,413 INFO image_rx_daemon: published frame_id=0 242 B → lifetrac/v25/video/tile_delta

2026-07-26 18:31:39,413 INFO image_rx_daemon: published frame_id=0 240 B → lifetrac/v25/video/tile_delta

2026-07-26 18:31:39,414 INFO image_rx_daemon: published frame_id=0 242 B → lifetrac/v25/video/tile_delta

2026-07-26 18:31:40,224 INFO image_rx_daemon: published frame_id=0 240 B → lifetrac/v25/video/tile_delta

2026-07-26 18:31:40,226 INFO image_rx_daemon: published frame_id=0 230 B → lifetrac/v25/video/tile_delta

2026-07-26 18:31:40,227 INFO image_rx_daemon: published frame_id=0 244 B → lifetrac/v25/video/tile_delta

2026-07-26 18:31:40,608 INFO image_rx_daemon: published frame_id=0 242 B → lifetrac/v25/video/tile_delta

2026-07-26 18:31:40,611 INFO image_rx_daemon: published frame_id=0 246 B → lifetrac/v25/video/tile_delta

2026-07-26 18:31:40,613 INFO image_rx_daemon: published frame_id=0 246 B → lifetrac/v25/video/tile_delta

2026-07-26 18:31:41,108 INFO image_rx_daemon: published frame_id=0 246 B → lifetrac/v25/video/tile_delta

2026-07-26 18:31:41,404 INFO image_rx_daemon: requesting keyframe (reassembly timeout #7)

2026-07-26 18:31:41,505 INFO image_rx_daemon: published frame_id=0 242 B → lifetrac/v25/video/tile_delta

2026-07-26 18:31:41,507 INFO image_rx_daemon: published frame_id=0 244 B → lifetrac/v25/video/tile_delta

2026-07-26 18:31:41,508 INFO image_rx_daemon: published frame_id=0 230 B → lifetrac/v25/video/tile_delta

2026-07-26 18:31:41,888 INFO image_rx_daemon: published frame_id=0 244 B → lifetrac/v25/video/tile_delta

2026-07-26 18:31:41,890 INFO image_rx_daemon: published frame_id=0 242 B → lifetrac/v25/video/tile_delta

2026-07-26 18:31:41,892 INFO image_rx_daemon: published frame_id=0 226 B → lifetrac/v25/video/tile_delta

2026-07-26 18:31:42,172 INFO image_rx_daemon: published frame_id=0 234 B → lifetrac/v25/video/tile_delta

2026-07-26 18:31:42,174 INFO image_rx_daemon: published frame_id=0 244 B → lifetrac/v25/video/tile_delta

2026-07-26 18:31:42,346 INFO image_rx_daemon: published frame_id=0 246 B → lifetrac/v25/video/tile_delta

2026-07-26 18:31:42,537 INFO image_rx_daemon: published frame_id=0 246 B → lifetrac/v25/video/tile_delta

2026-07-26 18:31:42,728 INFO image_rx_daemon: published frame_id=0 244 B → lifetrac/v25/video/tile_delta

2026-07-26 18:31:43,132 INFO image_rx_daemon: published frame_id=0 242 B → lifetrac/v25/video/tile_delta

2026-07-26 18:31:43,134 INFO image_rx_daemon: published frame_id=0 244 B → lifetrac/v25/video/tile_delta

2026-07-26 18:31:43,136 INFO image_rx_daemon: published frame_id=0 230 B → lifetrac/v25/video/tile_delta

2026-07-26 18:31:43,516 INFO image_rx_daemon: published frame_id=0 244 B → lifetrac/v25/video/tile_delta

2026-07-26 18:31:43,517 INFO image_rx_daemon: published frame_id=0 242 B → lifetrac/v25/video/tile_delta

2026-07-26 18:31:43,519 INFO image_rx_daemon: published frame_id=0 226 B → lifetrac/v25/video/tile_delta

2026-07-26 18:31:43,800 INFO image_rx_daemon: published frame_id=0 234 B → lifetrac/v25/video/tile_delta

2026-07-26 18:31:43,802 INFO image_rx_daemon: published frame_id=0 244 B → lifetrac/v25/video/tile_delta

2026-07-26 18:31:44,186 INFO image_rx_daemon: published frame_id=0 246 B → lifetrac/v25/video/tile_delta

2026-07-26 18:31:44,187 INFO image_rx_daemon: published frame_id=0 244 B → lifetrac/v25/video/tile_delta

2026-07-26 18:31:44,189 INFO image_rx_daemon: published frame_id=0 248 B → lifetrac/v25/video/tile_delta

2026-07-26 18:31:44,600 INFO image_rx_daemon: published frame_id=0 242 B → lifetrac/v25/video/tile_delta

2026-07-26 18:31:44,602 INFO image_rx_daemon: published frame_id=0 244 B → lifetrac/v25/video/tile_delta

2026-07-26 18:31:44,604 INFO image_rx_daemon: published frame_id=0 242 B → lifetrac/v25/video/tile_delta

2026-07-26 18:31:44,993 INFO image_rx_daemon: published frame_id=0 244 B → lifetrac/v25/video/tile_delta

2026-07-26 18:31:44,995 INFO image_rx_daemon: published frame_id=0 230 B → lifetrac/v25/video/tile_delta

2026-07-26 18:31:44,996 INFO image_rx_daemon: published frame_id=0 244 B → lifetrac/v25/video/tile_delta

2026-07-26 18:31:45,398 INFO image_rx_daemon: published frame_id=0 242 B → lifetrac/v25/video/tile_delta

2026-07-26 18:31:45,400 INFO image_rx_daemon: published frame_id=0 246 B → lifetrac/v25/video/tile_delta

2026-07-26 18:31:45,401 INFO image_rx_daemon: published frame_id=0 246 B → lifetrac/v25/video/tile_delta

2026-07-26 18:31:45,700 INFO image_rx_daemon: published frame_id=0 244 B → lifetrac/v25/video/tile_delta

2026-07-26 18:31:45,701 INFO image_rx_daemon: published frame_id=0 240 B → lifetrac/v25/video/tile_delta

2026-07-26 18:31:45,896 INFO image_rx_daemon: cmd 0x60 CONVERGED after 0 attempts (2.8 s): keyframe received

2026-07-26 18:31:45,898 INFO image_rx_daemon: published frame_id=0 246 B → lifetrac/v25/video/tile_delta

2026-07-26 18:31:46,296 INFO image_rx_daemon: published frame_id=0 242 B → lifetrac/v25/video/tile_delta

2026-07-26 18:31:46,299 INFO image_rx_daemon: published frame_id=0 244 B → lifetrac/v25/video/tile_delta

2026-07-26 18:31:46,301 INFO image_rx_daemon: published frame_id=0 230 B → lifetrac/v25/video/tile_delta

2026-07-26 18:31:46,679 INFO image_rx_daemon: published frame_id=0 244 B → lifetrac/v25/video/tile_delta

2026-07-26 18:31:46,680 INFO image_rx_daemon: published frame_id=0 242 B → lifetrac/v25/video/tile_delta

2026-07-26 18:31:46,681 INFO image_rx_daemon: published frame_id=0 226 B → lifetrac/v25/video/tile_delta

2026-07-26 18:31:46,956 INFO image_rx_daemon: published frame_id=0 234 B → lifetrac/v25/video/tile_delta

2026-07-26 18:31:46,957 INFO image_rx_daemon: published frame_id=0 246 B → lifetrac/v25/video/tile_delta

2026-07-26 18:31:47,140 INFO image_rx_daemon: published frame_id=0 244 B → lifetrac/v25/video/tile_delta

2026-07-26 18:31:47,217 INFO image_rx_daemon: stats: rx_frames=412 rx_decode_err=0 frames_published=308 publish_err=0 reassembler_decode_err=0 reassembler_timeouts=8

2026-07-26 18:31:47,219 INFO image_rx_daemon: air_gap: n=89 dt_med=104854us dt_p95=183441us len_med=247B cmd_tx_ok=32 cmd_tx_fail=0

2026-07-26 18:31:47,340 INFO image_rx_daemon: published frame_id=0 246 B → lifetrac/v25/video/tile_delta

2026-07-26 18:31:47,521 INFO image_rx_daemon: published frame_id=0 244 B → lifetrac/v25/video/tile_delta

2026-07-26 18:31:47,924 INFO image_rx_daemon: published frame_id=0 242 B → lifetrac/v25/video/tile_delta

2026-07-26 18:31:47,925 INFO image_rx_daemon: published frame_id=0 244 B → lifetrac/v25/video/tile_delta

2026-07-26 18:31:47,926 INFO image_rx_daemon: published frame_id=0 230 B → lifetrac/v25/video/tile_delta

2026-07-26 18:31:48,303 INFO image_rx_daemon: published frame_id=0 244 B → lifetrac/v25/video/tile_delta

2026-07-26 18:31:48,304 INFO image_rx_daemon: published frame_id=0 242 B → lifetrac/v25/video/tile_delta

2026-07-26 18:31:48,305 INFO image_rx_daemon: published frame_id=0 226 B → lifetrac/v25/video/tile_delta

2026-07-26 18:31:48,595 INFO image_rx_daemon: published frame_id=0 234 B → lifetrac/v25/video/tile_delta

2026-07-26 18:31:48,596 INFO image_rx_daemon: published frame_id=0 244 B → lifetrac/v25/video/tile_delta

2026-07-26 18:31:48,985 INFO image_rx_daemon: published frame_id=0 246 B → lifetrac/v25/video/tile_delta

2026-07-26 18:31:48,987 INFO image_rx_daemon: published frame_id=0 244 B → lifetrac/v25/video/tile_delta

2026-07-26 18:31:48,988 INFO image_rx_daemon: published frame_id=0 248 B → lifetrac/v25/video/tile_delta

2026-07-26 18:31:49,389 INFO image_rx_daemon: published frame_id=0 242 B → lifetrac/v25/video/tile_delta

2026-07-26 18:31:49,391 INFO image_rx_daemon: published frame_id=0 244 B → lifetrac/v25/video/tile_delta

2026-07-26 18:31:49,392 INFO image_rx_daemon: published frame_id=0 242 B → lifetrac/v25/video/tile_delta

2026-07-26 18:31:49,789 INFO image_rx_daemon: published frame_id=0 244 B → lifetrac/v25/video/tile_delta

2026-07-26 18:31:49,794 INFO image_rx_daemon: published frame_id=0 244 B → lifetrac/v25/video/tile_delta

2026-07-26 18:31:49,795 INFO image_rx_daemon: published frame_id=0 230 B → lifetrac/v25/video/tile_delta

2026-07-26 18:31:50,183 INFO image_rx_daemon: published frame_id=0 244 B → lifetrac/v25/video/tile_delta

2026-07-26 18:31:50,185 INFO image_rx_daemon: published frame_id=0 246 B → lifetrac/v25/video/tile_delta

2026-07-26 18:31:50,186 INFO image_rx_daemon: published frame_id=0 246 B → lifetrac/v25/video/tile_delta

2026-07-26 18:31:50,600 INFO image_rx_daemon: published frame_id=0 244 B → lifetrac/v25/video/tile_delta

2026-07-26 18:31:50,601 INFO image_rx_daemon: published frame_id=0 248 B → lifetrac/v25/video/tile_delta

2026-07-26 18:31:50,602 INFO image_rx_daemon: published frame_id=0 240 B → lifetrac/v25/video/tile_delta

2026-07-26 18:31:50,788 INFO image_rx_daemon: published frame_id=0 246 B → lifetrac/v25/video/tile_delta

2026-07-26 18:31:51,188 INFO image_rx_daemon: published frame_id=0 230 B → lifetrac/v25/video/tile_delta

2026-07-26 18:31:51,189 INFO image_rx_daemon: published frame_id=0 244 B → lifetrac/v25/video/tile_delta

2026-07-26 18:31:51,192 INFO image_rx_daemon: published frame_id=0 242 B → lifetrac/v25/video/tile_delta

2026-07-26 18:31:51,458 INFO image_rx_daemon: published frame_id=0 226 B → lifetrac/v25/video/tile_delta

2026-07-26 18:31:51,460 INFO image_rx_daemon: published frame_id=0 234 B → lifetrac/v25/video/tile_delta

2026-07-26 18:31:51,632 INFO image_rx_daemon: published frame_id=0 244 B → lifetrac/v25/video/tile_delta

2026-07-26 18:31:51,824 INFO image_rx_daemon: published frame_id=0 246 B → lifetrac/v25/video/tile_delta

2026-07-26 18:31:52,237 INFO image_rx_daemon: published frame_id=0 242 B → lifetrac/v25/video/tile_delta

2026-07-26 18:31:52,238 INFO image_rx_daemon: published frame_id=0 240 B → lifetrac/v25/video/tile_delta

2026-07-26 18:31:52,239 INFO image_rx_daemon: published frame_id=0 242 B → lifetrac/v25/video/tile_delta

2026-07-26 18:31:52,642 INFO image_rx_daemon: published frame_id=0 244 B → lifetrac/v25/video/tile_delta

2026-07-26 18:31:52,643 INFO image_rx_daemon: published frame_id=0 242 B → lifetrac/v25/video/tile_delta

2026-07-26 18:31:52,644 INFO image_rx_daemon: published frame_id=0 244 B → lifetrac/v25/video/tile_delta

2026-07-26 18:31:53,044 INFO image_rx_daemon: published frame_id=0 240 B → lifetrac/v25/video/tile_delta

2026-07-26 18:31:53,047 INFO image_rx_daemon: published frame_id=0 230 B → lifetrac/v25/video/tile_delta

2026-07-26 18:31:53,047 INFO image_rx_daemon: published frame_id=0 244 B → lifetrac/v25/video/tile_delta

2026-07-26 18:31:53,432 INFO image_rx_daemon: published frame_id=0 242 B → lifetrac/v25/video/tile_delta

2026-07-26 18:31:53,434 INFO image_rx_daemon: published frame_id=0 246 B → lifetrac/v25/video/tile_delta

2026-07-26 18:31:53,435 INFO image_rx_daemon: published frame_id=0 244 B → lifetrac/v25/video/tile_delta

2026-07-26 18:31:53,732 INFO image_rx_daemon: published frame_id=0 246 B → lifetrac/v25/video/tile_delta

2026-07-26 18:31:53,733 INFO image_rx_daemon: published frame_id=0 240 B → lifetrac/v25/video/tile_delta

2026-07-26 18:31:53,916 INFO image_rx_daemon: cmd 0x60 CONVERGED after 0 attempts (0.4 s): keyframe received

2026-07-26 18:31:53,917 INFO image_rx_daemon: published frame_id=0 246 B → lifetrac/v25/video/tile_delta

2026-07-26 18:31:54,326 INFO image_rx_daemon: published frame_id=0 242 B → lifetrac/v25/video/tile_delta

2026-07-26 18:31:54,327 INFO image_rx_daemon: published frame_id=0 244 B → lifetrac/v25/video/tile_delta

2026-07-26 18:31:54,328 INFO image_rx_daemon: published frame_id=0 230 B → lifetrac/v25/video/tile_delta

2026-07-26 18:31:54,708 INFO image_rx_daemon: published frame_id=0 244 B → lifetrac/v25/video/tile_delta

2026-07-26 18:31:54,710 INFO image_rx_daemon: published frame_id=0 242 B → lifetrac/v25/video/tile_delta

2026-07-26 18:31:54,711 INFO image_rx_daemon: published frame_id=0 226 B → lifetrac/v25/video/tile_delta

2026-07-26 18:31:54,984 INFO image_rx_daemon: published frame_id=0 234 B → lifetrac/v25/video/tile_delta

2026-07-26 18:31:54,987 INFO image_rx_daemon: published frame_id=0 244 B → lifetrac/v25/video/tile_delta

2026-07-26 18:31:55,381 INFO image_rx_daemon: published frame_id=0 246 B → lifetrac/v25/video/tile_delta

2026-07-26 18:31:55,382 INFO image_rx_daemon: published frame_id=0 244 B → lifetrac/v25/video/tile_delta

2026-07-26 18:31:55,383 INFO image_rx_daemon: published frame_id=0 248 B → lifetrac/v25/video/tile_delta

2026-07-26 18:31:55,796 INFO image_rx_daemon: published frame_id=0 242 B → lifetrac/v25/video/tile_delta

2026-07-26 18:31:55,798 INFO image_rx_daemon: published frame_id=0 244 B → lifetrac/v25/video/tile_delta

2026-07-26 18:31:55,800 INFO image_rx_daemon: published frame_id=0 242 B → lifetrac/v25/video/tile_delta

2026-07-26 18:31:56,192 INFO image_rx_daemon: published frame_id=0 244 B → lifetrac/v25/video/tile_delta

2026-07-26 18:31:56,194 INFO image_rx_daemon: published frame_id=0 244 B → lifetrac/v25/video/tile_delta

2026-07-26 18:31:56,195 INFO image_rx_daemon: published frame_id=0 230 B → lifetrac/v25/video/tile_delta

2026-07-26 18:31:56,588 INFO image_rx_daemon: published frame_id=0 244 B → lifetrac/v25/video/tile_delta

2026-07-26 18:31:56,589 INFO image_rx_daemon: published frame_id=0 246 B → lifetrac/v25/video/tile_delta

2026-07-26 18:31:56,590 INFO image_rx_daemon: published frame_id=0 246 B → lifetrac/v25/video/tile_delta

2026-07-26 18:31:56,989 INFO image_rx_daemon: published frame_id=0 244 B → lifetrac/v25/video/tile_delta

2026-07-26 18:31:56,991 INFO image_rx_daemon: published frame_id=0 248 B → lifetrac/v25/video/tile_delta

2026-07-26 18:31:56,992 INFO image_rx_daemon: published frame_id=0 240 B → lifetrac/v25/video/tile_delta

2026-07-26 18:31:57,176 INFO image_rx_daemon: published frame_id=0 246 B → lifetrac/v25/video/tile_delta

2026-07-26 18:31:57,228 INFO image_rx_daemon: stats: rx_frames=503 rx_decode_err=0 frames_published=380 publish_err=0 reassembler_decode_err=0 reassembler_timeouts=8

2026-07-26 18:31:57,231 INFO image_rx_daemon: air_gap: n=91 dt_med=104853us dt_p95=182183us len_med=247B cmd_tx_ok=32 cmd_tx_fail=0

2026-07-26 18:31:57,584 INFO image_rx_daemon: published frame_id=0 244 B → lifetrac/v25/video/tile_delta

2026-07-26 18:31:57,586 INFO image_rx_daemon: published frame_id=0 230 B → lifetrac/v25/video/tile_delta

2026-07-26 18:31:57,587 INFO image_rx_daemon: published frame_id=0 244 B → lifetrac/v25/video/tile_delta

2026-07-26 18:31:57,964 INFO image_rx_daemon: published frame_id=0 242 B → lifetrac/v25/video/tile_delta

2026-07-26 18:31:57,965 INFO image_rx_daemon: published frame_id=0 226 B → lifetrac/v25/video/tile_delta

2026-07-26 18:31:57,968 INFO image_rx_daemon: published frame_id=0 234 B → lifetrac/v25/video/tile_delta

2026-07-26 18:31:58,144 INFO image_rx_daemon: published frame_id=0 244 B → lifetrac/v25/video/tile_delta

2026-07-26 18:31:58,548 INFO image_rx_daemon: published frame_id=0 248 B → lifetrac/v25/video/tile_delta

2026-07-26 18:31:58,549 INFO image_rx_daemon: published frame_id=0 242 B → lifetrac/v25/video/tile_delta

2026-07-26 18:31:58,550 INFO image_rx_daemon: published frame_id=0 240 B → lifetrac/v25/video/tile_delta

2026-07-26 18:31:58,949 INFO image_rx_daemon: published frame_id=0 242 B → lifetrac/v25/video/tile_delta

2026-07-26 18:31:58,951 INFO image_rx_daemon: published frame_id=0 244 B → lifetrac/v25/video/tile_delta

2026-07-26 18:31:58,952 INFO image_rx_daemon: published frame_id=0 242 B → lifetrac/v25/video/tile_delta

2026-07-26 18:31:59,356 INFO image_rx_daemon: published frame_id=0 244 B → lifetrac/v25/video/tile_delta

2026-07-26 18:31:59,357 INFO image_rx_daemon: published frame_id=0 244 B → lifetrac/v25/video/tile_delta

2026-07-26 18:31:59,360 INFO image_rx_daemon: published frame_id=0 230 B → lifetrac/v25/video/tile_delta

2026-07-26 18:31:59,534 INFO image_rx_daemon: published frame_id=0 244 B → lifetrac/v25/video/tile_delta

2026-07-26 18:31:59,720 INFO image_rx_daemon: published frame_id=0 252 B → lifetrac/v25/video/tile_delta

2026-07-26 18:32:00,122 INFO image_rx_daemon: published frame_id=0 244 B → lifetrac/v25/video/tile_delta

2026-07-26 18:32:00,124 INFO image_rx_daemon: published frame_id=0 248 B → lifetrac/v25/video/tile_delta

2026-07-26 18:32:00,126 INFO image_rx_daemon: published frame_id=0 242 B → lifetrac/v25/video/tile_delta

2026-07-26 18:32:00,540 INFO image_rx_daemon: published frame_id=0 240 B → lifetrac/v25/video/tile_delta

2026-07-26 18:32:00,542 INFO image_rx_daemon: published frame_id=0 242 B → lifetrac/v25/video/tile_delta

2026-07-26 18:32:00,544 INFO image_rx_daemon: published frame_id=0 244 B → lifetrac/v25/video/tile_delta

2026-07-26 18:32:00,943 INFO image_rx_daemon: published frame_id=0 242 B → lifetrac/v25/video/tile_delta

2026-07-26 18:32:00,944 INFO image_rx_daemon: published frame_id=0 242 B → lifetrac/v25/video/tile_delta

2026-07-26 18:32:00,947 INFO image_rx_daemon: published frame_id=0 244 B → lifetrac/v25/video/tile_delta

2026-07-26 18:32:01,126 INFO image_rx_daemon: published frame_id=0 230 B → lifetrac/v25/video/tile_delta

2026-07-26 18:32:01,308 INFO image_rx_daemon: published frame_id=0 252 B → lifetrac/v25/video/tile_delta

2026-07-26 18:32:01,720 INFO image_rx_daemon: published frame_id=0 244 B → lifetrac/v25/video/tile_delta

2026-07-26 18:32:01,721 INFO image_rx_daemon: published frame_id=0 248 B → lifetrac/v25/video/tile_delta

2026-07-26 18:32:01,723 INFO image_rx_daemon: published frame_id=0 242 B → lifetrac/v25/video/tile_delta

2026-07-26 18:32:02,122 INFO image_rx_daemon: published frame_id=0 240 B → lifetrac/v25/video/tile_delta

2026-07-26 18:32:02,123 INFO image_rx_daemon: published frame_id=0 242 B → lifetrac/v25/video/tile_delta

2026-07-26 18:32:02,124 INFO image_rx_daemon: published frame_id=0 244 B → lifetrac/v25/video/tile_delta

2026-07-26 18:32:02,533 INFO image_rx_daemon: published frame_id=0 242 B → lifetrac/v25/video/tile_delta

2026-07-26 18:32:02,534 INFO image_rx_daemon: published frame_id=0 242 B → lifetrac/v25/video/tile_delta

2026-07-26 18:32:02,536 INFO image_rx_daemon: published frame_id=0 244 B → lifetrac/v25/video/tile_delta

2026-07-26 18:32:02,836 INFO image_rx_daemon: published frame_id=0 230 B → lifetrac/v25/video/tile_delta

2026-07-26 18:32:02,837 INFO image_rx_daemon: published frame_id=0 240 B → lifetrac/v25/video/tile_delta

2026-07-26 18:32:03,009 INFO image_rx_daemon: published frame_id=0 252 B → lifetrac/v25/video/tile_delta

2026-07-26 18:32:03,420 INFO image_rx_daemon: published frame_id=0 242 B → lifetrac/v25/video/tile_delta

2026-07-26 18:32:03,421 INFO image_rx_daemon: published frame_id=0 240 B → lifetrac/v25/video/tile_delta

2026-07-26 18:32:03,423 INFO image_rx_daemon: published frame_id=0 242 B → lifetrac/v25/video/tile_delta

2026-07-26 18:32:03,820 INFO image_rx_daemon: published frame_id=0 244 B → lifetrac/v25/video/tile_delta

2026-07-26 18:32:03,822 INFO image_rx_daemon: published frame_id=0 242 B → lifetrac/v25/video/tile_delta

2026-07-26 18:32:03,823 INFO image_rx_daemon: published frame_id=0 244 B → lifetrac/v25/video/tile_delta

2026-07-26 18:32:04,236 INFO image_rx_daemon: published frame_id=0 240 B → lifetrac/v25/video/tile_delta

2026-07-26 18:32:04,238 INFO image_rx_daemon: published frame_id=0 230 B → lifetrac/v25/video/tile_delta

2026-07-26 18:32:04,240 INFO image_rx_daemon: published frame_id=0 244 B → lifetrac/v25/video/tile_delta

2026-07-26 18:32:04,609 INFO image_rx_daemon: published frame_id=0 242 B → lifetrac/v25/video/tile_delta

2026-07-26 18:32:04,611 INFO image_rx_daemon: published frame_id=0 246 B → lifetrac/v25/video/tile_delta

2026-07-26 18:32:04,612 INFO image_rx_daemon: published frame_id=0 246 B → lifetrac/v25/video/tile_delta

2026-07-26 18:32:04,916 INFO image_rx_daemon: published frame_id=0 244 B → lifetrac/v25/video/tile_delta

2026-07-26 18:32:04,918 INFO image_rx_daemon: published frame_id=0 240 B → lifetrac/v25/video/tile_delta

2026-07-26 18:32:05,104 INFO image_rx_daemon: cmd 0x60 CONVERGED after 0 attempts (0.9 s): keyframe received

2026-07-26 18:32:05,105 INFO image_rx_daemon: published frame_id=0 246 B → lifetrac/v25/video/tile_delta

2026-07-26 18:32:05,504 INFO image_rx_daemon: published frame_id=0 242 B → lifetrac/v25/video/tile_delta

2026-07-26 18:32:05,505 INFO image_rx_daemon: published frame_id=0 244 B → lifetrac/v25/video/tile_delta

2026-07-26 18:32:05,508 INFO image_rx_daemon: published frame_id=0 230 B → lifetrac/v25/video/tile_delta

2026-07-26 18:32:05,901 INFO image_rx_daemon: published frame_id=0 244 B → lifetrac/v25/video/tile_delta

2026-07-26 18:32:05,903 INFO image_rx_daemon: published frame_id=0 242 B → lifetrac/v25/video/tile_delta

2026-07-26 18:32:05,904 INFO image_rx_daemon: published frame_id=0 226 B → lifetrac/v25/video/tile_delta

2026-07-26 18:32:06,180 INFO image_rx_daemon: published frame_id=0 234 B → lifetrac/v25/video/tile_delta

2026-07-26 18:32:06,181 INFO image_rx_daemon: published frame_id=0 244 B → lifetrac/v25/video/tile_delta

2026-07-26 18:32:06,352 INFO image_rx_daemon: published frame_id=0 246 B → lifetrac/v25/video/tile_delta

2026-07-26 18:32:06,545 INFO image_rx_daemon: published frame_id=0 246 B → lifetrac/v25/video/tile_delta

2026-07-26 18:32:06,740 INFO image_rx_daemon: published frame_id=0 244 B → lifetrac/v25/video/tile_delta

2026-07-26 18:32:07,137 INFO image_rx_daemon: published frame_id=0 244 B → lifetrac/v25/video/tile_delta

2026-07-26 18:32:07,138 INFO image_rx_daemon: published frame_id=0 230 B → lifetrac/v25/video/tile_delta

2026-07-26 18:32:07,139 INFO image_rx_daemon: published frame_id=0 244 B → lifetrac/v25/video/tile_delta

2026-07-26 18:32:07,236 INFO image_rx_daemon: stats: rx_frames=594 rx_decode_err=0 frames_published=450 publish_err=0 reassembler_decode_err=0 reassembler_timeouts=8

2026-07-26 18:32:07,237 INFO image_rx_daemon: air_gap: n=91 dt_med=104854us dt_p95=182412us len_med=247B cmd_tx_ok=32 cmd_tx_fail=0

2026-07-26 18:32:07,516 INFO image_rx_daemon: published frame_id=0 242 B → lifetrac/v25/video/tile_delta

2026-07-26 18:32:07,518 INFO image_rx_daemon: published frame_id=0 226 B → lifetrac/v25/video/tile_delta

2026-07-26 18:32:07,519 INFO image_rx_daemon: published frame_id=0 234 B → lifetrac/v25/video/tile_delta

2026-07-26 18:32:07,696 INFO image_rx_daemon: published frame_id=0 244 B → lifetrac/v25/video/tile_delta

2026-07-26 18:32:08,105 INFO image_rx_daemon: published frame_id=0 244 B → lifetrac/v25/video/tile_delta

2026-07-26 18:32:08,106 INFO image_rx_daemon: published frame_id=0 248 B → lifetrac/v25/video/tile_delta

2026-07-26 18:32:08,107 INFO image_rx_daemon: published frame_id=0 242 B → lifetrac/v25/video/tile_delta

2026-07-26 18:32:08,506 INFO image_rx_daemon: published frame_id=0 240 B → lifetrac/v25/video/tile_delta

2026-07-26 18:32:08,508 INFO image_rx_daemon: published frame_id=0 242 B → lifetrac/v25/video/tile_delta

2026-07-26 18:32:08,509 INFO image_rx_daemon: published frame_id=0 244 B → lifetrac/v25/video/tile_delta

2026-07-26 18:32:08,920 INFO image_rx_daemon: published frame_id=0 242 B → lifetrac/v25/video/tile_delta

2026-07-26 18:32:08,922 INFO image_rx_daemon: published frame_id=0 242 B → lifetrac/v25/video/tile_delta

2026-07-26 18:32:08,923 INFO image_rx_daemon: published frame_id=0 244 B → lifetrac/v25/video/tile_delta

2026-07-26 18:32:09,224 INFO image_rx_daemon: published frame_id=0 230 B → lifetrac/v25/video/tile_delta

2026-07-26 18:32:09,225 INFO image_rx_daemon: published frame_id=0 240 B → lifetrac/v25/video/tile_delta

2026-07-26 18:32:09,397 INFO image_rx_daemon: published frame_id=0 252 B → lifetrac/v25/video/tile_delta

2026-07-26 18:32:09,807 INFO image_rx_daemon: published frame_id=0 242 B → lifetrac/v25/video/tile_delta

2026-07-26 18:32:09,809 INFO image_rx_daemon: published frame_id=0 240 B → lifetrac/v25/video/tile_delta

2026-07-26 18:32:09,812 INFO image_rx_daemon: published frame_id=0 242 B → lifetrac/v25/video/tile_delta

2026-07-26 18:32:10,202 INFO image_rx_daemon: published frame_id=0 244 B → lifetrac/v25/video/tile_delta

2026-07-26 18:32:10,204 INFO image_rx_daemon: published frame_id=0 242 B → lifetrac/v25/video/tile_delta

2026-07-26 18:32:10,206 INFO image_rx_daemon: published frame_id=0 244 B → lifetrac/v25/video/tile_delta

2026-07-26 18:32:10,612 INFO image_rx_daemon: published frame_id=0 240 B → lifetrac/v25/video/tile_delta

2026-07-26 18:32:10,615 INFO image_rx_daemon: published frame_id=0 230 B → lifetrac/v25/video/tile_delta

2026-07-26 18:32:10,616 INFO image_rx_daemon: published frame_id=0 244 B → lifetrac/v25/video/tile_delta

2026-07-26 18:32:10,998 INFO image_rx_daemon: published frame_id=0 242 B → lifetrac/v25/video/tile_delta

2026-07-26 18:32:11,000 INFO image_rx_daemon: published frame_id=0 246 B → lifetrac/v25/video/tile_delta

2026-07-26 18:32:11,002 INFO image_rx_daemon: published frame_id=0 246 B → lifetrac/v25/video/tile_delta

2026-07-26 18:32:11,292 INFO image_rx_daemon: published frame_id=0 244 B → lifetrac/v25/video/tile_delta

2026-07-26 18:32:11,293 INFO image_rx_daemon: published frame_id=0 240 B → lifetrac/v25/video/tile_delta

2026-07-26 18:32:11,498 INFO image_rx_daemon: published frame_id=0 246 B → lifetrac/v25/video/tile_delta

2026-07-26 18:32:11,896 INFO image_rx_daemon: published frame_id=0 242 B → lifetrac/v25/video/tile_delta

2026-07-26 18:32:11,898 INFO image_rx_daemon: published frame_id=0 244 B → lifetrac/v25/video/tile_delta

2026-07-26 18:32:11,900 INFO image_rx_daemon: published frame_id=0 230 B → lifetrac/v25/video/tile_delta

2026-07-26 18:32:12,284 INFO image_rx_daemon: published frame_id=0 244 B → lifetrac/v25/video/tile_delta

2026-07-26 18:32:12,286 INFO image_rx_daemon: published frame_id=0 242 B → lifetrac/v25/video/tile_delta

2026-07-26 18:32:12,287 INFO image_rx_daemon: published frame_id=0 226 B → lifetrac/v25/video/tile_delta

2026-07-26 18:32:12,568 INFO image_rx_daemon: published frame_id=0 234 B → lifetrac/v25/video/tile_delta

2026-07-26 18:32:12,569 INFO image_rx_daemon: published frame_id=0 246 B → lifetrac/v25/video/tile_delta

2026-07-26 18:32:12,744 INFO image_rx_daemon: published frame_id=0 244 B → lifetrac/v25/video/tile_delta

2026-07-26 18:32:12,928 INFO image_rx_daemon: published frame_id=0 246 B → lifetrac/v25/video/tile_delta

2026-07-26 18:32:13,122 INFO image_rx_daemon: published frame_id=0 244 B → lifetrac/v25/video/tile_delta

2026-07-26 18:32:13,530 INFO image_rx_daemon: published frame_id=0 242 B → lifetrac/v25/video/tile_delta

2026-07-26 18:32:13,532 INFO image_rx_daemon: published frame_id=0 244 B → lifetrac/v25/video/tile_delta

2026-07-26 18:32:13,533 INFO image_rx_daemon: published frame_id=0 230 B → lifetrac/v25/video/tile_delta

2026-07-26 18:32:13,904 INFO image_rx_daemon: published frame_id=0 244 B → lifetrac/v25/video/tile_delta

2026-07-26 18:32:13,906 INFO image_rx_daemon: published frame_id=0 242 B → lifetrac/v25/video/tile_delta

2026-07-26 18:32:13,907 INFO image_rx_daemon: published frame_id=0 226 B → lifetrac/v25/video/tile_delta

2026-07-26 18:32:14,194 INFO image_rx_daemon: published frame_id=0 234 B → lifetrac/v25/video/tile_delta

2026-07-26 18:32:14,195 INFO image_rx_daemon: published frame_id=0 244 B → lifetrac/v25/video/tile_delta

2026-07-26 18:32:14,594 INFO image_rx_daemon: published frame_id=0 246 B → lifetrac/v25/video/tile_delta

2026-07-26 18:32:14,596 INFO image_rx_daemon: published frame_id=0 244 B → lifetrac/v25/video/tile_delta

2026-07-26 18:32:14,598 INFO image_rx_daemon: published frame_id=0 248 B → lifetrac/v25/video/tile_delta

2026-07-26 18:32:15,000 INFO image_rx_daemon: published frame_id=0 242 B → lifetrac/v25/video/tile_delta

2026-07-26 18:32:15,001 INFO image_rx_daemon: published frame_id=0 244 B → lifetrac/v25/video/tile_delta

2026-07-26 18:32:15,002 INFO image_rx_daemon: published frame_id=0 242 B → lifetrac/v25/video/tile_delta

2026-07-26 18:32:15,400 INFO image_rx_daemon: published frame_id=0 244 B → lifetrac/v25/video/tile_delta

2026-07-26 18:32:15,402 INFO image_rx_daemon: published frame_id=0 230 B → lifetrac/v25/video/tile_delta

2026-07-26 18:32:15,403 INFO image_rx_daemon: published frame_id=0 244 B → lifetrac/v25/video/tile_delta

2026-07-26 18:32:15,784 INFO image_rx_daemon: published frame_id=0 242 B → lifetrac/v25/video/tile_delta

2026-07-26 18:32:15,786 INFO image_rx_daemon: published frame_id=0 246 B → lifetrac/v25/video/tile_delta

2026-07-26 18:32:15,787 INFO image_rx_daemon: published frame_id=0 246 B → lifetrac/v25/video/tile_delta

2026-07-26 18:32:16,194 INFO image_rx_daemon: published frame_id=0 244 B → lifetrac/v25/video/tile_delta

2026-07-26 18:32:16,195 INFO image_rx_daemon: published frame_id=0 248 B → lifetrac/v25/video/tile_delta

2026-07-26 18:32:16,197 INFO image_rx_daemon: published frame_id=0 240 B → lifetrac/v25/video/tile_delta

2026-07-26 18:32:16,379 INFO image_rx_daemon: cmd 0x60 CONVERGED after 0 attempts (1.8 s): keyframe received

2026-07-26 18:32:16,380 INFO image_rx_daemon: published frame_id=0 246 B → lifetrac/v25/video/tile_delta

2026-07-26 18:32:17,172 INFO image_rx_daemon: published frame_id=0 242 B → lifetrac/v25/video/tile_delta

2026-07-26 18:32:17,174 INFO image_rx_daemon: published frame_id=0 226 B → lifetrac/v25/video/tile_delta

2026-07-26 18:32:17,176 INFO image_rx_daemon: published frame_id=0 234 B → lifetrac/v25/video/tile_delta

2026-07-26 18:32:17,240 INFO image_rx_daemon: stats: rx_frames=683 rx_decode_err=0 frames_published=519 publish_err=0 reassembler_decode_err=0 reassembler_timeouts=8

2026-07-26 18:32:17,243 INFO image_rx_daemon: air_gap: n=89 dt_med=104847us dt_p95=182982us len_med=247B cmd_tx_ok=32 cmd_tx_fail=0

2026-07-26 18:32:17,346 INFO image_rx_daemon: published frame_id=0 244 B → lifetrac/v25/video/tile_delta

2026-07-26 18:32:17,752 INFO image_rx_daemon: published frame_id=0 248 B → lifetrac/v25/video/tile_delta

2026-07-26 18:32:17,752 INFO image_rx_daemon: published frame_id=0 242 B → lifetrac/v25/video/tile_delta

2026-07-26 18:32:17,755 INFO image_rx_daemon: published frame_id=0 240 B → lifetrac/v25/video/tile_delta

2026-07-26 18:32:18,159 INFO image_rx_daemon: published frame_id=0 242 B → lifetrac/v25/video/tile_delta

2026-07-26 18:32:18,161 INFO image_rx_daemon: published frame_id=0 244 B → lifetrac/v25/video/tile_delta

2026-07-26 18:32:18,162 INFO image_rx_daemon: published frame_id=0 242 B → lifetrac/v25/video/tile_delta

2026-07-26 18:32:18,356 INFO image_rx_daemon: requesting keyframe (reassembly timeout #9)

2026-07-26 18:32:18,560 INFO image_rx_daemon: published frame_id=0 244 B → lifetrac/v25/video/tile_delta

2026-07-26 18:32:18,562 INFO image_rx_daemon: published frame_id=0 244 B → lifetrac/v25/video/tile_delta

2026-07-26 18:32:18,563 INFO image_rx_daemon: published frame_id=0 230 B → lifetrac/v25/video/tile_delta

2026-07-26 18:32:18,735 INFO image_rx_daemon: published frame_id=0 244 B → lifetrac/v25/video/tile_delta

2026-07-26 18:32:18,934 INFO image_rx_daemon: published frame_id=0 252 B → lifetrac/v25/video/tile_delta

2026-07-26 18:32:19,330 INFO image_rx_daemon: published frame_id=0 244 B → lifetrac/v25/video/tile_delta

2026-07-26 18:32:19,332 INFO image_rx_daemon: published frame_id=0 248 B → lifetrac/v25/video/tile_delta

2026-07-26 18:32:19,333 INFO image_rx_daemon: published frame_id=0 242 B → lifetrac/v25/video/tile_delta

2026-07-26 18:32:19,741 INFO image_rx_daemon: published frame_id=0 240 B → lifetrac/v25/video/tile_delta

2026-07-26 18:32:19,742 INFO image_rx_daemon: published frame_id=0 242 B → lifetrac/v25/video/tile_delta

2026-07-26 18:32:19,744 INFO image_rx_daemon: published frame_id=0 244 B → lifetrac/v25/video/tile_delta

2026-07-26 18:32:20,144 INFO image_rx_daemon: published frame_id=0 242 B → lifetrac/v25/video/tile_delta

2026-07-26 18:32:20,145 INFO image_rx_daemon: published frame_id=0 242 B → lifetrac/v25/video/tile_delta

2026-07-26 18:32:20,146 INFO image_rx_daemon: published frame_id=0 244 B → lifetrac/v25/video/tile_delta

2026-07-26 18:32:20,347 INFO image_rx_daemon: published frame_id=0 230 B → lifetrac/v25/video/tile_delta

2026-07-26 18:32:20,520 INFO image_rx_daemon: published frame_id=0 252 B → lifetrac/v25/video/tile_delta

2026-07-26 18:32:20,926 INFO image_rx_daemon: published frame_id=0 244 B → lifetrac/v25/video/tile_delta

2026-07-26 18:32:20,927 INFO image_rx_daemon: published frame_id=0 248 B → lifetrac/v25/video/tile_delta

2026-07-26 18:32:20,929 INFO image_rx_daemon: published frame_id=0 242 B → lifetrac/v25/video/tile_delta

2026-07-26 18:32:21,332 INFO image_rx_daemon: published frame_id=0 240 B → lifetrac/v25/video/tile_delta

2026-07-26 18:32:21,334 INFO image_rx_daemon: published frame_id=0 242 B → lifetrac/v25/video/tile_delta

2026-07-26 18:32:21,335 INFO image_rx_daemon: published frame_id=0 244 B → lifetrac/v25/video/tile_delta

2026-07-26 18:32:21,734 INFO image_rx_daemon: published frame_id=0 242 B → lifetrac/v25/video/tile_delta

2026-07-26 18:32:21,735 INFO image_rx_daemon: published frame_id=0 242 B → lifetrac/v25/video/tile_delta

2026-07-26 18:32:21,736 INFO image_rx_daemon: published frame_id=0 244 B → lifetrac/v25/video/tile_delta

2026-07-26 18:32:22,040 INFO image_rx_daemon: published frame_id=0 230 B → lifetrac/v25/video/tile_delta

2026-07-26 18:32:22,042 INFO image_rx_daemon: published frame_id=0 240 B → lifetrac/v25/video/tile_delta

2026-07-26 18:32:22,221 INFO image_rx_daemon: published frame_id=0 252 B → lifetrac/v25/video/tile_delta

2026-07-26 18:32:22,631 INFO image_rx_daemon: published frame_id=0 242 B → lifetrac/v25/video/tile_delta

2026-07-26 18:32:22,632 INFO image_rx_daemon: published frame_id=0 240 B → lifetrac/v25/video/tile_delta

2026-07-26 18:32:22,634 INFO image_rx_daemon: published frame_id=0 242 B → lifetrac/v25/video/tile_delta

2026-07-26 18:32:23,036 INFO image_rx_daemon: published frame_id=0 244 B → lifetrac/v25/video/tile_delta

2026-07-26 18:32:23,038 INFO image_rx_daemon: published frame_id=0 242 B → lifetrac/v25/video/tile_delta

2026-07-26 18:32:23,039 INFO image_rx_daemon: published frame_id=0 244 B → lifetrac/v25/video/tile_delta

2026-07-26 18:32:23,436 INFO image_rx_daemon: published frame_id=0 240 B → lifetrac/v25/video/tile_delta

2026-07-26 18:32:23,437 INFO image_rx_daemon: published frame_id=0 230 B → lifetrac/v25/video/tile_delta

2026-07-26 18:32:23,438 INFO image_rx_daemon: published frame_id=0 244 B → lifetrac/v25/video/tile_delta

2026-07-26 18:32:23,825 INFO image_rx_daemon: published frame_id=0 242 B → lifetrac/v25/video/tile_delta

2026-07-26 18:32:23,827 INFO image_rx_daemon: published frame_id=0 246 B → lifetrac/v25/video/tile_delta

2026-07-26 18:32:23,828 INFO image_rx_daemon: published frame_id=0 246 B → lifetrac/v25/video/tile_delta

2026-07-26 18:32:24,121 INFO image_rx_daemon: published frame_id=0 244 B → lifetrac/v25/video/tile_delta

2026-07-26 18:32:24,123 INFO image_rx_daemon: published frame_id=0 240 B → lifetrac/v25/video/tile_delta

2026-07-26 18:32:24,308 INFO image_rx_daemon: published frame_id=0 246 B → lifetrac/v25/video/tile_delta

2026-07-26 18:32:24,709 INFO image_rx_daemon: published frame_id=0 242 B → lifetrac/v25/video/tile_delta

2026-07-26 18:32:24,711 INFO image_rx_daemon: published frame_id=0 244 B → lifetrac/v25/video/tile_delta

2026-07-26 18:32:24,712 INFO image_rx_daemon: published frame_id=0 230 B → lifetrac/v25/video/tile_delta

2026-07-26 18:32:25,104 INFO image_rx_daemon: published frame_id=0 244 B → lifetrac/v25/video/tile_delta

2026-07-26 18:32:25,106 INFO image_rx_daemon: published frame_id=0 242 B → lifetrac/v25/video/tile_delta

2026-07-26 18:32:25,107 INFO image_rx_daemon: published frame_id=0 226 B → lifetrac/v25/video/tile_delta

2026-07-26 18:32:25,372 INFO image_rx_daemon: published frame_id=0 234 B → lifetrac/v25/video/tile_delta

2026-07-26 18:32:25,374 INFO image_rx_daemon: published frame_id=0 244 B → lifetrac/v25/video/tile_delta

2026-07-26 18:32:25,557 INFO image_rx_daemon: published frame_id=0 246 B → lifetrac/v25/video/tile_delta

2026-07-26 18:32:25,752 INFO image_rx_daemon: cmd 0x60 CONVERGED after 0 attempts (1.0 s): keyframe received

2026-07-26 18:32:25,753 INFO image_rx_daemon: published frame_id=0 246 B → lifetrac/v25/video/tile_delta

2026-07-26 18:32:25,948 INFO image_rx_daemon: published frame_id=0 244 B → lifetrac/v25/video/tile_delta

2026-07-26 18:32:26,348 INFO image_rx_daemon: published frame_id=0 244 B → lifetrac/v25/video/tile_delta

2026-07-26 18:32:26,349 INFO image_rx_daemon: published frame_id=0 230 B → lifetrac/v25/video/tile_delta

2026-07-26 18:32:26,350 INFO image_rx_daemon: published frame_id=0 244 B → lifetrac/v25/video/tile_delta

2026-07-26 18:32:26,720 INFO image_rx_daemon: published frame_id=0 242 B → lifetrac/v25/video/tile_delta

2026-07-26 18:32:26,721 INFO image_rx_daemon: published frame_id=0 226 B → lifetrac/v25/video/tile_delta

2026-07-26 18:32:26,722 INFO image_rx_daemon: published frame_id=0 234 B → lifetrac/v25/video/tile_delta

2026-07-26 18:32:26,896 INFO image_rx_daemon: published frame_id=0 244 B → lifetrac/v25/video/tile_delta

2026-07-26 18:32:27,246 INFO image_rx_daemon: stats: rx_frames=775 rx_decode_err=0 frames_published=587 publish_err=0 reassembler_decode_err=0 reassembler_timeouts=9

2026-07-26 18:32:27,248 INFO image_rx_daemon: air_gap: n=92 dt_med=104849us dt_p95=182618us len_med=247B cmd_tx_ok=32 cmd_tx_fail=0

2026-07-26 18:32:27,312 INFO image_rx_daemon: published frame_id=0 244 B → lifetrac/v25/video/tile_delta

2026-07-26 18:32:27,313 INFO image_rx_daemon: published frame_id=0 248 B → lifetrac/v25/video/tile_delta

2026-07-26 18:32:27,317 INFO image_rx_daemon: published frame_id=0 242 B → lifetrac/v25/video/tile_delta

2026-07-26 18:32:27,716 INFO image_rx_daemon: published frame_id=0 240 B → lifetrac/v25/video/tile_delta

2026-07-26 18:32:27,717 INFO image_rx_daemon: published frame_id=0 242 B → lifetrac/v25/video/tile_delta

2026-07-26 18:32:27,718 INFO image_rx_daemon: published frame_id=0 244 B → lifetrac/v25/video/tile_delta

2026-07-26 18:32:28,125 INFO image_rx_daemon: published frame_id=0 242 B → lifetrac/v25/video/tile_delta

2026-07-26 18:32:28,127 INFO image_rx_daemon: published frame_id=0 242 B → lifetrac/v25/video/tile_delta

2026-07-26 18:32:28,129 INFO image_rx_daemon: published frame_id=0 244 B → lifetrac/v25/video/tile_delta

2026-07-26 18:32:28,415 INFO image_rx_daemon: published frame_id=0 230 B → lifetrac/v25/video/tile_delta

2026-07-26 18:32:28,417 INFO image_rx_daemon: published frame_id=0 240 B → lifetrac/v25/video/tile_delta

2026-07-26 18:32:28,604 INFO image_rx_daemon: published frame_id=0 252 B → lifetrac/v25/video/tile_delta

2026-07-26 18:32:29,003 INFO image_rx_daemon: published frame_id=0 242 B → lifetrac/v25/video/tile_delta

2026-07-26 18:32:29,005 INFO image_rx_daemon: published frame_id=0 240 B → lifetrac/v25/video/tile_delta

2026-07-26 18:32:29,007 INFO image_rx_daemon: published frame_id=0 242 B → lifetrac/v25/video/tile_delta

2026-07-26 18:32:29,405 INFO image_rx_daemon: published frame_id=0 244 B → lifetrac/v25/video/tile_delta

2026-07-26 18:32:29,406 INFO image_rx_daemon: published frame_id=0 242 B → lifetrac/v25/video/tile_delta

2026-07-26 18:32:29,407 INFO image_rx_daemon: published frame_id=0 244 B → lifetrac/v25/video/tile_delta

2026-07-26 18:32:29,812 INFO image_rx_daemon: published frame_id=0 240 B → lifetrac/v25/video/tile_delta

2026-07-26 18:32:29,813 INFO image_rx_daemon: published frame_id=0 230 B → lifetrac/v25/video/tile_delta

2026-07-26 18:32:29,814 INFO image_rx_daemon: published frame_id=0 244 B → lifetrac/v25/video/tile_delta

2026-07-26 18:32:30,196 INFO image_rx_daemon: published frame_id=0 242 B → lifetrac/v25/video/tile_delta

2026-07-26 18:32:30,199 INFO image_rx_daemon: published frame_id=0 246 B → lifetrac/v25/video/tile_delta

2026-07-26 18:32:30,199 INFO image_rx_daemon: published frame_id=0 246 B → lifetrac/v25/video/tile_delta

2026-07-26 18:32:30,503 INFO image_rx_daemon: published frame_id=0 244 B → lifetrac/v25/video/tile_delta

2026-07-26 18:32:30,504 INFO image_rx_daemon: published frame_id=0 240 B → lifetrac/v25/video/tile_delta

2026-07-26 18:32:30,692 INFO image_rx_daemon: published frame_id=0 246 B → lifetrac/v25/video/tile_delta

2026-07-26 18:32:31,100 INFO image_rx_daemon: published frame_id=0 242 B → lifetrac/v25/video/tile_delta

2026-07-26 18:32:31,101 INFO image_rx_daemon: published frame_id=0 244 B → lifetrac/v25/video/tile_delta

2026-07-26 18:32:31,102 INFO image_rx_daemon: published frame_id=0 230 B → lifetrac/v25/video/tile_delta

2026-07-26 18:32:31,487 INFO image_rx_daemon: published frame_id=0 244 B → lifetrac/v25/video/tile_delta

2026-07-26 18:32:31,488 INFO image_rx_daemon: published frame_id=0 242 B → lifetrac/v25/video/tile_delta

2026-07-26 18:32:31,490 INFO image_rx_daemon: published frame_id=0 226 B → lifetrac/v25/video/tile_delta

2026-07-26 18:32:31,749 INFO image_rx_daemon: published frame_id=0 234 B → lifetrac/v25/video/tile_delta

2026-07-26 18:32:31,752 INFO image_rx_daemon: published frame_id=0 246 B → lifetrac/v25/video/tile_delta

2026-07-26 18:32:31,936 INFO image_rx_daemon: published frame_id=0 244 B → lifetrac/v25/video/tile_delta

2026-07-26 18:32:32,132 INFO image_rx_daemon: published frame_id=0 246 B → lifetrac/v25/video/tile_delta

2026-07-26 18:32:32,324 INFO image_rx_daemon: published frame_id=0 244 B → lifetrac/v25/video/tile_delta

2026-07-26 18:32:32,732 INFO image_rx_daemon: published frame_id=0 242 B → lifetrac/v25/video/tile_delta

2026-07-26 18:32:32,733 INFO image_rx_daemon: published frame_id=0 244 B → lifetrac/v25/video/tile_delta

2026-07-26 18:32:32,734 INFO image_rx_daemon: published frame_id=0 230 B → lifetrac/v25/video/tile_delta

2026-07-26 18:32:33,114 INFO image_rx_daemon: published frame_id=0 244 B → lifetrac/v25/video/tile_delta

2026-07-26 18:32:33,116 INFO image_rx_daemon: published frame_id=0 242 B → lifetrac/v25/video/tile_delta

2026-07-26 18:32:33,117 INFO image_rx_daemon: published frame_id=0 226 B → lifetrac/v25/video/tile_delta

2026-07-26 18:32:33,392 INFO image_rx_daemon: published frame_id=0 234 B → lifetrac/v25/video/tile_delta

2026-07-26 18:32:33,393 INFO image_rx_daemon: published frame_id=0 244 B → lifetrac/v25/video/tile_delta

2026-07-26 18:32:33,785 INFO image_rx_daemon: published frame_id=0 246 B → lifetrac/v25/video/tile_delta

2026-07-26 18:32:33,787 INFO image_rx_daemon: published frame_id=0 244 B → lifetrac/v25/video/tile_delta

2026-07-26 18:32:33,788 INFO image_rx_daemon: published frame_id=0 248 B → lifetrac/v25/video/tile_delta

2026-07-26 18:32:34,196 INFO image_rx_daemon: published frame_id=0 242 B → lifetrac/v25/video/tile_delta

2026-07-26 18:32:34,198 INFO image_rx_daemon: published frame_id=0 244 B → lifetrac/v25/video/tile_delta

2026-07-26 18:32:34,200 INFO image_rx_daemon: published frame_id=0 242 B → lifetrac/v25/video/tile_delta

2026-07-26 18:32:34,592 INFO image_rx_daemon: published frame_id=0 244 B → lifetrac/v25/video/tile_delta

2026-07-26 18:32:34,593 INFO image_rx_daemon: published frame_id=0 230 B → lifetrac/v25/video/tile_delta

2026-07-26 18:32:34,595 INFO image_rx_daemon: published frame_id=0 244 B → lifetrac/v25/video/tile_delta

2026-07-26 18:32:34,999 INFO image_rx_daemon: published frame_id=0 242 B → lifetrac/v25/video/tile_delta

2026-07-26 18:32:35,001 INFO image_rx_daemon: published frame_id=0 246 B → lifetrac/v25/video/tile_delta

2026-07-26 18:32:35,002 INFO image_rx_daemon: published frame_id=0 246 B → lifetrac/v25/video/tile_delta

2026-07-26 18:32:35,393 INFO image_rx_daemon: published frame_id=0 244 B → lifetrac/v25/video/tile_delta

2026-07-26 18:32:35,394 INFO image_rx_daemon: published frame_id=0 248 B → lifetrac/v25/video/tile_delta

2026-07-26 18:32:35,395 INFO image_rx_daemon: published frame_id=0 240 B → lifetrac/v25/video/tile_delta

2026-07-26 18:32:35,588 INFO image_rx_daemon: cmd 0x60 CONVERGED after 0 attempts (0.5 s): keyframe received

2026-07-26 18:32:35,589 INFO image_rx_daemon: published frame_id=0 246 B → lifetrac/v25/video/tile_delta

2026-07-26 18:32:35,988 INFO image_rx_daemon: published frame_id=0 230 B → lifetrac/v25/video/tile_delta

2026-07-26 18:32:35,989 INFO image_rx_daemon: published frame_id=0 244 B → lifetrac/v25/video/tile_delta

2026-07-26 18:32:35,989 INFO image_rx_daemon: published frame_id=0 242 B → lifetrac/v25/video/tile_delta

2026-07-26 18:32:36,259 INFO image_rx_daemon: published frame_id=0 226 B → lifetrac/v25/video/tile_delta

2026-07-26 18:32:36,260 INFO image_rx_daemon: published frame_id=0 234 B → lifetrac/v25/video/tile_delta

2026-07-26 18:32:36,430 INFO image_rx_daemon: published frame_id=0 244 B → lifetrac/v25/video/tile_delta

2026-07-26 18:32:36,628 INFO image_rx_daemon: published frame_id=0 246 B → lifetrac/v25/video/tile_delta

2026-07-26 18:32:37,033 INFO image_rx_daemon: published frame_id=0 242 B → lifetrac/v25/video/tile_delta

2026-07-26 18:32:37,035 INFO image_rx_daemon: published frame_id=0 240 B → lifetrac/v25/video/tile_delta

2026-07-26 18:32:37,037 INFO image_rx_daemon: published frame_id=0 242 B → lifetrac/v25/video/tile_delta

2026-07-26 18:32:37,257 INFO image_rx_daemon: stats: rx_frames=866 rx_decode_err=0 frames_published=659 publish_err=0 reassembler_decode_err=0 reassembler_timeouts=9

2026-07-26 18:32:37,259 INFO image_rx_daemon: air_gap: n=91 dt_med=104855us dt_p95=182436us len_med=247B cmd_tx_ok=32 cmd_tx_fail=0

2026-07-26 18:32:37,438 INFO image_rx_daemon: published frame_id=0 244 B → lifetrac/v25/video/tile_delta

2026-07-26 18:32:37,440 INFO image_rx_daemon: published frame_id=0 242 B → lifetrac/v25/video/tile_delta

2026-07-26 18:32:37,441 INFO image_rx_daemon: published frame_id=0 244 B → lifetrac/v25/video/tile_delta

2026-07-26 18:32:37,840 INFO image_rx_daemon: published frame_id=0 240 B → lifetrac/v25/video/tile_delta

2026-07-26 18:32:37,841 INFO image_rx_daemon: published frame_id=0 230 B → lifetrac/v25/video/tile_delta

2026-07-26 18:32:37,844 INFO image_rx_daemon: published frame_id=0 244 B → lifetrac/v25/video/tile_delta

2026-07-26 18:32:38,229 INFO image_rx_daemon: published frame_id=0 242 B → lifetrac/v25/video/tile_delta

2026-07-26 18:32:38,231 INFO image_rx_daemon: published frame_id=0 246 B → lifetrac/v25/video/tile_delta

2026-07-26 18:32:38,232 INFO image_rx_daemon: published frame_id=0 244 B → lifetrac/v25/video/tile_delta

2026-07-26 18:32:38,529 INFO image_rx_daemon: published frame_id=0 246 B → lifetrac/v25/video/tile_delta

2026-07-26 18:32:38,531 INFO image_rx_daemon: published frame_id=0 240 B → lifetrac/v25/video/tile_delta

2026-07-26 18:32:38,731 INFO image_rx_daemon: published frame_id=0 246 B → lifetrac/v25/video/tile_delta

2026-07-26 18:32:39,128 INFO image_rx_daemon: published frame_id=0 242 B → lifetrac/v25/video/tile_delta

2026-07-26 18:32:39,129 INFO image_rx_daemon: published frame_id=0 244 B → lifetrac/v25/video/tile_delta

2026-07-26 18:32:39,130 INFO image_rx_daemon: published frame_id=0 230 B → lifetrac/v25/video/tile_delta

2026-07-26 18:32:39,512 INFO image_rx_daemon: published frame_id=0 244 B → lifetrac/v25/video/tile_delta

2026-07-26 18:32:39,514 INFO image_rx_daemon: published frame_id=0 242 B → lifetrac/v25/video/tile_delta

2026-07-26 18:32:39,515 INFO image_rx_daemon: published frame_id=0 226 B → lifetrac/v25/video/tile_delta

2026-07-26 18:32:39,787 INFO image_rx_daemon: published frame_id=0 234 B → lifetrac/v25/video/tile_delta

2026-07-26 18:32:39,790 INFO image_rx_daemon: published frame_id=0 244 B → lifetrac/v25/video/tile_delta

2026-07-26 18:32:40,188 INFO image_rx_daemon: published frame_id=0 246 B → lifetrac/v25/video/tile_delta

2026-07-26 18:32:40,189 INFO image_rx_daemon: published frame_id=0 244 B → lifetrac/v25/video/tile_delta

2026-07-26 18:32:40,190 INFO image_rx_daemon: published frame_id=0 248 B → lifetrac/v25/video/tile_delta

2026-07-26 18:32:40,589 INFO image_rx_daemon: published frame_id=0 242 B → lifetrac/v25/video/tile_delta

2026-07-26 18:32:40,590 INFO image_rx_daemon: published frame_id=0 244 B → lifetrac/v25/video/tile_delta

2026-07-26 18:32:40,591 INFO image_rx_daemon: published frame_id=0 242 B → lifetrac/v25/video/tile_delta

2026-07-26 18:32:40,999 INFO image_rx_daemon: published frame_id=0 244 B → lifetrac/v25/video/tile_delta

2026-07-26 18:32:41,000 INFO image_rx_daemon: published frame_id=0 244 B → lifetrac/v25/video/tile_delta

2026-07-26 18:32:41,002 INFO image_rx_daemon: published frame_id=0 230 B → lifetrac/v25/video/tile_delta

2026-07-26 18:32:41,389 INFO image_rx_daemon: published frame_id=0 244 B → lifetrac/v25/video/tile_delta

2026-07-26 18:32:41,391 INFO image_rx_daemon: published frame_id=0 246 B → lifetrac/v25/video/tile_delta

2026-07-26 18:32:41,392 INFO image_rx_daemon: published frame_id=0 246 B → lifetrac/v25/video/tile_delta

2026-07-26 18:32:41,801 INFO image_rx_daemon: published frame_id=0 244 B → lifetrac/v25/video/tile_delta

2026-07-26 18:32:41,802 INFO image_rx_daemon: published frame_id=0 248 B → lifetrac/v25/video/tile_delta

2026-07-26 18:32:41,803 INFO image_rx_daemon: published frame_id=0 240 B → lifetrac/v25/video/tile_delta

2026-07-26 18:32:41,988 INFO image_rx_daemon: published frame_id=0 246 B → lifetrac/v25/video/tile_delta

2026-07-26 18:32:42,393 INFO image_rx_daemon: published frame_id=0 230 B → lifetrac/v25/video/tile_delta

2026-07-26 18:32:42,395 INFO image_rx_daemon: published frame_id=0 244 B → lifetrac/v25/video/tile_delta

2026-07-26 18:32:42,397 INFO image_rx_daemon: published frame_id=0 242 B → lifetrac/v25/video/tile_delta

2026-07-26 18:32:42,668 INFO image_rx_daemon: published frame_id=0 226 B → lifetrac/v25/video/tile_delta

2026-07-26 18:32:42,669 INFO image_rx_daemon: published frame_id=0 234 B → lifetrac/v25/video/tile_delta

2026-07-26 18:32:42,844 INFO image_rx_daemon: published frame_id=0 244 B → lifetrac/v25/video/tile_delta

2026-07-26 18:32:43,035 INFO image_rx_daemon: published frame_id=0 246 B → lifetrac/v25/video/tile_delta

2026-07-26 18:32:43,446 INFO image_rx_daemon: published frame_id=0 240 B → lifetrac/v25/video/tile_delta

2026-07-26 18:32:43,448 INFO image_rx_daemon: published frame_id=0 242 B → lifetrac/v25/video/tile_delta

2026-07-26 18:32:43,449 INFO image_rx_daemon: published frame_id=0 244 B → lifetrac/v25/video/tile_delta

2026-07-26 18:32:43,856 INFO image_rx_daemon: published frame_id=0 242 B → lifetrac/v25/video/tile_delta

2026-07-26 18:32:43,858 INFO image_rx_daemon: published frame_id=0 244 B → lifetrac/v25/video/tile_delta

2026-07-26 18:32:43,859 INFO image_rx_daemon: published frame_id=0 240 B → lifetrac/v25/video/tile_delta

2026-07-26 18:32:44,041 INFO image_rx_daemon: published frame_id=0 244 B → lifetrac/v25/video/tile_delta

2026-07-26 18:32:44,454 INFO image_rx_daemon: published frame_id=0 246 B → lifetrac/v25/video/tile_delta

2026-07-26 18:32:44,455 INFO image_rx_daemon: published frame_id=0 244 B → lifetrac/v25/video/tile_delta

2026-07-26 18:32:44,456 INFO image_rx_daemon: published frame_id=0 246 B → lifetrac/v25/video/tile_delta

2026-07-26 18:32:44,856 INFO image_rx_daemon: published frame_id=0 246 B → lifetrac/v25/video/tile_delta

2026-07-26 18:32:44,858 INFO image_rx_daemon: published frame_id=0 250 B → lifetrac/v25/video/tile_delta

2026-07-26 18:32:44,859 INFO image_rx_daemon: published frame_id=0 248 B → lifetrac/v25/video/tile_delta

2026-07-26 18:32:45,272 INFO image_rx_daemon: published frame_id=0 248 B → lifetrac/v25/video/tile_delta

2026-07-26 18:32:45,274 INFO image_rx_daemon: published frame_id=0 240 B → lifetrac/v25/video/tile_delta

2026-07-26 18:32:45,274 INFO image_rx_daemon: published frame_id=0 242 B → lifetrac/v25/video/tile_delta

2026-07-26 18:32:45,684 INFO image_rx_daemon: published frame_id=0 244 B → lifetrac/v25/video/tile_delta

2026-07-26 18:32:45,685 INFO image_rx_daemon: published frame_id=0 242 B → lifetrac/v25/video/tile_delta

2026-07-26 18:32:45,687 INFO image_rx_daemon: published frame_id=0 242 B → lifetrac/v25/video/tile_delta

2026-07-26 18:32:45,869 INFO image_rx_daemon: published frame_id=0 244 B → lifetrac/v25/video/tile_delta

2026-07-26 18:32:46,060 INFO image_rx_daemon: cmd 0x60 CONVERGED after 0 attempts (0.8 s): keyframe received

2026-07-26 18:32:46,061 INFO image_rx_daemon: published frame_id=0 244 B → lifetrac/v25/video/tile_delta

2026-07-26 18:32:46,256 INFO image_rx_daemon: published frame_id=0 246 B → lifetrac/v25/video/tile_delta

2026-07-26 18:32:46,654 INFO image_rx_daemon: published frame_id=0 240 B → lifetrac/v25/video/tile_delta

2026-07-26 18:32:46,655 INFO image_rx_daemon: published frame_id=0 242 B → lifetrac/v25/video/tile_delta

2026-07-26 18:32:46,656 INFO image_rx_daemon: published frame_id=0 244 B → lifetrac/v25/video/tile_delta

2026-07-26 18:32:47,061 INFO image_rx_daemon: published frame_id=0 242 B → lifetrac/v25/video/tile_delta

2026-07-26 18:32:47,063 INFO image_rx_daemon: published frame_id=0 244 B → lifetrac/v25/video/tile_delta

2026-07-26 18:32:47,065 INFO image_rx_daemon: published frame_id=0 240 B → lifetrac/v25/video/tile_delta

2026-07-26 18:32:47,260 INFO image_rx_daemon: published frame_id=0 244 B → lifetrac/v25/video/tile_delta

2026-07-26 18:32:47,267 INFO image_rx_daemon: stats: rx_frames=961 rx_decode_err=0 frames_published=731 publish_err=0 reassembler_decode_err=0 reassembler_timeouts=9

2026-07-26 18:32:47,268 INFO image_rx_daemon: air_gap: n=95 dt_med=104852us dt_p95=183151us len_med=247B cmd_tx_ok=32 cmd_tx_fail=0

2026-07-26 18:32:47,669 INFO image_rx_daemon: published frame_id=0 246 B → lifetrac/v25/video/tile_delta

2026-07-26 18:32:47,670 INFO image_rx_daemon: published frame_id=0 244 B → lifetrac/v25/video/tile_delta

2026-07-26 18:32:47,672 INFO image_rx_daemon: published frame_id=0 246 B → lifetrac/v25/video/tile_delta

2026-07-26 18:32:48,071 INFO image_rx_daemon: published frame_id=0 246 B → lifetrac/v25/video/tile_delta

2026-07-26 18:32:48,072 INFO image_rx_daemon: published frame_id=0 250 B → lifetrac/v25/video/tile_delta

2026-07-26 18:32:48,073 INFO image_rx_daemon: published frame_id=0 248 B → lifetrac/v25/video/tile_delta

2026-07-26 18:32:48,485 INFO image_rx_daemon: published frame_id=0 248 B → lifetrac/v25/video/tile_delta

2026-07-26 18:32:48,486 INFO image_rx_daemon: published frame_id=0 240 B → lifetrac/v25/video/tile_delta

2026-07-26 18:32:48,486 INFO image_rx_daemon: published frame_id=0 242 B → lifetrac/v25/video/tile_delta

2026-07-26 18:32:48,901 INFO image_rx_daemon: published frame_id=0 244 B → lifetrac/v25/video/tile_delta

2026-07-26 18:32:48,902 INFO image_rx_daemon: published frame_id=0 242 B → lifetrac/v25/video/tile_delta

2026-07-26 18:32:48,903 INFO image_rx_daemon: published frame_id=0 242 B → lifetrac/v25/video/tile_delta

2026-07-26 18:32:49,198 INFO image_rx_daemon: published frame_id=0 244 B → lifetrac/v25/video/tile_delta

2026-07-26 18:32:49,201 INFO image_rx_daemon: published frame_id=0 240 B → lifetrac/v25/video/tile_delta

2026-07-26 18:32:49,405 INFO image_rx_daemon: published frame_id=0 252 B → lifetrac/v25/video/tile_delta

2026-07-26 18:32:49,816 INFO image_rx_daemon: published frame_id=0 242 B → lifetrac/v25/video/tile_delta

2026-07-26 18:32:49,818 INFO image_rx_daemon: published frame_id=0 240 B → lifetrac/v25/video/tile_delta

2026-07-26 18:32:49,819 INFO image_rx_daemon: published frame_id=0 242 B → lifetrac/v25/video/tile_delta

2026-07-26 18:32:50,228 INFO image_rx_daemon: published frame_id=0 244 B → lifetrac/v25/video/tile_delta

2026-07-26 18:32:50,229 INFO image_rx_daemon: published frame_id=0 242 B → lifetrac/v25/video/tile_delta

2026-07-26 18:32:50,231 INFO image_rx_daemon: published frame_id=0 244 B → lifetrac/v25/video/tile_delta

2026-07-26 18:32:50,632 INFO image_rx_daemon: published frame_id=0 240 B → lifetrac/v25/video/tile_delta

2026-07-26 18:32:50,633 INFO image_rx_daemon: published frame_id=0 230 B → lifetrac/v25/video/tile_delta

2026-07-26 18:32:50,634 INFO image_rx_daemon: published frame_id=0 244 B → lifetrac/v25/video/tile_delta

2026-07-26 18:32:51,023 INFO image_rx_daemon: published frame_id=0 242 B → lifetrac/v25/video/tile_delta

2026-07-26 18:32:51,024 INFO image_rx_daemon: published frame_id=0 246 B → lifetrac/v25/video/tile_delta

2026-07-26 18:32:51,026 INFO image_rx_daemon: published frame_id=0 246 B → lifetrac/v25/video/tile_delta

2026-07-26 18:32:51,332 INFO image_rx_daemon: published frame_id=0 244 B → lifetrac/v25/video/tile_delta

2026-07-26 18:32:51,334 INFO image_rx_daemon: published frame_id=0 240 B → lifetrac/v25/video/tile_delta

2026-07-26 18:32:51,517 INFO image_rx_daemon: published frame_id=0 246 B → lifetrac/v25/video/tile_delta

2026-07-26 18:32:51,920 INFO image_rx_daemon: published frame_id=0 242 B → lifetrac/v25/video/tile_delta

2026-07-26 18:32:51,921 INFO image_rx_daemon: published frame_id=0 244 B → lifetrac/v25/video/tile_delta

2026-07-26 18:32:51,922 INFO image_rx_daemon: published frame_id=0 230 B → lifetrac/v25/video/tile_delta

2026-07-26 18:32:52,299 INFO image_rx_daemon: published frame_id=0 244 B → lifetrac/v25/video/tile_delta

2026-07-26 18:32:52,300 INFO image_rx_daemon: published frame_id=0 242 B → lifetrac/v25/video/tile_delta

2026-07-26 18:32:52,302 INFO image_rx_daemon: published frame_id=0 226 B → lifetrac/v25/video/tile_delta

2026-07-26 18:32:52,584 INFO image_rx_daemon: published frame_id=0 234 B → lifetrac/v25/video/tile_delta

2026-07-26 18:32:52,587 INFO image_rx_daemon: published frame_id=0 244 B → lifetrac/v25/video/tile_delta

2026-07-26 18:32:52,760 INFO image_rx_daemon: published frame_id=0 246 B → lifetrac/v25/video/tile_delta

2026-07-26 18:32:52,953 INFO image_rx_daemon: published frame_id=0 246 B → lifetrac/v25/video/tile_delta

2026-07-26 18:32:53,148 INFO image_rx_daemon: published frame_id=0 244 B → lifetrac/v25/video/tile_delta

2026-07-26 18:32:53,552 INFO image_rx_daemon: published frame_id=0 244 B → lifetrac/v25/video/tile_delta

2026-07-26 18:32:53,554 INFO image_rx_daemon: published frame_id=0 230 B → lifetrac/v25/video/tile_delta

2026-07-26 18:32:53,555 INFO image_rx_daemon: published frame_id=0 244 B → lifetrac/v25/video/tile_delta

2026-07-26 18:32:53,924 INFO image_rx_daemon: published frame_id=0 242 B → lifetrac/v25/video/tile_delta

2026-07-26 18:32:53,925 INFO image_rx_daemon: published frame_id=0 226 B → lifetrac/v25/video/tile_delta

2026-07-26 18:32:53,926 INFO image_rx_daemon: published frame_id=0 234 B → lifetrac/v25/video/tile_delta

2026-07-26 18:32:54,100 INFO image_rx_daemon: published frame_id=0 244 B → lifetrac/v25/video/tile_delta

2026-07-26 18:32:54,517 INFO image_rx_daemon: published frame_id=0 244 B → lifetrac/v25/video/tile_delta

2026-07-26 18:32:54,522 INFO image_rx_daemon: published frame_id=0 248 B → lifetrac/v25/video/tile_delta

2026-07-26 18:32:54,525 INFO image_rx_daemon: published frame_id=0 242 B → lifetrac/v25/video/tile_delta

2026-07-26 18:32:54,912 INFO image_rx_daemon: published frame_id=0 240 B → lifetrac/v25/video/tile_delta

2026-07-26 18:32:54,913 INFO image_rx_daemon: published frame_id=0 242 B → lifetrac/v25/video/tile_delta

2026-07-26 18:32:54,914 INFO image_rx_daemon: published frame_id=0 244 B → lifetrac/v25/video/tile_delta

