2026-09-20 14:03:22,271 INFO camera_service: v4l2/ffmpeg pid=11 device=/dev/video1 1920x1080@30fps -> 384x256 rgb24

2026-09-20 14:03:22,272 INFO camera_service: LIFETRAC_USE_LORA_BRIDGE=1 — skipping M7 IpcWriter; frames routed to MQTT lifetrac/v25/cmd/image_frame only

2026-09-20 14:03:22,306 INFO camera_service: byte_budget=2436 B/frame (LIFETRAC_FRAGMENT_BUDGET, phy=image)

2026-09-20 14:03:22,549 INFO camera_service: encode_mode -> 6 (mono_g4) [boot]

2026-09-20 14:03:22,565 INFO link_budget: -> 243 B/frame (n=1, image_bw500)

2026-09-20 14:04:28,538 INFO camera_service: encode_mode -> 9 (vector) [lora_cmd]

2026-09-20 14:04:29,914 INFO camera_service: vector_stats ms_total=536.6 ms={"resize":0.7,"l0":99.3,"l1":195.7,"l3":77.9,"temporal_pack":162.3,"total":536.6} bytes=242 level=0 detail=80 epoch=0 n_live=21 residual=3653.354 epoch_pending=0 epochs=1 trigger=first ttl_dropped=0 waiting=8

2026-09-20 14:04:32,486 INFO camera_service: vector_stats ms_total=449.5 ms={"resize":0.5,"l0":18.3,"l1":190.1,"l3":72.7,"temporal_pack":167.1,"total":449.5} bytes=243 level=0 detail=80 epoch=1 n_live=21 residual=3344.705 epoch_pending=0 epochs=2 trigger=forced ttl_dropped=0 waiting=11

2026-09-20 14:04:35,454 INFO camera_service: vector_stats ms_total=443.0 ms={"resize":0.5,"l0":18.0,"l1":191.4,"l3":77.7,"temporal_pack":154.8,"total":443.0} bytes=241 level=0 detail=80 epoch=2 n_live=20 residual=3865.988 epoch_pending=0 epochs=3 trigger=relabel ttl_dropped=0 waiting=6

2026-09-20 14:04:38,397 INFO camera_service: vector_stats ms_total=433.6 ms={"resize":0.5,"l0":18.0,"l1":193.2,"l3":74.9,"temporal_pack":146.3,"total":433.6} bytes=240 level=0 detail=80 epoch=2 n_live=19 residual=3030.229 epoch_pending=0 epochs=3 trigger=relabel ttl_dropped=0 waiting=13

2026-09-20 14:04:41,379 INFO camera_service: vector_stats ms_total=461.4 ms={"resize":0.5,"l0":18.2,"l1":190.0,"l3":67.9,"temporal_pack":184.1,"total":461.4} bytes=241 level=0 detail=80 epoch=2 n_live=27 residual=2313.673 epoch_pending=0 epochs=3 trigger=relabel ttl_dropped=0 waiting=5

2026-09-20 14:04:44,403 INFO camera_service: vector_stats ms_total=485.4 ms={"resize":0.5,"l0":18.2,"l1":194.3,"l3":85.9,"temporal_pack":185.9,"total":485.4} bytes=240 level=0 detail=80 epoch=2 n_live=24 residual=2427.088 epoch_pending=0 epochs=3 trigger=relabel ttl_dropped=0 waiting=7

2026-09-20 14:04:47,411 INFO camera_service: vector_stats ms_total=493.6 ms={"resize":0.6,"l0":21.7,"l1":203.0,"l3":78.3,"temporal_pack":189.4,"total":493.6} bytes=241 level=0 detail=80 epoch=2 n_live=24 residual=3004.451 epoch_pending=0 epochs=3 trigger=relabel ttl_dropped=0 waiting=11

2026-09-20 14:04:50,384 INFO camera_service: vector_stats ms_total=466.6 ms={"resize":0.5,"l0":18.0,"l1":197.4,"l3":79.9,"temporal_pack":170.2,"total":466.6} bytes=243 level=0 detail=80 epoch=2 n_live=22 residual=3629.139 epoch_pending=0 epochs=3 trigger=relabel ttl_dropped=0 waiting=2

2026-09-20 14:04:52,387 INFO camera_service: vector_stats ms_total=469.8 ms={"resize":0.5,"l0":18.0,"l1":191.1,"l3":72.6,"temporal_pack":186.7,"total":469.8} bytes=241 level=0 detail=80 epoch=3 n_live=15 residual=2674.547 epoch_pending=0 epochs=4 trigger=relabel ttl_dropped=0 waiting=9

2026-09-20 14:04:55,366 INFO camera_service: vector_stats ms_total=449.0 ms={"resize":0.5,"l0":18.1,"l1":185.9,"l3":73.1,"temporal_pack":170.8,"total":449.0} bytes=243 level=0 detail=80 epoch=3 n_live=21 residual=2493.629 epoch_pending=0 epochs=4 trigger=relabel ttl_dropped=0 waiting=10

2026-09-20 14:04:57,375 INFO camera_service: vector_stats ms_total=458.0 ms={"resize":0.5,"l0":18.0,"l1":194.8,"l3":78.0,"temporal_pack":166.0,"total":458.0} bytes=242 level=0 detail=80 epoch=3 n_live=23 residual=3984.993 epoch_pending=0 epochs=4 trigger=relabel ttl_dropped=0 waiting=5

2026-09-20 14:05:00,352 INFO camera_service: vector_stats ms_total=434.7 ms={"resize":0.5,"l0":15.6,"l1":188.9,"l3":69.9,"temporal_pack":159.2,"total":434.7} bytes=240 level=0 detail=80 epoch=5 n_live=14 residual=3899.405 epoch_pending=0 epochs=6 trigger=relabel ttl_dropped=0 waiting=2

2026-09-20 14:05:02,358 INFO camera_service: vector_stats ms_total=441.1 ms={"resize":0.5,"l0":18.0,"l1":191.6,"l3":71.3,"temporal_pack":158.9,"total":441.1} bytes=238 level=0 detail=80 epoch=7 n_live=14 residual=3638.643 epoch_pending=0 epochs=8 trigger=relabel ttl_dropped=0 waiting=8

2026-09-20 14:05:04,385 INFO camera_service: vector_stats ms_total=426.3 ms={"resize":0.5,"l0":15.6,"l1":192.0,"l3":66.1,"temporal_pack":151.6,"total":426.3} bytes=240 level=0 detail=80 epoch=8 n_live=19 residual=3999.609 epoch_pending=0 epochs=9 trigger=relabel ttl_dropped=0 waiting=3

2026-09-20 14:05:06,432 INFO camera_service: vector_stats ms_total=436.8 ms={"resize":0.5,"l0":15.7,"l1":187.6,"l3":82.6,"temporal_pack":149.8,"total":436.8} bytes=243 level=0 detail=80 epoch=8 n_live=18 residual=3192.151 epoch_pending=0 epochs=9 trigger=relabel ttl_dropped=0 waiting=9

2026-09-20 14:05:08,465 INFO camera_service: vector_stats ms_total=430.6 ms={"resize":0.6,"l0":17.8,"l1":196.9,"l3":70.7,"temporal_pack":143.9,"total":430.6} bytes=241 level=0 detail=80 epoch=8 n_live=20 residual=3351.530 epoch_pending=0 epochs=9 trigger=relabel ttl_dropped=0 waiting=15

2026-09-20 14:05:10,506 INFO camera_service: vector_stats ms_total=428.8 ms={"resize":0.5,"l0":17.8,"l1":187.0,"l3":72.3,"temporal_pack":150.7,"total":428.8} bytes=242 level=0 detail=80 epoch=8 n_live=20 residual=3228.761 epoch_pending=0 epochs=9 trigger=relabel ttl_dropped=0 waiting=4

2026-09-20 14:05:12,567 INFO camera_service: vector_stats ms_total=443.5 ms={"resize":0.5,"l0":15.6,"l1":190.0,"l3":78.3,"temporal_pack":158.5,"total":443.5} bytes=241 level=0 detail=80 epoch=8 n_live=20 residual=3674.217 epoch_pending=0 epochs=9 trigger=relabel ttl_dropped=0 waiting=6

2026-09-20 14:05:14,632 INFO camera_service: vector_stats ms_total=482.3 ms={"resize":0.6,"l0":20.1,"l1":231.1,"l3":78.5,"temporal_pack":151.4,"total":482.3} bytes=243 level=0 detail=80 epoch=8 n_live=18 residual=4334.835 epoch_pending=0 epochs=9 trigger=relabel ttl_dropped=0 waiting=10

2026-09-20 14:05:17,565 INFO camera_service: vector_stats ms_total=440.2 ms={"resize":0.5,"l0":16.5,"l1":186.2,"l3":76.6,"temporal_pack":159.7,"total":440.2} bytes=241 level=0 detail=80 epoch=9 n_live=15 residual=3977.894 epoch_pending=0 epochs=10 trigger=relabel ttl_dropped=0 waiting=1

2026-09-20 14:05:19,622 INFO camera_service: vector_stats ms_total=485.1 ms={"resize":0.5,"l0":16.0,"l1":187.8,"l3":89.6,"temporal_pack":190.5,"total":485.1} bytes=243 level=0 detail=80 epoch=9 n_live=21 residual=5755.846 epoch_pending=0 epochs=10 trigger=relabel ttl_dropped=0 waiting=7

2026-09-20 14:05:22,572 INFO camera_service: vector_stats ms_total=440.0 ms={"resize":0.5,"l0":16.6,"l1":194.6,"l3":77.3,"temporal_pack":150.4,"total":440.0} bytes=240 level=0 detail=80 epoch=9 n_live=19 residual=4189.508 epoch_pending=0 epochs=10 trigger=relabel ttl_dropped=0 waiting=13

2026-09-20 14:05:25,556 INFO camera_service: vector_stats ms_total=422.0 ms={"resize":0.7,"l0":18.3,"l1":187.0,"l3":70.8,"temporal_pack":144.6,"total":422.0} bytes=243 level=0 detail=80 epoch=10 n_live=20 residual=3927.627 epoch_pending=0 epochs=11 trigger=relabel ttl_dropped=0 waiting=9

2026-09-20 14:05:28,567 INFO camera_service: vector_stats ms_total=455.7 ms={"resize":0.5,"l0":17.8,"l1":192.4,"l3":82.8,"temporal_pack":161.5,"total":455.7} bytes=241 level=0 detail=80 epoch=10 n_live=19 residual=3599.064 epoch_pending=0 epochs=11 trigger=relabel ttl_dropped=0 waiting=11

2026-09-20 14:05:30,607 INFO camera_service: vector_stats ms_total=498.6 ms={"resize":0.5,"l0":18.3,"l1":196.3,"l3":95.8,"temporal_pack":186.9,"total":498.6} bytes=243 level=0 detail=80 epoch=10 n_live=17 residual=3203.801 epoch_pending=0 epochs=11 trigger=relabel ttl_dropped=0 waiting=13

2026-09-20 14:05:33,543 INFO camera_service: vector_stats ms_total=438.7 ms={"resize":0.5,"l0":16.6,"l1":197.3,"l3":81.9,"temporal_pack":141.8,"total":438.7} bytes=243 level=0 detail=80 epoch=12 n_live=19 residual=3732.467 epoch_pending=0 epochs=13 trigger=relabel ttl_dropped=0 waiting=6

2026-09-20 14:05:35,545 INFO camera_service: vector_stats ms_total=435.1 ms={"resize":0.6,"l0":16.5,"l1":193.3,"l3":74.5,"temporal_pack":149.6,"total":435.1} bytes=243 level=0 detail=80 epoch=12 n_live=19 residual=4136.214 epoch_pending=0 epochs=13 trigger=relabel ttl_dropped=0 waiting=11

2026-09-20 14:05:38,533 INFO camera_service: vector_stats ms_total=445.1 ms={"resize":0.6,"l0":16.5,"l1":191.2,"l3":71.0,"temporal_pack":165.2,"total":445.1} bytes=243 level=0 detail=80 epoch=12 n_live=22 residual=3831.535 epoch_pending=0 epochs=13 trigger=relabel ttl_dropped=0 waiting=11

2026-09-20 14:05:40,590 INFO camera_service: vector_stats ms_total=468.7 ms={"resize":0.5,"l0":16.5,"l1":201.4,"l3":88.7,"temporal_pack":160.9,"total":468.7} bytes=240 level=0 detail=80 epoch=13 n_live=23 residual=3717.418 epoch_pending=0 epochs=14 trigger=relabel ttl_dropped=0 waiting=8

2026-09-20 14:05:43,582 INFO camera_service: vector_stats ms_total=454.6 ms={"resize":0.5,"l0":18.0,"l1":189.5,"l3":85.8,"temporal_pack":160.1,"total":454.6} bytes=241 level=0 detail=80 epoch=15 n_live=15 residual=3328.523 epoch_pending=0 epochs=16 trigger=relabel ttl_dropped=0 waiting=6

2026-09-20 14:05:46,527 INFO camera_service: vector_stats ms_total=444.1 ms={"resize":0.5,"l0":18.0,"l1":193.6,"l3":70.5,"temporal_pack":161.0,"total":444.1} bytes=241 level=0 detail=80 epoch=2 n_live=15 residual=3278.464 epoch_pending=0 epochs=19 trigger=relabel ttl_dropped=0 waiting=5

2026-09-20 14:05:49,489 INFO camera_service: vector_stats ms_total=475.7 ms={"resize":0.5,"l0":16.7,"l1":207.1,"l3":83.8,"temporal_pack":166.9,"total":475.7} bytes=241 level=0 detail=80 epoch=3 n_live=14 residual=2997.401 epoch_pending=0 epochs=20 trigger=relabel ttl_dropped=0 waiting=0

2026-09-20 14:05:52,475 INFO camera_service: vector_stats ms_total=496.4 ms={"resize":0.5,"l0":16.5,"l1":221.5,"l3":92.9,"temporal_pack":164.3,"total":496.4} bytes=242 level=0 detail=80 epoch=4 n_live=15 residual=2869.425 epoch_pending=0 epochs=21 trigger=relabel ttl_dropped=0 waiting=8

2026-09-20 14:05:55,351 INFO camera_service: vector_stats ms_total=433.8 ms={"resize":0.5,"l0":15.8,"l1":186.3,"l3":70.4,"temporal_pack":160.2,"total":433.8} bytes=242 level=0 detail=80 epoch=7 n_live=14 residual=3154.286 epoch_pending=0 epochs=24 trigger=relabel ttl_dropped=0 waiting=8

2026-09-20 14:05:57,371 INFO camera_service: vector_stats ms_total=453.9 ms={"resize":0.5,"l0":16.4,"l1":195.0,"l3":80.7,"temporal_pack":160.6,"total":453.9} bytes=240 level=0 detail=80 epoch=9 n_live=15 residual=2770.586 epoch_pending=0 epochs=26 trigger=relabel ttl_dropped=0 waiting=7

2026-09-20 14:05:59,388 INFO camera_service: vector_stats ms_total=471.5 ms={"resize":0.5,"l0":18.8,"l1":202.7,"l3":89.1,"temporal_pack":159.8,"total":471.5} bytes=240 level=0 detail=80 epoch=11 n_live=14 residual=2897.577 epoch_pending=0 epochs=28 trigger=relabel ttl_dropped=0 waiting=4

2026-09-20 14:06:02,374 INFO camera_service: vector_stats ms_total=456.7 ms={"resize":0.5,"l0":16.3,"l1":198.6,"l3":78.2,"temporal_pack":162.4,"total":456.7} bytes=242 level=0 detail=80 epoch=12 n_live=21 residual=3686.277 epoch_pending=0 epochs=29 trigger=relabel ttl_dropped=0 waiting=8

2026-09-20 14:06:05,335 INFO camera_service: vector_stats ms_total=418.2 ms={"resize":0.5,"l0":15.8,"l1":189.4,"l3":68.9,"temporal_pack":142.9,"total":418.2} bytes=239 level=0 detail=80 epoch=12 n_live=15 residual=4508.023 epoch_pending=0 epochs=29 trigger=relabel ttl_dropped=0 waiting=17

2026-09-20 14:06:07,350 INFO camera_service: vector_stats ms_total=432.6 ms={"resize":0.5,"l0":18.2,"l1":191.2,"l3":70.4,"temporal_pack":151.6,"total":432.6} bytes=242 level=0 detail=80 epoch=12 n_live=19 residual=3930.378 epoch_pending=0 epochs=29 trigger=relabel ttl_dropped=0 waiting=10

2026-09-20 14:06:09,357 INFO camera_service: vector_stats ms_total=438.7 ms={"resize":0.5,"l0":15.8,"l1":190.1,"l3":86.2,"temporal_pack":145.6,"total":438.7} bytes=242 level=0 detail=80 epoch=12 n_live=16 residual=4640.871 epoch_pending=0 epochs=29 trigger=relabel ttl_dropped=0 waiting=10

2026-09-20 14:06:11,364 INFO camera_service: vector_stats ms_total=446.6 ms={"resize":0.5,"l0":18.0,"l1":194.1,"l3":71.6,"temporal_pack":161.6,"total":446.6} bytes=241 level=0 detail=80 epoch=13 n_live=14 residual=3701.929 epoch_pending=0 epochs=30 trigger=relabel ttl_dropped=0 waiting=7

2026-09-20 14:06:13,376 INFO camera_service: vector_stats ms_total=459.2 ms={"resize":0.5,"l0":18.9,"l1":199.1,"l3":69.6,"temporal_pack":170.3,"total":459.2} bytes=242 level=0 detail=80 epoch=14 n_live=16 residual=3412.052 epoch_pending=0 epochs=31 trigger=relabel ttl_dropped=0 waiting=7

2026-09-20 14:06:16,357 INFO camera_service: vector_stats ms_total=439.9 ms={"resize":0.5,"l0":18.0,"l1":192.6,"l3":77.1,"temporal_pack":151.1,"total":439.9} bytes=243 level=0 detail=80 epoch=14 n_live=18 residual=3256.382 epoch_pending=0 epochs=31 trigger=relabel ttl_dropped=0 waiting=5

2026-09-20 14:06:18,359 INFO camera_service: vector_stats ms_total=442.4 ms={"resize":0.5,"l0":16.5,"l1":189.8,"l3":80.0,"temporal_pack":155.0,"total":442.4} bytes=243 level=0 detail=80 epoch=14 n_live=20 residual=3576.390 epoch_pending=0 epochs=31 trigger=relabel ttl_dropped=0 waiting=9

2026-09-20 14:06:20,382 INFO camera_service: vector_stats ms_total=464.3 ms={"resize":0.5,"l0":18.1,"l1":201.0,"l3":77.1,"temporal_pack":167.0,"total":464.3} bytes=242 level=0 detail=80 epoch=15 n_live=22 residual=3333.871 epoch_pending=0 epochs=32 trigger=relabel ttl_dropped=0 waiting=8

2026-09-20 14:06:23,388 INFO camera_service: vector_stats ms_total=470.3 ms={"resize":0.5,"l0":18.5,"l1":201.0,"l3":84.7,"temporal_pack":164.9,"total":470.3} bytes=241 level=0 detail=80 epoch=0 n_live=16 residual=3745.943 epoch_pending=0 epochs=33 trigger=relabel ttl_dropped=0 waiting=1

2026-09-20 14:06:26,365 INFO camera_service: vector_stats ms_total=448.1 ms={"resize":0.5,"l0":18.2,"l1":193.5,"l3":66.8,"temporal_pack":168.5,"total":448.1} bytes=243 level=0 detail=80 epoch=0 n_live=19 residual=3291.561 epoch_pending=0 epochs=33 trigger=relabel ttl_dropped=0 waiting=13

2026-09-20 14:06:29,357 INFO camera_service: vector_stats ms_total=439.5 ms={"resize":0.5,"l0":19.0,"l1":198.1,"l3":68.5,"temporal_pack":152.6,"total":439.5} bytes=243 level=0 detail=80 epoch=1 n_live=21 residual=3625.704 epoch_pending=0 epochs=34 trigger=relabel ttl_dropped=0 waiting=7

2026-09-20 14:06:31,365 INFO camera_service: vector_stats ms_total=448.1 ms={"resize":0.5,"l0":18.1,"l1":189.4,"l3":73.7,"temporal_pack":165.7,"total":448.1} bytes=238 level=0 detail=80 epoch=1 n_live=23 residual=3756.514 epoch_pending=0 epochs=34 trigger=relabel ttl_dropped=0 waiting=4

2026-09-20 14:06:33,384 INFO camera_service: vector_stats ms_total=452.8 ms={"resize":0.5,"l0":18.0,"l1":196.5,"l3":79.5,"temporal_pack":157.7,"total":452.8} bytes=243 level=0 detail=80 epoch=2 n_live=22 residual=3684.574 epoch_pending=0 epochs=35 trigger=relabel ttl_dropped=0 waiting=2

2026-09-20 14:06:35,388 INFO camera_service: vector_stats ms_total=471.0 ms={"resize":0.5,"l0":18.9,"l1":194.3,"l3":87.3,"temporal_pack":169.3,"total":471.0} bytes=243 level=0 detail=80 epoch=2 n_live=21 residual=3358.278 epoch_pending=0 epochs=35 trigger=relabel ttl_dropped=0 waiting=9

2026-09-20 14:06:38,396 INFO camera_service: vector_stats ms_total=478.3 ms={"resize":0.5,"l0":19.1,"l1":202.1,"l3":72.8,"temporal_pack":183.2,"total":478.3} bytes=235 level=0 detail=80 epoch=2 n_live=27 residual=3206.344 epoch_pending=0 epochs=35 trigger=relabel ttl_dropped=0 waiting=13

2026-09-20 14:06:41,363 INFO camera_service: vector_stats ms_total=445.6 ms={"resize":0.5,"l0":18.9,"l1":194.2,"l3":68.3,"temporal_pack":162.9,"total":445.6} bytes=243 level=0 detail=80 epoch=2 n_live=21 residual=3397.882 epoch_pending=0 epochs=35 trigger=relabel ttl_dropped=0 waiting=9

2026-09-20 14:06:43,368 INFO camera_service: vector_stats ms_total=450.6 ms={"resize":0.5,"l0":16.6,"l1":191.2,"l3":76.5,"temporal_pack":165.2,"total":450.6} bytes=243 level=0 detail=80 epoch=2 n_live=22 residual=3033.019 epoch_pending=0 epochs=35 trigger=relabel ttl_dropped=0 waiting=4

2026-09-20 14:06:44,752 INFO camera_service: encode_mode -> 6 (mono_g4) [lora_cmd]

