2026-09-14 08:21:39,024 INFO camera_service: v4l2/ffmpeg pid=10 device=/dev/video1 1920x1080@30fps -> 384x256 rgb24

2026-09-14 08:21:39,024 INFO camera_service: LIFETRAC_USE_LORA_BRIDGE=1 — skipping M7 IpcWriter; frames routed to MQTT lifetrac/v25/cmd/image_frame only

2026-09-14 08:21:39,058 INFO camera_service: byte_budget=2436 B/frame (LIFETRAC_FRAGMENT_BUDGET, phy=image)

2026-09-14 08:21:39,303 INFO camera_service: encode_mode -> 9 (vector) [boot]

2026-09-14 08:21:39,317 INFO link_budget: -> 243 B/frame (n=1, image_bw500)

2026-09-14 08:21:42,830 INFO camera_service: vector_stats ms_total=524.7 ms={"resize":0.7,"l0":110.7,"l1":208.7,"l3":49.5,"temporal_pack":154.5,"total":524.7} bytes=241 level=0 detail=80 epoch=0 n_live=20 residual=3172.491 epoch_pending=0 epochs=1 trigger=first ttl_dropped=0 waiting=3

2026-09-14 08:21:45,429 INFO camera_service: vector_stats ms_total=428.9 ms={"resize":0.5,"l0":19.7,"l1":190.6,"l3":49.6,"temporal_pack":167.7,"total":428.9} bytes=242 level=0 detail=80 epoch=0 n_live=21 residual=3481.152 epoch_pending=0 epochs=1 trigger=first ttl_dropped=0 waiting=8

2026-09-14 08:21:48,426 INFO camera_service: vector_stats ms_total=410.9 ms={"resize":0.5,"l0":19.9,"l1":183.0,"l3":63.8,"temporal_pack":143.0,"total":410.9} bytes=242 level=0 detail=80 epoch=0 n_live=18 residual=6194.387 epoch_pending=0 epochs=1 trigger=first ttl_dropped=0 waiting=2

2026-09-14 08:21:50,443 INFO camera_service: vector_stats ms_total=431.0 ms={"resize":0.5,"l0":19.0,"l1":184.7,"l3":63.2,"temporal_pack":162.9,"total":431.0} bytes=243 level=0 detail=80 epoch=0 n_live=21 residual=6111.999 epoch_pending=0 epochs=1 trigger=first ttl_dropped=0 waiting=6

2026-09-14 08:21:53,487 INFO camera_service: vector_stats ms_total=474.1 ms={"resize":0.4,"l0":19.7,"l1":237.5,"l3":52.9,"temporal_pack":162.9,"total":474.1} bytes=241 level=0 detail=80 epoch=0 n_live=24 residual=5165.018 epoch_pending=0 epochs=1 trigger=first ttl_dropped=0 waiting=4

2026-09-14 08:21:56,439 INFO camera_service: vector_stats ms_total=424.0 ms={"resize":0.4,"l0":18.7,"l1":185.0,"l3":62.1,"temporal_pack":157.1,"total":424.0} bytes=243 level=0 detail=80 epoch=0 n_live=25 residual=3008.146 epoch_pending=0 epochs=1 trigger=first ttl_dropped=0 waiting=4

2026-09-14 08:21:59,433 INFO camera_service: vector_stats ms_total=416.6 ms={"resize":0.5,"l0":18.7,"l1":183.4,"l3":62.6,"temporal_pack":150.9,"total":416.6} bytes=239 level=0 detail=80 epoch=0 n_live=25 residual=2882.657 epoch_pending=0 epochs=1 trigger=first ttl_dropped=0 waiting=0

2026-09-14 08:22:01,440 INFO camera_service: vector_stats ms_total=422.5 ms={"resize":0.5,"l0":19.9,"l1":183.4,"l3":58.6,"temporal_pack":159.5,"total":422.5} bytes=242 level=0 detail=80 epoch=0 n_live=24 residual=3078.755 epoch_pending=0 epochs=1 trigger=first ttl_dropped=0 waiting=2

2026-09-14 08:22:03,446 INFO camera_service: vector_stats ms_total=427.4 ms={"resize":0.5,"l0":18.6,"l1":188.2,"l3":63.6,"temporal_pack":155.9,"total":427.4} bytes=241 level=0 detail=80 epoch=0 n_live=21 residual=3211.432 epoch_pending=0 epochs=1 trigger=first ttl_dropped=0 waiting=1

2026-09-14 08:22:06,437 INFO camera_service: vector_stats ms_total=415.4 ms={"resize":0.4,"l0":19.6,"l1":185.0,"l3":51.7,"temporal_pack":158.0,"total":415.4} bytes=243 level=0 detail=80 epoch=0 n_live=22 residual=4571.392 epoch_pending=0 epochs=1 trigger=first ttl_dropped=0 waiting=6

2026-09-14 08:22:08,456 INFO camera_service: vector_stats ms_total=435.8 ms={"resize":0.5,"l0":18.6,"l1":193.5,"l3":55.7,"temporal_pack":166.8,"total":435.8} bytes=242 level=0 detail=80 epoch=0 n_live=22 residual=5301.140 epoch_pending=0 epochs=1 trigger=first ttl_dropped=0 waiting=11

2026-09-14 08:22:11,482 INFO camera_service: vector_stats ms_total=462.5 ms={"resize":0.5,"l0":18.6,"l1":201.2,"l3":55.3,"temporal_pack":186.3,"total":462.5} bytes=240 level=0 detail=80 epoch=0 n_live=21 residual=3638.569 epoch_pending=0 epochs=1 trigger=first ttl_dropped=0 waiting=7

2026-09-14 08:22:14,450 INFO camera_service: vector_stats ms_total=425.6 ms={"resize":0.5,"l0":18.6,"l1":185.1,"l3":54.1,"temporal_pack":166.7,"total":425.6} bytes=241 level=0 detail=80 epoch=0 n_live=24 residual=3595.686 epoch_pending=0 epochs=1 trigger=first ttl_dropped=0 waiting=1

2026-09-14 08:22:17,415 INFO camera_service: vector_stats ms_total=391.7 ms={"resize":0.5,"l0":18.5,"l1":178.6,"l3":51.3,"temporal_pack":142.3,"total":391.7} bytes=240 level=0 detail=80 epoch=0 n_live=19 residual=5402.234 epoch_pending=0 epochs=1 trigger=first ttl_dropped=0 waiting=5

2026-09-14 08:22:19,455 INFO camera_service: vector_stats ms_total=428.1 ms={"resize":0.4,"l0":18.7,"l1":192.3,"l3":42.7,"temporal_pack":173.3,"total":428.1} bytes=241 level=0 detail=80 epoch=0 n_live=22 residual=5325.703 epoch_pending=0 epochs=1 trigger=first ttl_dropped=0 waiting=1

2026-09-14 08:22:22,436 INFO camera_service: vector_stats ms_total=407.5 ms={"resize":0.5,"l0":18.6,"l1":190.0,"l3":48.0,"temporal_pack":149.8,"total":407.5} bytes=240 level=0 detail=80 epoch=0 n_live=20 residual=4913.463 epoch_pending=0 epochs=1 trigger=first ttl_dropped=0 waiting=7

2026-09-14 08:22:24,463 INFO camera_service: vector_stats ms_total=434.0 ms={"resize":0.5,"l0":18.9,"l1":193.4,"l3":50.9,"temporal_pack":169.7,"total":434.0} bytes=238 level=0 detail=80 epoch=0 n_live=23 residual=4981.831 epoch_pending=0 epochs=1 trigger=first ttl_dropped=0 waiting=11

2026-09-14 08:22:26,470 INFO camera_service: vector_stats ms_total=438.7 ms={"resize":0.5,"l0":19.6,"l1":206.3,"l3":61.9,"temporal_pack":149.8,"total":438.7} bytes=236 level=0 detail=80 epoch=0 n_live=19 residual=5434.153 epoch_pending=0 epochs=1 trigger=first ttl_dropped=0 waiting=7

2026-09-14 08:22:29,472 INFO camera_service: vector_stats ms_total=439.2 ms={"resize":0.5,"l0":22.9,"l1":217.1,"l3":56.0,"temporal_pack":142.0,"total":439.2} bytes=241 level=0 detail=80 epoch=0 n_live=18 residual=5123.460 epoch_pending=0 epochs=1 trigger=first ttl_dropped=0 waiting=4

2026-09-14 08:22:32,427 INFO camera_service: vector_stats ms_total=428.9 ms={"resize":0.5,"l0":18.4,"l1":185.9,"l3":54.4,"temporal_pack":169.0,"total":428.9} bytes=241 level=0 detail=80 epoch=0 n_live=24 residual=5579.226 epoch_pending=0 epochs=1 trigger=first ttl_dropped=0 waiting=3

2026-09-14 08:22:34,431 INFO camera_service: vector_stats ms_total=433.5 ms={"resize":0.5,"l0":19.7,"l1":200.9,"l3":56.0,"temporal_pack":155.8,"total":433.5} bytes=241 level=0 detail=80 epoch=0 n_live=23 residual=5533.220 epoch_pending=0 epochs=1 trigger=first ttl_dropped=0 waiting=13

2026-09-14 08:22:37,390 INFO camera_service: vector_stats ms_total=388.6 ms={"resize":0.5,"l0":18.9,"l1":178.7,"l3":48.9,"temporal_pack":141.0,"total":388.6} bytes=243 level=0 detail=80 epoch=0 n_live=20 residual=5049.104 epoch_pending=0 epochs=1 trigger=first ttl_dropped=0 waiting=5

2026-09-14 08:22:39,410 INFO camera_service: vector_stats ms_total=405.4 ms={"resize":0.5,"l0":18.6,"l1":187.9,"l3":56.3,"temporal_pack":141.4,"total":405.4} bytes=238 level=0 detail=80 epoch=0 n_live=21 residual=5356.815 epoch_pending=0 epochs=1 trigger=first ttl_dropped=0 waiting=4

2026-09-14 08:22:41,421 INFO camera_service: vector_stats ms_total=421.9 ms={"resize":0.5,"l0":18.7,"l1":186.8,"l3":49.9,"temporal_pack":165.3,"total":421.9} bytes=242 level=0 detail=80 epoch=0 n_live=24 residual=4950.484 epoch_pending=0 epochs=1 trigger=first ttl_dropped=0 waiting=7

2026-09-14 08:22:44,435 INFO camera_service: vector_stats ms_total=421.5 ms={"resize":0.5,"l0":18.8,"l1":197.9,"l3":57.6,"temporal_pack":146.1,"total":421.5} bytes=242 level=0 detail=80 epoch=1 n_live=20 residual=4955.806 epoch_pending=0 epochs=2 trigger=safety ttl_dropped=0 waiting=5

2026-09-14 08:22:47,435 INFO camera_service: vector_stats ms_total=428.5 ms={"resize":0.5,"l0":18.8,"l1":186.3,"l3":62.3,"temporal_pack":160.0,"total":428.5} bytes=242 level=0 detail=80 epoch=1 n_live=23 residual=3934.436 epoch_pending=0 epochs=2 trigger=safety ttl_dropped=0 waiting=0

2026-09-14 08:22:49,436 INFO camera_service: vector_stats ms_total=426.3 ms={"resize":0.5,"l0":18.6,"l1":194.4,"l3":52.4,"temporal_pack":159.6,"total":426.3} bytes=236 level=0 detail=80 epoch=1 n_live=18 residual=3029.531 epoch_pending=0 epochs=2 trigger=safety ttl_dropped=0 waiting=11

2026-09-14 08:22:52,402 INFO camera_service: vector_stats ms_total=397.7 ms={"resize":0.5,"l0":18.7,"l1":183.2,"l3":52.9,"temporal_pack":141.8,"total":397.7} bytes=241 level=0 detail=80 epoch=2 n_live=18 residual=4821.795 epoch_pending=0 epochs=3 trigger=relabel ttl_dropped=0 waiting=9

2026-09-14 08:22:54,439 INFO camera_service: vector_stats ms_total=430.8 ms={"resize":0.5,"l0":18.9,"l1":191.5,"l3":57.0,"temporal_pack":162.2,"total":430.8} bytes=240 level=0 detail=80 epoch=2 n_live=20 residual=5299.694 epoch_pending=0 epochs=3 trigger=relabel ttl_dropped=0 waiting=2

2026-09-14 08:22:56,479 INFO camera_service: vector_stats ms_total=467.5 ms={"resize":0.5,"l0":18.7,"l1":192.0,"l3":68.6,"temporal_pack":187.2,"total":467.5} bytes=240 level=0 detail=80 epoch=2 n_live=23 residual=5512.257 epoch_pending=0 epochs=3 trigger=relabel ttl_dropped=0 waiting=12

2026-09-14 08:22:59,434 INFO camera_service: vector_stats ms_total=414.8 ms={"resize":0.5,"l0":18.8,"l1":189.7,"l3":51.0,"temporal_pack":154.2,"total":414.8} bytes=240 level=0 detail=80 epoch=2 n_live=20 residual=5527.816 epoch_pending=0 epochs=3 trigger=relabel ttl_dropped=0 waiting=11

2026-09-14 08:23:02,439 INFO camera_service: vector_stats ms_total=427.0 ms={"resize":0.5,"l0":18.8,"l1":181.5,"l3":59.9,"temporal_pack":165.6,"total":427.0} bytes=242 level=0 detail=80 epoch=2 n_live=24 residual=6116.651 epoch_pending=0 epochs=3 trigger=relabel ttl_dropped=0 waiting=1

2026-09-14 08:23:05,416 INFO camera_service: vector_stats ms_total=399.9 ms={"resize":0.5,"l0":18.6,"l1":188.1,"l3":46.7,"temporal_pack":145.5,"total":399.9} bytes=243 level=0 detail=80 epoch=2 n_live=15 residual=4242.275 epoch_pending=0 epochs=3 trigger=relabel ttl_dropped=0 waiting=11

2026-09-14 08:23:07,490 INFO camera_service: vector_stats ms_total=475.0 ms={"resize":0.5,"l0":18.8,"l1":225.5,"l3":67.9,"temporal_pack":161.8,"total":475.0} bytes=242 level=0 detail=80 epoch=2 n_live=19 residual=4586.987 epoch_pending=0 epochs=3 trigger=relabel ttl_dropped=0 waiting=5

2026-09-14 08:23:10,432 INFO camera_service: vector_stats ms_total=410.6 ms={"resize":0.5,"l0":18.6,"l1":190.0,"l3":52.7,"temporal_pack":148.1,"total":410.6} bytes=242 level=0 detail=80 epoch=2 n_live=19 residual=3437.527 epoch_pending=0 epochs=3 trigger=relabel ttl_dropped=0 waiting=7

2026-09-14 08:23:12,440 INFO camera_service: vector_stats ms_total=421.2 ms={"resize":0.5,"l0":18.7,"l1":186.1,"l3":52.1,"temporal_pack":163.2,"total":421.2} bytes=243 level=0 detail=80 epoch=2 n_live=24 residual=4968.208 epoch_pending=0 epochs=3 trigger=relabel ttl_dropped=0 waiting=5

2026-09-14 08:23:15,415 INFO camera_service: vector_stats ms_total=396.1 ms={"resize":0.4,"l0":18.6,"l1":188.9,"l3":48.6,"temporal_pack":138.8,"total":396.1} bytes=243 level=0 detail=80 epoch=2 n_live=18 residual=4364.411 epoch_pending=0 epochs=3 trigger=relabel ttl_dropped=0 waiting=0

2026-09-14 08:23:17,439 INFO camera_service: vector_stats ms_total=418.5 ms={"resize":0.5,"l0":18.6,"l1":195.1,"l3":41.1,"temporal_pack":162.6,"total":418.5} bytes=242 level=0 detail=80 epoch=2 n_live=20 residual=4450.824 epoch_pending=0 epochs=3 trigger=relabel ttl_dropped=0 waiting=4

2026-09-14 08:23:20,433 INFO camera_service: vector_stats ms_total=412.8 ms={"resize":0.5,"l0":18.6,"l1":180.0,"l3":64.1,"temporal_pack":148.9,"total":412.8} bytes=243 level=0 detail=80 epoch=2 n_live=25 residual=4964.273 epoch_pending=0 epochs=3 trigger=relabel ttl_dropped=0 waiting=0

2026-09-14 08:23:22,436 INFO camera_service: vector_stats ms_total=408.7 ms={"resize":0.5,"l0":19.6,"l1":194.0,"l3":52.5,"temporal_pack":141.4,"total":408.7} bytes=243 level=0 detail=80 epoch=2 n_live=20 residual=4575.754 epoch_pending=0 epochs=3 trigger=relabel ttl_dropped=0 waiting=5

2026-09-14 08:23:24,436 INFO camera_service: vector_stats ms_total=407.8 ms={"resize":0.5,"l0":18.8,"l1":190.6,"l3":60.1,"temporal_pack":137.1,"total":407.8} bytes=241 level=0 detail=80 epoch=2 n_live=21 residual=4511.128 epoch_pending=0 epochs=3 trigger=relabel ttl_dropped=0 waiting=0

2026-09-14 08:23:26,447 INFO camera_service: vector_stats ms_total=419.8 ms={"resize":0.5,"l0":19.7,"l1":192.9,"l3":62.0,"temporal_pack":144.1,"total":419.8} bytes=242 level=0 detail=80 epoch=3 n_live=18 residual=3448.890 epoch_pending=0 epochs=4 trigger=relabel ttl_dropped=0 waiting=9

2026-09-14 08:23:28,453 INFO camera_service: vector_stats ms_total=428.6 ms={"resize":0.5,"l0":18.8,"l1":184.9,"l3":57.2,"temporal_pack":166.6,"total":428.6} bytes=242 level=0 detail=80 epoch=3 n_live=23 residual=4611.733 epoch_pending=0 epochs=4 trigger=relabel ttl_dropped=0 waiting=7

2026-09-14 08:23:30,459 INFO camera_service: vector_stats ms_total=430.1 ms={"resize":0.5,"l0":19.3,"l1":196.5,"l3":56.3,"temporal_pack":156.9,"total":430.1} bytes=243 level=0 detail=80 epoch=3 n_live=21 residual=4648.366 epoch_pending=0 epochs=4 trigger=relabel ttl_dropped=0 waiting=11

2026-09-14 08:23:32,459 INFO camera_service: vector_stats ms_total=426.1 ms={"resize":0.5,"l0":18.7,"l1":190.5,"l3":53.3,"temporal_pack":162.5,"total":426.1} bytes=241 level=0 detail=80 epoch=4 n_live=15 residual=4725.351 epoch_pending=0 epochs=5 trigger=relabel ttl_dropped=0 waiting=6

2026-09-14 08:23:34,484 INFO camera_service: vector_stats ms_total=456.1 ms={"resize":0.5,"l0":18.8,"l1":204.4,"l3":66.5,"temporal_pack":165.3,"total":456.1} bytes=242 level=0 detail=80 epoch=4 n_live=19 residual=4415.792 epoch_pending=0 epochs=5 trigger=relabel ttl_dropped=0 waiting=5

2026-09-14 08:23:37,435 INFO camera_service: vector_stats ms_total=435.3 ms={"resize":0.5,"l0":19.8,"l1":199.2,"l3":55.0,"temporal_pack":160.3,"total":435.3} bytes=243 level=0 detail=80 epoch=4 n_live=24 residual=4426.044 epoch_pending=0 epochs=5 trigger=relabel ttl_dropped=0 waiting=8

2026-09-14 08:23:40,421 INFO camera_service: vector_stats ms_total=417.4 ms={"resize":0.5,"l0":18.9,"l1":196.2,"l3":48.8,"temporal_pack":152.3,"total":417.4} bytes=243 level=0 detail=80 epoch=4 n_live=20 residual=4440.165 epoch_pending=0 epochs=5 trigger=relabel ttl_dropped=0 waiting=8

2026-09-14 08:23:43,423 INFO camera_service: vector_stats ms_total=420.4 ms={"resize":0.5,"l0":18.8,"l1":186.9,"l3":52.3,"temporal_pack":161.3,"total":420.4} bytes=241 level=0 detail=80 epoch=5 n_live=24 residual=3502.891 epoch_pending=0 epochs=6 trigger=relabel ttl_dropped=0 waiting=3

2026-09-14 08:23:45,481 INFO camera_service: vector_stats ms_total=478.5 ms={"resize":0.4,"l0":19.6,"l1":253.7,"l3":57.7,"temporal_pack":146.3,"total":478.5} bytes=240 level=0 detail=80 epoch=5 n_live=20 residual=3717.462 epoch_pending=0 epochs=6 trigger=relabel ttl_dropped=0 waiting=5

2026-09-14 08:23:48,423 INFO camera_service: vector_stats ms_total=414.0 ms={"resize":0.7,"l0":19.9,"l1":186.7,"l3":54.6,"temporal_pack":151.5,"total":414.0} bytes=242 level=0 detail=80 epoch=5 n_live=19 residual=3494.271 epoch_pending=0 epochs=6 trigger=relabel ttl_dropped=0 waiting=9

2026-09-14 08:23:51,404 INFO camera_service: vector_stats ms_total=398.2 ms={"resize":0.6,"l0":18.6,"l1":186.9,"l3":53.7,"temporal_pack":137.7,"total":398.2} bytes=240 level=0 detail=80 epoch=5 n_live=24 residual=3373.770 epoch_pending=0 epochs=6 trigger=relabel ttl_dropped=0 waiting=0

2026-09-14 08:23:53,428 INFO camera_service: vector_stats ms_total=426.7 ms={"resize":0.5,"l0":19.6,"l1":198.1,"l3":52.3,"temporal_pack":155.6,"total":426.7} bytes=242 level=0 detail=80 epoch=5 n_live=21 residual=3247.773 epoch_pending=0 epochs=6 trigger=relabel ttl_dropped=0 waiting=6

2026-09-14 08:23:56,442 INFO camera_service: vector_stats ms_total=433.0 ms={"resize":0.7,"l0":23.4,"l1":213.3,"l3":48.8,"temporal_pack":146.1,"total":433.0} bytes=243 level=0 detail=80 epoch=5 n_live=18 residual=2911.181 epoch_pending=0 epochs=6 trigger=relabel ttl_dropped=0 waiting=5

2026-09-14 08:23:59,428 INFO camera_service: vector_stats ms_total=419.7 ms={"resize":0.5,"l0":18.8,"l1":184.5,"l3":55.1,"temporal_pack":160.3,"total":419.7} bytes=242 level=0 detail=80 epoch=5 n_live=24 residual=3255.012 epoch_pending=0 epochs=6 trigger=relabel ttl_dropped=0 waiting=7

2026-09-14 08:24:01,444 INFO camera_service: vector_stats ms_total=434.3 ms={"resize":0.5,"l0":18.9,"l1":187.1,"l3":52.4,"temporal_pack":174.7,"total":434.3} bytes=239 level=0 detail=80 epoch=5 n_live=22 residual=2752.369 epoch_pending=0 epochs=6 trigger=relabel ttl_dropped=0 waiting=8

2026-09-14 08:24:04,426 INFO camera_service: vector_stats ms_total=409.6 ms={"resize":0.5,"l0":18.6,"l1":187.2,"l3":49.0,"temporal_pack":153.7,"total":409.6} bytes=242 level=0 detail=80 epoch=5 n_live=19 residual=3277.635 epoch_pending=0 epochs=6 trigger=relabel ttl_dropped=0 waiting=6

2026-09-14 08:24:07,424 INFO camera_service: vector_stats ms_total=410.2 ms={"resize":0.5,"l0":18.7,"l1":183.9,"l3":56.8,"temporal_pack":149.6,"total":410.2} bytes=242 level=0 detail=80 epoch=5 n_live=22 residual=3182.861 epoch_pending=0 epochs=6 trigger=relabel ttl_dropped=0 waiting=4

2026-09-14 08:24:09,440 INFO camera_service: vector_stats ms_total=419.5 ms={"resize":0.4,"l0":18.6,"l1":191.9,"l3":46.5,"temporal_pack":161.4,"total":419.5} bytes=240 level=0 detail=80 epoch=5 n_live=24 residual=2945.255 epoch_pending=0 epochs=6 trigger=relabel ttl_dropped=0 waiting=3

2026-09-14 08:24:12,463 INFO camera_service: vector_stats ms_total=447.3 ms={"resize":0.5,"l0":18.7,"l1":203.8,"l3":65.4,"temporal_pack":158.3,"total":447.3} bytes=240 level=0 detail=80 epoch=5 n_live=20 residual=3292.811 epoch_pending=0 epochs=6 trigger=relabel ttl_dropped=0 waiting=7

2026-09-14 08:24:15,416 INFO camera_service: vector_stats ms_total=399.0 ms={"resize":0.4,"l0":18.9,"l1":185.0,"l3":50.2,"temporal_pack":143.9,"total":399.0} bytes=243 level=0 detail=80 epoch=6 n_live=18 residual=3353.786 epoch_pending=0 epochs=7 trigger=relabel ttl_dropped=0 waiting=5

2026-09-14 08:24:17,462 INFO camera_service: vector_stats ms_total=432.8 ms={"resize":0.5,"l0":18.9,"l1":196.8,"l3":47.3,"temporal_pack":168.5,"total":432.8} bytes=243 level=0 detail=80 epoch=6 n_live=23 residual=4159.965 epoch_pending=0 epochs=7 trigger=relabel ttl_dropped=0 waiting=2

2026-09-14 08:24:19,462 INFO camera_service: vector_stats ms_total=438.5 ms={"resize":0.5,"l0":19.7,"l1":195.4,"l3":52.3,"temporal_pack":170.0,"total":438.5} bytes=241 level=0 detail=80 epoch=7 n_live=15 residual=3150.822 epoch_pending=0 epochs=8 trigger=relabel ttl_dropped=0 waiting=3

2026-09-14 08:24:22,433 INFO camera_service: vector_stats ms_total=405.9 ms={"resize":0.5,"l0":18.9,"l1":184.7,"l3":59.0,"temporal_pack":142.2,"total":405.9} bytes=240 level=0 detail=80 epoch=7 n_live=19 residual=2885.614 epoch_pending=0 epochs=8 trigger=relabel ttl_dropped=0 waiting=4

2026-09-14 08:24:24,449 INFO camera_service: vector_stats ms_total=424.7 ms={"resize":0.5,"l0":18.6,"l1":186.9,"l3":59.2,"temporal_pack":158.8,"total":424.7} bytes=240 level=0 detail=80 epoch=7 n_live=22 residual=3212.566 epoch_pending=0 epochs=8 trigger=relabel ttl_dropped=0 waiting=2

2026-09-14 08:24:26,459 INFO camera_service: vector_stats ms_total=426.6 ms={"resize":0.5,"l0":18.8,"l1":188.0,"l3":65.9,"temporal_pack":152.7,"total":426.6} bytes=243 level=0 detail=80 epoch=7 n_live=20 residual=2839.253 epoch_pending=0 epochs=8 trigger=relabel ttl_dropped=0 waiting=11

2026-09-14 08:24:29,479 INFO camera_service: vector_stats ms_total=449.1 ms={"resize":0.5,"l0":19.9,"l1":208.0,"l3":55.9,"temporal_pack":164.1,"total":449.1} bytes=243 level=0 detail=80 epoch=7 n_live=23 residual=3078.458 epoch_pending=0 epochs=8 trigger=relabel ttl_dropped=0 waiting=5

2026-09-14 08:24:32,425 INFO camera_service: vector_stats ms_total=397.4 ms={"resize":0.5,"l0":18.8,"l1":185.5,"l3":49.1,"temporal_pack":142.9,"total":397.4} bytes=215 level=0 detail=80 epoch=7 n_live=16 residual=3648.594 epoch_pending=0 epochs=8 trigger=relabel ttl_dropped=0 waiting=13

2026-09-14 08:24:34,471 INFO camera_service: vector_stats ms_total=435.4 ms={"resize":0.5,"l0":21.9,"l1":200.4,"l3":55.4,"temporal_pack":156.5,"total":435.4} bytes=243 level=0 detail=80 epoch=7 n_live=21 residual=3266.747 epoch_pending=0 epochs=8 trigger=relabel ttl_dropped=0 waiting=5

2026-09-14 08:24:37,426 INFO camera_service: vector_stats ms_total=395.4 ms={"resize":0.5,"l0":18.6,"l1":188.7,"l3":43.6,"temporal_pack":143.3,"total":395.4} bytes=243 level=0 detail=80 epoch=7 n_live=19 residual=2897.448 epoch_pending=0 epochs=8 trigger=relabel ttl_dropped=0 waiting=8

2026-09-14 08:24:39,431 INFO camera_service: vector_stats ms_total=430.9 ms={"resize":0.4,"l0":18.6,"l1":190.8,"l3":63.5,"temporal_pack":156.8,"total":430.9} bytes=236 level=0 detail=80 epoch=7 n_live=23 residual=3460.966 epoch_pending=0 epochs=8 trigger=relabel ttl_dropped=0 waiting=0

2026-09-14 08:24:42,415 INFO camera_service: vector_stats ms_total=417.0 ms={"resize":0.6,"l0":18.6,"l1":185.3,"l3":56.3,"temporal_pack":155.6,"total":417.0} bytes=242 level=0 detail=80 epoch=7 n_live=19 residual=3202.928 epoch_pending=0 epochs=8 trigger=relabel ttl_dropped=0 waiting=2

2026-09-14 08:24:45,407 INFO camera_service: vector_stats ms_total=397.9 ms={"resize":0.5,"l0":18.9,"l1":186.4,"l3":45.3,"temporal_pack":146.2,"total":397.9} bytes=236 level=0 detail=80 epoch=7 n_live=20 residual=2722.513 epoch_pending=0 epochs=8 trigger=relabel ttl_dropped=0 waiting=5

2026-09-14 08:24:47,438 INFO camera_service: vector_stats ms_total=434.7 ms={"resize":0.5,"l0":18.7,"l1":193.2,"l3":52.8,"temporal_pack":168.8,"total":434.7} bytes=243 level=0 detail=80 epoch=7 n_live=28 residual=3078.921 epoch_pending=0 epochs=8 trigger=relabel ttl_dropped=0 waiting=2

2026-09-14 08:24:50,479 INFO camera_service: vector_stats ms_total=470.5 ms={"resize":0.5,"l0":18.8,"l1":198.6,"l3":85.7,"temporal_pack":166.2,"total":470.5} bytes=241 level=0 detail=80 epoch=7 n_live=20 residual=3653.047 epoch_pending=0 epochs=8 trigger=relabel ttl_dropped=0 waiting=2

2026-09-14 08:24:53,425 INFO camera_service: vector_stats ms_total=417.8 ms={"resize":0.4,"l0":18.5,"l1":183.1,"l3":51.2,"temporal_pack":163.9,"total":417.8} bytes=242 level=0 detail=80 epoch=7 n_live=25 residual=3750.838 epoch_pending=0 epochs=8 trigger=relabel ttl_dropped=0 waiting=0

2026-09-14 08:24:56,417 INFO camera_service: vector_stats ms_total=408.3 ms={"resize":0.4,"l0":18.6,"l1":189.7,"l3":59.6,"temporal_pack":139.4,"total":408.3} bytes=242 level=0 detail=80 epoch=7 n_live=25 residual=4664.848 epoch_pending=0 epochs=8 trigger=relabel ttl_dropped=0 waiting=0

2026-09-14 08:24:58,417 INFO camera_service: vector_stats ms_total=408.0 ms={"resize":0.4,"l0":19.0,"l1":185.3,"l3":57.0,"temporal_pack":145.6,"total":408.0} bytes=243 level=0 detail=80 epoch=7 n_live=21 residual=4604.742 epoch_pending=0 epochs=8 trigger=relabel ttl_dropped=0 waiting=1

2026-09-14 08:25:00,429 INFO camera_service: vector_stats ms_total=413.3 ms={"resize":0.4,"l0":18.6,"l1":195.1,"l3":48.8,"temporal_pack":149.8,"total":413.3} bytes=242 level=0 detail=80 epoch=7 n_live=19 residual=3725.451 epoch_pending=0 epochs=8 trigger=relabel ttl_dropped=0 waiting=7

2026-09-14 08:25:03,408 INFO camera_service: vector_stats ms_total=396.2 ms={"resize":0.4,"l0":18.9,"l1":190.1,"l3":57.2,"temporal_pack":129.1,"total":396.2} bytes=239 level=0 detail=80 epoch=7 n_live=15 residual=3626.421 epoch_pending=0 epochs=8 trigger=relabel ttl_dropped=0 waiting=5

2026-09-14 08:25:05,464 INFO camera_service: vector_stats ms_total=446.9 ms={"resize":0.5,"l0":18.8,"l1":194.2,"l3":54.7,"temporal_pack":178.1,"total":446.9} bytes=242 level=0 detail=80 epoch=7 n_live=22 residual=3966.896 epoch_pending=0 epochs=8 trigger=relabel ttl_dropped=0 waiting=5

2026-09-14 08:25:08,438 INFO camera_service: vector_stats ms_total=419.9 ms={"resize":0.6,"l0":18.9,"l1":197.7,"l3":49.1,"temporal_pack":153.0,"total":419.9} bytes=241 level=0 detail=80 epoch=7 n_live=19 residual=3689.568 epoch_pending=0 epochs=8 trigger=relabel ttl_dropped=0 waiting=11

2026-09-14 08:25:11,423 INFO camera_service: vector_stats ms_total=400.7 ms={"resize":0.5,"l0":18.7,"l1":186.1,"l3":44.8,"temporal_pack":149.8,"total":400.7} bytes=240 level=0 detail=80 epoch=7 n_live=19 residual=3157.504 epoch_pending=0 epochs=8 trigger=relabel ttl_dropped=0 waiting=7

2026-09-14 08:25:13,434 INFO camera_service: vector_stats ms_total=415.6 ms={"resize":0.5,"l0":18.8,"l1":190.3,"l3":51.0,"temporal_pack":154.4,"total":415.6} bytes=237 level=0 detail=80 epoch=7 n_live=21 residual=3476.458 epoch_pending=0 epochs=8 trigger=relabel ttl_dropped=0 waiting=10

2026-09-14 08:25:15,447 INFO camera_service: vector_stats ms_total=421.4 ms={"resize":0.5,"l0":18.9,"l1":188.0,"l3":51.8,"temporal_pack":161.4,"total":421.4} bytes=237 level=0 detail=80 epoch=8 n_live=15 residual=3460.571 epoch_pending=0 epochs=9 trigger=relabel ttl_dropped=0 waiting=5

2026-09-14 08:25:18,427 INFO camera_service: vector_stats ms_total=405.8 ms={"resize":0.4,"l0":18.9,"l1":184.5,"l3":51.2,"temporal_pack":150.1,"total":405.8} bytes=242 level=0 detail=80 epoch=8 n_live=21 residual=3234.017 epoch_pending=0 epochs=9 trigger=relabel ttl_dropped=0 waiting=2

2026-09-14 08:25:20,454 INFO camera_service: vector_stats ms_total=428.4 ms={"resize":0.5,"l0":19.1,"l1":187.3,"l3":57.6,"temporal_pack":163.4,"total":428.4} bytes=240 level=0 detail=80 epoch=8 n_live=23 residual=3532.376 epoch_pending=0 epochs=9 trigger=relabel ttl_dropped=0 waiting=2

2026-09-14 08:25:23,424 INFO camera_service: vector_stats ms_total=402.1 ms={"resize":0.5,"l0":18.9,"l1":184.1,"l3":47.3,"temporal_pack":150.8,"total":402.1} bytes=237 level=0 detail=80 epoch=8 n_live=19 residual=2982.906 epoch_pending=0 epochs=9 trigger=relabel ttl_dropped=0 waiting=6

2026-09-14 08:25:25,426 INFO camera_service: vector_stats ms_total=397.4 ms={"resize":0.5,"l0":18.6,"l1":186.0,"l3":51.4,"temporal_pack":140.3,"total":397.4} bytes=239 level=0 detail=80 epoch=8 n_live=17 residual=3015.636 epoch_pending=0 epochs=9 trigger=relabel ttl_dropped=0 waiting=3

2026-09-14 08:25:27,429 INFO camera_service: vector_stats ms_total=405.0 ms={"resize":0.4,"l0":18.5,"l1":181.9,"l3":51.4,"temporal_pack":152.1,"total":405.0} bytes=241 level=0 detail=80 epoch=8 n_live=24 residual=3455.694 epoch_pending=0 epochs=9 trigger=relabel ttl_dropped=0 waiting=0

2026-09-14 08:25:29,468 INFO camera_service: vector_stats ms_total=437.7 ms={"resize":0.5,"l0":18.7,"l1":195.5,"l3":49.6,"temporal_pack":172.7,"total":437.7} bytes=243 level=0 detail=80 epoch=8 n_live=25 residual=3229.057 epoch_pending=0 epochs=9 trigger=relabel ttl_dropped=0 waiting=6

2026-09-14 08:25:32,439 INFO camera_service: vector_stats ms_total=410.2 ms={"resize":0.5,"l0":19.2,"l1":186.9,"l3":53.8,"temporal_pack":149.1,"total":410.2} bytes=240 level=0 detail=80 epoch=8 n_live=19 residual=3113.212 epoch_pending=0 epochs=9 trigger=relabel ttl_dropped=0 waiting=7

2026-09-14 08:25:34,441 INFO camera_service: vector_stats ms_total=408.6 ms={"resize":0.5,"l0":19.0,"l1":185.9,"l3":58.0,"temporal_pack":144.6,"total":408.6} bytes=242 level=0 detail=80 epoch=8 n_live=19 residual=3472.027 epoch_pending=0 epochs=9 trigger=relabel ttl_dropped=0 waiting=9

2026-09-14 08:25:36,443 INFO camera_service: vector_stats ms_total=413.8 ms={"resize":0.5,"l0":18.7,"l1":186.0,"l3":50.0,"temporal_pack":158.0,"total":413.8} bytes=240 level=0 detail=80 epoch=8 n_live=23 residual=3266.686 epoch_pending=0 epochs=9 trigger=relabel ttl_dropped=0 waiting=7

2026-09-14 08:25:39,490 INFO camera_service: vector_stats ms_total=453.0 ms={"resize":0.5,"l0":18.8,"l1":218.5,"l3":62.6,"temporal_pack":151.9,"total":453.0} bytes=243 level=0 detail=80 epoch=8 n_live=19 residual=2962.630 epoch_pending=0 epochs=9 trigger=relabel ttl_dropped=0 waiting=5

2026-09-14 08:25:42,401 INFO camera_service: vector_stats ms_total=401.5 ms={"resize":0.5,"l0":18.6,"l1":184.7,"l3":48.0,"temporal_pack":149.2,"total":401.5} bytes=240 level=0 detail=80 epoch=8 n_live=19 residual=3456.989 epoch_pending=0 epochs=9 trigger=relabel ttl_dropped=0 waiting=5

2026-09-14 08:25:44,429 INFO camera_service: vector_stats ms_total=426.5 ms={"resize":0.5,"l0":18.6,"l1":188.4,"l3":60.9,"temporal_pack":157.4,"total":426.5} bytes=242 level=0 detail=80 epoch=8 n_live=22 residual=3397.811 epoch_pending=0 epochs=9 trigger=relabel ttl_dropped=0 waiting=1

2026-09-14 08:25:47,423 INFO camera_service: vector_stats ms_total=418.5 ms={"resize":0.5,"l0":18.7,"l1":199.3,"l3":57.0,"temporal_pack":142.4,"total":418.5} bytes=241 level=0 detail=80 epoch=8 n_live=18 residual=3748.271 epoch_pending=0 epochs=9 trigger=relabel ttl_dropped=0 waiting=0

2026-09-14 08:25:50,491 INFO camera_service: vector_stats ms_total=481.2 ms={"resize":0.6,"l0":26.2,"l1":238.6,"l3":61.0,"temporal_pack":154.2,"total":481.2} bytes=238 level=0 detail=80 epoch=9 n_live=20 residual=3635.784 epoch_pending=0 epochs=10 trigger=relabel ttl_dropped=0 waiting=2

2026-09-14 08:25:53,420 INFO camera_service: vector_stats ms_total=408.8 ms={"resize":0.4,"l0":18.8,"l1":189.2,"l3":47.0,"temporal_pack":152.8,"total":408.8} bytes=239 level=0 detail=80 epoch=9 n_live=20 residual=3443.050 epoch_pending=0 epochs=10 trigger=relabel ttl_dropped=0 waiting=9

2026-09-14 08:25:55,427 INFO camera_service: vector_stats ms_total=419.8 ms={"resize":0.5,"l0":18.8,"l1":189.1,"l3":55.9,"temporal_pack":154.9,"total":419.8} bytes=243 level=0 detail=80 epoch=9 n_live=23 residual=3843.335 epoch_pending=0 epochs=10 trigger=relabel ttl_dropped=0 waiting=4

2026-09-14 08:25:57,449 INFO camera_service: vector_stats ms_total=442.9 ms={"resize":0.5,"l0":18.9,"l1":199.3,"l3":63.8,"temporal_pack":159.8,"total":442.9} bytes=241 level=0 detail=80 epoch=9 n_live=19 residual=4038.749 epoch_pending=0 epochs=10 trigger=relabel ttl_dropped=0 waiting=3

2026-09-14 08:26:00,460 INFO camera_service: vector_stats ms_total=446.9 ms={"resize":0.5,"l0":18.9,"l1":189.0,"l3":72.6,"temporal_pack":165.3,"total":446.9} bytes=242 level=0 detail=80 epoch=9 n_live=24 residual=4185.473 epoch_pending=0 epochs=10 trigger=relabel ttl_dropped=0 waiting=2

2026-09-14 08:26:03,447 INFO camera_service: vector_stats ms_total=430.3 ms={"resize":0.5,"l0":19.7,"l1":194.8,"l3":58.7,"temporal_pack":156.0,"total":430.3} bytes=242 level=0 detail=80 epoch=9 n_live=18 residual=3933.583 epoch_pending=0 epochs=10 trigger=relabel ttl_dropped=0 waiting=10

2026-09-14 08:26:06,466 INFO camera_service: vector_stats ms_total=450.5 ms={"resize":0.5,"l0":18.7,"l1":193.0,"l3":46.9,"temporal_pack":190.7,"total":450.5} bytes=242 level=0 detail=80 epoch=9 n_live=21 residual=4397.874 epoch_pending=0 epochs=10 trigger=relabel ttl_dropped=0 waiting=4

2026-09-14 08:26:09,439 INFO camera_service: vector_stats ms_total=427.3 ms={"resize":0.5,"l0":18.7,"l1":197.2,"l3":61.3,"temporal_pack":148.8,"total":427.3} bytes=242 level=0 detail=80 epoch=9 n_live=18 residual=4568.057 epoch_pending=0 epochs=10 trigger=relabel ttl_dropped=0 waiting=9

2026-09-14 08:26:12,412 INFO camera_service: vector_stats ms_total=399.4 ms={"resize":0.5,"l0":18.6,"l1":188.2,"l3":46.7,"temporal_pack":144.8,"total":399.4} bytes=243 level=0 detail=80 epoch=9 n_live=18 residual=4441.171 epoch_pending=0 epochs=10 trigger=relabel ttl_dropped=0 waiting=11

2026-09-14 08:26:15,433 INFO camera_service: vector_stats ms_total=418.4 ms={"resize":0.5,"l0":18.5,"l1":186.2,"l3":55.3,"temporal_pack":157.3,"total":418.4} bytes=241 level=0 detail=80 epoch=9 n_live=22 residual=4534.541 epoch_pending=0 epochs=10 trigger=relabel ttl_dropped=0 waiting=1

2026-09-14 08:26:17,485 INFO camera_service: vector_stats ms_total=463.8 ms={"resize":0.5,"l0":18.7,"l1":207.0,"l3":59.4,"temporal_pack":177.7,"total":463.8} bytes=242 level=0 detail=80 epoch=9 n_live=23 residual=4021.529 epoch_pending=0 epochs=10 trigger=relabel ttl_dropped=0 waiting=3

2026-09-14 08:26:20,412 INFO camera_service: vector_stats ms_total=392.1 ms={"resize":0.5,"l0":18.7,"l1":184.7,"l3":52.1,"temporal_pack":135.5,"total":392.1} bytes=236 level=0 detail=80 epoch=9 n_live=15 residual=4219.553 epoch_pending=0 epochs=10 trigger=relabel ttl_dropped=0 waiting=6

2026-09-14 08:26:22,446 INFO camera_service: vector_stats ms_total=430.5 ms={"resize":0.5,"l0":19.6,"l1":186.8,"l3":59.5,"temporal_pack":163.4,"total":430.5} bytes=239 level=0 detail=80 epoch=9 n_live=23 residual=3100.981 epoch_pending=0 epochs=10 trigger=relabel ttl_dropped=0 waiting=6

2026-09-14 08:26:24,454 INFO camera_service: vector_stats ms_total=430.5 ms={"resize":0.5,"l0":18.7,"l1":188.5,"l3":47.4,"temporal_pack":174.8,"total":430.5} bytes=241 level=0 detail=80 epoch=9 n_live=26 residual=3030.839 epoch_pending=0 epochs=10 trigger=relabel ttl_dropped=0 waiting=2

2026-09-14 08:26:27,415 INFO camera_service: vector_stats ms_total=388.7 ms={"resize":0.5,"l0":18.7,"l1":185.2,"l3":42.1,"temporal_pack":141.4,"total":388.7} bytes=243 level=0 detail=80 epoch=9 n_live=21 residual=3194.109 epoch_pending=0 epochs=10 trigger=relabel ttl_dropped=0 waiting=6

2026-09-14 08:26:29,426 INFO camera_service: vector_stats ms_total=405.8 ms={"resize":0.5,"l0":18.7,"l1":184.2,"l3":50.5,"temporal_pack":151.2,"total":405.8} bytes=243 level=0 detail=80 epoch=9 n_live=22 residual=3315.881 epoch_pending=0 epochs=10 trigger=relabel ttl_dropped=0 waiting=8

2026-09-14 08:26:31,432 INFO camera_service: vector_stats ms_total=404.8 ms={"resize":0.5,"l0":18.6,"l1":181.2,"l3":50.4,"temporal_pack":153.3,"total":404.8} bytes=241 level=0 detail=80 epoch=9 n_live=26 residual=3606.300 epoch_pending=0 epochs=10 trigger=relabel ttl_dropped=0 waiting=0

2026-09-14 08:26:33,438 INFO camera_service: vector_stats ms_total=410.5 ms={"resize":0.5,"l0":18.5,"l1":186.8,"l3":53.5,"temporal_pack":150.5,"total":410.5} bytes=239 level=0 detail=80 epoch=9 n_live=16 residual=3048.911 epoch_pending=0 epochs=10 trigger=relabel ttl_dropped=0 waiting=11

2026-09-14 08:26:36,434 INFO camera_service: vector_stats ms_total=405.8 ms={"resize":0.5,"l0":18.9,"l1":189.4,"l3":53.6,"temporal_pack":142.9,"total":405.8} bytes=242 level=0 detail=80 epoch=9 n_live=18 residual=3327.579 epoch_pending=0 epochs=10 trigger=relabel ttl_dropped=0 waiting=4

2026-09-14 08:26:38,450 INFO camera_service: vector_stats ms_total=422.2 ms={"resize":0.4,"l0":18.7,"l1":192.0,"l3":55.5,"temporal_pack":154.9,"total":422.2} bytes=242 level=0 detail=80 epoch=9 n_live=20 residual=3121.027 epoch_pending=0 epochs=10 trigger=relabel ttl_dropped=0 waiting=8

2026-09-14 08:26:40,462 INFO camera_service: vector_stats ms_total=430.3 ms={"resize":0.5,"l0":18.7,"l1":188.8,"l3":57.6,"temporal_pack":164.1,"total":430.3} bytes=243 level=0 detail=80 epoch=9 n_live=22 residual=3320.297 epoch_pending=0 epochs=10 trigger=relabel ttl_dropped=0 waiting=1

2026-09-14 08:26:43,401 INFO camera_service: vector_stats ms_total=398.9 ms={"resize":0.5,"l0":18.7,"l1":187.8,"l3":51.5,"temporal_pack":139.8,"total":398.9} bytes=235 level=0 detail=80 epoch=9 n_live=19 residual=3014.843 epoch_pending=0 epochs=10 trigger=relabel ttl_dropped=0 waiting=12

2026-09-14 08:26:45,484 INFO camera_service: vector_stats ms_total=476.4 ms={"resize":0.5,"l0":21.9,"l1":238.5,"l3":55.5,"temporal_pack":159.4,"total":476.4} bytes=239 level=0 detail=80 epoch=11 n_live=15 residual=4497.377 epoch_pending=0 epochs=12 trigger=relabel ttl_dropped=0 waiting=3

