2026-07-25 00:08:44,405 INFO image_rx_daemon: opening L072 HostLink on /dev/ttymxc3 @ 921600

2026-07-25 00:08:44,408 INFO image_rx_daemon: image_rx_daemon started; mqtt=127.0.0.1:1883 uart=/dev/ttymxc3

2026-07-25 00:08:44,413 INFO image_rx_daemon: MQTT connected; ready to publish lifetrac/v25/video/tile_delta

2026-07-25 00:08:44,417 INFO image_rx_daemon: LIFETRAC_SKIP_RESET_REQ=1 ΓÇö relying on external NRST; draining boot chatter only

2026-07-25 00:08:44,862 INFO image_rx_daemon: L072 VER warm-up ok (attempt 1)

INFO: post-VER drain queued type=0xF1 seq=0

INFO: post-VER drain queued type=0xC1 seq=0

INFO: post-VER drain queued type=0xF1 seq=0

INFO: post-VER drain queued type=0xC1 seq=0

Initializing regulatory profile 1 on co-processor...

  FHSS mask: WIDE (50 channels) [LIFETRAC_FHSS_WIDE_MASK=1]

CFG_SET_REQ(FHSS_CHANNEL_MASK) OK: 07000800

CFG_SET_REQ(ANTENNA_GAIN_DBI) OK: 15000100

CFG_SET_REQ(HW_CEILING_DBM) OK: 16000100

CFG_SET_REQ(REG_PROFILE=1) OK: 14000100

PHY contract OK: image_bw250 == {'sf': 7, 'bw_khz': 250, 'cr_den': 5, 'preamble': 8}

2026-07-25 00:08:45,247 INFO image_rx_daemon: SX1276 already in RXCONT (opmode=0x85)

2026-07-25 00:08:45,248 INFO image_rx_daemon: RX worker ready; draining RX_FRAME_URC...

2026-07-25 00:08:45,407 INFO image_rx_daemon: stats: rx_frames=0 rx_decode_err=0 frames_published=0 publish_err=0 reassembler_decode_err=0 reassembler_timeouts=0

2026-07-25 00:08:55,412 INFO image_rx_daemon: stats: rx_frames=0 rx_decode_err=0 frames_published=0 publish_err=0 reassembler_decode_err=0 reassembler_timeouts=0

2026-07-25 00:09:02,935 INFO image_rx_daemon: published frame_id=0 209 B ΓåÆ lifetrac/v25/video/tile_delta

2026-07-25 00:09:05,418 INFO image_rx_daemon: stats: rx_frames=2 rx_decode_err=0 frames_published=1 publish_err=0 reassembler_decode_err=0 reassembler_timeouts=0

2026-07-25 00:09:15,422 INFO image_rx_daemon: stats: rx_frames=2 rx_decode_err=0 frames_published=1 publish_err=0 reassembler_decode_err=0 reassembler_timeouts=0

2026-07-25 00:09:23,409 INFO image_rx_daemon: published frame_id=0 193 B ΓåÆ lifetrac/v25/video/tile_delta

2026-07-25 00:09:23,631 INFO image_rx_daemon: published frame_id=0 213 B ΓåÆ lifetrac/v25/video/tile_delta

2026-07-25 00:09:25,426 INFO image_rx_daemon: stats: rx_frames=5 rx_decode_err=0 frames_published=3 publish_err=0 reassembler_decode_err=0 reassembler_timeouts=0

2026-07-25 00:09:35,430 INFO image_rx_daemon: stats: rx_frames=5 rx_decode_err=0 frames_published=3 publish_err=0 reassembler_decode_err=0 reassembler_timeouts=0

2026-07-25 00:09:45,434 INFO image_rx_daemon: stats: rx_frames=6 rx_decode_err=0 frames_published=3 publish_err=0 reassembler_decode_err=0 reassembler_timeouts=0

2026-07-25 00:09:46,828 INFO image_rx_daemon: requesting keyframe (reassembly timeout #1)

2026-07-25 00:09:55,438 INFO image_rx_daemon: stats: rx_frames=6 rx_decode_err=0 frames_published=3 publish_err=0 reassembler_decode_err=0 reassembler_timeouts=1

2026-07-25 00:10:05,442 INFO image_rx_daemon: stats: rx_frames=6 rx_decode_err=0 frames_published=3 publish_err=0 reassembler_decode_err=0 reassembler_timeouts=1

2026-07-25 00:10:15,446 INFO image_rx_daemon: stats: rx_frames=6 rx_decode_err=0 frames_published=3 publish_err=0 reassembler_decode_err=0 reassembler_timeouts=1

2026-07-25 00:10:22,276 INFO image_rx_daemon: published frame_id=0 129 B ΓåÆ lifetrac/v25/video/tile_delta

2026-07-25 00:10:23,415 INFO image_rx_daemon: published frame_id=0 127 B ΓåÆ lifetrac/v25/video/tile_delta

2026-07-25 00:10:24,538 INFO image_rx_daemon: published frame_id=0 117 B ΓåÆ lifetrac/v25/video/tile_delta

2026-07-25 00:10:25,450 INFO image_rx_daemon: stats: rx_frames=9 rx_decode_err=0 frames_published=6 publish_err=0 reassembler_decode_err=0 reassembler_timeouts=1

2026-07-25 00:10:35,455 INFO image_rx_daemon: stats: rx_frames=9 rx_decode_err=0 frames_published=6 publish_err=0 reassembler_decode_err=0 reassembler_timeouts=1

2026-07-25 00:10:40,579 INFO image_rx_daemon: requesting keyframe (reassembly timeout #2)

2026-07-25 00:10:45,458 INFO image_rx_daemon: stats: rx_frames=11 rx_decode_err=0 frames_published=6 publish_err=0 reassembler_decode_err=0 reassembler_timeouts=3

