2026-07-25 00:08:44,261 INFO image_tx_daemon: opening L072 HostLink on /dev/ttymxc3 @ 921600

2026-07-25 00:08:44,263 INFO image_tx_daemon: image_tx_daemon started; mqtt=192.168.1.79:1883 uart=/dev/ttymxc3

2026-07-25 00:08:44,273 INFO image_tx_daemon: MQTT connected; subscribing to lifetrac/v25/cmd/image_frame

2026-07-25 00:08:44,278 INFO image_tx_daemon: LIFETRAC_SKIP_RESET_REQ=1 ΓÇö relying on external NRST; draining boot chatter only

INFO: post-VER drain queued type=0xF1 seq=0

INFO: post-VER drain queued type=0xC1 seq=0

INFO: post-VER drain queued type=0xF1 seq=0

INFO: post-VER drain queued type=0xC1 seq=0

Initializing regulatory profile 1 on co-processor...

  FHSS mask: WIDE (50 channels) [LIFETRAC_FHSS_WIDE_MASK=1]

CFG_SET_REQ(FHSS_CHANNEL_MASK) OK: 07000800

CFG_SET_REQ(ANTENNA_GAIN_DBI) OK: 15000100

CFG_SET_REQ(HW_CEILING_DBM) OK: 16000100

CFG_SET_REQ(REG_PROFILE=1) OK: 14000100

PHY contract OK: image_bw250 == {'sf': 7, 'bw_khz': 250, 'cr_den': 5, 'preamble': 8}

2026-07-25 00:08:45,065 INFO image_tx_daemon: LBT_ENABLE=0 (matches W1-10b TX_BURST rationale)

2026-07-25 00:08:45,066 INFO image_tx_daemon: TX worker ready (inter_cycle_s=0.050, max 8 frags/dwell)

2026-07-25 00:08:45,264 INFO image_tx_daemon: stats: goodput=0.0 B/s util=0% pipeline=v2 frames_in=0 ok=0 fail=0 drop_full=0 drop_stale=0 frags_ok=0 frags_fail=0 qdepth=0

INFO: unrelated frame during TX wait type=0xC0

RFCO_PERTX during TX wait: profile_id=1 tx_status=0x00(OK) hop_idx=0 channel_idx=3 epoch=0 freq_hz=904250000 pkt_toa_us=169088 legal_dwell_used_us_10s=169088

INFO: unrelated frame during TX wait type=0xC0

RFCO_PERTX during TX wait: profile_id=1 tx_status=0x00(OK) hop_idx=1 channel_idx=19 epoch=0 freq_hz=912250000 pkt_toa_us=56448 legal_dwell_used_us_10s=56448

2026-07-25 00:08:48,840 INFO image_tx_daemon: frame seq=1 done: 2 fragments ok

INFO: unrelated frame during TX wait type=0xC0

RFCO_PERTX during TX wait: profile_id=1 tx_status=0x00(OK) hop_idx=2 channel_idx=31 epoch=0 freq_hz=918250000 pkt_toa_us=169088 legal_dwell_used_us_10s=169088

INFO: unrelated frame during TX wait type=0xC0

RFCO_PERTX during TX wait: profile_id=1 tx_status=0x00(OK) hop_idx=3 channel_idx=14 epoch=0 freq_hz=909750000 pkt_toa_us=53888 legal_dwell_used_us_10s=53888

2026-07-25 00:08:50,038 INFO image_tx_daemon: frame seq=2 done: 2 fragments ok

INFO: unrelated frame during TX wait type=0xC0

RFCO_PERTX during TX wait: profile_id=1 tx_status=0x00(OK) hop_idx=4 channel_idx=22 epoch=0 freq_hz=913750000 pkt_toa_us=169088 legal_dwell_used_us_10s=169088

INFO: unrelated frame during TX wait type=0xC0

RFCO_PERTX during TX wait: profile_id=1 tx_status=0x00(OK) hop_idx=5 channel_idx=46 epoch=0 freq_hz=925750000 pkt_toa_us=53888 legal_dwell_used_us_10s=53888

2026-07-25 00:08:51,236 INFO image_tx_daemon: frame seq=8 done: 2 fragments ok

INFO: unrelated frame during TX wait type=0xC0

RFCO_PERTX during TX wait: profile_id=1 tx_status=0x00(OK) hop_idx=6 channel_idx=10 epoch=0 freq_hz=907750000 pkt_toa_us=169088 legal_dwell_used_us_10s=169088

INFO: unrelated frame during TX wait type=0xC0

RFCO_PERTX during TX wait: profile_id=1 tx_status=0x00(OK) hop_idx=7 channel_idx=0 epoch=0 freq_hz=902750000 pkt_toa_us=48768 legal_dwell_used_us_10s=48768

2026-07-25 00:08:52,424 INFO image_tx_daemon: frame seq=15 done: 2 fragments ok

INFO: unrelated frame during TX wait type=0xC0

RFCO_PERTX during TX wait: profile_id=1 tx_status=0x00(OK) hop_idx=8 channel_idx=36 epoch=0 freq_hz=920750000 pkt_toa_us=169088 legal_dwell_used_us_10s=169088

INFO: unrelated frame during TX wait type=0xC0

RFCO_PERTX during TX wait: profile_id=1 tx_status=0x00(OK) hop_idx=9 channel_idx=40 epoch=0 freq_hz=922750000 pkt_toa_us=48768 legal_dwell_used_us_10s=48768

2026-07-25 00:08:53,622 INFO image_tx_daemon: frame seq=22 done: 2 fragments ok

INFO: unrelated frame during TX wait type=0xC0

RFCO_PERTX during TX wait: profile_id=1 tx_status=0x00(OK) hop_idx=10 channel_idx=37 epoch=0 freq_hz=921250000 pkt_toa_us=169088 legal_dwell_used_us_10s=169088

INFO: unrelated frame during TX wait type=0xC0

RFCO_PERTX during TX wait: profile_id=1 tx_status=0x00(OK) hop_idx=11 channel_idx=20 epoch=0 freq_hz=912750000 pkt_toa_us=38528 legal_dwell_used_us_10s=38528

2026-07-25 00:08:54,810 INFO image_tx_daemon: frame seq=29 done: 2 fragments ok

INFO: unrelated frame during TX wait type=0xC0

RFCO_PERTX during TX wait: profile_id=1 tx_status=0x00(OK) hop_idx=12 channel_idx=32 epoch=0 freq_hz=918750000 pkt_toa_us=169088 legal_dwell_used_us_10s=169088

2026-07-25 00:08:55,275 INFO image_tx_daemon: stats: goodput=170.5 B/s util=15% pipeline=v2 frames_in=42 ok=6 fail=0 drop_full=31 drop_stale=0 frags_ok=13 frags_fail=0 qdepth=4

INFO: unrelated frame during TX wait type=0xC0

RFCO_PERTX during TX wait: profile_id=1 tx_status=0x00(OK) hop_idx=13 channel_idx=44 epoch=0 freq_hz=924750000 pkt_toa_us=64128 legal_dwell_used_us_10s=64128

2026-07-25 00:08:55,841 INFO image_tx_daemon: frame seq=36 done: 2 fragments ok

INFO: unrelated frame during TX wait type=0xC0

RFCO_PERTX during TX wait: profile_id=1 tx_status=0x00(OK) hop_idx=14 channel_idx=16 epoch=0 freq_hz=910750000 pkt_toa_us=115328 legal_dwell_used_us_10s=115328

2026-07-25 00:08:55,978 INFO image_tx_daemon: frame seq=42 done: 1 fragments ok

INFO: unrelated frame during TX wait type=0xC0

RFCO_PERTX during TX wait: profile_id=1 tx_status=0x00(OK) hop_idx=15 channel_idx=7 epoch=0 freq_hz=906250000 pkt_toa_us=117888 legal_dwell_used_us_10s=117888

2026-07-25 00:08:56,145 INFO image_tx_daemon: frame seq=43 done: 1 fragments ok

INFO: unrelated frame during TX wait type=0xC0

RFCO_PERTX during TX wait: profile_id=1 tx_status=0x00(OK) hop_idx=16 channel_idx=4 epoch=0 freq_hz=904750000 pkt_toa_us=117888 legal_dwell_used_us_10s=117888

2026-07-25 00:08:56,977 INFO image_tx_daemon: frame seq=44 done: 1 fragments ok

INFO: unrelated frame during TX wait type=0xC0

RFCO_PERTX during TX wait: profile_id=1 tx_status=0x00(OK) hop_idx=17 channel_idx=8 epoch=0 freq_hz=906750000 pkt_toa_us=115328 legal_dwell_used_us_10s=115328

2026-07-25 00:08:57,115 INFO image_tx_daemon: frame seq=49 done: 1 fragments ok

INFO: unrelated frame during TX wait type=0xC0

RFCO_PERTX during TX wait: profile_id=1 tx_status=0x00(OK) hop_idx=18 channel_idx=47 epoch=0 freq_hz=926250000 pkt_toa_us=115328 legal_dwell_used_us_10s=115328

2026-07-25 00:08:57,281 INFO image_tx_daemon: frame seq=50 done: 1 fragments ok

INFO: unrelated frame during TX wait type=0xC0

RFCO_PERTX during TX wait: profile_id=1 tx_status=0x00(OK) hop_idx=19 channel_idx=34 epoch=0 freq_hz=919750000 pkt_toa_us=115328 legal_dwell_used_us_10s=115328

2026-07-25 00:08:58,113 INFO image_tx_daemon: frame seq=51 done: 1 fragments ok

INFO: unrelated frame during TX wait type=0xC0

RFCO_PERTX during TX wait: profile_id=1 tx_status=0x00(OK) hop_idx=20 channel_idx=24 epoch=0 freq_hz=914750000 pkt_toa_us=115328 legal_dwell_used_us_10s=115328

2026-07-25 00:08:58,250 INFO image_tx_daemon: frame seq=56 done: 1 fragments ok

INFO: unrelated frame during TX wait type=0xC0

RFCO_PERTX during TX wait: profile_id=1 tx_status=0x00(OK) hop_idx=21 channel_idx=17 epoch=0 freq_hz=911250000 pkt_toa_us=115328 legal_dwell_used_us_10s=115328

2026-07-25 00:08:58,417 INFO image_tx_daemon: frame seq=57 done: 1 fragments ok

INFO: unrelated frame during TX wait type=0xC0

RFCO_PERTX during TX wait: profile_id=1 tx_status=0x00(OK) hop_idx=22 channel_idx=41 epoch=0 freq_hz=923250000 pkt_toa_us=105088 legal_dwell_used_us_10s=105088

2026-07-25 00:08:59,239 INFO image_tx_daemon: frame seq=58 done: 1 fragments ok

INFO: unrelated frame during TX wait type=0xC0

RFCO_PERTX during TX wait: profile_id=1 tx_status=0x00(OK) hop_idx=23 channel_idx=43 epoch=0 freq_hz=924250000 pkt_toa_us=115328 legal_dwell_used_us_10s=115328

2026-07-25 00:08:59,386 INFO image_tx_daemon: frame seq=63 done: 1 fragments ok

INFO: unrelated frame during TX wait type=0xC0

RFCO_PERTX during TX wait: profile_id=1 tx_status=0x00(OK) hop_idx=24 channel_idx=49 epoch=0 freq_hz=927250000 pkt_toa_us=112768 legal_dwell_used_us_10s=112768

2026-07-25 00:08:59,553 INFO image_tx_daemon: frame seq=64 done: 1 fragments ok

INFO: unrelated frame during TX wait type=0xC0

RFCO_PERTX during TX wait: profile_id=1 tx_status=0x00(OK) hop_idx=25 channel_idx=23 epoch=0 freq_hz=914250000 pkt_toa_us=115328 legal_dwell_used_us_10s=115328

2026-07-25 00:09:00,375 INFO image_tx_daemon: frame seq=65 done: 1 fragments ok

INFO: unrelated frame during TX wait type=0xC0

RFCO_PERTX during TX wait: profile_id=1 tx_status=0x00(OK) hop_idx=26 channel_idx=18 epoch=0 freq_hz=911750000 pkt_toa_us=140928 legal_dwell_used_us_10s=140928

2026-07-25 00:09:00,553 INFO image_tx_daemon: frame seq=70 done: 1 fragments ok

INFO: unrelated frame during TX wait type=0xC0

RFCO_PERTX during TX wait: profile_id=1 tx_status=0x00(OK) hop_idx=27 channel_idx=9 epoch=0 freq_hz=907250000 pkt_toa_us=140928 legal_dwell_used_us_10s=140928

2026-07-25 00:09:01,542 INFO image_tx_daemon: frame seq=71 done: 1 fragments ok

INFO: unrelated frame during TX wait type=0xC0

RFCO_PERTX during TX wait: profile_id=1 tx_status=0x00(OK) hop_idx=28 channel_idx=27 epoch=0 freq_hz=916250000 pkt_toa_us=156288 legal_dwell_used_us_10s=156288

2026-07-25 00:09:01,741 INFO image_tx_daemon: frame seq=77 done: 1 fragments ok

INFO: unrelated frame during TX wait type=0xC0

RFCO_PERTX during TX wait: profile_id=1 tx_status=0x00(OK) hop_idx=29 channel_idx=12 epoch=0 freq_hz=908750000 pkt_toa_us=163968 legal_dwell_used_us_10s=163968

2026-07-25 00:09:02,729 INFO image_tx_daemon: frame seq=78 done: 1 fragments ok

INFO: unrelated frame during TX wait type=0xC0

RFCO_PERTX during TX wait: profile_id=1 tx_status=0x00(OK) hop_idx=30 channel_idx=35 epoch=0 freq_hz=920250000 pkt_toa_us=169088 legal_dwell_used_us_10s=169088

INFO: unrelated frame during TX wait type=0xC0

RFCO_PERTX during TX wait: profile_id=1 tx_status=0x00(OK) hop_idx=31 channel_idx=5 epoch=0 freq_hz=905250000 pkt_toa_us=25728 legal_dwell_used_us_10s=25728

2026-07-25 00:09:02,982 INFO image_tx_daemon: frame seq=82 done: 2 fragments ok

INFO: unrelated frame during TX wait type=0xC0

RFCO_PERTX during TX wait: profile_id=1 tx_status=0x00(OK) hop_idx=32 channel_idx=45 epoch=0 freq_hz=925250000 pkt_toa_us=169088 legal_dwell_used_us_10s=169088

INFO: unrelated frame during TX wait type=0xC0

RFCO_PERTX during TX wait: profile_id=1 tx_status=0x00(OK) hop_idx=33 channel_idx=25 epoch=0 freq_hz=915250000 pkt_toa_us=43648 legal_dwell_used_us_10s=43648

2026-07-25 00:09:04,005 INFO image_tx_daemon: frame seq=85 done: 2 fragments ok

INFO: unrelated frame during TX wait type=0xC0

RFCO_PERTX during TX wait: profile_id=1 tx_status=0x00(OK) hop_idx=34 channel_idx=1 epoch=0 freq_hz=903250000 pkt_toa_us=169088 legal_dwell_used_us_10s=169088

INFO: unrelated frame during TX wait type=0xC0

RFCO_PERTX during TX wait: profile_id=1 tx_status=0x00(OK) hop_idx=35 channel_idx=30 epoch=0 freq_hz=917750000 pkt_toa_us=74368 legal_dwell_used_us_10s=74368

2026-07-25 00:09:05,220 INFO image_tx_daemon: frame seq=91 done: 2 fragments ok

2026-07-25 00:09:05,287 INFO image_tx_daemon: stats: goodput=309.3 B/s util=27% pipeline=v2 frames_in=102 ok=26 fail=0 drop_full=72 drop_stale=0 frags_ok=36 frags_fail=0 qdepth=3

INFO: unrelated frame during TX wait type=0xC0

RFCO_PERTX during TX wait: profile_id=1 tx_status=0x00(OK) hop_idx=36 channel_idx=21 epoch=0 freq_hz=913250000 pkt_toa_us=169088 legal_dwell_used_us_10s=169088

INFO: unrelated frame during TX wait type=0xC0

RFCO_PERTX during TX wait: profile_id=1 tx_status=0x00(OK) hop_idx=37 channel_idx=26 epoch=0 freq_hz=915750000 pkt_toa_us=74368 legal_dwell_used_us_10s=74368

2026-07-25 00:09:06,418 INFO image_tx_daemon: frame seq=99 done: 2 fragments ok

INFO: unrelated frame during TX wait type=0xC0

RFCO_PERTX during TX wait: profile_id=1 tx_status=0x00(OK) hop_idx=38 channel_idx=29 epoch=0 freq_hz=917250000 pkt_toa_us=169088 legal_dwell_used_us_10s=169088

INFO: unrelated frame during TX wait type=0xC0

RFCO_PERTX during TX wait: profile_id=1 tx_status=0x00(OK) hop_idx=39 channel_idx=28 epoch=0 freq_hz=916750000 pkt_toa_us=48768 legal_dwell_used_us_10s=48768

2026-07-25 00:09:07,586 INFO image_tx_daemon: frame seq=106 done: 2 fragments ok

INFO: unrelated frame during TX wait type=0xC0

RFCO_PERTX during TX wait: profile_id=1 tx_status=0x00(OK) hop_idx=40 channel_idx=38 epoch=0 freq_hz=921750000 pkt_toa_us=158848 legal_dwell_used_us_10s=158848

2026-07-25 00:09:07,774 INFO image_tx_daemon: frame seq=113 done: 1 fragments ok

INFO: unrelated frame during TX wait type=0xC0

RFCO_PERTX during TX wait: profile_id=1 tx_status=0x00(OK) hop_idx=41 channel_idx=6 epoch=0 freq_hz=905750000 pkt_toa_us=158848 legal_dwell_used_us_10s=158848

2026-07-25 00:09:08,709 INFO image_tx_daemon: frame seq=114 done: 1 fragments ok

INFO: unrelated frame during TX wait type=0xC0

RFCO_PERTX during TX wait: profile_id=1 tx_status=0x00(OK) hop_idx=42 channel_idx=13 epoch=0 freq_hz=909250000 pkt_toa_us=143488 legal_dwell_used_us_10s=143488

2026-07-25 00:09:08,942 INFO image_tx_daemon: frame seq=120 done: 1 fragments ok

INFO: unrelated frame during TX wait type=0xC0

RFCO_PERTX during TX wait: profile_id=1 tx_status=0x00(OK) hop_idx=43 channel_idx=33 epoch=0 freq_hz=919250000 pkt_toa_us=140928 legal_dwell_used_us_10s=140928

2026-07-25 00:09:09,876 INFO image_tx_daemon: frame seq=121 done: 1 fragments ok

INFO: unrelated frame during TX wait type=0xC0

RFCO_PERTX during TX wait: profile_id=1 tx_status=0x00(OK) hop_idx=44 channel_idx=48 epoch=0 freq_hz=926750000 pkt_toa_us=169088 legal_dwell_used_us_10s=169088

INFO: unrelated frame during TX wait type=0xC0

RFCO_PERTX during TX wait: profile_id=1 tx_status=0x00(OK) hop_idx=45 channel_idx=2 epoch=0 freq_hz=903750000 pkt_toa_us=53888 legal_dwell_used_us_10s=53888

2026-07-25 00:09:10,214 INFO image_tx_daemon: frame seq=127 done: 2 fragments ok

INFO: unrelated frame during TX wait type=0xC0

RFCO_PERTX during TX wait: profile_id=1 tx_status=0x00(OK) hop_idx=46 channel_idx=11 epoch=0 freq_hz=908250000 pkt_toa_us=169088 legal_dwell_used_us_10s=169088

INFO: unrelated frame during TX wait type=0xC0

RFCO_PERTX during TX wait: profile_id=1 tx_status=0x00(OK) hop_idx=47 channel_idx=15 epoch=0 freq_hz=910250000 pkt_toa_us=48768 legal_dwell_used_us_10s=48768

2026-07-25 00:09:11,401 INFO image_tx_daemon: frame seq=129 done: 2 fragments ok

INFO: unrelated frame during TX wait type=0xC0

RFCO_PERTX during TX wait: profile_id=1 tx_status=0x00(OK) hop_idx=48 channel_idx=42 epoch=0 freq_hz=923750000 pkt_toa_us=169088 legal_dwell_used_us_10s=169088

INFO: unrelated frame during TX wait type=0xC0

RFCO_PERTX during TX wait: profile_id=1 tx_status=0x00(OK) hop_idx=49 channel_idx=39 epoch=0 freq_hz=922250000 pkt_toa_us=41088 legal_dwell_used_us_10s=41088

2026-07-25 00:09:12,588 INFO image_tx_daemon: frame seq=135 done: 2 fragments ok

INFO: unrelated frame during TX wait type=0xC0

RFCO_PERTX during TX wait: profile_id=1 tx_status=0x00(OK) hop_idx=0 channel_idx=27 epoch=1 freq_hz=916250000 pkt_toa_us=169088 legal_dwell_used_us_10s=169088

INFO: unrelated frame during TX wait type=0xC0

RFCO_PERTX during TX wait: profile_id=1 tx_status=0x00(OK) hop_idx=1 channel_idx=14 epoch=1 freq_hz=909750000 pkt_toa_us=51328 legal_dwell_used_us_10s=51328

2026-07-25 00:09:13,599 INFO image_tx_daemon: frame seq=142 done: 2 fragments ok

INFO: unrelated frame during TX wait type=0xC0

RFCO_PERTX during TX wait: profile_id=1 tx_status=0x00(OK) hop_idx=2 channel_idx=30 epoch=1 freq_hz=917750000 pkt_toa_us=169088 legal_dwell_used_us_10s=243456

INFO: unrelated frame during TX wait type=0xC0

RFCO_PERTX during TX wait: profile_id=1 tx_status=0x00(OK) hop_idx=3 channel_idx=11 epoch=1 freq_hz=908250000 pkt_toa_us=46208 legal_dwell_used_us_10s=215296

2026-07-25 00:09:14,050 INFO image_tx_daemon: frame seq=149 done: 2 fragments ok

FAULT_URC during TX wait: code=0x0D sub=0x20 raw=0d20000000000000000000000000000000000000e57a0000

INFO: unrelated frame during TX wait type=0xC0

RFCO_PERTX during TX wait: profile_id=1 tx_status=0x00(OK) hop_idx=4 channel_idx=39 epoch=1 freq_hz=922250000 pkt_toa_us=169088 legal_dwell_used_us_10s=210176

INFO: unrelated frame during TX wait type=0xC0

RFCO_PERTX during TX wait: profile_id=1 tx_status=0x00(OK) hop_idx=5 channel_idx=10 epoch=1 freq_hz=907750000 pkt_toa_us=46208 legal_dwell_used_us_10s=46208

2026-07-25 00:09:15,249 INFO image_tx_daemon: frame seq=151 done: 2 fragments ok

2026-07-25 00:09:15,298 INFO image_tx_daemon: stats: goodput=273.5 B/s util=24% pipeline=v2 frames_in=162 ok=38 fail=0 drop_full=119 drop_stale=0 frags_ok=56 frags_fail=0 qdepth=4

INFO: unrelated frame during TX wait type=0xC0

RFCO_PERTX during TX wait: profile_id=1 tx_status=0x00(OK) hop_idx=6 channel_idx=19 epoch=1 freq_hz=912250000 pkt_toa_us=169088 legal_dwell_used_us_10s=169088

INFO: unrelated frame during TX wait type=0xC0

RFCO_PERTX during TX wait: profile_id=1 tx_status=0x00(OK) hop_idx=7 channel_idx=29 epoch=1 freq_hz=917250000 pkt_toa_us=48768 legal_dwell_used_us_10s=217856

2026-07-25 00:09:16,448 INFO image_tx_daemon: frame seq=158 done: 2 fragments ok

INFO: unrelated frame during TX wait type=0xC0

RFCO_PERTX during TX wait: profile_id=1 tx_status=0x00(OK) hop_idx=8 channel_idx=20 epoch=1 freq_hz=912750000 pkt_toa_us=115328 legal_dwell_used_us_10s=115328

2026-07-25 00:09:16,585 INFO image_tx_daemon: frame seq=166 done: 1 fragments ok

INFO: unrelated frame during TX wait type=0xC0

RFCO_PERTX during TX wait: profile_id=1 tx_status=0x00(OK) hop_idx=9 channel_idx=49 epoch=1 freq_hz=927250000 pkt_toa_us=110208 legal_dwell_used_us_10s=110208

2026-07-25 00:09:17,520 INFO image_tx_daemon: frame seq=167 done: 1 fragments ok

INFO: unrelated frame during TX wait type=0xC0

RFCO_PERTX during TX wait: profile_id=1 tx_status=0x00(OK) hop_idx=10 channel_idx=45 epoch=1 freq_hz=925250000 pkt_toa_us=107648 legal_dwell_used_us_10s=107648

2026-07-25 00:09:17,647 INFO image_tx_daemon: frame seq=172 done: 1 fragments ok

INFO: unrelated frame during TX wait type=0xC0

RFCO_PERTX during TX wait: profile_id=1 tx_status=0x00(OK) hop_idx=11 channel_idx=6 epoch=1 freq_hz=905750000 pkt_toa_us=105088 legal_dwell_used_us_10s=263936

2026-07-25 00:09:17,773 INFO image_tx_daemon: frame seq=173 done: 1 fragments ok

INFO: unrelated frame during TX wait type=0xC0

RFCO_PERTX during TX wait: profile_id=1 tx_status=0x00(OK) hop_idx=12 channel_idx=43 epoch=1 freq_hz=924250000 pkt_toa_us=120448 legal_dwell_used_us_10s=120448

2026-07-25 00:09:18,666 INFO image_tx_daemon: frame seq=174 done: 1 fragments ok

INFO: unrelated frame during TX wait type=0xC0

RFCO_PERTX during TX wait: profile_id=1 tx_status=0x00(OK) hop_idx=13 channel_idx=16 epoch=1 freq_hz=910750000 pkt_toa_us=115328 legal_dwell_used_us_10s=115328

2026-07-25 00:09:18,804 INFO image_tx_daemon: frame seq=179 done: 1 fragments ok

INFO: unrelated frame during TX wait type=0xC0

RFCO_PERTX during TX wait: profile_id=1 tx_status=0x00(OK) hop_idx=14 channel_idx=1 epoch=1 freq_hz=903250000 pkt_toa_us=117888 legal_dwell_used_us_10s=117888

2026-07-25 00:09:18,951 INFO image_tx_daemon: frame seq=180 done: 1 fragments ok

INFO: unrelated frame during TX wait type=0xC0

RFCO_PERTX during TX wait: profile_id=1 tx_status=0x00(OK) hop_idx=15 channel_idx=4 epoch=1 freq_hz=904750000 pkt_toa_us=115328 legal_dwell_used_us_10s=115328

2026-07-25 00:09:19,802 INFO image_tx_daemon: frame seq=181 done: 1 fragments ok

INFO: unrelated frame during TX wait type=0xC0

RFCO_PERTX during TX wait: profile_id=1 tx_status=0x00(OK) hop_idx=16 channel_idx=32 epoch=1 freq_hz=918750000 pkt_toa_us=120448 legal_dwell_used_us_10s=120448

2026-07-25 00:09:19,950 INFO image_tx_daemon: frame seq=186 done: 1 fragments ok

INFO: unrelated frame during TX wait type=0xC0

RFCO_PERTX during TX wait: profile_id=1 tx_status=0x00(OK) hop_idx=17 channel_idx=5 epoch=1 freq_hz=905250000 pkt_toa_us=117888 legal_dwell_used_us_10s=117888

2026-07-25 00:09:20,103 INFO image_tx_daemon: frame seq=187 done: 1 fragments ok

INFO: unrelated frame during TX wait type=0xC0

RFCO_PERTX during TX wait: profile_id=1 tx_status=0x00(OK) hop_idx=18 channel_idx=25 epoch=1 freq_hz=915250000 pkt_toa_us=117888 legal_dwell_used_us_10s=117888

2026-07-25 00:09:20,949 INFO image_tx_daemon: frame seq=188 done: 1 fragments ok

INFO: unrelated frame during TX wait type=0xC0

RFCO_PERTX during TX wait: profile_id=1 tx_status=0x00(OK) hop_idx=19 channel_idx=48 epoch=1 freq_hz=926750000 pkt_toa_us=120448 legal_dwell_used_us_10s=120448

2026-07-25 00:09:21,097 INFO image_tx_daemon: frame seq=193 done: 1 fragments ok

INFO: unrelated frame during TX wait type=0xC0

RFCO_PERTX during TX wait: profile_id=1 tx_status=0x00(OK) hop_idx=20 channel_idx=8 epoch=1 freq_hz=906750000 pkt_toa_us=133248 legal_dwell_used_us_10s=133248

2026-07-25 00:09:21,259 INFO image_tx_daemon: frame seq=194 done: 1 fragments ok

INFO: unrelated frame during TX wait type=0xC0

RFCO_PERTX during TX wait: profile_id=1 tx_status=0x00(OK) hop_idx=21 channel_idx=42 epoch=1 freq_hz=923750000 pkt_toa_us=135808 legal_dwell_used_us_10s=304896

2026-07-25 00:09:22,253 INFO image_tx_daemon: frame seq=195 done: 1 fragments ok

INFO: unrelated frame during TX wait type=0xC0

RFCO_PERTX during TX wait: profile_id=1 tx_status=0x00(OK) hop_idx=22 channel_idx=33 epoch=1 freq_hz=919250000 pkt_toa_us=148608 legal_dwell_used_us_10s=148608

2026-07-25 00:09:22,436 INFO image_tx_daemon: frame seq=201 done: 1 fragments ok

INFO: unrelated frame during TX wait type=0xC0

RFCO_PERTX during TX wait: profile_id=1 tx_status=0x00(OK) hop_idx=23 channel_idx=36 epoch=1 freq_hz=920750000 pkt_toa_us=163968 legal_dwell_used_us_10s=163968

2026-07-25 00:09:23,441 INFO image_tx_daemon: frame seq=202 done: 1 fragments ok

INFO: unrelated frame during TX wait type=0xC0

RFCO_PERTX during TX wait: profile_id=1 tx_status=0x00(OK) hop_idx=24 channel_idx=28 epoch=1 freq_hz=916750000 pkt_toa_us=169088 legal_dwell_used_us_10s=169088

INFO: unrelated frame during TX wait type=0xC0

RFCO_PERTX during TX wait: profile_id=1 tx_status=0x00(OK) hop_idx=25 channel_idx=2 epoch=1 freq_hz=903750000 pkt_toa_us=28288 legal_dwell_used_us_10s=28288

2026-07-25 00:09:23,683 INFO image_tx_daemon: frame seq=208 done: 2 fragments ok

INFO: unrelated frame during TX wait type=0xC0

RFCO_PERTX during TX wait: profile_id=1 tx_status=0x00(OK) hop_idx=26 channel_idx=17 epoch=1 freq_hz=911250000 pkt_toa_us=169088 legal_dwell_used_us_10s=169088

INFO: unrelated frame during TX wait type=0xC0

RFCO_PERTX during TX wait: profile_id=1 tx_status=0x00(OK) hop_idx=27 channel_idx=22 epoch=1 freq_hz=913750000 pkt_toa_us=28288 legal_dwell_used_us_10s=28288

2026-07-25 00:09:24,687 INFO image_tx_daemon: frame seq=209 done: 2 fragments ok

INFO: unrelated frame during TX wait type=0xC0

RFCO_PERTX during TX wait: profile_id=1 tx_status=0x00(OK) hop_idx=28 channel_idx=23 epoch=1 freq_hz=914250000 pkt_toa_us=169088 legal_dwell_used_us_10s=169088

2026-07-25 00:09:25,309 INFO image_tx_daemon: stats: goodput=316.7 B/s util=27% pipeline=v2 frames_in=222 ok=57 fail=0 drop_full=160 drop_stale=0 frags_ok=79 frags_fail=0 qdepth=4

INFO: unrelated frame during TX wait type=0xC0

RFCO_PERTX during TX wait: profile_id=1 tx_status=0x00(OK) hop_idx=29 channel_idx=13 epoch=1 freq_hz=909250000 pkt_toa_us=69248 legal_dwell_used_us_10s=69248

2026-07-25 00:09:25,728 INFO image_tx_daemon: frame seq=215 done: 2 fragments ok

INFO: unrelated frame during TX wait type=0xC0

RFCO_PERTX during TX wait: profile_id=1 tx_status=0x00(OK) hop_idx=30 channel_idx=15 epoch=1 freq_hz=910250000 pkt_toa_us=169088 legal_dwell_used_us_10s=169088

INFO: unrelated frame during TX wait type=0xC0

RFCO_PERTX during TX wait: profile_id=1 tx_status=0x00(OK) hop_idx=31 channel_idx=12 epoch=1 freq_hz=908750000 pkt_toa_us=66688 legal_dwell_used_us_10s=66688

2026-07-25 00:09:26,169 INFO image_tx_daemon: frame seq=222 done: 2 fragments ok

INFO: unrelated frame during TX wait type=0xC0

RFCO_PERTX during TX wait: profile_id=1 tx_status=0x00(OK) hop_idx=32 channel_idx=46 epoch=1 freq_hz=925750000 pkt_toa_us=169088 legal_dwell_used_us_10s=169088

INFO: unrelated frame during TX wait type=0xC0

RFCO_PERTX during TX wait: profile_id=1 tx_status=0x00(OK) hop_idx=33 channel_idx=34 epoch=1 freq_hz=919750000 pkt_toa_us=71808 legal_dwell_used_us_10s=71808

2026-07-25 00:09:27,377 INFO image_tx_daemon: frame seq=224 done: 2 fragments ok

INFO: unrelated frame during TX wait type=0xC0

RFCO_PERTX during TX wait: profile_id=1 tx_status=0x00(OK) hop_idx=34 channel_idx=41 epoch=1 freq_hz=923250000 pkt_toa_us=169088 legal_dwell_used_us_10s=169088

INFO: unrelated frame during TX wait type=0xC0

RFCO_PERTX during TX wait: profile_id=1 tx_status=0x00(OK) hop_idx=35 channel_idx=9 epoch=1 freq_hz=907250000 pkt_toa_us=66688 legal_dwell_used_us_10s=66688

2026-07-25 00:09:28,564 INFO image_tx_daemon: frame seq=231 done: 2 fragments ok

INFO: unrelated frame during TX wait type=0xC0

RFCO_PERTX during TX wait: profile_id=1 tx_status=0x00(OK) hop_idx=36 channel_idx=21 epoch=1 freq_hz=913250000 pkt_toa_us=169088 legal_dwell_used_us_10s=169088

INFO: unrelated frame during TX wait type=0xC0

RFCO_PERTX during TX wait: profile_id=1 tx_status=0x00(OK) hop_idx=37 channel_idx=38 epoch=1 freq_hz=921750000 pkt_toa_us=48768 legal_dwell_used_us_10s=48768

2026-07-25 00:09:29,742 INFO image_tx_daemon: frame seq=239 done: 2 fragments ok

INFO: unrelated frame during TX wait type=0xC0

RFCO_PERTX during TX wait: profile_id=1 tx_status=0x00(OK) hop_idx=38 channel_idx=35 epoch=1 freq_hz=920250000 pkt_toa_us=166528 legal_dwell_used_us_10s=166528

2026-07-25 00:09:30,877 INFO image_tx_daemon: frame seq=246 done: 1 fragments ok

INFO: unrelated frame during TX wait type=0xC0

RFCO_PERTX during TX wait: profile_id=1 tx_status=0x00(OK) hop_idx=39 channel_idx=47 epoch=1 freq_hz=926250000 pkt_toa_us=140928 legal_dwell_used_us_10s=140928

2026-07-25 00:09:31,046 INFO image_tx_daemon: frame seq=252 done: 1 fragments ok

INFO: unrelated frame during TX wait type=0xC0

RFCO_PERTX during TX wait: profile_id=1 tx_status=0x00(OK) hop_idx=40 channel_idx=37 epoch=1 freq_hz=921250000 pkt_toa_us=140928 legal_dwell_used_us_10s=140928

2026-07-25 00:09:32,044 INFO image_tx_daemon: frame seq=253 done: 1 fragments ok

INFO: unrelated frame during TX wait type=0xC0

RFCO_PERTX during TX wait: profile_id=1 tx_status=0x00(OK) hop_idx=41 channel_idx=3 epoch=1 freq_hz=904250000 pkt_toa_us=169088 legal_dwell_used_us_10s=169088

INFO: unrelated frame during TX wait type=0xC0

RFCO_PERTX during TX wait: profile_id=1 tx_status=0x00(OK) hop_idx=42 channel_idx=24 epoch=1 freq_hz=914750000 pkt_toa_us=53888 legal_dwell_used_us_10s=53888

2026-07-25 00:09:32,321 INFO image_tx_daemon: frame seq=3 done: 2 fragments ok

INFO: unrelated frame during TX wait type=0xC0

RFCO_PERTX during TX wait: profile_id=1 tx_status=0x00(OK) hop_idx=43 channel_idx=40 epoch=1 freq_hz=922750000 pkt_toa_us=169088 legal_dwell_used_us_10s=169088

INFO: unrelated frame during TX wait type=0xC0

RFCO_PERTX during TX wait: profile_id=1 tx_status=0x00(OK) hop_idx=44 channel_idx=0 epoch=1 freq_hz=902750000 pkt_toa_us=53888 legal_dwell_used_us_10s=53888

2026-07-25 00:09:33,519 INFO image_tx_daemon: frame seq=5 done: 2 fragments ok

INFO: unrelated frame during TX wait type=0xC0

RFCO_PERTX during TX wait: profile_id=1 tx_status=0x00(OK) hop_idx=45 channel_idx=31 epoch=1 freq_hz=918250000 pkt_toa_us=169088 legal_dwell_used_us_10s=169088

INFO: unrelated frame during TX wait type=0xC0

RFCO_PERTX during TX wait: profile_id=1 tx_status=0x00(OK) hop_idx=46 channel_idx=44 epoch=1 freq_hz=924750000 pkt_toa_us=51328 legal_dwell_used_us_10s=51328

2026-07-25 00:09:34,707 INFO image_tx_daemon: frame seq=12 done: 2 fragments ok

2026-07-25 00:09:35,320 INFO image_tx_daemon: stats: goodput=243.6 B/s util=21% pipeline=v2 frames_in=282 ok=68 fail=0 drop_full=209 drop_stale=0 frags_ok=97 frags_fail=0 qdepth=4

INFO: unrelated frame during TX wait type=0xC0

RFCO_PERTX during TX wait: profile_id=1 tx_status=0x00(OK) hop_idx=47 channel_idx=18 epoch=1 freq_hz=911750000 pkt_toa_us=169088 legal_dwell_used_us_10s=169088

INFO: unrelated frame during TX wait type=0xC0

RFCO_PERTX during TX wait: profile_id=1 tx_status=0x00(OK) hop_idx=48 channel_idx=26 epoch=1 freq_hz=915750000 pkt_toa_us=51328 legal_dwell_used_us_10s=51328

2026-07-25 00:09:35,916 INFO image_tx_daemon: frame seq=19 done: 2 fragments ok

INFO: unrelated frame during TX wait type=0xC0

RFCO_PERTX during TX wait: profile_id=1 tx_status=0x00(OK) hop_idx=49 channel_idx=7 epoch=1 freq_hz=906250000 pkt_toa_us=169088 legal_dwell_used_us_10s=169088

INFO: unrelated frame during TX wait type=0xC0

RFCO_PERTX during TX wait: profile_id=1 tx_status=0x00(OK) hop_idx=0 channel_idx=18 epoch=2 freq_hz=911750000 pkt_toa_us=51328 legal_dwell_used_us_10s=220416

2026-07-25 00:09:37,104 INFO image_tx_daemon: frame seq=27 done: 2 fragments ok

INFO: unrelated frame during TX wait type=0xC0

RFCO_PERTX during TX wait: profile_id=1 tx_status=0x00(OK) hop_idx=1 channel_idx=24 epoch=2 freq_hz=914750000 pkt_toa_us=169088 legal_dwell_used_us_10s=222976

INFO: unrelated frame during TX wait type=0xC0

RFCO_PERTX during TX wait: profile_id=1 tx_status=0x00(OK) hop_idx=2 channel_idx=36 epoch=2 freq_hz=920750000 pkt_toa_us=61568 legal_dwell_used_us_10s=61568

2026-07-25 00:09:38,322 INFO image_tx_daemon: frame seq=34 done: 2 fragments ok

INFO: unrelated frame during TX wait type=0xC0

RFCO_PERTX during TX wait: profile_id=1 tx_status=0x00(OK) hop_idx=3 channel_idx=6 epoch=2 freq_hz=905750000 pkt_toa_us=117888 legal_dwell_used_us_10s=117888

2026-07-25 00:09:38,469 INFO image_tx_daemon: frame seq=41 done: 1 fragments ok

INFO: unrelated frame during TX wait type=0xC0

RFCO_PERTX during TX wait: profile_id=1 tx_status=0x00(OK) hop_idx=4 channel_idx=20 epoch=2 freq_hz=912750000 pkt_toa_us=115328 legal_dwell_used_us_10s=115328

2026-07-25 00:09:39,373 INFO image_tx_daemon: frame seq=42 done: 1 fragments ok

INFO: unrelated frame during TX wait type=0xC0

RFCO_PERTX during TX wait: profile_id=1 tx_status=0x00(OK) hop_idx=5 channel_idx=22 epoch=2 freq_hz=913750000 pkt_toa_us=115328 legal_dwell_used_us_10s=115328

2026-07-25 00:09:39,510 INFO image_tx_daemon: frame seq=47 done: 1 fragments ok

INFO: unrelated frame during TX wait type=0xC0

RFCO_PERTX during TX wait: profile_id=1 tx_status=0x00(OK) hop_idx=6 channel_idx=44 epoch=2 freq_hz=924750000 pkt_toa_us=115328 legal_dwell_used_us_10s=166656

2026-07-25 00:09:39,647 INFO image_tx_daemon: frame seq=48 done: 1 fragments ok

INFO: unrelated frame during TX wait type=0xC0

RFCO_PERTX during TX wait: profile_id=1 tx_status=0x00(OK) hop_idx=7 channel_idx=4 epoch=2 freq_hz=904750000 pkt_toa_us=115328 legal_dwell_used_us_10s=115328

2026-07-25 00:09:40,509 INFO image_tx_daemon: frame seq=49 done: 1 fragments ok

INFO: unrelated frame during TX wait type=0xC0

RFCO_PERTX during TX wait: profile_id=1 tx_status=0x00(OK) hop_idx=8 channel_idx=13 epoch=2 freq_hz=909250000 pkt_toa_us=115328 legal_dwell_used_us_10s=115328

2026-07-25 00:09:40,646 INFO image_tx_daemon: frame seq=54 done: 1 fragments ok

INFO: unrelated frame during TX wait type=0xC0

RFCO_PERTX during TX wait: profile_id=1 tx_status=0x00(OK) hop_idx=9 channel_idx=3 epoch=2 freq_hz=904250000 pkt_toa_us=115328 legal_dwell_used_us_10s=284416

2026-07-25 00:09:40,784 INFO image_tx_daemon: frame seq=55 done: 1 fragments ok

INFO: unrelated frame during TX wait type=0xC0

RFCO_PERTX during TX wait: profile_id=1 tx_status=0x00(OK) hop_idx=10 channel_idx=35 epoch=2 freq_hz=920250000 pkt_toa_us=115328 legal_dwell_used_us_10s=115328

2026-07-25 00:09:41,645 INFO image_tx_daemon: frame seq=56 done: 1 fragments ok

INFO: unrelated frame during TX wait type=0xC0

RFCO_PERTX during TX wait: profile_id=1 tx_status=0x00(OK) hop_idx=11 channel_idx=38 epoch=2 freq_hz=921750000 pkt_toa_us=105088 legal_dwell_used_us_10s=105088

2026-07-25 00:09:41,773 INFO image_tx_daemon: frame seq=61 done: 1 fragments ok

INFO: unrelated frame during TX wait type=0xC0

RFCO_PERTX during TX wait: profile_id=1 tx_status=0x00(OK) hop_idx=12 channel_idx=5 epoch=2 freq_hz=905250000 pkt_toa_us=107648 legal_dwell_used_us_10s=107648

2026-07-25 00:09:41,913 INFO image_tx_daemon: frame seq=62 done: 1 fragments ok

INFO: unrelated frame during TX wait type=0xC0

RFCO_PERTX during TX wait: profile_id=1 tx_status=0x00(OK) hop_idx=13 channel_idx=15 epoch=2 freq_hz=910250000 pkt_toa_us=115328 legal_dwell_used_us_10s=115328

2026-07-25 00:09:42,782 INFO image_tx_daemon: frame seq=63 done: 1 fragments ok

INFO: unrelated frame during TX wait type=0xC0

RFCO_PERTX during TX wait: profile_id=1 tx_status=0x00(OK) hop_idx=14 channel_idx=0 epoch=2 freq_hz=902750000 pkt_toa_us=130688 legal_dwell_used_us_10s=184576

2026-07-25 00:09:42,940 INFO image_tx_daemon: frame seq=68 done: 1 fragments ok

INFO: unrelated frame during TX wait type=0xC4

INFO: unrelated frame during TX wait type=0xC0

RFCO_PERTX during TX wait: profile_id=1 tx_status=0x00(OK) hop_idx=15 channel_idx=40 epoch=2 freq_hz=922750000 pkt_toa_us=135808 legal_dwell_used_us_10s=135808

2026-07-25 00:09:43,943 INFO image_tx_daemon: frame seq=69 done: 1 fragments ok

INFO: unrelated frame during TX wait type=0xC0

RFCO_PERTX during TX wait: profile_id=1 tx_status=0x00(OK) hop_idx=16 channel_idx=29 epoch=2 freq_hz=917250000 pkt_toa_us=156288 legal_dwell_used_us_10s=156288

2026-07-25 00:09:44,132 INFO image_tx_daemon: frame seq=75 done: 1 fragments ok

FAULT_URC during TX wait: code=0x0D sub=0x21 raw=0d2100000000000000000000000000000000000015f00000

INFO: unrelated frame during TX wait type=0xC0

RFCO_PERTX during TX wait: profile_id=1 tx_status=0x00(OK) hop_idx=17 channel_idx=31 epoch=2 freq_hz=918250000 pkt_toa_us=153728 legal_dwell_used_us_10s=153728

2026-07-25 00:09:45,121 INFO image_tx_daemon: frame seq=76 done: 1 fragments ok

INFO: unrelated frame during TX wait type=0xC0

RFCO_PERTX during TX wait: profile_id=1 tx_status=0x00(OK) hop_idx=18 channel_idx=45 epoch=2 freq_hz=925250000 pkt_toa_us=169088 legal_dwell_used_us_10s=169088

2026-07-25 00:09:45,333 INFO image_tx_daemon: stats: goodput=308.6 B/s util=27% pipeline=v2 frames_in=342 ok=86 fail=0 drop_full=251 drop_stale=0 frags_ok=119 frags_fail=0 qdepth=4

INFO: unrelated frame during TX wait type=0xC0

RFCO_PERTX during TX wait: profile_id=1 tx_status=0x00(OK) hop_idx=19 channel_idx=39 epoch=2 freq_hz=922250000 pkt_toa_us=25728 legal_dwell_used_us_10s=25728

2026-07-25 00:09:45,372 INFO image_tx_daemon: frame seq=82 done: 2 fragments ok

INFO: unrelated frame during TX wait type=0xC0

RFCO_PERTX during TX wait: profile_id=1 tx_status=0x00(OK) hop_idx=20 channel_idx=37 epoch=2 freq_hz=921250000 pkt_toa_us=169088 legal_dwell_used_us_10s=169088

INFO: unrelated frame during TX wait type=0xC0

RFCO_PERTX during TX wait: profile_id=1 tx_status=0x00(OK) hop_idx=21 channel_idx=27 epoch=2 freq_hz=916250000 pkt_toa_us=41088 legal_dwell_used_us_10s=41088

2026-07-25 00:09:46,383 INFO image_tx_daemon: frame seq=83 done: 2 fragments ok

INFO: unrelated frame during TX wait type=0xC0

RFCO_PERTX during TX wait: profile_id=1 tx_status=0x00(OK) hop_idx=22 channel_idx=17 epoch=2 freq_hz=911250000 pkt_toa_us=169088 legal_dwell_used_us_10s=169088

INFO: unrelated frame during TX wait type=0xC0

RFCO_PERTX during TX wait: profile_id=1 tx_status=0x00(OK) hop_idx=23 channel_idx=32 epoch=2 freq_hz=918750000 pkt_toa_us=51328 legal_dwell_used_us_10s=51328

2026-07-25 00:09:47,383 INFO image_tx_daemon: frame seq=90 done: 2 fragments ok

INFO: unrelated frame during TX wait type=0xC0

RFCO_PERTX during TX wait: profile_id=1 tx_status=0x00(OK) hop_idx=24 channel_idx=33 epoch=2 freq_hz=919250000 pkt_toa_us=169088 legal_dwell_used_us_10s=169088

INFO: unrelated frame during TX wait type=0xC0

RFCO_PERTX during TX wait: profile_id=1 tx_status=0x00(OK) hop_idx=25 channel_idx=10 epoch=2 freq_hz=907750000 pkt_toa_us=64128 legal_dwell_used_us_10s=64128

2026-07-25 00:09:47,864 INFO image_tx_daemon: frame seq=95 done: 2 fragments ok

INFO: unrelated frame during TX wait type=0xC0

RFCO_PERTX during TX wait: profile_id=1 tx_status=0x00(OK) hop_idx=26 channel_idx=21 epoch=2 freq_hz=913250000 pkt_toa_us=169088 legal_dwell_used_us_10s=169088

INFO: unrelated frame during TX wait type=0xC0

RFCO_PERTX during TX wait: profile_id=1 tx_status=0x00(OK) hop_idx=27 channel_idx=23 epoch=2 freq_hz=914250000 pkt_toa_us=64128 legal_dwell_used_us_10s=64128

2026-07-25 00:09:49,062 INFO image_tx_daemon: frame seq=98 done: 2 fragments ok

INFO: unrelated frame during TX wait type=0xC0

RFCO_PERTX during TX wait: profile_id=1 tx_status=0x00(OK) hop_idx=28 channel_idx=2 epoch=2 freq_hz=903750000 pkt_toa_us=169088 legal_dwell_used_us_10s=169088

INFO: unrelated frame during TX wait type=0xC0

RFCO_PERTX during TX wait: profile_id=1 tx_status=0x00(OK) hop_idx=29 channel_idx=1 epoch=2 freq_hz=903250000 pkt_toa_us=48768 legal_dwell_used_us_10s=48768

2026-07-25 00:09:50,239 INFO image_tx_daemon: frame seq=106 done: 2 fragments ok

INFO: unrelated frame during TX wait type=0xC0

RFCO_PERTX during TX wait: profile_id=1 tx_status=0x00(OK) hop_idx=30 channel_idx=9 epoch=2 freq_hz=907250000 pkt_toa_us=158848 legal_dwell_used_us_10s=158848

2026-07-25 00:09:50,428 INFO image_tx_daemon: frame seq=113 done: 1 fragments ok

INFO: unrelated frame during TX wait type=0xC0

RFCO_PERTX during TX wait: profile_id=1 tx_status=0x00(OK) hop_idx=31 channel_idx=34 epoch=2 freq_hz=919750000 pkt_toa_us=158848 legal_dwell_used_us_10s=158848

2026-07-25 00:09:51,363 INFO image_tx_daemon: frame seq=114 done: 1 fragments ok

INFO: unrelated frame during TX wait type=0xC0

RFCO_PERTX during TX wait: profile_id=1 tx_status=0x00(OK) hop_idx=32 channel_idx=43 epoch=2 freq_hz=924250000 pkt_toa_us=148608 legal_dwell_used_us_10s=148608

2026-07-25 00:09:51,605 INFO image_tx_daemon: frame seq=119 done: 1 fragments ok

INFO: unrelated frame during TX wait type=0xC0

RFCO_PERTX during TX wait: profile_id=1 tx_status=0x00(OK) hop_idx=33 channel_idx=42 epoch=2 freq_hz=923750000 pkt_toa_us=140928 legal_dwell_used_us_10s=140928

2026-07-25 00:09:52,530 INFO image_tx_daemon: frame seq=121 done: 1 fragments ok

INFO: unrelated frame during TX wait type=0xC0

RFCO_PERTX during TX wait: profile_id=1 tx_status=0x00(OK) hop_idx=34 channel_idx=48 epoch=2 freq_hz=926750000 pkt_toa_us=169088 legal_dwell_used_us_10s=169088

INFO: unrelated frame during TX wait type=0xC0

RFCO_PERTX during TX wait: profile_id=1 tx_status=0x00(OK) hop_idx=35 channel_idx=19 epoch=2 freq_hz=912250000 pkt_toa_us=61568 legal_dwell_used_us_10s=61568

2026-07-25 00:09:52,889 INFO image_tx_daemon: frame seq=126 done: 2 fragments ok

INFO: unrelated frame during TX wait type=0xC0

RFCO_PERTX during TX wait: profile_id=1 tx_status=0x00(OK) hop_idx=36 channel_idx=14 epoch=2 freq_hz=909750000 pkt_toa_us=169088 legal_dwell_used_us_10s=169088

INFO: unrelated frame during TX wait type=0xC0

RFCO_PERTX during TX wait: profile_id=1 tx_status=0x00(OK) hop_idx=37 channel_idx=16 epoch=2 freq_hz=910750000 pkt_toa_us=48768 legal_dwell_used_us_10s=48768

2026-07-25 00:09:54,066 INFO image_tx_daemon: frame seq=129 done: 2 fragments ok

INFO: unrelated frame during TX wait type=0xC0

RFCO_PERTX during TX wait: profile_id=1 tx_status=0x00(OK) hop_idx=38 channel_idx=30 epoch=2 freq_hz=917750000 pkt_toa_us=169088 legal_dwell_used_us_10s=169088

INFO: unrelated frame during TX wait type=0xC0

RFCO_PERTX during TX wait: profile_id=1 tx_status=0x00(OK) hop_idx=39 channel_idx=28 epoch=2 freq_hz=916750000 pkt_toa_us=38528 legal_dwell_used_us_10s=38528

2026-07-25 00:09:55,253 INFO image_tx_daemon: frame seq=136 done: 2 fragments ok

2026-07-25 00:09:55,345 INFO image_tx_daemon: stats: goodput=275.6 B/s util=24% pipeline=v2 frames_in=402 ok=99 fail=0 drop_full=299 drop_stale=0 frags_ok=140 frags_fail=0 qdepth=3

INFO: unrelated frame during TX wait type=0xC0

RFCO_PERTX during TX wait: profile_id=1 tx_status=0x00(OK) hop_idx=40 channel_idx=12 epoch=2 freq_hz=908750000 pkt_toa_us=169088 legal_dwell_used_us_10s=169088

INFO: unrelated frame during TX wait type=0xC0

RFCO_PERTX during TX wait: profile_id=1 tx_status=0x00(OK) hop_idx=41 channel_idx=47 epoch=2 freq_hz=926250000 pkt_toa_us=48768 legal_dwell_used_us_10s=48768

2026-07-25 00:09:56,264 INFO image_tx_daemon: frame seq=143 done: 2 fragments ok

INFO: unrelated frame during TX wait type=0xC0

RFCO_PERTX during TX wait: profile_id=1 tx_status=0x00(OK) hop_idx=42 channel_idx=26 epoch=2 freq_hz=915750000 pkt_toa_us=169088 legal_dwell_used_us_10s=169088

INFO: unrelated frame during TX wait type=0xC0

RFCO_PERTX during TX wait: profile_id=1 tx_status=0x00(OK) hop_idx=43 channel_idx=46 epoch=2 freq_hz=925750000 pkt_toa_us=46208 legal_dwell_used_us_10s=46208

2026-07-25 00:09:56,714 INFO image_tx_daemon: frame seq=149 done: 2 fragments ok

INFO: unrelated frame during TX wait type=0xC0

RFCO_PERTX during TX wait: profile_id=1 tx_status=0x00(OK) hop_idx=44 channel_idx=7 epoch=2 freq_hz=906250000 pkt_toa_us=169088 legal_dwell_used_us_10s=169088

INFO: unrelated frame during TX wait type=0xC0

RFCO_PERTX during TX wait: profile_id=1 tx_status=0x00(OK) hop_idx=45 channel_idx=25 epoch=2 freq_hz=915250000 pkt_toa_us=46208 legal_dwell_used_us_10s=46208

2026-07-25 00:09:57,912 INFO image_tx_daemon: frame seq=151 done: 2 fragments ok

INFO: unrelated frame during TX wait type=0xC0

RFCO_PERTX during TX wait: profile_id=1 tx_status=0x00(OK) hop_idx=46 channel_idx=41 epoch=2 freq_hz=923250000 pkt_toa_us=169088 legal_dwell_used_us_10s=169088

INFO: unrelated frame during TX wait type=0xC0

RFCO_PERTX during TX wait: profile_id=1 tx_status=0x00(OK) hop_idx=47 channel_idx=11 epoch=2 freq_hz=908250000 pkt_toa_us=51328 legal_dwell_used_us_10s=51328

2026-07-25 00:09:59,110 INFO image_tx_daemon: frame seq=159 done: 2 fragments ok

INFO: unrelated frame during TX wait type=0xC0

RFCO_PERTX during TX wait: profile_id=1 tx_status=0x00(OK) hop_idx=48 channel_idx=8 epoch=2 freq_hz=906750000 pkt_toa_us=115328 legal_dwell_used_us_10s=115328

2026-07-25 00:09:59,247 INFO image_tx_daemon: frame seq=166 done: 1 fragments ok

INFO: unrelated frame during TX wait type=0xC0

RFCO_PERTX during TX wait: profile_id=1 tx_status=0x00(OK) hop_idx=49 channel_idx=49 epoch=2 freq_hz=927250000 pkt_toa_us=110208 legal_dwell_used_us_10s=110208

2026-07-25 00:10:00,182 INFO image_tx_daemon: frame seq=167 done: 1 fragments ok

INFO: unrelated frame during TX wait type=0xC0

RFCO_PERTX during TX wait: profile_id=1 tx_status=0x00(OK) hop_idx=0 channel_idx=43 epoch=3 freq_hz=924250000 pkt_toa_us=107648 legal_dwell_used_us_10s=256256

2026-07-25 00:10:00,320 INFO image_tx_daemon: frame seq=172 done: 1 fragments ok

INFO: unrelated frame during TX wait type=0xC0

RFCO_PERTX during TX wait: profile_id=1 tx_status=0x00(OK) hop_idx=1 channel_idx=15 epoch=3 freq_hz=910250000 pkt_toa_us=105088 legal_dwell_used_us_10s=105088

2026-07-25 00:10:00,446 INFO image_tx_daemon: frame seq=173 done: 1 fragments ok

INFO: unrelated frame during TX wait type=0xC0

RFCO_PERTX during TX wait: profile_id=1 tx_status=0x00(OK) hop_idx=2 channel_idx=14 epoch=3 freq_hz=909750000 pkt_toa_us=120448 legal_dwell_used_us_10s=289536

2026-07-25 00:10:01,328 INFO image_tx_daemon: frame seq=174 done: 1 fragments ok

INFO: unrelated frame during TX wait type=0xC0

RFCO_PERTX during TX wait: profile_id=1 tx_status=0x00(OK) hop_idx=3 channel_idx=0 epoch=3 freq_hz=902750000 pkt_toa_us=115328 legal_dwell_used_us_10s=115328

2026-07-25 00:10:01,465 INFO image_tx_daemon: frame seq=179 done: 1 fragments ok

INFO: unrelated frame during TX wait type=0xC0

RFCO_PERTX during TX wait: profile_id=1 tx_status=0x00(OK) hop_idx=4 channel_idx=27 epoch=3 freq_hz=916250000 pkt_toa_us=117888 legal_dwell_used_us_10s=117888

2026-07-25 00:10:01,603 INFO image_tx_daemon: frame seq=180 done: 1 fragments ok

INFO: unrelated frame during TX wait type=0xC0

RFCO_PERTX during TX wait: profile_id=1 tx_status=0x00(OK) hop_idx=5 channel_idx=44 epoch=3 freq_hz=924750000 pkt_toa_us=115328 legal_dwell_used_us_10s=115328

2026-07-25 00:10:02,464 INFO image_tx_daemon: frame seq=181 done: 1 fragments ok

INFO: unrelated frame during TX wait type=0xC0

RFCO_PERTX during TX wait: profile_id=1 tx_status=0x00(OK) hop_idx=6 channel_idx=26 epoch=3 freq_hz=915750000 pkt_toa_us=120448 legal_dwell_used_us_10s=289536

2026-07-25 00:10:02,611 INFO image_tx_daemon: frame seq=186 done: 1 fragments ok

INFO: unrelated frame during TX wait type=0xC0

RFCO_PERTX during TX wait: profile_id=1 tx_status=0x00(OK) hop_idx=7 channel_idx=18 epoch=3 freq_hz=911750000 pkt_toa_us=117888 legal_dwell_used_us_10s=117888

2026-07-25 00:10:02,759 INFO image_tx_daemon: frame seq=187 done: 1 fragments ok

INFO: unrelated frame during TX wait type=0xC0

RFCO_PERTX during TX wait: profile_id=1 tx_status=0x00(OK) hop_idx=8 channel_idx=46 epoch=3 freq_hz=925750000 pkt_toa_us=117888 legal_dwell_used_us_10s=164096

2026-07-25 00:10:03,601 INFO image_tx_daemon: frame seq=188 done: 1 fragments ok

INFO: unrelated frame during TX wait type=0xC0

RFCO_PERTX during TX wait: profile_id=1 tx_status=0x00(OK) hop_idx=9 channel_idx=24 epoch=3 freq_hz=914750000 pkt_toa_us=120448 legal_dwell_used_us_10s=120448

2026-07-25 00:10:03,758 INFO image_tx_daemon: frame seq=193 done: 1 fragments ok

INFO: unrelated frame during TX wait type=0xC0

RFCO_PERTX during TX wait: profile_id=1 tx_status=0x00(OK) hop_idx=10 channel_idx=36 epoch=3 freq_hz=920750000 pkt_toa_us=133248 legal_dwell_used_us_10s=133248

2026-07-25 00:10:03,921 INFO image_tx_daemon: frame seq=194 done: 1 fragments ok

INFO: unrelated frame during TX wait type=0xC0

RFCO_PERTX during TX wait: profile_id=1 tx_status=0x00(OK) hop_idx=11 channel_idx=8 epoch=3 freq_hz=906750000 pkt_toa_us=133248 legal_dwell_used_us_10s=248576

2026-07-25 00:10:04,915 INFO image_tx_daemon: frame seq=195 done: 1 fragments ok

INFO: unrelated frame during TX wait type=0xC0

RFCO_PERTX during TX wait: profile_id=1 tx_status=0x00(OK) hop_idx=12 channel_idx=29 epoch=3 freq_hz=917250000 pkt_toa_us=148608 legal_dwell_used_us_10s=148608

2026-07-25 00:10:05,098 INFO image_tx_daemon: frame seq=201 done: 1 fragments ok

2026-07-25 00:10:05,356 INFO image_tx_daemon: stats: goodput=306.0 B/s util=27% pipeline=v2 frames_in=462 ok=118 fail=0 drop_full=339 drop_stale=0 frags_ok=163 frags_fail=0 qdepth=4

INFO: unrelated frame during TX wait type=0xC0

RFCO_PERTX during TX wait: profile_id=1 tx_status=0x00(OK) hop_idx=13 channel_idx=7 epoch=3 freq_hz=906250000 pkt_toa_us=163968 legal_dwell_used_us_10s=333056

2026-07-25 00:10:06,113 INFO image_tx_daemon: frame seq=202 done: 1 fragments ok

INFO: unrelated frame during TX wait type=0xC0

RFCO_PERTX during TX wait: profile_id=1 tx_status=0x00(OK) hop_idx=14 channel_idx=40 epoch=3 freq_hz=922750000 pkt_toa_us=169088 legal_dwell_used_us_10s=169088

INFO: unrelated frame during TX wait type=0xC0

RFCO_PERTX during TX wait: profile_id=1 tx_status=0x00(OK) hop_idx=15 channel_idx=42 epoch=3 freq_hz=923750000 pkt_toa_us=28288 legal_dwell_used_us_10s=28288

2026-07-25 00:10:06,355 INFO image_tx_daemon: frame seq=208 done: 2 fragments ok

INFO: unrelated frame during TX wait type=0xC0

RFCO_PERTX during TX wait: profile_id=1 tx_status=0x00(OK) hop_idx=16 channel_idx=16 epoch=3 freq_hz=910750000 pkt_toa_us=169088 legal_dwell_used_us_10s=169088

INFO: unrelated frame during TX wait type=0xC0

RFCO_PERTX during TX wait: profile_id=1 tx_status=0x00(OK) hop_idx=17 channel_idx=33 epoch=3 freq_hz=919250000 pkt_toa_us=28288 legal_dwell_used_us_10s=28288

2026-07-25 00:10:07,359 INFO image_tx_daemon: frame seq=209 done: 2 fragments ok

INFO: unrelated frame during TX wait type=0xC0

RFCO_PERTX during TX wait: profile_id=1 tx_status=0x00(OK) hop_idx=18 channel_idx=31 epoch=3 freq_hz=918250000 pkt_toa_us=169088 legal_dwell_used_us_10s=169088

INFO: unrelated frame during TX wait type=0xC0

RFCO_PERTX during TX wait: profile_id=1 tx_status=0x00(OK) hop_idx=19 channel_idx=2 epoch=3 freq_hz=903750000 pkt_toa_us=66688 legal_dwell_used_us_10s=66688

2026-07-25 00:10:08,398 INFO image_tx_daemon: frame seq=215 done: 2 fragments ok

INFO: unrelated frame during TX wait type=0xC0

RFCO_PERTX during TX wait: profile_id=1 tx_status=0x00(OK) hop_idx=20 channel_idx=4 epoch=3 freq_hz=904750000 pkt_toa_us=169088 legal_dwell_used_us_10s=169088

INFO: unrelated frame during TX wait type=0xC0

RFCO_PERTX during TX wait: profile_id=1 tx_status=0x00(OK) hop_idx=21 channel_idx=49 epoch=3 freq_hz=927250000 pkt_toa_us=66688 legal_dwell_used_us_10s=176896

2026-07-25 00:10:08,842 INFO image_tx_daemon: frame seq=221 done: 2 fragments ok

INFO: unrelated frame during TX wait type=0xC0

RFCO_PERTX during TX wait: profile_id=1 tx_status=0x00(OK) hop_idx=22 channel_idx=28 epoch=3 freq_hz=916750000 pkt_toa_us=169088 legal_dwell_used_us_10s=169088

INFO: unrelated frame during TX wait type=0xC0

RFCO_PERTX during TX wait: profile_id=1 tx_status=0x00(OK) hop_idx=23 channel_idx=34 epoch=3 freq_hz=919750000 pkt_toa_us=71808 legal_dwell_used_us_10s=71808

2026-07-25 00:10:10,049 INFO image_tx_daemon: frame seq=224 done: 2 fragments ok

INFO: unrelated frame during TX wait type=0xC0

RFCO_PERTX during TX wait: profile_id=1 tx_status=0x00(OK) hop_idx=24 channel_idx=39 epoch=3 freq_hz=922250000 pkt_toa_us=169088 legal_dwell_used_us_10s=169088

INFO: unrelated frame during TX wait type=0xC0

RFCO_PERTX during TX wait: profile_id=1 tx_status=0x00(OK) hop_idx=25 channel_idx=1 epoch=3 freq_hz=903250000 pkt_toa_us=69248 legal_dwell_used_us_10s=69248

2026-07-25 00:10:11,237 INFO image_tx_daemon: frame seq=231 done: 2 fragments ok

INFO: unrelated frame during TX wait type=0xC0

RFCO_PERTX during TX wait: profile_id=1 tx_status=0x00(OK) hop_idx=26 channel_idx=13 epoch=3 freq_hz=909250000 pkt_toa_us=169088 legal_dwell_used_us_10s=169088

INFO: unrelated frame during TX wait type=0xC0

RFCO_PERTX during TX wait: profile_id=1 tx_status=0x00(OK) hop_idx=27 channel_idx=3 epoch=3 freq_hz=904250000 pkt_toa_us=48768 legal_dwell_used_us_10s=48768

2026-07-25 00:10:12,414 INFO image_tx_daemon: frame seq=239 done: 2 fragments ok

INFO: unrelated frame during TX wait type=0xC0

RFCO_PERTX during TX wait: profile_id=1 tx_status=0x00(OK) hop_idx=28 channel_idx=32 epoch=3 freq_hz=918750000 pkt_toa_us=166528 legal_dwell_used_us_10s=166528

2026-07-25 00:10:13,548 INFO image_tx_daemon: frame seq=246 done: 1 fragments ok

INFO: unrelated frame during TX wait type=0xC0

RFCO_PERTX during TX wait: profile_id=1 tx_status=0x00(OK) hop_idx=29 channel_idx=35 epoch=3 freq_hz=920250000 pkt_toa_us=140928 legal_dwell_used_us_10s=140928

2026-07-25 00:10:13,717 INFO image_tx_daemon: frame seq=252 done: 1 fragments ok

INFO: unrelated frame during TX wait type=0xC0

RFCO_PERTX during TX wait: profile_id=1 tx_status=0x00(OK) hop_idx=30 channel_idx=12 epoch=3 freq_hz=908750000 pkt_toa_us=140928 legal_dwell_used_us_10s=140928

2026-07-25 00:10:14,715 INFO image_tx_daemon: frame seq=253 done: 1 fragments ok

INFO: unrelated frame during TX wait type=0xC0

RFCO_PERTX during TX wait: profile_id=1 tx_status=0x00(OK) hop_idx=31 channel_idx=48 epoch=3 freq_hz=926750000 pkt_toa_us=169088 legal_dwell_used_us_10s=169088

INFO: unrelated frame during TX wait type=0xC0

RFCO_PERTX during TX wait: profile_id=1 tx_status=0x00(OK) hop_idx=32 channel_idx=37 epoch=3 freq_hz=921250000 pkt_toa_us=53888 legal_dwell_used_us_10s=53888

2026-07-25 00:10:14,989 INFO image_tx_daemon: frame seq=3 done: 2 fragments ok

2026-07-25 00:10:15,368 INFO image_tx_daemon: stats: goodput=277.4 B/s util=24% pipeline=v2 frames_in=522 ok=130 fail=0 drop_full=387 drop_stale=0 frags_ok=183 frags_fail=0 qdepth=4

INFO: unrelated frame during TX wait type=0xC0

RFCO_PERTX during TX wait: profile_id=1 tx_status=0x00(OK) hop_idx=33 channel_idx=17 epoch=3 freq_hz=911250000 pkt_toa_us=169088 legal_dwell_used_us_10s=169088

INFO: unrelated frame during TX wait type=0xC0

RFCO_PERTX during TX wait: profile_id=1 tx_status=0x00(OK) hop_idx=34 channel_idx=20 epoch=3 freq_hz=912750000 pkt_toa_us=53888 legal_dwell_used_us_10s=53888

2026-07-25 00:10:16,187 INFO image_tx_daemon: frame seq=5 done: 2 fragments ok

INFO: unrelated frame during TX wait type=0xC0

RFCO_PERTX during TX wait: profile_id=1 tx_status=0x00(OK) hop_idx=35 channel_idx=45 epoch=3 freq_hz=925250000 pkt_toa_us=169088 legal_dwell_used_us_10s=169088

INFO: unrelated frame during TX wait type=0xC0

RFCO_PERTX during TX wait: profile_id=1 tx_status=0x00(OK) hop_idx=36 channel_idx=22 epoch=3 freq_hz=913750000 pkt_toa_us=51328 legal_dwell_used_us_10s=51328

2026-07-25 00:10:17,375 INFO image_tx_daemon: frame seq=12 done: 2 fragments ok

INFO: unrelated frame during TX wait type=0xC0

RFCO_PERTX during TX wait: profile_id=1 tx_status=0x00(OK) hop_idx=37 channel_idx=47 epoch=3 freq_hz=926250000 pkt_toa_us=169088 legal_dwell_used_us_10s=169088

INFO: unrelated frame during TX wait type=0xC0

RFCO_PERTX during TX wait: profile_id=1 tx_status=0x00(OK) hop_idx=38 channel_idx=11 epoch=3 freq_hz=908250000 pkt_toa_us=51328 legal_dwell_used_us_10s=51328

2026-07-25 00:10:18,573 INFO image_tx_daemon: frame seq=19 done: 2 fragments ok

INFO: unrelated frame during TX wait type=0xC0

RFCO_PERTX during TX wait: profile_id=1 tx_status=0x00(OK) hop_idx=39 channel_idx=19 epoch=3 freq_hz=912250000 pkt_toa_us=169088 legal_dwell_used_us_10s=169088

INFO: unrelated frame during TX wait type=0xC0

RFCO_PERTX during TX wait: profile_id=1 tx_status=0x00(OK) hop_idx=40 channel_idx=6 epoch=3 freq_hz=905750000 pkt_toa_us=51328 legal_dwell_used_us_10s=51328

2026-07-25 00:10:19,774 INFO image_tx_daemon: frame seq=27 done: 2 fragments ok

INFO: unrelated frame during TX wait type=0xC0

RFCO_PERTX during TX wait: profile_id=1 tx_status=0x00(OK) hop_idx=41 channel_idx=30 epoch=3 freq_hz=917750000 pkt_toa_us=169088 legal_dwell_used_us_10s=169088

INFO: unrelated frame during TX wait type=0xC0

RFCO_PERTX during TX wait: profile_id=1 tx_status=0x00(OK) hop_idx=42 channel_idx=9 epoch=3 freq_hz=907250000 pkt_toa_us=61568 legal_dwell_used_us_10s=61568

2026-07-25 00:10:20,993 INFO image_tx_daemon: frame seq=34 done: 2 fragments ok

INFO: unrelated frame during TX wait type=0xC0

RFCO_PERTX during TX wait: profile_id=1 tx_status=0x00(OK) hop_idx=43 channel_idx=5 epoch=3 freq_hz=905250000 pkt_toa_us=117888 legal_dwell_used_us_10s=117888

2026-07-25 00:10:21,140 INFO image_tx_daemon: frame seq=41 done: 1 fragments ok

INFO: unrelated frame during TX wait type=0xC0

RFCO_PERTX during TX wait: profile_id=1 tx_status=0x00(OK) hop_idx=44 channel_idx=25 epoch=3 freq_hz=915250000 pkt_toa_us=115328 legal_dwell_used_us_10s=115328

2026-07-25 00:10:22,044 INFO image_tx_daemon: frame seq=42 done: 1 fragments ok

INFO: unrelated frame during TX wait type=0xC0

RFCO_PERTX during TX wait: profile_id=1 tx_status=0x00(OK) hop_idx=45 channel_idx=38 epoch=3 freq_hz=921750000 pkt_toa_us=115328 legal_dwell_used_us_10s=115328

2026-07-25 00:10:22,181 INFO image_tx_daemon: frame seq=47 done: 1 fragments ok

INFO: unrelated frame during TX wait type=0xC0

RFCO_PERTX during TX wait: profile_id=1 tx_status=0x00(OK) hop_idx=46 channel_idx=10 epoch=3 freq_hz=907750000 pkt_toa_us=115328 legal_dwell_used_us_10s=115328

2026-07-25 00:10:22,318 INFO image_tx_daemon: frame seq=48 done: 1 fragments ok

INFO: unrelated frame during TX wait type=0xC0

RFCO_PERTX during TX wait: profile_id=1 tx_status=0x00(OK) hop_idx=47 channel_idx=23 epoch=3 freq_hz=914250000 pkt_toa_us=115328 legal_dwell_used_us_10s=115328

2026-07-25 00:10:23,180 INFO image_tx_daemon: frame seq=49 done: 1 fragments ok

INFO: unrelated frame during TX wait type=0xC0

RFCO_PERTX during TX wait: profile_id=1 tx_status=0x00(OK) hop_idx=48 channel_idx=21 epoch=3 freq_hz=913250000 pkt_toa_us=115328 legal_dwell_used_us_10s=115328

2026-07-25 00:10:23,317 INFO image_tx_daemon: frame seq=54 done: 1 fragments ok

INFO: unrelated frame during TX wait type=0xC0

RFCO_PERTX during TX wait: profile_id=1 tx_status=0x00(OK) hop_idx=49 channel_idx=41 epoch=3 freq_hz=923250000 pkt_toa_us=115328 legal_dwell_used_us_10s=115328

2026-07-25 00:10:23,454 INFO image_tx_daemon: frame seq=55 done: 1 fragments ok

INFO: unrelated frame during TX wait type=0xC0

RFCO_PERTX during TX wait: profile_id=1 tx_status=0x00(OK) hop_idx=0 channel_idx=46 epoch=4 freq_hz=925750000 pkt_toa_us=115328 legal_dwell_used_us_10s=115328

2026-07-25 00:10:24,316 INFO image_tx_daemon: frame seq=56 done: 1 fragments ok

INFO: unrelated frame during TX wait type=0xC0

RFCO_PERTX during TX wait: profile_id=1 tx_status=0x00(OK) hop_idx=1 channel_idx=11 epoch=4 freq_hz=908250000 pkt_toa_us=105088 legal_dwell_used_us_10s=156416

2026-07-25 00:10:24,443 INFO image_tx_daemon: frame seq=61 done: 1 fragments ok

INFO: unrelated frame during TX wait type=0xC0

RFCO_PERTX during TX wait: profile_id=1 tx_status=0x00(OK) hop_idx=2 channel_idx=37 epoch=4 freq_hz=921250000 pkt_toa_us=107648 legal_dwell_used_us_10s=161536

2026-07-25 00:10:24,580 INFO image_tx_daemon: frame seq=62 done: 1 fragments ok

2026-07-25 00:10:25,379 INFO image_tx_daemon: stats: goodput=256.9 B/s util=23% pipeline=v2 frames_in=582 ok=145 fail=0 drop_full=432 drop_stale=0 frags_ok=203 frags_fail=0 qdepth=4

INFO: unrelated frame during TX wait type=0xC0

RFCO_PERTX during TX wait: profile_id=1 tx_status=0x00(OK) hop_idx=3 channel_idx=12 epoch=4 freq_hz=908750000 pkt_toa_us=115328 legal_dwell_used_us_10s=115328

2026-07-25 00:10:25,452 INFO image_tx_daemon: frame seq=63 done: 1 fragments ok

INFO: unrelated frame during TX wait type=0xC0

RFCO_PERTX during TX wait: profile_id=1 tx_status=0x00(OK) hop_idx=4 channel_idx=19 epoch=4 freq_hz=912250000 pkt_toa_us=130688 legal_dwell_used_us_10s=299776

2026-07-25 00:10:25,610 INFO image_tx_daemon: frame seq=68 done: 1 fragments ok

INFO: unrelated frame during TX wait type=0xC0

RFCO_PERTX during TX wait: profile_id=1 tx_status=0x00(OK) hop_idx=5 channel_idx=43 epoch=4 freq_hz=924250000 pkt_toa_us=135808 legal_dwell_used_us_10s=135808

2026-07-25 00:10:26,609 INFO image_tx_daemon: frame seq=69 done: 1 fragments ok

INFO: unrelated frame during TX wait type=0xC0

RFCO_PERTX during TX wait: profile_id=1 tx_status=0x00(OK) hop_idx=6 channel_idx=49 epoch=4 freq_hz=927250000 pkt_toa_us=156288 legal_dwell_used_us_10s=156288

2026-07-25 00:10:26,798 INFO image_tx_daemon: frame seq=75 done: 1 fragments ok

INFO: unrelated frame during TX wait type=0xC0

RFCO_PERTX during TX wait: profile_id=1 tx_status=0x00(OK) hop_idx=7 channel_idx=17 epoch=4 freq_hz=911250000 pkt_toa_us=153728 legal_dwell_used_us_10s=153728

2026-07-25 00:10:27,787 INFO image_tx_daemon: frame seq=76 done: 1 fragments ok

INFO: unrelated frame during TX wait type=0xC0

RFCO_PERTX during TX wait: profile_id=1 tx_status=0x00(OK) hop_idx=8 channel_idx=26 epoch=4 freq_hz=915750000 pkt_toa_us=169088 legal_dwell_used_us_10s=169088

INFO: unrelated frame during TX wait type=0xC0

RFCO_PERTX during TX wait: profile_id=1 tx_status=0x00(OK) hop_idx=9 channel_idx=25 epoch=4 freq_hz=915250000 pkt_toa_us=25728 legal_dwell_used_us_10s=141056

2026-07-25 00:10:28,039 INFO image_tx_daemon: frame seq=82 done: 2 fragments ok

INFO: unrelated frame during TX wait type=0xC0

RFCO_PERTX during TX wait: profile_id=1 tx_status=0x00(OK) hop_idx=10 channel_idx=20 epoch=4 freq_hz=912750000 pkt_toa_us=169088 legal_dwell_used_us_10s=169088

INFO: unrelated frame during TX wait type=0xC0

RFCO_PERTX during TX wait: profile_id=1 tx_status=0x00(OK) hop_idx=11 channel_idx=31 epoch=4 freq_hz=918250000 pkt_toa_us=41088 legal_dwell_used_us_10s=41088

2026-07-25 00:10:29,049 INFO image_tx_daemon: frame seq=83 done: 2 fragments ok

INFO: unrelated frame during TX wait type=0xC0

RFCO_PERTX during TX wait: profile_id=1 tx_status=0x00(OK) hop_idx=12 channel_idx=1 epoch=4 freq_hz=903250000 pkt_toa_us=169088 legal_dwell_used_us_10s=169088

INFO: unrelated frame during TX wait type=0xC0

RFCO_PERTX during TX wait: profile_id=1 tx_status=0x00(OK) hop_idx=13 channel_idx=38 epoch=4 freq_hz=921750000 pkt_toa_us=51328 legal_dwell_used_us_10s=166656

2026-07-25 00:10:30,049 INFO image_tx_daemon: frame seq=90 done: 2 fragments ok

INFO: unrelated frame during TX wait type=0xC0

RFCO_PERTX during TX wait: profile_id=1 tx_status=0x00(OK) hop_idx=14 channel_idx=8 epoch=4 freq_hz=906750000 pkt_toa_us=169088 legal_dwell_used_us_10s=169088

INFO: unrelated frame during TX wait type=0xC0

RFCO_PERTX during TX wait: profile_id=1 tx_status=0x00(OK) hop_idx=15 channel_idx=14 epoch=4 freq_hz=909750000 pkt_toa_us=61568 legal_dwell_used_us_10s=61568

2026-07-25 00:10:30,523 INFO image_tx_daemon: frame seq=95 done: 2 fragments ok

INFO: unrelated frame during TX wait type=0xC0

RFCO_PERTX during TX wait: profile_id=1 tx_status=0x00(OK) hop_idx=16 channel_idx=32 epoch=4 freq_hz=918750000 pkt_toa_us=169088 legal_dwell_used_us_10s=169088

INFO: unrelated frame during TX wait type=0xC0

RFCO_PERTX during TX wait: profile_id=1 tx_status=0x00(OK) hop_idx=17 channel_idx=28 epoch=4 freq_hz=916750000 pkt_toa_us=64128 legal_dwell_used_us_10s=64128

2026-07-25 00:10:31,730 INFO image_tx_daemon: frame seq=98 done: 2 fragments ok

INFO: unrelated frame during TX wait type=0xC0

RFCO_PERTX during TX wait: profile_id=1 tx_status=0x00(OK) hop_idx=18 channel_idx=30 epoch=4 freq_hz=917750000 pkt_toa_us=169088 legal_dwell_used_us_10s=169088

INFO: unrelated frame during TX wait type=0xC0

RFCO_PERTX during TX wait: profile_id=1 tx_status=0x00(OK) hop_idx=19 channel_idx=16 epoch=4 freq_hz=910750000 pkt_toa_us=48768 legal_dwell_used_us_10s=48768

2026-07-25 00:10:32,908 INFO image_tx_daemon: frame seq=106 done: 2 fragments ok

INFO: unrelated frame during TX wait type=0xC0

RFCO_PERTX during TX wait: profile_id=1 tx_status=0x00(OK) hop_idx=20 channel_idx=27 epoch=4 freq_hz=916250000 pkt_toa_us=158848 legal_dwell_used_us_10s=158848

2026-07-25 00:10:33,096 INFO image_tx_daemon: frame seq=113 done: 1 fragments ok

INFO: unrelated frame during TX wait type=0xC0

RFCO_PERTX during TX wait: profile_id=1 tx_status=0x00(OK) hop_idx=21 channel_idx=48 epoch=4 freq_hz=926750000 pkt_toa_us=158848 legal_dwell_used_us_10s=158848

2026-07-25 00:10:34,032 INFO image_tx_daemon: frame seq=114 done: 1 fragments ok

INFO: unrelated frame during TX wait type=0xC0

RFCO_PERTX during TX wait: profile_id=1 tx_status=0x00(OK) hop_idx=22 channel_idx=44 epoch=4 freq_hz=924750000 pkt_toa_us=146048 legal_dwell_used_us_10s=146048

2026-07-25 00:10:34,264 INFO image_tx_daemon: frame seq=119 done: 1 fragments ok

INFO: unrelated frame during TX wait type=0xC0

RFCO_PERTX during TX wait: profile_id=1 tx_status=0x00(OK) hop_idx=23 channel_idx=10 epoch=4 freq_hz=907750000 pkt_toa_us=140928 legal_dwell_used_us_10s=140928

2026-07-25 00:10:35,199 INFO image_tx_daemon: frame seq=121 done: 1 fragments ok

2026-07-25 00:10:35,390 INFO image_tx_daemon: stats: goodput=303.0 B/s util=26% pipeline=v2 frames_in=643 ok=160 fail=0 drop_full=478 drop_stale=0 frags_ok=224 frags_fail=0 qdepth=4

INFO: unrelated frame during TX wait type=0xC0

RFCO_PERTX during TX wait: profile_id=1 tx_status=0x00(OK) hop_idx=24 channel_idx=0 epoch=4 freq_hz=902750000 pkt_toa_us=169088 legal_dwell_used_us_10s=169088

INFO: unrelated frame during TX wait type=0xC0

RFCO_PERTX during TX wait: profile_id=1 tx_status=0x00(OK) hop_idx=25 channel_idx=5 epoch=4 freq_hz=905250000 pkt_toa_us=61568 legal_dwell_used_us_10s=61568

2026-07-25 00:10:35,537 INFO image_tx_daemon: frame seq=126 done: 2 fragments ok

INFO: unrelated frame during TX wait type=0xC0

RFCO_PERTX during TX wait: profile_id=1 tx_status=0x00(OK) hop_idx=26 channel_idx=33 epoch=4 freq_hz=919250000 pkt_toa_us=169088 legal_dwell_used_us_10s=169088

INFO: unrelated frame during TX wait type=0xC0

RFCO_PERTX during TX wait: profile_id=1 tx_status=0x00(OK) hop_idx=27 channel_idx=22 epoch=4 freq_hz=913750000 pkt_toa_us=48768 legal_dwell_used_us_10s=48768

2026-07-25 00:10:36,724 INFO image_tx_daemon: frame seq=129 done: 2 fragments ok

INFO: unrelated frame during TX wait type=0xC0

RFCO_PERTX during TX wait: profile_id=1 tx_status=0x00(OK) hop_idx=28 channel_idx=13 epoch=4 freq_hz=909250000 pkt_toa_us=169088 legal_dwell_used_us_10s=169088

INFO: unrelated frame during TX wait type=0xC0

RFCO_PERTX during TX wait: profile_id=1 tx_status=0x00(OK) hop_idx=29 channel_idx=6 epoch=4 freq_hz=905750000 pkt_toa_us=41088 legal_dwell_used_us_10s=41088

2026-07-25 00:10:37,912 INFO image_tx_daemon: frame seq=135 done: 2 fragments ok

INFO: unrelated frame during TX wait type=0xC0

RFCO_PERTX during TX wait: profile_id=1 tx_status=0x00(OK) hop_idx=30 channel_idx=21 epoch=4 freq_hz=913250000 pkt_toa_us=169088 legal_dwell_used_us_10s=169088

INFO: unrelated frame during TX wait type=0xC0

RFCO_PERTX during TX wait: profile_id=1 tx_status=0x00(OK) hop_idx=31 channel_idx=24 epoch=4 freq_hz=914750000 pkt_toa_us=48768 legal_dwell_used_us_10s=48768

2026-07-25 00:10:38,922 INFO image_tx_daemon: frame seq=143 done: 2 fragments ok

INFO: unrelated frame during TX wait type=0xC0

RFCO_PERTX during TX wait: profile_id=1 tx_status=0x00(OK) hop_idx=32 channel_idx=2 epoch=4 freq_hz=903750000 pkt_toa_us=169088 legal_dwell_used_us_10s=169088

INFO: unrelated frame during TX wait type=0xC0

RFCO_PERTX during TX wait: profile_id=1 tx_status=0x00(OK) hop_idx=33 channel_idx=42 epoch=4 freq_hz=923750000 pkt_toa_us=46208 legal_dwell_used_us_10s=46208

2026-07-25 00:10:39,372 INFO image_tx_daemon: frame seq=149 done: 2 fragments ok

INFO: unrelated frame during TX wait type=0xC0

RFCO_PERTX during TX wait: profile_id=1 tx_status=0x00(OK) hop_idx=34 channel_idx=23 epoch=4 freq_hz=914250000 pkt_toa_us=169088 legal_dwell_used_us_10s=169088

INFO: unrelated frame during TX wait type=0xC0

RFCO_PERTX during TX wait: profile_id=1 tx_status=0x00(OK) hop_idx=35 channel_idx=39 epoch=4 freq_hz=922250000 pkt_toa_us=46208 legal_dwell_used_us_10s=46208

2026-07-25 00:10:40,570 INFO image_tx_daemon: frame seq=151 done: 2 fragments ok

INFO: unrelated frame during TX wait type=0xC0

RFCO_PERTX during TX wait: profile_id=1 tx_status=0x00(OK) hop_idx=36 channel_idx=9 epoch=4 freq_hz=907250000 pkt_toa_us=169088 legal_dwell_used_us_10s=169088

INFO: unrelated frame during TX wait type=0xC0

RFCO_PERTX during TX wait: profile_id=1 tx_status=0x00(OK) hop_idx=37 channel_idx=41 epoch=4 freq_hz=923250000 pkt_toa_us=51328 legal_dwell_used_us_10s=51328

2026-07-25 00:10:41,768 INFO image_tx_daemon: frame seq=159 done: 2 fragments ok

INFO: unrelated frame during TX wait type=0xC0

RFCO_PERTX during TX wait: profile_id=1 tx_status=0x00(OK) hop_idx=38 channel_idx=29 epoch=4 freq_hz=917250000 pkt_toa_us=115328 legal_dwell_used_us_10s=115328

2026-07-25 00:10:41,905 INFO image_tx_daemon: frame seq=166 done: 1 fragments ok

INFO: unrelated frame during TX wait type=0xC0

RFCO_PERTX during TX wait: profile_id=1 tx_status=0x00(OK) hop_idx=39 channel_idx=7 epoch=4 freq_hz=906250000 pkt_toa_us=110208 legal_dwell_used_us_10s=110208

2026-07-25 00:10:42,841 INFO image_tx_daemon: frame seq=167 done: 1 fragments ok

INFO: unrelated frame during TX wait type=0xC0

RFCO_PERTX during TX wait: profile_id=1 tx_status=0x00(OK) hop_idx=40 channel_idx=36 epoch=4 freq_hz=920750000 pkt_toa_us=107648 legal_dwell_used_us_10s=107648

2026-07-25 00:10:42,968 INFO image_tx_daemon: frame seq=172 done: 1 fragments ok

INFO: unrelated frame during TX wait type=0xC0

RFCO_PERTX during TX wait: profile_id=1 tx_status=0x00(OK) hop_idx=41 channel_idx=15 epoch=4 freq_hz=910250000 pkt_toa_us=105088 legal_dwell_used_us_10s=105088

2026-07-25 00:10:43,095 INFO image_tx_daemon: frame seq=173 done: 1 fragments ok

INFO: unrelated frame during TX wait type=0xC4

INFO: unrelated frame during TX wait type=0xC0

RFCO_PERTX during TX wait: profile_id=1 tx_status=0x00(OK) hop_idx=42 channel_idx=3 epoch=4 freq_hz=904250000 pkt_toa_us=120448 legal_dwell_used_us_10s=120448

2026-07-25 00:10:43,982 INFO image_tx_daemon: frame seq=174 done: 1 fragments ok

INFO: unrelated frame during TX wait type=0xC0

RFCO_PERTX during TX wait: profile_id=1 tx_status=0x00(OK) hop_idx=43 channel_idx=4 epoch=4 freq_hz=904750000 pkt_toa_us=115328 legal_dwell_used_us_10s=115328

2026-07-25 00:10:44,119 INFO image_tx_daemon: frame seq=179 done: 1 fragments ok

INFO: unrelated frame during TX wait type=0xC0

RFCO_PERTX during TX wait: profile_id=1 tx_status=0x00(OK) hop_idx=44 channel_idx=47 epoch=4 freq_hz=926250000 pkt_toa_us=117888 legal_dwell_used_us_10s=117888

2026-07-25 00:10:44,266 INFO image_tx_daemon: frame seq=180 done: 1 fragments ok

FAULT_URC during TX wait: code=0x0D sub=0xA3 raw=0da300000000000000000000000000000000000087da0100

INFO: unrelated frame during TX wait type=0xC0

RFCO_PERTX during TX wait: profile_id=1 tx_status=0x00(OK) hop_idx=45 channel_idx=45 epoch=4 freq_hz=925250000 pkt_toa_us=115328 legal_dwell_used_us_10s=115328

2026-07-25 00:10:45,119 INFO image_tx_daemon: frame seq=181 done: 1 fragments ok

INFO: unrelated frame during TX wait type=0xC0

RFCO_PERTX during TX wait: profile_id=1 tx_status=0x00(OK) hop_idx=46 channel_idx=18 epoch=4 freq_hz=911750000 pkt_toa_us=120448 legal_dwell_used_us_10s=120448

2026-07-25 00:10:45,266 INFO image_tx_daemon: frame seq=186 done: 1 fragments ok

2026-07-25 00:10:45,401 INFO image_tx_daemon: stats: goodput=291.0 B/s util=26% pipeline=v2 frames_in=703 ok=176 fail=0 drop_full=522 drop_stale=0 frags_ok=247 frags_fail=0 qdepth=4

INFO: unrelated frame during TX wait type=0xC0

RFCO_PERTX during TX wait: profile_id=1 tx_status=0x00(OK) hop_idx=47 channel_idx=34 epoch=4 freq_hz=919750000 pkt_toa_us=117888 legal_dwell_used_us_10s=117888

2026-07-25 00:10:45,404 INFO image_tx_daemon: frame seq=187 done: 1 fragments ok

INFO: unrelated frame during TX wait type=0xC0

RFCO_PERTX during TX wait: profile_id=1 tx_status=0x00(OK) hop_idx=48 channel_idx=35 epoch=4 freq_hz=920250000 pkt_toa_us=117888 legal_dwell_used_us_10s=117888

2026-07-25 00:10:46,265 INFO image_tx_daemon: frame seq=188 done: 1 fragments ok

INFO: unrelated frame during TX wait type=0xC0

RFCO_PERTX during TX wait: profile_id=1 tx_status=0x00(OK) hop_idx=49 channel_idx=40 epoch=4 freq_hz=922750000 pkt_toa_us=120448 legal_dwell_used_us_10s=120448

2026-07-25 00:10:46,412 INFO image_tx_daemon: frame seq=193 done: 1 fragments ok

INFO: unrelated frame during TX wait type=0xC0

RFCO_PERTX during TX wait: profile_id=1 tx_status=0x00(OK) hop_idx=0 channel_idx=15 epoch=5 freq_hz=910250000 pkt_toa_us=133248 legal_dwell_used_us_10s=238336

2026-07-25 00:10:46,570 INFO image_tx_daemon: frame seq=194 done: 1 fragments ok

INFO: unrelated frame during TX wait type=0xC0

RFCO_PERTX during TX wait: profile_id=1 tx_status=0x00(OK) hop_idx=1 channel_idx=1 epoch=5 freq_hz=903250000 pkt_toa_us=135808 legal_dwell_used_us_10s=135808

2026-07-25 00:10:47,569 INFO image_tx_daemon: frame seq=195 done: 1 fragments ok

INFO: unrelated frame during TX wait type=0xC0

RFCO_PERTX during TX wait: profile_id=1 tx_status=0x00(OK) hop_idx=2 channel_idx=25 epoch=5 freq_hz=915250000 pkt_toa_us=148608 legal_dwell_used_us_10s=148608

2026-07-25 00:10:47,753 INFO image_tx_daemon: frame seq=201 done: 1 fragments ok

INFO: unrelated frame during TX wait type=0xC0

RFCO_PERTX during TX wait: profile_id=1 tx_status=0x00(OK) hop_idx=3 channel_idx=6 epoch=5 freq_hz=905750000 pkt_toa_us=163968 legal_dwell_used_us_10s=163968

2026-07-25 00:10:48,757 INFO image_tx_daemon: frame seq=202 done: 1 fragments ok

INFO: unrelated frame during TX wait type=0xC0

RFCO_PERTX during TX wait: profile_id=1 tx_status=0x00(OK) hop_idx=4 channel_idx=27 epoch=5 freq_hz=916250000 pkt_toa_us=169088 legal_dwell_used_us_10s=169088

INFO: unrelated frame during TX wait type=0xC0

RFCO_PERTX during TX wait: profile_id=1 tx_status=0x00(OK) hop_idx=5 channel_idx=5 epoch=5 freq_hz=905250000 pkt_toa_us=28288 legal_dwell_used_us_10s=28288

2026-07-25 00:10:48,999 INFO image_tx_daemon: frame seq=208 done: 2 fragments ok

INFO: unrelated frame during TX wait type=0xC0

RFCO_PERTX during TX wait: profile_id=1 tx_status=0x00(OK) hop_idx=6 channel_idx=23 epoch=5 freq_hz=914250000 pkt_toa_us=169088 legal_dwell_used_us_10s=338176

INFO: unrelated frame during TX wait type=0xC0

RFCO_PERTX during TX wait: profile_id=1 tx_status=0x00(OK) hop_idx=7 channel_idx=13 epoch=5 freq_hz=909250000 pkt_toa_us=28288 legal_dwell_used_us_10s=28288

2026-07-25 00:10:50,003 INFO image_tx_daemon: frame seq=209 done: 2 fragments ok

INFO: unrelated frame during TX wait type=0xC0

RFCO_PERTX during TX wait: profile_id=1 tx_status=0x00(OK) hop_idx=8 channel_idx=2 epoch=5 freq_hz=903750000 pkt_toa_us=169088 legal_dwell_used_us_10s=169088

INFO: unrelated frame during TX wait type=0xC0

RFCO_PERTX during TX wait: profile_id=1 tx_status=0x00(OK) hop_idx=9 channel_idx=37 epoch=5 freq_hz=921250000 pkt_toa_us=69248 legal_dwell_used_us_10s=69248

2026-07-25 00:10:51,042 INFO image_tx_daemon: frame seq=215 done: 2 fragments ok

INFO: unrelated frame during TX wait type=0xC0

RFCO_PERTX during TX wait: profile_id=1 tx_status=0x00(OK) hop_idx=10 channel_idx=19 epoch=5 freq_hz=912250000 pkt_toa_us=169088 legal_dwell_used_us_10s=169088

INFO: unrelated frame during TX wait type=0xC0

RFCO_PERTX during TX wait: profile_id=1 tx_status=0x00(OK) hop_idx=11 channel_idx=7 epoch=5 freq_hz=906250000 pkt_toa_us=66688 legal_dwell_used_us_10s=176896

2026-07-25 00:10:51,484 INFO image_tx_daemon: frame seq=221 done: 2 fragments ok

INFO: unrelated frame during TX wait type=0xC0

RFCO_PERTX during TX wait: profile_id=1 tx_status=0x00(OK) hop_idx=12 channel_idx=29 epoch=5 freq_hz=917250000 pkt_toa_us=169088 legal_dwell_used_us_10s=169088

