=== cycle 1/3 2026-07-25T15:57:02.4435577-05:00 ===
--- per-cycle preflight ---
7[r[999;999H[6nPREFLIGHT_HOLDERS=
PREFLIGHT_OPENOCD=
PREFLIGHT_GPIO10=1

--- end preflight ---
7[r[999;999H[6n7[r[999;999H[6nRUN_OUTDIR=/tmp/lifetrac_p0c/stage1_standard_runs/T6_stage1_standard_2026-07-25_205711
RUN_ID=T6_stage1_standard_2026-07-25_205711
BOARD_SERIAL=2D0A1209DABC240B
IMAGE_NAME=firmware.bin
OPENOCD_CFG=/tmp/lifetrac_p0c/07_assert_pa11_pf4_long.cfg
SYNC_OK=1
GETID_OK=1
ERASE_OK=1
WRITE_OK=1
VERIFY_OK=1
BOOT_OK=1
FINAL_RESULT=PASS
ELAPSED_S=51
OUTDIR=/tmp/lifetrac_p0c/stage1_standard_runs/T6_stage1_standard_2026-07-25_205711
__STD_RC__=0

=== cycle 2/3 2026-07-25T15:58:03.5267280-05:00 ===
--- per-cycle preflight ---
7[r[999;999H[6nPREFLIGHT_HOLDERS=
PREFLIGHT_OPENOCD=
PREFLIGHT_GPIO10=1

--- end preflight ---
7[r[999;999H[6n7[r[999;999H[6nRUN_OUTDIR=/tmp/lifetrac_p0c/stage1_standard_runs/T6_stage1_standard_2026-07-25_205812
RUN_ID=T6_stage1_standard_2026-07-25_205812
BOARD_SERIAL=2D0A1209DABC240B
IMAGE_NAME=firmware.bin
OPENOCD_CFG=/tmp/lifetrac_p0c/07_assert_pa11_pf4_long.cfg
SYNC_OK=1
GETID_OK=1
ERASE_OK=1
WRITE_OK=1
VERIFY_OK=1
BOOT_OK=1
FINAL_RESULT=PASS
ELAPSED_S=51
OUTDIR=/tmp/lifetrac_p0c/stage1_standard_runs/T6_stage1_standard_2026-07-25_205812
__STD_RC__=0

=== cycle 3/3 2026-07-25T15:59:04.6312506-05:00 ===
--- per-cycle preflight ---
7[r[999;999H[6nPREFLIGHT_HOLDERS=
PREFLIGHT_OPENOCD=
PREFLIGHT_GPIO10=1

--- end preflight ---
7[r[999;999H[6n7[r[999;999H[6nRUN_OUTDIR=/tmp/lifetrac_p0c/stage1_standard_runs/T6_stage1_standard_2026-07-25_205915
RUN_ID=T6_stage1_standard_2026-07-25_205915
BOARD_SERIAL=2D0A1209DABC240B
IMAGE_NAME=firmware.bin
OPENOCD_CFG=/tmp/lifetrac_p0c/07_assert_pa11_pf4_long.cfg
SYNC_OK=1
GETID_OK=1
ERASE_OK=1
WRITE_OK=1
VERIFY_OK=1
BOOT_OK=1
FINAL_RESULT=PASS
ELAPSED_S=50
OUTDIR=/tmp/lifetrac_p0c/stage1_standard_runs/T6_stage1_standard_2026-07-25_205915
__STD_RC__=0

