2026-09-21 08:04:18,573 INFO camera_service: v4l2/ffmpeg pid=10 device=/dev/video1 1920x1080@30fps -> 384x256 rgb24

2026-09-21 08:04:18,574 INFO camera_service: LIFETRAC_USE_LORA_BRIDGE=1 — skipping M7 IpcWriter; frames routed to MQTT lifetrac/v25/cmd/image_frame only

2026-09-21 08:04:18,604 INFO camera_service: byte_budget=2436 B/frame (LIFETRAC_FRAGMENT_BUDGET, phy=image)

2026-09-21 08:04:18,807 INFO camera_service: encode_mode -> 6 (mono_g4) [boot]

2026-09-21 08:04:18,820 INFO link_budget: -> 243 B/frame (n=1, image_bw500)

2026-09-21 08:05:22,526 INFO camera_service: encode_mode -> 9 (vector) [lora_cmd]

2026-09-21 08:05:23,161 INFO camera_service: vector_stats ms_total=262.8 ms={"resize":0.6,"l0":79.6,"l1":78.2,"l3":43.5,"temporal_pack":60.4,"total":262.8} bytes=241 level=0 detail=80 epoch=0 n_live=20 residual=4388.842 epoch_pending=0 epochs=1 trigger=first ttl_dropped=0 waiting=5

2026-09-21 08:05:25,367 INFO camera_service: vector_stats ms_total=202.4 ms={"resize":0.5,"l0":14.4,"l1":77.5,"l3":43.6,"temporal_pack":66.0,"total":202.4} bytes=242 level=0 detail=80 epoch=1 n_live=24 residual=3955.703 epoch_pending=0 epochs=2 trigger=forced ttl_dropped=0 waiting=11

2026-09-21 08:05:27,373 INFO camera_service: vector_stats ms_total=209.3 ms={"resize":0.5,"l0":15.4,"l1":76.6,"l3":42.7,"temporal_pack":73.6,"total":209.3} bytes=243 level=0 detail=80 epoch=1 n_live=23 residual=3735.456 epoch_pending=0 epochs=2 trigger=forced ttl_dropped=0 waiting=10

2026-09-21 08:05:29,377 INFO camera_service: vector_stats ms_total=213.1 ms={"resize":0.7,"l0":14.7,"l1":77.7,"l3":43.8,"temporal_pack":75.4,"total":213.1} bytes=240 level=0 detail=80 epoch=1 n_live=23 residual=4159.979 epoch_pending=0 epochs=2 trigger=forced ttl_dropped=0 waiting=5

2026-09-21 08:05:31,876 INFO camera_service: vector_stats ms_total=211.9 ms={"resize":0.6,"l0":14.5,"l1":80.2,"l3":41.9,"temporal_pack":74.1,"total":211.9} bytes=243 level=0 detail=80 epoch=1 n_live=21 residual=3778.459 epoch_pending=0 epochs=2 trigger=forced ttl_dropped=0 waiting=7

2026-09-21 08:05:34,366 INFO camera_service: vector_stats ms_total=202.2 ms={"resize":0.5,"l0":14.5,"l1":74.7,"l3":41.6,"temporal_pack":70.4,"total":202.2} bytes=241 level=0 detail=80 epoch=1 n_live=21 residual=3742.426 epoch_pending=0 epochs=2 trigger=forced ttl_dropped=0 waiting=12

2026-09-21 08:05:36,865 INFO camera_service: vector_stats ms_total=199.2 ms={"resize":0.5,"l0":14.4,"l1":77.0,"l3":39.5,"temporal_pack":67.3,"total":199.2} bytes=242 level=0 detail=80 epoch=1 n_live=20 residual=4336.593 epoch_pending=0 epochs=2 trigger=forced ttl_dropped=0 waiting=16

2026-09-21 08:05:38,874 INFO camera_service: vector_stats ms_total=208.7 ms={"resize":0.5,"l0":13.7,"l1":85.4,"l3":37.7,"temporal_pack":70.9,"total":208.7} bytes=243 level=0 detail=80 epoch=1 n_live=28 residual=3534.721 epoch_pending=0 epochs=2 trigger=forced ttl_dropped=0 waiting=4

2026-09-21 08:05:41,360 INFO camera_service: vector_stats ms_total=195.0 ms={"resize":0.5,"l0":15.5,"l1":75.9,"l3":40.7,"temporal_pack":61.9,"total":195.0} bytes=242 level=0 detail=80 epoch=1 n_live=21 residual=2922.119 epoch_pending=0 epochs=2 trigger=forced ttl_dropped=0 waiting=11

2026-09-21 08:05:43,866 INFO camera_service: vector_stats ms_total=202.0 ms={"resize":0.4,"l0":12.7,"l1":78.8,"l3":42.3,"temporal_pack":67.2,"total":202.0} bytes=242 level=0 detail=80 epoch=1 n_live=26 residual=3849.952 epoch_pending=0 epochs=2 trigger=forced ttl_dropped=0 waiting=7

2026-09-21 08:05:46,359 INFO camera_service: vector_stats ms_total=194.7 ms={"resize":0.5,"l0":13.7,"l1":74.3,"l3":42.2,"temporal_pack":63.5,"total":194.7} bytes=241 level=0 detail=80 epoch=1 n_live=25 residual=3131.390 epoch_pending=0 epochs=2 trigger=forced ttl_dropped=0 waiting=5

2026-09-21 08:05:48,428 INFO camera_service: vector_stats ms_total=262.8 ms={"resize":0.6,"l0":18.2,"l1":135.8,"l3":41.8,"temporal_pack":65.9,"total":262.8} bytes=240 level=0 detail=80 epoch=1 n_live=22 residual=3458.952 epoch_pending=0 epochs=2 trigger=forced ttl_dropped=0 waiting=12

2026-09-21 08:05:50,876 INFO camera_service: vector_stats ms_total=210.9 ms={"resize":0.6,"l0":17.4,"l1":80.7,"l3":43.0,"temporal_pack":68.8,"total":210.9} bytes=239 level=0 detail=80 epoch=1 n_live=25 residual=4197.308 epoch_pending=0 epochs=2 trigger=forced ttl_dropped=0 waiting=5

2026-09-21 08:05:52,877 INFO camera_service: vector_stats ms_total=211.9 ms={"resize":0.6,"l0":16.4,"l1":83.3,"l3":37.6,"temporal_pack":73.5,"total":211.9} bytes=237 level=0 detail=80 epoch=1 n_live=25 residual=3531.885 epoch_pending=0 epochs=2 trigger=forced ttl_dropped=0 waiting=14

2026-09-21 08:05:55,360 INFO camera_service: vector_stats ms_total=194.7 ms={"resize":0.6,"l0":15.4,"l1":73.7,"l3":37.9,"temporal_pack":66.6,"total":194.7} bytes=240 level=0 detail=80 epoch=1 n_live=25 residual=3746.949 epoch_pending=0 epochs=2 trigger=forced ttl_dropped=0 waiting=10

2026-09-21 08:05:57,363 INFO camera_service: vector_stats ms_total=198.2 ms={"resize":0.5,"l0":16.5,"l1":74.4,"l3":38.7,"temporal_pack":67.6,"total":198.2} bytes=241 level=0 detail=80 epoch=1 n_live=25 residual=3771.152 epoch_pending=0 epochs=2 trigger=forced ttl_dropped=0 waiting=4

2026-09-21 08:05:59,374 INFO camera_service: vector_stats ms_total=208.3 ms={"resize":0.8,"l0":17.3,"l1":76.9,"l3":39.2,"temporal_pack":73.7,"total":208.3} bytes=237 level=0 detail=80 epoch=1 n_live=30 residual=3670.225 epoch_pending=0 epochs=2 trigger=forced ttl_dropped=0 waiting=12

2026-09-21 08:06:01,872 INFO camera_service: vector_stats ms_total=206.2 ms={"resize":0.5,"l0":16.2,"l1":78.6,"l3":38.1,"temporal_pack":72.3,"total":206.2} bytes=239 level=0 detail=80 epoch=1 n_live=22 residual=3776.374 epoch_pending=0 epochs=2 trigger=forced ttl_dropped=0 waiting=11

2026-09-21 08:06:03,922 INFO camera_service: vector_stats ms_total=252.8 ms={"resize":0.4,"l0":17.9,"l1":93.6,"l3":46.6,"temporal_pack":93.6,"total":252.8} bytes=241 level=0 detail=80 epoch=1 n_live=26 residual=3262.120 epoch_pending=0 epochs=2 trigger=forced ttl_dropped=0 waiting=9

2026-09-21 08:06:05,978 INFO camera_service: vector_stats ms_total=251.4 ms={"resize":0.6,"l0":17.9,"l1":92.9,"l3":47.6,"temporal_pack":91.8,"total":251.4} bytes=243 level=0 detail=80 epoch=1 n_live=23 residual=3101.758 epoch_pending=0 epochs=2 trigger=forced ttl_dropped=0 waiting=8

2026-09-21 08:06:08,051 INFO camera_service: vector_stats ms_total=228.9 ms={"resize":0.5,"l0":18.2,"l1":93.0,"l3":47.2,"temporal_pack":69.3,"total":228.9} bytes=242 level=0 detail=80 epoch=1 n_live=23 residual=3621.711 epoch_pending=0 epochs=2 trigger=forced ttl_dropped=0 waiting=4

2026-09-21 08:06:10,163 INFO camera_service: vector_stats ms_total=249.5 ms={"resize":0.6,"l0":18.1,"l1":91.7,"l3":51.5,"temporal_pack":87.0,"total":249.5} bytes=239 level=0 detail=80 epoch=1 n_live=25 residual=3075.812 epoch_pending=0 epochs=2 trigger=forced ttl_dropped=0 waiting=6

2026-09-21 08:06:12,253 INFO camera_service: vector_stats ms_total=243.0 ms={"resize":0.6,"l0":18.1,"l1":91.9,"l3":51.7,"temporal_pack":80.1,"total":243.0} bytes=243 level=0 detail=80 epoch=1 n_live=23 residual=3338.157 epoch_pending=0 epochs=2 trigger=forced ttl_dropped=0 waiting=7

2026-09-21 08:06:14,322 INFO camera_service: vector_stats ms_total=239.1 ms={"resize":0.5,"l0":18.3,"l1":93.5,"l3":48.8,"temporal_pack":77.3,"total":239.1} bytes=242 level=0 detail=80 epoch=1 n_live=23 residual=3767.184 epoch_pending=0 epochs=2 trigger=forced ttl_dropped=0 waiting=6

2026-09-21 08:06:16,412 INFO camera_service: vector_stats ms_total=238.8 ms={"resize":0.5,"l0":19.1,"l1":92.9,"l3":50.5,"temporal_pack":75.1,"total":238.8} bytes=240 level=0 detail=80 epoch=1 n_live=21 residual=4377.145 epoch_pending=0 epochs=2 trigger=forced ttl_dropped=0 waiting=8

2026-09-21 08:06:18,894 INFO camera_service: vector_stats ms_total=231.6 ms={"resize":0.5,"l0":19.0,"l1":97.3,"l3":50.3,"temporal_pack":63.8,"total":231.6} bytes=240 level=0 detail=80 epoch=3 n_live=14 residual=2945.577 epoch_pending=0 epochs=4 trigger=relabel ttl_dropped=0 waiting=4

2026-09-21 08:06:21,219 INFO camera_service: vector_stats ms_total=243.8 ms={"resize":0.5,"l0":17.7,"l1":112.9,"l3":50.2,"temporal_pack":61.9,"total":243.8} bytes=238 level=0 detail=80 epoch=6 n_live=15 residual=3316.294 epoch_pending=0 epochs=7 trigger=relabel ttl_dropped=0 waiting=3

2026-09-21 08:06:23,675 INFO camera_service: vector_stats ms_total=229.5 ms={"resize":0.6,"l0":16.6,"l1":100.6,"l3":44.0,"temporal_pack":67.2,"total":229.5} bytes=242 level=0 detail=80 epoch=9 n_live=15 residual=3195.651 epoch_pending=0 epochs=10 trigger=relabel ttl_dropped=0 waiting=11

2026-09-21 08:06:25,688 INFO camera_service: vector_stats ms_total=242.7 ms={"resize":0.6,"l0":16.5,"l1":101.2,"l3":42.0,"temporal_pack":81.8,"total":242.7} bytes=240 level=0 detail=80 epoch=9 n_live=17 residual=3251.881 epoch_pending=0 epochs=10 trigger=relabel ttl_dropped=0 waiting=11

2026-09-21 08:06:27,710 INFO camera_service: vector_stats ms_total=264.4 ms={"resize":0.6,"l0":16.7,"l1":102.7,"l3":46.2,"temporal_pack":97.5,"total":264.4} bytes=243 level=0 detail=80 epoch=10 n_live=27 residual=3070.101 epoch_pending=0 epochs=11 trigger=relabel ttl_dropped=0 waiting=4

2026-09-21 08:06:30,198 INFO camera_service: vector_stats ms_total=252.0 ms={"resize":0.6,"l0":15.8,"l1":108.0,"l3":47.2,"temporal_pack":79.8,"total":252.0} bytes=242 level=0 detail=80 epoch=12 n_live=21 residual=3122.566 epoch_pending=0 epochs=13 trigger=relabel ttl_dropped=0 waiting=5

2026-09-21 08:06:32,207 INFO camera_service: vector_stats ms_total=257.9 ms={"resize":0.5,"l0":19.3,"l1":118.4,"l3":44.9,"temporal_pack":74.1,"total":257.9} bytes=243 level=0 detail=80 epoch=14 n_live=17 residual=3504.034 epoch_pending=0 epochs=15 trigger=relabel ttl_dropped=0 waiting=8

2026-09-21 08:06:34,659 INFO camera_service: vector_stats ms_total=213.3 ms={"resize":0.6,"l0":15.6,"l1":90.5,"l3":46.1,"temporal_pack":59.9,"total":213.3} bytes=238 level=0 detail=80 epoch=0 n_live=13 residual=3087.579 epoch_pending=0 epochs=17 trigger=relabel ttl_dropped=0 waiting=7

2026-09-21 08:06:36,704 INFO camera_service: vector_stats ms_total=258.2 ms={"resize":0.6,"l0":15.6,"l1":92.7,"l3":49.8,"temporal_pack":98.9,"total":258.2} bytes=240 level=0 detail=80 epoch=1 n_live=26 residual=4102.525 epoch_pending=0 epochs=18 trigger=relabel ttl_dropped=0 waiting=11

2026-09-21 08:06:38,719 INFO camera_service: vector_stats ms_total=273.6 ms={"resize":0.6,"l0":19.0,"l1":110.2,"l3":52.4,"temporal_pack":90.7,"total":273.6} bytes=240 level=0 detail=80 epoch=2 n_live=18 residual=3844.573 epoch_pending=0 epochs=19 trigger=relabel ttl_dropped=0 waiting=8

2026-09-21 08:06:41,187 INFO camera_service: vector_stats ms_total=241.7 ms={"resize":0.6,"l0":16.4,"l1":92.2,"l3":45.3,"temporal_pack":86.5,"total":241.7} bytes=242 level=0 detail=80 epoch=3 n_live=27 residual=3479.829 epoch_pending=0 epochs=20 trigger=relabel ttl_dropped=0 waiting=6

2026-09-21 08:06:43,195 INFO camera_service: vector_stats ms_total=247.8 ms={"resize":0.6,"l0":15.8,"l1":98.9,"l3":48.5,"temporal_pack":83.3,"total":247.8} bytes=238 level=0 detail=80 epoch=4 n_live=24 residual=4748.917 epoch_pending=0 epochs=21 trigger=relabel ttl_dropped=0 waiting=12

2026-09-21 08:06:45,704 INFO camera_service: vector_stats ms_total=258.6 ms={"resize":0.5,"l0":15.6,"l1":98.4,"l3":53.1,"temporal_pack":90.2,"total":258.6} bytes=242 level=0 detail=80 epoch=5 n_live=34 residual=4016.956 epoch_pending=0 epochs=22 trigger=relabel ttl_dropped=0 waiting=3

2026-09-21 08:06:48,189 INFO camera_service: vector_stats ms_total=243.1 ms={"resize":0.5,"l0":15.9,"l1":95.8,"l3":47.9,"temporal_pack":82.2,"total":243.1} bytes=241 level=0 detail=80 epoch=5 n_live=33 residual=3850.466 epoch_pending=0 epochs=22 trigger=relabel ttl_dropped=0 waiting=6

2026-09-21 08:06:50,502 INFO camera_service: vector_stats ms_total=203.1 ms={"resize":0.5,"l0":18.2,"l1":89.9,"l3":31.4,"temporal_pack":62.5,"total":203.1} bytes=243 level=0 detail=80 epoch=8 n_live=22 residual=2022.805 epoch_pending=0 epochs=25 trigger=relabel ttl_dropped=0 waiting=0

2026-09-21 08:06:52,986 INFO camera_service: vector_stats ms_total=189.7 ms={"resize":0.6,"l0":18.6,"l1":80.5,"l3":35.6,"temporal_pack":53.8,"total":189.7} bytes=168 level=0 detail=80 epoch=8 n_live=28 residual=1987.670 epoch_pending=0 epochs=25 trigger=relabel ttl_dropped=0 waiting=0

2026-09-21 08:06:55,083 INFO camera_service: vector_stats ms_total=190.7 ms={"resize":0.5,"l0":18.0,"l1":81.0,"l3":34.7,"temporal_pack":55.8,"total":190.7} bytes=183 level=0 detail=80 epoch=8 n_live=30 residual=1810.836 epoch_pending=0 epochs=25 trigger=relabel ttl_dropped=0 waiting=0

2026-09-21 08:06:57,116 INFO camera_service: vector_stats ms_total=259.5 ms={"resize":0.7,"l0":18.9,"l1":99.0,"l3":49.4,"temporal_pack":90.9,"total":259.5} bytes=239 level=0 detail=80 epoch=8 n_live=21 residual=4500.855 epoch_pending=0 epochs=25 trigger=relabel ttl_dropped=0 waiting=24

2026-09-21 08:06:59,454 INFO camera_service: vector_stats ms_total=262.9 ms={"resize":0.5,"l0":24.4,"l1":97.1,"l3":52.8,"temporal_pack":87.5,"total":262.9} bytes=242 level=0 detail=80 epoch=10 n_live=24 residual=4509.530 epoch_pending=0 epochs=27 trigger=horizon ttl_dropped=0 waiting=5

2026-09-21 08:07:01,907 INFO camera_service: vector_stats ms_total=236.1 ms={"resize":0.5,"l0":18.5,"l1":89.1,"l3":45.8,"temporal_pack":81.5,"total":236.1} bytes=239 level=0 detail=80 epoch=10 n_live=24 residual=3583.843 epoch_pending=0 epochs=27 trigger=horizon ttl_dropped=0 waiting=6

2026-09-21 08:07:03,937 INFO camera_service: vector_stats ms_total=236.2 ms={"resize":0.5,"l0":19.0,"l1":91.4,"l3":44.3,"temporal_pack":80.4,"total":236.2} bytes=243 level=0 detail=80 epoch=10 n_live=20 residual=3443.945 epoch_pending=0 epochs=27 trigger=horizon ttl_dropped=0 waiting=6

2026-09-21 08:07:06,357 INFO camera_service: vector_stats ms_total=237.4 ms={"resize":0.5,"l0":18.4,"l1":91.9,"l3":42.5,"temporal_pack":83.4,"total":237.4} bytes=240 level=0 detail=80 epoch=11 n_live=17 residual=4144.661 epoch_pending=0 epochs=28 trigger=relabel ttl_dropped=0 waiting=18

2026-09-21 08:07:08,390 INFO camera_service: vector_stats ms_total=247.0 ms={"resize":0.5,"l0":19.1,"l1":95.3,"l3":44.7,"temporal_pack":86.8,"total":247.0} bytes=237 level=0 detail=80 epoch=11 n_live=19 residual=3526.436 epoch_pending=0 epochs=28 trigger=relabel ttl_dropped=0 waiting=15

2026-09-21 08:07:10,439 INFO camera_service: vector_stats ms_total=263.1 ms={"resize":0.5,"l0":19.2,"l1":94.6,"l3":49.9,"temporal_pack":98.2,"total":263.1} bytes=242 level=0 detail=80 epoch=11 n_live=26 residual=4135.508 epoch_pending=0 epochs=28 trigger=relabel ttl_dropped=0 waiting=7

2026-09-21 08:07:12,900 INFO camera_service: vector_stats ms_total=239.7 ms={"resize":0.5,"l0":18.7,"l1":90.0,"l3":44.0,"temporal_pack":85.9,"total":239.7} bytes=242 level=0 detail=80 epoch=11 n_live=26 residual=3473.602 epoch_pending=0 epochs=28 trigger=relabel ttl_dropped=0 waiting=2

2026-09-21 08:07:14,915 INFO camera_service: vector_stats ms_total=259.1 ms={"resize":0.7,"l0":19.2,"l1":95.1,"l3":46.6,"temporal_pack":96.8,"total":259.1} bytes=239 level=0 detail=80 epoch=11 n_live=26 residual=4578.345 epoch_pending=0 epochs=28 trigger=relabel ttl_dropped=0 waiting=7

2026-09-21 08:07:17,337 INFO camera_service: vector_stats ms_total=213.7 ms={"resize":0.5,"l0":18.5,"l1":92.3,"l3":45.7,"temporal_pack":56.1,"total":213.7} bytes=242 level=0 detail=80 epoch=14 n_live=15 residual=3952.406 epoch_pending=0 epochs=31 trigger=horizon ttl_dropped=0 waiting=5

2026-09-21 08:07:19,339 INFO camera_service: vector_stats ms_total=215.7 ms={"resize":0.5,"l0":18.3,"l1":88.0,"l3":48.3,"temporal_pack":59.9,"total":215.7} bytes=242 level=0 detail=80 epoch=0 n_live=16 residual=5320.056 epoch_pending=0 epochs=33 trigger=horizon ttl_dropped=0 waiting=7

2026-09-21 08:07:21,352 INFO camera_service: vector_stats ms_total=231.4 ms={"resize":0.5,"l0":18.8,"l1":89.0,"l3":45.9,"temporal_pack":76.7,"total":231.4} bytes=241 level=0 detail=80 epoch=0 n_live=17 residual=5193.080 epoch_pending=0 epochs=33 trigger=horizon ttl_dropped=0 waiting=15

2026-09-21 08:07:23,246 INFO camera_service: encode_mode -> 6 (mono_g4) [lora_cmd]

