2026-07-29 10:31:27,112 INFO image_tx_daemon: opening L072 HostLink on /dev/ttymxc3 @ 921600

2026-07-29 10:31:27,120 INFO image_tx_daemon: image_tx_daemon started; mqtt=127.0.0.1:1883 uart=/dev/ttymxc3

2026-07-29 10:31:27,125 INFO image_tx_daemon: MQTT connected; subscribing to lifetrac/v25/cmd/image_frame

2026-07-29 10:31:27,129 INFO image_tx_daemon: LIFETRAC_SKIP_RESET_REQ=1 — relying on external NRST; draining boot chatter only

2026-07-29 10:31:27,146 INFO image_tx_daemon: link_budget: published n_frag=1 profile_idx=6 (profile 2)

INFO: post-VER drain queued type=0xF1 seq=0

INFO: post-VER drain queued type=0xC1 seq=0

INFO: post-VER drain queued type=0xF1 seq=0

INFO: post-VER drain queued type=0xC1 seq=0

Initializing regulatory profile 2 on co-processor...

  FHSS mask: single channel 0 (0100000000000000)

CFG_SET_REQ(FHSS_CHANNEL_MASK) OK: 07000800

CFG_SET_REQ(ANTENNA_GAIN_DBI) OK: 15000100

CFG_SET_REQ(HW_CEILING_DBM) OK: 16000100

  FHSS seed: (0,0) legacy shared permutation [set LIFETRAC_FHSS_FARM_ID / LIFETRAC_FHSS_LINK_ID to separate pairs]

WARN: CFG_SET_REQ(FHSS_FARM_ID) failed: CFG_SET(0x17) REJECTED: status=1 (UNKNOWN_KEY) — do NOT treat as OK

WARN: CFG_SET_REQ(FHSS_NODE_ID) failed: CFG_SET(0x18) REJECTED: status=1 (UNKNOWN_KEY) — do NOT treat as OK

CFG_SET_REQ(REG_PROFILE=2) OK: 14000100

  forcing FRF -> 915.000 MHz (raw=0xE4C000 -> Msb=0xE4 Mid=0xC0 Lsb=0x00)

  FRF readback: 0xE4C000 = 915.000 MHz (OK)

PHY contract OK: image_bw500 == {'sf': 7, 'bw_khz': 500, 'cr_den': 5, 'preamble': 8}

2026-07-29 10:31:28,015 INFO image_tx_daemon: LBT_ENABLE=0 (matches W1-10b TX_BURST rationale)

2026-07-29 10:31:28,037 INFO image_tx_daemon: RXCONT armed for command downlink (opmode 0x81 -> 0x85)

2026-07-29 10:31:28,038 INFO image_tx_daemon: TX worker ready (inter_cycle_s=0.050, max 8 frags/dwell)

2026-07-29 10:31:28,115 INFO image_tx_daemon: stats: goodput=0.0 B/s util=0% pipeline=v3 frames_in=0 ok=0 fail=0 drop_full=0 drop_stale=0 frags_ok=0 frags_fail=0 qdepth=0 parity_tx=0

2026-07-29 10:31:28,632 INFO image_tx_daemon: LoRa cmd: ENCODE_MODE 6

2026-07-29 10:31:29,207 INFO image_tx_daemon: LoRa cmd: ENCODE_MODE 6

2026-07-29 10:31:29,782 INFO image_tx_daemon: LoRa cmd: ENCODE_MODE 6

2026-07-29 10:31:30,356 INFO image_tx_daemon: LoRa cmd: ENCODE_MODE 6

2026-07-29 10:31:30,931 INFO image_tx_daemon: LoRa cmd: ENCODE_MODE 6

2026-07-29 10:31:31,508 INFO image_tx_daemon: LoRa cmd: ENCODE_MODE 6

2026-07-29 10:31:32,084 INFO image_tx_daemon: LoRa cmd: ENCODE_MODE 6

2026-07-29 10:31:32,659 INFO image_tx_daemon: LoRa cmd: ENCODE_MODE 6

2026-07-29 10:31:33,235 INFO image_tx_daemon: LoRa cmd: ENCODE_MODE 6

2026-07-29 10:31:33,809 INFO image_tx_daemon: LoRa cmd: ENCODE_MODE 6

2026-07-29 10:31:34,114 INFO image_tx_daemon: LoRa cmd: ENCODE_MODE 6

2026-07-29 10:31:34,689 INFO image_tx_daemon: LoRa cmd: ENCODE_MODE 6

2026-07-29 10:31:35,264 INFO image_tx_daemon: LoRa cmd: ENCODE_MODE 6

2026-07-29 10:31:35,839 INFO image_tx_daemon: LoRa cmd: ENCODE_MODE 6

2026-07-29 10:31:36,414 INFO image_tx_daemon: LoRa cmd: ENCODE_MODE 6

2026-07-29 10:31:36,990 INFO image_tx_daemon: LoRa cmd: ENCODE_MODE 6

2026-07-29 10:31:37,566 INFO image_tx_daemon: LoRa cmd: ENCODE_MODE 6

2026-07-29 10:31:38,126 INFO image_tx_daemon: stats: goodput=0.0 B/s util=0% pipeline=v3 frames_in=0 ok=0 fail=0 drop_full=0 drop_stale=0 frags_ok=0 frags_fail=0 qdepth=0 parity_tx=0

2026-07-29 10:31:45,731 INFO image_tx_daemon: frame seq=1 done (pipelined): 13 fragments ok

2026-07-29 10:31:48,137 INFO image_tx_daemon: stats: goodput=574.7 B/s util=23% pipeline=v3 frames_in=2 ok=1 fail=0 drop_full=0 drop_stale=0 frags_ok=24 frags_fail=0 qdepth=0 parity_tx=0

2026-07-29 10:31:48,230 INFO image_tx_daemon: frame seq=2 done (pipelined): 13 fragments ok

2026-07-29 10:31:50,730 INFO image_tx_daemon: frame seq=3 done (pipelined): 13 fragments ok

2026-07-29 10:31:53,187 INFO image_tx_daemon: frame seq=4 done (pipelined): 12 fragments ok

2026-07-29 10:31:55,697 INFO image_tx_daemon: frame seq=5 done (pipelined): 12 fragments ok

2026-07-29 10:31:58,148 INFO image_tx_daemon: stats: goodput=1197.0 B/s util=49% pipeline=v3 frames_in=6 ok=5 fail=0 drop_full=0 drop_stale=0 frags_ok=74 frags_fail=0 qdepth=0 parity_tx=0

2026-07-29 10:31:58,187 INFO image_tx_daemon: frame seq=6 done (pipelined): 12 fragments ok

2026-07-29 10:32:00,730 INFO image_tx_daemon: frame seq=7 done (pipelined): 13 fragments ok

2026-07-29 10:32:03,230 INFO image_tx_daemon: frame seq=8 done (pipelined): 13 fragments ok

2026-07-29 10:32:05,719 INFO image_tx_daemon: frame seq=9 done (pipelined): 13 fragments ok

2026-07-29 10:32:08,159 INFO image_tx_daemon: stats: goodput=1198.3 B/s util=49% pipeline=v3 frames_in=10 ok=9 fail=0 drop_full=0 drop_stale=0 frags_ok=125 frags_fail=0 qdepth=0 parity_tx=0

2026-07-29 10:32:08,230 INFO image_tx_daemon: frame seq=10 done (pipelined): 13 fragments ok

2026-07-29 10:32:10,687 INFO image_tx_daemon: frame seq=11 done (pipelined): 12 fragments ok

2026-07-29 10:32:13,219 INFO image_tx_daemon: frame seq=12 done (pipelined): 13 fragments ok

2026-07-29 10:32:15,708 INFO image_tx_daemon: frame seq=13 done (pipelined): 13 fragments ok

2026-07-29 10:32:18,170 INFO image_tx_daemon: stats: goodput=1196.3 B/s util=49% pipeline=v3 frames_in=14 ok=13 fail=0 drop_full=0 drop_stale=0 frags_ok=176 frags_fail=0 qdepth=0 parity_tx=0

2026-07-29 10:32:18,190 INFO image_tx_daemon: frame seq=14 done (pipelined): 12 fragments ok

2026-07-29 10:32:20,709 INFO image_tx_daemon: frame seq=15 done (pipelined): 13 fragments ok

2026-07-29 10:32:23,230 INFO image_tx_daemon: frame seq=16 done (pipelined): 13 fragments ok

2026-07-29 10:32:25,686 INFO image_tx_daemon: frame seq=17 done (pipelined): 12 fragments ok

2026-07-29 10:32:28,181 INFO image_tx_daemon: stats: goodput=1191.4 B/s util=48% pipeline=v3 frames_in=18 ok=17 fail=0 drop_full=0 drop_stale=0 frags_ok=226 frags_fail=0 qdepth=0 parity_tx=0

2026-07-29 10:32:28,219 INFO image_tx_daemon: frame seq=18 done (pipelined): 13 fragments ok

2026-07-29 10:32:30,720 INFO image_tx_daemon: frame seq=19 done (pipelined): 13 fragments ok

2026-07-29 10:32:33,229 INFO image_tx_daemon: frame seq=20 done (pipelined): 13 fragments ok

2026-07-29 10:32:35,733 INFO image_tx_daemon: frame seq=21 done (pipelined): 13 fragments ok

2026-07-29 10:32:38,191 INFO image_tx_daemon: stats: goodput=1232.5 B/s util=50% pipeline=v3 frames_in=22 ok=21 fail=0 drop_full=0 drop_stale=0 frags_ok=279 frags_fail=0 qdepth=0 parity_tx=0

2026-07-29 10:32:38,231 INFO image_tx_daemon: frame seq=22 done (pipelined): 13 fragments ok

2026-07-29 10:32:40,719 INFO image_tx_daemon: frame seq=23 done (pipelined): 13 fragments ok

2026-07-29 10:32:43,230 INFO image_tx_daemon: frame seq=24 done (pipelined): 13 fragments ok

2026-07-29 10:32:45,730 INFO image_tx_daemon: frame seq=25 done (pipelined): 13 fragments ok

2026-07-29 10:32:48,202 INFO image_tx_daemon: stats: goodput=1212.2 B/s util=49% pipeline=v3 frames_in=26 ok=26 fail=0 drop_full=0 drop_stale=0 frags_ok=332 frags_fail=0 qdepth=0 parity_tx=0

2026-07-29 10:32:48,209 INFO image_tx_daemon: frame seq=26 done (pipelined): 13 fragments ok

2026-07-29 10:32:50,733 INFO image_tx_daemon: frame seq=27 done (pipelined): 13 fragments ok

2026-07-29 10:32:53,176 INFO image_tx_daemon: frame seq=28 done (pipelined): 12 fragments ok

2026-07-29 10:32:55,740 INFO image_tx_daemon: frame seq=29 done (pipelined): 13 fragments ok

2026-07-29 10:32:58,187 INFO image_tx_daemon: frame seq=30 done (pipelined): 12 fragments ok

2026-07-29 10:32:58,214 INFO image_tx_daemon: stats: goodput=1198.3 B/s util=49% pipeline=v3 frames_in=30 ok=30 fail=0 drop_full=0 drop_stale=0 frags_ok=382 frags_fail=0 qdepth=0 parity_tx=0

2026-07-29 10:33:00,686 INFO image_tx_daemon: frame seq=31 done (pipelined): 12 fragments ok

2026-07-29 10:33:03,186 INFO image_tx_daemon: frame seq=32 done (pipelined): 12 fragments ok

2026-07-29 10:33:05,729 INFO image_tx_daemon: frame seq=33 done (pipelined): 13 fragments ok

2026-07-29 10:33:08,228 INFO image_tx_daemon: stats: goodput=1196.1 B/s util=49% pipeline=v3 frames_in=34 ok=34 fail=0 drop_full=0 drop_stale=0 frags_ok=432 frags_fail=0 qdepth=0 parity_tx=0

2026-07-29 10:33:08,234 INFO image_tx_daemon: frame seq=34 done (pipelined): 13 fragments ok

2026-07-29 10:33:10,730 INFO image_tx_daemon: frame seq=35 done (pipelined): 13 fragments ok

2026-07-29 10:33:13,186 INFO image_tx_daemon: frame seq=36 done (pipelined): 12 fragments ok

2026-07-29 10:33:15,687 INFO image_tx_daemon: frame seq=37 done (pipelined): 12 fragments ok

2026-07-29 10:33:18,186 INFO image_tx_daemon: frame seq=38 done (pipelined): 12 fragments ok

2026-07-29 10:33:18,239 INFO image_tx_daemon: stats: goodput=1188.3 B/s util=48% pipeline=v3 frames_in=38 ok=38 fail=0 drop_full=0 drop_stale=0 frags_ok=481 frags_fail=0 qdepth=0 parity_tx=0

2026-07-29 10:33:20,719 INFO image_tx_daemon: frame seq=39 done (pipelined): 13 fragments ok

2026-07-29 10:33:23,232 INFO image_tx_daemon: frame seq=40 done (pipelined): 13 fragments ok

2026-07-29 10:33:25,709 INFO image_tx_daemon: frame seq=41 done (pipelined): 13 fragments ok

2026-07-29 10:33:28,232 INFO image_tx_daemon: frame seq=42 done (pipelined): 13 fragments ok

2026-07-29 10:33:28,250 INFO image_tx_daemon: stats: goodput=1207.4 B/s util=49% pipeline=v3 frames_in=42 ok=42 fail=0 drop_full=0 drop_stale=0 frags_ok=533 frags_fail=0 qdepth=0 parity_tx=0

2026-07-29 10:33:30,697 INFO image_tx_daemon: frame seq=43 done (pipelined): 12 fragments ok

2026-07-29 10:33:33,219 INFO image_tx_daemon: frame seq=44 done (pipelined): 13 fragments ok

2026-07-29 10:33:35,708 INFO image_tx_daemon: frame seq=45 done (pipelined): 13 fragments ok

2026-07-29 10:33:38,186 INFO image_tx_daemon: frame seq=46 done (pipelined): 12 fragments ok

2026-07-29 10:33:38,267 INFO image_tx_daemon: stats: goodput=1186.8 B/s util=48% pipeline=v3 frames_in=46 ok=46 fail=0 drop_full=0 drop_stale=0 frags_ok=583 frags_fail=0 qdepth=0 parity_tx=0

2026-07-29 10:33:40,719 INFO image_tx_daemon: frame seq=47 done (pipelined): 13 fragments ok

2026-07-29 10:33:43,230 INFO image_tx_daemon: frame seq=48 done (pipelined): 13 fragments ok

2026-07-29 10:33:45,686 INFO image_tx_daemon: frame seq=49 done (pipelined): 12 fragments ok

2026-07-29 10:33:48,219 INFO image_tx_daemon: frame seq=50 done (pipelined): 13 fragments ok

2026-07-29 10:33:48,278 INFO image_tx_daemon: stats: goodput=1196.9 B/s util=49% pipeline=v3 frames_in=50 ok=50 fail=0 drop_full=0 drop_stale=0 frags_ok=634 frags_fail=0 qdepth=0 parity_tx=0

2026-07-29 10:33:50,730 INFO image_tx_daemon: frame seq=51 done (pipelined): 13 fragments ok

2026-07-29 10:33:53,220 INFO image_tx_daemon: frame seq=52 done (pipelined): 13 fragments ok

2026-07-29 10:33:55,731 INFO image_tx_daemon: frame seq=53 done (pipelined): 13 fragments ok

2026-07-29 10:33:58,240 INFO image_tx_daemon: frame seq=54 done (pipelined): 13 fragments ok

2026-07-29 10:33:58,290 INFO image_tx_daemon: stats: goodput=1211.4 B/s util=49% pipeline=v3 frames_in=54 ok=54 fail=0 drop_full=0 drop_stale=0 frags_ok=686 frags_fail=0 qdepth=0 parity_tx=0

2026-07-29 10:34:00,711 INFO image_tx_daemon: frame seq=55 done (pipelined): 13 fragments ok

2026-07-29 10:34:03,230 INFO image_tx_daemon: frame seq=56 done (pipelined): 13 fragments ok

2026-07-29 10:34:05,719 INFO image_tx_daemon: frame seq=57 done (pipelined): 13 fragments ok

2026-07-29 10:34:08,208 INFO image_tx_daemon: frame seq=58 done (pipelined): 13 fragments ok

2026-07-29 10:34:08,300 INFO image_tx_daemon: stats: goodput=1204.3 B/s util=49% pipeline=v3 frames_in=58 ok=58 fail=0 drop_full=0 drop_stale=0 frags_ok=738 frags_fail=0 qdepth=0 parity_tx=0

2026-07-29 10:34:10,729 INFO image_tx_daemon: frame seq=59 done (pipelined): 13 fragments ok

2026-07-29 10:34:13,176 INFO image_tx_daemon: frame seq=60 done (pipelined): 12 fragments ok

2026-07-29 10:34:15,730 INFO image_tx_daemon: frame seq=61 done (pipelined): 13 fragments ok

2026-07-29 10:34:18,196 INFO image_tx_daemon: frame seq=62 done (pipelined): 12 fragments ok

2026-07-29 10:34:18,311 INFO image_tx_daemon: stats: goodput=1198.3 B/s util=49% pipeline=v3 frames_in=62 ok=62 fail=0 drop_full=0 drop_stale=0 frags_ok=788 frags_fail=0 qdepth=0 parity_tx=0

2026-07-29 10:34:20,686 INFO image_tx_daemon: frame seq=63 done (pipelined): 12 fragments ok

2026-07-29 10:34:23,187 INFO image_tx_daemon: frame seq=64 done (pipelined): 12 fragments ok

2026-07-29 10:34:25,729 INFO image_tx_daemon: frame seq=65 done (pipelined): 13 fragments ok

2026-07-29 10:34:28,231 INFO image_tx_daemon: frame seq=66 done (pipelined): 13 fragments ok

2026-07-29 10:34:28,322 INFO image_tx_daemon: stats: goodput=1196.5 B/s util=49% pipeline=v3 frames_in=66 ok=66 fail=0 drop_full=0 drop_stale=0 frags_ok=838 frags_fail=0 qdepth=0 parity_tx=0

2026-07-29 10:34:30,729 INFO image_tx_daemon: frame seq=67 done (pipelined): 13 fragments ok

2026-07-29 10:34:33,186 INFO image_tx_daemon: frame seq=68 done (pipelined): 12 fragments ok

2026-07-29 10:34:35,686 INFO image_tx_daemon: frame seq=69 done (pipelined): 12 fragments ok

2026-07-29 10:34:38,176 INFO image_tx_daemon: frame seq=70 done (pipelined): 12 fragments ok

2026-07-29 10:34:38,334 INFO image_tx_daemon: stats: goodput=1188.3 B/s util=48% pipeline=v3 frames_in=70 ok=70 fail=0 drop_full=0 drop_stale=0 frags_ok=887 frags_fail=0 qdepth=0 parity_tx=0

2026-07-29 10:34:40,720 INFO image_tx_daemon: frame seq=71 done (pipelined): 13 fragments ok

2026-07-29 10:34:43,230 INFO image_tx_daemon: frame seq=72 done (pipelined): 13 fragments ok

2026-07-29 10:34:45,720 INFO image_tx_daemon: frame seq=73 done (pipelined): 13 fragments ok

2026-07-29 10:34:48,229 INFO image_tx_daemon: frame seq=74 done (pipelined): 13 fragments ok

2026-07-29 10:34:48,345 INFO image_tx_daemon: stats: goodput=1207.4 B/s util=49% pipeline=v3 frames_in=74 ok=74 fail=0 drop_full=0 drop_stale=0 frags_ok=939 frags_fail=0 qdepth=0 parity_tx=0

2026-07-29 10:34:50,696 INFO image_tx_daemon: frame seq=75 done (pipelined): 12 fragments ok

2026-07-29 10:34:53,219 INFO image_tx_daemon: frame seq=76 done (pipelined): 13 fragments ok

2026-07-29 10:34:55,708 INFO image_tx_daemon: frame seq=77 done (pipelined): 13 fragments ok

2026-07-29 10:34:58,186 INFO image_tx_daemon: frame seq=78 done (pipelined): 12 fragments ok

2026-07-29 10:34:58,363 INFO image_tx_daemon: stats: goodput=1186.7 B/s util=48% pipeline=v3 frames_in=78 ok=78 fail=0 drop_full=0 drop_stale=0 frags_ok=989 frags_fail=0 qdepth=0 parity_tx=0

2026-07-29 10:35:00,711 INFO image_tx_daemon: frame seq=79 done (pipelined): 13 fragments ok

2026-07-29 10:35:03,229 INFO image_tx_daemon: frame seq=80 done (pipelined): 13 fragments ok

2026-07-29 10:35:05,676 INFO image_tx_daemon: frame seq=81 done (pipelined): 12 fragments ok

2026-07-29 10:35:08,219 INFO image_tx_daemon: frame seq=82 done (pipelined): 13 fragments ok

2026-07-29 10:35:08,379 INFO image_tx_daemon: stats: goodput=1196.3 B/s util=49% pipeline=v3 frames_in=82 ok=82 fail=0 drop_full=0 drop_stale=0 frags_ok=1040 frags_fail=0 qdepth=0 parity_tx=0

2026-07-29 10:35:10,720 INFO image_tx_daemon: frame seq=83 done (pipelined): 13 fragments ok

2026-07-29 10:35:13,219 INFO image_tx_daemon: frame seq=84 done (pipelined): 13 fragments ok

2026-07-29 10:35:15,740 INFO image_tx_daemon: frame seq=85 done (pipelined): 13 fragments ok

2026-07-29 10:35:18,233 INFO image_tx_daemon: frame seq=86 done (pipelined): 13 fragments ok

2026-07-29 10:35:18,390 INFO image_tx_daemon: stats: goodput=1211.4 B/s util=49% pipeline=v3 frames_in=86 ok=86 fail=0 drop_full=0 drop_stale=0 frags_ok=1092 frags_fail=0 qdepth=0 parity_tx=0

2026-07-29 10:35:20,709 INFO image_tx_daemon: frame seq=87 done (pipelined): 13 fragments ok

2026-07-29 10:35:23,240 INFO image_tx_daemon: frame seq=88 done (pipelined): 13 fragments ok

2026-07-29 10:35:25,719 INFO image_tx_daemon: frame seq=89 done (pipelined): 13 fragments ok

2026-07-29 10:35:28,208 INFO image_tx_daemon: frame seq=90 done (pipelined): 13 fragments ok

2026-07-29 10:35:28,402 INFO image_tx_daemon: stats: goodput=1204.2 B/s util=49% pipeline=v3 frames_in=90 ok=90 fail=0 drop_full=0 drop_stale=0 frags_ok=1144 frags_fail=0 qdepth=0 parity_tx=0

2026-07-29 10:35:30,729 INFO image_tx_daemon: frame seq=91 done (pipelined): 13 fragments ok

2026-07-29 10:35:33,189 INFO image_tx_daemon: frame seq=92 done (pipelined): 12 fragments ok

