2026-07-24 22:05:05,063 INFO image_rx_daemon: opening L072 HostLink on /dev/ttymxc3 @ 921600

2026-07-24 22:05:05,066 INFO image_rx_daemon: image_rx_daemon started; mqtt=127.0.0.1:1883 uart=/dev/ttymxc3

2026-07-24 22:05:05,074 INFO image_rx_daemon: MQTT connected; ready to publish lifetrac/v25/video/tile_delta

2026-07-24 22:05:05,076 INFO image_rx_daemon: LIFETRAC_SKIP_RESET_REQ=1 ΓÇö relying on external NRST; draining boot chatter only

2026-07-24 22:05:05,519 INFO image_rx_daemon: L072 VER warm-up ok (attempt 1)

INFO: post-VER drain queued type=0xF1 seq=0

INFO: post-VER drain queued type=0xC1 seq=0

INFO: post-VER drain queued type=0xF1 seq=0

INFO: post-VER drain queued type=0xC1 seq=0

Initializing regulatory profile 0 on co-processor...

  FHSS mask: single channel 0 (0100000000000000)

CFG_SET_REQ(FHSS_CHANNEL_MASK) OK: 07000800

CFG_SET_REQ(ANTENNA_GAIN_DBI) OK: 15000100

CFG_SET_REQ(HW_CEILING_DBM) OK: 16000100

CFG_SET_REQ(REG_PROFILE=0) OK: 14000100

  forcing FRF -> 915.000 MHz (raw=0xE4C000 -> Msb=0xE4 Mid=0xC0 Lsb=0x00)

  FRF readback: 0xE4C000 = 915.000 MHz (OK)

PHY contract OK: image_bw250 == {'sf': 7, 'bw_khz': 250, 'cr_den': 5, 'preamble': 8}

2026-07-24 22:05:06,008 INFO image_rx_daemon: SX1276 RXCONT autowake: opmode 0x81 -> 0x85

2026-07-24 22:05:06,008 INFO image_rx_daemon: RX worker ready; draining RX_FRAME_URC...

2026-07-24 22:05:06,065 INFO image_rx_daemon: stats: rx_frames=0 rx_decode_err=0 frames_published=0 publish_err=0 reassembler_decode_err=0 reassembler_timeouts=0

2026-07-24 22:05:09,331 INFO image_rx_daemon: published frame_id=0 252 B ΓåÆ lifetrac/v25/video/tile_delta

2026-07-24 22:05:10,528 INFO image_rx_daemon: published frame_id=0 246 B ΓåÆ lifetrac/v25/video/tile_delta

2026-07-24 22:05:11,729 INFO image_rx_daemon: published frame_id=0 250 B ΓåÆ lifetrac/v25/video/tile_delta

2026-07-24 22:05:12,922 INFO image_rx_daemon: published frame_id=0 242 B ΓåÆ lifetrac/v25/video/tile_delta

2026-07-24 22:05:14,115 INFO image_rx_daemon: published frame_id=0 244 B ΓåÆ lifetrac/v25/video/tile_delta

2026-07-24 22:05:15,311 INFO image_rx_daemon: published frame_id=0 242 B ΓåÆ lifetrac/v25/video/tile_delta

2026-07-24 22:05:16,069 INFO image_rx_daemon: stats: rx_frames=12 rx_decode_err=0 frames_published=6 publish_err=0 reassembler_decode_err=0 reassembler_timeouts=0

2026-07-24 22:05:16,530 INFO image_rx_daemon: published frame_id=0 262 B ΓåÆ lifetrac/v25/video/tile_delta

2026-07-24 22:05:16,676 INFO image_rx_daemon: published frame_id=0 131 B ΓåÆ lifetrac/v25/video/tile_delta

2026-07-24 22:05:17,593 INFO image_rx_daemon: published frame_id=0 131 B ΓåÆ lifetrac/v25/video/tile_delta

2026-07-24 22:05:17,727 INFO image_rx_daemon: published frame_id=0 127 B ΓåÆ lifetrac/v25/video/tile_delta

2026-07-24 22:05:17,866 INFO image_rx_daemon: published frame_id=0 127 B ΓåÆ lifetrac/v25/video/tile_delta

2026-07-24 22:05:18,727 INFO image_rx_daemon: published frame_id=0 127 B ΓåÆ lifetrac/v25/video/tile_delta

2026-07-24 22:05:18,862 INFO image_rx_daemon: published frame_id=0 129 B ΓåÆ lifetrac/v25/video/tile_delta

2026-07-24 22:05:19,003 INFO image_rx_daemon: published frame_id=0 127 B ΓåÆ lifetrac/v25/video/tile_delta

2026-07-24 22:05:19,851 INFO image_rx_daemon: published frame_id=0 115 B ΓåÆ lifetrac/v25/video/tile_delta

2026-07-24 22:05:19,996 INFO image_rx_daemon: published frame_id=0 129 B ΓåÆ lifetrac/v25/video/tile_delta

2026-07-24 22:05:20,136 INFO image_rx_daemon: published frame_id=0 125 B ΓåÆ lifetrac/v25/video/tile_delta

2026-07-24 22:05:20,987 INFO image_rx_daemon: published frame_id=0 129 B ΓåÆ lifetrac/v25/video/tile_delta

2026-07-24 22:05:21,159 INFO image_rx_daemon: published frame_id=0 155 B ΓåÆ lifetrac/v25/video/tile_delta

2026-07-24 22:05:22,159 INFO image_rx_daemon: published frame_id=0 163 B ΓåÆ lifetrac/v25/video/tile_delta

2026-07-24 22:05:22,338 INFO image_rx_daemon: published frame_id=0 179 B ΓåÆ lifetrac/v25/video/tile_delta

2026-07-24 22:05:23,341 INFO image_rx_daemon: published frame_id=0 183 B ΓåÆ lifetrac/v25/video/tile_delta

2026-07-24 22:05:23,579 INFO image_rx_daemon: published frame_id=0 229 B ΓåÆ lifetrac/v25/video/tile_delta

2026-07-24 22:05:24,583 INFO image_rx_daemon: published frame_id=0 233 B ΓåÆ lifetrac/v25/video/tile_delta

2026-07-24 22:05:25,819 INFO image_rx_daemon: published frame_id=0 275 B ΓåÆ lifetrac/v25/video/tile_delta

2026-07-24 22:05:26,073 INFO image_rx_daemon: stats: rx_frames=35 rx_decode_err=0 frames_published=25 publish_err=0 reassembler_decode_err=0 reassembler_timeouts=0

2026-07-24 22:05:27,004 INFO image_rx_daemon: published frame_id=0 261 B ΓåÆ lifetrac/v25/video/tile_delta

2026-07-24 22:05:28,182 INFO image_rx_daemon: published frame_id=0 241 B ΓåÆ lifetrac/v25/video/tile_delta

2026-07-24 22:05:28,382 INFO image_rx_daemon: published frame_id=0 187 B ΓåÆ lifetrac/v25/video/tile_delta

2026-07-24 22:05:29,314 INFO image_rx_daemon: published frame_id=0 189 B ΓåÆ lifetrac/v25/video/tile_delta

2026-07-24 22:05:29,556 INFO image_rx_daemon: published frame_id=0 173 B ΓåÆ lifetrac/v25/video/tile_delta

2026-07-24 22:05:30,483 INFO image_rx_daemon: published frame_id=0 163 B ΓåÆ lifetrac/v25/video/tile_delta

2026-07-24 22:05:30,827 INFO image_rx_daemon: published frame_id=0 256 B ΓåÆ lifetrac/v25/video/tile_delta

2026-07-24 22:05:32,015 INFO image_rx_daemon: published frame_id=0 244 B ΓåÆ lifetrac/v25/video/tile_delta

2026-07-24 22:05:33,194 INFO image_rx_daemon: published frame_id=0 226 B ΓåÆ lifetrac/v25/video/tile_delta

2026-07-24 22:05:34,208 INFO image_rx_daemon: published frame_id=0 240 B ΓåÆ lifetrac/v25/video/tile_delta

2026-07-24 22:05:34,656 INFO image_rx_daemon: published frame_id=0 236 B ΓåÆ lifetrac/v25/video/tile_delta

2026-07-24 22:05:35,852 INFO image_rx_daemon: published frame_id=0 238 B ΓåÆ lifetrac/v25/video/tile_delta

2026-07-24 22:05:36,077 INFO image_rx_daemon: stats: rx_frames=55 rx_decode_err=0 frames_published=37 publish_err=0 reassembler_decode_err=0 reassembler_timeouts=0

2026-07-24 22:05:37,050 INFO image_rx_daemon: published frame_id=0 240 B ΓåÆ lifetrac/v25/video/tile_delta

2026-07-24 22:05:37,196 INFO image_rx_daemon: published frame_id=0 127 B ΓåÆ lifetrac/v25/video/tile_delta

2026-07-24 22:05:38,127 INFO image_rx_daemon: published frame_id=0 121 B ΓåÆ lifetrac/v25/video/tile_delta

2026-07-24 22:05:38,261 INFO image_rx_daemon: published frame_id=0 117 B ΓåÆ lifetrac/v25/video/tile_delta

2026-07-24 22:05:38,388 INFO image_rx_daemon: published frame_id=0 115 B ΓåÆ lifetrac/v25/video/tile_delta

2026-07-24 22:05:39,278 INFO image_rx_daemon: published frame_id=0 135 B ΓåÆ lifetrac/v25/video/tile_delta

2026-07-24 22:05:39,421 INFO image_rx_daemon: published frame_id=0 129 B ΓåÆ lifetrac/v25/video/tile_delta

2026-07-24 22:05:39,557 INFO image_rx_daemon: published frame_id=0 131 B ΓåÆ lifetrac/v25/video/tile_delta

2026-07-24 22:05:40,418 INFO image_rx_daemon: published frame_id=0 129 B ΓåÆ lifetrac/v25/video/tile_delta

2026-07-24 22:05:40,563 INFO image_rx_daemon: published frame_id=0 135 B ΓåÆ lifetrac/v25/video/tile_delta

2026-07-24 22:05:40,708 INFO image_rx_daemon: published frame_id=0 131 B ΓåÆ lifetrac/v25/video/tile_delta

2026-07-24 22:05:41,554 INFO image_rx_daemon: published frame_id=0 133 B ΓåÆ lifetrac/v25/video/tile_delta

2026-07-24 22:05:41,710 INFO image_rx_daemon: published frame_id=0 135 B ΓåÆ lifetrac/v25/video/tile_delta

2026-07-24 22:05:41,878 INFO image_rx_daemon: published frame_id=0 151 B ΓåÆ lifetrac/v25/video/tile_delta

2026-07-24 22:05:42,874 INFO image_rx_daemon: published frame_id=0 155 B ΓåÆ lifetrac/v25/video/tile_delta

2026-07-24 22:05:43,052 INFO image_rx_daemon: published frame_id=0 175 B ΓåÆ lifetrac/v25/video/tile_delta

2026-07-24 22:05:44,065 INFO image_rx_daemon: published frame_id=0 193 B ΓåÆ lifetrac/v25/video/tile_delta

2026-07-24 22:05:44,294 INFO image_rx_daemon: published frame_id=0 213 B ΓåÆ lifetrac/v25/video/tile_delta

2026-07-24 22:05:45,296 INFO image_rx_daemon: published frame_id=0 211 B ΓåÆ lifetrac/v25/video/tile_delta

2026-07-24 22:05:46,081 INFO image_rx_daemon: stats: rx_frames=78 rx_decode_err=0 frames_published=56 publish_err=0 reassembler_decode_err=0 reassembler_timeouts=0

2026-07-24 22:05:46,336 INFO image_rx_daemon: published frame_id=0 267 B ΓåÆ lifetrac/v25/video/tile_delta

2026-07-24 22:05:46,781 INFO image_rx_daemon: published frame_id=0 265 B ΓåÆ lifetrac/v25/video/tile_delta

2026-07-24 22:05:47,985 INFO image_rx_daemon: published frame_id=0 273 B ΓåÆ lifetrac/v25/video/tile_delta

2026-07-24 22:05:49,175 INFO image_rx_daemon: published frame_id=0 265 B ΓåÆ lifetrac/v25/video/tile_delta

2026-07-24 22:05:50,350 INFO image_rx_daemon: published frame_id=0 241 B ΓåÆ lifetrac/v25/video/tile_delta

2026-07-24 22:05:51,496 INFO image_rx_daemon: published frame_id=0 197 B ΓåÆ lifetrac/v25/video/tile_delta

2026-07-24 22:05:51,645 INFO image_rx_daemon: published frame_id=0 163 B ΓåÆ lifetrac/v25/video/tile_delta

2026-07-24 22:05:52,653 INFO image_rx_daemon: published frame_id=0 163 B ΓåÆ lifetrac/v25/video/tile_delta

2026-07-24 22:05:52,923 INFO image_rx_daemon: published frame_id=0 246 B ΓåÆ lifetrac/v25/video/tile_delta

2026-07-24 22:05:54,120 INFO image_rx_daemon: published frame_id=0 246 B ΓåÆ lifetrac/v25/video/tile_delta

2026-07-24 22:05:55,309 INFO image_rx_daemon: published frame_id=0 244 B ΓåÆ lifetrac/v25/video/tile_delta

2026-07-24 22:05:56,086 INFO image_rx_daemon: stats: rx_frames=96 rx_decode_err=0 frames_published=67 publish_err=0 reassembler_decode_err=0 reassembler_timeouts=0

2026-07-24 22:05:56,510 INFO image_rx_daemon: published frame_id=0 244 B ΓåÆ lifetrac/v25/video/tile_delta

2026-07-24 22:05:57,708 INFO image_rx_daemon: published frame_id=0 244 B ΓåÆ lifetrac/v25/video/tile_delta

2026-07-24 22:05:58,918 INFO image_rx_daemon: published frame_id=0 256 B ΓåÆ lifetrac/v25/video/tile_delta

2026-07-24 22:05:59,063 INFO image_rx_daemon: published frame_id=0 131 B ΓåÆ lifetrac/v25/video/tile_delta

2026-07-24 22:05:59,981 INFO image_rx_daemon: published frame_id=0 129 B ΓåÆ lifetrac/v25/video/tile_delta

2026-07-24 22:06:00,119 INFO image_rx_daemon: published frame_id=0 127 B ΓåÆ lifetrac/v25/video/tile_delta

2026-07-24 22:06:00,260 INFO image_rx_daemon: published frame_id=0 129 B ΓåÆ lifetrac/v25/video/tile_delta

2026-07-24 22:06:01,121 INFO image_rx_daemon: published frame_id=0 127 B ΓåÆ lifetrac/v25/video/tile_delta

2026-07-24 22:06:01,256 INFO image_rx_daemon: published frame_id=0 127 B ΓåÆ lifetrac/v25/video/tile_delta

2026-07-24 22:06:01,390 INFO image_rx_daemon: published frame_id=0 127 B ΓåÆ lifetrac/v25/video/tile_delta

2026-07-24 22:06:02,259 INFO image_rx_daemon: published frame_id=0 129 B ΓåÆ lifetrac/v25/video/tile_delta

2026-07-24 22:06:02,380 INFO image_rx_daemon: published frame_id=0 115 B ΓåÆ lifetrac/v25/video/tile_delta

2026-07-24 22:06:02,527 INFO image_rx_daemon: published frame_id=0 117 B ΓåÆ lifetrac/v25/video/tile_delta

2026-07-24 22:06:03,396 INFO image_rx_daemon: published frame_id=0 129 B ΓåÆ lifetrac/v25/video/tile_delta

2026-07-24 22:06:03,553 INFO image_rx_daemon: published frame_id=0 149 B ΓåÆ lifetrac/v25/video/tile_delta

2026-07-24 22:06:04,555 INFO image_rx_daemon: published frame_id=0 155 B ΓåÆ lifetrac/v25/video/tile_delta

2026-07-24 22:06:04,744 INFO image_rx_daemon: published frame_id=0 185 B ΓåÆ lifetrac/v25/video/tile_delta

2026-07-24 22:06:05,737 INFO image_rx_daemon: published frame_id=0 179 B ΓåÆ lifetrac/v25/video/tile_delta

2026-07-24 22:06:05,956 INFO image_rx_daemon: published frame_id=0 209 B ΓåÆ lifetrac/v25/video/tile_delta

2026-07-24 22:06:06,090 INFO image_rx_daemon: stats: rx_frames=119 rx_decode_err=0 frames_published=86 publish_err=0 reassembler_decode_err=0 reassembler_timeouts=0

2026-07-24 22:06:06,978 INFO image_rx_daemon: published frame_id=0 229 B ΓåÆ lifetrac/v25/video/tile_delta

2026-07-24 22:06:07,966 INFO image_rx_daemon: published frame_id=0 223 B ΓåÆ lifetrac/v25/video/tile_delta

2026-07-24 22:06:08,260 INFO image_rx_daemon: published frame_id=0 261 B ΓåÆ lifetrac/v25/video/tile_delta

2026-07-24 22:06:09,424 INFO image_rx_daemon: published frame_id=0 229 B ΓåÆ lifetrac/v25/video/tile_delta

2026-07-24 22:06:10,429 INFO image_rx_daemon: published frame_id=0 233 B ΓåÆ lifetrac/v25/video/tile_delta

2026-07-24 22:06:10,865 INFO image_rx_daemon: published frame_id=0 219 B ΓåÆ lifetrac/v25/video/tile_delta

2026-07-24 22:06:11,621 INFO image_rx_daemon: published frame_id=0 187 B ΓåÆ lifetrac/v25/video/tile_delta

2026-07-24 22:06:12,010 INFO image_rx_daemon: published frame_id=0 177 B ΓåÆ lifetrac/v25/video/tile_delta

2026-07-24 22:06:12,787 INFO image_rx_daemon: published frame_id=0 167 B ΓåÆ lifetrac/v25/video/tile_delta

2026-07-24 22:06:13,283 INFO image_rx_daemon: published frame_id=0 262 B ΓåÆ lifetrac/v25/video/tile_delta

