2026-07-25 02:41:49,597 INFO image_rx_daemon: opening L072 HostLink on /dev/ttymxc3 @ 921600

2026-07-25 02:41:49,600 INFO image_rx_daemon: image_rx_daemon started; mqtt=127.0.0.1:1883 uart=/dev/ttymxc3

2026-07-25 02:41:49,605 INFO image_rx_daemon: MQTT connected; ready to publish lifetrac/v25/video/tile_delta

2026-07-25 02:41:49,609 INFO image_rx_daemon: LIFETRAC_SKIP_RESET_REQ=1 ΓÇö relying on external NRST; draining boot chatter only

2026-07-25 02:41:50,043 INFO image_rx_daemon: L072 VER warm-up ok (attempt 1)

Initializing regulatory profile 0 on co-processor...

  FHSS mask: single channel 0 (0100000000000000)

CFG_SET_REQ(FHSS_CHANNEL_MASK) OK: 07000800

CFG_SET_REQ(ANTENNA_GAIN_DBI) OK: 15000100

CFG_SET_REQ(HW_CEILING_DBM) OK: 16000100

CFG_SET_REQ(REG_PROFILE=0) OK: 14000100

  forcing FRF -> 915.000 MHz (raw=0xE4C000 -> Msb=0xE4 Mid=0xC0 Lsb=0x00)

  FRF readback: 0xE4C000 = 915.000 MHz (OK)

PHY contract OK: image_bw250 == {'sf': 7, 'bw_khz': 250, 'cr_den': 5, 'preamble': 8}

2026-07-25 02:41:50,539 INFO image_rx_daemon: SX1276 RXCONT autowake: opmode 0x81 -> 0x85

2026-07-25 02:41:50,540 INFO image_rx_daemon: RX worker ready; draining RX_FRAME_URC...

2026-07-25 02:41:50,600 INFO image_rx_daemon: stats: rx_frames=0 rx_decode_err=0 frames_published=0 publish_err=0 reassembler_decode_err=0 reassembler_timeouts=0

2026-07-25 02:41:53,884 INFO image_rx_daemon: published frame_id=0 252 B ΓåÆ lifetrac/v25/video/tile_delta

2026-07-25 02:41:55,081 INFO image_rx_daemon: published frame_id=0 246 B ΓåÆ lifetrac/v25/video/tile_delta

2026-07-25 02:41:56,277 INFO image_rx_daemon: published frame_id=0 250 B ΓåÆ lifetrac/v25/video/tile_delta

2026-07-25 02:41:57,472 INFO image_rx_daemon: published frame_id=0 242 B ΓåÆ lifetrac/v25/video/tile_delta

2026-07-25 02:41:58,669 INFO image_rx_daemon: published frame_id=0 244 B ΓåÆ lifetrac/v25/video/tile_delta

2026-07-25 02:41:59,869 INFO image_rx_daemon: published frame_id=0 242 B ΓåÆ lifetrac/v25/video/tile_delta

2026-07-25 02:42:00,604 INFO image_rx_daemon: stats: rx_frames=12 rx_decode_err=0 frames_published=6 publish_err=0 reassembler_decode_err=0 reassembler_timeouts=0

2026-07-25 02:42:01,080 INFO image_rx_daemon: published frame_id=0 262 B ΓåÆ lifetrac/v25/video/tile_delta

2026-07-25 02:42:01,226 INFO image_rx_daemon: published frame_id=0 129 B ΓåÆ lifetrac/v25/video/tile_delta

2026-07-25 02:42:02,149 INFO image_rx_daemon: published frame_id=0 131 B ΓåÆ lifetrac/v25/video/tile_delta

2026-07-25 02:42:02,283 INFO image_rx_daemon: published frame_id=0 127 B ΓåÆ lifetrac/v25/video/tile_delta

2026-07-25 02:42:02,418 INFO image_rx_daemon: published frame_id=0 127 B ΓåÆ lifetrac/v25/video/tile_delta

2026-07-25 02:42:03,278 INFO image_rx_daemon: published frame_id=0 127 B ΓåÆ lifetrac/v25/video/tile_delta

2026-07-25 02:42:03,411 INFO image_rx_daemon: published frame_id=0 129 B ΓåÆ lifetrac/v25/video/tile_delta

2026-07-25 02:42:03,556 INFO image_rx_daemon: published frame_id=0 127 B ΓåÆ lifetrac/v25/video/tile_delta

2026-07-25 02:42:04,401 INFO image_rx_daemon: published frame_id=0 115 B ΓåÆ lifetrac/v25/video/tile_delta

2026-07-25 02:42:04,545 INFO image_rx_daemon: published frame_id=0 117 B ΓåÆ lifetrac/v25/video/tile_delta

2026-07-25 02:42:04,690 INFO image_rx_daemon: published frame_id=0 129 B ΓåÆ lifetrac/v25/video/tile_delta

2026-07-25 02:42:05,537 INFO image_rx_daemon: published frame_id=0 125 B ΓåÆ lifetrac/v25/video/tile_delta

2026-07-25 02:42:05,705 INFO image_rx_daemon: published frame_id=0 155 B ΓåÆ lifetrac/v25/video/tile_delta

2026-07-25 02:42:06,708 INFO image_rx_daemon: published frame_id=0 163 B ΓåÆ lifetrac/v25/video/tile_delta

2026-07-25 02:42:06,895 INFO image_rx_daemon: published frame_id=0 179 B ΓåÆ lifetrac/v25/video/tile_delta

2026-07-25 02:42:07,892 INFO image_rx_daemon: published frame_id=0 183 B ΓåÆ lifetrac/v25/video/tile_delta

2026-07-25 02:42:08,140 INFO image_rx_daemon: published frame_id=0 229 B ΓåÆ lifetrac/v25/video/tile_delta

2026-07-25 02:42:09,143 INFO image_rx_daemon: published frame_id=0 233 B ΓåÆ lifetrac/v25/video/tile_delta

2026-07-25 02:42:10,366 INFO image_rx_daemon: published frame_id=0 275 B ΓåÆ lifetrac/v25/video/tile_delta

2026-07-25 02:42:10,608 INFO image_rx_daemon: stats: rx_frames=35 rx_decode_err=0 frames_published=25 publish_err=0 reassembler_decode_err=0 reassembler_timeouts=0

2026-07-25 02:42:11,556 INFO image_rx_daemon: published frame_id=0 261 B ΓåÆ lifetrac/v25/video/tile_delta

2026-07-25 02:42:12,718 INFO image_rx_daemon: published frame_id=0 223 B ΓåÆ lifetrac/v25/video/tile_delta

2026-07-25 02:42:12,917 INFO image_rx_daemon: published frame_id=0 181 B ΓåÆ lifetrac/v25/video/tile_delta

2026-07-25 02:42:13,862 INFO image_rx_daemon: published frame_id=0 189 B ΓåÆ lifetrac/v25/video/tile_delta

2026-07-25 02:42:14,080 INFO image_rx_daemon: published frame_id=0 173 B ΓåÆ lifetrac/v25/video/tile_delta

2026-07-25 02:42:15,037 INFO image_rx_daemon: published frame_id=0 163 B ΓåÆ lifetrac/v25/video/tile_delta

2026-07-25 02:42:15,358 INFO image_rx_daemon: published frame_id=0 256 B ΓåÆ lifetrac/v25/video/tile_delta

2026-07-25 02:42:16,542 INFO image_rx_daemon: published frame_id=0 244 B ΓåÆ lifetrac/v25/video/tile_delta

2026-07-25 02:42:17,727 INFO image_rx_daemon: published frame_id=0 230 B ΓåÆ lifetrac/v25/video/tile_delta

2026-07-25 02:42:18,745 INFO image_rx_daemon: published frame_id=0 244 B ΓåÆ lifetrac/v25/video/tile_delta

2026-07-25 02:42:19,184 INFO image_rx_daemon: published frame_id=0 238 B ΓåÆ lifetrac/v25/video/tile_delta

2026-07-25 02:42:20,388 INFO image_rx_daemon: published frame_id=0 238 B ΓåÆ lifetrac/v25/video/tile_delta

2026-07-25 02:42:20,612 INFO image_rx_daemon: stats: rx_frames=55 rx_decode_err=0 frames_published=37 publish_err=0 reassembler_decode_err=0 reassembler_timeouts=0

2026-07-25 02:42:21,585 INFO image_rx_daemon: published frame_id=0 240 B ΓåÆ lifetrac/v25/video/tile_delta

2026-07-25 02:42:22,807 INFO image_rx_daemon: published frame_id=0 268 B ΓåÆ lifetrac/v25/video/tile_delta

2026-07-25 02:42:22,935 INFO image_rx_daemon: published frame_id=0 115 B ΓåÆ lifetrac/v25/video/tile_delta

2026-07-25 02:42:23,869 INFO image_rx_daemon: published frame_id=0 135 B ΓåÆ lifetrac/v25/video/tile_delta

2026-07-25 02:42:24,009 INFO image_rx_daemon: published frame_id=0 129 B ΓåÆ lifetrac/v25/video/tile_delta

2026-07-25 02:42:24,153 INFO image_rx_daemon: published frame_id=0 131 B ΓåÆ lifetrac/v25/video/tile_delta

2026-07-25 02:42:25,011 INFO image_rx_daemon: published frame_id=0 129 B ΓåÆ lifetrac/v25/video/tile_delta

2026-07-25 02:42:25,157 INFO image_rx_daemon: published frame_id=0 135 B ΓåÆ lifetrac/v25/video/tile_delta

2026-07-25 02:42:25,304 INFO image_rx_daemon: published frame_id=0 131 B ΓåÆ lifetrac/v25/video/tile_delta

2026-07-25 02:42:26,155 INFO image_rx_daemon: published frame_id=0 133 B ΓåÆ lifetrac/v25/video/tile_delta

2026-07-25 02:42:26,301 INFO image_rx_daemon: published frame_id=0 135 B ΓåÆ lifetrac/v25/video/tile_delta

2026-07-25 02:42:26,467 INFO image_rx_daemon: published frame_id=0 151 B ΓåÆ lifetrac/v25/video/tile_delta

2026-07-25 02:42:27,467 INFO image_rx_daemon: published frame_id=0 155 B ΓåÆ lifetrac/v25/video/tile_delta

2026-07-25 02:42:27,635 INFO image_rx_daemon: published frame_id=0 175 B ΓåÆ lifetrac/v25/video/tile_delta

2026-07-25 02:42:28,658 INFO image_rx_daemon: published frame_id=0 193 B ΓåÆ lifetrac/v25/video/tile_delta

2026-07-25 02:42:28,879 INFO image_rx_daemon: published frame_id=0 213 B ΓåÆ lifetrac/v25/video/tile_delta

2026-07-25 02:42:29,878 INFO image_rx_daemon: published frame_id=0 211 B ΓåÆ lifetrac/v25/video/tile_delta

2026-07-25 02:42:30,617 INFO image_rx_daemon: stats: rx_frames=77 rx_decode_err=0 frames_published=54 publish_err=0 reassembler_decode_err=0 reassembler_timeouts=0

2026-07-25 02:42:30,927 INFO image_rx_daemon: published frame_id=0 267 B ΓåÆ lifetrac/v25/video/tile_delta

2026-07-25 02:42:31,370 INFO image_rx_daemon: published frame_id=0 265 B ΓåÆ lifetrac/v25/video/tile_delta

2026-07-25 02:42:32,580 INFO image_rx_daemon: published frame_id=0 273 B ΓåÆ lifetrac/v25/video/tile_delta

2026-07-25 02:42:33,762 INFO image_rx_daemon: published frame_id=0 265 B ΓåÆ lifetrac/v25/video/tile_delta

2026-07-25 02:42:34,938 INFO image_rx_daemon: published frame_id=0 241 B ΓåÆ lifetrac/v25/video/tile_delta

2026-07-25 02:42:36,082 INFO image_rx_daemon: published frame_id=0 197 B ΓåÆ lifetrac/v25/video/tile_delta

2026-07-25 02:42:36,242 INFO image_rx_daemon: published frame_id=0 163 B ΓåÆ lifetrac/v25/video/tile_delta

2026-07-25 02:42:37,237 INFO image_rx_daemon: published frame_id=0 159 B ΓåÆ lifetrac/v25/video/tile_delta

2026-07-25 02:42:37,506 INFO image_rx_daemon: published frame_id=0 244 B ΓåÆ lifetrac/v25/video/tile_delta

2026-07-25 02:42:38,702 INFO image_rx_daemon: published frame_id=0 246 B ΓåÆ lifetrac/v25/video/tile_delta

2026-07-25 02:42:39,902 INFO image_rx_daemon: published frame_id=0 244 B ΓåÆ lifetrac/v25/video/tile_delta

2026-07-25 02:42:40,623 INFO image_rx_daemon: stats: rx_frames=95 rx_decode_err=0 frames_published=65 publish_err=0 reassembler_decode_err=0 reassembler_timeouts=0

2026-07-25 02:42:41,098 INFO image_rx_daemon: published frame_id=0 240 B ΓåÆ lifetrac/v25/video/tile_delta

2026-07-25 02:42:42,297 INFO image_rx_daemon: published frame_id=0 244 B ΓåÆ lifetrac/v25/video/tile_delta

2026-07-25 02:42:43,496 INFO image_rx_daemon: published frame_id=0 256 B ΓåÆ lifetrac/v25/video/tile_delta

2026-07-25 02:42:43,651 INFO image_rx_daemon: published frame_id=0 131 B ΓåÆ lifetrac/v25/video/tile_delta

2026-07-25 02:42:44,571 INFO image_rx_daemon: published frame_id=0 129 B ΓåÆ lifetrac/v25/video/tile_delta

2026-07-25 02:42:44,707 INFO image_rx_daemon: published frame_id=0 127 B ΓåÆ lifetrac/v25/video/tile_delta

2026-07-25 02:42:44,847 INFO image_rx_daemon: published frame_id=0 129 B ΓåÆ lifetrac/v25/video/tile_delta

2026-07-25 02:42:45,702 INFO image_rx_daemon: published frame_id=0 127 B ΓåÆ lifetrac/v25/video/tile_delta

2026-07-25 02:42:45,842 INFO image_rx_daemon: published frame_id=0 127 B ΓåÆ lifetrac/v25/video/tile_delta

2026-07-25 02:42:45,980 INFO image_rx_daemon: published frame_id=0 127 B ΓåÆ lifetrac/v25/video/tile_delta

2026-07-25 02:42:46,848 INFO image_rx_daemon: published frame_id=0 129 B ΓåÆ lifetrac/v25/video/tile_delta

2026-07-25 02:42:46,967 INFO image_rx_daemon: published frame_id=0 115 B ΓåÆ lifetrac/v25/video/tile_delta

2026-07-25 02:42:47,108 INFO image_rx_daemon: published frame_id=0 117 B ΓåÆ lifetrac/v25/video/tile_delta

2026-07-25 02:42:47,977 INFO image_rx_daemon: published frame_id=0 129 B ΓåÆ lifetrac/v25/video/tile_delta

2026-07-25 02:42:49,143 INFO image_rx_daemon: published frame_id=0 155 B ΓåÆ lifetrac/v25/video/tile_delta

2026-07-25 02:42:49,327 INFO image_rx_daemon: published frame_id=0 185 B ΓåÆ lifetrac/v25/video/tile_delta

2026-07-25 02:42:50,326 INFO image_rx_daemon: published frame_id=0 179 B ΓåÆ lifetrac/v25/video/tile_delta

2026-07-25 02:42:50,547 INFO image_rx_daemon: published frame_id=0 209 B ΓåÆ lifetrac/v25/video/tile_delta

2026-07-25 02:42:50,628 INFO image_rx_daemon: stats: rx_frames=117 rx_decode_err=0 frames_published=83 publish_err=0 reassembler_decode_err=0 reassembler_timeouts=0

2026-07-25 02:42:51,572 INFO image_rx_daemon: published frame_id=0 229 B ΓåÆ lifetrac/v25/video/tile_delta

2026-07-25 02:42:52,546 INFO image_rx_daemon: published frame_id=0 223 B ΓåÆ lifetrac/v25/video/tile_delta

2026-07-25 02:42:52,848 INFO image_rx_daemon: published frame_id=0 261 B ΓåÆ lifetrac/v25/video/tile_delta

2026-07-25 02:42:54,018 INFO image_rx_daemon: published frame_id=0 229 B ΓåÆ lifetrac/v25/video/tile_delta

2026-07-25 02:42:55,017 INFO image_rx_daemon: published frame_id=0 233 B ΓåÆ lifetrac/v25/video/tile_delta

2026-07-25 02:42:55,461 INFO image_rx_daemon: published frame_id=0 219 B ΓåÆ lifetrac/v25/video/tile_delta

2026-07-25 02:42:56,208 INFO image_rx_daemon: published frame_id=0 187 B ΓåÆ lifetrac/v25/video/tile_delta

2026-07-25 02:42:56,598 INFO image_rx_daemon: published frame_id=0 177 B ΓåÆ lifetrac/v25/video/tile_delta

2026-07-25 02:42:57,385 INFO image_rx_daemon: published frame_id=0 167 B ΓåÆ lifetrac/v25/video/tile_delta

2026-07-25 02:42:57,873 INFO image_rx_daemon: published frame_id=0 262 B ΓåÆ lifetrac/v25/video/tile_delta

2026-07-25 02:42:59,060 INFO image_rx_daemon: published frame_id=0 248 B ΓåÆ lifetrac/v25/video/tile_delta

2026-07-25 02:43:00,250 INFO image_rx_daemon: published frame_id=0 236 B ΓåÆ lifetrac/v25/video/tile_delta

2026-07-25 02:43:00,631 INFO image_rx_daemon: stats: rx_frames=138 rx_decode_err=0 frames_published=95 publish_err=0 reassembler_decode_err=0 reassembler_timeouts=0

2026-07-25 02:43:01,435 INFO image_rx_daemon: published frame_id=0 224 B ΓåÆ lifetrac/v25/video/tile_delta

2026-07-25 02:43:02,442 INFO image_rx_daemon: published frame_id=0 236 B ΓåÆ lifetrac/v25/video/tile_delta

2026-07-25 02:43:02,900 INFO image_rx_daemon: published frame_id=0 240 B ΓåÆ lifetrac/v25/video/tile_delta

2026-07-25 02:43:04,112 INFO image_rx_daemon: published frame_id=0 242 B ΓåÆ lifetrac/v25/video/tile_delta

2026-07-25 02:43:04,242 INFO image_rx_daemon: published frame_id=0 125 B ΓåÆ lifetrac/v25/video/tile_delta

2026-07-25 02:43:05,179 INFO image_rx_daemon: published frame_id=0 127 B ΓåÆ lifetrac/v25/video/tile_delta

2026-07-25 02:43:05,307 INFO image_rx_daemon: published frame_id=0 117 B ΓåÆ lifetrac/v25/video/tile_delta

2026-07-25 02:43:05,432 INFO image_rx_daemon: published frame_id=0 117 B ΓåÆ lifetrac/v25/video/tile_delta

2026-07-25 02:43:06,305 INFO image_rx_daemon: published frame_id=0 115 B ΓåÆ lifetrac/v25/video/tile_delta

2026-07-25 02:43:06,441 INFO image_rx_daemon: published frame_id=0 129 B ΓåÆ lifetrac/v25/video/tile_delta

2026-07-25 02:43:06,576 INFO image_rx_daemon: published frame_id=0 129 B ΓåÆ lifetrac/v25/video/tile_delta

2026-07-25 02:43:07,440 INFO image_rx_daemon: published frame_id=0 131 B ΓåÆ lifetrac/v25/video/tile_delta

2026-07-25 02:43:07,584 INFO image_rx_daemon: published frame_id=0 131 B ΓåÆ lifetrac/v25/video/tile_delta

2026-07-25 02:43:07,719 INFO image_rx_daemon: published frame_id=0 135 B ΓåÆ lifetrac/v25/video/tile_delta

2026-07-25 02:43:08,583 INFO image_rx_daemon: published frame_id=0 131 B ΓåÆ lifetrac/v25/video/tile_delta

2026-07-25 02:43:08,717 INFO image_rx_daemon: published frame_id=0 133 B ΓåÆ lifetrac/v25/video/tile_delta

2026-07-25 02:43:08,861 INFO image_rx_daemon: published frame_id=0 135 B ΓåÆ lifetrac/v25/video/tile_delta

2026-07-25 02:43:09,719 INFO image_rx_daemon: published frame_id=0 135 B ΓåÆ lifetrac/v25/video/tile_delta

2026-07-25 02:43:10,042 INFO image_rx_daemon: published frame_id=0 175 B ΓåÆ lifetrac/v25/video/tile_delta

2026-07-25 02:43:10,635 INFO image_rx_daemon: stats: rx_frames=161 rx_decode_err=0 frames_published=114 publish_err=0 reassembler_decode_err=0 reassembler_timeouts=0

2026-07-25 02:43:10,901 INFO image_rx_daemon: published frame_id=0 177 B ΓåÆ lifetrac/v25/video/tile_delta

2026-07-25 02:43:11,280 INFO image_rx_daemon: published frame_id=0 207 B ΓåÆ lifetrac/v25/video/tile_delta

2026-07-25 02:43:12,286 INFO image_rx_daemon: published frame_id=0 213 B ΓåÆ lifetrac/v25/video/tile_delta

2026-07-25 02:43:13,179 INFO image_rx_daemon: published frame_id=0 267 B ΓåÆ lifetrac/v25/video/tile_delta

2026-07-25 02:43:13,765 INFO image_rx_daemon: published frame_id=0 261 B ΓåÆ lifetrac/v25/video/tile_delta

2026-07-25 02:43:14,962 INFO image_rx_daemon: published frame_id=0 265 B ΓåÆ lifetrac/v25/video/tile_delta

2026-07-25 02:43:16,162 INFO image_rx_daemon: published frame_id=0 263 B ΓåÆ lifetrac/v25/video/tile_delta

2026-07-25 02:43:17,339 INFO image_rx_daemon: published frame_id=0 241 B ΓåÆ lifetrac/v25/video/tile_delta

2026-07-25 02:43:18,478 INFO image_rx_daemon: published frame_id=0 197 B ΓåÆ lifetrac/v25/video/tile_delta

2026-07-25 02:43:18,657 INFO image_rx_daemon: published frame_id=0 173 B ΓåÆ lifetrac/v25/video/tile_delta

2026-07-25 02:43:19,655 INFO image_rx_daemon: published frame_id=0 163 B ΓåÆ lifetrac/v25/video/tile_delta

2026-07-25 02:43:19,920 INFO image_rx_daemon: published frame_id=0 246 B ΓåÆ lifetrac/v25/video/tile_delta

2026-07-25 02:43:20,639 INFO image_rx_daemon: stats: rx_frames=181 rx_decode_err=0 frames_published=126 publish_err=0 reassembler_decode_err=0 reassembler_timeouts=0

2026-07-25 02:43:21,116 INFO image_rx_daemon: published frame_id=0 244 B ΓåÆ lifetrac/v25/video/tile_delta

2026-07-25 02:43:22,316 INFO image_rx_daemon: published frame_id=0 244 B ΓåÆ lifetrac/v25/video/tile_delta

2026-07-25 02:43:23,513 INFO image_rx_daemon: published frame_id=0 242 B ΓåÆ lifetrac/v25/video/tile_delta

2026-07-25 02:43:24,712 INFO image_rx_daemon: published frame_id=0 244 B ΓåÆ lifetrac/v25/video/tile_delta

2026-07-25 02:43:25,902 INFO image_rx_daemon: published frame_id=0 240 B ΓåÆ lifetrac/v25/video/tile_delta

2026-07-25 02:43:26,051 INFO image_rx_daemon: published frame_id=0 131 B ΓåÆ lifetrac/v25/video/tile_delta

2026-07-25 02:43:26,987 INFO image_rx_daemon: published frame_id=0 131 B ΓåÆ lifetrac/v25/video/tile_delta

2026-07-25 02:43:27,122 INFO image_rx_daemon: published frame_id=0 129 B ΓåÆ lifetrac/v25/video/tile_delta

2026-07-25 02:43:27,257 INFO image_rx_daemon: published frame_id=0 127 B ΓåÆ lifetrac/v25/video/tile_delta

2026-07-25 02:43:28,117 INFO image_rx_daemon: published frame_id=0 129 B ΓåÆ lifetrac/v25/video/tile_delta

2026-07-25 02:43:28,272 INFO image_rx_daemon: published frame_id=0 127 B ΓåÆ lifetrac/v25/video/tile_delta

2026-07-25 02:43:28,396 INFO image_rx_daemon: published frame_id=0 127 B ΓåÆ lifetrac/v25/video/tile_delta

2026-07-25 02:43:29,253 INFO image_rx_daemon: published frame_id=0 127 B ΓåÆ lifetrac/v25/video/tile_delta

2026-07-25 02:43:29,409 INFO image_rx_daemon: published frame_id=0 137 B ΓåÆ lifetrac/v25/video/tile_delta

2026-07-25 02:43:29,545 INFO image_rx_daemon: published frame_id=0 127 B ΓåÆ lifetrac/v25/video/tile_delta

2026-07-25 02:43:30,376 INFO image_rx_daemon: published frame_id=0 115 B ΓåÆ lifetrac/v25/video/tile_delta

2026-07-25 02:43:30,559 INFO image_rx_daemon: published frame_id=0 141 B ΓåÆ lifetrac/v25/video/tile_delta

2026-07-25 02:43:30,643 INFO image_rx_daemon: stats: rx_frames=203 rx_decode_err=0 frames_published=143 publish_err=0 reassembler_decode_err=0 reassembler_timeouts=0

2026-07-25 02:43:30,715 INFO image_rx_daemon: published frame_id=0 151 B ΓåÆ lifetrac/v25/video/tile_delta

2026-07-25 02:43:31,711 INFO image_rx_daemon: published frame_id=0 149 B ΓåÆ lifetrac/v25/video/tile_delta

2026-07-25 02:43:31,890 INFO image_rx_daemon: published frame_id=0 175 B ΓåÆ lifetrac/v25/video/tile_delta

2026-07-25 02:43:32,899 INFO image_rx_daemon: published frame_id=0 185 B ΓåÆ lifetrac/v25/video/tile_delta

2026-07-25 02:43:33,076 INFO image_rx_daemon: published frame_id=0 185 B ΓåÆ lifetrac/v25/video/tile_delta

2026-07-25 02:43:34,115 INFO image_rx_daemon: published frame_id=0 209 B ΓåÆ lifetrac/v25/video/tile_delta

2026-07-25 02:43:35,128 INFO image_rx_daemon: published frame_id=0 225 B ΓåÆ lifetrac/v25/video/tile_delta

2026-07-25 02:43:35,411 INFO image_rx_daemon: published frame_id=0 259 B ΓåÆ lifetrac/v25/video/tile_delta

2026-07-25 02:43:36,600 INFO image_rx_daemon: published frame_id=0 247 B ΓåÆ lifetrac/v25/video/tile_delta

2026-07-25 02:43:37,796 INFO image_rx_daemon: published frame_id=0 247 B ΓåÆ lifetrac/v25/video/tile_delta

2026-07-25 02:43:38,940 INFO image_rx_daemon: published frame_id=0 201 B ΓåÆ lifetrac/v25/video/tile_delta

2026-07-25 02:43:39,127 INFO image_rx_daemon: published frame_id=0 183 B ΓåÆ lifetrac/v25/video/tile_delta

2026-07-25 02:43:40,114 INFO image_rx_daemon: published frame_id=0 169 B ΓåÆ lifetrac/v25/video/tile_delta

2026-07-25 02:43:40,387 INFO image_rx_daemon: published frame_id=0 262 B ΓåÆ lifetrac/v25/video/tile_delta

2026-07-25 02:43:40,647 INFO image_rx_daemon: stats: rx_frames=223 rx_decode_err=0 frames_published=157 publish_err=0 reassembler_decode_err=0 reassembler_timeouts=0

2026-07-25 02:43:41,582 INFO image_rx_daemon: published frame_id=0 256 B ΓåÆ lifetrac/v25/video/tile_delta

2026-07-25 02:43:42,762 INFO image_rx_daemon: published frame_id=0 238 B ΓåÆ lifetrac/v25/video/tile_delta

2026-07-25 02:43:43,941 INFO image_rx_daemon: published frame_id=0 224 B ΓåÆ lifetrac/v25/video/tile_delta

2026-07-25 02:43:44,957 INFO image_rx_daemon: published frame_id=0 238 B ΓåÆ lifetrac/v25/video/tile_delta

2026-07-25 02:43:45,417 INFO image_rx_daemon: published frame_id=0 242 B ΓåÆ lifetrac/v25/video/tile_delta

2026-07-25 02:43:46,610 INFO image_rx_daemon: published frame_id=0 242 B ΓåÆ lifetrac/v25/video/tile_delta

2026-07-25 02:43:46,754 INFO image_rx_daemon: published frame_id=0 127 B ΓåÆ lifetrac/v25/video/tile_delta

2026-07-25 02:43:47,834 INFO image_rx_daemon: published frame_id=0 268 B ΓåÆ lifetrac/v25/video/tile_delta

2026-07-25 02:43:47,963 INFO image_rx_daemon: published frame_id=0 117 B ΓåÆ lifetrac/v25/video/tile_delta

2026-07-25 02:43:48,879 INFO image_rx_daemon: published frame_id=0 117 B ΓåÆ lifetrac/v25/video/tile_delta

2026-07-25 02:43:49,019 INFO image_rx_daemon: published frame_id=0 129 B ΓåÆ lifetrac/v25/video/tile_delta

2026-07-25 02:43:49,159 INFO image_rx_daemon: published frame_id=0 129 B ΓåÆ lifetrac/v25/video/tile_delta

2026-07-25 02:43:50,016 INFO image_rx_daemon: published frame_id=0 129 B ΓåÆ lifetrac/v25/video/tile_delta

2026-07-25 02:43:50,161 INFO image_rx_daemon: published frame_id=0 133 B ΓåÆ lifetrac/v25/video/tile_delta

2026-07-25 02:43:50,299 INFO image_rx_daemon: published frame_id=0 131 B ΓåÆ lifetrac/v25/video/tile_delta

2026-07-25 02:43:50,651 INFO image_rx_daemon: stats: rx_frames=245 rx_decode_err=0 frames_published=172 publish_err=0 reassembler_decode_err=0 reassembler_timeouts=0

2026-07-25 02:43:51,158 INFO image_rx_daemon: published frame_id=0 135 B ΓåÆ lifetrac/v25/video/tile_delta

2026-07-25 02:43:51,303 INFO image_rx_daemon: published frame_id=0 133 B ΓåÆ lifetrac/v25/video/tile_delta

2026-07-25 02:43:51,443 INFO image_rx_daemon: published frame_id=0 135 B ΓåÆ lifetrac/v25/video/tile_delta

2026-07-25 02:43:52,305 INFO image_rx_daemon: published frame_id=0 135 B ΓåÆ lifetrac/v25/video/tile_delta

2026-07-25 02:43:52,621 INFO image_rx_daemon: published frame_id=0 175 B ΓåÆ lifetrac/v25/video/tile_delta

2026-07-25 02:43:53,489 INFO image_rx_daemon: published frame_id=0 177 B ΓåÆ lifetrac/v25/video/tile_delta

2026-07-25 02:43:53,830 INFO image_rx_daemon: published frame_id=0 201 B ΓåÆ lifetrac/v25/video/tile_delta

2026-07-25 02:43:54,721 INFO image_rx_daemon: published frame_id=0 225 B ΓåÆ lifetrac/v25/video/tile_delta

2026-07-25 02:43:55,751 INFO image_rx_daemon: published frame_id=0 255 B ΓåÆ lifetrac/v25/video/tile_delta

2026-07-25 02:43:56,292 INFO image_rx_daemon: published frame_id=0 265 B ΓåÆ lifetrac/v25/video/tile_delta

2026-07-25 02:43:57,496 INFO image_rx_daemon: published frame_id=0 265 B ΓåÆ lifetrac/v25/video/tile_delta

