2026-07-25 02:41:49,341 INFO image_tx_daemon: opening L072 HostLink on /dev/ttymxc3 @ 921600

2026-07-25 02:41:49,350 INFO image_tx_daemon: image_tx_daemon started; mqtt=192.168.1.79:1883 uart=/dev/ttymxc3

2026-07-25 02:41:49,355 INFO image_tx_daemon: MQTT connected; subscribing to lifetrac/v25/cmd/image_frame

2026-07-25 02:41:49,357 INFO image_tx_daemon: LIFETRAC_SKIP_RESET_REQ=1 ΓÇö relying on external NRST; draining boot chatter only

INFO: post-VER drain queued type=0xF1 seq=0

INFO: post-VER drain queued type=0xC1 seq=0

INFO: post-VER drain queued type=0xF1 seq=0

INFO: post-VER drain queued type=0xC1 seq=0

Initializing regulatory profile 0 on co-processor...

  FHSS mask: single channel 0 (0100000000000000)

CFG_SET_REQ(FHSS_CHANNEL_MASK) OK: 07000800

CFG_SET_REQ(ANTENNA_GAIN_DBI) OK: 15000100

CFG_SET_REQ(HW_CEILING_DBM) OK: 16000100

CFG_SET_REQ(REG_PROFILE=0) OK: 14000100

  forcing FRF -> 915.000 MHz (raw=0xE4C000 -> Msb=0xE4 Mid=0xC0 Lsb=0x00)

  FRF readback: 0xE4C000 = 915.000 MHz (OK)

PHY contract OK: image_bw250 == {'sf': 7, 'bw_khz': 250, 'cr_den': 5, 'preamble': 8}

2026-07-25 02:41:50,220 INFO image_tx_daemon: LBT_ENABLE=0 (matches W1-10b TX_BURST rationale)

2026-07-25 02:41:50,220 INFO image_tx_daemon: TX worker ready (inter_cycle_s=0.050, max 8 frags/dwell)

2026-07-25 02:41:50,350 INFO image_tx_daemon: stats: goodput=0.0 B/s util=0% pipeline=v2 frames_in=0 ok=0 fail=0 drop_full=0 drop_stale=0 frags_ok=0 frags_fail=0 qdepth=0

INFO: unrelated frame during TX wait type=0xC0

RFCO_PERTX during TX wait: profile_id=0 tx_status=0x00(OK) hop_idx=0 channel_idx=0 epoch=0 freq_hz=0 pkt_toa_us=169088 legal_dwell_used_us_10s=0

INFO: unrelated frame during TX wait type=0xC0

RFCO_PERTX during TX wait: profile_id=0 tx_status=0x00(OK) hop_idx=0 channel_idx=0 epoch=0 freq_hz=0 pkt_toa_us=56448 legal_dwell_used_us_10s=0

2026-07-25 02:41:53,880 INFO image_tx_daemon: frame seq=1 done: 2 fragments ok

INFO: unrelated frame during TX wait type=0xC0

RFCO_PERTX during TX wait: profile_id=0 tx_status=0x00(OK) hop_idx=0 channel_idx=0 epoch=0 freq_hz=0 pkt_toa_us=169088 legal_dwell_used_us_10s=0

INFO: unrelated frame during TX wait type=0xC0

RFCO_PERTX during TX wait: profile_id=0 tx_status=0x00(OK) hop_idx=0 channel_idx=0 epoch=0 freq_hz=0 pkt_toa_us=53888 legal_dwell_used_us_10s=0

2026-07-25 02:41:55,068 INFO image_tx_daemon: frame seq=2 done: 2 fragments ok

INFO: unrelated frame during TX wait type=0xC0

RFCO_PERTX during TX wait: profile_id=0 tx_status=0x00(OK) hop_idx=0 channel_idx=0 epoch=0 freq_hz=0 pkt_toa_us=169088 legal_dwell_used_us_10s=0

INFO: unrelated frame during TX wait type=0xC0

RFCO_PERTX during TX wait: profile_id=0 tx_status=0x00(OK) hop_idx=0 channel_idx=0 epoch=0 freq_hz=0 pkt_toa_us=56448 legal_dwell_used_us_10s=0

2026-07-25 02:41:56,277 INFO image_tx_daemon: frame seq=7 done: 2 fragments ok

INFO: unrelated frame during TX wait type=0xC0

RFCO_PERTX during TX wait: profile_id=0 tx_status=0x00(OK) hop_idx=0 channel_idx=0 epoch=0 freq_hz=0 pkt_toa_us=169088 legal_dwell_used_us_10s=0

INFO: unrelated frame during TX wait type=0xC0

RFCO_PERTX during TX wait: profile_id=0 tx_status=0x00(OK) hop_idx=0 channel_idx=0 epoch=0 freq_hz=0 pkt_toa_us=51328 legal_dwell_used_us_10s=0

2026-07-25 02:41:57,464 INFO image_tx_daemon: frame seq=14 done: 2 fragments ok

INFO: unrelated frame during TX wait type=0xC0

RFCO_PERTX during TX wait: profile_id=0 tx_status=0x00(OK) hop_idx=0 channel_idx=0 epoch=0 freq_hz=0 pkt_toa_us=169088 legal_dwell_used_us_10s=0

INFO: unrelated frame during TX wait type=0xC0

RFCO_PERTX during TX wait: profile_id=0 tx_status=0x00(OK) hop_idx=0 channel_idx=0 epoch=0 freq_hz=0 pkt_toa_us=51328 legal_dwell_used_us_10s=0

2026-07-25 02:41:58,662 INFO image_tx_daemon: frame seq=21 done: 2 fragments ok

INFO: unrelated frame during TX wait type=0xC0

RFCO_PERTX during TX wait: profile_id=0 tx_status=0x00(OK) hop_idx=0 channel_idx=0 epoch=0 freq_hz=0 pkt_toa_us=169088 legal_dwell_used_us_10s=0

INFO: unrelated frame during TX wait type=0xC0

RFCO_PERTX during TX wait: profile_id=0 tx_status=0x00(OK) hop_idx=0 channel_idx=0 epoch=0 freq_hz=0 pkt_toa_us=51328 legal_dwell_used_us_10s=0

2026-07-25 02:41:59,860 INFO image_tx_daemon: frame seq=28 done: 2 fragments ok

2026-07-25 02:42:00,361 INFO image_tx_daemon: stats: goodput=152.2 B/s util=13% pipeline=v2 frames_in=41 ok=6 fail=0 drop_full=30 drop_stale=0 frags_ok=12 frags_fail=0 qdepth=4

INFO: unrelated frame during TX wait type=0xC0

RFCO_PERTX during TX wait: profile_id=0 tx_status=0x00(OK) hop_idx=0 channel_idx=0 epoch=0 freq_hz=0 pkt_toa_us=169088 legal_dwell_used_us_10s=0

INFO: unrelated frame during TX wait type=0xC0

RFCO_PERTX during TX wait: profile_id=0 tx_status=0x00(OK) hop_idx=0 channel_idx=0 epoch=0 freq_hz=0 pkt_toa_us=64128 legal_dwell_used_us_10s=0

2026-07-25 02:42:01,080 INFO image_tx_daemon: frame seq=35 done: 2 fragments ok

INFO: unrelated frame during TX wait type=0xC0

RFCO_PERTX during TX wait: profile_id=0 tx_status=0x00(OK) hop_idx=0 channel_idx=0 epoch=0 freq_hz=0 pkt_toa_us=115328 legal_dwell_used_us_10s=0

2026-07-25 02:42:01,217 INFO image_tx_daemon: frame seq=42 done: 1 fragments ok

INFO: unrelated frame during TX wait type=0xC0

RFCO_PERTX during TX wait: profile_id=0 tx_status=0x00(OK) hop_idx=0 channel_idx=0 epoch=0 freq_hz=0 pkt_toa_us=117888 legal_dwell_used_us_10s=0

2026-07-25 02:42:02,132 INFO image_tx_daemon: frame seq=43 done: 1 fragments ok

INFO: unrelated frame during TX wait type=0xC0

RFCO_PERTX during TX wait: profile_id=0 tx_status=0x00(OK) hop_idx=0 channel_idx=0 epoch=0 freq_hz=0 pkt_toa_us=115328 legal_dwell_used_us_10s=0

2026-07-25 02:42:02,269 INFO image_tx_daemon: frame seq=49 done: 1 fragments ok

INFO: unrelated frame during TX wait type=0xC0

RFCO_PERTX during TX wait: profile_id=0 tx_status=0x00(OK) hop_idx=0 channel_idx=0 epoch=0 freq_hz=0 pkt_toa_us=115328 legal_dwell_used_us_10s=0

2026-07-25 02:42:02,406 INFO image_tx_daemon: frame seq=50 done: 1 fragments ok

INFO: unrelated frame during TX wait type=0xC0

RFCO_PERTX during TX wait: profile_id=0 tx_status=0x00(OK) hop_idx=0 channel_idx=0 epoch=0 freq_hz=0 pkt_toa_us=115328 legal_dwell_used_us_10s=0

2026-07-25 02:42:03,268 INFO image_tx_daemon: frame seq=51 done: 1 fragments ok

INFO: unrelated frame during TX wait type=0xC0

RFCO_PERTX during TX wait: profile_id=0 tx_status=0x00(OK) hop_idx=0 channel_idx=0 epoch=0 freq_hz=0 pkt_toa_us=115328 legal_dwell_used_us_10s=0

2026-07-25 02:42:03,405 INFO image_tx_daemon: frame seq=56 done: 1 fragments ok

INFO: unrelated frame during TX wait type=0xC0

RFCO_PERTX during TX wait: profile_id=0 tx_status=0x00(OK) hop_idx=0 channel_idx=0 epoch=0 freq_hz=0 pkt_toa_us=115328 legal_dwell_used_us_10s=0

2026-07-25 02:42:03,542 INFO image_tx_daemon: frame seq=57 done: 1 fragments ok

INFO: unrelated frame during TX wait type=0xC0

RFCO_PERTX during TX wait: profile_id=0 tx_status=0x00(OK) hop_idx=0 channel_idx=0 epoch=0 freq_hz=0 pkt_toa_us=105088 legal_dwell_used_us_10s=0

2026-07-25 02:42:04,393 INFO image_tx_daemon: frame seq=58 done: 1 fragments ok

INFO: unrelated frame during TX wait type=0xC0

RFCO_PERTX during TX wait: profile_id=0 tx_status=0x00(OK) hop_idx=0 channel_idx=0 epoch=0 freq_hz=0 pkt_toa_us=107648 legal_dwell_used_us_10s=0

2026-07-25 02:42:04,530 INFO image_tx_daemon: frame seq=62 done: 1 fragments ok

INFO: unrelated frame during TX wait type=0xC0

RFCO_PERTX during TX wait: profile_id=0 tx_status=0x00(OK) hop_idx=0 channel_idx=0 epoch=0 freq_hz=0 pkt_toa_us=115328 legal_dwell_used_us_10s=0

2026-07-25 02:42:04,677 INFO image_tx_daemon: frame seq=63 done: 1 fragments ok

INFO: unrelated frame during TX wait type=0xC0

RFCO_PERTX during TX wait: profile_id=0 tx_status=0x00(OK) hop_idx=0 channel_idx=0 epoch=0 freq_hz=0 pkt_toa_us=112768 legal_dwell_used_us_10s=0

2026-07-25 02:42:05,529 INFO image_tx_daemon: frame seq=64 done: 1 fragments ok

INFO: unrelated frame during TX wait type=0xC0

RFCO_PERTX during TX wait: profile_id=0 tx_status=0x00(OK) hop_idx=0 channel_idx=0 epoch=0 freq_hz=0 pkt_toa_us=135808 legal_dwell_used_us_10s=0

2026-07-25 02:42:05,687 INFO image_tx_daemon: frame seq=69 done: 1 fragments ok

INFO: unrelated frame during TX wait type=0xC0

RFCO_PERTX during TX wait: profile_id=0 tx_status=0x00(OK) hop_idx=0 channel_idx=0 epoch=0 freq_hz=0 pkt_toa_us=140928 legal_dwell_used_us_10s=0

2026-07-25 02:42:06,696 INFO image_tx_daemon: frame seq=70 done: 1 fragments ok

INFO: unrelated frame during TX wait type=0xC0

RFCO_PERTX during TX wait: profile_id=0 tx_status=0x00(OK) hop_idx=0 channel_idx=0 epoch=0 freq_hz=0 pkt_toa_us=153728 legal_dwell_used_us_10s=0

2026-07-25 02:42:06,875 INFO image_tx_daemon: frame seq=76 done: 1 fragments ok

INFO: unrelated frame during TX wait type=0xC0

RFCO_PERTX during TX wait: profile_id=0 tx_status=0x00(OK) hop_idx=0 channel_idx=0 epoch=0 freq_hz=0 pkt_toa_us=156288 legal_dwell_used_us_10s=0

2026-07-25 02:42:07,873 INFO image_tx_daemon: frame seq=77 done: 1 fragments ok

INFO: unrelated frame during TX wait type=0xC0

RFCO_PERTX during TX wait: profile_id=0 tx_status=0x00(OK) hop_idx=0 channel_idx=0 epoch=0 freq_hz=0 pkt_toa_us=169088 legal_dwell_used_us_10s=0

INFO: unrelated frame during TX wait type=0xC0

RFCO_PERTX during TX wait: profile_id=0 tx_status=0x00(OK) hop_idx=0 channel_idx=0 epoch=0 freq_hz=0 pkt_toa_us=41088 legal_dwell_used_us_10s=0

2026-07-25 02:42:08,131 INFO image_tx_daemon: frame seq=83 done: 2 fragments ok

INFO: unrelated frame during TX wait type=0xC0

RFCO_PERTX during TX wait: profile_id=0 tx_status=0x00(OK) hop_idx=0 channel_idx=0 epoch=0 freq_hz=0 pkt_toa_us=169088 legal_dwell_used_us_10s=0

2026-07-25 02:42:09,133 INFO image_tx_daemon: frame seq=85 done: 2 fragments ok

INFO: unrelated frame during TX wait type=0xC0

RFCO_PERTX during TX wait: profile_id=0 tx_status=0x00(OK) hop_idx=0 channel_idx=0 epoch=0 freq_hz=0 pkt_toa_us=43648 legal_dwell_used_us_10s=0

INFO: unrelated frame during TX wait type=0xC0

RFCO_PERTX during TX wait: profile_id=0 tx_status=0x00(OK) hop_idx=0 channel_idx=0 epoch=0 freq_hz=0 pkt_toa_us=169088 legal_dwell_used_us_10s=0

INFO: unrelated frame during TX wait type=0xC0

RFCO_PERTX during TX wait: profile_id=0 tx_status=0x00(OK) hop_idx=0 channel_idx=0 epoch=0 freq_hz=0 pkt_toa_us=74368 legal_dwell_used_us_10s=0

2026-07-25 02:42:10,365 INFO image_tx_daemon: frame seq=91 done: 2 fragments ok

2026-07-25 02:42:10,372 INFO image_tx_daemon: stats: goodput=315.1 B/s util=27% pipeline=v2 frames_in=101 ok=25 fail=0 drop_full=72 drop_stale=0 frags_ok=35 frags_fail=0 qdepth=3

INFO: unrelated frame during TX wait type=0xC0

RFCO_PERTX during TX wait: profile_id=0 tx_status=0x00(OK) hop_idx=0 channel_idx=0 epoch=0 freq_hz=0 pkt_toa_us=169088 legal_dwell_used_us_10s=0

INFO: unrelated frame during TX wait type=0xC0

RFCO_PERTX during TX wait: profile_id=0 tx_status=0x00(OK) hop_idx=0 channel_idx=0 epoch=0 freq_hz=0 pkt_toa_us=64128 legal_dwell_used_us_10s=0

2026-07-25 02:42:11,552 INFO image_tx_daemon: frame seq=98 done: 2 fragments ok

INFO: unrelated frame during TX wait type=0xC0

RFCO_PERTX during TX wait: profile_id=0 tx_status=0x00(OK) hop_idx=0 channel_idx=0 epoch=0 freq_hz=0 pkt_toa_us=169088 legal_dwell_used_us_10s=0

INFO: unrelated frame during TX wait type=0xC0

RFCO_PERTX during TX wait: profile_id=0 tx_status=0x00(OK) hop_idx=0 channel_idx=0 epoch=0 freq_hz=0 pkt_toa_us=35968 legal_dwell_used_us_10s=0

2026-07-25 02:42:12,719 INFO image_tx_daemon: frame seq=105 done: 2 fragments ok

INFO: unrelated frame during TX wait type=0xC0

RFCO_PERTX during TX wait: profile_id=0 tx_status=0x00(OK) hop_idx=0 channel_idx=0 epoch=0 freq_hz=0 pkt_toa_us=153728 legal_dwell_used_us_10s=0

2026-07-25 02:42:12,898 INFO image_tx_daemon: frame seq=112 done: 1 fragments ok

INFO: unrelated frame during TX wait type=0xC0

RFCO_PERTX during TX wait: profile_id=0 tx_status=0x00(OK) hop_idx=0 channel_idx=0 epoch=0 freq_hz=0 pkt_toa_us=158848 legal_dwell_used_us_10s=0

2026-07-25 02:42:13,854 INFO image_tx_daemon: frame seq=114 done: 1 fragments ok

INFO: unrelated frame during TX wait type=0xC0

RFCO_PERTX during TX wait: profile_id=0 tx_status=0x00(OK) hop_idx=0 channel_idx=0 epoch=0 freq_hz=0 pkt_toa_us=148608 legal_dwell_used_us_10s=0

2026-07-25 02:42:14,075 INFO image_tx_daemon: frame seq=119 done: 1 fragments ok

INFO: unrelated frame during TX wait type=0xC0

RFCO_PERTX during TX wait: profile_id=0 tx_status=0x00(OK) hop_idx=0 channel_idx=0 epoch=0 freq_hz=0 pkt_toa_us=140928 legal_dwell_used_us_10s=0

2026-07-25 02:42:15,021 INFO image_tx_daemon: frame seq=121 done: 1 fragments ok

INFO: unrelated frame during TX wait type=0xC0

RFCO_PERTX during TX wait: profile_id=0 tx_status=0x00(OK) hop_idx=0 channel_idx=0 epoch=0 freq_hz=0 pkt_toa_us=169088 legal_dwell_used_us_10s=0

INFO: unrelated frame during TX wait type=0xC0

RFCO_PERTX during TX wait: profile_id=0 tx_status=0x00(OK) hop_idx=0 channel_idx=0 epoch=0 freq_hz=0 pkt_toa_us=61568 legal_dwell_used_us_10s=0

2026-07-25 02:42:15,347 INFO image_tx_daemon: frame seq=126 done: 2 fragments ok

INFO: unrelated frame during TX wait type=0xC0

RFCO_PERTX during TX wait: profile_id=0 tx_status=0x00(OK) hop_idx=0 channel_idx=0 epoch=0 freq_hz=0 pkt_toa_us=169088 legal_dwell_used_us_10s=0

INFO: unrelated frame during TX wait type=0xC0

RFCO_PERTX during TX wait: profile_id=0 tx_status=0x00(OK) hop_idx=0 channel_idx=0 epoch=0 freq_hz=0 pkt_toa_us=51328 legal_dwell_used_us_10s=0

2026-07-25 02:42:16,538 INFO image_tx_daemon: frame seq=128 done: 2 fragments ok

INFO: unrelated frame during TX wait type=0xC0

RFCO_PERTX during TX wait: profile_id=0 tx_status=0x00(OK) hop_idx=0 channel_idx=0 epoch=0 freq_hz=0 pkt_toa_us=169088 legal_dwell_used_us_10s=0

INFO: unrelated frame during TX wait type=0xC0

RFCO_PERTX during TX wait: profile_id=0 tx_status=0x00(OK) hop_idx=0 channel_idx=0 epoch=0 freq_hz=0 pkt_toa_us=41088 legal_dwell_used_us_10s=0

2026-07-25 02:42:17,725 INFO image_tx_daemon: frame seq=135 done: 2 fragments ok

INFO: unrelated frame during TX wait type=0xC0

RFCO_PERTX during TX wait: profile_id=0 tx_status=0x00(OK) hop_idx=0 channel_idx=0 epoch=0 freq_hz=0 pkt_toa_us=169088 legal_dwell_used_us_10s=0

INFO: unrelated frame during TX wait type=0xC0

RFCO_PERTX during TX wait: profile_id=0 tx_status=0x00(OK) hop_idx=0 channel_idx=0 epoch=0 freq_hz=0 pkt_toa_us=51328 legal_dwell_used_us_10s=0

2026-07-25 02:42:18,736 INFO image_tx_daemon: frame seq=142 done: 2 fragments ok

INFO: unrelated frame during TX wait type=0xC0

RFCO_PERTX during TX wait: profile_id=0 tx_status=0x00(OK) hop_idx=0 channel_idx=0 epoch=0 freq_hz=0 pkt_toa_us=169088 legal_dwell_used_us_10s=0

INFO: unrelated frame during TX wait type=0xC0

RFCO_PERTX during TX wait: profile_id=0 tx_status=0x00(OK) hop_idx=0 channel_idx=0 epoch=0 freq_hz=0 pkt_toa_us=46208 legal_dwell_used_us_10s=0

2026-07-25 02:42:19,186 INFO image_tx_daemon: frame seq=148 done: 2 fragments ok

INFO: unrelated frame during TX wait type=0xC0

RFCO_PERTX during TX wait: profile_id=0 tx_status=0x00(OK) hop_idx=0 channel_idx=0 epoch=0 freq_hz=0 pkt_toa_us=169088 legal_dwell_used_us_10s=0

2026-07-25 02:42:20,382 INFO image_tx_daemon: stats: goodput=267.8 B/s util=23% pipeline=v2 frames_in=161 ok=36 fail=0 drop_full=120 drop_stale=0 frags_ok=54 frags_fail=0 qdepth=4

INFO: unrelated frame during TX wait type=0xC0

RFCO_PERTX during TX wait: profile_id=0 tx_status=0x00(OK) hop_idx=0 channel_idx=0 epoch=0 freq_hz=0 pkt_toa_us=46208 legal_dwell_used_us_10s=0

2026-07-25 02:42:20,385 INFO image_tx_daemon: frame seq=151 done: 2 fragments ok

INFO: unrelated frame during TX wait type=0xC0

RFCO_PERTX during TX wait: profile_id=0 tx_status=0x00(OK) hop_idx=0 channel_idx=0 epoch=0 freq_hz=0 pkt_toa_us=169088 legal_dwell_used_us_10s=0

INFO: unrelated frame during TX wait type=0xC0

RFCO_PERTX during TX wait: profile_id=0 tx_status=0x00(OK) hop_idx=0 channel_idx=0 epoch=0 freq_hz=0 pkt_toa_us=48768 legal_dwell_used_us_10s=0

2026-07-25 02:42:21,582 INFO image_tx_daemon: frame seq=158 done: 2 fragments ok

INFO: unrelated frame during TX wait type=0xC0

RFCO_PERTX during TX wait: profile_id=0 tx_status=0x00(OK) hop_idx=0 channel_idx=0 epoch=0 freq_hz=0 pkt_toa_us=169088 legal_dwell_used_us_10s=0

INFO: unrelated frame during TX wait type=0xC0

RFCO_PERTX during TX wait: profile_id=0 tx_status=0x00(OK) hop_idx=0 channel_idx=0 epoch=0 freq_hz=0 pkt_toa_us=69248 legal_dwell_used_us_10s=0

2026-07-25 02:42:22,800 INFO image_tx_daemon: frame seq=165 done: 2 fragments ok

INFO: unrelated frame during TX wait type=0xC0

RFCO_PERTX during TX wait: profile_id=0 tx_status=0x00(OK) hop_idx=0 channel_idx=0 epoch=0 freq_hz=0 pkt_toa_us=105088 legal_dwell_used_us_10s=0

2026-07-25 02:42:22,927 INFO image_tx_daemon: frame seq=173 done: 1 fragments ok

INFO: unrelated frame during TX wait type=0xC0

RFCO_PERTX during TX wait: profile_id=0 tx_status=0x00(OK) hop_idx=0 channel_idx=0 epoch=0 freq_hz=0 pkt_toa_us=120448 legal_dwell_used_us_10s=0

2026-07-25 02:42:23,862 INFO image_tx_daemon: frame seq=174 done: 1 fragments ok

INFO: unrelated frame during TX wait type=0xC0

RFCO_PERTX during TX wait: profile_id=0 tx_status=0x00(OK) hop_idx=0 channel_idx=0 epoch=0 freq_hz=0 pkt_toa_us=115328 legal_dwell_used_us_10s=0

2026-07-25 02:42:23,999 INFO image_tx_daemon: frame seq=179 done: 1 fragments ok

INFO: unrelated frame during TX wait type=0xC0

RFCO_PERTX during TX wait: profile_id=0 tx_status=0x00(OK) hop_idx=0 channel_idx=0 epoch=0 freq_hz=0 pkt_toa_us=117888 legal_dwell_used_us_10s=0

2026-07-25 02:42:24,137 INFO image_tx_daemon: frame seq=180 done: 1 fragments ok

INFO: unrelated frame during TX wait type=0xC0

RFCO_PERTX during TX wait: profile_id=0 tx_status=0x00(OK) hop_idx=0 channel_idx=0 epoch=0 freq_hz=0 pkt_toa_us=115328 legal_dwell_used_us_10s=0

2026-07-25 02:42:24,998 INFO image_tx_daemon: frame seq=181 done: 1 fragments ok

INFO: unrelated frame during TX wait type=0xC0

RFCO_PERTX during TX wait: profile_id=0 tx_status=0x00(OK) hop_idx=0 channel_idx=0 epoch=0 freq_hz=0 pkt_toa_us=120448 legal_dwell_used_us_10s=0

2026-07-25 02:42:25,146 INFO image_tx_daemon: frame seq=186 done: 1 fragments ok

INFO: unrelated frame during TX wait type=0xC0

RFCO_PERTX during TX wait: profile_id=0 tx_status=0x00(OK) hop_idx=0 channel_idx=0 epoch=0 freq_hz=0 pkt_toa_us=117888 legal_dwell_used_us_10s=0

2026-07-25 02:42:25,283 INFO image_tx_daemon: frame seq=187 done: 1 fragments ok

INFO: unrelated frame during TX wait type=0xC0

RFCO_PERTX during TX wait: profile_id=0 tx_status=0x00(OK) hop_idx=0 channel_idx=0 epoch=0 freq_hz=0 pkt_toa_us=117888 legal_dwell_used_us_10s=0

2026-07-25 02:42:26,135 INFO image_tx_daemon: frame seq=188 done: 1 fragments ok

INFO: unrelated frame during TX wait type=0xC0

RFCO_PERTX during TX wait: profile_id=0 tx_status=0x00(OK) hop_idx=0 channel_idx=0 epoch=0 freq_hz=0 pkt_toa_us=120448 legal_dwell_used_us_10s=0

2026-07-25 02:42:26,292 INFO image_tx_daemon: frame seq=193 done: 1 fragments ok

INFO: unrelated frame during TX wait type=0xC0

RFCO_PERTX during TX wait: profile_id=0 tx_status=0x00(OK) hop_idx=0 channel_idx=0 epoch=0 freq_hz=0 pkt_toa_us=133248 legal_dwell_used_us_10s=0

2026-07-25 02:42:26,450 INFO image_tx_daemon: frame seq=194 done: 1 fragments ok

INFO: unrelated frame during TX wait type=0xC0

RFCO_PERTX during TX wait: profile_id=0 tx_status=0x00(OK) hop_idx=0 channel_idx=0 epoch=0 freq_hz=0 pkt_toa_us=135808 legal_dwell_used_us_10s=0

2026-07-25 02:42:27,449 INFO image_tx_daemon: frame seq=195 done: 1 fragments ok

INFO: unrelated frame during TX wait type=0xC0

RFCO_PERTX during TX wait: profile_id=0 tx_status=0x00(OK) hop_idx=0 channel_idx=0 epoch=0 freq_hz=0 pkt_toa_us=148608 legal_dwell_used_us_10s=0

2026-07-25 02:42:27,627 INFO image_tx_daemon: frame seq=201 done: 1 fragments ok

INFO: unrelated frame during TX wait type=0xC0

RFCO_PERTX during TX wait: profile_id=0 tx_status=0x00(OK) hop_idx=0 channel_idx=0 epoch=0 freq_hz=0 pkt_toa_us=163968 legal_dwell_used_us_10s=0

2026-07-25 02:42:28,636 INFO image_tx_daemon: frame seq=202 done: 1 fragments ok

INFO: unrelated frame during TX wait type=0xC0

RFCO_PERTX during TX wait: profile_id=0 tx_status=0x00(OK) hop_idx=0 channel_idx=0 epoch=0 freq_hz=0 pkt_toa_us=169088 legal_dwell_used_us_10s=0

INFO: unrelated frame during TX wait type=0xC0

RFCO_PERTX during TX wait: profile_id=0 tx_status=0x00(OK) hop_idx=0 channel_idx=0 epoch=0 freq_hz=0 pkt_toa_us=28288 legal_dwell_used_us_10s=0

2026-07-25 02:42:28,878 INFO image_tx_daemon: frame seq=208 done: 2 fragments ok

INFO: unrelated frame during TX wait type=0xC0

RFCO_PERTX during TX wait: profile_id=0 tx_status=0x00(OK) hop_idx=0 channel_idx=0 epoch=0 freq_hz=0 pkt_toa_us=169088 legal_dwell_used_us_10s=0

INFO: unrelated frame during TX wait type=0xC0

RFCO_PERTX during TX wait: profile_id=0 tx_status=0x00(OK) hop_idx=0 channel_idx=0 epoch=0 freq_hz=0 pkt_toa_us=28288 legal_dwell_used_us_10s=0

2026-07-25 02:42:29,882 INFO image_tx_daemon: frame seq=209 done: 2 fragments ok

INFO: unrelated frame during TX wait type=0xC0

RFCO_PERTX during TX wait: profile_id=0 tx_status=0x00(OK) hop_idx=0 channel_idx=0 epoch=0 freq_hz=0 pkt_toa_us=169088 legal_dwell_used_us_10s=0

2026-07-25 02:42:30,395 INFO image_tx_daemon: stats: goodput=310.5 B/s util=27% pipeline=v2 frames_in=221 ok=54 fail=0 drop_full=162 drop_stale=0 frags_ok=77 frags_fail=0 qdepth=4

INFO: unrelated frame during TX wait type=0xC0

RFCO_PERTX during TX wait: profile_id=0 tx_status=0x00(OK) hop_idx=0 channel_idx=0 epoch=0 freq_hz=0 pkt_toa_us=69248 legal_dwell_used_us_10s=0

2026-07-25 02:42:30,923 INFO image_tx_daemon: frame seq=215 done: 2 fragments ok

INFO: unrelated frame during TX wait type=0xC0

RFCO_PERTX during TX wait: profile_id=0 tx_status=0x00(OK) hop_idx=0 channel_idx=0 epoch=0 freq_hz=0 pkt_toa_us=169088 legal_dwell_used_us_10s=0

INFO: unrelated frame during TX wait type=0xC0

RFCO_PERTX during TX wait: profile_id=0 tx_status=0x00(OK) hop_idx=0 channel_idx=0 epoch=0 freq_hz=0 pkt_toa_us=66688 legal_dwell_used_us_10s=0

2026-07-25 02:42:31,364 INFO image_tx_daemon: frame seq=222 done: 2 fragments ok

INFO: unrelated frame during TX wait type=0xC0

RFCO_PERTX during TX wait: profile_id=0 tx_status=0x00(OK) hop_idx=0 channel_idx=0 epoch=0 freq_hz=0 pkt_toa_us=169088 legal_dwell_used_us_10s=0

INFO: unrelated frame during TX wait type=0xC0

RFCO_PERTX during TX wait: profile_id=0 tx_status=0x00(OK) hop_idx=0 channel_idx=0 epoch=0 freq_hz=0 pkt_toa_us=71808 legal_dwell_used_us_10s=0

2026-07-25 02:42:32,562 INFO image_tx_daemon: frame seq=224 done: 2 fragments ok

INFO: unrelated frame during TX wait type=0xC0

RFCO_PERTX during TX wait: profile_id=0 tx_status=0x00(OK) hop_idx=0 channel_idx=0 epoch=0 freq_hz=0 pkt_toa_us=169088 legal_dwell_used_us_10s=0

INFO: unrelated frame during TX wait type=0xC0

RFCO_PERTX during TX wait: profile_id=0 tx_status=0x00(OK) hop_idx=0 channel_idx=0 epoch=0 freq_hz=0 pkt_toa_us=66688 legal_dwell_used_us_10s=0

2026-07-25 02:42:33,760 INFO image_tx_daemon: frame seq=231 done: 2 fragments ok

INFO: unrelated frame during TX wait type=0xC0

RFCO_PERTX during TX wait: profile_id=0 tx_status=0x00(OK) hop_idx=0 channel_idx=0 epoch=0 freq_hz=0 pkt_toa_us=169088 legal_dwell_used_us_10s=0

INFO: unrelated frame during TX wait type=0xC0

RFCO_PERTX during TX wait: profile_id=0 tx_status=0x00(OK) hop_idx=0 channel_idx=0 epoch=0 freq_hz=0 pkt_toa_us=48768 legal_dwell_used_us_10s=0

2026-07-25 02:42:34,937 INFO image_tx_daemon: frame seq=239 done: 2 fragments ok

INFO: unrelated frame during TX wait type=0xC0

RFCO_PERTX during TX wait: profile_id=0 tx_status=0x00(OK) hop_idx=0 channel_idx=0 epoch=0 freq_hz=0 pkt_toa_us=166528 legal_dwell_used_us_10s=0

2026-07-25 02:42:36,062 INFO image_tx_daemon: frame seq=246 done: 1 fragments ok

INFO: unrelated frame during TX wait type=0xC0

RFCO_PERTX during TX wait: profile_id=0 tx_status=0x00(OK) hop_idx=0 channel_idx=0 epoch=0 freq_hz=0 pkt_toa_us=140928 legal_dwell_used_us_10s=0

2026-07-25 02:42:36,233 INFO image_tx_daemon: frame seq=253 done: 1 fragments ok

INFO: unrelated frame during TX wait type=0xC0

RFCO_PERTX during TX wait: profile_id=0 tx_status=0x00(OK) hop_idx=0 channel_idx=0 epoch=0 freq_hz=0 pkt_toa_us=138368 legal_dwell_used_us_10s=0

2026-07-25 02:42:37,229 INFO image_tx_daemon: frame seq=254 done: 1 fragments ok

INFO: unrelated frame during TX wait type=0xC0

RFCO_PERTX during TX wait: profile_id=0 tx_status=0x00(OK) hop_idx=0 channel_idx=0 epoch=0 freq_hz=0 pkt_toa_us=169088 legal_dwell_used_us_10s=0

INFO: unrelated frame during TX wait type=0xC0

RFCO_PERTX during TX wait: profile_id=0 tx_status=0x00(OK) hop_idx=0 channel_idx=0 epoch=0 freq_hz=0 pkt_toa_us=51328 legal_dwell_used_us_10s=0

2026-07-25 02:42:37,497 INFO image_tx_daemon: frame seq=4 done: 2 fragments ok

INFO: unrelated frame during TX wait type=0xC0

RFCO_PERTX during TX wait: profile_id=0 tx_status=0x00(OK) hop_idx=0 channel_idx=0 epoch=0 freq_hz=0 pkt_toa_us=169088 legal_dwell_used_us_10s=0

INFO: unrelated frame during TX wait type=0xC0

RFCO_PERTX during TX wait: profile_id=0 tx_status=0x00(OK) hop_idx=0 channel_idx=0 epoch=0 freq_hz=0 pkt_toa_us=53888 legal_dwell_used_us_10s=0

2026-07-25 02:42:38,705 INFO image_tx_daemon: frame seq=5 done: 2 fragments ok

INFO: unrelated frame during TX wait type=0xC0

RFCO_PERTX during TX wait: profile_id=0 tx_status=0x00(OK) hop_idx=0 channel_idx=0 epoch=0 freq_hz=0 pkt_toa_us=169088 legal_dwell_used_us_10s=0

INFO: unrelated frame during TX wait type=0xC0

RFCO_PERTX during TX wait: profile_id=0 tx_status=0x00(OK) hop_idx=0 channel_idx=0 epoch=0 freq_hz=0 pkt_toa_us=51328 legal_dwell_used_us_10s=0

2026-07-25 02:42:39,893 INFO image_tx_daemon: frame seq=12 done: 2 fragments ok

2026-07-25 02:42:40,406 INFO image_tx_daemon: stats: goodput=243.0 B/s util=21% pipeline=v2 frames_in=282 ok=65 fail=0 drop_full=212 drop_stale=0 frags_ok=95 frags_fail=0 qdepth=4

INFO: unrelated frame during TX wait type=0xC0

RFCO_PERTX during TX wait: profile_id=0 tx_status=0x00(OK) hop_idx=0 channel_idx=0 epoch=0 freq_hz=0 pkt_toa_us=169088 legal_dwell_used_us_10s=0

INFO: unrelated frame during TX wait type=0xC0

RFCO_PERTX during TX wait: profile_id=0 tx_status=0x00(OK) hop_idx=0 channel_idx=0 epoch=0 freq_hz=0 pkt_toa_us=48768 legal_dwell_used_us_10s=0

2026-07-25 02:42:41,091 INFO image_tx_daemon: frame seq=20 done: 2 fragments ok

INFO: unrelated frame during TX wait type=0xC0

RFCO_PERTX during TX wait: profile_id=0 tx_status=0x00(OK) hop_idx=0 channel_idx=0 epoch=0 freq_hz=0 pkt_toa_us=169088 legal_dwell_used_us_10s=0

INFO: unrelated frame during TX wait type=0xC0

RFCO_PERTX during TX wait: profile_id=0 tx_status=0x00(OK) hop_idx=0 channel_idx=0 epoch=0 freq_hz=0 pkt_toa_us=51328 legal_dwell_used_us_10s=0

2026-07-25 02:42:42,290 INFO image_tx_daemon: frame seq=27 done: 2 fragments ok

INFO: unrelated frame during TX wait type=0xC0

RFCO_PERTX during TX wait: profile_id=0 tx_status=0x00(OK) hop_idx=0 channel_idx=0 epoch=0 freq_hz=0 pkt_toa_us=169088 legal_dwell_used_us_10s=0

INFO: unrelated frame during TX wait type=0xC0

RFCO_PERTX during TX wait: profile_id=0 tx_status=0x00(OK) hop_idx=0 channel_idx=0 epoch=0 freq_hz=0 pkt_toa_us=61568 legal_dwell_used_us_10s=0

2026-07-25 02:42:43,497 INFO image_tx_daemon: frame seq=34 done: 2 fragments ok

INFO: unrelated frame during TX wait type=0xC0

RFCO_PERTX during TX wait: profile_id=0 tx_status=0x00(OK) hop_idx=0 channel_idx=0 epoch=0 freq_hz=0 pkt_toa_us=117888 legal_dwell_used_us_10s=0

2026-07-25 02:42:43,634 INFO image_tx_daemon: frame seq=41 done: 1 fragments ok

INFO: unrelated frame during TX wait type=0xC0

RFCO_PERTX during TX wait: profile_id=0 tx_status=0x00(OK) hop_idx=0 channel_idx=0 epoch=0 freq_hz=0 pkt_toa_us=115328 legal_dwell_used_us_10s=0

2026-07-25 02:42:44,559 INFO image_tx_daemon: frame seq=42 done: 1 fragments ok

INFO: unrelated frame during TX wait type=0xC0

RFCO_PERTX during TX wait: profile_id=0 tx_status=0x00(OK) hop_idx=0 channel_idx=0 epoch=0 freq_hz=0 pkt_toa_us=115328 legal_dwell_used_us_10s=0

2026-07-25 02:42:44,696 INFO image_tx_daemon: frame seq=47 done: 1 fragments ok

INFO: unrelated frame during TX wait type=0xC0

RFCO_PERTX during TX wait: profile_id=0 tx_status=0x00(OK) hop_idx=0 channel_idx=0 epoch=0 freq_hz=0 pkt_toa_us=115328 legal_dwell_used_us_10s=0

2026-07-25 02:42:44,833 INFO image_tx_daemon: frame seq=48 done: 1 fragments ok

INFO: unrelated frame during TX wait type=0xC0

RFCO_PERTX during TX wait: profile_id=0 tx_status=0x00(OK) hop_idx=0 channel_idx=0 epoch=0 freq_hz=0 pkt_toa_us=115328 legal_dwell_used_us_10s=0

2026-07-25 02:42:45,695 INFO image_tx_daemon: frame seq=49 done: 1 fragments ok

INFO: unrelated frame during TX wait type=0xC0

RFCO_PERTX during TX wait: profile_id=0 tx_status=0x00(OK) hop_idx=0 channel_idx=0 epoch=0 freq_hz=0 pkt_toa_us=115328 legal_dwell_used_us_10s=0

2026-07-25 02:42:45,832 INFO image_tx_daemon: frame seq=54 done: 1 fragments ok

INFO: unrelated frame during TX wait type=0xC0

RFCO_PERTX during TX wait: profile_id=0 tx_status=0x00(OK) hop_idx=0 channel_idx=0 epoch=0 freq_hz=0 pkt_toa_us=115328 legal_dwell_used_us_10s=0

2026-07-25 02:42:45,969 INFO image_tx_daemon: frame seq=55 done: 1 fragments ok

INFO: unrelated frame during TX wait type=0xC0

RFCO_PERTX during TX wait: profile_id=0 tx_status=0x00(OK) hop_idx=0 channel_idx=0 epoch=0 freq_hz=0 pkt_toa_us=115328 legal_dwell_used_us_10s=0

2026-07-25 02:42:46,831 INFO image_tx_daemon: frame seq=56 done: 1 fragments ok

INFO: unrelated frame during TX wait type=0xC0

RFCO_PERTX during TX wait: profile_id=0 tx_status=0x00(OK) hop_idx=0 channel_idx=0 epoch=0 freq_hz=0 pkt_toa_us=105088 legal_dwell_used_us_10s=0

2026-07-25 02:42:46,959 INFO image_tx_daemon: frame seq=61 done: 1 fragments ok

INFO: unrelated frame during TX wait type=0xC0

RFCO_PERTX during TX wait: profile_id=0 tx_status=0x00(OK) hop_idx=0 channel_idx=0 epoch=0 freq_hz=0 pkt_toa_us=107648 legal_dwell_used_us_10s=0

2026-07-25 02:42:47,097 INFO image_tx_daemon: frame seq=62 done: 1 fragments ok

INFO: unrelated frame during TX wait type=0xC0

RFCO_PERTX during TX wait: profile_id=0 tx_status=0x00(OK) hop_idx=0 channel_idx=0 epoch=0 freq_hz=0 pkt_toa_us=115328 legal_dwell_used_us_10s=0

2026-07-25 02:42:47,967 INFO image_tx_daemon: frame seq=63 done: 1 fragments ok

INFO: unrelated frame during TX wait type=0xC0

RFCO_PERTX during TX wait: profile_id=0 tx_status=0x00(OK) hop_idx=0 channel_idx=0 epoch=0 freq_hz=0 pkt_toa_us=130688 legal_dwell_used_us_10s=0

2026-07-25 02:42:48,125 INFO image_tx_daemon: frame seq=68 done: 1 fragments ok

INFO: unrelated frame during TX wait type=0xC4

INFO: unrelated frame during TX wait type=0xC0

RFCO_PERTX during TX wait: profile_id=0 tx_status=0x00(OK) hop_idx=0 channel_idx=0 epoch=0 freq_hz=0 pkt_toa_us=135808 legal_dwell_used_us_10s=0

2026-07-25 02:42:49,128 INFO image_tx_daemon: frame seq=69 done: 1 fragments ok

INFO: unrelated frame during TX wait type=0xC0

RFCO_PERTX during TX wait: profile_id=0 tx_status=0x00(OK) hop_idx=0 channel_idx=0 epoch=0 freq_hz=0 pkt_toa_us=156288 legal_dwell_used_us_10s=0

2026-07-25 02:42:49,307 INFO image_tx_daemon: frame seq=75 done: 1 fragments ok

INFO: unrelated frame during TX wait type=0xC0

RFCO_PERTX during TX wait: profile_id=0 tx_status=0x00(OK) hop_idx=0 channel_idx=0 epoch=0 freq_hz=0 pkt_toa_us=153728 legal_dwell_used_us_10s=0

2026-07-25 02:42:50,306 INFO image_tx_daemon: frame seq=76 done: 1 fragments ok

2026-07-25 02:42:50,417 INFO image_tx_daemon: stats: goodput=287.6 B/s util=25% pipeline=v2 frames_in=342 ok=83 fail=0 drop_full=254 drop_stale=0 frags_ok=116 frags_fail=0 qdepth=4

INFO: unrelated frame during TX wait type=0xC0

RFCO_PERTX during TX wait: profile_id=0 tx_status=0x00(OK) hop_idx=0 channel_idx=0 epoch=0 freq_hz=0 pkt_toa_us=169088 legal_dwell_used_us_10s=0

INFO: unrelated frame during TX wait type=0xC0

RFCO_PERTX during TX wait: profile_id=0 tx_status=0x00(OK) hop_idx=0 channel_idx=0 epoch=0 freq_hz=0 pkt_toa_us=25728 legal_dwell_used_us_10s=0

2026-07-25 02:42:50,548 INFO image_tx_daemon: frame seq=82 done: 2 fragments ok

INFO: unrelated frame during TX wait type=0xC0

RFCO_PERTX during TX wait: profile_id=0 tx_status=0x00(OK) hop_idx=0 channel_idx=0 epoch=0 freq_hz=0 pkt_toa_us=169088 legal_dwell_used_us_10s=0

INFO: unrelated frame during TX wait type=0xC0

RFCO_PERTX during TX wait: profile_id=0 tx_status=0x00(OK) hop_idx=0 channel_idx=0 epoch=0 freq_hz=0 pkt_toa_us=41088 legal_dwell_used_us_10s=0

2026-07-25 02:42:51,562 INFO image_tx_daemon: frame seq=83 done: 2 fragments ok

INFO: unrelated frame during TX wait type=0xC0

RFCO_PERTX during TX wait: profile_id=0 tx_status=0x00(OK) hop_idx=0 channel_idx=0 epoch=0 freq_hz=0 pkt_toa_us=169088 legal_dwell_used_us_10s=0

INFO: unrelated frame during TX wait type=0xC0

RFCO_PERTX during TX wait: profile_id=0 tx_status=0x00(OK) hop_idx=0 channel_idx=0 epoch=0 freq_hz=0 pkt_toa_us=35968 legal_dwell_used_us_10s=0

2026-07-25 02:42:52,557 INFO image_tx_daemon: frame seq=89 done: 2 fragments ok

INFO: unrelated frame during TX wait type=0xC0

RFCO_PERTX during TX wait: profile_id=0 tx_status=0x00(OK) hop_idx=0 channel_idx=0 epoch=0 freq_hz=0 pkt_toa_us=169088 legal_dwell_used_us_10s=0

INFO: unrelated frame during TX wait type=0xC0

RFCO_PERTX during TX wait: profile_id=0 tx_status=0x00(OK) hop_idx=0 channel_idx=0 epoch=0 freq_hz=0 pkt_toa_us=64128 legal_dwell_used_us_10s=0

2026-07-25 02:42:52,845 INFO image_tx_daemon: frame seq=95 done: 2 fragments ok

INFO: unrelated frame during TX wait type=0xC0

RFCO_PERTX during TX wait: profile_id=0 tx_status=0x00(OK) hop_idx=0 channel_idx=0 epoch=0 freq_hz=0 pkt_toa_us=169088 legal_dwell_used_us_10s=0

INFO: unrelated frame during TX wait type=0xC0

RFCO_PERTX during TX wait: profile_id=0 tx_status=0x00(OK) hop_idx=0 channel_idx=0 epoch=0 freq_hz=0 pkt_toa_us=41088 legal_dwell_used_us_10s=0

2026-07-25 02:42:54,013 INFO image_tx_daemon: frame seq=97 done: 2 fragments ok

INFO: unrelated frame during TX wait type=0xC0

RFCO_PERTX during TX wait: profile_id=0 tx_status=0x00(OK) hop_idx=0 channel_idx=0 epoch=0 freq_hz=0 pkt_toa_us=169088 legal_dwell_used_us_10s=0

INFO: unrelated frame during TX wait type=0xC0

RFCO_PERTX during TX wait: profile_id=0 tx_status=0x00(OK) hop_idx=0 channel_idx=0 epoch=0 freq_hz=0 pkt_toa_us=43648 legal_dwell_used_us_10s=0

2026-07-25 02:42:55,013 INFO image_tx_daemon: frame seq=104 done: 2 fragments ok

INFO: unrelated frame during TX wait type=0xC0

RFCO_PERTX during TX wait: profile_id=0 tx_status=0x00(OK) hop_idx=0 channel_idx=0 epoch=0 freq_hz=0 pkt_toa_us=169088 legal_dwell_used_us_10s=0

INFO: unrelated frame during TX wait type=0xC0

RFCO_PERTX during TX wait: profile_id=0 tx_status=0x00(OK) hop_idx=0 channel_idx=0 epoch=0 freq_hz=0 pkt_toa_us=33408 legal_dwell_used_us_10s=0

2026-07-25 02:42:55,453 INFO image_tx_daemon: frame seq=110 done: 2 fragments ok

INFO: unrelated frame during TX wait type=0xC0

RFCO_PERTX during TX wait: profile_id=0 tx_status=0x00(OK) hop_idx=0 channel_idx=0 epoch=0 freq_hz=0 pkt_toa_us=158848 legal_dwell_used_us_10s=0

2026-07-25 02:42:56,201 INFO image_tx_daemon: frame seq=113 done: 1 fragments ok

INFO: unrelated frame during TX wait type=0xC0

RFCO_PERTX during TX wait: profile_id=0 tx_status=0x00(OK) hop_idx=0 channel_idx=0 epoch=0 freq_hz=0 pkt_toa_us=151168 legal_dwell_used_us_10s=0

2026-07-25 02:42:56,588 INFO image_tx_daemon: frame seq=117 done: 1 fragments ok

INFO: unrelated frame during TX wait type=0xC0

RFCO_PERTX during TX wait: profile_id=0 tx_status=0x00(OK) hop_idx=0 channel_idx=0 epoch=0 freq_hz=0 pkt_toa_us=143488 legal_dwell_used_us_10s=0

2026-07-25 02:42:57,368 INFO image_tx_daemon: frame seq=120 done: 1 fragments ok

INFO: unrelated frame during TX wait type=0xC0

RFCO_PERTX during TX wait: profile_id=0 tx_status=0x00(OK) hop_idx=0 channel_idx=0 epoch=0 freq_hz=0 pkt_toa_us=169088 legal_dwell_used_us_10s=0

INFO: unrelated frame during TX wait type=0xC0

RFCO_PERTX during TX wait: profile_id=0 tx_status=0x00(OK) hop_idx=0 channel_idx=0 epoch=0 freq_hz=0 pkt_toa_us=64128 legal_dwell_used_us_10s=0

2026-07-25 02:42:57,862 INFO image_tx_daemon: frame seq=124 done: 2 fragments ok

INFO: unrelated frame during TX wait type=0xC0

RFCO_PERTX during TX wait: profile_id=0 tx_status=0x00(OK) hop_idx=0 channel_idx=0 epoch=0 freq_hz=0 pkt_toa_us=169088 legal_dwell_used_us_10s=0

INFO: unrelated frame during TX wait type=0xC0

RFCO_PERTX during TX wait: profile_id=0 tx_status=0x00(OK) hop_idx=0 channel_idx=0 epoch=0 freq_hz=0 pkt_toa_us=53888 legal_dwell_used_us_10s=0

2026-07-25 02:42:59,049 INFO image_tx_daemon: frame seq=127 done: 2 fragments ok

INFO: unrelated frame during TX wait type=0xC0

RFCO_PERTX during TX wait: profile_id=0 tx_status=0x00(OK) hop_idx=0 channel_idx=0 epoch=0 freq_hz=0 pkt_toa_us=169088 legal_dwell_used_us_10s=0

INFO: unrelated frame during TX wait type=0xC0

RFCO_PERTX during TX wait: profile_id=0 tx_status=0x00(OK) hop_idx=0 channel_idx=0 epoch=0 freq_hz=0 pkt_toa_us=46208 legal_dwell_used_us_10s=0

2026-07-25 02:43:00,247 INFO image_tx_daemon: frame seq=134 done: 2 fragments ok

2026-07-25 02:43:00,428 INFO image_tx_daemon: stats: goodput=296.9 B/s util=26% pipeline=v2 frames_in=401 ok=96 fail=0 drop_full=300 drop_stale=0 frags_ok=139 frags_fail=0 qdepth=4

INFO: unrelated frame during TX wait type=0xC0

RFCO_PERTX during TX wait: profile_id=0 tx_status=0x00(OK) hop_idx=0 channel_idx=0 epoch=0 freq_hz=0 pkt_toa_us=169088 legal_dwell_used_us_10s=0

INFO: unrelated frame during TX wait type=0xC0

RFCO_PERTX during TX wait: profile_id=0 tx_status=0x00(OK) hop_idx=0 channel_idx=0 epoch=0 freq_hz=0 pkt_toa_us=35968 legal_dwell_used_us_10s=0

2026-07-25 02:43:01,434 INFO image_tx_daemon: frame seq=141 done: 2 fragments ok

INFO: unrelated frame during TX wait type=0xC0

RFCO_PERTX during TX wait: profile_id=0 tx_status=0x00(OK) hop_idx=0 channel_idx=0 epoch=0 freq_hz=0 pkt_toa_us=169088 legal_dwell_used_us_10s=0

INFO: unrelated frame during TX wait type=0xC0

RFCO_PERTX during TX wait: profile_id=0 tx_status=0x00(OK) hop_idx=0 channel_idx=0 epoch=0 freq_hz=0 pkt_toa_us=46208 legal_dwell_used_us_10s=0

2026-07-25 02:43:02,445 INFO image_tx_daemon: frame seq=149 done: 2 fragments ok

INFO: unrelated frame during TX wait type=0xC0

RFCO_PERTX during TX wait: profile_id=0 tx_status=0x00(OK) hop_idx=0 channel_idx=0 epoch=0 freq_hz=0 pkt_toa_us=169088 legal_dwell_used_us_10s=0

INFO: unrelated frame during TX wait type=0xC0

RFCO_PERTX during TX wait: profile_id=0 tx_status=0x00(OK) hop_idx=0 channel_idx=0 epoch=0 freq_hz=0 pkt_toa_us=48768 legal_dwell_used_us_10s=0

2026-07-25 02:43:02,895 INFO image_tx_daemon: frame seq=155 done: 2 fragments ok

INFO: unrelated frame during TX wait type=0xC0

RFCO_PERTX during TX wait: profile_id=0 tx_status=0x00(OK) hop_idx=0 channel_idx=0 epoch=0 freq_hz=0 pkt_toa_us=169088 legal_dwell_used_us_10s=0

INFO: unrelated frame during TX wait type=0xC0

RFCO_PERTX during TX wait: profile_id=0 tx_status=0x00(OK) hop_idx=0 channel_idx=0 epoch=0 freq_hz=0 pkt_toa_us=51328 legal_dwell_used_us_10s=0

2026-07-25 02:43:04,094 INFO image_tx_daemon: frame seq=157 done: 2 fragments ok

INFO: unrelated frame during TX wait type=0xC0

RFCO_PERTX during TX wait: profile_id=0 tx_status=0x00(OK) hop_idx=0 channel_idx=0 epoch=0 freq_hz=0 pkt_toa_us=112768 legal_dwell_used_us_10s=0

2026-07-25 02:43:04,231 INFO image_tx_daemon: frame seq=165 done: 1 fragments ok

INFO: unrelated frame during TX wait type=0xC0

RFCO_PERTX during TX wait: profile_id=0 tx_status=0x00(OK) hop_idx=0 channel_idx=0 epoch=0 freq_hz=0 pkt_toa_us=115328 legal_dwell_used_us_10s=0

2026-07-25 02:43:05,167 INFO image_tx_daemon: frame seq=166 done: 1 fragments ok

INFO: unrelated frame during TX wait type=0xC0

RFCO_PERTX during TX wait: profile_id=0 tx_status=0x00(OK) hop_idx=0 channel_idx=0 epoch=0 freq_hz=0 pkt_toa_us=107648 legal_dwell_used_us_10s=0

2026-07-25 02:43:05,293 INFO image_tx_daemon: frame seq=171 done: 1 fragments ok

INFO: unrelated frame during TX wait type=0xC0

RFCO_PERTX during TX wait: profile_id=0 tx_status=0x00(OK) hop_idx=0 channel_idx=0 epoch=0 freq_hz=0 pkt_toa_us=107648 legal_dwell_used_us_10s=0

2026-07-25 02:43:05,421 INFO image_tx_daemon: frame seq=172 done: 1 fragments ok

INFO: unrelated frame during TX wait type=0xC0

RFCO_PERTX during TX wait: profile_id=0 tx_status=0x00(OK) hop_idx=0 channel_idx=0 epoch=0 freq_hz=0 pkt_toa_us=105088 legal_dwell_used_us_10s=0

2026-07-25 02:43:06,292 INFO image_tx_daemon: frame seq=173 done: 1 fragments ok

INFO: unrelated frame during TX wait type=0xC0

RFCO_PERTX during TX wait: profile_id=0 tx_status=0x00(OK) hop_idx=0 channel_idx=0 epoch=0 freq_hz=0 pkt_toa_us=115328 legal_dwell_used_us_10s=0

2026-07-25 02:43:06,429 INFO image_tx_daemon: frame seq=178 done: 1 fragments ok

INFO: unrelated frame during TX wait type=0xC0

RFCO_PERTX during TX wait: profile_id=0 tx_status=0x00(OK) hop_idx=0 channel_idx=0 epoch=0 freq_hz=0 pkt_toa_us=115328 legal_dwell_used_us_10s=0

2026-07-25 02:43:06,566 INFO image_tx_daemon: frame seq=179 done: 1 fragments ok

INFO: unrelated frame during TX wait type=0xC0

RFCO_PERTX during TX wait: profile_id=0 tx_status=0x00(OK) hop_idx=0 channel_idx=0 epoch=0 freq_hz=0 pkt_toa_us=117888 legal_dwell_used_us_10s=0

2026-07-25 02:43:07,428 INFO image_tx_daemon: frame seq=180 done: 1 fragments ok

INFO: unrelated frame during TX wait type=0xC0

RFCO_PERTX during TX wait: profile_id=0 tx_status=0x00(OK) hop_idx=0 channel_idx=0 epoch=0 freq_hz=0 pkt_toa_us=117888 legal_dwell_used_us_10s=0

2026-07-25 02:43:07,565 INFO image_tx_daemon: frame seq=185 done: 1 fragments ok

INFO: unrelated frame during TX wait type=0xC0

RFCO_PERTX during TX wait: profile_id=0 tx_status=0x00(OK) hop_idx=0 channel_idx=0 epoch=0 freq_hz=0 pkt_toa_us=120448 legal_dwell_used_us_10s=0

2026-07-25 02:43:07,712 INFO image_tx_daemon: frame seq=186 done: 1 fragments ok

INFO: unrelated frame during TX wait type=0xC0

RFCO_PERTX during TX wait: profile_id=0 tx_status=0x00(OK) hop_idx=0 channel_idx=0 epoch=0 freq_hz=0 pkt_toa_us=117888 legal_dwell_used_us_10s=0

2026-07-25 02:43:08,565 INFO image_tx_daemon: frame seq=187 done: 1 fragments ok

INFO: unrelated frame during TX wait type=0xC0

RFCO_PERTX during TX wait: profile_id=0 tx_status=0x00(OK) hop_idx=0 channel_idx=0 epoch=0 freq_hz=0 pkt_toa_us=117888 legal_dwell_used_us_10s=0

2026-07-25 02:43:08,705 INFO image_tx_daemon: frame seq=191 done: 1 fragments ok

INFO: unrelated frame during TX wait type=0xC0

RFCO_PERTX during TX wait: profile_id=0 tx_status=0x00(OK) hop_idx=0 channel_idx=0 epoch=0 freq_hz=0 pkt_toa_us=120448 legal_dwell_used_us_10s=0

2026-07-25 02:43:08,859 INFO image_tx_daemon: frame seq=192 done: 1 fragments ok

INFO: unrelated frame during TX wait type=0xC0

RFCO_PERTX during TX wait: profile_id=0 tx_status=0x00(OK) hop_idx=0 channel_idx=0 epoch=0 freq_hz=0 pkt_toa_us=120448 legal_dwell_used_us_10s=0

2026-07-25 02:43:09,712 INFO image_tx_daemon: frame seq=193 done: 1 fragments ok

INFO: unrelated frame during TX wait type=0xC0

RFCO_PERTX during TX wait: profile_id=0 tx_status=0x00(OK) hop_idx=0 channel_idx=0 epoch=0 freq_hz=0 pkt_toa_us=148608 legal_dwell_used_us_10s=0

2026-07-25 02:43:10,037 INFO image_tx_daemon: frame seq=198 done: 1 fragments ok

2026-07-25 02:43:10,439 INFO image_tx_daemon: stats: goodput=299.6 B/s util=26% pipeline=v2 frames_in=462 ok=115 fail=0 drop_full=342 drop_stale=0 frags_ok=162 frags_fail=0 qdepth=4

INFO: unrelated frame during TX wait type=0xC0

RFCO_PERTX during TX wait: profile_id=0 tx_status=0x00(OK) hop_idx=0 channel_idx=0 epoch=0 freq_hz=0 pkt_toa_us=151168 legal_dwell_used_us_10s=0

2026-07-25 02:43:10,889 INFO image_tx_daemon: frame seq=200 done: 1 fragments ok

INFO: unrelated frame during TX wait type=0xC0

RFCO_PERTX during TX wait: profile_id=0 tx_status=0x00(OK) hop_idx=0 channel_idx=0 epoch=0 freq_hz=0 pkt_toa_us=169088 legal_dwell_used_us_10s=0

INFO: unrelated frame during TX wait type=0xC0

RFCO_PERTX during TX wait: profile_id=0 tx_status=0x00(OK) hop_idx=0 channel_idx=0 epoch=0 freq_hz=0 pkt_toa_us=25728 legal_dwell_used_us_10s=0

2026-07-25 02:43:11,269 INFO image_tx_daemon: frame seq=205 done: 2 fragments ok

INFO: unrelated frame during TX wait type=0xC0

RFCO_PERTX during TX wait: profile_id=0 tx_status=0x00(OK) hop_idx=0 channel_idx=0 epoch=0 freq_hz=0 pkt_toa_us=169088 legal_dwell_used_us_10s=0

INFO: unrelated frame during TX wait type=0xC0

RFCO_PERTX during TX wait: profile_id=0 tx_status=0x00(OK) hop_idx=0 channel_idx=0 epoch=0 freq_hz=0 pkt_toa_us=28288 legal_dwell_used_us_10s=0

2026-07-25 02:43:12,279 INFO image_tx_daemon: frame seq=208 done: 2 fragments ok

INFO: unrelated frame during TX wait type=0xC0

RFCO_PERTX during TX wait: profile_id=0 tx_status=0x00(OK) hop_idx=0 channel_idx=0 epoch=0 freq_hz=0 pkt_toa_us=169088 legal_dwell_used_us_10s=0

INFO: unrelated frame during TX wait type=0xC0

RFCO_PERTX during TX wait: profile_id=0 tx_status=0x00(OK) hop_idx=0 channel_idx=0 epoch=0 freq_hz=0 pkt_toa_us=69248 legal_dwell_used_us_10s=0

2026-07-25 02:43:13,172 INFO image_tx_daemon: frame seq=214 done: 2 fragments ok

INFO: unrelated frame during TX wait type=0xC0

RFCO_PERTX during TX wait: profile_id=0 tx_status=0x00(OK) hop_idx=0 channel_idx=0 epoch=0 freq_hz=0 pkt_toa_us=169088 legal_dwell_used_us_10s=0

INFO: unrelated frame during TX wait type=0xC0

RFCO_PERTX during TX wait: profile_id=0 tx_status=0x00(OK) hop_idx=0 channel_idx=0 epoch=0 freq_hz=0 pkt_toa_us=64128 legal_dwell_used_us_10s=0

2026-07-25 02:43:13,760 INFO image_tx_daemon: frame seq=219 done: 2 fragments ok

INFO: unrelated frame during TX wait type=0xC0

RFCO_PERTX during TX wait: profile_id=0 tx_status=0x00(OK) hop_idx=0 channel_idx=0 epoch=0 freq_hz=0 pkt_toa_us=169088 legal_dwell_used_us_10s=0

INFO: unrelated frame during TX wait type=0xC0

RFCO_PERTX during TX wait: profile_id=0 tx_status=0x00(OK) hop_idx=0 channel_idx=0 epoch=0 freq_hz=0 pkt_toa_us=66688 legal_dwell_used_us_10s=0

2026-07-25 02:43:14,960 INFO image_tx_daemon: frame seq=222 done: 2 fragments ok

INFO: unrelated frame during TX wait type=0xC0

RFCO_PERTX during TX wait: profile_id=0 tx_status=0x00(OK) hop_idx=0 channel_idx=0 epoch=0 freq_hz=0 pkt_toa_us=169088 legal_dwell_used_us_10s=0

INFO: unrelated frame during TX wait type=0xC0

RFCO_PERTX during TX wait: profile_id=0 tx_status=0x00(OK) hop_idx=0 channel_idx=0 epoch=0 freq_hz=0 pkt_toa_us=66688 legal_dwell_used_us_10s=0

2026-07-25 02:43:16,158 INFO image_tx_daemon: frame seq=230 done: 2 fragments ok

INFO: unrelated frame during TX wait type=0xC0

RFCO_PERTX during TX wait: profile_id=0 tx_status=0x00(OK) hop_idx=0 channel_idx=0 epoch=0 freq_hz=0 pkt_toa_us=169088 legal_dwell_used_us_10s=0

INFO: unrelated frame during TX wait type=0xC0

RFCO_PERTX during TX wait: profile_id=0 tx_status=0x00(OK) hop_idx=0 channel_idx=0 epoch=0 freq_hz=0 pkt_toa_us=48768 legal_dwell_used_us_10s=0

2026-07-25 02:43:17,335 INFO image_tx_daemon: frame seq=237 done: 2 fragments ok

INFO: unrelated frame during TX wait type=0xC0

RFCO_PERTX during TX wait: profile_id=0 tx_status=0x00(OK) hop_idx=0 channel_idx=0 epoch=0 freq_hz=0 pkt_toa_us=166528 legal_dwell_used_us_10s=0

2026-07-25 02:43:18,470 INFO image_tx_daemon: frame seq=244 done: 1 fragments ok

INFO: unrelated frame during TX wait type=0xC0

RFCO_PERTX during TX wait: profile_id=0 tx_status=0x00(OK) hop_idx=0 channel_idx=0 epoch=0 freq_hz=0 pkt_toa_us=148608 legal_dwell_used_us_10s=0

2026-07-25 02:43:18,648 INFO image_tx_daemon: frame seq=251 done: 1 fragments ok

INFO: unrelated frame during TX wait type=0xC0

RFCO_PERTX during TX wait: profile_id=0 tx_status=0x00(OK) hop_idx=0 channel_idx=0 epoch=0 freq_hz=0 pkt_toa_us=140928 legal_dwell_used_us_10s=0

2026-07-25 02:43:19,637 INFO image_tx_daemon: frame seq=252 done: 1 fragments ok

INFO: unrelated frame during TX wait type=0xC0

RFCO_PERTX during TX wait: profile_id=0 tx_status=0x00(OK) hop_idx=0 channel_idx=0 epoch=0 freq_hz=0 pkt_toa_us=169088 legal_dwell_used_us_10s=0

INFO: unrelated frame during TX wait type=0xC0

RFCO_PERTX during TX wait: profile_id=0 tx_status=0x00(OK) hop_idx=0 channel_idx=0 epoch=0 freq_hz=0 pkt_toa_us=53888 legal_dwell_used_us_10s=0

2026-07-25 02:43:19,920 INFO image_tx_daemon: frame seq=2 done: 2 fragments ok

2026-07-25 02:43:20,451 INFO image_tx_daemon: stats: goodput=275.0 B/s util=24% pipeline=v2 frames_in=522 ok=127 fail=0 drop_full=390 drop_stale=0 frags_ok=182 frags_fail=0 qdepth=4

INFO: unrelated frame during TX wait type=0xC0

RFCO_PERTX during TX wait: profile_id=0 tx_status=0x00(OK) hop_idx=0 channel_idx=0 epoch=0 freq_hz=0 pkt_toa_us=169088 legal_dwell_used_us_10s=0

INFO: unrelated frame during TX wait type=0xC0

RFCO_PERTX during TX wait: profile_id=0 tx_status=0x00(OK) hop_idx=0 channel_idx=0 epoch=0 freq_hz=0 pkt_toa_us=51328 legal_dwell_used_us_10s=0

2026-07-25 02:43:21,108 INFO image_tx_daemon: frame seq=4 done: 2 fragments ok

INFO: unrelated frame during TX wait type=0xC0

RFCO_PERTX during TX wait: profile_id=0 tx_status=0x00(OK) hop_idx=0 channel_idx=0 epoch=0 freq_hz=0 pkt_toa_us=169088 legal_dwell_used_us_10s=0

INFO: unrelated frame during TX wait type=0xC0

RFCO_PERTX during TX wait: profile_id=0 tx_status=0x00(OK) hop_idx=0 channel_idx=0 epoch=0 freq_hz=0 pkt_toa_us=51328 legal_dwell_used_us_10s=0

2026-07-25 02:43:22,306 INFO image_tx_daemon: frame seq=11 done: 2 fragments ok

INFO: unrelated frame during TX wait type=0xC0

RFCO_PERTX during TX wait: profile_id=0 tx_status=0x00(OK) hop_idx=0 channel_idx=0 epoch=0 freq_hz=0 pkt_toa_us=169088 legal_dwell_used_us_10s=0

INFO: unrelated frame during TX wait type=0xC0

RFCO_PERTX during TX wait: profile_id=0 tx_status=0x00(OK) hop_idx=0 channel_idx=0 epoch=0 freq_hz=0 pkt_toa_us=51328 legal_dwell_used_us_10s=0

2026-07-25 02:43:23,504 INFO image_tx_daemon: frame seq=18 done: 2 fragments ok

INFO: unrelated frame during TX wait type=0xC0

RFCO_PERTX during TX wait: profile_id=0 tx_status=0x00(OK) hop_idx=0 channel_idx=0 epoch=0 freq_hz=0 pkt_toa_us=169088 legal_dwell_used_us_10s=0

INFO: unrelated frame during TX wait type=0xC0

RFCO_PERTX during TX wait: profile_id=0 tx_status=0x00(OK) hop_idx=0 channel_idx=0 epoch=0 freq_hz=0 pkt_toa_us=51328 legal_dwell_used_us_10s=0

2026-07-25 02:43:24,702 INFO image_tx_daemon: frame seq=25 done: 2 fragments ok

INFO: unrelated frame during TX wait type=0xC0

RFCO_PERTX during TX wait: profile_id=0 tx_status=0x00(OK) hop_idx=0 channel_idx=0 epoch=0 freq_hz=0 pkt_toa_us=169088 legal_dwell_used_us_10s=0

INFO: unrelated frame during TX wait type=0xC0

RFCO_PERTX during TX wait: profile_id=0 tx_status=0x00(OK) hop_idx=0 channel_idx=0 epoch=0 freq_hz=0 pkt_toa_us=48768 legal_dwell_used_us_10s=0

2026-07-25 02:43:25,900 INFO image_tx_daemon: frame seq=32 done: 2 fragments ok

INFO: unrelated frame during TX wait type=0xC0

RFCO_PERTX during TX wait: profile_id=0 tx_status=0x00(OK) hop_idx=0 channel_idx=0 epoch=0 freq_hz=0 pkt_toa_us=117888 legal_dwell_used_us_10s=0

2026-07-25 02:43:26,038 INFO image_tx_daemon: frame seq=40 done: 1 fragments ok

INFO: unrelated frame during TX wait type=0xC0

RFCO_PERTX during TX wait: profile_id=0 tx_status=0x00(OK) hop_idx=0 channel_idx=0 epoch=0 freq_hz=0 pkt_toa_us=117888 legal_dwell_used_us_10s=0

2026-07-25 02:43:26,972 INFO image_tx_daemon: frame seq=41 done: 1 fragments ok

INFO: unrelated frame during TX wait type=0xC0

RFCO_PERTX during TX wait: profile_id=0 tx_status=0x00(OK) hop_idx=0 channel_idx=0 epoch=0 freq_hz=0 pkt_toa_us=115328 legal_dwell_used_us_10s=0

2026-07-25 02:43:27,110 INFO image_tx_daemon: frame seq=46 done: 1 fragments ok

INFO: unrelated frame during TX wait type=0xC0

RFCO_PERTX during TX wait: profile_id=0 tx_status=0x00(OK) hop_idx=0 channel_idx=0 epoch=0 freq_hz=0 pkt_toa_us=115328 legal_dwell_used_us_10s=0

2026-07-25 02:43:27,247 INFO image_tx_daemon: frame seq=47 done: 1 fragments ok

INFO: unrelated frame during TX wait type=0xC0

RFCO_PERTX during TX wait: profile_id=0 tx_status=0x00(OK) hop_idx=0 channel_idx=0 epoch=0 freq_hz=0 pkt_toa_us=115328 legal_dwell_used_us_10s=0

2026-07-25 02:43:28,108 INFO image_tx_daemon: frame seq=48 done: 1 fragments ok

INFO: unrelated frame during TX wait type=0xC0

RFCO_PERTX during TX wait: profile_id=0 tx_status=0x00(OK) hop_idx=0 channel_idx=0 epoch=0 freq_hz=0 pkt_toa_us=115328 legal_dwell_used_us_10s=0

2026-07-25 02:43:28,246 INFO image_tx_daemon: frame seq=52 done: 1 fragments ok

INFO: unrelated frame during TX wait type=0xC0

RFCO_PERTX during TX wait: profile_id=0 tx_status=0x00(OK) hop_idx=0 channel_idx=0 epoch=0 freq_hz=0 pkt_toa_us=115328 legal_dwell_used_us_10s=0

2026-07-25 02:43:28,383 INFO image_tx_daemon: frame seq=54 done: 1 fragments ok

INFO: unrelated frame during TX wait type=0xC0

RFCO_PERTX during TX wait: profile_id=0 tx_status=0x00(OK) hop_idx=0 channel_idx=0 epoch=0 freq_hz=0 pkt_toa_us=115328 legal_dwell_used_us_10s=0

2026-07-25 02:43:29,244 INFO image_tx_daemon: frame seq=55 done: 1 fragments ok

INFO: unrelated frame during TX wait type=0xC0

RFCO_PERTX during TX wait: profile_id=0 tx_status=0x00(OK) hop_idx=0 channel_idx=0 epoch=0 freq_hz=0 pkt_toa_us=123008 legal_dwell_used_us_10s=0

2026-07-25 02:43:29,397 INFO image_tx_daemon: frame seq=59 done: 1 fragments ok

INFO: unrelated frame during TX wait type=0xC0

RFCO_PERTX during TX wait: profile_id=0 tx_status=0x00(OK) hop_idx=0 channel_idx=0 epoch=0 freq_hz=0 pkt_toa_us=115328 legal_dwell_used_us_10s=0

2026-07-25 02:43:29,536 INFO image_tx_daemon: frame seq=60 done: 1 fragments ok

INFO: unrelated frame during TX wait type=0xC0

RFCO_PERTX during TX wait: profile_id=0 tx_status=0x00(OK) hop_idx=0 channel_idx=0 epoch=0 freq_hz=0 pkt_toa_us=105088 legal_dwell_used_us_10s=0

2026-07-25 02:43:30,370 INFO image_tx_daemon: frame seq=61 done: 1 fragments ok

2026-07-25 02:43:30,462 INFO image_tx_daemon: stats: goodput=270.2 B/s util=24% pipeline=v2 frames_in=582 ok=143 fail=0 drop_full=434 drop_stale=0 frags_ok=203 frags_fail=0 qdepth=4

INFO: unrelated frame during TX wait type=0xC0

RFCO_PERTX during TX wait: profile_id=0 tx_status=0x00(OK) hop_idx=0 channel_idx=0 epoch=0 freq_hz=0 pkt_toa_us=125568 legal_dwell_used_us_10s=0

2026-07-25 02:43:30,544 INFO image_tx_daemon: frame seq=66 done: 1 fragments ok

INFO: unrelated frame during TX wait type=0xC0

RFCO_PERTX during TX wait: profile_id=0 tx_status=0x00(OK) hop_idx=0 channel_idx=0 epoch=0 freq_hz=0 pkt_toa_us=133248 legal_dwell_used_us_10s=0

2026-07-25 02:43:30,701 INFO image_tx_daemon: frame seq=67 done: 1 fragments ok

INFO: unrelated frame during TX wait type=0xC0

RFCO_PERTX during TX wait: profile_id=0 tx_status=0x00(OK) hop_idx=0 channel_idx=0 epoch=0 freq_hz=0 pkt_toa_us=130688 legal_dwell_used_us_10s=0

2026-07-25 02:43:31,700 INFO image_tx_daemon: frame seq=68 done: 1 fragments ok

INFO: unrelated frame during TX wait type=0xC0

RFCO_PERTX during TX wait: profile_id=0 tx_status=0x00(OK) hop_idx=0 channel_idx=0 epoch=0 freq_hz=0 pkt_toa_us=148608 legal_dwell_used_us_10s=0

2026-07-25 02:43:31,880 INFO image_tx_daemon: frame seq=74 done: 1 fragments ok

INFO: unrelated frame during TX wait type=0xC0

RFCO_PERTX during TX wait: profile_id=0 tx_status=0x00(OK) hop_idx=0 channel_idx=0 epoch=0 freq_hz=0 pkt_toa_us=156288 legal_dwell_used_us_10s=0

2026-07-25 02:43:32,878 INFO image_tx_daemon: frame seq=75 done: 1 fragments ok

INFO: unrelated frame during TX wait type=0xC0

RFCO_PERTX during TX wait: profile_id=0 tx_status=0x00(OK) hop_idx=0 channel_idx=0 epoch=0 freq_hz=0 pkt_toa_us=156288 legal_dwell_used_us_10s=0

2026-07-25 02:43:33,062 INFO image_tx_daemon: frame seq=81 done: 1 fragments ok

INFO: unrelated frame during TX wait type=0xC0

RFCO_PERTX during TX wait: profile_id=0 tx_status=0x00(OK) hop_idx=0 channel_idx=0 epoch=0 freq_hz=0 pkt_toa_us=169088 legal_dwell_used_us_10s=0

INFO: unrelated frame during TX wait type=0xC0

RFCO_PERTX during TX wait: profile_id=0 tx_status=0x00(OK) hop_idx=0 channel_idx=0 epoch=0 freq_hz=0 pkt_toa_us=25728 legal_dwell_used_us_10s=0

2026-07-25 02:43:34,119 INFO image_tx_daemon: frame seq=82 done: 2 fragments ok

INFO: unrelated frame during TX wait type=0xC0

RFCO_PERTX during TX wait: profile_id=0 tx_status=0x00(OK) hop_idx=0 channel_idx=0 epoch=0 freq_hz=0 pkt_toa_us=169088 legal_dwell_used_us_10s=0

INFO: unrelated frame during TX wait type=0xC0

RFCO_PERTX during TX wait: profile_id=0 tx_status=0x00(OK) hop_idx=0 channel_idx=0 epoch=0 freq_hz=0 pkt_toa_us=38528 legal_dwell_used_us_10s=0

2026-07-25 02:43:35,129 INFO image_tx_daemon: frame seq=89 done: 2 fragments ok

INFO: unrelated frame during TX wait type=0xC0

RFCO_PERTX during TX wait: profile_id=0 tx_status=0x00(OK) hop_idx=0 channel_idx=0 epoch=0 freq_hz=0 pkt_toa_us=169088 legal_dwell_used_us_10s=0

INFO: unrelated frame during TX wait type=0xC0

RFCO_PERTX during TX wait: profile_id=0 tx_status=0x00(OK) hop_idx=0 channel_idx=0 epoch=0 freq_hz=0 pkt_toa_us=61568 legal_dwell_used_us_10s=0

2026-07-25 02:43:35,402 INFO image_tx_daemon: frame seq=95 done: 2 fragments ok

INFO: unrelated frame during TX wait type=0xC0

RFCO_PERTX during TX wait: profile_id=0 tx_status=0x00(OK) hop_idx=0 channel_idx=0 epoch=0 freq_hz=0 pkt_toa_us=169088 legal_dwell_used_us_10s=0

INFO: unrelated frame during TX wait type=0xC0

RFCO_PERTX during TX wait: profile_id=0 tx_status=0x00(OK) hop_idx=0 channel_idx=0 epoch=0 freq_hz=0 pkt_toa_us=53888 legal_dwell_used_us_10s=0

2026-07-25 02:43:36,591 INFO image_tx_daemon: frame seq=96 done: 2 fragments ok

INFO: unrelated frame during TX wait type=0xC0

RFCO_PERTX during TX wait: profile_id=0 tx_status=0x00(OK) hop_idx=0 channel_idx=0 epoch=0 freq_hz=0 pkt_toa_us=169088 legal_dwell_used_us_10s=0

INFO: unrelated frame during TX wait type=0xC0

RFCO_PERTX during TX wait: profile_id=0 tx_status=0x00(OK) hop_idx=0 channel_idx=0 epoch=0 freq_hz=0 pkt_toa_us=53888 legal_dwell_used_us_10s=0

2026-07-25 02:43:37,798 INFO image_tx_daemon: frame seq=103 done: 2 fragments ok

INFO: unrelated frame during TX wait type=0xC0

RFCO_PERTX during TX wait: profile_id=0 tx_status=0x00(OK) hop_idx=0 channel_idx=0 epoch=0 freq_hz=0 pkt_toa_us=169088 legal_dwell_used_us_10s=0

2026-07-25 02:43:38,922 INFO image_tx_daemon: frame seq=111 done: 1 fragments ok

INFO: unrelated frame during TX wait type=0xC0

RFCO_PERTX during TX wait: profile_id=0 tx_status=0x00(OK) hop_idx=0 channel_idx=0 epoch=0 freq_hz=0 pkt_toa_us=156288 legal_dwell_used_us_10s=0

2026-07-25 02:43:39,101 INFO image_tx_daemon: frame seq=118 done: 1 fragments ok

INFO: unrelated frame during TX wait type=0xC0

RFCO_PERTX during TX wait: profile_id=0 tx_status=0x00(OK) hop_idx=0 channel_idx=0 epoch=0 freq_hz=0 pkt_toa_us=146048 legal_dwell_used_us_10s=0

2026-07-25 02:43:40,090 INFO image_tx_daemon: frame seq=119 done: 1 fragments ok

INFO: unrelated frame during TX wait type=0xC0

RFCO_PERTX during TX wait: profile_id=0 tx_status=0x00(OK) hop_idx=0 channel_idx=0 epoch=0 freq_hz=0 pkt_toa_us=169088 legal_dwell_used_us_10s=0

INFO: unrelated frame during TX wait type=0xC0

RFCO_PERTX during TX wait: profile_id=0 tx_status=0x00(OK) hop_idx=0 channel_idx=0 epoch=0 freq_hz=0 pkt_toa_us=64128 legal_dwell_used_us_10s=0

2026-07-25 02:43:40,384 INFO image_tx_daemon: frame seq=124 done: 2 fragments ok

2026-07-25 02:43:40,473 INFO image_tx_daemon: stats: goodput=306.9 B/s util=26% pipeline=v2 frames_in=642 ok=158 fail=0 drop_full=479 drop_stale=0 frags_ok=224 frags_fail=0 qdepth=4

INFO: unrelated frame during TX wait type=0xC0

RFCO_PERTX during TX wait: profile_id=0 tx_status=0x00(OK) hop_idx=0 channel_idx=0 epoch=0 freq_hz=0 pkt_toa_us=169088 legal_dwell_used_us_10s=0

INFO: unrelated frame during TX wait type=0xC0

RFCO_PERTX during TX wait: profile_id=0 tx_status=0x00(OK) hop_idx=0 channel_idx=0 epoch=0 freq_hz=0 pkt_toa_us=61568 legal_dwell_used_us_10s=0

2026-07-25 02:43:41,572 INFO image_tx_daemon: frame seq=126 done: 2 fragments ok

INFO: unrelated frame during TX wait type=0xC0

RFCO_PERTX during TX wait: profile_id=0 tx_status=0x00(OK) hop_idx=0 channel_idx=0 epoch=0 freq_hz=0 pkt_toa_us=169088 legal_dwell_used_us_10s=0

INFO: unrelated frame during TX wait type=0xC0

RFCO_PERTX during TX wait: profile_id=0 tx_status=0x00(OK) hop_idx=0 channel_idx=0 epoch=0 freq_hz=0 pkt_toa_us=46208 legal_dwell_used_us_10s=0

2026-07-25 02:43:42,759 INFO image_tx_daemon: frame seq=133 done: 2 fragments ok

INFO: unrelated frame during TX wait type=0xC0

RFCO_PERTX during TX wait: profile_id=0 tx_status=0x00(OK) hop_idx=0 channel_idx=0 epoch=0 freq_hz=0 pkt_toa_us=169088 legal_dwell_used_us_10s=0

INFO: unrelated frame during TX wait type=0xC0

RFCO_PERTX during TX wait: profile_id=0 tx_status=0x00(OK) hop_idx=0 channel_idx=0 epoch=0 freq_hz=0 pkt_toa_us=35968 legal_dwell_used_us_10s=0

2026-07-25 02:43:43,946 INFO image_tx_daemon: frame seq=141 done: 2 fragments ok

INFO: unrelated frame during TX wait type=0xC0

RFCO_PERTX during TX wait: profile_id=0 tx_status=0x00(OK) hop_idx=0 channel_idx=0 epoch=0 freq_hz=0 pkt_toa_us=169088 legal_dwell_used_us_10s=0

INFO: unrelated frame during TX wait type=0xC0

RFCO_PERTX during TX wait: profile_id=0 tx_status=0x00(OK) hop_idx=0 channel_idx=0 epoch=0 freq_hz=0 pkt_toa_us=46208 legal_dwell_used_us_10s=0

2026-07-25 02:43:44,957 INFO image_tx_daemon: frame seq=148 done: 2 fragments ok

INFO: unrelated frame during TX wait type=0xC0

RFCO_PERTX during TX wait: profile_id=0 tx_status=0x00(OK) hop_idx=0 channel_idx=0 epoch=0 freq_hz=0 pkt_toa_us=169088 legal_dwell_used_us_10s=0

INFO: unrelated frame during TX wait type=0xC0

RFCO_PERTX during TX wait: profile_id=0 tx_status=0x00(OK) hop_idx=0 channel_idx=0 epoch=0 freq_hz=0 pkt_toa_us=51328 legal_dwell_used_us_10s=0

2026-07-25 02:43:45,407 INFO image_tx_daemon: frame seq=154 done: 2 fragments ok

INFO: unrelated frame during TX wait type=0xC0

RFCO_PERTX during TX wait: profile_id=0 tx_status=0x00(OK) hop_idx=0 channel_idx=0 epoch=0 freq_hz=0 pkt_toa_us=169088 legal_dwell_used_us_10s=0

INFO: unrelated frame during TX wait type=0xC0

RFCO_PERTX during TX wait: profile_id=0 tx_status=0x00(OK) hop_idx=0 channel_idx=0 epoch=0 freq_hz=0 pkt_toa_us=51328 legal_dwell_used_us_10s=0

2026-07-25 02:43:46,607 INFO image_tx_daemon: frame seq=157 done: 2 fragments ok

INFO: unrelated frame during TX wait type=0xC0

RFCO_PERTX during TX wait: profile_id=0 tx_status=0x00(OK) hop_idx=0 channel_idx=0 epoch=0 freq_hz=0 pkt_toa_us=115328 legal_dwell_used_us_10s=0

2026-07-25 02:43:46,744 INFO image_tx_daemon: frame seq=164 done: 1 fragments ok

INFO: unrelated frame during TX wait type=0xC0

RFCO_PERTX during TX wait: profile_id=0 tx_status=0x00(OK) hop_idx=0 channel_idx=0 epoch=0 freq_hz=0 pkt_toa_us=169088 legal_dwell_used_us_10s=0

INFO: unrelated frame during TX wait type=0xC0

RFCO_PERTX during TX wait: profile_id=0 tx_status=0x00(OK) hop_idx=0 channel_idx=0 epoch=0 freq_hz=0 pkt_toa_us=69248 legal_dwell_used_us_10s=0

2026-07-25 02:43:47,826 INFO image_tx_daemon: frame seq=165 done: 2 fragments ok

INFO: unrelated frame during TX wait type=0xC0

RFCO_PERTX during TX wait: profile_id=0 tx_status=0x00(OK) hop_idx=0 channel_idx=0 epoch=0 freq_hz=0 pkt_toa_us=107648 legal_dwell_used_us_10s=0

2026-07-25 02:43:47,952 INFO image_tx_daemon: frame seq=171 done: 1 fragments ok

INFO: unrelated frame during TX wait type=0xC0

RFCO_PERTX during TX wait: profile_id=0 tx_status=0x00(OK) hop_idx=0 channel_idx=0 epoch=0 freq_hz=0 pkt_toa_us=107648 legal_dwell_used_us_10s=0

2026-07-25 02:43:48,867 INFO image_tx_daemon: frame seq=172 done: 1 fragments ok

INFO: unrelated frame during TX wait type=0xC4

INFO: unrelated frame during TX wait type=0xC0

RFCO_PERTX during TX wait: profile_id=0 tx_status=0x00(OK) hop_idx=0 channel_idx=0 epoch=0 freq_hz=0 pkt_toa_us=115328 legal_dwell_used_us_10s=0

2026-07-25 02:43:49,009 INFO image_tx_daemon: frame seq=177 done: 1 fragments ok

INFO: unrelated frame during TX wait type=0xC0

RFCO_PERTX during TX wait: profile_id=0 tx_status=0x00(OK) hop_idx=0 channel_idx=0 epoch=0 freq_hz=0 pkt_toa_us=115328 legal_dwell_used_us_10s=0

2026-07-25 02:43:49,146 INFO image_tx_daemon: frame seq=178 done: 1 fragments ok

INFO: unrelated frame during TX wait type=0xC0

RFCO_PERTX during TX wait: profile_id=0 tx_status=0x00(OK) hop_idx=0 channel_idx=0 epoch=0 freq_hz=0 pkt_toa_us=115328 legal_dwell_used_us_10s=0

2026-07-25 02:43:50,004 INFO image_tx_daemon: frame seq=179 done: 1 fragments ok

INFO: unrelated frame during TX wait type=0xC0

RFCO_PERTX during TX wait: profile_id=0 tx_status=0x00(OK) hop_idx=0 channel_idx=0 epoch=0 freq_hz=0 pkt_toa_us=117888 legal_dwell_used_us_10s=0

2026-07-25 02:43:50,147 INFO image_tx_daemon: frame seq=184 done: 1 fragments ok

INFO: unrelated frame during TX wait type=0xC0

RFCO_PERTX during TX wait: profile_id=0 tx_status=0x00(OK) hop_idx=0 channel_idx=0 epoch=0 freq_hz=0 pkt_toa_us=117888 legal_dwell_used_us_10s=0

2026-07-25 02:43:50,284 INFO image_tx_daemon: frame seq=185 done: 1 fragments ok

2026-07-25 02:43:50,484 INFO image_tx_daemon: stats: goodput=280.5 B/s util=25% pipeline=v2 frames_in=702 ok=173 fail=0 drop_full=524 drop_stale=0 frags_ok=246 frags_fail=0 qdepth=4

INFO: unrelated frame during TX wait type=0xC0

RFCO_PERTX during TX wait: profile_id=0 tx_status=0x00(OK) hop_idx=0 channel_idx=0 epoch=0 freq_hz=0 pkt_toa_us=120448 legal_dwell_used_us_10s=0

2026-07-25 02:43:51,151 INFO image_tx_daemon: frame seq=186 done: 1 fragments ok

INFO: unrelated frame during TX wait type=0xC0

RFCO_PERTX during TX wait: profile_id=0 tx_status=0x00(OK) hop_idx=0 channel_idx=0 epoch=0 freq_hz=0 pkt_toa_us=117888 legal_dwell_used_us_10s=0

2026-07-25 02:43:51,288 INFO image_tx_daemon: frame seq=191 done: 1 fragments ok

INFO: unrelated frame during TX wait type=0xC0

RFCO_PERTX during TX wait: profile_id=0 tx_status=0x00(OK) hop_idx=0 channel_idx=0 epoch=0 freq_hz=0 pkt_toa_us=120448 legal_dwell_used_us_10s=0

2026-07-25 02:43:51,435 INFO image_tx_daemon: frame seq=192 done: 1 fragments ok

INFO: unrelated frame during TX wait type=0xC0

RFCO_PERTX during TX wait: profile_id=0 tx_status=0x00(OK) hop_idx=0 channel_idx=0 epoch=0 freq_hz=0 pkt_toa_us=120448 legal_dwell_used_us_10s=0

2026-07-25 02:43:52,297 INFO image_tx_daemon: frame seq=193 done: 1 fragments ok

INFO: unrelated frame during TX wait type=0xC0

RFCO_PERTX during TX wait: profile_id=0 tx_status=0x00(OK) hop_idx=0 channel_idx=0 epoch=0 freq_hz=0 pkt_toa_us=148608 legal_dwell_used_us_10s=0

2026-07-25 02:43:52,613 INFO image_tx_daemon: frame seq=198 done: 1 fragments ok

INFO: unrelated frame during TX wait type=0xC0

RFCO_PERTX during TX wait: profile_id=0 tx_status=0x00(OK) hop_idx=0 channel_idx=0 epoch=0 freq_hz=0 pkt_toa_us=151168 legal_dwell_used_us_10s=0

2026-07-25 02:43:53,475 INFO image_tx_daemon: frame seq=200 done: 1 fragments ok

INFO: unrelated frame during TX wait type=0xC0

RFCO_PERTX during TX wait: profile_id=0 tx_status=0x00(OK) hop_idx=0 channel_idx=0 epoch=0 freq_hz=0 pkt_toa_us=169088 legal_dwell_used_us_10s=0

2026-07-25 02:43:53,811 INFO image_tx_daemon: frame seq=204 done: 1 fragments ok

INFO: unrelated frame during TX wait type=0xC0

RFCO_PERTX during TX wait: profile_id=0 tx_status=0x00(OK) hop_idx=0 channel_idx=0 epoch=0 freq_hz=0 pkt_toa_us=169088 legal_dwell_used_us_10s=0

INFO: unrelated frame during TX wait type=0xC0

RFCO_PERTX during TX wait: profile_id=0 tx_status=0x00(OK) hop_idx=0 channel_idx=0 epoch=0 freq_hz=0 pkt_toa_us=38528 legal_dwell_used_us_10s=0

2026-07-25 02:43:54,726 INFO image_tx_daemon: frame seq=207 done: 2 fragments ok

INFO: unrelated frame during TX wait type=0xC0

RFCO_PERTX during TX wait: profile_id=0 tx_status=0x00(OK) hop_idx=0 channel_idx=0 epoch=0 freq_hz=0 pkt_toa_us=169088 legal_dwell_used_us_10s=0

INFO: unrelated frame during TX wait type=0xC0

RFCO_PERTX during TX wait: profile_id=0 tx_status=0x00(OK) hop_idx=0 channel_idx=0 epoch=0 freq_hz=0 pkt_toa_us=59008 legal_dwell_used_us_10s=0

2026-07-25 02:43:55,747 INFO image_tx_daemon: frame seq=212 done: 2 fragments ok

INFO: unrelated frame during TX wait type=0xC0

RFCO_PERTX during TX wait: profile_id=0 tx_status=0x00(OK) hop_idx=0 channel_idx=0 epoch=0 freq_hz=0 pkt_toa_us=169088 legal_dwell_used_us_10s=0

INFO: unrelated frame during TX wait type=0xC0

RFCO_PERTX during TX wait: profile_id=0 tx_status=0x00(OK) hop_idx=0 channel_idx=0 epoch=0 freq_hz=0 pkt_toa_us=66688 legal_dwell_used_us_10s=0

2026-07-25 02:43:56,292 INFO image_tx_daemon: frame seq=218 done: 2 fragments ok

INFO: unrelated frame during TX wait type=0xC0

RFCO_PERTX during TX wait: profile_id=0 tx_status=0x00(OK) hop_idx=0 channel_idx=0 epoch=0 freq_hz=0 pkt_toa_us=169088 legal_dwell_used_us_10s=0

INFO: unrelated frame during TX wait type=0xC0

RFCO_PERTX during TX wait: profile_id=0 tx_status=0x00(OK) hop_idx=0 channel_idx=0 epoch=0 freq_hz=0 pkt_toa_us=66688 legal_dwell_used_us_10s=0

2026-07-25 02:43:57,491 INFO image_tx_daemon: frame seq=222 done: 2 fragments ok

