2026-07-29 10:36:34,677 INFO image_tx_daemon: opening L072 HostLink on /dev/ttymxc3 @ 921600

2026-07-29 10:36:34,686 INFO image_tx_daemon: image_tx_daemon started; mqtt=127.0.0.1:1883 uart=/dev/ttymxc3

2026-07-29 10:36:34,691 INFO image_tx_daemon: MQTT connected; subscribing to lifetrac/v25/cmd/image_frame

2026-07-29 10:36:34,694 INFO image_tx_daemon: LIFETRAC_SKIP_RESET_REQ=1 — relying on external NRST; draining boot chatter only

2026-07-29 10:36:34,712 INFO image_tx_daemon: link_budget: published n_frag=1 profile_idx=6 (profile 2)

INFO: post-VER drain queued type=0xF1 seq=0

INFO: post-VER drain queued type=0xC1 seq=0

INFO: post-VER drain queued type=0xF1 seq=0

INFO: post-VER drain queued type=0xC1 seq=0

Initializing regulatory profile 2 on co-processor...

  FHSS mask: single channel 0 (0100000000000000)

CFG_SET_REQ(FHSS_CHANNEL_MASK) OK: 07000800

CFG_SET_REQ(ANTENNA_GAIN_DBI) OK: 15000100

CFG_SET_REQ(HW_CEILING_DBM) OK: 16000100

  FHSS seed: (0,0) legacy shared permutation [set LIFETRAC_FHSS_FARM_ID / LIFETRAC_FHSS_LINK_ID to separate pairs]

WARN: CFG_SET_REQ(FHSS_FARM_ID) failed: CFG_SET(0x17) REJECTED: status=1 (UNKNOWN_KEY) — do NOT treat as OK

WARN: CFG_SET_REQ(FHSS_NODE_ID) failed: CFG_SET(0x18) REJECTED: status=1 (UNKNOWN_KEY) — do NOT treat as OK

CFG_SET_REQ(REG_PROFILE=2) OK: 14000100

  forcing FRF -> 915.000 MHz (raw=0xE4C000 -> Msb=0xE4 Mid=0xC0 Lsb=0x00)

  FRF readback: 0xE4C000 = 915.000 MHz (OK)

PHY contract OK: image_bw500 == {'sf': 7, 'bw_khz': 500, 'cr_den': 5, 'preamble': 8}

2026-07-29 10:36:35,581 INFO image_tx_daemon: LBT_ENABLE=0 (matches W1-10b TX_BURST rationale)

2026-07-29 10:36:35,603 INFO image_tx_daemon: RXCONT armed for command downlink (opmode 0x81 -> 0x85)

2026-07-29 10:36:35,603 INFO image_tx_daemon: TX worker ready (inter_cycle_s=0.050, max 8 frags/dwell)

2026-07-29 10:36:35,681 INFO image_tx_daemon: stats: goodput=0.0 B/s util=0% pipeline=v3 frames_in=0 ok=0 fail=0 drop_full=0 drop_stale=0 frags_ok=0 frags_fail=0 qdepth=0 parity_tx=0

2026-07-29 10:36:36,218 INFO image_tx_daemon: LoRa cmd: ENCODE_MODE 6

2026-07-29 10:36:36,793 INFO image_tx_daemon: LoRa cmd: ENCODE_MODE 6

2026-07-29 10:36:37,368 INFO image_tx_daemon: LoRa cmd: ENCODE_MODE 6

2026-07-29 10:36:37,942 INFO image_tx_daemon: LoRa cmd: ENCODE_MODE 6

2026-07-29 10:36:38,517 INFO image_tx_daemon: LoRa cmd: ENCODE_MODE 6

2026-07-29 10:36:39,095 INFO image_tx_daemon: LoRa cmd: ENCODE_MODE 6

2026-07-29 10:36:39,671 INFO image_tx_daemon: LoRa cmd: ENCODE_MODE 6

2026-07-29 10:36:40,246 INFO image_tx_daemon: LoRa cmd: ENCODE_MODE 6

2026-07-29 10:36:40,821 INFO image_tx_daemon: LoRa cmd: ENCODE_MODE 6

2026-07-29 10:36:41,397 INFO image_tx_daemon: LoRa cmd: ENCODE_MODE 6

2026-07-29 10:36:41,972 INFO image_tx_daemon: LoRa cmd: ENCODE_MODE 6

2026-07-29 10:36:42,266 INFO image_tx_daemon: LoRa cmd: ENCODE_MODE 6

2026-07-29 10:36:42,842 INFO image_tx_daemon: LoRa cmd: ENCODE_MODE 6

2026-07-29 10:36:43,417 INFO image_tx_daemon: LoRa cmd: ENCODE_MODE 6

2026-07-29 10:36:43,992 INFO image_tx_daemon: LoRa cmd: ENCODE_MODE 6

2026-07-29 10:36:44,567 INFO image_tx_daemon: LoRa cmd: ENCODE_MODE 6

2026-07-29 10:36:45,142 INFO image_tx_daemon: LoRa cmd: ENCODE_MODE 6

2026-07-29 10:36:45,692 INFO image_tx_daemon: stats: goodput=0.0 B/s util=0% pipeline=v3 frames_in=0 ok=0 fail=0 drop_full=0 drop_stale=0 frags_ok=0 frags_fail=0 qdepth=0 parity_tx=0

2026-07-29 10:36:53,073 INFO image_tx_daemon: frame seq=1 done (pipelined): 13 fragments ok

2026-07-29 10:36:55,572 INFO image_tx_daemon: frame seq=2 done (pipelined): 13 fragments ok

2026-07-29 10:36:55,704 INFO image_tx_daemon: stats: goodput=606.2 B/s util=25% pipeline=v3 frames_in=2 ok=2 fail=0 drop_full=0 drop_stale=0 frags_ok=26 frags_fail=0 qdepth=0 parity_tx=0

2026-07-29 10:36:58,072 INFO image_tx_daemon: frame seq=3 done (pipelined): 13 fragments ok

2026-07-29 10:37:00,520 INFO image_tx_daemon: frame seq=4 done (pipelined): 12 fragments ok

2026-07-29 10:37:03,025 INFO image_tx_daemon: frame seq=5 done (pipelined): 12 fragments ok

2026-07-29 10:37:05,516 INFO image_tx_daemon: frame seq=6 done (pipelined): 12 fragments ok

2026-07-29 10:37:05,715 INFO image_tx_daemon: stats: goodput=1188.3 B/s util=48% pipeline=v3 frames_in=6 ok=6 fail=0 drop_full=0 drop_stale=0 frags_ok=75 frags_fail=0 qdepth=0 parity_tx=0

2026-07-29 10:37:08,062 INFO image_tx_daemon: frame seq=7 done (pipelined): 13 fragments ok

2026-07-29 10:37:10,572 INFO image_tx_daemon: frame seq=8 done (pipelined): 13 fragments ok

2026-07-29 10:37:13,053 INFO image_tx_daemon: frame seq=9 done (pipelined): 13 fragments ok

2026-07-29 10:37:15,572 INFO image_tx_daemon: frame seq=10 done (pipelined): 13 fragments ok

2026-07-29 10:37:15,726 INFO image_tx_daemon: stats: goodput=1207.4 B/s util=49% pipeline=v3 frames_in=10 ok=10 fail=0 drop_full=0 drop_stale=0 frags_ok=127 frags_fail=0 qdepth=0 parity_tx=0

2026-07-29 10:37:18,026 INFO image_tx_daemon: frame seq=11 done (pipelined): 12 fragments ok

2026-07-29 10:37:20,561 INFO image_tx_daemon: frame seq=12 done (pipelined): 13 fragments ok

2026-07-29 10:37:23,047 INFO image_tx_daemon: frame seq=13 done (pipelined): 13 fragments ok

2026-07-29 10:37:25,519 INFO image_tx_daemon: frame seq=14 done (pipelined): 12 fragments ok

2026-07-29 10:37:25,737 INFO image_tx_daemon: stats: goodput=1187.5 B/s util=48% pipeline=v3 frames_in=14 ok=14 fail=0 drop_full=0 drop_stale=0 frags_ok=177 frags_fail=0 qdepth=0 parity_tx=0

2026-07-29 10:37:28,059 INFO image_tx_daemon: frame seq=15 done (pipelined): 13 fragments ok

2026-07-29 10:37:30,572 INFO image_tx_daemon: frame seq=16 done (pipelined): 13 fragments ok

2026-07-29 10:37:33,015 INFO image_tx_daemon: frame seq=17 done (pipelined): 12 fragments ok

2026-07-29 10:37:35,561 INFO image_tx_daemon: frame seq=18 done (pipelined): 13 fragments ok

2026-07-29 10:37:35,748 INFO image_tx_daemon: stats: goodput=1196.9 B/s util=49% pipeline=v3 frames_in=18 ok=18 fail=0 drop_full=0 drop_stale=0 frags_ok=228 frags_fail=0 qdepth=0 parity_tx=0

2026-07-29 10:37:38,062 INFO image_tx_daemon: frame seq=19 done (pipelined): 13 fragments ok

2026-07-29 10:37:40,564 INFO image_tx_daemon: frame seq=20 done (pipelined): 13 fragments ok

2026-07-29 10:37:43,072 INFO image_tx_daemon: frame seq=21 done (pipelined): 13 fragments ok

2026-07-29 10:37:45,572 INFO image_tx_daemon: frame seq=22 done (pipelined): 13 fragments ok

2026-07-29 10:37:45,760 INFO image_tx_daemon: stats: goodput=1211.4 B/s util=49% pipeline=v3 frames_in=22 ok=22 fail=0 drop_full=0 drop_stale=0 frags_ok=280 frags_fail=0 qdepth=0 parity_tx=0

2026-07-29 10:37:48,059 INFO image_tx_daemon: frame seq=23 done (pipelined): 13 fragments ok

2026-07-29 10:37:50,572 INFO image_tx_daemon: frame seq=24 done (pipelined): 13 fragments ok

2026-07-29 10:37:53,062 INFO image_tx_daemon: frame seq=25 done (pipelined): 13 fragments ok

2026-07-29 10:37:55,549 INFO image_tx_daemon: frame seq=26 done (pipelined): 13 fragments ok

2026-07-29 10:37:55,771 INFO image_tx_daemon: stats: goodput=1204.2 B/s util=49% pipeline=v3 frames_in=26 ok=26 fail=0 drop_full=0 drop_stale=0 frags_ok=332 frags_fail=0 qdepth=0 parity_tx=0

2026-07-29 10:37:58,072 INFO image_tx_daemon: frame seq=27 done (pipelined): 13 fragments ok

2026-07-29 10:38:00,516 INFO image_tx_daemon: frame seq=28 done (pipelined): 12 fragments ok

2026-07-29 10:38:03,072 INFO image_tx_daemon: frame seq=29 done (pipelined): 13 fragments ok

2026-07-29 10:38:05,525 INFO image_tx_daemon: frame seq=30 done (pipelined): 12 fragments ok

2026-07-29 10:38:05,781 INFO image_tx_daemon: stats: goodput=1198.5 B/s util=49% pipeline=v3 frames_in=30 ok=30 fail=0 drop_full=0 drop_stale=0 frags_ok=382 frags_fail=0 qdepth=0 parity_tx=0

2026-07-29 10:38:08,019 INFO image_tx_daemon: frame seq=31 done (pipelined): 12 fragments ok

2026-07-29 10:38:10,523 INFO image_tx_daemon: frame seq=32 done (pipelined): 12 fragments ok

2026-07-29 10:38:13,072 INFO image_tx_daemon: frame seq=33 done (pipelined): 13 fragments ok

2026-07-29 10:38:15,572 INFO image_tx_daemon: frame seq=34 done (pipelined): 13 fragments ok

2026-07-29 10:38:15,793 INFO image_tx_daemon: stats: goodput=1196.4 B/s util=49% pipeline=v3 frames_in=34 ok=34 fail=0 drop_full=0 drop_stale=0 frags_ok=432 frags_fail=0 qdepth=0 parity_tx=0

2026-07-29 10:38:18,072 INFO image_tx_daemon: frame seq=35 done (pipelined): 13 fragments ok

2026-07-29 10:38:20,520 INFO image_tx_daemon: frame seq=36 done (pipelined): 12 fragments ok

2026-07-29 10:38:23,026 INFO image_tx_daemon: frame seq=37 done (pipelined): 12 fragments ok

2026-07-29 10:38:25,516 INFO image_tx_daemon: frame seq=38 done (pipelined): 12 fragments ok

2026-07-29 10:38:25,804 INFO image_tx_daemon: stats: goodput=1188.3 B/s util=48% pipeline=v3 frames_in=38 ok=38 fail=0 drop_full=0 drop_stale=0 frags_ok=481 frags_fail=0 qdepth=0 parity_tx=0

2026-07-29 10:38:28,064 INFO image_tx_daemon: frame seq=39 done (pipelined): 13 fragments ok

2026-07-29 10:38:30,572 INFO image_tx_daemon: frame seq=40 done (pipelined): 13 fragments ok

2026-07-29 10:38:33,053 INFO image_tx_daemon: frame seq=41 done (pipelined): 13 fragments ok

2026-07-29 10:38:35,572 INFO image_tx_daemon: frame seq=42 done (pipelined): 13 fragments ok

2026-07-29 10:38:35,817 INFO image_tx_daemon: stats: goodput=1207.2 B/s util=49% pipeline=v3 frames_in=42 ok=42 fail=0 drop_full=0 drop_stale=0 frags_ok=533 frags_fail=0 qdepth=0 parity_tx=0

2026-07-29 10:38:38,025 INFO image_tx_daemon: frame seq=43 done (pipelined): 12 fragments ok

2026-07-29 10:38:40,561 INFO image_tx_daemon: frame seq=44 done (pipelined): 13 fragments ok

2026-07-29 10:38:43,045 INFO image_tx_daemon: frame seq=45 done (pipelined): 13 fragments ok

2026-07-29 10:38:45,519 INFO image_tx_daemon: frame seq=46 done (pipelined): 12 fragments ok

2026-07-29 10:38:45,828 INFO image_tx_daemon: stats: goodput=1187.5 B/s util=48% pipeline=v3 frames_in=46 ok=46 fail=0 drop_full=0 drop_stale=0 frags_ok=583 frags_fail=0 qdepth=0 parity_tx=0

2026-07-29 10:38:48,060 INFO image_tx_daemon: frame seq=47 done (pipelined): 13 fragments ok

2026-07-29 10:38:50,572 INFO image_tx_daemon: frame seq=48 done (pipelined): 13 fragments ok

2026-07-29 10:38:53,014 INFO image_tx_daemon: frame seq=49 done (pipelined): 12 fragments ok

2026-07-29 10:38:55,561 INFO image_tx_daemon: frame seq=50 done (pipelined): 13 fragments ok

2026-07-29 10:38:55,839 INFO image_tx_daemon: stats: goodput=1197.0 B/s util=49% pipeline=v3 frames_in=50 ok=50 fail=0 drop_full=0 drop_stale=0 frags_ok=634 frags_fail=0 qdepth=0 parity_tx=0

2026-07-29 10:38:58,062 INFO image_tx_daemon: frame seq=51 done (pipelined): 13 fragments ok

2026-07-29 10:39:00,556 INFO image_tx_daemon: frame seq=52 done (pipelined): 13 fragments ok

2026-07-29 10:39:03,072 INFO image_tx_daemon: frame seq=53 done (pipelined): 13 fragments ok

2026-07-29 10:39:05,572 INFO image_tx_daemon: frame seq=54 done (pipelined): 13 fragments ok

2026-07-29 10:39:05,853 INFO image_tx_daemon: stats: goodput=1211.1 B/s util=49% pipeline=v3 frames_in=54 ok=54 fail=0 drop_full=0 drop_stale=0 frags_ok=686 frags_fail=0 qdepth=0 parity_tx=0

2026-07-29 10:39:08,059 INFO image_tx_daemon: frame seq=55 done (pipelined): 13 fragments ok

2026-07-29 10:39:10,572 INFO image_tx_daemon: frame seq=56 done (pipelined): 13 fragments ok

2026-07-29 10:39:13,062 INFO image_tx_daemon: frame seq=57 done (pipelined): 13 fragments ok

2026-07-29 10:39:15,547 INFO image_tx_daemon: frame seq=58 done (pipelined): 13 fragments ok

2026-07-29 10:39:15,864 INFO image_tx_daemon: stats: goodput=1204.2 B/s util=49% pipeline=v3 frames_in=58 ok=58 fail=0 drop_full=0 drop_stale=0 frags_ok=738 frags_fail=0 qdepth=0 parity_tx=0

2026-07-29 10:39:18,074 INFO image_tx_daemon: frame seq=59 done (pipelined): 13 fragments ok

2026-07-29 10:39:20,516 INFO image_tx_daemon: frame seq=60 done (pipelined): 12 fragments ok

2026-07-29 10:39:23,072 INFO image_tx_daemon: frame seq=61 done (pipelined): 13 fragments ok

2026-07-29 10:39:25,525 INFO image_tx_daemon: frame seq=62 done (pipelined): 12 fragments ok

2026-07-29 10:39:25,875 INFO image_tx_daemon: stats: goodput=1198.4 B/s util=49% pipeline=v3 frames_in=62 ok=62 fail=0 drop_full=0 drop_stale=0 frags_ok=788 frags_fail=0 qdepth=0 parity_tx=0

2026-07-29 10:39:28,020 INFO image_tx_daemon: frame seq=63 done (pipelined): 12 fragments ok

2026-07-29 10:39:30,522 INFO image_tx_daemon: frame seq=64 done (pipelined): 12 fragments ok

2026-07-29 10:39:33,073 INFO image_tx_daemon: frame seq=65 done (pipelined): 13 fragments ok

2026-07-29 10:39:35,572 INFO image_tx_daemon: frame seq=66 done (pipelined): 13 fragments ok

2026-07-29 10:39:35,886 INFO image_tx_daemon: stats: goodput=1196.5 B/s util=49% pipeline=v3 frames_in=66 ok=66 fail=0 drop_full=0 drop_stale=0 frags_ok=838 frags_fail=0 qdepth=0 parity_tx=0

2026-07-29 10:39:38,072 INFO image_tx_daemon: frame seq=67 done (pipelined): 13 fragments ok

2026-07-29 10:39:40,521 INFO image_tx_daemon: frame seq=68 done (pipelined): 12 fragments ok

2026-07-29 10:39:43,025 INFO image_tx_daemon: frame seq=69 done (pipelined): 12 fragments ok

2026-07-29 10:39:45,516 INFO image_tx_daemon: frame seq=70 done (pipelined): 12 fragments ok

2026-07-29 10:39:45,897 INFO image_tx_daemon: stats: goodput=1188.3 B/s util=48% pipeline=v3 frames_in=70 ok=70 fail=0 drop_full=0 drop_stale=0 frags_ok=887 frags_fail=0 qdepth=0 parity_tx=0

2026-07-29 10:39:48,062 INFO image_tx_daemon: frame seq=71 done (pipelined): 13 fragments ok

2026-07-29 10:39:50,573 INFO image_tx_daemon: frame seq=72 done (pipelined): 13 fragments ok

2026-07-29 10:39:53,053 INFO image_tx_daemon: frame seq=73 done (pipelined): 13 fragments ok

2026-07-29 10:39:55,574 INFO image_tx_daemon: frame seq=74 done (pipelined): 13 fragments ok

2026-07-29 10:39:55,909 INFO image_tx_daemon: stats: goodput=1207.4 B/s util=49% pipeline=v3 frames_in=74 ok=74 fail=0 drop_full=0 drop_stale=0 frags_ok=939 frags_fail=0 qdepth=0 parity_tx=0

2026-07-29 10:39:58,025 INFO image_tx_daemon: frame seq=75 done (pipelined): 12 fragments ok

2026-07-29 10:40:00,561 INFO image_tx_daemon: frame seq=76 done (pipelined): 13 fragments ok

2026-07-29 10:40:03,045 INFO image_tx_daemon: frame seq=77 done (pipelined): 13 fragments ok

2026-07-29 10:40:05,520 INFO image_tx_daemon: frame seq=78 done (pipelined): 12 fragments ok

2026-07-29 10:40:05,921 INFO image_tx_daemon: stats: goodput=1187.5 B/s util=48% pipeline=v3 frames_in=78 ok=78 fail=0 drop_full=0 drop_stale=0 frags_ok=989 frags_fail=0 qdepth=0 parity_tx=0

2026-07-29 10:40:08,059 INFO image_tx_daemon: frame seq=79 done (pipelined): 13 fragments ok

2026-07-29 10:40:10,572 INFO image_tx_daemon: frame seq=80 done (pipelined): 13 fragments ok

2026-07-29 10:40:13,014 INFO image_tx_daemon: frame seq=81 done (pipelined): 12 fragments ok

2026-07-29 10:40:15,561 INFO image_tx_daemon: frame seq=82 done (pipelined): 13 fragments ok

2026-07-29 10:40:15,934 INFO image_tx_daemon: stats: goodput=1196.7 B/s util=49% pipeline=v3 frames_in=82 ok=82 fail=0 drop_full=0 drop_stale=0 frags_ok=1040 frags_fail=0 qdepth=0 parity_tx=0

2026-07-29 10:40:18,062 INFO image_tx_daemon: frame seq=83 done (pipelined): 13 fragments ok

2026-07-29 10:40:20,563 INFO image_tx_daemon: frame seq=84 done (pipelined): 13 fragments ok

2026-07-29 10:40:23,073 INFO image_tx_daemon: frame seq=85 done (pipelined): 13 fragments ok

2026-07-29 10:40:25,572 INFO image_tx_daemon: frame seq=86 done (pipelined): 13 fragments ok

2026-07-29 10:40:25,945 INFO image_tx_daemon: stats: goodput=1211.4 B/s util=49% pipeline=v3 frames_in=86 ok=86 fail=0 drop_full=0 drop_stale=0 frags_ok=1092 frags_fail=0 qdepth=0 parity_tx=0

2026-07-29 10:40:28,059 INFO image_tx_daemon: frame seq=87 done (pipelined): 13 fragments ok

2026-07-29 10:40:30,572 INFO image_tx_daemon: frame seq=88 done (pipelined): 13 fragments ok

2026-07-29 10:40:33,062 INFO image_tx_daemon: frame seq=89 done (pipelined): 13 fragments ok

2026-07-29 10:40:35,547 INFO image_tx_daemon: frame seq=90 done (pipelined): 13 fragments ok

2026-07-29 10:40:35,956 INFO image_tx_daemon: stats: goodput=1204.3 B/s util=49% pipeline=v3 frames_in=90 ok=90 fail=0 drop_full=0 drop_stale=0 frags_ok=1144 frags_fail=0 qdepth=0 parity_tx=0

2026-07-29 10:40:38,075 INFO image_tx_daemon: frame seq=91 done (pipelined): 13 fragments ok

2026-07-29 10:40:40,516 INFO image_tx_daemon: frame seq=92 done (pipelined): 12 fragments ok

2026-07-29 10:40:43,073 INFO image_tx_daemon: frame seq=93 done (pipelined): 13 fragments ok

