71238.655 KMSG-TAIL-START
71239.270 3,78910,71243843885,-;rtc rtc0: Timeout waiting for LPSRT Counter to change
 SUBSYSTEM=rtc
 DEVICE=c252:0
71239.679 3,78911,71244313568,-;ieee80211 phy0: _brcmf_set_multicast_list: Setting mcast_list failed, -110
 SUBSYSTEM=ieee80211
 DEVICE=+ieee80211:phy0
71240.291 3,78912,71244842623,-;rtc rtc0: Timeout waiting for LPSRT Counter to change
 SUBSYSTEM=rtc
 DEVICE=c252:0
71241.304 3,78913,71245843425,-;rtc rtc0: Timeout waiting for LPSRT Counter to change
 SUBSYSTEM=rtc
 DEVICE=c252:0
71242.317 3,78914,71246845484,-;rtc rtc0: Timeout waiting for LPSRT Counter to change
 SUBSYSTEM=rtc
 DEVICE=c252:0
71242.326 3,78915,71246873984,-;ieee80211 phy0: brcmf_run_escan: error (-110)
 SUBSYSTEM=ieee80211
 DEVICE=+ieee80211:phy0
71242.333 3,78916,71246880174,-;ieee80211 phy0: brcmf_cfg80211_scan: scan error (-110)
 SUBSYSTEM=ieee80211
 DEVICE=+ieee80211:phy0
71242.541 4,78917,71247046205,-;bq24190-charger 2-006b: Fault: boost 0, charge 1, battery 0, ntc 0
 SUBSYSTEM=i2c
 DEVICE=+i2c:2-006b
71243.354 3,78918,71247843562,-;rtc rtc0: Timeout waiting for LPSRT Counter to change
 SUBSYSTEM=rtc
 DEVICE=c252:0
71244.367 3,78919,71248842895,-;rtc rtc0: Timeout waiting for LPSRT Counter to change
 SUBSYSTEM=rtc
 DEVICE=c252:0
71244.778 3,78920,71249433956,-;ieee80211 phy0: _brcmf_set_multicast_list: Setting allmulti failed, -110
 SUBSYSTEM=ieee80211
 DEVICE=+ieee80211:phy0
71245.190 3,78921,71249843267,-;rtc rtc0: Timeout waiting for LPSRT Counter to change
 SUBSYSTEM=rtc
 DEVICE=c252:0
71246.203 3,78922,71250842780,-;rtc rtc0: Timeout waiting for LPSRT Counter to change
 SUBSYSTEM=rtc
 DEVICE=c252:0
71247.218 3,78923,71251843341,-;rtc rtc0: Timeout waiting for LPSRT Counter to change
 SUBSYSTEM=rtc
 DEVICE=c252:0
71247.428 3,78924,71251994158,-;ieee80211 phy0: brcmf_run_escan: error (-110)
 SUBSYSTEM=ieee80211
 DEVICE=+ieee80211:phy0
71247.436 3,78925,71252000030,-;ieee80211 phy0: brcmf_cfg80211_scan: scan error (-110)
 SUBSYSTEM=ieee80211
 DEVICE=+ieee80211:phy0
71248.248 3,78926,71252843250,-;rtc rtc0: Timeout waiting for LPSRT Counter to change
 SUBSYSTEM=rtc
 DEVICE=c252:0
71249.262 3,78927,71253843276,-;rtc rtc0: Timeout waiting for LPSRT Counter to change
 SUBSYSTEM=rtc
 DEVICE=c252:0
71250.075 3,78928,71254554184,-;ieee80211 phy0: _brcmf_set_multicast_list: Setting BRCMF_C_SET_PROMISC failed, err=-110
 SUBSYSTEM=ieee80211
 DEVICE=+ieee80211:phy0
71250.284 3,78929,71254843069,-;rtc rtc0: Timeout waiting for LPSRT Counter to change
 SUBSYSTEM=rtc
 DEVICE=c252:0
71251.299 3,78930,71255843354,-;rtc rtc0: Timeout waiting for LPSRT Counter to change
 SUBSYSTEM=rtc
 DEVICE=c252:0
71251.910 3,78931,71256556479,-;brcmfmac: brcmf_sdio_read_control: last control frame is being processed.
71251.935 3,78932,71256566284,-;brcmfmac: brcmf_sdio_read_control: last control frame is being processed.
71251.973 3,78933,71256575252,-;brcmfmac: brcmf_sdio_read_control: last control frame is being processed.
71251.980 3,78934,71256585166,-;brcmfmac: brcmf_sdio_read_control: last control frame is being processed.
71251.987 3,78935,71256595402,-;brcmfmac: brcmf_sdio_read_control: last control frame is being processed.
71251.993 3,78936,71256607649,-;ieee80211 phy0: brcmf_cfg80211_escan_handler: scan not ready, bsscfgidx=0
 SUBSYSTEM=ieee80211
 DEVICE=+ieee80211:phy0
71252.000 3,78937,71256617406,-;brcmfmac: brcmf_sdio_read_control: last control frame is being processed.
71252.414 4,78938,71257035832,-;net_ratelimit: 22 callbacks suppressed
71252.422 3,78939,71257035939,-;ieee80211 phy0: brcmf_cfg80211_escan_handler: scan not ready, bsscfgidx=0
 SUBSYSTEM=ieee80211
 DEVICE=+ieee80211:phy0
71252.428 3,78940,71257049231,-;ieee80211 phy0: brcmf_fweh_event_worker: event handler failed (69)
 SUBSYSTEM=ieee80211
 DEVICE=+ieee80211:phy0
71252.435 3,78941,71257059069,-;ieee80211 phy0: brcmf_cfg80211_escan_handler: scan not ready, bsscfgidx=0
 SUBSYSTEM=ieee80211
 DEVICE=+ieee80211:phy0
71252.441 3,78942,71257067399,-;ieee80211 phy0: brcmf_fweh_event_worker: event handler failed (69)
 SUBSYSTEM=ieee80211
 DEVICE=+ieee80211:phy0
71252.448 3,78943,71257074933,-;ieee80211 phy0: brcmf_cfg80211_escan_handler: scan not ready, bsscfgidx=0
 SUBSYSTEM=ieee80211
 DEVICE=+ieee80211:phy0
71252.475 3,78944,71257083097,-;ieee80211 phy0: brcmf_fweh_event_worker: event handler failed (69)
 SUBSYSTEM=ieee80211
 DEVICE=+ieee80211:phy0
71252.482 3,78945,71257119202,-;ieee80211 phy0: brcmf_cfg80211_escan_handler: scan not ready, bsscfgidx=0
 SUBSYSTEM=ieee80211
 DEVICE=+ieee80211:phy0
71252.489 3,78946,71257127659,-;ieee80211 phy0: brcmf_fweh_event_worker: event handler failed (69)
 SUBSYSTEM=ieee80211
 DEVICE=+ieee80211:phy0
