=== cycle 1/20 2026-05-20T17:48:24.4920192-05:00 ===
7[r[999;999H[6n7[r[999;999H[6nRUN_OUTDIR=/tmp/lifetrac_p0c/stage1_standard_runs/T6_stage1_standard_2026-05-20_224835
RUN_ID=T6_stage1_standard_2026-05-20_224835
BOARD_SERIAL=2D0A1209DABC240B
IMAGE_NAME=firmware.bin
OPENOCD_CFG=/tmp/lifetrac_p0c/07_assert_pa11_pf4_long.cfg
SYNC_OK=0
GETID_OK=0
ERASE_OK=0
WRITE_OK=0
VERIFY_OK=0
BOOT_OK=0
FINAL_RESULT=FAIL_SYNC
ELAPSED_S=6
OUTDIR=/tmp/lifetrac_p0c/stage1_standard_runs/T6_stage1_standard_2026-05-20_224835
__STD_RC__=1

=== cycle 2/20 2026-05-20T17:48:36.0514831-05:00 ===
7[r[999;999H[6n7[r[999;999H[6nRUN_OUTDIR=/tmp/lifetrac_p0c/stage1_standard_runs/T6_stage1_standard_2026-05-20_224847
RUN_ID=T6_stage1_standard_2026-05-20_224847
BOARD_SERIAL=2D0A1209DABC240B
IMAGE_NAME=firmware.bin
OPENOCD_CFG=/tmp/lifetrac_p0c/07_assert_pa11_pf4_long.cfg
SYNC_OK=0
GETID_OK=0
ERASE_OK=0
WRITE_OK=0
VERIFY_OK=0
BOOT_OK=0
FINAL_RESULT=FAIL_SYNC
ELAPSED_S=5
OUTDIR=/tmp/lifetrac_p0c/stage1_standard_runs/T6_stage1_standard_2026-05-20_224847
__STD_RC__=1

=== cycle 3/20 2026-05-20T17:48:47.5349473-05:00 ===
7[r[999;999H[6n7[r[999;999H[6nRUN_OUTDIR=/tmp/lifetrac_p0c/stage1_standard_runs/T6_stage1_standard_2026-05-20_224858
RUN_ID=T6_stage1_standard_2026-05-20_224858
BOARD_SERIAL=2D0A1209DABC240B
IMAGE_NAME=firmware.bin
OPENOCD_CFG=/tmp/lifetrac_p0c/07_assert_pa11_pf4_long.cfg
SYNC_OK=0
GETID_OK=0
ERASE_OK=0
WRITE_OK=0
VERIFY_OK=0
BOOT_OK=0
FINAL_RESULT=FAIL_SYNC
ELAPSED_S=6
OUTDIR=/tmp/lifetrac_p0c/stage1_standard_runs/T6_stage1_standard_2026-05-20_224858
__STD_RC__=1

=== cycle 4/20 2026-05-20T17:48:59.0217259-05:00 ===
7[r[999;999H[6n7[r[999;999H[6nRUN_OUTDIR=/tmp/lifetrac_p0c/stage1_standard_runs/T6_stage1_standard_2026-05-20_224910
RUN_ID=T6_stage1_standard_2026-05-20_224910
BOARD_SERIAL=2D0A1209DABC240B
IMAGE_NAME=firmware.bin
OPENOCD_CFG=/tmp/lifetrac_p0c/07_assert_pa11_pf4_long.cfg
SYNC_OK=0
GETID_OK=0
ERASE_OK=0
WRITE_OK=0
VERIFY_OK=0
BOOT_OK=0
FINAL_RESULT=FAIL_SYNC
ELAPSED_S=5
OUTDIR=/tmp/lifetrac_p0c/stage1_standard_runs/T6_stage1_standard_2026-05-20_224910
__STD_RC__=1

=== cycle 5/20 2026-05-20T17:49:10.4884790-05:00 ===
7[r[999;999H[6n7[r[999;999H[6nRUN_OUTDIR=/tmp/lifetrac_p0c/stage1_standard_runs/T6_stage1_standard_2026-05-20_224921
RUN_ID=T6_stage1_standard_2026-05-20_224921
BOARD_SERIAL=2D0A1209DABC240B
IMAGE_NAME=firmware.bin
OPENOCD_CFG=/tmp/lifetrac_p0c/07_assert_pa11_pf4_long.cfg
SYNC_OK=0
GETID_OK=0
ERASE_OK=0
WRITE_OK=0
VERIFY_OK=0
BOOT_OK=0
FINAL_RESULT=FAIL_SYNC
ELAPSED_S=5
OUTDIR=/tmp/lifetrac_p0c/stage1_standard_runs/T6_stage1_standard_2026-05-20_224921
__STD_RC__=1

=== cycle 6/20 2026-05-20T17:49:21.9467942-05:00 ===
7[r[999;999H[6n7[r[999;999H[6nRUN_OUTDIR=/tmp/lifetrac_p0c/stage1_standard_runs/T6_stage1_standard_2026-05-20_224933
RUN_ID=T6_stage1_standard_2026-05-20_224933
BOARD_SERIAL=2D0A1209DABC240B
IMAGE_NAME=firmware.bin
OPENOCD_CFG=/tmp/lifetrac_p0c/07_assert_pa11_pf4_long.cfg
SYNC_OK=0
GETID_OK=0
ERASE_OK=0
WRITE_OK=0
VERIFY_OK=0
BOOT_OK=0
FINAL_RESULT=FAIL_SYNC
ELAPSED_S=5
OUTDIR=/tmp/lifetrac_p0c/stage1_standard_runs/T6_stage1_standard_2026-05-20_224933
__STD_RC__=1

=== cycle 7/20 2026-05-20T17:49:33.4364506-05:00 ===
7[r[999;999H[6n7[r[999;999H[6nRUN_OUTDIR=/tmp/lifetrac_p0c/stage1_standard_runs/T6_stage1_standard_2026-05-20_224944
RUN_ID=T6_stage1_standard_2026-05-20_224944
BOARD_SERIAL=2D0A1209DABC240B
IMAGE_NAME=firmware.bin
OPENOCD_CFG=/tmp/lifetrac_p0c/07_assert_pa11_pf4_long.cfg
SYNC_OK=0
GETID_OK=0
ERASE_OK=0
WRITE_OK=0
VERIFY_OK=0
BOOT_OK=0
FINAL_RESULT=FAIL_SYNC
ELAPSED_S=5
OUTDIR=/tmp/lifetrac_p0c/stage1_standard_runs/T6_stage1_standard_2026-05-20_224944
__STD_RC__=1

=== cycle 8/20 2026-05-20T17:49:44.9333070-05:00 ===
7[r[999;999H[6n7[r[999;999H[6nRUN_OUTDIR=/tmp/lifetrac_p0c/stage1_standard_runs/T6_stage1_standard_2026-05-20_224956
RUN_ID=T6_stage1_standard_2026-05-20_224956
BOARD_SERIAL=2D0A1209DABC240B
IMAGE_NAME=firmware.bin
OPENOCD_CFG=/tmp/lifetrac_p0c/07_assert_pa11_pf4_long.cfg
SYNC_OK=0
GETID_OK=0
ERASE_OK=0
WRITE_OK=0
VERIFY_OK=0
BOOT_OK=0
FINAL_RESULT=FAIL_SYNC
ELAPSED_S=5
OUTDIR=/tmp/lifetrac_p0c/stage1_standard_runs/T6_stage1_standard_2026-05-20_224956
__STD_RC__=1

=== cycle 9/20 2026-05-20T17:49:56.3902436-05:00 ===
7[r[999;999H[6n7[r[999;999H[6nRUN_OUTDIR=/tmp/lifetrac_p0c/stage1_standard_runs/T6_stage1_standard_2026-05-20_225007
RUN_ID=T6_stage1_standard_2026-05-20_225007
BOARD_SERIAL=2D0A1209DABC240B
IMAGE_NAME=firmware.bin
OPENOCD_CFG=/tmp/lifetrac_p0c/07_assert_pa11_pf4_long.cfg
SYNC_OK=0
GETID_OK=0
ERASE_OK=0
WRITE_OK=0
VERIFY_OK=0
BOOT_OK=0
FINAL_RESULT=FAIL_SYNC
ELAPSED_S=5
OUTDIR=/tmp/lifetrac_p0c/stage1_standard_runs/T6_stage1_standard_2026-05-20_225007
__STD_RC__=1

=== cycle 10/20 2026-05-20T17:50:07.8746699-05:00 ===
7[r[999;999H[6n7[r[999;999H[6nRUN_OUTDIR=/tmp/lifetrac_p0c/stage1_standard_runs/T6_stage1_standard_2026-05-20_225019
RUN_ID=T6_stage1_standard_2026-05-20_225019
BOARD_SERIAL=2D0A1209DABC240B
IMAGE_NAME=firmware.bin
OPENOCD_CFG=/tmp/lifetrac_p0c/07_assert_pa11_pf4_long.cfg
SYNC_OK=0
GETID_OK=0
ERASE_OK=0
WRITE_OK=0
VERIFY_OK=0
BOOT_OK=0
FINAL_RESULT=FAIL_SYNC
ELAPSED_S=5
OUTDIR=/tmp/lifetrac_p0c/stage1_standard_runs/T6_stage1_standard_2026-05-20_225019
__STD_RC__=1

=== cycle 11/20 2026-05-20T17:50:19.3683779-05:00 ===
7[r[999;999H[6n7[r[999;999H[6nRUN_OUTDIR=/tmp/lifetrac_p0c/stage1_standard_runs/T6_stage1_standard_2026-05-20_225030
RUN_ID=T6_stage1_standard_2026-05-20_225030
BOARD_SERIAL=2D0A1209DABC240B
IMAGE_NAME=firmware.bin
OPENOCD_CFG=/tmp/lifetrac_p0c/07_assert_pa11_pf4_long.cfg
SYNC_OK=0
GETID_OK=0
ERASE_OK=0
WRITE_OK=0
VERIFY_OK=0
BOOT_OK=0
FINAL_RESULT=FAIL_SYNC
ELAPSED_S=5
OUTDIR=/tmp/lifetrac_p0c/stage1_standard_runs/T6_stage1_standard_2026-05-20_225030
__STD_RC__=1

=== cycle 12/20 2026-05-20T17:50:30.8360906-05:00 ===
7[r[999;999H[6n7[r[999;999H[6nRUN_OUTDIR=/tmp/lifetrac_p0c/stage1_standard_runs/T6_stage1_standard_2026-05-20_225042
RUN_ID=T6_stage1_standard_2026-05-20_225042
BOARD_SERIAL=2D0A1209DABC240B
IMAGE_NAME=firmware.bin
OPENOCD_CFG=/tmp/lifetrac_p0c/07_assert_pa11_pf4_long.cfg
SYNC_OK=0
GETID_OK=0
ERASE_OK=0
WRITE_OK=0
VERIFY_OK=0
BOOT_OK=0
FINAL_RESULT=FAIL_SYNC
ELAPSED_S=5
OUTDIR=/tmp/lifetrac_p0c/stage1_standard_runs/T6_stage1_standard_2026-05-20_225042
__STD_RC__=1

=== cycle 13/20 2026-05-20T17:50:42.2941434-05:00 ===
7[r[999;999H[6n7[r[999;999H[6nRUN_OUTDIR=/tmp/lifetrac_p0c/stage1_standard_runs/T6_stage1_standard_2026-05-20_225053
RUN_ID=T6_stage1_standard_2026-05-20_225053
BOARD_SERIAL=2D0A1209DABC240B
IMAGE_NAME=firmware.bin
OPENOCD_CFG=/tmp/lifetrac_p0c/07_assert_pa11_pf4_long.cfg
SYNC_OK=0
GETID_OK=0
ERASE_OK=0
WRITE_OK=0
VERIFY_OK=0
BOOT_OK=0
FINAL_RESULT=FAIL_SYNC
ELAPSED_S=5
OUTDIR=/tmp/lifetrac_p0c/stage1_standard_runs/T6_stage1_standard_2026-05-20_225053
__STD_RC__=1

=== cycle 14/20 2026-05-20T17:50:53.7457131-05:00 ===
