2026-07-24 23:43:36,324 INFO image_tx_daemon: opening L072 HostLink on /dev/ttymxc3 @ 921600

2026-07-24 23:43:36,326 INFO image_tx_daemon: image_tx_daemon started; mqtt=192.168.1.79:1883 uart=/dev/ttymxc3

2026-07-24 23:43:36,336 INFO image_tx_daemon: MQTT connected; subscribing to lifetrac/v25/cmd/image_frame

2026-07-24 23:43:36,340 INFO image_tx_daemon: LIFETRAC_SKIP_RESET_REQ=1 ΓÇö relying on external NRST; draining boot chatter only

INFO: post-VER drain queued type=0xF1 seq=0

INFO: post-VER drain queued type=0xC1 seq=0

INFO: post-VER drain queued type=0xF1 seq=0

INFO: post-VER drain queued type=0xC1 seq=0

Initializing regulatory profile 1 on co-processor...

  FHSS mask: WIDE (50 channels) [LIFETRAC_FHSS_WIDE_MASK=1]

CFG_SET_REQ(FHSS_CHANNEL_MASK) OK: 07000800

CFG_SET_REQ(ANTENNA_GAIN_DBI) OK: 15000100

CFG_SET_REQ(HW_CEILING_DBM) OK: 16000100

CFG_SET_REQ(REG_PROFILE=1) OK: 14000100

PHY contract OK: image_bw250 == {'sf': 7, 'bw_khz': 250, 'cr_den': 5, 'preamble': 8}

2026-07-24 23:43:37,126 INFO image_tx_daemon: LBT_ENABLE=0 (matches W1-10b TX_BURST rationale)

2026-07-24 23:43:37,127 INFO image_tx_daemon: TX worker ready (inter_cycle_s=0.050, max 8 frags/dwell)

2026-07-24 23:43:37,327 INFO image_tx_daemon: stats: goodput=0.0 B/s util=0% pipeline=v2 frames_in=0 ok=0 fail=0 drop_full=0 drop_stale=0 frags_ok=0 frags_fail=0 qdepth=0

INFO: unrelated frame during TX wait type=0xC0

RFCO_PERTX during TX wait: profile_id=1 tx_status=0x00(OK) hop_idx=0 channel_idx=3 epoch=0 freq_hz=904250000 pkt_toa_us=169088 legal_dwell_used_us_10s=169088

INFO: unrelated frame during TX wait type=0xC0

RFCO_PERTX during TX wait: profile_id=1 tx_status=0x00(OK) hop_idx=1 channel_idx=19 epoch=0 freq_hz=912250000 pkt_toa_us=56448 legal_dwell_used_us_10s=56448

2026-07-24 23:43:40,986 INFO image_tx_daemon: frame seq=1 done: 2 fragments ok

INFO: unrelated frame during TX wait type=0xC0

RFCO_PERTX during TX wait: profile_id=1 tx_status=0x00(OK) hop_idx=2 channel_idx=31 epoch=0 freq_hz=918250000 pkt_toa_us=169088 legal_dwell_used_us_10s=169088

INFO: unrelated frame during TX wait type=0xC0

RFCO_PERTX during TX wait: profile_id=1 tx_status=0x00(OK) hop_idx=3 channel_idx=14 epoch=0 freq_hz=909750000 pkt_toa_us=53888 legal_dwell_used_us_10s=53888

2026-07-24 23:43:42,184 INFO image_tx_daemon: frame seq=2 done: 2 fragments ok

INFO: unrelated frame during TX wait type=0xC0

RFCO_PERTX during TX wait: profile_id=1 tx_status=0x00(OK) hop_idx=4 channel_idx=22 epoch=0 freq_hz=913750000 pkt_toa_us=169088 legal_dwell_used_us_10s=169088

INFO: unrelated frame during TX wait type=0xC0

RFCO_PERTX during TX wait: profile_id=1 tx_status=0x00(OK) hop_idx=5 channel_idx=46 epoch=0 freq_hz=925750000 pkt_toa_us=53888 legal_dwell_used_us_10s=53888

2026-07-24 23:43:43,382 INFO image_tx_daemon: frame seq=8 done: 2 fragments ok

INFO: unrelated frame during TX wait type=0xC0

RFCO_PERTX during TX wait: profile_id=1 tx_status=0x00(OK) hop_idx=6 channel_idx=10 epoch=0 freq_hz=907750000 pkt_toa_us=169088 legal_dwell_used_us_10s=169088

INFO: unrelated frame during TX wait type=0xC0

RFCO_PERTX during TX wait: profile_id=1 tx_status=0x00(OK) hop_idx=7 channel_idx=0 epoch=0 freq_hz=902750000 pkt_toa_us=48768 legal_dwell_used_us_10s=48768

2026-07-24 23:43:44,570 INFO image_tx_daemon: frame seq=15 done: 2 fragments ok

INFO: unrelated frame during TX wait type=0xC0

RFCO_PERTX during TX wait: profile_id=1 tx_status=0x00(OK) hop_idx=8 channel_idx=36 epoch=0 freq_hz=920750000 pkt_toa_us=169088 legal_dwell_used_us_10s=169088

INFO: unrelated frame during TX wait type=0xC0

RFCO_PERTX during TX wait: profile_id=1 tx_status=0x00(OK) hop_idx=9 channel_idx=40 epoch=0 freq_hz=922750000 pkt_toa_us=48768 legal_dwell_used_us_10s=48768

2026-07-24 23:43:45,768 INFO image_tx_daemon: frame seq=22 done: 2 fragments ok

INFO: unrelated frame during TX wait type=0xC0

RFCO_PERTX during TX wait: profile_id=1 tx_status=0x00(OK) hop_idx=10 channel_idx=37 epoch=0 freq_hz=921250000 pkt_toa_us=169088 legal_dwell_used_us_10s=169088

INFO: unrelated frame during TX wait type=0xC0

RFCO_PERTX during TX wait: profile_id=1 tx_status=0x00(OK) hop_idx=11 channel_idx=20 epoch=0 freq_hz=912750000 pkt_toa_us=38528 legal_dwell_used_us_10s=38528

2026-07-24 23:43:46,955 INFO image_tx_daemon: frame seq=29 done: 2 fragments ok

INFO: unrelated frame during TX wait type=0xC0

RFCO_PERTX during TX wait: profile_id=1 tx_status=0x00(OK) hop_idx=12 channel_idx=32 epoch=0 freq_hz=918750000 pkt_toa_us=169088 legal_dwell_used_us_10s=169088

2026-07-24 23:43:47,338 INFO image_tx_daemon: stats: goodput=170.5 B/s util=15% pipeline=v2 frames_in=42 ok=6 fail=0 drop_full=31 drop_stale=0 frags_ok=13 frags_fail=0 qdepth=4

INFO: unrelated frame during TX wait type=0xC0

RFCO_PERTX during TX wait: profile_id=1 tx_status=0x00(OK) hop_idx=13 channel_idx=44 epoch=0 freq_hz=924750000 pkt_toa_us=64128 legal_dwell_used_us_10s=64128

2026-07-24 23:43:47,986 INFO image_tx_daemon: frame seq=36 done: 2 fragments ok

INFO: unrelated frame during TX wait type=0xC0

RFCO_PERTX during TX wait: profile_id=1 tx_status=0x00(OK) hop_idx=14 channel_idx=16 epoch=0 freq_hz=910750000 pkt_toa_us=115328 legal_dwell_used_us_10s=115328

2026-07-24 23:43:48,123 INFO image_tx_daemon: frame seq=42 done: 1 fragments ok

INFO: unrelated frame during TX wait type=0xC0

RFCO_PERTX during TX wait: profile_id=1 tx_status=0x00(OK) hop_idx=15 channel_idx=7 epoch=0 freq_hz=906250000 pkt_toa_us=117888 legal_dwell_used_us_10s=117888

2026-07-24 23:43:48,300 INFO image_tx_daemon: frame seq=43 done: 1 fragments ok

INFO: unrelated frame during TX wait type=0xC0

RFCO_PERTX during TX wait: profile_id=1 tx_status=0x00(OK) hop_idx=16 channel_idx=4 epoch=0 freq_hz=904750000 pkt_toa_us=117888 legal_dwell_used_us_10s=117888

2026-07-24 23:43:49,132 INFO image_tx_daemon: frame seq=44 done: 1 fragments ok

INFO: unrelated frame during TX wait type=0xC0

RFCO_PERTX during TX wait: profile_id=1 tx_status=0x00(OK) hop_idx=17 channel_idx=8 epoch=0 freq_hz=906750000 pkt_toa_us=115328 legal_dwell_used_us_10s=115328

2026-07-24 23:43:49,269 INFO image_tx_daemon: frame seq=49 done: 1 fragments ok

INFO: unrelated frame during TX wait type=0xC0

RFCO_PERTX during TX wait: profile_id=1 tx_status=0x00(OK) hop_idx=18 channel_idx=47 epoch=0 freq_hz=926250000 pkt_toa_us=115328 legal_dwell_used_us_10s=115328

2026-07-24 23:43:49,437 INFO image_tx_daemon: frame seq=50 done: 1 fragments ok

INFO: unrelated frame during TX wait type=0xC0

RFCO_PERTX during TX wait: profile_id=1 tx_status=0x00(OK) hop_idx=19 channel_idx=34 epoch=0 freq_hz=919750000 pkt_toa_us=115328 legal_dwell_used_us_10s=115328

2026-07-24 23:43:50,268 INFO image_tx_daemon: frame seq=51 done: 1 fragments ok

INFO: unrelated frame during TX wait type=0xC0

RFCO_PERTX during TX wait: profile_id=1 tx_status=0x00(OK) hop_idx=20 channel_idx=24 epoch=0 freq_hz=914750000 pkt_toa_us=115328 legal_dwell_used_us_10s=115328

2026-07-24 23:43:50,406 INFO image_tx_daemon: frame seq=56 done: 1 fragments ok

INFO: unrelated frame during TX wait type=0xC0

RFCO_PERTX during TX wait: profile_id=1 tx_status=0x00(OK) hop_idx=21 channel_idx=17 epoch=0 freq_hz=911250000 pkt_toa_us=115328 legal_dwell_used_us_10s=115328

2026-07-24 23:43:50,574 INFO image_tx_daemon: frame seq=57 done: 1 fragments ok

INFO: unrelated frame during TX wait type=0xC0

RFCO_PERTX during TX wait: profile_id=1 tx_status=0x00(OK) hop_idx=22 channel_idx=41 epoch=0 freq_hz=923250000 pkt_toa_us=105088 legal_dwell_used_us_10s=105088

2026-07-24 23:43:51,394 INFO image_tx_daemon: frame seq=58 done: 1 fragments ok

INFO: unrelated frame during TX wait type=0xC0

RFCO_PERTX during TX wait: profile_id=1 tx_status=0x00(OK) hop_idx=23 channel_idx=43 epoch=0 freq_hz=924250000 pkt_toa_us=115328 legal_dwell_used_us_10s=115328

2026-07-24 23:43:51,542 INFO image_tx_daemon: frame seq=63 done: 1 fragments ok

INFO: unrelated frame during TX wait type=0xC0

RFCO_PERTX during TX wait: profile_id=1 tx_status=0x00(OK) hop_idx=24 channel_idx=49 epoch=0 freq_hz=927250000 pkt_toa_us=112768 legal_dwell_used_us_10s=112768

2026-07-24 23:43:51,710 INFO image_tx_daemon: frame seq=64 done: 1 fragments ok

INFO: unrelated frame during TX wait type=0xC0

RFCO_PERTX during TX wait: profile_id=1 tx_status=0x00(OK) hop_idx=25 channel_idx=23 epoch=0 freq_hz=914250000 pkt_toa_us=115328 legal_dwell_used_us_10s=115328

2026-07-24 23:43:52,530 INFO image_tx_daemon: frame seq=65 done: 1 fragments ok

INFO: unrelated frame during TX wait type=0xC0

RFCO_PERTX during TX wait: profile_id=1 tx_status=0x00(OK) hop_idx=26 channel_idx=18 epoch=0 freq_hz=911750000 pkt_toa_us=140928 legal_dwell_used_us_10s=140928

2026-07-24 23:43:52,709 INFO image_tx_daemon: frame seq=70 done: 1 fragments ok

INFO: unrelated frame during TX wait type=0xC0

RFCO_PERTX during TX wait: profile_id=1 tx_status=0x00(OK) hop_idx=27 channel_idx=9 epoch=0 freq_hz=907250000 pkt_toa_us=140928 legal_dwell_used_us_10s=140928

2026-07-24 23:43:53,697 INFO image_tx_daemon: frame seq=71 done: 1 fragments ok

INFO: unrelated frame during TX wait type=0xC0

RFCO_PERTX during TX wait: profile_id=1 tx_status=0x00(OK) hop_idx=28 channel_idx=27 epoch=0 freq_hz=916250000 pkt_toa_us=156288 legal_dwell_used_us_10s=156288

2026-07-24 23:43:53,896 INFO image_tx_daemon: frame seq=77 done: 1 fragments ok

INFO: unrelated frame during TX wait type=0xC0

RFCO_PERTX during TX wait: profile_id=1 tx_status=0x00(OK) hop_idx=29 channel_idx=12 epoch=0 freq_hz=908750000 pkt_toa_us=163968 legal_dwell_used_us_10s=163968

2026-07-24 23:43:54,885 INFO image_tx_daemon: frame seq=78 done: 1 fragments ok

INFO: unrelated frame during TX wait type=0xC0

RFCO_PERTX during TX wait: profile_id=1 tx_status=0x00(OK) hop_idx=30 channel_idx=35 epoch=0 freq_hz=920250000 pkt_toa_us=169088 legal_dwell_used_us_10s=169088

INFO: unrelated frame during TX wait type=0xC0

RFCO_PERTX during TX wait: profile_id=1 tx_status=0x00(OK) hop_idx=31 channel_idx=5 epoch=0 freq_hz=905250000 pkt_toa_us=38528 legal_dwell_used_us_10s=38528

2026-07-24 23:43:55,147 INFO image_tx_daemon: frame seq=84 done: 2 fragments ok

INFO: unrelated frame during TX wait type=0xC0

RFCO_PERTX during TX wait: profile_id=1 tx_status=0x00(OK) hop_idx=32 channel_idx=45 epoch=0 freq_hz=925250000 pkt_toa_us=169088 legal_dwell_used_us_10s=169088

INFO: unrelated frame during TX wait type=0xC0

RFCO_PERTX during TX wait: profile_id=1 tx_status=0x00(OK) hop_idx=33 channel_idx=25 epoch=0 freq_hz=915250000 pkt_toa_us=43648 legal_dwell_used_us_10s=43648

2026-07-24 23:43:56,149 INFO image_tx_daemon: frame seq=85 done: 2 fragments ok

INFO: unrelated frame during TX wait type=0xC0

RFCO_PERTX during TX wait: profile_id=1 tx_status=0x00(OK) hop_idx=34 channel_idx=1 epoch=0 freq_hz=903250000 pkt_toa_us=169088 legal_dwell_used_us_10s=169088

2026-07-24 23:43:57,349 INFO image_tx_daemon: stats: goodput=303.5 B/s util=26% pipeline=v2 frames_in=102 ok=25 fail=0 drop_full=72 drop_stale=0 frags_ok=35 frags_fail=0 qdepth=4

INFO: unrelated frame during TX wait type=0xC0

RFCO_PERTX during TX wait: profile_id=1 tx_status=0x00(OK) hop_idx=35 channel_idx=30 epoch=0 freq_hz=917750000 pkt_toa_us=74368 legal_dwell_used_us_10s=74368

2026-07-24 23:43:57,376 INFO image_tx_daemon: frame seq=91 done: 2 fragments ok

INFO: unrelated frame during TX wait type=0xC0

RFCO_PERTX during TX wait: profile_id=1 tx_status=0x00(OK) hop_idx=36 channel_idx=21 epoch=0 freq_hz=913250000 pkt_toa_us=169088 legal_dwell_used_us_10s=169088

INFO: unrelated frame during TX wait type=0xC0

RFCO_PERTX during TX wait: profile_id=1 tx_status=0x00(OK) hop_idx=37 channel_idx=26 epoch=0 freq_hz=915750000 pkt_toa_us=74368 legal_dwell_used_us_10s=74368

2026-07-24 23:43:58,576 INFO image_tx_daemon: frame seq=99 done: 2 fragments ok

INFO: unrelated frame during TX wait type=0xC0

RFCO_PERTX during TX wait: profile_id=1 tx_status=0x00(OK) hop_idx=38 channel_idx=29 epoch=0 freq_hz=917250000 pkt_toa_us=169088 legal_dwell_used_us_10s=169088

INFO: unrelated frame during TX wait type=0xC0

RFCO_PERTX during TX wait: profile_id=1 tx_status=0x00(OK) hop_idx=39 channel_idx=28 epoch=0 freq_hz=916750000 pkt_toa_us=48768 legal_dwell_used_us_10s=48768

2026-07-24 23:43:59,743 INFO image_tx_daemon: frame seq=106 done: 2 fragments ok

INFO: unrelated frame during TX wait type=0xC0

RFCO_PERTX during TX wait: profile_id=1 tx_status=0x00(OK) hop_idx=40 channel_idx=38 epoch=0 freq_hz=921750000 pkt_toa_us=158848 legal_dwell_used_us_10s=158848

2026-07-24 23:43:59,931 INFO image_tx_daemon: frame seq=113 done: 1 fragments ok

INFO: unrelated frame during TX wait type=0xC0

RFCO_PERTX during TX wait: profile_id=1 tx_status=0x00(OK) hop_idx=41 channel_idx=6 epoch=0 freq_hz=905750000 pkt_toa_us=158848 legal_dwell_used_us_10s=158848

2026-07-24 23:44:00,867 INFO image_tx_daemon: frame seq=114 done: 1 fragments ok

INFO: unrelated frame during TX wait type=0xC0

RFCO_PERTX during TX wait: profile_id=1 tx_status=0x00(OK) hop_idx=42 channel_idx=13 epoch=0 freq_hz=909250000 pkt_toa_us=143488 legal_dwell_used_us_10s=143488

2026-07-24 23:44:01,098 INFO image_tx_daemon: frame seq=120 done: 1 fragments ok

INFO: unrelated frame during TX wait type=0xC0

RFCO_PERTX during TX wait: profile_id=1 tx_status=0x00(OK) hop_idx=43 channel_idx=33 epoch=0 freq_hz=919250000 pkt_toa_us=140928 legal_dwell_used_us_10s=140928

2026-07-24 23:44:02,034 INFO image_tx_daemon: frame seq=121 done: 1 fragments ok

INFO: unrelated frame during TX wait type=0xC0

RFCO_PERTX during TX wait: profile_id=1 tx_status=0x00(OK) hop_idx=44 channel_idx=48 epoch=0 freq_hz=926750000 pkt_toa_us=169088 legal_dwell_used_us_10s=169088

INFO: unrelated frame during TX wait type=0xC0

RFCO_PERTX during TX wait: profile_id=1 tx_status=0x00(OK) hop_idx=45 channel_idx=2 epoch=0 freq_hz=903750000 pkt_toa_us=53888 legal_dwell_used_us_10s=53888

2026-07-24 23:44:02,370 INFO image_tx_daemon: frame seq=127 done: 2 fragments ok

INFO: unrelated frame during TX wait type=0xC0

RFCO_PERTX during TX wait: profile_id=1 tx_status=0x00(OK) hop_idx=46 channel_idx=11 epoch=0 freq_hz=908250000 pkt_toa_us=169088 legal_dwell_used_us_10s=169088

INFO: unrelated frame during TX wait type=0xC0

RFCO_PERTX during TX wait: profile_id=1 tx_status=0x00(OK) hop_idx=47 channel_idx=15 epoch=0 freq_hz=910250000 pkt_toa_us=48768 legal_dwell_used_us_10s=48768

2026-07-24 23:44:03,558 INFO image_tx_daemon: frame seq=129 done: 2 fragments ok

INFO: unrelated frame during TX wait type=0xC0

RFCO_PERTX during TX wait: profile_id=1 tx_status=0x00(OK) hop_idx=48 channel_idx=42 epoch=0 freq_hz=923750000 pkt_toa_us=169088 legal_dwell_used_us_10s=169088

INFO: unrelated frame during TX wait type=0xC0

RFCO_PERTX during TX wait: profile_id=1 tx_status=0x00(OK) hop_idx=49 channel_idx=39 epoch=0 freq_hz=922250000 pkt_toa_us=38528 legal_dwell_used_us_10s=38528

2026-07-24 23:44:04,746 INFO image_tx_daemon: frame seq=136 done: 2 fragments ok

INFO: unrelated frame during TX wait type=0xC0

RFCO_PERTX during TX wait: profile_id=1 tx_status=0x00(OK) hop_idx=0 channel_idx=27 epoch=1 freq_hz=916250000 pkt_toa_us=169088 legal_dwell_used_us_10s=169088

INFO: unrelated frame during TX wait type=0xC0

RFCO_PERTX during TX wait: profile_id=1 tx_status=0x00(OK) hop_idx=1 channel_idx=14 epoch=1 freq_hz=909750000 pkt_toa_us=48768 legal_dwell_used_us_10s=48768

2026-07-24 23:44:05,756 INFO image_tx_daemon: frame seq=143 done: 2 fragments ok

INFO: unrelated frame during TX wait type=0xC0

RFCO_PERTX during TX wait: profile_id=1 tx_status=0x00(OK) hop_idx=2 channel_idx=30 epoch=1 freq_hz=917750000 pkt_toa_us=169088 legal_dwell_used_us_10s=243456

INFO: unrelated frame during TX wait type=0xC0

RFCO_PERTX during TX wait: profile_id=1 tx_status=0x00(OK) hop_idx=3 channel_idx=11 epoch=1 freq_hz=908250000 pkt_toa_us=46208 legal_dwell_used_us_10s=215296

2026-07-24 23:44:06,206 INFO image_tx_daemon: frame seq=149 done: 2 fragments ok

FAULT_URC during TX wait: code=0x0D sub=0x20 raw=0d20000000000000000000000000000000000000127b0000

INFO: unrelated frame during TX wait type=0xC0

RFCO_PERTX during TX wait: profile_id=1 tx_status=0x00(OK) hop_idx=4 channel_idx=39 epoch=1 freq_hz=922250000 pkt_toa_us=169088 legal_dwell_used_us_10s=207616

2026-07-24 23:44:07,361 INFO image_tx_daemon: stats: goodput=276.4 B/s util=24% pipeline=v2 frames_in=162 ok=37 fail=0 drop_full=120 drop_stale=0 frags_ok=55 frags_fail=0 qdepth=4

INFO: unrelated frame during TX wait type=0xC0

RFCO_PERTX during TX wait: profile_id=1 tx_status=0x00(OK) hop_idx=5 channel_idx=10 epoch=1 freq_hz=907750000 pkt_toa_us=48768 legal_dwell_used_us_10s=48768

2026-07-24 23:44:07,405 INFO image_tx_daemon: frame seq=152 done: 2 fragments ok

INFO: unrelated frame during TX wait type=0xC0

RFCO_PERTX during TX wait: profile_id=1 tx_status=0x00(OK) hop_idx=6 channel_idx=19 epoch=1 freq_hz=912250000 pkt_toa_us=169088 legal_dwell_used_us_10s=169088

INFO: unrelated frame during TX wait type=0xC0

RFCO_PERTX during TX wait: profile_id=1 tx_status=0x00(OK) hop_idx=7 channel_idx=29 epoch=1 freq_hz=917250000 pkt_toa_us=51328 legal_dwell_used_us_10s=220416

2026-07-24 23:44:08,604 INFO image_tx_daemon: frame seq=159 done: 2 fragments ok

INFO: unrelated frame during TX wait type=0xC0

RFCO_PERTX during TX wait: profile_id=1 tx_status=0x00(OK) hop_idx=8 channel_idx=20 epoch=1 freq_hz=912750000 pkt_toa_us=115328 legal_dwell_used_us_10s=115328

2026-07-24 23:44:08,740 INFO image_tx_daemon: frame seq=166 done: 1 fragments ok

INFO: unrelated frame during TX wait type=0xC0

RFCO_PERTX during TX wait: profile_id=1 tx_status=0x00(OK) hop_idx=9 channel_idx=49 epoch=1 freq_hz=927250000 pkt_toa_us=110208 legal_dwell_used_us_10s=110208

2026-07-24 23:44:09,676 INFO image_tx_daemon: frame seq=167 done: 1 fragments ok

INFO: unrelated frame during TX wait type=0xC0

RFCO_PERTX during TX wait: profile_id=1 tx_status=0x00(OK) hop_idx=10 channel_idx=45 epoch=1 freq_hz=925250000 pkt_toa_us=107648 legal_dwell_used_us_10s=107648

2026-07-24 23:44:09,803 INFO image_tx_daemon: frame seq=171 done: 1 fragments ok

INFO: unrelated frame during TX wait type=0xC0

RFCO_PERTX during TX wait: profile_id=1 tx_status=0x00(OK) hop_idx=11 channel_idx=6 epoch=1 freq_hz=905750000 pkt_toa_us=105088 legal_dwell_used_us_10s=263936

2026-07-24 23:44:09,929 INFO image_tx_daemon: frame seq=173 done: 1 fragments ok

INFO: unrelated frame during TX wait type=0xC0

RFCO_PERTX during TX wait: profile_id=1 tx_status=0x00(OK) hop_idx=12 channel_idx=43 epoch=1 freq_hz=924250000 pkt_toa_us=120448 legal_dwell_used_us_10s=120448

2026-07-24 23:44:10,823 INFO image_tx_daemon: frame seq=174 done: 1 fragments ok

INFO: unrelated frame during TX wait type=0xC0

RFCO_PERTX during TX wait: profile_id=1 tx_status=0x00(OK) hop_idx=13 channel_idx=16 epoch=1 freq_hz=910750000 pkt_toa_us=115328 legal_dwell_used_us_10s=115328

2026-07-24 23:44:10,960 INFO image_tx_daemon: frame seq=179 done: 1 fragments ok

INFO: unrelated frame during TX wait type=0xC0

RFCO_PERTX during TX wait: profile_id=1 tx_status=0x00(OK) hop_idx=14 channel_idx=1 epoch=1 freq_hz=903250000 pkt_toa_us=117888 legal_dwell_used_us_10s=117888

2026-07-24 23:44:11,098 INFO image_tx_daemon: frame seq=180 done: 1 fragments ok

INFO: unrelated frame during TX wait type=0xC0

RFCO_PERTX during TX wait: profile_id=1 tx_status=0x00(OK) hop_idx=15 channel_idx=4 epoch=1 freq_hz=904750000 pkt_toa_us=115328 legal_dwell_used_us_10s=115328

2026-07-24 23:44:11,958 INFO image_tx_daemon: frame seq=181 done: 1 fragments ok

INFO: unrelated frame during TX wait type=0xC0

RFCO_PERTX during TX wait: profile_id=1 tx_status=0x00(OK) hop_idx=16 channel_idx=32 epoch=1 freq_hz=918750000 pkt_toa_us=120448 legal_dwell_used_us_10s=120448

2026-07-24 23:44:12,111 INFO image_tx_daemon: frame seq=186 done: 1 fragments ok

INFO: unrelated frame during TX wait type=0xC0

RFCO_PERTX during TX wait: profile_id=1 tx_status=0x00(OK) hop_idx=17 channel_idx=5 epoch=1 freq_hz=905250000 pkt_toa_us=117888 legal_dwell_used_us_10s=117888

2026-07-24 23:44:12,249 INFO image_tx_daemon: frame seq=187 done: 1 fragments ok

INFO: unrelated frame during TX wait type=0xC0

RFCO_PERTX during TX wait: profile_id=1 tx_status=0x00(OK) hop_idx=18 channel_idx=25 epoch=1 freq_hz=915250000 pkt_toa_us=117888 legal_dwell_used_us_10s=117888

2026-07-24 23:44:13,105 INFO image_tx_daemon: frame seq=188 done: 1 fragments ok

INFO: unrelated frame during TX wait type=0xC0

RFCO_PERTX during TX wait: profile_id=1 tx_status=0x00(OK) hop_idx=19 channel_idx=48 epoch=1 freq_hz=926750000 pkt_toa_us=120448 legal_dwell_used_us_10s=120448

2026-07-24 23:44:13,257 INFO image_tx_daemon: frame seq=193 done: 1 fragments ok

INFO: unrelated frame during TX wait type=0xC0

RFCO_PERTX during TX wait: profile_id=1 tx_status=0x00(OK) hop_idx=20 channel_idx=8 epoch=1 freq_hz=906750000 pkt_toa_us=133248 legal_dwell_used_us_10s=133248

2026-07-24 23:44:13,415 INFO image_tx_daemon: frame seq=194 done: 1 fragments ok

INFO: unrelated frame during TX wait type=0xC0

RFCO_PERTX during TX wait: profile_id=1 tx_status=0x00(OK) hop_idx=21 channel_idx=42 epoch=1 freq_hz=923750000 pkt_toa_us=135808 legal_dwell_used_us_10s=304896

2026-07-24 23:44:14,415 INFO image_tx_daemon: frame seq=195 done: 1 fragments ok

INFO: unrelated frame during TX wait type=0xC0

RFCO_PERTX during TX wait: profile_id=1 tx_status=0x00(OK) hop_idx=22 channel_idx=33 epoch=1 freq_hz=919250000 pkt_toa_us=148608 legal_dwell_used_us_10s=148608

2026-07-24 23:44:14,593 INFO image_tx_daemon: frame seq=201 done: 1 fragments ok

INFO: unrelated frame during TX wait type=0xC0

RFCO_PERTX during TX wait: profile_id=1 tx_status=0x00(OK) hop_idx=23 channel_idx=36 epoch=1 freq_hz=920750000 pkt_toa_us=163968 legal_dwell_used_us_10s=163968

2026-07-24 23:44:15,603 INFO image_tx_daemon: frame seq=202 done: 1 fragments ok

INFO: unrelated frame during TX wait type=0xC0

RFCO_PERTX during TX wait: profile_id=1 tx_status=0x00(OK) hop_idx=24 channel_idx=28 epoch=1 freq_hz=916750000 pkt_toa_us=169088 legal_dwell_used_us_10s=169088

INFO: unrelated frame during TX wait type=0xC0

RFCO_PERTX during TX wait: profile_id=1 tx_status=0x00(OK) hop_idx=25 channel_idx=2 epoch=1 freq_hz=903750000 pkt_toa_us=28288 legal_dwell_used_us_10s=28288

2026-07-24 23:44:15,844 INFO image_tx_daemon: frame seq=208 done: 2 fragments ok

INFO: unrelated frame during TX wait type=0xC0

RFCO_PERTX during TX wait: profile_id=1 tx_status=0x00(OK) hop_idx=26 channel_idx=17 epoch=1 freq_hz=911250000 pkt_toa_us=169088 legal_dwell_used_us_10s=169088

INFO: unrelated frame during TX wait type=0xC0

RFCO_PERTX during TX wait: profile_id=1 tx_status=0x00(OK) hop_idx=27 channel_idx=22 epoch=1 freq_hz=913750000 pkt_toa_us=28288 legal_dwell_used_us_10s=28288

2026-07-24 23:44:16,848 INFO image_tx_daemon: frame seq=209 done: 2 fragments ok

INFO: unrelated frame during TX wait type=0xC0

RFCO_PERTX during TX wait: profile_id=1 tx_status=0x00(OK) hop_idx=28 channel_idx=23 epoch=1 freq_hz=914250000 pkt_toa_us=169088 legal_dwell_used_us_10s=169088

2026-07-24 23:44:17,372 INFO image_tx_daemon: stats: goodput=321.0 B/s util=28% pipeline=v2 frames_in=222 ok=57 fail=0 drop_full=160 drop_stale=0 frags_ok=79 frags_fail=0 qdepth=4

INFO: unrelated frame during TX wait type=0xC0

RFCO_PERTX during TX wait: profile_id=1 tx_status=0x00(OK) hop_idx=29 channel_idx=13 epoch=1 freq_hz=909250000 pkt_toa_us=64128 legal_dwell_used_us_10s=64128

2026-07-24 23:44:17,888 INFO image_tx_daemon: frame seq=216 done: 2 fragments ok

INFO: unrelated frame during TX wait type=0xC0

RFCO_PERTX during TX wait: profile_id=1 tx_status=0x00(OK) hop_idx=30 channel_idx=15 epoch=1 freq_hz=910250000 pkt_toa_us=169088 legal_dwell_used_us_10s=169088

INFO: unrelated frame during TX wait type=0xC0

RFCO_PERTX during TX wait: profile_id=1 tx_status=0x00(OK) hop_idx=31 channel_idx=12 epoch=1 freq_hz=908750000 pkt_toa_us=66688 legal_dwell_used_us_10s=66688

2026-07-24 23:44:18,329 INFO image_tx_daemon: frame seq=222 done: 2 fragments ok

INFO: unrelated frame during TX wait type=0xC0

RFCO_PERTX during TX wait: profile_id=1 tx_status=0x00(OK) hop_idx=32 channel_idx=46 epoch=1 freq_hz=925750000 pkt_toa_us=169088 legal_dwell_used_us_10s=169088

INFO: unrelated frame during TX wait type=0xC0

RFCO_PERTX during TX wait: profile_id=1 tx_status=0x00(OK) hop_idx=33 channel_idx=34 epoch=1 freq_hz=919750000 pkt_toa_us=71808 legal_dwell_used_us_10s=71808

2026-07-24 23:44:19,538 INFO image_tx_daemon: frame seq=224 done: 2 fragments ok

INFO: unrelated frame during TX wait type=0xC0

RFCO_PERTX during TX wait: profile_id=1 tx_status=0x00(OK) hop_idx=34 channel_idx=41 epoch=1 freq_hz=923250000 pkt_toa_us=169088 legal_dwell_used_us_10s=169088

INFO: unrelated frame during TX wait type=0xC0

RFCO_PERTX during TX wait: profile_id=1 tx_status=0x00(OK) hop_idx=35 channel_idx=9 epoch=1 freq_hz=907250000 pkt_toa_us=59008 legal_dwell_used_us_10s=59008

2026-07-24 23:44:20,715 INFO image_tx_daemon: frame seq=232 done: 2 fragments ok

INFO: unrelated frame during TX wait type=0xC0

RFCO_PERTX during TX wait: profile_id=1 tx_status=0x00(OK) hop_idx=36 channel_idx=21 epoch=1 freq_hz=913250000 pkt_toa_us=169088 legal_dwell_used_us_10s=169088

INFO: unrelated frame during TX wait type=0xC0

RFCO_PERTX during TX wait: profile_id=1 tx_status=0x00(OK) hop_idx=37 channel_idx=38 epoch=1 freq_hz=921750000 pkt_toa_us=48768 legal_dwell_used_us_10s=48768

2026-07-24 23:44:21,903 INFO image_tx_daemon: frame seq=239 done: 2 fragments ok

INFO: unrelated frame during TX wait type=0xC0

RFCO_PERTX during TX wait: profile_id=1 tx_status=0x00(OK) hop_idx=38 channel_idx=35 epoch=1 freq_hz=920250000 pkt_toa_us=166528 legal_dwell_used_us_10s=166528

2026-07-24 23:44:23,038 INFO image_tx_daemon: frame seq=246 done: 1 fragments ok

INFO: unrelated frame during TX wait type=0xC0

RFCO_PERTX during TX wait: profile_id=1 tx_status=0x00(OK) hop_idx=39 channel_idx=47 epoch=1 freq_hz=926250000 pkt_toa_us=140928 legal_dwell_used_us_10s=140928

2026-07-24 23:44:23,208 INFO image_tx_daemon: frame seq=253 done: 1 fragments ok

INFO: unrelated frame during TX wait type=0xC0

RFCO_PERTX during TX wait: profile_id=1 tx_status=0x00(OK) hop_idx=40 channel_idx=37 epoch=1 freq_hz=921250000 pkt_toa_us=138368 legal_dwell_used_us_10s=138368

2026-07-24 23:44:24,204 INFO image_tx_daemon: frame seq=254 done: 1 fragments ok

INFO: unrelated frame during TX wait type=0xC0

RFCO_PERTX during TX wait: profile_id=1 tx_status=0x00(OK) hop_idx=41 channel_idx=3 epoch=1 freq_hz=904250000 pkt_toa_us=169088 legal_dwell_used_us_10s=169088

INFO: unrelated frame during TX wait type=0xC0

RFCO_PERTX during TX wait: profile_id=1 tx_status=0x00(OK) hop_idx=42 channel_idx=24 epoch=1 freq_hz=914750000 pkt_toa_us=51328 legal_dwell_used_us_10s=51328

2026-07-24 23:44:24,472 INFO image_tx_daemon: frame seq=4 done: 2 fragments ok

INFO: unrelated frame during TX wait type=0xC0

RFCO_PERTX during TX wait: profile_id=1 tx_status=0x00(OK) hop_idx=43 channel_idx=40 epoch=1 freq_hz=922750000 pkt_toa_us=169088 legal_dwell_used_us_10s=169088

INFO: unrelated frame during TX wait type=0xC0

RFCO_PERTX during TX wait: profile_id=1 tx_status=0x00(OK) hop_idx=44 channel_idx=0 epoch=1 freq_hz=902750000 pkt_toa_us=53888 legal_dwell_used_us_10s=53888

2026-07-24 23:44:25,680 INFO image_tx_daemon: frame seq=5 done: 2 fragments ok

INFO: unrelated frame during TX wait type=0xC0

RFCO_PERTX during TX wait: profile_id=1 tx_status=0x00(OK) hop_idx=45 channel_idx=31 epoch=1 freq_hz=918250000 pkt_toa_us=169088 legal_dwell_used_us_10s=169088

INFO: unrelated frame during TX wait type=0xC0

RFCO_PERTX during TX wait: profile_id=1 tx_status=0x00(OK) hop_idx=46 channel_idx=44 epoch=1 freq_hz=924750000 pkt_toa_us=53888 legal_dwell_used_us_10s=53888

2026-07-24 23:44:26,878 INFO image_tx_daemon: frame seq=13 done: 2 fragments ok

2026-07-24 23:44:27,383 INFO image_tx_daemon: stats: goodput=241.6 B/s util=21% pipeline=v2 frames_in=282 ok=68 fail=0 drop_full=209 drop_stale=0 frags_ok=97 frags_fail=0 qdepth=4

INFO: unrelated frame during TX wait type=0xC0

RFCO_PERTX during TX wait: profile_id=1 tx_status=0x00(OK) hop_idx=47 channel_idx=18 epoch=1 freq_hz=911750000 pkt_toa_us=169088 legal_dwell_used_us_10s=169088

INFO: unrelated frame during TX wait type=0xC0

RFCO_PERTX during TX wait: profile_id=1 tx_status=0x00(OK) hop_idx=48 channel_idx=26 epoch=1 freq_hz=915750000 pkt_toa_us=48768 legal_dwell_used_us_10s=48768

2026-07-24 23:44:28,066 INFO image_tx_daemon: frame seq=20 done: 2 fragments ok

INFO: unrelated frame during TX wait type=0xC0

RFCO_PERTX during TX wait: profile_id=1 tx_status=0x00(OK) hop_idx=49 channel_idx=7 epoch=1 freq_hz=906250000 pkt_toa_us=169088 legal_dwell_used_us_10s=169088

INFO: unrelated frame during TX wait type=0xC0

RFCO_PERTX during TX wait: profile_id=1 tx_status=0x00(OK) hop_idx=0 channel_idx=18 epoch=2 freq_hz=911750000 pkt_toa_us=51328 legal_dwell_used_us_10s=220416

2026-07-24 23:44:29,274 INFO image_tx_daemon: frame seq=27 done: 2 fragments ok

INFO: unrelated frame during TX wait type=0xC0

RFCO_PERTX during TX wait: profile_id=1 tx_status=0x00(OK) hop_idx=1 channel_idx=24 epoch=2 freq_hz=914750000 pkt_toa_us=169088 legal_dwell_used_us_10s=220416

INFO: unrelated frame during TX wait type=0xC0

RFCO_PERTX during TX wait: profile_id=1 tx_status=0x00(OK) hop_idx=2 channel_idx=36 epoch=2 freq_hz=920750000 pkt_toa_us=61568 legal_dwell_used_us_10s=61568

2026-07-24 23:44:30,472 INFO image_tx_daemon: frame seq=34 done: 2 fragments ok

INFO: unrelated frame during TX wait type=0xC0

RFCO_PERTX during TX wait: profile_id=1 tx_status=0x00(OK) hop_idx=3 channel_idx=6 epoch=2 freq_hz=905750000 pkt_toa_us=117888 legal_dwell_used_us_10s=117888

2026-07-24 23:44:30,620 INFO image_tx_daemon: frame seq=41 done: 1 fragments ok

INFO: unrelated frame during TX wait type=0xC0

RFCO_PERTX during TX wait: profile_id=1 tx_status=0x00(OK) hop_idx=4 channel_idx=20 epoch=2 freq_hz=912750000 pkt_toa_us=115328 legal_dwell_used_us_10s=115328

2026-07-24 23:44:31,534 INFO image_tx_daemon: frame seq=42 done: 1 fragments ok

INFO: unrelated frame during TX wait type=0xC0

RFCO_PERTX during TX wait: profile_id=1 tx_status=0x00(OK) hop_idx=5 channel_idx=22 epoch=2 freq_hz=913750000 pkt_toa_us=115328 legal_dwell_used_us_10s=115328

2026-07-24 23:44:31,671 INFO image_tx_daemon: frame seq=48 done: 1 fragments ok

INFO: unrelated frame during TX wait type=0xC0

RFCO_PERTX during TX wait: profile_id=1 tx_status=0x00(OK) hop_idx=6 channel_idx=44 epoch=2 freq_hz=924750000 pkt_toa_us=115328 legal_dwell_used_us_10s=169216

2026-07-24 23:44:31,809 INFO image_tx_daemon: frame seq=49 done: 1 fragments ok

INFO: unrelated frame during TX wait type=0xC0

RFCO_PERTX during TX wait: profile_id=1 tx_status=0x00(OK) hop_idx=7 channel_idx=4 epoch=2 freq_hz=904750000 pkt_toa_us=115328 legal_dwell_used_us_10s=115328

2026-07-24 23:44:32,670 INFO image_tx_daemon: frame seq=50 done: 1 fragments ok

INFO: unrelated frame during TX wait type=0xC0

RFCO_PERTX during TX wait: profile_id=1 tx_status=0x00(OK) hop_idx=8 channel_idx=13 epoch=2 freq_hz=909250000 pkt_toa_us=115328 legal_dwell_used_us_10s=115328

2026-07-24 23:44:32,807 INFO image_tx_daemon: frame seq=55 done: 1 fragments ok

INFO: unrelated frame during TX wait type=0xC0

RFCO_PERTX during TX wait: profile_id=1 tx_status=0x00(OK) hop_idx=9 channel_idx=3 epoch=2 freq_hz=904250000 pkt_toa_us=115328 legal_dwell_used_us_10s=284416

2026-07-24 23:44:32,950 INFO image_tx_daemon: frame seq=56 done: 1 fragments ok

INFO: unrelated frame during TX wait type=0xC0

RFCO_PERTX during TX wait: profile_id=1 tx_status=0x00(OK) hop_idx=10 channel_idx=35 epoch=2 freq_hz=920250000 pkt_toa_us=115328 legal_dwell_used_us_10s=115328

2026-07-24 23:44:33,806 INFO image_tx_daemon: frame seq=57 done: 1 fragments ok

INFO: unrelated frame during TX wait type=0xC0

RFCO_PERTX during TX wait: profile_id=1 tx_status=0x00(OK) hop_idx=11 channel_idx=38 epoch=2 freq_hz=921750000 pkt_toa_us=105088 legal_dwell_used_us_10s=105088

2026-07-24 23:44:33,940 INFO image_tx_daemon: frame seq=61 done: 1 fragments ok

INFO: unrelated frame during TX wait type=0xC0

RFCO_PERTX during TX wait: profile_id=1 tx_status=0x00(OK) hop_idx=12 channel_idx=5 epoch=2 freq_hz=905250000 pkt_toa_us=107648 legal_dwell_used_us_10s=107648

2026-07-24 23:44:34,076 INFO image_tx_daemon: frame seq=62 done: 1 fragments ok

INFO: unrelated frame during TX wait type=0xC0

RFCO_PERTX during TX wait: profile_id=1 tx_status=0x00(OK) hop_idx=13 channel_idx=15 epoch=2 freq_hz=910250000 pkt_toa_us=115328 legal_dwell_used_us_10s=115328

2026-07-24 23:44:34,942 INFO image_tx_daemon: frame seq=63 done: 1 fragments ok

INFO: unrelated frame during TX wait type=0xC0

RFCO_PERTX during TX wait: profile_id=1 tx_status=0x00(OK) hop_idx=14 channel_idx=0 epoch=2 freq_hz=902750000 pkt_toa_us=130688 legal_dwell_used_us_10s=184576

2026-07-24 23:44:35,099 INFO image_tx_daemon: frame seq=68 done: 1 fragments ok

INFO: unrelated frame during TX wait type=0xC4

INFO: unrelated frame during TX wait type=0xC0

RFCO_PERTX during TX wait: profile_id=1 tx_status=0x00(OK) hop_idx=15 channel_idx=40 epoch=2 freq_hz=922750000 pkt_toa_us=135808 legal_dwell_used_us_10s=135808

2026-07-24 23:44:36,102 INFO image_tx_daemon: frame seq=69 done: 1 fragments ok

INFO: unrelated frame during TX wait type=0xC0

RFCO_PERTX during TX wait: profile_id=1 tx_status=0x00(OK) hop_idx=16 channel_idx=29 epoch=2 freq_hz=917250000 pkt_toa_us=156288 legal_dwell_used_us_10s=156288

2026-07-24 23:44:36,290 INFO image_tx_daemon: frame seq=75 done: 1 fragments ok

FAULT_URC during TX wait: code=0x0D sub=0x21 raw=0d2100000000000000000000000000000000000042f00000

INFO: unrelated frame during TX wait type=0xC0

RFCO_PERTX during TX wait: profile_id=1 tx_status=0x00(OK) hop_idx=17 channel_idx=31 epoch=2 freq_hz=918250000 pkt_toa_us=153728 legal_dwell_used_us_10s=153728

2026-07-24 23:44:37,280 INFO image_tx_daemon: frame seq=76 done: 1 fragments ok

2026-07-24 23:44:37,394 INFO image_tx_daemon: stats: goodput=287.6 B/s util=25% pipeline=v2 frames_in=341 ok=86 fail=0 drop_full=251 drop_stale=0 frags_ok=118 frags_fail=0 qdepth=3

INFO: unrelated frame during TX wait type=0xC0

RFCO_PERTX during TX wait: profile_id=1 tx_status=0x00(OK) hop_idx=18 channel_idx=45 epoch=2 freq_hz=925250000 pkt_toa_us=169088 legal_dwell_used_us_10s=169088

INFO: unrelated frame during TX wait type=0xC0

RFCO_PERTX during TX wait: profile_id=1 tx_status=0x00(OK) hop_idx=19 channel_idx=39 epoch=2 freq_hz=922250000 pkt_toa_us=25728 legal_dwell_used_us_10s=25728

2026-07-24 23:44:37,532 INFO image_tx_daemon: frame seq=82 done: 2 fragments ok

INFO: unrelated frame during TX wait type=0xC0

RFCO_PERTX during TX wait: profile_id=1 tx_status=0x00(OK) hop_idx=20 channel_idx=37 epoch=2 freq_hz=921250000 pkt_toa_us=169088 legal_dwell_used_us_10s=169088

INFO: unrelated frame during TX wait type=0xC0

RFCO_PERTX during TX wait: profile_id=1 tx_status=0x00(OK) hop_idx=21 channel_idx=27 epoch=2 freq_hz=916250000 pkt_toa_us=38528 legal_dwell_used_us_10s=38528

2026-07-24 23:44:38,543 INFO image_tx_daemon: frame seq=84 done: 2 fragments ok

INFO: unrelated frame during TX wait type=0xC0

RFCO_PERTX during TX wait: profile_id=1 tx_status=0x00(OK) hop_idx=22 channel_idx=17 epoch=2 freq_hz=911250000 pkt_toa_us=169088 legal_dwell_used_us_10s=169088

INFO: unrelated frame during TX wait type=0xC0

RFCO_PERTX during TX wait: profile_id=1 tx_status=0x00(OK) hop_idx=23 channel_idx=32 epoch=2 freq_hz=918750000 pkt_toa_us=51328 legal_dwell_used_us_10s=51328

2026-07-24 23:44:39,542 INFO image_tx_daemon: frame seq=90 done: 2 fragments ok

INFO: unrelated frame during TX wait type=0xC0

RFCO_PERTX during TX wait: profile_id=1 tx_status=0x00(OK) hop_idx=24 channel_idx=33 epoch=2 freq_hz=919250000 pkt_toa_us=169088 legal_dwell_used_us_10s=169088

INFO: unrelated frame during TX wait type=0xC0

RFCO_PERTX during TX wait: profile_id=1 tx_status=0x00(OK) hop_idx=25 channel_idx=10 epoch=2 freq_hz=907750000 pkt_toa_us=53888 legal_dwell_used_us_10s=53888

2026-07-24 23:44:40,014 INFO image_tx_daemon: frame seq=96 done: 2 fragments ok

INFO: unrelated frame during TX wait type=0xC0

RFCO_PERTX during TX wait: profile_id=1 tx_status=0x00(OK) hop_idx=26 channel_idx=21 epoch=2 freq_hz=913250000 pkt_toa_us=169088 legal_dwell_used_us_10s=169088

INFO: unrelated frame during TX wait type=0xC0

RFCO_PERTX during TX wait: profile_id=1 tx_status=0x00(OK) hop_idx=27 channel_idx=23 epoch=2 freq_hz=914250000 pkt_toa_us=74368 legal_dwell_used_us_10s=74368

2026-07-24 23:44:41,232 INFO image_tx_daemon: frame seq=99 done: 2 fragments ok

INFO: unrelated frame during TX wait type=0xC0

RFCO_PERTX during TX wait: profile_id=1 tx_status=0x00(OK) hop_idx=28 channel_idx=2 epoch=2 freq_hz=903750000 pkt_toa_us=169088 legal_dwell_used_us_10s=169088

INFO: unrelated frame during TX wait type=0xC0

RFCO_PERTX during TX wait: profile_id=1 tx_status=0x00(OK) hop_idx=29 channel_idx=1 epoch=2 freq_hz=903250000 pkt_toa_us=48768 legal_dwell_used_us_10s=48768

2026-07-24 23:44:42,399 INFO image_tx_daemon: frame seq=106 done: 2 fragments ok

INFO: unrelated frame during TX wait type=0xC0

RFCO_PERTX during TX wait: profile_id=1 tx_status=0x00(OK) hop_idx=30 channel_idx=9 epoch=2 freq_hz=907250000 pkt_toa_us=158848 legal_dwell_used_us_10s=158848

2026-07-24 23:44:42,588 INFO image_tx_daemon: frame seq=113 done: 1 fragments ok

INFO: unrelated frame during TX wait type=0xC0

RFCO_PERTX during TX wait: profile_id=1 tx_status=0x00(OK) hop_idx=31 channel_idx=34 epoch=2 freq_hz=919750000 pkt_toa_us=158848 legal_dwell_used_us_10s=158848

2026-07-24 23:44:43,524 INFO image_tx_daemon: frame seq=114 done: 1 fragments ok

INFO: unrelated frame during TX wait type=0xC0

RFCO_PERTX during TX wait: profile_id=1 tx_status=0x00(OK) hop_idx=32 channel_idx=43 epoch=2 freq_hz=924250000 pkt_toa_us=143488 legal_dwell_used_us_10s=143488

2026-07-24 23:44:43,755 INFO image_tx_daemon: frame seq=120 done: 1 fragments ok

INFO: unrelated frame during TX wait type=0xC0

RFCO_PERTX during TX wait: profile_id=1 tx_status=0x00(OK) hop_idx=33 channel_idx=42 epoch=2 freq_hz=923750000 pkt_toa_us=140928 legal_dwell_used_us_10s=140928

2026-07-24 23:44:44,692 INFO image_tx_daemon: frame seq=121 done: 1 fragments ok

INFO: unrelated frame during TX wait type=0xC0

RFCO_PERTX during TX wait: profile_id=1 tx_status=0x00(OK) hop_idx=34 channel_idx=48 epoch=2 freq_hz=926750000 pkt_toa_us=169088 legal_dwell_used_us_10s=169088

INFO: unrelated frame during TX wait type=0xC0

RFCO_PERTX during TX wait: profile_id=1 tx_status=0x00(OK) hop_idx=35 channel_idx=19 epoch=2 freq_hz=912250000 pkt_toa_us=53888 legal_dwell_used_us_10s=53888

2026-07-24 23:44:45,027 INFO image_tx_daemon: frame seq=127 done: 2 fragments ok

INFO: unrelated frame during TX wait type=0xC0

RFCO_PERTX during TX wait: profile_id=1 tx_status=0x00(OK) hop_idx=36 channel_idx=14 epoch=2 freq_hz=909750000 pkt_toa_us=169088 legal_dwell_used_us_10s=169088

INFO: unrelated frame during TX wait type=0xC0

RFCO_PERTX during TX wait: profile_id=1 tx_status=0x00(OK) hop_idx=37 channel_idx=16 epoch=2 freq_hz=910750000 pkt_toa_us=48768 legal_dwell_used_us_10s=48768

2026-07-24 23:44:46,215 INFO image_tx_daemon: frame seq=129 done: 2 fragments ok

INFO: unrelated frame during TX wait type=0xC0

RFCO_PERTX during TX wait: profile_id=1 tx_status=0x00(OK) hop_idx=38 channel_idx=30 epoch=2 freq_hz=917750000 pkt_toa_us=169088 legal_dwell_used_us_10s=169088

INFO: unrelated frame during TX wait type=0xC0

RFCO_PERTX during TX wait: profile_id=1 tx_status=0x00(OK) hop_idx=39 channel_idx=28 epoch=2 freq_hz=916750000 pkt_toa_us=38528 legal_dwell_used_us_10s=38528

2026-07-24 23:44:47,402 INFO image_tx_daemon: frame seq=136 done: 2 fragments ok

2026-07-24 23:44:47,409 INFO image_tx_daemon: stats: goodput=294.6 B/s util=26% pipeline=v2 frames_in=401 ok=99 fail=0 drop_full=298 drop_stale=0 frags_ok=140 frags_fail=0 qdepth=3

INFO: unrelated frame during TX wait type=0xC0

RFCO_PERTX during TX wait: profile_id=1 tx_status=0x00(OK) hop_idx=40 channel_idx=12 epoch=2 freq_hz=908750000 pkt_toa_us=169088 legal_dwell_used_us_10s=169088

INFO: unrelated frame during TX wait type=0xC0

RFCO_PERTX during TX wait: profile_id=1 tx_status=0x00(OK) hop_idx=41 channel_idx=47 epoch=2 freq_hz=926250000 pkt_toa_us=51328 legal_dwell_used_us_10s=51328

2026-07-24 23:44:48,413 INFO image_tx_daemon: frame seq=142 done: 2 fragments ok

INFO: unrelated frame during TX wait type=0xC0

RFCO_PERTX during TX wait: profile_id=1 tx_status=0x00(OK) hop_idx=42 channel_idx=26 epoch=2 freq_hz=915750000 pkt_toa_us=169088 legal_dwell_used_us_10s=169088

INFO: unrelated frame during TX wait type=0xC0

RFCO_PERTX during TX wait: profile_id=1 tx_status=0x00(OK) hop_idx=43 channel_idx=46 epoch=2 freq_hz=925750000 pkt_toa_us=46208 legal_dwell_used_us_10s=46208

2026-07-24 23:44:48,863 INFO image_tx_daemon: frame seq=149 done: 2 fragments ok

INFO: unrelated frame during TX wait type=0xC0

RFCO_PERTX during TX wait: profile_id=1 tx_status=0x00(OK) hop_idx=44 channel_idx=7 epoch=2 freq_hz=906250000 pkt_toa_us=169088 legal_dwell_used_us_10s=169088

INFO: unrelated frame during TX wait type=0xC0

RFCO_PERTX during TX wait: profile_id=1 tx_status=0x00(OK) hop_idx=45 channel_idx=25 epoch=2 freq_hz=915250000 pkt_toa_us=48768 legal_dwell_used_us_10s=48768

2026-07-24 23:44:50,061 INFO image_tx_daemon: frame seq=152 done: 2 fragments ok

INFO: unrelated frame during TX wait type=0xC0

RFCO_PERTX during TX wait: profile_id=1 tx_status=0x00(OK) hop_idx=46 channel_idx=41 epoch=2 freq_hz=923250000 pkt_toa_us=169088 legal_dwell_used_us_10s=169088

INFO: unrelated frame during TX wait type=0xC0

RFCO_PERTX during TX wait: profile_id=1 tx_status=0x00(OK) hop_idx=47 channel_idx=11 epoch=2 freq_hz=908250000 pkt_toa_us=51328 legal_dwell_used_us_10s=51328

2026-07-24 23:44:51,258 INFO image_tx_daemon: frame seq=159 done: 2 fragments ok

INFO: unrelated frame during TX wait type=0xC0

RFCO_PERTX during TX wait: profile_id=1 tx_status=0x00(OK) hop_idx=48 channel_idx=8 epoch=2 freq_hz=906750000 pkt_toa_us=115328 legal_dwell_used_us_10s=115328

2026-07-24 23:44:51,395 INFO image_tx_daemon: frame seq=166 done: 1 fragments ok

INFO: unrelated frame during TX wait type=0xC0

RFCO_PERTX during TX wait: profile_id=1 tx_status=0x00(OK) hop_idx=49 channel_idx=49 epoch=2 freq_hz=927250000 pkt_toa_us=110208 legal_dwell_used_us_10s=110208

2026-07-24 23:44:52,331 INFO image_tx_daemon: frame seq=167 done: 1 fragments ok

INFO: unrelated frame during TX wait type=0xC0

RFCO_PERTX during TX wait: profile_id=1 tx_status=0x00(OK) hop_idx=0 channel_idx=43 epoch=3 freq_hz=924250000 pkt_toa_us=107648 legal_dwell_used_us_10s=251136

2026-07-24 23:44:52,458 INFO image_tx_daemon: frame seq=172 done: 1 fragments ok

INFO: unrelated frame during TX wait type=0xC0

RFCO_PERTX during TX wait: profile_id=1 tx_status=0x00(OK) hop_idx=1 channel_idx=15 epoch=3 freq_hz=910250000 pkt_toa_us=105088 legal_dwell_used_us_10s=105088

2026-07-24 23:44:52,584 INFO image_tx_daemon: frame seq=173 done: 1 fragments ok

INFO: unrelated frame during TX wait type=0xC0

RFCO_PERTX during TX wait: profile_id=1 tx_status=0x00(OK) hop_idx=2 channel_idx=14 epoch=3 freq_hz=909750000 pkt_toa_us=120448 legal_dwell_used_us_10s=289536

2026-07-24 23:44:53,477 INFO image_tx_daemon: frame seq=174 done: 1 fragments ok

INFO: unrelated frame during TX wait type=0xC0

RFCO_PERTX during TX wait: profile_id=1 tx_status=0x00(OK) hop_idx=3 channel_idx=0 epoch=3 freq_hz=902750000 pkt_toa_us=115328 legal_dwell_used_us_10s=115328

2026-07-24 23:44:53,614 INFO image_tx_daemon: frame seq=179 done: 1 fragments ok

INFO: unrelated frame during TX wait type=0xC0

RFCO_PERTX during TX wait: profile_id=1 tx_status=0x00(OK) hop_idx=4 channel_idx=27 epoch=3 freq_hz=916250000 pkt_toa_us=117888 legal_dwell_used_us_10s=117888

2026-07-24 23:44:53,762 INFO image_tx_daemon: frame seq=180 done: 1 fragments ok

INFO: unrelated frame during TX wait type=0xC0

RFCO_PERTX during TX wait: profile_id=1 tx_status=0x00(OK) hop_idx=5 channel_idx=44 epoch=3 freq_hz=924750000 pkt_toa_us=115328 legal_dwell_used_us_10s=115328

2026-07-24 23:44:54,613 INFO image_tx_daemon: frame seq=181 done: 1 fragments ok

INFO: unrelated frame during TX wait type=0xC0

RFCO_PERTX during TX wait: profile_id=1 tx_status=0x00(OK) hop_idx=6 channel_idx=26 epoch=3 freq_hz=915750000 pkt_toa_us=120448 legal_dwell_used_us_10s=289536

2026-07-24 23:44:54,761 INFO image_tx_daemon: frame seq=186 done: 1 fragments ok

INFO: unrelated frame during TX wait type=0xC0

RFCO_PERTX during TX wait: profile_id=1 tx_status=0x00(OK) hop_idx=7 channel_idx=18 epoch=3 freq_hz=911750000 pkt_toa_us=117888 legal_dwell_used_us_10s=117888

2026-07-24 23:44:54,908 INFO image_tx_daemon: frame seq=187 done: 1 fragments ok

INFO: unrelated frame during TX wait type=0xC0

RFCO_PERTX during TX wait: profile_id=1 tx_status=0x00(OK) hop_idx=8 channel_idx=46 epoch=3 freq_hz=925750000 pkt_toa_us=117888 legal_dwell_used_us_10s=164096

2026-07-24 23:44:55,760 INFO image_tx_daemon: frame seq=188 done: 1 fragments ok

INFO: unrelated frame during TX wait type=0xC0

RFCO_PERTX during TX wait: profile_id=1 tx_status=0x00(OK) hop_idx=9 channel_idx=24 epoch=3 freq_hz=914750000 pkt_toa_us=120448 legal_dwell_used_us_10s=120448

2026-07-24 23:44:55,907 INFO image_tx_daemon: frame seq=193 done: 1 fragments ok

INFO: unrelated frame during TX wait type=0xC0

RFCO_PERTX during TX wait: profile_id=1 tx_status=0x00(OK) hop_idx=10 channel_idx=36 epoch=3 freq_hz=920750000 pkt_toa_us=133248 legal_dwell_used_us_10s=133248

2026-07-24 23:44:56,063 INFO image_tx_daemon: frame seq=194 done: 1 fragments ok

INFO: unrelated frame during TX wait type=0xC0

RFCO_PERTX during TX wait: profile_id=1 tx_status=0x00(OK) hop_idx=11 channel_idx=8 epoch=3 freq_hz=906750000 pkt_toa_us=133248 legal_dwell_used_us_10s=248576

2026-07-24 23:44:57,064 INFO image_tx_daemon: frame seq=195 done: 1 fragments ok

INFO: unrelated frame during TX wait type=0xC0

RFCO_PERTX during TX wait: profile_id=1 tx_status=0x00(OK) hop_idx=12 channel_idx=29 epoch=3 freq_hz=917250000 pkt_toa_us=148608 legal_dwell_used_us_10s=148608

2026-07-24 23:44:57,243 INFO image_tx_daemon: frame seq=201 done: 1 fragments ok

2026-07-24 23:44:57,420 INFO image_tx_daemon: stats: goodput=306.6 B/s util=27% pipeline=v2 frames_in=462 ok=118 fail=0 drop_full=339 drop_stale=0 frags_ok=163 frags_fail=0 qdepth=4

INFO: unrelated frame during TX wait type=0xC0

RFCO_PERTX during TX wait: profile_id=1 tx_status=0x00(OK) hop_idx=13 channel_idx=7 epoch=3 freq_hz=906250000 pkt_toa_us=163968 legal_dwell_used_us_10s=333056

2026-07-24 23:44:58,252 INFO image_tx_daemon: frame seq=202 done: 1 fragments ok

INFO: unrelated frame during TX wait type=0xC0

RFCO_PERTX during TX wait: profile_id=1 tx_status=0x00(OK) hop_idx=14 channel_idx=40 epoch=3 freq_hz=922750000 pkt_toa_us=169088 legal_dwell_used_us_10s=169088

INFO: unrelated frame during TX wait type=0xC0

RFCO_PERTX during TX wait: profile_id=1 tx_status=0x00(OK) hop_idx=15 channel_idx=42 epoch=3 freq_hz=923750000 pkt_toa_us=28288 legal_dwell_used_us_10s=28288

2026-07-24 23:44:58,495 INFO image_tx_daemon: frame seq=208 done: 2 fragments ok

INFO: unrelated frame during TX wait type=0xC0

RFCO_PERTX during TX wait: profile_id=1 tx_status=0x00(OK) hop_idx=16 channel_idx=16 epoch=3 freq_hz=910750000 pkt_toa_us=169088 legal_dwell_used_us_10s=169088

INFO: unrelated frame during TX wait type=0xC0

RFCO_PERTX during TX wait: profile_id=1 tx_status=0x00(OK) hop_idx=17 channel_idx=33 epoch=3 freq_hz=919250000 pkt_toa_us=53888 legal_dwell_used_us_10s=53888

2026-07-24 23:44:59,530 INFO image_tx_daemon: frame seq=210 done: 2 fragments ok

INFO: unrelated frame during TX wait type=0xC0

RFCO_PERTX during TX wait: profile_id=1 tx_status=0x00(OK) hop_idx=18 channel_idx=31 epoch=3 freq_hz=918250000 pkt_toa_us=169088 legal_dwell_used_us_10s=169088

INFO: unrelated frame during TX wait type=0xC0

RFCO_PERTX during TX wait: profile_id=1 tx_status=0x00(OK) hop_idx=19 channel_idx=2 epoch=3 freq_hz=903750000 pkt_toa_us=64128 legal_dwell_used_us_10s=64128

2026-07-24 23:45:00,732 INFO image_tx_daemon: frame seq=216 done: 2 fragments ok

INFO: unrelated frame during TX wait type=0xC0

RFCO_PERTX during TX wait: profile_id=1 tx_status=0x00(OK) hop_idx=20 channel_idx=4 epoch=3 freq_hz=904750000 pkt_toa_us=169088 legal_dwell_used_us_10s=169088

INFO: unrelated frame during TX wait type=0xC0

RFCO_PERTX during TX wait: profile_id=1 tx_status=0x00(OK) hop_idx=21 channel_idx=49 epoch=3 freq_hz=927250000 pkt_toa_us=66688 legal_dwell_used_us_10s=176896

2026-07-24 23:45:01,931 INFO image_tx_daemon: frame seq=222 done: 2 fragments ok

INFO: unrelated frame during TX wait type=0xC0

RFCO_PERTX during TX wait: profile_id=1 tx_status=0x00(OK) hop_idx=22 channel_idx=28 epoch=3 freq_hz=916750000 pkt_toa_us=169088 legal_dwell_used_us_10s=169088

INFO: unrelated frame during TX wait type=0xC0

RFCO_PERTX during TX wait: profile_id=1 tx_status=0x00(OK) hop_idx=23 channel_idx=34 epoch=3 freq_hz=919750000 pkt_toa_us=66688 legal_dwell_used_us_10s=66688

2026-07-24 23:45:03,128 INFO image_tx_daemon: frame seq=230 done: 2 fragments ok

INFO: unrelated frame during TX wait type=0xC0

RFCO_PERTX during TX wait: profile_id=1 tx_status=0x00(OK) hop_idx=24 channel_idx=39 epoch=3 freq_hz=922250000 pkt_toa_us=169088 legal_dwell_used_us_10s=169088

INFO: unrelated frame during TX wait type=0xC0

RFCO_PERTX during TX wait: profile_id=1 tx_status=0x00(OK) hop_idx=25 channel_idx=1 epoch=3 freq_hz=903250000 pkt_toa_us=48768 legal_dwell_used_us_10s=48768

2026-07-24 23:45:04,306 INFO image_tx_daemon: frame seq=237 done: 2 fragments ok

INFO: unrelated frame during TX wait type=0xC0

RFCO_PERTX during TX wait: profile_id=1 tx_status=0x00(OK) hop_idx=26 channel_idx=13 epoch=3 freq_hz=909250000 pkt_toa_us=166528 legal_dwell_used_us_10s=166528

2026-07-24 23:45:05,440 INFO image_tx_daemon: frame seq=244 done: 1 fragments ok

INFO: unrelated frame during TX wait type=0xC0

RFCO_PERTX during TX wait: profile_id=1 tx_status=0x00(OK) hop_idx=27 channel_idx=3 epoch=3 freq_hz=904250000 pkt_toa_us=148608 legal_dwell_used_us_10s=148608

2026-07-24 23:45:05,619 INFO image_tx_daemon: frame seq=251 done: 1 fragments ok

INFO: unrelated frame during TX wait type=0xC0

RFCO_PERTX during TX wait: profile_id=1 tx_status=0x00(OK) hop_idx=28 channel_idx=32 epoch=3 freq_hz=918750000 pkt_toa_us=140928 legal_dwell_used_us_10s=140928

2026-07-24 23:45:06,608 INFO image_tx_daemon: frame seq=252 done: 1 fragments ok

INFO: unrelated frame during TX wait type=0xC0

RFCO_PERTX during TX wait: profile_id=1 tx_status=0x00(OK) hop_idx=29 channel_idx=35 epoch=3 freq_hz=920250000 pkt_toa_us=169088 legal_dwell_used_us_10s=169088

INFO: unrelated frame during TX wait type=0xC0

RFCO_PERTX during TX wait: profile_id=1 tx_status=0x00(OK) hop_idx=30 channel_idx=12 epoch=3 freq_hz=908750000 pkt_toa_us=53888 legal_dwell_used_us_10s=53888

2026-07-24 23:45:06,891 INFO image_tx_daemon: frame seq=2 done: 2 fragments ok

2026-07-24 23:45:07,431 INFO image_tx_daemon: stats: goodput=253.1 B/s util=22% pipeline=v2 frames_in=522 ok=129 fail=0 drop_full=388 drop_stale=0 frags_ok=181 frags_fail=0 qdepth=4

FAULT_URC during TX wait: code=0x0D sub=0x22 raw=0d2200000000000000000000000000000000000072650100

INFO: unrelated frame during TX wait type=0xC0

RFCO_PERTX during TX wait: profile_id=1 tx_status=0x00(OK) hop_idx=31 channel_idx=48 epoch=3 freq_hz=926750000 pkt_toa_us=169088 legal_dwell_used_us_10s=169088

INFO: unrelated frame during TX wait type=0xC0

RFCO_PERTX during TX wait: profile_id=1 tx_status=0x00(OK) hop_idx=32 channel_idx=37 epoch=3 freq_hz=921250000 pkt_toa_us=51328 legal_dwell_used_us_10s=51328

2026-07-24 23:45:08,080 INFO image_tx_daemon: frame seq=4 done: 2 fragments ok

INFO: unrelated frame during TX wait type=0xC0

RFCO_PERTX during TX wait: profile_id=1 tx_status=0x00(OK) hop_idx=33 channel_idx=17 epoch=3 freq_hz=911250000 pkt_toa_us=169088 legal_dwell_used_us_10s=169088

INFO: unrelated frame during TX wait type=0xC0

RFCO_PERTX during TX wait: profile_id=1 tx_status=0x00(OK) hop_idx=34 channel_idx=20 epoch=3 freq_hz=912750000 pkt_toa_us=51328 legal_dwell_used_us_10s=51328

2026-07-24 23:45:09,277 INFO image_tx_daemon: frame seq=11 done: 2 fragments ok

INFO: unrelated frame during TX wait type=0xC0

RFCO_PERTX during TX wait: profile_id=1 tx_status=0x00(OK) hop_idx=35 channel_idx=45 epoch=3 freq_hz=925250000 pkt_toa_us=169088 legal_dwell_used_us_10s=169088

INFO: unrelated frame during TX wait type=0xC0

RFCO_PERTX during TX wait: profile_id=1 tx_status=0x00(OK) hop_idx=36 channel_idx=22 epoch=3 freq_hz=913750000 pkt_toa_us=51328 legal_dwell_used_us_10s=51328

2026-07-24 23:45:10,476 INFO image_tx_daemon: frame seq=18 done: 2 fragments ok

INFO: unrelated frame during TX wait type=0xC0

RFCO_PERTX during TX wait: profile_id=1 tx_status=0x00(OK) hop_idx=37 channel_idx=47 epoch=3 freq_hz=926250000 pkt_toa_us=169088 legal_dwell_used_us_10s=169088

2026-07-24 23:45:11,676 INFO image_tx_daemon: frame seq=25 done: 2 fragments ok

INFO: unrelated frame during TX wait type=0xC0

RFCO_PERTX during TX wait: profile_id=1 tx_status=0x00(OK) hop_idx=38 channel_idx=11 epoch=3 freq_hz=908250000 pkt_toa_us=51328 legal_dwell_used_us_10s=51328

