# === FCC-B2-b ARTIFACT HEADER BEGIN (v1) ===
# firmware_git_sha: d4dfcb86cfd99bbcbd227844940a1f905336b356
# firmware_git_sha_short: d4dfcb86cfd9
# build_timestamp_utc: 2026-05-20T07:45:26Z
# profile_enum: 0
# profile_string: REG_PROFILE_BENCH_ONLY_FIXED_915
# rfco_summary_schema_ver: 1
# rfco_pertx_schema_ver: 1
# header_schema_ver: 1
# === FCC-B2-b ARTIFACT HEADER END ===

============================================================
Method G Stage 1 Probe
Device: /dev/ttymxc3 @ 921600 8N1
Expected target: custom murata_l072 firmware host link
============================================================
BOOT_URC: not observed during initial window (continuing with active queries)
ASCII fallback diagnostics:
  pre-drain: 1 byte(s)
  hex: 00
  txt: .
  reply to ATI: 142 byte(s)
  hex: 00000000000000000000000000000000000000000000000000000000000000000000000000000000000000000000000000000000000000000000000000000000000000000000000000000000000000000000000000000000000000000000000000000000000000000000000000000000000000000000000000000000000000000000000000000000000000000000
  txt: ..............................................................................................................................................
  reply to AT+VER?: no bytes observed
FATAL: probe failed: timeout waiting for response type 0x81 to req 0x01
