# === FCC-B2-b ARTIFACT HEADER BEGIN (v1) ===
# firmware_git_sha: d4dfcb86cfd99bbcbd227844940a1f905336b356
# firmware_git_sha_short: d4dfcb86cfd9
# build_timestamp_utc: 2026-05-20T07:47:23Z
# profile_enum: 0
# profile_string: REG_PROFILE_BENCH_ONLY_FIXED_915
# rfco_summary_schema_ver: 1
# rfco_pertx_schema_ver: 1
# header_schema_ver: 1
# === FCC-B2-b ARTIFACT HEADER END ===

=== sanity ===
-rw-rw-rw- 1 fio fio  2334 May  8  2026 /tmp/lifetrac_p0c/07_assert_pa11_pf4_long.cfg
-rw-rw-rw- 1 fio fio 16440 May 11  2026 /tmp/lifetrac_p0c/firmware.bin
-rw-rw-rw- 1 fio fio  9818 May  9  2026 /tmp/lifetrac_p0c/stm32_an3155_flasher.py
fuser /dev/ttymxc3: 

=== launching openocd (600s hold) ===
OCD_PID=1543

=== openocd output so far ===
Open On-Chip Debugger 0.11.0-dirty (2025-07-14-18:35)
Licensed under GNU GPL v2
For bug reports, read
	http://openocd.org/doc/doxygen/bugs.html
Info : imx_gpio GPIO JTAG/SWD bitbang driver
Info : imx_gpio mmap: pagesize: 4096, regionsize: 131072
Info : clock speed 1805 kHz
Error: Error connecting DP: cannot read IDR



ERROR: openocd did not reach READY phase. Aborting flash.
