2026-07-30 12:54:15,424 INFO image_tx_daemon: opening L072 HostLink on /dev/ttymxc3 @ 921600

2026-07-30 12:54:15,433 INFO image_tx_daemon: image_tx_daemon started; mqtt=127.0.0.1:1883 uart=/dev/ttymxc3

2026-07-30 12:54:15,437 INFO image_tx_daemon: MQTT connected; subscribing to lifetrac/v25/cmd/image_frame

2026-07-30 12:54:15,441 INFO image_tx_daemon: LIFETRAC_SKIP_RESET_REQ=1 — relying on external NRST; draining boot chatter only

2026-07-30 12:54:15,458 INFO image_tx_daemon: link_budget: published n_frag=1 profile_idx=6 (profile 2)

INFO: post-VER drain queued type=0xF1 seq=0

INFO: post-VER drain queued type=0xC1 seq=0

INFO: post-VER drain queued type=0xF1 seq=0

INFO: post-VER drain queued type=0xC1 seq=0

Initializing regulatory profile 2 on co-processor...

  FHSS mask: single channel 0 (0100000000000000)

CFG_SET_REQ(FHSS_CHANNEL_MASK) OK: 07000800

CFG_SET_REQ(ANTENNA_GAIN_DBI) OK: 15000100

CFG_SET_REQ(HW_CEILING_DBM) OK: 16000100

  FHSS seed: (0,0) legacy shared permutation [set LIFETRAC_FHSS_FARM_ID / LIFETRAC_FHSS_LINK_ID to separate pairs]

CFG_SET_REQ(FHSS_FARM_ID) OK: 17000800

CFG_SET_REQ(FHSS_NODE_ID) OK: 18000800

CFG_SET_REQ(REG_PROFILE=2) OK: 14000100

  forcing FRF -> 915.000 MHz (raw=0xE4C000 -> Msb=0xE4 Mid=0xC0 Lsb=0x00)

  FRF readback: 0xE4C000 = 915.000 MHz (OK)

PHY contract OK: image_bw500 == {'sf': 7, 'bw_khz': 500, 'cr_den': 5, 'preamble': 8}

2026-07-30 12:54:16,326 INFO image_tx_daemon: LBT_ENABLE=0 (matches W1-10b TX_BURST rationale)

2026-07-30 12:54:16,348 INFO image_tx_daemon: RXCONT armed for command downlink (opmode 0x81 -> 0x85)

2026-07-30 12:54:16,349 INFO image_tx_daemon: TX worker ready (inter_cycle_s=0.050, max 8 frags/dwell)

2026-07-30 12:54:16,427 INFO image_tx_daemon: stats: goodput=0.0 B/s util=0% pipeline=v3 frames_in=0 ok=0 fail=0 drop_full=0 drop_stale=0 frags_ok=0 frags_fail=0 qdepth=0 parity_tx=0

2026-07-30 12:54:16,944 INFO image_tx_daemon: LoRa cmd: ENCODE_MODE 0

2026-07-30 12:54:17,519 INFO image_tx_daemon: LoRa cmd: ENCODE_MODE 0

2026-07-30 12:54:18,094 INFO image_tx_daemon: LoRa cmd: ENCODE_MODE 0

2026-07-30 12:54:18,668 INFO image_tx_daemon: LoRa cmd: ENCODE_MODE 0

2026-07-30 12:54:19,243 INFO image_tx_daemon: LoRa cmd: ENCODE_MODE 0

2026-07-30 12:54:19,820 INFO image_tx_daemon: LoRa cmd: ENCODE_MODE 0

2026-07-30 12:54:20,396 INFO image_tx_daemon: LoRa cmd: ENCODE_MODE 0

2026-07-30 12:54:20,972 INFO image_tx_daemon: LoRa cmd: ENCODE_MODE 0

2026-07-30 12:54:21,547 INFO image_tx_daemon: LoRa cmd: ENCODE_MODE 0

2026-07-30 12:54:22,122 INFO image_tx_daemon: LoRa cmd: ENCODE_MODE 0

2026-07-30 12:54:22,697 INFO image_tx_daemon: LoRa cmd: ENCODE_MODE 0

2026-07-30 12:54:22,982 INFO image_tx_daemon: LoRa cmd: ENCODE_MODE 0

2026-07-30 12:54:23,557 INFO image_tx_daemon: LoRa cmd: ENCODE_MODE 0

2026-07-30 12:54:24,133 INFO image_tx_daemon: LoRa cmd: ENCODE_MODE 0

2026-07-30 12:54:24,709 INFO image_tx_daemon: LoRa cmd: ENCODE_MODE 0

2026-07-30 12:54:25,284 INFO image_tx_daemon: LoRa cmd: ENCODE_MODE 0

2026-07-30 12:54:25,859 INFO image_tx_daemon: LoRa cmd: ENCODE_MODE 0

2026-07-30 12:54:26,439 INFO image_tx_daemon: stats: goodput=0.0 B/s util=0% pipeline=v3 frames_in=0 ok=0 fail=0 drop_full=0 drop_stale=0 frags_ok=0 frags_fail=0 qdepth=0 parity_tx=0

2026-07-30 12:54:33,876 INFO image_tx_daemon: frame seq=1 done (pipelined): 13 fragments ok

2026-07-30 12:54:35,466 INFO image_tx_daemon: frame seq=2 done (pipelined): 13 fragments ok

2026-07-30 12:54:36,450 INFO image_tx_daemon: stats: goodput=778.9 B/s util=32% pipeline=v3 frames_in=9 ok=2 fail=0 drop_full=0 drop_stale=0 frags_ok=33 frags_fail=0 qdepth=4 parity_tx=0

2026-07-30 12:54:37,057 INFO image_tx_daemon: frame seq=3 done (pipelined): 13 fragments ok

2026-07-30 12:54:38,596 INFO image_tx_daemon: frame seq=4 done (pipelined): 12 fragments ok

2026-07-30 12:54:40,074 INFO image_tx_daemon: frame seq=5 done (pipelined): 12 fragments ok

2026-07-30 12:54:41,584 INFO image_tx_daemon: frame seq=7 done (pipelined): 13 fragments ok

2026-07-30 12:54:43,185 INFO image_tx_daemon: frame seq=10 done (pipelined): 13 fragments ok

2026-07-30 12:54:44,749 INFO image_tx_daemon: frame seq=13 done (pipelined): 13 fragments ok

2026-07-30 12:54:46,253 INFO image_tx_daemon: frame seq=16 done (pipelined): 13 fragments ok

2026-07-30 12:54:46,461 INFO image_tx_daemon: stats: goodput=1927.3 B/s util=78% pipeline=v3 frames_in=29 ok=9 fail=0 drop_full=14 drop_stale=0 frags_ok=115 frags_fail=0 qdepth=4 parity_tx=0

2026-07-30 12:54:47,836 INFO image_tx_daemon: frame seq=20 done (pipelined): 13 fragments ok

2026-07-30 12:54:49,327 INFO image_tx_daemon: frame seq=23 done (pipelined): 13 fragments ok

2026-07-30 12:54:50,806 INFO image_tx_daemon: frame seq=26 done (pipelined): 13 fragments ok

2026-07-30 12:54:52,309 INFO image_tx_daemon: frame seq=29 done (pipelined): 13 fragments ok

2026-07-30 12:54:53,850 INFO image_tx_daemon: frame seq=32 done (pipelined): 12 fragments ok

2026-07-30 12:54:55,374 INFO image_tx_daemon: frame seq=35 done (pipelined): 13 fragments ok

2026-07-30 12:54:56,476 INFO image_tx_daemon: stats: goodput=1997.2 B/s util=81% pipeline=v3 frames_in=49 ok=15 fail=0 drop_full=27 drop_stale=0 frags_ok=200 frags_fail=0 qdepth=4 parity_tx=0

2026-07-30 12:54:56,909 INFO image_tx_daemon: frame seq=38 done (pipelined): 12 fragments ok

2026-07-30 12:54:58,420 INFO image_tx_daemon: frame seq=41 done (pipelined): 13 fragments ok

2026-07-30 12:54:59,912 INFO image_tx_daemon: frame seq=44 done (pipelined): 13 fragments ok

2026-07-30 12:55:01,403 INFO image_tx_daemon: frame seq=47 done (pipelined): 13 fragments ok

2026-07-30 12:55:02,896 INFO image_tx_daemon: frame seq=50 done (pipelined): 13 fragments ok

2026-07-30 12:55:04,400 INFO image_tx_daemon: frame seq=53 done (pipelined): 13 fragments ok

2026-07-30 12:55:05,991 INFO image_tx_daemon: frame seq=59 done (pipelined): 13 fragments ok

2026-07-30 12:55:06,487 INFO image_tx_daemon: stats: goodput=1977.3 B/s util=80% pipeline=v3 frames_in=69 ok=22 fail=0 drop_full=40 drop_stale=0 frags_ok=285 frags_fail=0 qdepth=4 parity_tx=0

2026-07-30 12:55:07,525 INFO image_tx_daemon: frame seq=60 done (pipelined): 12 fragments ok

2026-07-30 12:55:09,010 INFO image_tx_daemon: frame seq=62 done (pipelined): 12 fragments ok

2026-07-30 12:55:10,528 INFO image_tx_daemon: frame seq=65 done (pipelined): 13 fragments ok

2026-07-30 12:55:12,108 INFO image_tx_daemon: frame seq=71 done (pipelined): 13 fragments ok

2026-07-30 12:55:13,709 INFO image_tx_daemon: frame seq=72 done (pipelined): 13 fragments ok

2026-07-30 12:55:15,299 INFO image_tx_daemon: frame seq=74 done (pipelined): 13 fragments ok

2026-07-30 12:55:16,498 INFO image_tx_daemon: stats: goodput=1950.7 B/s util=79% pipeline=v3 frames_in=89 ok=28 fail=0 drop_full=54 drop_stale=0 frags_ok=367 frags_fail=0 qdepth=4 parity_tx=0

2026-07-30 12:55:16,838 INFO image_tx_daemon: frame seq=78 done (pipelined): 12 fragments ok

2026-07-30 12:55:18,306 INFO image_tx_daemon: frame seq=81 done (pipelined): 12 fragments ok

2026-07-30 12:55:19,822 INFO image_tx_daemon: frame seq=84 done (pipelined): 13 fragments ok

2026-07-30 12:55:21,313 INFO image_tx_daemon: frame seq=87 done (pipelined): 13 fragments ok

2026-07-30 12:55:22,791 INFO image_tx_daemon: frame seq=90 done (pipelined): 13 fragments ok

2026-07-30 12:55:24,295 INFO image_tx_daemon: frame seq=93 done (pipelined): 13 fragments ok

2026-07-30 12:55:25,836 INFO image_tx_daemon: frame seq=96 done (pipelined): 12 fragments ok

2026-07-30 12:55:26,510 INFO image_tx_daemon: stats: goodput=1987.0 B/s util=81% pipeline=v3 frames_in=109 ok=35 fail=0 drop_full=67 drop_stale=0 frags_ok=451 frags_fail=0 qdepth=4 parity_tx=0

2026-07-30 12:55:27,359 INFO image_tx_daemon: frame seq=99 done (pipelined): 13 fragments ok

2026-07-30 12:55:28,894 INFO image_tx_daemon: frame seq=102 done (pipelined): 12 fragments ok

2026-07-30 12:55:30,404 INFO image_tx_daemon: frame seq=105 done (pipelined): 13 fragments ok

2026-07-30 12:55:31,897 INFO image_tx_daemon: frame seq=108 done (pipelined): 13 fragments ok

2026-07-30 12:55:33,388 INFO image_tx_daemon: frame seq=111 done (pipelined): 13 fragments ok

2026-07-30 12:55:34,881 INFO image_tx_daemon: frame seq=114 done (pipelined): 13 fragments ok

2026-07-30 12:55:36,384 INFO image_tx_daemon: frame seq=117 done (pipelined): 13 fragments ok

2026-07-30 12:55:36,521 INFO image_tx_daemon: stats: goodput=1976.3 B/s util=80% pipeline=v3 frames_in=129 ok=42 fail=0 drop_full=81 drop_stale=0 frags_ok=536 frags_fail=0 qdepth=4 parity_tx=0

2026-07-30 12:55:37,975 INFO image_tx_daemon: frame seq=123 done (pipelined): 13 fragments ok

2026-07-30 12:55:39,509 INFO image_tx_daemon: frame seq=124 done (pipelined): 12 fragments ok

2026-07-30 12:55:40,993 INFO image_tx_daemon: frame seq=126 done (pipelined): 12 fragments ok

2026-07-30 12:55:42,512 INFO image_tx_daemon: frame seq=129 done (pipelined): 13 fragments ok

2026-07-30 12:55:44,093 INFO image_tx_daemon: frame seq=135 done (pipelined): 13 fragments ok

2026-07-30 12:55:45,693 INFO image_tx_daemon: frame seq=136 done (pipelined): 13 fragments ok

2026-07-30 12:55:46,532 INFO image_tx_daemon: stats: goodput=1951.5 B/s util=79% pipeline=v3 frames_in=149 ok=48 fail=0 drop_full=94 drop_stale=0 frags_ok=618 frags_fail=0 qdepth=4 parity_tx=0

2026-07-30 12:55:47,284 INFO image_tx_daemon: frame seq=138 done (pipelined): 13 fragments ok

2026-07-30 12:55:48,847 INFO image_tx_daemon: frame seq=141 done (pipelined): 13 fragments ok

2026-07-30 12:55:50,294 INFO image_tx_daemon: frame seq=145 done (pipelined): 12 fragments ok

2026-07-30 12:55:51,816 INFO image_tx_daemon: frame seq=148 done (pipelined): 13 fragments ok

2026-07-30 12:55:53,307 INFO image_tx_daemon: frame seq=151 done (pipelined): 13 fragments ok

2026-07-30 12:55:54,786 INFO image_tx_daemon: frame seq=154 done (pipelined): 13 fragments ok

2026-07-30 12:55:56,290 INFO image_tx_daemon: frame seq=157 done (pipelined): 13 fragments ok

2026-07-30 12:55:56,543 INFO image_tx_daemon: stats: goodput=1972.4 B/s util=80% pipeline=v3 frames_in=169 ok=55 fail=0 drop_full=108 drop_stale=0 frags_ok=703 frags_fail=0 qdepth=3 parity_tx=0

2026-07-30 12:55:57,832 INFO image_tx_daemon: frame seq=160 done (pipelined): 12 fragments ok

2026-07-30 12:55:59,354 INFO image_tx_daemon: frame seq=163 done (pipelined): 13 fragments ok

2026-07-30 12:56:00,888 INFO image_tx_daemon: frame seq=166 done (pipelined): 12 fragments ok

2026-07-30 12:56:02,399 INFO image_tx_daemon: frame seq=169 done (pipelined): 13 fragments ok

2026-07-30 12:56:03,892 INFO image_tx_daemon: frame seq=172 done (pipelined): 13 fragments ok

2026-07-30 12:56:05,383 INFO image_tx_daemon: frame seq=175 done (pipelined): 13 fragments ok

2026-07-30 12:56:06,555 INFO image_tx_daemon: stats: goodput=1988.4 B/s util=81% pipeline=v3 frames_in=189 ok=61 fail=0 drop_full=122 drop_stale=0 frags_ok=787 frags_fail=0 qdepth=4 parity_tx=0

2026-07-30 12:56:06,876 INFO image_tx_daemon: frame seq=178 done (pipelined): 13 fragments ok

2026-07-30 12:56:08,380 INFO image_tx_daemon: frame seq=181 done (pipelined): 13 fragments ok

2026-07-30 12:56:09,971 INFO image_tx_daemon: frame seq=187 done (pipelined): 13 fragments ok

2026-07-30 12:56:11,505 INFO image_tx_daemon: frame seq=188 done (pipelined): 12 fragments ok

2026-07-30 12:56:12,988 INFO image_tx_daemon: frame seq=190 done (pipelined): 12 fragments ok

2026-07-30 12:56:14,504 INFO image_tx_daemon: frame seq=193 done (pipelined): 13 fragments ok

2026-07-30 12:56:16,088 INFO image_tx_daemon: frame seq=199 done (pipelined): 13 fragments ok

2026-07-30 12:56:16,565 INFO image_tx_daemon: stats: goodput=1931.5 B/s util=78% pipeline=v3 frames_in=209 ok=68 fail=0 drop_full=134 drop_stale=0 frags_ok=869 frags_fail=0 qdepth=4 parity_tx=0

2026-07-30 12:56:17,689 INFO image_tx_daemon: frame seq=200 done (pipelined): 13 fragments ok

2026-07-30 12:56:19,279 INFO image_tx_daemon: frame seq=202 done (pipelined): 13 fragments ok

2026-07-30 12:56:20,844 INFO image_tx_daemon: frame seq=205 done (pipelined): 13 fragments ok

2026-07-30 12:56:22,290 INFO image_tx_daemon: frame seq=209 done (pipelined): 12 fragments ok

2026-07-30 12:56:23,813 INFO image_tx_daemon: frame seq=212 done (pipelined): 13 fragments ok

2026-07-30 12:56:25,305 INFO image_tx_daemon: frame seq=215 done (pipelined): 13 fragments ok

2026-07-30 12:56:26,576 INFO image_tx_daemon: stats: goodput=1995.5 B/s util=81% pipeline=v3 frames_in=229 ok=74 fail=0 drop_full=148 drop_stale=0 frags_ok=954 frags_fail=0 qdepth=4 parity_tx=0

2026-07-30 12:56:26,784 INFO image_tx_daemon: frame seq=218 done (pipelined): 13 fragments ok

2026-07-30 12:56:28,288 INFO image_tx_daemon: frame seq=221 done (pipelined): 13 fragments ok

2026-07-30 12:56:29,828 INFO image_tx_daemon: frame seq=224 done (pipelined): 12 fragments ok

2026-07-30 12:56:31,352 INFO image_tx_daemon: frame seq=227 done (pipelined): 13 fragments ok

2026-07-30 12:56:32,887 INFO image_tx_daemon: frame seq=230 done (pipelined): 12 fragments ok

2026-07-30 12:56:34,398 INFO image_tx_daemon: frame seq=233 done (pipelined): 13 fragments ok

2026-07-30 12:56:35,891 INFO image_tx_daemon: frame seq=236 done (pipelined): 13 fragments ok

2026-07-30 12:56:36,588 INFO image_tx_daemon: stats: goodput=1969.1 B/s util=80% pipeline=v3 frames_in=249 ok=81 fail=0 drop_full=161 drop_stale=0 frags_ok=1038 frags_fail=0 qdepth=4 parity_tx=0

2026-07-30 12:56:37,383 INFO image_tx_daemon: frame seq=239 done (pipelined): 13 fragments ok

2026-07-30 12:56:38,876 INFO image_tx_daemon: frame seq=242 done (pipelined): 13 fragments ok

2026-07-30 12:56:40,380 INFO image_tx_daemon: frame seq=245 done (pipelined): 13 fragments ok

2026-07-30 12:56:41,971 INFO image_tx_daemon: frame seq=251 done (pipelined): 13 fragments ok

2026-07-30 12:56:43,505 INFO image_tx_daemon: frame seq=252 done (pipelined): 12 fragments ok

2026-07-30 12:56:44,988 INFO image_tx_daemon: frame seq=254 done (pipelined): 12 fragments ok

2026-07-30 12:56:46,500 INFO image_tx_daemon: frame seq=1 done (pipelined): 13 fragments ok

2026-07-30 12:56:46,599 INFO image_tx_daemon: stats: goodput=1978.2 B/s util=80% pipeline=v3 frames_in=269 ok=88 fail=0 drop_full=175 drop_stale=0 frags_ok=1122 frags_fail=0 qdepth=4 parity_tx=0

2026-07-30 12:56:48,088 INFO image_tx_daemon: frame seq=7 done (pipelined): 13 fragments ok

2026-07-30 12:56:49,689 INFO image_tx_daemon: frame seq=8 done (pipelined): 13 fragments ok

2026-07-30 12:56:51,279 INFO image_tx_daemon: frame seq=10 done (pipelined): 13 fragments ok

2026-07-30 12:56:52,843 INFO image_tx_daemon: frame seq=13 done (pipelined): 13 fragments ok

2026-07-30 12:56:54,289 INFO image_tx_daemon: frame seq=17 done (pipelined): 12 fragments ok

2026-07-30 12:56:55,812 INFO image_tx_daemon: frame seq=20 done (pipelined): 13 fragments ok

2026-07-30 12:56:56,610 INFO image_tx_daemon: stats: goodput=1948.4 B/s util=79% pipeline=v3 frames_in=289 ok=94 fail=0 drop_full=188 drop_stale=0 frags_ok=1205 frags_fail=0 qdepth=4 parity_tx=0

2026-07-30 12:56:57,295 INFO image_tx_daemon: frame seq=23 done (pipelined): 13 fragments ok

2026-07-30 12:56:58,774 INFO image_tx_daemon: frame seq=26 done (pipelined): 13 fragments ok

2026-07-30 12:57:00,278 INFO image_tx_daemon: frame seq=29 done (pipelined): 13 fragments ok

2026-07-30 12:57:01,819 INFO image_tx_daemon: frame seq=32 done (pipelined): 12 fragments ok

2026-07-30 12:57:03,343 INFO image_tx_daemon: frame seq=35 done (pipelined): 13 fragments ok

2026-07-30 12:57:04,877 INFO image_tx_daemon: frame seq=38 done (pipelined): 12 fragments ok

2026-07-30 12:57:06,388 INFO image_tx_daemon: frame seq=41 done (pipelined): 13 fragments ok

2026-07-30 12:57:06,622 INFO image_tx_daemon: stats: goodput=1968.9 B/s util=80% pipeline=v3 frames_in=309 ok=101 fail=0 drop_full=202 drop_stale=0 frags_ok=1289 frags_fail=0 qdepth=3 parity_tx=0

2026-07-30 12:57:07,880 INFO image_tx_daemon: frame seq=44 done (pipelined): 13 fragments ok

2026-07-30 12:57:09,372 INFO image_tx_daemon: frame seq=47 done (pipelined): 13 fragments ok

2026-07-30 12:57:10,864 INFO image_tx_daemon: frame seq=50 done (pipelined): 13 fragments ok

2026-07-30 12:57:12,368 INFO image_tx_daemon: frame seq=53 done (pipelined): 13 fragments ok

2026-07-30 12:57:13,959 INFO image_tx_daemon: frame seq=59 done (pipelined): 13 fragments ok

2026-07-30 12:57:15,493 INFO image_tx_daemon: frame seq=60 done (pipelined): 12 fragments ok

2026-07-30 12:57:16,633 INFO image_tx_daemon: stats: goodput=1999.8 B/s util=81% pipeline=v3 frames_in=329 ok=107 fail=0 drop_full=216 drop_stale=0 frags_ok=1374 frags_fail=0 qdepth=4 parity_tx=0

2026-07-30 12:57:16,976 INFO image_tx_daemon: frame seq=62 done (pipelined): 12 fragments ok

2026-07-30 12:57:18,496 INFO image_tx_daemon: frame seq=65 done (pipelined): 13 fragments ok

2026-07-30 12:57:20,076 INFO image_tx_daemon: frame seq=71 done (pipelined): 13 fragments ok

2026-07-30 12:57:21,677 INFO image_tx_daemon: frame seq=72 done (pipelined): 13 fragments ok

2026-07-30 12:57:23,267 INFO image_tx_daemon: frame seq=74 done (pipelined): 13 fragments ok

2026-07-30 12:57:24,831 INFO image_tx_daemon: frame seq=77 done (pipelined): 13 fragments ok

2026-07-30 12:57:26,278 INFO image_tx_daemon: frame seq=81 done (pipelined): 12 fragments ok

2026-07-30 12:57:26,644 INFO image_tx_daemon: stats: goodput=1926.2 B/s util=78% pipeline=v3 frames_in=349 ok=114 fail=0 drop_full=229 drop_stale=0 frags_ok=1456 frags_fail=0 qdepth=3 parity_tx=0

2026-07-30 12:57:27,800 INFO image_tx_daemon: frame seq=84 done (pipelined): 13 fragments ok

2026-07-30 12:57:29,291 INFO image_tx_daemon: frame seq=87 done (pipelined): 13 fragments ok

2026-07-30 12:57:30,770 INFO image_tx_daemon: frame seq=90 done (pipelined): 13 fragments ok

2026-07-30 12:57:32,274 INFO image_tx_daemon: frame seq=93 done (pipelined): 13 fragments ok

2026-07-30 12:57:33,814 INFO image_tx_daemon: frame seq=96 done (pipelined): 12 fragments ok

2026-07-30 12:57:35,337 INFO image_tx_daemon: frame seq=99 done (pipelined): 13 fragments ok

2026-07-30 12:57:36,654 INFO image_tx_daemon: stats: goodput=1998.1 B/s util=81% pipeline=v3 frames_in=369 ok=120 fail=0 drop_full=242 drop_stale=0 frags_ok=1541 frags_fail=0 qdepth=4 parity_tx=0

2026-07-30 12:57:36,872 INFO image_tx_daemon: frame seq=102 done (pipelined): 12 fragments ok

2026-07-30 12:57:38,382 INFO image_tx_daemon: frame seq=105 done (pipelined): 13 fragments ok

2026-07-30 12:57:39,876 INFO image_tx_daemon: frame seq=108 done (pipelined): 13 fragments ok

2026-07-30 12:57:41,368 INFO image_tx_daemon: frame seq=111 done (pipelined): 13 fragments ok

2026-07-30 12:57:42,860 INFO image_tx_daemon: frame seq=114 done (pipelined): 13 fragments ok

2026-07-30 12:57:44,364 INFO image_tx_daemon: frame seq=117 done (pipelined): 13 fragments ok

2026-07-30 12:57:45,954 INFO image_tx_daemon: frame seq=123 done (pipelined): 13 fragments ok

2026-07-30 12:57:46,672 INFO image_tx_daemon: stats: goodput=1951.4 B/s util=79% pipeline=v3 frames_in=389 ok=127 fail=0 drop_full=255 drop_stale=0 frags_ok=1625 frags_fail=0 qdepth=4 parity_tx=0

2026-07-30 12:57:47,489 INFO image_tx_daemon: frame seq=124 done (pipelined): 12 fragments ok

2026-07-30 12:57:48,971 INFO image_tx_daemon: frame seq=126 done (pipelined): 12 fragments ok

2026-07-30 12:57:50,491 INFO image_tx_daemon: frame seq=129 done (pipelined): 13 fragments ok

2026-07-30 12:57:52,071 INFO image_tx_daemon: frame seq=135 done (pipelined): 13 fragments ok

2026-07-30 12:57:53,672 INFO image_tx_daemon: frame seq=136 done (pipelined): 13 fragments ok

2026-07-30 12:57:55,263 INFO image_tx_daemon: frame seq=138 done (pipelined): 13 fragments ok

2026-07-30 12:57:56,686 INFO image_tx_daemon: stats: goodput=1974.7 B/s util=80% pipeline=v3 frames_in=409 ok=133 fail=0 drop_full=269 drop_stale=0 frags_ok=1708 frags_fail=0 qdepth=4 parity_tx=0

2026-07-30 12:57:56,827 INFO image_tx_daemon: frame seq=141 done (pipelined): 13 fragments ok

2026-07-30 12:57:58,273 INFO image_tx_daemon: frame seq=145 done (pipelined): 12 fragments ok

2026-07-30 12:57:59,796 INFO image_tx_daemon: frame seq=148 done (pipelined): 13 fragments ok

2026-07-30 12:58:01,287 INFO image_tx_daemon: frame seq=151 done (pipelined): 13 fragments ok

2026-07-30 12:58:02,766 INFO image_tx_daemon: frame seq=154 done (pipelined): 13 fragments ok

2026-07-30 12:58:04,270 INFO image_tx_daemon: frame seq=157 done (pipelined): 13 fragments ok

2026-07-30 12:58:05,810 INFO image_tx_daemon: frame seq=160 done (pipelined): 12 fragments ok

2026-07-30 12:58:06,697 INFO image_tx_daemon: stats: goodput=1989.2 B/s util=81% pipeline=v3 frames_in=429 ok=140 fail=0 drop_full=282 drop_stale=0 frags_ok=1793 frags_fail=0 qdepth=4 parity_tx=0

2026-07-30 12:58:07,335 INFO image_tx_daemon: frame seq=163 done (pipelined): 13 fragments ok

2026-07-30 12:58:08,868 INFO image_tx_daemon: frame seq=166 done (pipelined): 12 fragments ok

2026-07-30 12:58:10,379 INFO image_tx_daemon: frame seq=169 done (pipelined): 13 fragments ok

2026-07-30 12:58:11,865 INFO image_tx_daemon: frame seq=172 done (pipelined): 13 fragments ok

2026-07-30 12:58:13,357 INFO image_tx_daemon: frame seq=175 done (pipelined): 13 fragments ok

2026-07-30 12:58:14,849 INFO image_tx_daemon: frame seq=178 done (pipelined): 13 fragments ok

2026-07-30 12:58:16,353 INFO image_tx_daemon: frame seq=181 done (pipelined): 13 fragments ok

2026-07-30 12:58:16,710 INFO image_tx_daemon: stats: goodput=1951.2 B/s util=79% pipeline=v3 frames_in=449 ok=147 fail=0 drop_full=296 drop_stale=0 frags_ok=1877 frags_fail=0 qdepth=3 parity_tx=0

2026-07-30 12:58:17,944 INFO image_tx_daemon: frame seq=187 done (pipelined): 13 fragments ok

2026-07-30 12:58:19,479 INFO image_tx_daemon: frame seq=188 done (pipelined): 12 fragments ok

2026-07-30 12:58:20,961 INFO image_tx_daemon: frame seq=190 done (pipelined): 12 fragments ok

2026-07-30 12:58:22,481 INFO image_tx_daemon: frame seq=193 done (pipelined): 13 fragments ok

2026-07-30 12:58:24,061 INFO image_tx_daemon: frame seq=199 done (pipelined): 13 fragments ok

2026-07-30 12:58:25,662 INFO image_tx_daemon: frame seq=200 done (pipelined): 13 fragments ok

2026-07-30 12:58:26,722 INFO image_tx_daemon: stats: goodput=1951.5 B/s util=79% pipeline=v3 frames_in=469 ok=153 fail=0 drop_full=309 drop_stale=0 frags_ok=1959 frags_fail=0 qdepth=4 parity_tx=0

2026-07-30 12:58:27,252 INFO image_tx_daemon: frame seq=202 done (pipelined): 13 fragments ok

2026-07-30 12:58:28,816 INFO image_tx_daemon: frame seq=205 done (pipelined): 13 fragments ok

2026-07-30 12:58:30,263 INFO image_tx_daemon: frame seq=209 done (pipelined): 12 fragments ok

2026-07-30 12:58:31,786 INFO image_tx_daemon: frame seq=212 done (pipelined): 13 fragments ok

2026-07-30 12:58:33,276 INFO image_tx_daemon: frame seq=215 done (pipelined): 13 fragments ok

2026-07-30 12:58:34,755 INFO image_tx_daemon: frame seq=218 done (pipelined): 13 fragments ok

2026-07-30 12:58:36,259 INFO image_tx_daemon: frame seq=221 done (pipelined): 13 fragments ok

2026-07-30 12:58:36,733 INFO image_tx_daemon: stats: goodput=1972.4 B/s util=80% pipeline=v3 frames_in=489 ok=160 fail=0 drop_full=323 drop_stale=0 frags_ok=2044 frags_fail=0 qdepth=3 parity_tx=0

2026-07-30 12:58:37,800 INFO image_tx_daemon: frame seq=224 done (pipelined): 12 fragments ok

2026-07-30 12:58:39,323 INFO image_tx_daemon: frame seq=227 done (pipelined): 13 fragments ok

2026-07-30 12:58:40,858 INFO image_tx_daemon: frame seq=230 done (pipelined): 12 fragments ok

2026-07-30 12:58:42,369 INFO image_tx_daemon: frame seq=233 done (pipelined): 13 fragments ok

2026-07-30 12:58:43,861 INFO image_tx_daemon: frame seq=236 done (pipelined): 13 fragments ok

2026-07-30 12:58:45,352 INFO image_tx_daemon: frame seq=239 done (pipelined): 13 fragments ok

2026-07-30 12:58:46,744 INFO image_tx_daemon: stats: goodput=2013.0 B/s util=82% pipeline=v3 frames_in=509 ok=166 fail=0 drop_full=337 drop_stale=0 frags_ok=2129 frags_fail=0 qdepth=4 parity_tx=0

2026-07-30 12:58:46,844 INFO image_tx_daemon: frame seq=242 done (pipelined): 13 fragments ok

2026-07-30 12:58:48,348 INFO image_tx_daemon: frame seq=245 done (pipelined): 13 fragments ok

2026-07-30 12:58:49,939 INFO image_tx_daemon: frame seq=251 done (pipelined): 13 fragments ok

2026-07-30 12:58:51,474 INFO image_tx_daemon: frame seq=252 done (pipelined): 12 fragments ok

2026-07-30 12:58:52,956 INFO image_tx_daemon: frame seq=254 done (pipelined): 12 fragments ok

2026-07-30 12:58:54,477 INFO image_tx_daemon: frame seq=1 done (pipelined): 13 fragments ok

2026-07-30 12:58:56,057 INFO image_tx_daemon: frame seq=7 done (pipelined): 13 fragments ok

2026-07-30 12:58:56,755 INFO image_tx_daemon: stats: goodput=1931.4 B/s util=78% pipeline=v3 frames_in=529 ok=173 fail=0 drop_full=349 drop_stale=0 frags_ok=2211 frags_fail=0 qdepth=4 parity_tx=0

2026-07-30 12:58:57,657 INFO image_tx_daemon: frame seq=8 done (pipelined): 13 fragments ok

2026-07-30 12:58:59,247 INFO image_tx_daemon: frame seq=10 done (pipelined): 13 fragments ok

2026-07-30 12:59:00,811 INFO image_tx_daemon: frame seq=13 done (pipelined): 13 fragments ok

2026-07-30 12:59:02,258 INFO image_tx_daemon: frame seq=17 done (pipelined): 12 fragments ok

2026-07-30 12:59:03,780 INFO image_tx_daemon: frame seq=20 done (pipelined): 13 fragments ok

2026-07-30 12:59:05,271 INFO image_tx_daemon: frame seq=23 done (pipelined): 13 fragments ok

2026-07-30 12:59:06,752 INFO image_tx_daemon: frame seq=26 done (pipelined): 13 fragments ok

2026-07-30 12:59:06,767 INFO image_tx_daemon: stats: goodput=1996.5 B/s util=81% pipeline=v3 frames_in=549 ok=180 fail=0 drop_full=363 drop_stale=0 frags_ok=2297 frags_fail=0 qdepth=4 parity_tx=0

2026-07-30 12:59:08,256 INFO image_tx_daemon: frame seq=29 done (pipelined): 13 fragments ok

2026-07-30 12:59:09,797 INFO image_tx_daemon: frame seq=32 done (pipelined): 12 fragments ok

2026-07-30 12:59:11,320 INFO image_tx_daemon: frame seq=35 done (pipelined): 13 fragments ok

2026-07-30 12:59:12,854 INFO image_tx_daemon: frame seq=38 done (pipelined): 12 fragments ok

2026-07-30 12:59:14,369 INFO image_tx_daemon: frame seq=41 done (pipelined): 13 fragments ok

2026-07-30 12:59:15,861 INFO image_tx_daemon: frame seq=44 done (pipelined): 13 fragments ok

2026-07-30 12:59:16,778 INFO image_tx_daemon: stats: goodput=1968.0 B/s util=80% pipeline=v3 frames_in=569 ok=186 fail=0 drop_full=376 drop_stale=0 frags_ok=2380 frags_fail=0 qdepth=4 parity_tx=0

2026-07-30 12:59:17,354 INFO image_tx_daemon: frame seq=47 done (pipelined): 13 fragments ok

2026-07-30 12:59:18,848 INFO image_tx_daemon: frame seq=50 done (pipelined): 13 fragments ok

2026-07-30 12:59:20,351 INFO image_tx_daemon: frame seq=53 done (pipelined): 13 fragments ok

2026-07-30 12:59:21,942 INFO image_tx_daemon: frame seq=59 done (pipelined): 13 fragments ok

