Archive member included to satisfy reference by file (symbol)

c:/users/dorkm/appdata/local/arduino15/packages/arduino/tools/arm-none-eabi-gcc/7-2017q4/bin/../lib/gcc/arm-none-eabi/7.2.1/thumb/v6-m\libgcc.a(_thumb1_case_uqi.o)
                              build/host/host_cfg.o (__gnu_thumb1_case_uqi)
c:/users/dorkm/appdata/local/arduino15/packages/arduino/tools/arm-none-eabi-gcc/7-2017q4/bin/../lib/gcc/arm-none-eabi/7.2.1/thumb/v6-m\libgcc.a(_udivsi3.o)
                              build/boot/safe_mode.o (__aeabi_uidiv)
c:/users/dorkm/appdata/local/arduino15/packages/arduino/tools/arm-none-eabi-gcc/7-2017q4/bin/../lib/gcc/arm-none-eabi/7.2.1/thumb/v6-m\libgcc.a(_dvmd_tls.o)
                              c:/users/dorkm/appdata/local/arduino15/packages/arduino/tools/arm-none-eabi-gcc/7-2017q4/bin/../lib/gcc/arm-none-eabi/7.2.1/thumb/v6-m\libgcc.a(_udivsi3.o) (__aeabi_idiv0)
c:/users/dorkm/appdata/local/arduino15/packages/arduino/tools/arm-none-eabi-gcc/7-2017q4/bin/../lib/gcc/arm-none-eabi/7.2.1/thumb/v6-m\libgcc.a(_lshrdi3.o)
                              build/radio/sx1276_fhss.o (__aeabi_llsr)
c:/users/dorkm/appdata/local/arduino15/packages/arduino/tools/arm-none-eabi-gcc/7-2017q4/bin/../lib/gcc/arm-none-eabi/7.2.1/thumb/v6-m\libgcc.a(_ashldi3.o)
                              build/radio/sx1276_airtime.o (__aeabi_llsl)
c:/users/dorkm/appdata/local/arduino15/packages/arduino/tools/arm-none-eabi-gcc/7-2017q4/bin/../lib/gcc/arm-none-eabi/7.2.1/thumb/v6-m\libgcc.a(_aeabi_ldivmod.o)
                              build/radio/sx1276_airtime.o (__aeabi_ldivmod)
c:/users/dorkm/appdata/local/arduino15/packages/arduino/tools/arm-none-eabi-gcc/7-2017q4/bin/../lib/gcc/arm-none-eabi/7.2.1/thumb/v6-m\libgcc.a(_aeabi_uldivmod.o)
                              build/radio/sx1276_airtime.o (__aeabi_uldivmod)
c:/users/dorkm/appdata/local/arduino15/packages/arduino/tools/arm-none-eabi-gcc/7-2017q4/bin/../lib/gcc/arm-none-eabi/7.2.1/thumb/v6-m\libgcc.a(_udivmoddi4.o)
                              c:/users/dorkm/appdata/local/arduino15/packages/arduino/tools/arm-none-eabi-gcc/7-2017q4/bin/../lib/gcc/arm-none-eabi/7.2.1/thumb/v6-m\libgcc.a(_aeabi_uldivmod.o) (__udivmoddi4)
c:/users/dorkm/appdata/local/arduino15/packages/arduino/tools/arm-none-eabi-gcc/7-2017q4/bin/../lib/gcc/arm-none-eabi/7.2.1/thumb/v6-m\libgcc.a(bpabi.o)
                              c:/users/dorkm/appdata/local/arduino15/packages/arduino/tools/arm-none-eabi-gcc/7-2017q4/bin/../lib/gcc/arm-none-eabi/7.2.1/thumb/v6-m\libgcc.a(_aeabi_ldivmod.o) (__gnu_ldivmod_helper)
c:/users/dorkm/appdata/local/arduino15/packages/arduino/tools/arm-none-eabi-gcc/7-2017q4/bin/../lib/gcc/arm-none-eabi/7.2.1/thumb/v6-m\libgcc.a(_clzdi2.o)
                              c:/users/dorkm/appdata/local/arduino15/packages/arduino/tools/arm-none-eabi-gcc/7-2017q4/bin/../lib/gcc/arm-none-eabi/7.2.1/thumb/v6-m\libgcc.a(_udivmoddi4.o) (__clzdi2)
c:/users/dorkm/appdata/local/arduino15/packages/arduino/tools/arm-none-eabi-gcc/7-2017q4/bin/../lib/gcc/arm-none-eabi/7.2.1/thumb/v6-m\libgcc.a(_muldi3.o)
                              c:/users/dorkm/appdata/local/arduino15/packages/arduino/tools/arm-none-eabi-gcc/7-2017q4/bin/../lib/gcc/arm-none-eabi/7.2.1/thumb/v6-m\libgcc.a(bpabi.o) (__aeabi_lmul)
c:/users/dorkm/appdata/local/arduino15/packages/arduino/tools/arm-none-eabi-gcc/7-2017q4/bin/../lib/gcc/arm-none-eabi/7.2.1/thumb/v6-m\libgcc.a(_divdi3.o)
                              c:/users/dorkm/appdata/local/arduino15/packages/arduino/tools/arm-none-eabi-gcc/7-2017q4/bin/../lib/gcc/arm-none-eabi/7.2.1/thumb/v6-m\libgcc.a(bpabi.o) (__divdi3)
c:/users/dorkm/appdata/local/arduino15/packages/arduino/tools/arm-none-eabi-gcc/7-2017q4/bin/../lib/gcc/arm-none-eabi/7.2.1/thumb/v6-m\libgcc.a(_clzsi2.o)
                              c:/users/dorkm/appdata/local/arduino15/packages/arduino/tools/arm-none-eabi-gcc/7-2017q4/bin/../lib/gcc/arm-none-eabi/7.2.1/thumb/v6-m\libgcc.a(_clzdi2.o) (__clzsi2)
c:/users/dorkm/appdata/local/arduino15/packages/arduino/tools/arm-none-eabi-gcc/7-2017q4/bin/../lib/gcc/arm-none-eabi/7.2.1/../../../../arm-none-eabi/lib/thumb/v6-m\libc_nano.a(lib_a-memcmp.o)
                              build/host/host_cfg.o (memcmp)
c:/users/dorkm/appdata/local/arduino15/packages/arduino/tools/arm-none-eabi-gcc/7-2017q4/bin/../lib/gcc/arm-none-eabi/7.2.1/../../../../arm-none-eabi/lib/thumb/v6-m\libc_nano.a(lib_a-memcpy-stub.o)
                              build/host/host_cfg.o (memcpy)
c:/users/dorkm/appdata/local/arduino15/packages/arduino/tools/arm-none-eabi-gcc/7-2017q4/bin/../lib/gcc/arm-none-eabi/7.2.1/../../../../arm-none-eabi/lib/thumb/v6-m\libc_nano.a(lib_a-memset.o)
                              build/host/host_cfg.o (memset)
c:/users/dorkm/appdata/local/arduino15/packages/arduino/tools/arm-none-eabi-gcc/7-2017q4/bin/../lib/gcc/arm-none-eabi/7.2.1/../../../../arm-none-eabi/lib/thumb/v6-m\libc_nano.a(lib_a-strlen.o)
                              build/host/host_cmd.o (strlen)

Discarded input sections

 .text          0x00000000        0x0 build/startup.o
 .data          0x00000000        0x0 build/startup.o
 .bss           0x00000000        0x0 build/startup.o
 .comment       0x00000000       0x7f build/startup.o
 .text          0x00000000        0x0 build/main.o
 .data          0x00000000        0x0 build/main.o
 .bss           0x00000000        0x0 build/main.o
 .rodata._mm_anchor_ref
                0x00000000        0x4 build/main.o
 .comment       0x00000000       0x7f build/main.o
 .text          0x00000000        0x0 build/boot/safe_mode.o
 .data          0x00000000        0x0 build/boot/safe_mode.o
 .bss           0x00000000        0x0 build/boot/safe_mode.o
 .comment       0x00000000       0x7f build/boot/safe_mode.o
 .text          0x00000000        0x0 build/hal/platform.o
 .data          0x00000000        0x0 build/hal/platform.o
 .bss           0x00000000        0x0 build/hal/platform.o
 .comment       0x00000000       0x7f build/hal/platform.o
 .text          0x00000000        0x0 build/host/host_cfg.o
 .data          0x00000000        0x0 build/host/host_cfg.o
 .bss           0x00000000        0x0 build/host/host_cfg.o
 .text.cfg_is_dirty
                0x00000000        0xc build/host/host_cfg.o
 .comment       0x00000000       0x7f build/host/host_cfg.o
 .text          0x00000000        0x0 build/host/host_cfg_profile.o
 .data          0x00000000        0x0 build/host/host_cfg_profile.o
 .bss           0x00000000        0x0 build/host/host_cfg_profile.o
 .text.host_cfg_profile_tier_ceiling_dBm
                0x00000000       0x14 build/host/host_cfg_profile.o
 .text.host_cfg_profile_cancel_stage
                0x00000000       0x1c build/host/host_cfg_profile.o
 .text.host_cfg_profile_has_stage
                0x00000000        0xc build/host/host_cfg_profile.o
 .comment       0x00000000       0x7f build/host/host_cfg_profile.o
 .text          0x00000000        0x0 build/host/host_cfg_wire.o
 .data          0x00000000        0x0 build/host/host_cfg_wire.o
 .bss           0x00000000        0x0 build/host/host_cfg_wire.o
 .comment       0x00000000       0x7f build/host/host_cfg_wire.o
 .text          0x00000000        0x0 build/host/host_cmd.o
 .data          0x00000000        0x0 build/host/host_cmd.o
 .bss           0x00000000        0x0 build/host/host_cmd.o
 .comment       0x00000000       0x7f build/host/host_cmd.o
 .text          0x00000000        0x0 build/host/host_rfco.o
 .data          0x00000000        0x0 build/host/host_rfco.o
 .bss           0x00000000        0x0 build/host/host_rfco.o
 .text.host_rfco_blocked_attempts_reset
                0x00000000       0x1c build/host/host_rfco.o
 .text.host_rfco_pertx_window_reset
                0x00000000       0x18 build/host/host_rfco.o
 .comment       0x00000000       0x7f build/host/host_rfco.o
 .text          0x00000000        0x0 build/host/host_rfco_summary.o
 .data          0x00000000        0x0 build/host/host_rfco_summary.o
 .bss           0x00000000        0x0 build/host/host_rfco_summary.o
 .comment       0x00000000       0x7f build/host/host_rfco_summary.o
 .text          0x00000000        0x0 build/host/host_rfco_summary_emit.o
 .data          0x00000000        0x0 build/host/host_rfco_summary_emit.o
 .bss           0x00000000        0x0 build/host/host_rfco_summary_emit.o
 .text.host_rfco_summary_should_emit
                0x00000000       0x10 build/host/host_rfco_summary_emit.o
 .text.host_rfco_summary_reset_wrapper_state
                0x00000000       0x28 build/host/host_rfco_summary_emit.o
 .comment       0x00000000       0x7f build/host/host_rfco_summary_emit.o
 .text          0x00000000        0x0 build/host/host_stats.o
 .data          0x00000000        0x0 build/host/host_stats.o
 .bss           0x00000000        0x0 build/host/host_stats.o
 .comment       0x00000000       0x7f build/host/host_stats.o
 .text          0x00000000        0x0 build/host/host_uart.o
 .data          0x00000000        0x0 build/host/host_uart.o
 .bss           0x00000000        0x0 build/host/host_uart.o
 .bss.s_dma_rx_buf
                0x00000000      0x200 build/host/host_uart.o
 .comment       0x00000000       0x7f build/host/host_uart.o
 .text          0x00000000        0x0 build/radio/sx1276_airtime.o
 .data          0x00000000        0x0 build/radio/sx1276_airtime.o
 .bss           0x00000000        0x0 build/radio/sx1276_airtime.o
 .comment       0x00000000       0x7f build/radio/sx1276_airtime.o
 .text          0x00000000        0x0 build/radio/sx1276_cad.o
 .data          0x00000000        0x0 build/radio/sx1276_cad.o
 .bss           0x00000000        0x0 build/radio/sx1276_cad.o
 .comment       0x00000000       0x7f build/radio/sx1276_cad.o
 .text          0x00000000        0x0 build/radio/lora_pkt_hdr.o
 .data          0x00000000        0x0 build/radio/lora_pkt_hdr.o
 .bss           0x00000000        0x0 build/radio/lora_pkt_hdr.o
 .comment       0x00000000       0x7f build/radio/lora_pkt_hdr.o
 .text          0x00000000        0x0 build/radio/lora_frames_per_dwell.o
 .data          0x00000000        0x0 build/radio/lora_frames_per_dwell.o
 .bss           0x00000000        0x0 build/radio/lora_frames_per_dwell.o
 .text.lora_frames_per_dwell
                0x00000000       0x24 build/radio/lora_frames_per_dwell.o
 .comment       0x00000000       0x7f build/radio/lora_frames_per_dwell.o
 .ARM.attributes
                0x00000000       0x32 build/radio/lora_frames_per_dwell.o
 .text          0x00000000        0x0 build/radio/sx1276_fhss_chantab.o
 .data          0x00000000        0x0 build/radio/sx1276_fhss_chantab.o
 .bss           0x00000000        0x0 build/radio/sx1276_fhss_chantab.o
 .text.sx1276_fhss_chantab_count
                0x00000000        0x4 build/radio/sx1276_fhss_chantab.o
 .comment       0x00000000       0x7f build/radio/sx1276_fhss_chantab.o
 .text          0x00000000        0x0 build/radio/sx1276_fhss.o
 .data          0x00000000        0x0 build/radio/sx1276_fhss.o
 .bss           0x00000000        0x0 build/radio/sx1276_fhss.o
 .text.sx1276_fhss_reset
                0x00000000       0x14 build/radio/sx1276_fhss.o
 .text.sx1276_fhss_epoch_advance
                0x00000000       0x24 build/radio/sx1276_fhss.o
 .text.sx1276_fhss_blacklist
                0x00000000       0x88 build/radio/sx1276_fhss.o
 .text.sx1276_fhss_lbt_block_count
                0x00000000       0x18 build/radio/sx1276_fhss.o
 .text.sx1276_fhss_current_seed
                0x00000000        0xc build/radio/sx1276_fhss.o
 .comment       0x00000000       0x7f build/radio/sx1276_fhss.o
 .text          0x00000000        0x0 build/radio/sx1276_lbt.o
 .data          0x00000000        0x0 build/radio/sx1276_lbt.o
 .bss           0x00000000        0x0 build/radio/sx1276_lbt.o
 .text.sx1276_lbt_backoff_remaining_ms
                0x00000000       0x20 build/radio/sx1276_lbt.o
 .comment       0x00000000       0x7f build/radio/sx1276_lbt.o
 .text          0x00000000        0x0 build/radio/sx1276_legal_dwell.o
 .data          0x00000000        0x0 build/radio/sx1276_legal_dwell.o
 .bss           0x00000000        0x0 build/radio/sx1276_legal_dwell.o
 .text.sx1276_legal_dwell_reset
                0x00000000       0x14 build/radio/sx1276_legal_dwell.o
 .text.sx1276_legal_dwell_live_event_count
                0x00000000       0x34 build/radio/sx1276_legal_dwell.o
 .comment       0x00000000       0x7f build/radio/sx1276_legal_dwell.o
 .text          0x00000000        0x0 build/radio/sx1276_modes.o
 .data          0x00000000        0x0 build/radio/sx1276_modes.o
 .bss           0x00000000        0x0 build/radio/sx1276_modes.o
 .text.sx1276_modes_to_rx_single
                0x00000000        0xe build/radio/sx1276_modes.o
 .comment       0x00000000       0x7f build/radio/sx1276_modes.o
 .text          0x00000000        0x0 build/radio/sx1276_rx.o
 .data          0x00000000        0x0 build/radio/sx1276_rx.o
 .bss           0x00000000        0x0 build/radio/sx1276_rx.o
 .comment       0x00000000       0x7f build/radio/sx1276_rx.o
 .text          0x00000000        0x0 build/radio/sx1276_rx_counters.o
 .data          0x00000000        0x0 build/radio/sx1276_rx_counters.o
 .bss           0x00000000        0x0 build/radio/sx1276_rx_counters.o
 .text.sx1276_rx_consider_remote_counts
                0x00000000       0x18 build/radio/sx1276_rx_counters.o
 .text.sx1276_rx_consider_remote_counts_reset
                0x00000000       0x14 build/radio/sx1276_rx_counters.o
 .comment       0x00000000       0x7f build/radio/sx1276_rx_counters.o
 .text          0x00000000        0x0 build/radio/sx1276_rx_retune_policy.o
 .data          0x00000000        0x0 build/radio/sx1276_rx_retune_policy.o
 .bss           0x00000000        0x0 build/radio/sx1276_rx_retune_policy.o
 .comment       0x00000000       0x7f build/radio/sx1276_rx_retune_policy.o
 .text          0x00000000        0x0 build/radio/sx1276_rx_retune_counters.o
 .data          0x00000000        0x0 build/radio/sx1276_rx_retune_counters.o
 .bss           0x00000000        0x0 build/radio/sx1276_rx_retune_counters.o
 .text.sx1276_rx_retune_counts
                0x00000000       0x18 build/radio/sx1276_rx_retune_counters.o
 .text.sx1276_rx_retune_counts_reset
                0x00000000       0x14 build/radio/sx1276_rx_retune_counters.o
 .comment       0x00000000       0x7f build/radio/sx1276_rx_retune_counters.o
 .text          0x00000000        0x0 build/radio/sx1276_rx_scan_policy.o
 .data          0x00000000        0x0 build/radio/sx1276_rx_scan_policy.o
 .bss           0x00000000        0x0 build/radio/sx1276_rx_scan_policy.o
 .comment       0x00000000       0x7f build/radio/sx1276_rx_scan_policy.o
 .text          0x00000000        0x0 build/radio/sx1276_rx_scan_counters.o
 .data          0x00000000        0x0 build/radio/sx1276_rx_scan_counters.o
 .bss           0x00000000        0x0 build/radio/sx1276_rx_scan_counters.o
 .text.sx1276_rx_scan_state_counts
                0x00000000       0x1c build/radio/sx1276_rx_scan_counters.o
 .text.sx1276_rx_scan_action_counts
                0x00000000       0x18 build/radio/sx1276_rx_scan_counters.o
 .text.sx1276_rx_scan_counts_reset
                0x00000000       0x24 build/radio/sx1276_rx_scan_counters.o
 .comment       0x00000000       0x7f build/radio/sx1276_rx_scan_counters.o
 .text          0x00000000        0x0 build/radio/sx1276_rx_scan_fail.o
 .data          0x00000000        0x0 build/radio/sx1276_rx_scan_fail.o
 .bss           0x00000000        0x0 build/radio/sx1276_rx_scan_fail.o
 .comment       0x00000000       0x7f build/radio/sx1276_rx_scan_fail.o
 .text          0x00000000        0x0 build/radio/sx1276_tx.o
 .data          0x00000000        0x0 build/radio/sx1276_tx.o
 .bss           0x00000000        0x0 build/radio/sx1276_tx.o
 .comment       0x00000000       0x7f build/radio/sx1276_tx.o
 .text          0x00000000        0x0 build/radio/sx1276.o
 .data          0x00000000        0x0 build/radio/sx1276.o
 .bss           0x00000000        0x0 build/radio/sx1276.o
 .text.sx1276_set_sf_bw_cr
                0x00000000        0x8 build/radio/sx1276.o
 .text.sx1276_apply_profile_full
                0x00000000       0x26 build/radio/sx1276.o
 .text.sx1276_reg_dump
                0x00000000       0x20 build/radio/sx1276.o
 .comment       0x00000000       0x7f build/radio/sx1276.o
 .text          0x00000000        0x0 build/include/static_asserts.o
 .data          0x00000000        0x0 build/include/static_asserts.o
 .bss           0x00000000        0x0 build/include/static_asserts.o
 .comment       0x00000000       0x7f build/include/static_asserts.o
 .ARM.attributes
                0x00000000       0x32 build/include/static_asserts.o
 .data          0x00000000        0x0 c:/users/dorkm/appdata/local/arduino15/packages/arduino/tools/arm-none-eabi-gcc/7-2017q4/bin/../lib/gcc/arm-none-eabi/7.2.1/thumb/v6-m\libgcc.a(_thumb1_case_uqi.o)
 .bss           0x00000000        0x0 c:/users/dorkm/appdata/local/arduino15/packages/arduino/tools/arm-none-eabi-gcc/7-2017q4/bin/../lib/gcc/arm-none-eabi/7.2.1/thumb/v6-m\libgcc.a(_thumb1_case_uqi.o)
 .data          0x00000000        0x0 c:/users/dorkm/appdata/local/arduino15/packages/arduino/tools/arm-none-eabi-gcc/7-2017q4/bin/../lib/gcc/arm-none-eabi/7.2.1/thumb/v6-m\libgcc.a(_udivsi3.o)
 .bss           0x00000000        0x0 c:/users/dorkm/appdata/local/arduino15/packages/arduino/tools/arm-none-eabi-gcc/7-2017q4/bin/../lib/gcc/arm-none-eabi/7.2.1/thumb/v6-m\libgcc.a(_udivsi3.o)
 .data          0x00000000        0x0 c:/users/dorkm/appdata/local/arduino15/packages/arduino/tools/arm-none-eabi-gcc/7-2017q4/bin/../lib/gcc/arm-none-eabi/7.2.1/thumb/v6-m\libgcc.a(_dvmd_tls.o)
 .bss           0x00000000        0x0 c:/users/dorkm/appdata/local/arduino15/packages/arduino/tools/arm-none-eabi-gcc/7-2017q4/bin/../lib/gcc/arm-none-eabi/7.2.1/thumb/v6-m\libgcc.a(_dvmd_tls.o)
 .data          0x00000000        0x0 c:/users/dorkm/appdata/local/arduino15/packages/arduino/tools/arm-none-eabi-gcc/7-2017q4/bin/../lib/gcc/arm-none-eabi/7.2.1/thumb/v6-m\libgcc.a(_lshrdi3.o)
 .bss           0x00000000        0x0 c:/users/dorkm/appdata/local/arduino15/packages/arduino/tools/arm-none-eabi-gcc/7-2017q4/bin/../lib/gcc/arm-none-eabi/7.2.1/thumb/v6-m\libgcc.a(_lshrdi3.o)
 .data          0x00000000        0x0 c:/users/dorkm/appdata/local/arduino15/packages/arduino/tools/arm-none-eabi-gcc/7-2017q4/bin/../lib/gcc/arm-none-eabi/7.2.1/thumb/v6-m\libgcc.a(_ashldi3.o)
 .bss           0x00000000        0x0 c:/users/dorkm/appdata/local/arduino15/packages/arduino/tools/arm-none-eabi-gcc/7-2017q4/bin/../lib/gcc/arm-none-eabi/7.2.1/thumb/v6-m\libgcc.a(_ashldi3.o)
 .text          0x00000000       0x48 c:/users/dorkm/appdata/local/arduino15/packages/arduino/tools/arm-none-eabi-gcc/7-2017q4/bin/../lib/gcc/arm-none-eabi/7.2.1/thumb/v6-m\libgcc.a(_aeabi_ldivmod.o)
 .data          0x00000000        0x0 c:/users/dorkm/appdata/local/arduino15/packages/arduino/tools/arm-none-eabi-gcc/7-2017q4/bin/../lib/gcc/arm-none-eabi/7.2.1/thumb/v6-m\libgcc.a(_aeabi_ldivmod.o)
 .bss           0x00000000        0x0 c:/users/dorkm/appdata/local/arduino15/packages/arduino/tools/arm-none-eabi-gcc/7-2017q4/bin/../lib/gcc/arm-none-eabi/7.2.1/thumb/v6-m\libgcc.a(_aeabi_ldivmod.o)
 .ARM.attributes
                0x00000000       0x1e c:/users/dorkm/appdata/local/arduino15/packages/arduino/tools/arm-none-eabi-gcc/7-2017q4/bin/../lib/gcc/arm-none-eabi/7.2.1/thumb/v6-m\libgcc.a(_aeabi_ldivmod.o)
 .data          0x00000000        0x0 c:/users/dorkm/appdata/local/arduino15/packages/arduino/tools/arm-none-eabi-gcc/7-2017q4/bin/../lib/gcc/arm-none-eabi/7.2.1/thumb/v6-m\libgcc.a(_aeabi_uldivmod.o)
 .bss           0x00000000        0x0 c:/users/dorkm/appdata/local/arduino15/packages/arduino/tools/arm-none-eabi-gcc/7-2017q4/bin/../lib/gcc/arm-none-eabi/7.2.1/thumb/v6-m\libgcc.a(_aeabi_uldivmod.o)
 .data          0x00000000        0x0 c:/users/dorkm/appdata/local/arduino15/packages/arduino/tools/arm-none-eabi-gcc/7-2017q4/bin/../lib/gcc/arm-none-eabi/7.2.1/thumb/v6-m\libgcc.a(_udivmoddi4.o)
 .bss           0x00000000        0x0 c:/users/dorkm/appdata/local/arduino15/packages/arduino/tools/arm-none-eabi-gcc/7-2017q4/bin/../lib/gcc/arm-none-eabi/7.2.1/thumb/v6-m\libgcc.a(_udivmoddi4.o)
 .ARM.extab     0x00000000        0x0 c:/users/dorkm/appdata/local/arduino15/packages/arduino/tools/arm-none-eabi-gcc/7-2017q4/bin/../lib/gcc/arm-none-eabi/7.2.1/thumb/v6-m\libgcc.a(_udivmoddi4.o)
 .text          0x00000000       0x38 c:/users/dorkm/appdata/local/arduino15/packages/arduino/tools/arm-none-eabi-gcc/7-2017q4/bin/../lib/gcc/arm-none-eabi/7.2.1/thumb/v6-m\libgcc.a(bpabi.o)
 .data          0x00000000        0x0 c:/users/dorkm/appdata/local/arduino15/packages/arduino/tools/arm-none-eabi-gcc/7-2017q4/bin/../lib/gcc/arm-none-eabi/7.2.1/thumb/v6-m\libgcc.a(bpabi.o)
 .bss           0x00000000        0x0 c:/users/dorkm/appdata/local/arduino15/packages/arduino/tools/arm-none-eabi-gcc/7-2017q4/bin/../lib/gcc/arm-none-eabi/7.2.1/thumb/v6-m\libgcc.a(bpabi.o)
 .debug_frame   0x00000000       0x30 c:/users/dorkm/appdata/local/arduino15/packages/arduino/tools/arm-none-eabi-gcc/7-2017q4/bin/../lib/gcc/arm-none-eabi/7.2.1/thumb/v6-m\libgcc.a(bpabi.o)
 .ARM.attributes
                0x00000000       0x2c c:/users/dorkm/appdata/local/arduino15/packages/arduino/tools/arm-none-eabi-gcc/7-2017q4/bin/../lib/gcc/arm-none-eabi/7.2.1/thumb/v6-m\libgcc.a(bpabi.o)
 .data          0x00000000        0x0 c:/users/dorkm/appdata/local/arduino15/packages/arduino/tools/arm-none-eabi-gcc/7-2017q4/bin/../lib/gcc/arm-none-eabi/7.2.1/thumb/v6-m\libgcc.a(_clzdi2.o)
 .bss           0x00000000        0x0 c:/users/dorkm/appdata/local/arduino15/packages/arduino/tools/arm-none-eabi-gcc/7-2017q4/bin/../lib/gcc/arm-none-eabi/7.2.1/thumb/v6-m\libgcc.a(_clzdi2.o)
 .text          0x00000000       0x54 c:/users/dorkm/appdata/local/arduino15/packages/arduino/tools/arm-none-eabi-gcc/7-2017q4/bin/../lib/gcc/arm-none-eabi/7.2.1/thumb/v6-m\libgcc.a(_muldi3.o)
 .data          0x00000000        0x0 c:/users/dorkm/appdata/local/arduino15/packages/arduino/tools/arm-none-eabi-gcc/7-2017q4/bin/../lib/gcc/arm-none-eabi/7.2.1/thumb/v6-m\libgcc.a(_muldi3.o)
 .bss           0x00000000        0x0 c:/users/dorkm/appdata/local/arduino15/packages/arduino/tools/arm-none-eabi-gcc/7-2017q4/bin/../lib/gcc/arm-none-eabi/7.2.1/thumb/v6-m\libgcc.a(_muldi3.o)
 .debug_frame   0x00000000       0x34 c:/users/dorkm/appdata/local/arduino15/packages/arduino/tools/arm-none-eabi-gcc/7-2017q4/bin/../lib/gcc/arm-none-eabi/7.2.1/thumb/v6-m\libgcc.a(_muldi3.o)
 .ARM.attributes
                0x00000000       0x2c c:/users/dorkm/appdata/local/arduino15/packages/arduino/tools/arm-none-eabi-gcc/7-2017q4/bin/../lib/gcc/arm-none-eabi/7.2.1/thumb/v6-m\libgcc.a(_muldi3.o)
 .text          0x00000000      0x1b0 c:/users/dorkm/appdata/local/arduino15/packages/arduino/tools/arm-none-eabi-gcc/7-2017q4/bin/../lib/gcc/arm-none-eabi/7.2.1/thumb/v6-m\libgcc.a(_divdi3.o)
 .data          0x00000000        0x0 c:/users/dorkm/appdata/local/arduino15/packages/arduino/tools/arm-none-eabi-gcc/7-2017q4/bin/../lib/gcc/arm-none-eabi/7.2.1/thumb/v6-m\libgcc.a(_divdi3.o)
 .bss           0x00000000        0x0 c:/users/dorkm/appdata/local/arduino15/packages/arduino/tools/arm-none-eabi-gcc/7-2017q4/bin/../lib/gcc/arm-none-eabi/7.2.1/thumb/v6-m\libgcc.a(_divdi3.o)
 .ARM.extab     0x00000000        0x0 c:/users/dorkm/appdata/local/arduino15/packages/arduino/tools/arm-none-eabi-gcc/7-2017q4/bin/../lib/gcc/arm-none-eabi/7.2.1/thumb/v6-m\libgcc.a(_divdi3.o)
 .ARM.exidx     0x00000000        0x8 c:/users/dorkm/appdata/local/arduino15/packages/arduino/tools/arm-none-eabi-gcc/7-2017q4/bin/../lib/gcc/arm-none-eabi/7.2.1/thumb/v6-m\libgcc.a(_divdi3.o)
 .debug_frame   0x00000000       0x3c c:/users/dorkm/appdata/local/arduino15/packages/arduino/tools/arm-none-eabi-gcc/7-2017q4/bin/../lib/gcc/arm-none-eabi/7.2.1/thumb/v6-m\libgcc.a(_divdi3.o)
 .ARM.attributes
                0x00000000       0x2c c:/users/dorkm/appdata/local/arduino15/packages/arduino/tools/arm-none-eabi-gcc/7-2017q4/bin/../lib/gcc/arm-none-eabi/7.2.1/thumb/v6-m\libgcc.a(_divdi3.o)
 .data          0x00000000        0x0 c:/users/dorkm/appdata/local/arduino15/packages/arduino/tools/arm-none-eabi-gcc/7-2017q4/bin/../lib/gcc/arm-none-eabi/7.2.1/thumb/v6-m\libgcc.a(_clzsi2.o)
 .bss           0x00000000        0x0 c:/users/dorkm/appdata/local/arduino15/packages/arduino/tools/arm-none-eabi-gcc/7-2017q4/bin/../lib/gcc/arm-none-eabi/7.2.1/thumb/v6-m\libgcc.a(_clzsi2.o)
 .text          0x00000000        0x0 c:/users/dorkm/appdata/local/arduino15/packages/arduino/tools/arm-none-eabi-gcc/7-2017q4/bin/../lib/gcc/arm-none-eabi/7.2.1/../../../../arm-none-eabi/lib/thumb/v6-m\libc_nano.a(lib_a-memcmp.o)
 .data          0x00000000        0x0 c:/users/dorkm/appdata/local/arduino15/packages/arduino/tools/arm-none-eabi-gcc/7-2017q4/bin/../lib/gcc/arm-none-eabi/7.2.1/../../../../arm-none-eabi/lib/thumb/v6-m\libc_nano.a(lib_a-memcmp.o)
 .bss           0x00000000        0x0 c:/users/dorkm/appdata/local/arduino15/packages/arduino/tools/arm-none-eabi-gcc/7-2017q4/bin/../lib/gcc/arm-none-eabi/7.2.1/../../../../arm-none-eabi/lib/thumb/v6-m\libc_nano.a(lib_a-memcmp.o)
 .text          0x00000000        0x0 c:/users/dorkm/appdata/local/arduino15/packages/arduino/tools/arm-none-eabi-gcc/7-2017q4/bin/../lib/gcc/arm-none-eabi/7.2.1/../../../../arm-none-eabi/lib/thumb/v6-m\libc_nano.a(lib_a-memcpy-stub.o)
 .data          0x00000000        0x0 c:/users/dorkm/appdata/local/arduino15/packages/arduino/tools/arm-none-eabi-gcc/7-2017q4/bin/../lib/gcc/arm-none-eabi/7.2.1/../../../../arm-none-eabi/lib/thumb/v6-m\libc_nano.a(lib_a-memcpy-stub.o)
 .bss           0x00000000        0x0 c:/users/dorkm/appdata/local/arduino15/packages/arduino/tools/arm-none-eabi-gcc/7-2017q4/bin/../lib/gcc/arm-none-eabi/7.2.1/../../../../arm-none-eabi/lib/thumb/v6-m\libc_nano.a(lib_a-memcpy-stub.o)
 .text          0x00000000        0x0 c:/users/dorkm/appdata/local/arduino15/packages/arduino/tools/arm-none-eabi-gcc/7-2017q4/bin/../lib/gcc/arm-none-eabi/7.2.1/../../../../arm-none-eabi/lib/thumb/v6-m\libc_nano.a(lib_a-memset.o)
 .data          0x00000000        0x0 c:/users/dorkm/appdata/local/arduino15/packages/arduino/tools/arm-none-eabi-gcc/7-2017q4/bin/../lib/gcc/arm-none-eabi/7.2.1/../../../../arm-none-eabi/lib/thumb/v6-m\libc_nano.a(lib_a-memset.o)
 .bss           0x00000000        0x0 c:/users/dorkm/appdata/local/arduino15/packages/arduino/tools/arm-none-eabi-gcc/7-2017q4/bin/../lib/gcc/arm-none-eabi/7.2.1/../../../../arm-none-eabi/lib/thumb/v6-m\libc_nano.a(lib_a-memset.o)
 .data          0x00000000        0x0 c:/users/dorkm/appdata/local/arduino15/packages/arduino/tools/arm-none-eabi-gcc/7-2017q4/bin/../lib/gcc/arm-none-eabi/7.2.1/../../../../arm-none-eabi/lib/thumb/v6-m\libc_nano.a(lib_a-strlen.o)
 .bss           0x00000000        0x0 c:/users/dorkm/appdata/local/arduino15/packages/arduino/tools/arm-none-eabi-gcc/7-2017q4/bin/../lib/gcc/arm-none-eabi/7.2.1/../../../../arm-none-eabi/lib/thumb/v6-m\libc_nano.a(lib_a-strlen.o)

Memory Configuration

Name             Origin             Length             Attributes
FLASH            0x08000000         0x00030000         xr
CFG              0x0802e000         0x00002000         r
RAM              0x20000000         0x00005000         xrw
*default*        0x00000000         0xffffffff

Linker script and memory map

LOAD build/startup.o
LOAD build/main.o
LOAD build/boot/safe_mode.o
LOAD build/hal/platform.o
LOAD build/host/host_cfg.o
LOAD build/host/host_cfg_profile.o
LOAD build/host/host_cfg_wire.o
LOAD build/host/host_cmd.o
LOAD build/host/host_rfco.o
LOAD build/host/host_rfco_summary.o
LOAD build/host/host_rfco_summary_emit.o
LOAD build/host/host_stats.o
LOAD build/host/host_uart.o
LOAD build/radio/sx1276_airtime.o
LOAD build/radio/sx1276_cad.o
LOAD build/radio/lora_pkt_hdr.o
LOAD build/radio/lora_frames_per_dwell.o
LOAD build/radio/sx1276_fhss_chantab.o
LOAD build/radio/sx1276_fhss.o
LOAD build/radio/sx1276_lbt.o
LOAD build/radio/sx1276_legal_dwell.o
LOAD build/radio/sx1276_modes.o
LOAD build/radio/sx1276_rx.o
LOAD build/radio/sx1276_rx_counters.o
LOAD build/radio/sx1276_rx_retune_policy.o
LOAD build/radio/sx1276_rx_retune_counters.o
LOAD build/radio/sx1276_rx_scan_policy.o
LOAD build/radio/sx1276_rx_scan_counters.o
LOAD build/radio/sx1276_rx_scan_fail.o
LOAD build/radio/sx1276_tx.o
LOAD build/radio/sx1276.o
LOAD build/include/static_asserts.o
START GROUP
LOAD c:/users/dorkm/appdata/local/arduino15/packages/arduino/tools/arm-none-eabi-gcc/7-2017q4/bin/../lib/gcc/arm-none-eabi/7.2.1/thumb/v6-m\libgcc.a
LOAD c:/users/dorkm/appdata/local/arduino15/packages/arduino/tools/arm-none-eabi-gcc/7-2017q4/bin/../lib/gcc/arm-none-eabi/7.2.1/../../../../arm-none-eabi/lib/thumb/v6-m\libc_nano.a
END GROUP
START GROUP
LOAD c:/users/dorkm/appdata/local/arduino15/packages/arduino/tools/arm-none-eabi-gcc/7-2017q4/bin/../lib/gcc/arm-none-eabi/7.2.1/thumb/v6-m\libgcc.a
LOAD c:/users/dorkm/appdata/local/arduino15/packages/arduino/tools/arm-none-eabi-gcc/7-2017q4/bin/../lib/gcc/arm-none-eabi/7.2.1/../../../../arm-none-eabi/lib/thumb/v6-m\libc_nano.a
LOAD c:/users/dorkm/appdata/local/arduino15/packages/arduino/tools/arm-none-eabi-gcc/7-2017q4/bin/../lib/gcc/arm-none-eabi/7.2.1/../../../../arm-none-eabi/lib/thumb/v6-m\libnosys.a
END GROUP
START GROUP
LOAD c:/users/dorkm/appdata/local/arduino15/packages/arduino/tools/arm-none-eabi-gcc/7-2017q4/bin/../lib/gcc/arm-none-eabi/7.2.1/thumb/v6-m\libgcc.a
LOAD c:/users/dorkm/appdata/local/arduino15/packages/arduino/tools/arm-none-eabi-gcc/7-2017q4/bin/../lib/gcc/arm-none-eabi/7.2.1/../../../../arm-none-eabi/lib/thumb/v6-m\libc_nano.a
LOAD c:/users/dorkm/appdata/local/arduino15/packages/arduino/tools/arm-none-eabi-gcc/7-2017q4/bin/../lib/gcc/arm-none-eabi/7.2.1/../../../../arm-none-eabi/lib/thumb/v6-m\libnosys.a
END GROUP
                0x20005000                _estack = 0x20005000
                0x00000a00                _stack_size = 0xa00
                0x20004600                _stack_bottom = 0x20004600
                0x08000000                _app_start = 0x8000000
                0x08030000                _app_end = 0x8030000
                0x0802e000                _cfg_start = 0x802e000
                0x08030000                _cfg_end = 0x8030000

.isr_vector     0x08000000       0xc4
                0x08000000                . = ALIGN (0x4)
 *(.isr_vector)
 .isr_vector    0x08000000       0xc4 build/startup.o
                0x08000000                g_pfnVectors
                0x080000c4                . = ALIGN (0x4)

.boot_rodata    0x080000c4       0x14
 .boot_rodata   0x080000c4       0x14 build/boot/safe_mode.o

.text           0x080000d8     0x501c
                0x080000d8                . = ALIGN (0x4)
 *(.text)
 .text          0x080000d8       0x14 c:/users/dorkm/appdata/local/arduino15/packages/arduino/tools/arm-none-eabi-gcc/7-2017q4/bin/../lib/gcc/arm-none-eabi/7.2.1/thumb/v6-m\libgcc.a(_thumb1_case_uqi.o)
                0x080000d8                __gnu_thumb1_case_uqi
 .text          0x080000ec      0x114 c:/users/dorkm/appdata/local/arduino15/packages/arduino/tools/arm-none-eabi-gcc/7-2017q4/bin/../lib/gcc/arm-none-eabi/7.2.1/thumb/v6-m\libgcc.a(_udivsi3.o)
                0x080000ec                __aeabi_uidiv
                0x080000ec                __udivsi3
                0x080001f8                __aeabi_uidivmod
 .text          0x08000200        0x4 c:/users/dorkm/appdata/local/arduino15/packages/arduino/tools/arm-none-eabi-gcc/7-2017q4/bin/../lib/gcc/arm-none-eabi/7.2.1/thumb/v6-m\libgcc.a(_dvmd_tls.o)
                0x08000200                __aeabi_idiv0
                0x08000200                __aeabi_ldiv0
 .text          0x08000204       0x18 c:/users/dorkm/appdata/local/arduino15/packages/arduino/tools/arm-none-eabi-gcc/7-2017q4/bin/../lib/gcc/arm-none-eabi/7.2.1/thumb/v6-m\libgcc.a(_lshrdi3.o)
                0x08000204                __lshrdi3
                0x08000204                __aeabi_llsr
 .text          0x0800021c       0x18 c:/users/dorkm/appdata/local/arduino15/packages/arduino/tools/arm-none-eabi-gcc/7-2017q4/bin/../lib/gcc/arm-none-eabi/7.2.1/thumb/v6-m\libgcc.a(_ashldi3.o)
                0x0800021c                __aeabi_llsl
                0x0800021c                __ashldi3
 .text          0x08000234       0x40 c:/users/dorkm/appdata/local/arduino15/packages/arduino/tools/arm-none-eabi-gcc/7-2017q4/bin/../lib/gcc/arm-none-eabi/7.2.1/thumb/v6-m\libgcc.a(_aeabi_uldivmod.o)
                0x08000234                __aeabi_uldivmod
 .text          0x08000274      0x184 c:/users/dorkm/appdata/local/arduino15/packages/arduino/tools/arm-none-eabi-gcc/7-2017q4/bin/../lib/gcc/arm-none-eabi/7.2.1/thumb/v6-m\libgcc.a(_udivmoddi4.o)
                0x08000274                __udivmoddi4
 .text          0x080003f8       0x18 c:/users/dorkm/appdata/local/arduino15/packages/arduino/tools/arm-none-eabi-gcc/7-2017q4/bin/../lib/gcc/arm-none-eabi/7.2.1/thumb/v6-m\libgcc.a(_clzdi2.o)
                0x080003f8                __clzdi2
 .text          0x08000410       0x3c c:/users/dorkm/appdata/local/arduino15/packages/arduino/tools/arm-none-eabi-gcc/7-2017q4/bin/../lib/gcc/arm-none-eabi/7.2.1/thumb/v6-m\libgcc.a(_clzsi2.o)
                0x08000410                __clzsi2
 .text          0x0800044c        0xe c:/users/dorkm/appdata/local/arduino15/packages/arduino/tools/arm-none-eabi-gcc/7-2017q4/bin/../lib/gcc/arm-none-eabi/7.2.1/../../../../arm-none-eabi/lib/thumb/v6-m\libc_nano.a(lib_a-strlen.o)
                0x0800044c                strlen
 *(.text.*)
 *fill*         0x0800045a        0x2 
 .text.boot_diag_uart_init_19200
                0x0800045c       0x90 build/startup.o
 .text.boot_diag_uart_puts
                0x080004ec       0x24 build/startup.o
 .text.HardFault_Handler
                0x08000510       0x14 build/startup.o
                0x08000510                HardFault_Handler
 .text.Default_Handler
                0x08000524        0x4 build/startup.o
                0x08000524                TSC_IRQHandler
                0x08000524                ADC1_COMP_IRQHandler
                0x08000524                PVD_IRQHandler
                0x08000524                PendSV_Handler
                0x08000524                I2C1_IRQHandler
                0x08000524                SPI1_IRQHandler
                0x08000524                TIM6_DAC_IRQHandler
                0x08000524                EXTI2_3_IRQHandler
                0x08000524                I2C2_IRQHandler
                0x08000524                RTC_IRQHandler
                0x08000524                LCD_IRQHandler
                0x08000524                DMA1_Channel4_5_6_7_IRQHandler
                0x08000524                TIM3_IRQHandler
                0x08000524                RCC_IRQHandler
                0x08000524                DMA1_Channel1_IRQHandler
                0x08000524                USART4_5_IRQHandler
                0x08000524                Default_Handler
                0x08000524                TIM22_IRQHandler
                0x08000524                TIM7_IRQHandler
                0x08000524                USB_IRQHandler
                0x08000524                I2C3_IRQHandler
                0x08000524                SPI2_IRQHandler
                0x08000524                SVC_Handler
                0x08000524                CRS_IRQHandler
                0x08000524                TIM21_IRQHandler
                0x08000524                WWDG_IRQHandler
                0x08000524                TIM2_IRQHandler
                0x08000524                DMA1_Channel2_3_IRQHandler
                0x08000524                USART2_IRQHandler
                0x08000524                FLASH_IRQHandler
                0x08000524                LPTIM1_IRQHandler
 .text.NMI_Handler
                0x08000528       0x28 build/startup.o
                0x08000528                NMI_Handler
 .text.HardFault_Handler_C
                0x08000550       0x3c build/startup.o
                0x08000550                HardFault_Handler_C
 .text.SystemInit
                0x0800058c        0x2 build/startup.o
                0x0800058c                SystemInit
 *fill*         0x0800058e        0x2 
 .text.Reset_Handler
                0x08000590       0xa8 build/startup.o
                0x08000590                Reset_Handler
 .text.startup.main
                0x08000638      0x198 build/main.o
                0x08000638                main
 .text.platform_core_hz
                0x080007d0        0xc build/hal/platform.o
                0x080007d0                platform_core_hz
 .text.platform_reset_cause_capture_early
                0x080007dc       0x5c build/hal/platform.o
                0x080007dc                platform_reset_cause_capture_early
 .text.platform_reset_cause_take
                0x08000838       0x1c build/hal/platform.o
                0x08000838                platform_reset_cause_take
 .text.platform_clock_init_hsi16
                0x08000854      0x104 build/hal/platform.o
                0x08000854                platform_clock_init_hsi16
 .text.platform_clock_source_id
                0x08000958        0xc build/hal/platform.o
                0x08000958                platform_clock_source_id
 .text.platform_systick_init_1ms
                0x08000964       0x34 build/hal/platform.o
                0x08000964                platform_systick_init_1ms
 .text.platform_now_ms
                0x08000998        0xc build/hal/platform.o
                0x08000998                platform_now_ms
 .text.platform_now_us
                0x080009a4       0x48 build/hal/platform.o
                0x080009a4                platform_now_us
 .text.platform_delay_ms
                0x080009ec       0x14 build/hal/platform.o
                0x080009ec                platform_delay_ms
 .text.platform_diag_trace
                0x08000a00       0x40 build/hal/platform.o
                0x08000a00                platform_diag_trace
 .text.platform_irq_enable
                0x08000a40       0x1c build/hal/platform.o
                0x08000a40                platform_irq_enable
 .text.platform_system_reset
                0x08000a5c       0x10 build/hal/platform.o
                0x08000a5c                platform_system_reset
 .text.platform_fault_record
                0x08000a6c       0x28 build/hal/platform.o
                0x08000a6c                platform_fault_record
 .text.platform_fault_take_replay
                0x08000a94       0x38 build/hal/platform.o
                0x08000a94                platform_fault_take_replay
 .text.SysTick_Handler
                0x08000acc       0x10 build/hal/platform.o
                0x08000acc                SysTick_Handler
 .text.cfg_apply_unsupported
                0x08000adc        0x4 build/host/host_cfg.o
 .text.read_u64_le
                0x08000ae0       0x2c build/host/host_cfg.o
 .text.cfg_find_index
                0x08000b0c       0x1c build/host/host_cfg.o
 .text.cfg_apply_tx_power_dbm
                0x08000b28       0x14 build/host/host_cfg.o
 .text.cfg_init
                0x08000b3c       0x90 build/host/host_cfg.o
                0x08000b3c                cfg_init
 .text.cfg_set  0x08000bcc      0x23c build/host/host_cfg.o
                0x08000bcc                cfg_set
 .text.cfg_get  0x08000e08       0x64 build/host/host_cfg.o
                0x08000e08                cfg_get
 .text.host_cfg_profile_default_bw_hz
                0x08000e6c       0x14 build/host/host_cfg_profile.o
                0x08000e6c                host_cfg_profile_default_bw_hz
 .text.host_cfg_profile_reject_to_cfg_status
                0x08000e80       0x14 build/host/host_cfg_profile.o
                0x08000e80                host_cfg_profile_reject_to_cfg_status
 .text.host_cfg_profile_power_clamp
                0x08000e94       0x1a build/host/host_cfg_profile.o
                0x08000e94                host_cfg_profile_power_clamp
 *fill*         0x08000eae        0x2 
 .text.host_cfg_profile_validate
                0x08000eb0       0xac build/host/host_cfg_profile.o
                0x08000eb0                host_cfg_profile_validate
 .text.host_cfg_profile_reset
                0x08000f5c       0x3c build/host/host_cfg_profile.o
                0x08000f5c                host_cfg_profile_reset
 .text.host_cfg_profile_stage
                0x08000f98       0x34 build/host/host_cfg_profile.o
                0x08000f98                host_cfg_profile_stage
 .text.host_cfg_profile_activate
                0x08000fcc       0x4c build/host/host_cfg_profile.o
                0x08000fcc                host_cfg_profile_activate
 .text.host_cfg_profile_active
                0x08001018        0x8 build/host/host_cfg_profile.o
                0x08001018                host_cfg_profile_active
 .text.host_cfg_wire_encode_ok
                0x08001020       0x28 build/host/host_cfg_wire.o
                0x08001020                host_cfg_wire_encode_ok
 .text.host_cfg_wire_encode_data
                0x08001048       0x3e build/host/host_cfg_wire.o
                0x08001048                host_cfg_wire_encode_data
 .text.at_get_u32_le
                0x08001086       0x1c build/host/host_cmd.o
 .text.put_u32_le
                0x080010a2       0x10 build/host/host_cmd.o
 .text.handle_tx_frame
                0x080010b2       0x80 build/host/host_cmd.o
 *fill*         0x08001132        0x2 
 .text.at_send_ok
                0x08001134       0x10 build/host/host_cmd.o
 .text.at_send_version_triplet
                0x08001144       0x30 build/host/host_cmd.o
 .text.at_send_hex_nibble
                0x08001174       0x1e build/host/host_cmd.o
 .text.host_send_fault_urc.part.1
                0x08001192       0x5a build/host/host_cmd.o
 .text.at_send_u32.part.3
                0x080011ec       0x54 build/host/host_cmd.o
 .text.at_line_equals
                0x08001240       0x72 build/host/host_cmd.o
 *fill*         0x080012b2        0x2 
 .text.at_send_key_u32
                0x080012b4       0x2c build/host/host_cmd.o
 .text.host_cmd_emit_stats_snapshot
                0x080012e0       0x22 build/host/host_cmd.o
                0x080012e0                host_cmd_emit_stats_snapshot
 *fill*         0x08001302        0x2 
 .text.host_cmd_init
                0x08001304       0xbc build/host/host_cmd.o
                0x08001304                host_cmd_init
 .text.host_cmd_dispatch
                0x080013c0      0x340 build/host/host_cmd.o
                0x080013c0                host_cmd_dispatch
 .text.host_cmd_dispatch_at_line
                0x08001700      0x434 build/host/host_cmd.o
                0x08001700                host_cmd_dispatch_at_line
 .text.host_cmd_on_radio_events
                0x08001b34       0x26 build/host/host_cmd.o
                0x08001b34                host_cmd_on_radio_events
 .text.host_cmd_emit_tx_done
                0x08001b5a       0x36 build/host/host_cmd.o
                0x08001b5a                host_cmd_emit_tx_done
 .text.host_cmd_emit_fault
                0x08001b90       0x1c build/host/host_cmd.o
                0x08001b90                host_cmd_emit_fault
 .text.host_cmd_emit_rx_frame
                0x08001bac       0x58 build/host/host_cmd.o
                0x08001bac                host_cmd_emit_rx_frame
 .text.host_rfco_pertx_pack
                0x08001c04       0x62 build/host/host_rfco.o
                0x08001c04                host_rfco_pertx_pack
 *fill*         0x08001c66        0x2 
 .text.host_rfco_blocked_attempts_record
                0x08001c68       0x2c build/host/host_rfco.o
                0x08001c68                host_rfco_blocked_attempts_record
 .text.host_rfco_blocked_attempts_snapshot_and_clear
                0x08001c94       0x20 build/host/host_rfco.o
                0x08001c94                host_rfco_blocked_attempts_snapshot_and_clear
 .text.host_rfco_pertx_window_record
                0x08001cb4       0x24 build/host/host_rfco.o
                0x08001cb4                host_rfco_pertx_window_record
 .text.host_rfco_pertx_emit
                0x08001cd8       0x4a build/host/host_rfco.o
                0x08001cd8                host_rfco_pertx_emit
 *fill*         0x08001d22        0x2 
 .text.host_rfco_pertx_count_in_window_snapshot_and_clear
                0x08001d24       0x18 build/host/host_rfco.o
                0x08001d24                host_rfco_pertx_count_in_window_snapshot_and_clear
 .text.host_rfco_last_clamp_reason_snapshot_and_clear
                0x08001d3c       0x10 build/host/host_rfco.o
                0x08001d3c                host_rfco_last_clamp_reason_snapshot_and_clear
 .text.host_rfco_summary_pack
                0x08001d4c       0xe8 build/host/host_rfco_summary.o
                0x08001d4c                host_rfco_summary_pack
 .text.host_rfco_summary_emit
                0x08001e34       0xf4 build/host/host_rfco_summary_emit.o
                0x08001e34                host_rfco_summary_emit
 .text.host_rfco_summary_tick
                0x08001f28       0x3c build/host/host_rfco_summary_emit.o
                0x08001f28                host_rfco_summary_tick
 .text.put_u32_le
                0x08001f64       0x10 build/host/host_stats.o
 .text.host_stats_reset
                0x08001f74       0x54 build/host/host_stats.o
                0x08001f74                host_stats_reset
 .text.host_stats_radio_rx_ok
                0x08001fc8       0x10 build/host/host_stats.o
                0x08001fc8                host_stats_radio_rx_ok
 .text.host_stats_radio_crc_err
                0x08001fd8       0x10 build/host/host_stats.o
                0x08001fd8                host_stats_radio_crc_err
 .text.host_stats_radio_tx_ok
                0x08001fe8       0x10 build/host/host_stats.o
                0x08001fe8                host_stats_radio_tx_ok
 .text.host_stats_radio_tx_abort_lbt
                0x08001ff8       0x10 build/host/host_stats.o
                0x08001ff8                host_stats_radio_tx_abort_lbt
 .text.host_stats_radio_tx_abort_airtime
                0x08002008       0x10 build/host/host_stats.o
                0x08002008                host_stats_radio_tx_abort_airtime
 .text.host_stats_note_radio_events
                0x08002018       0x44 build/host/host_stats.o
                0x08002018                host_stats_note_radio_events
 .text.host_stats_serialize
                0x0800205c      0x1fc build/host/host_stats.o
                0x0800205c                host_stats_serialize
 .text.host_uart_note_trace
                0x08002258       0x10 build/host/host_uart.o
 .text.crc16_ccitt
                0x08002268       0x3c build/host/host_uart.o
 .text.usart2_write_byte
                0x080022a4       0x30 build/host/host_uart.o
 .text.usart2_write_bytes
                0x080022d4       0x34 build/host/host_uart.o
 .text.rx_ring_push
                0x08002308       0x44 build/host/host_uart.o
 .text.host_uart_send_urc.part.4
                0x0800234c      0x104 build/host/host_uart.o
 .text.process_encoded_frame
                0x08002450      0x1e4 build/host/host_uart.o
 .text.ingest_binary_byte
                0x08002634       0x6c build/host/host_uart.o
 .text.gpio_set_alt.constprop.7
                0x080026a0       0x70 build/host/host_uart.o
 .text.at_replay_candidate_to_binary
                0x08002710       0x30 build/host/host_uart.o
 .text.host_uart_poll_dma
                0x08002740      0x164 build/host/host_uart.o
                0x08002740                host_uart_poll_dma
 .text.host_uart_service_rx
                0x080028a4      0x130 build/host/host_uart.o
                0x080028a4                host_uart_service_rx
 .text.host_uart_flush_diag_traces
                0x080029d4       0xd4 build/host/host_uart.o
                0x080029d4                host_uart_flush_diag_traces
 .text.host_uart_pop_frame
                0x08002aa8       0x54 build/host/host_uart.o
                0x08002aa8                host_uart_pop_frame
 .text.host_uart_send_urc
                0x08002afc       0x2c build/host/host_uart.o
                0x08002afc                host_uart_send_urc
 .text.host_uart_send_ascii
                0x08002b28       0x24 build/host/host_uart.o
                0x08002b28                host_uart_send_ascii
 .text.host_uart_send_err_proto
                0x08002b4c       0x2a build/host/host_uart.o
                0x08002b4c                host_uart_send_err_proto
 *fill*         0x08002b76        0x2 
 .text.host_uart_stats_reset
                0x08002b78      0x100 build/host/host_uart.o
                0x08002b78                host_uart_stats_reset
 .text.host_uart_init
                0x08002c78      0x190 build/host/host_uart.o
                0x08002c78                host_uart_init
 .text.host_uart_stats_dropped
                0x08002e08        0xc build/host/host_uart.o
                0x08002e08                host_uart_stats_dropped
 .text.host_uart_stats_errors
                0x08002e14        0xc build/host/host_uart.o
                0x08002e14                host_uart_stats_errors
 .text.host_uart_stats_queue_full
                0x08002e20        0xc build/host/host_uart.o
                0x08002e20                host_uart_stats_queue_full
 .text.host_uart_stats_irq_idle
                0x08002e2c        0xc build/host/host_uart.o
                0x08002e2c                host_uart_stats_irq_idle
 .text.host_uart_stats_irq_ht
                0x08002e38        0xc build/host/host_uart.o
                0x08002e38                host_uart_stats_irq_ht
 .text.host_uart_stats_irq_tc
                0x08002e44        0xc build/host/host_uart.o
                0x08002e44                host_uart_stats_irq_tc
 .text.host_uart_stats_irq_te
                0x08002e50        0xc build/host/host_uart.o
                0x08002e50                host_uart_stats_irq_te
 .text.host_uart_stats_rx_bytes
                0x08002e5c        0xc build/host/host_uart.o
                0x08002e5c                host_uart_stats_rx_bytes
 .text.host_uart_stats_rx_lpuart_bytes
                0x08002e68        0xc build/host/host_uart.o
                0x08002e68                host_uart_stats_rx_lpuart_bytes
 .text.host_uart_stats_rx_usart1_bytes
                0x08002e74        0xc build/host/host_uart.o
                0x08002e74                host_uart_stats_rx_usart1_bytes
 .text.host_uart_stats_parse_ok
                0x08002e80        0xc build/host/host_uart.o
                0x08002e80                host_uart_stats_parse_ok
 .text.host_uart_stats_parse_err
                0x08002e8c        0xc build/host/host_uart.o
                0x08002e8c                host_uart_stats_parse_err
 .text.host_uart_stats_uart_err_lpuart
                0x08002e98        0xc build/host/host_uart.o
                0x08002e98                host_uart_stats_uart_err_lpuart
 .text.host_uart_stats_uart_err_usart1
                0x08002ea4        0xc build/host/host_uart.o
                0x08002ea4                host_uart_stats_uart_err_usart1
 .text.host_uart_stats_uart_pe_lpuart
                0x08002eb0        0xc build/host/host_uart.o
                0x08002eb0                host_uart_stats_uart_pe_lpuart
 .text.host_uart_stats_uart_fe_lpuart
                0x08002ebc        0xc build/host/host_uart.o
                0x08002ebc                host_uart_stats_uart_fe_lpuart
 .text.host_uart_stats_uart_ne_lpuart
                0x08002ec8        0xc build/host/host_uart.o
                0x08002ec8                host_uart_stats_uart_ne_lpuart
 .text.host_uart_stats_uart_ore_lpuart
                0x08002ed4        0xc build/host/host_uart.o
                0x08002ed4                host_uart_stats_uart_ore_lpuart
 .text.host_uart_stats_uart_pe_usart1
                0x08002ee0        0xc build/host/host_uart.o
                0x08002ee0                host_uart_stats_uart_pe_usart1
 .text.host_uart_stats_uart_fe_usart1
                0x08002eec        0xc build/host/host_uart.o
                0x08002eec                host_uart_stats_uart_fe_usart1
 .text.host_uart_stats_uart_ne_usart1
                0x08002ef8        0xc build/host/host_uart.o
                0x08002ef8                host_uart_stats_uart_ne_usart1
 .text.host_uart_stats_uart_ore_usart1
                0x08002f04        0xc build/host/host_uart.o
                0x08002f04                host_uart_stats_uart_ore_usart1
 .text.host_uart_stats_rx_ring_ovf
                0x08002f10        0xc build/host/host_uart.o
                0x08002f10                host_uart_stats_rx_ring_ovf
 .text.host_uart_take_dma_te_events
                0x08002f1c       0x18 build/host/host_uart.o
                0x08002f1c                host_uart_take_dma_te_events
 .text.host_uart_take_rx_seen_flags
                0x08002f34       0x1c build/host/host_uart.o
                0x08002f34                host_uart_take_rx_seen_flags
 .text.host_uart_note_diag_mark
                0x08002f50       0x1c build/host/host_uart.o
                0x08002f50                host_uart_note_diag_mark
 .text.host_uart_take_diag_marks
                0x08002f6c       0x1c build/host/host_uart.o
                0x08002f6c                host_uart_take_diag_marks
 .text.RNG_LPUART1_IRQHandler
                0x08002f88       0xe0 build/host/host_uart.o
                0x08002f88                RNG_LPUART1_IRQHandler
 .text.USART1_IRQHandler
                0x08003068       0xe0 build/host/host_uart.o
                0x08003068                USART1_IRQHandler
 .text.sx1276_airtime_compute_toa_us
                0x08003148       0xcc build/radio/sx1276_airtime.o
                0x08003148                sx1276_airtime_compute_toa_us
 .text.sx1276_airtime_config_invariant_ok
                0x08003214       0x46 build/radio/sx1276_airtime.o
                0x08003214                sx1276_airtime_config_invariant_ok
 *fill*         0x0800325a        0x2 
 .text.sx1276_airtime_estimate_toa_us
                0x0800325c       0x94 build/radio/sx1276_airtime.o
                0x0800325c                sx1276_airtime_estimate_toa_us
 .text.sx1276_airtime_reserve
                0x080032f0       0x54 build/radio/sx1276_airtime.o
                0x080032f0                sx1276_airtime_reserve
 .text.sx1276_airtime_release
                0x08003344       0x20 build/radio/sx1276_airtime.o
                0x08003344                sx1276_airtime_release
 .text.sx1276_airtime_commit
                0x08003364       0x44 build/radio/sx1276_airtime.o
                0x08003364                sx1276_airtime_commit
 .text.sx1276_cad_begin
                0x080033a8       0x28 build/radio/sx1276_cad.o
                0x080033a8                sx1276_cad_begin
 .text.sx1276_cad_poll
                0x080033d0       0x3c build/radio/sx1276_cad.o
                0x080033d0                sx1276_cad_poll
 .text.lora_pkt_hdr_pack
                0x0800340c       0x30 build/radio/lora_pkt_hdr.o
                0x0800340c                lora_pkt_hdr_pack
 .text.lora_pkt_hdr_unpack
                0x0800343c       0x3c build/radio/lora_pkt_hdr.o
                0x0800343c                lora_pkt_hdr_unpack
 .text.sx1276_fhss_chantab_center_hz
                0x08003478       0x1c build/radio/sx1276_fhss_chantab.o
                0x08003478                sx1276_fhss_chantab_center_hz
 .text.sx1276_fhss_compute_seed
                0x08003494       0x60 build/radio/sx1276_fhss.o
                0x08003494                sx1276_fhss_compute_seed
 .text.sx1276_fhss_compute_permutation
                0x080034f4       0x50 build/radio/sx1276_fhss.o
                0x080034f4                sx1276_fhss_compute_permutation
 .text.rebuild_epoch_permutation
                0x08003544       0x2c build/radio/sx1276_fhss.o
 .text.sx1276_fhss_init
                0x08003570       0x44 build/radio/sx1276_fhss.o
                0x08003570                sx1276_fhss_init
 .text.sx1276_fhss_next_channel
                0x080035b4       0x94 build/radio/sx1276_fhss.o
                0x080035b4                sx1276_fhss_next_channel
 .text.sx1276_fhss_snap_to
                0x08003648       0x34 build/radio/sx1276_fhss.o
                0x08003648                sx1276_fhss_snap_to
 .text.sx1276_fhss_consider_remote
                0x0800367c       0x54 build/radio/sx1276_fhss.o
                0x0800367c                sx1276_fhss_consider_remote
 .text.sx1276_fhss_active_count
                0x080036d0       0x40 build/radio/sx1276_fhss.o
                0x080036d0                sx1276_fhss_active_count
 .text.sx1276_fhss_record_lbt_block
                0x08003710       0x1c build/radio/sx1276_fhss.o
                0x08003710                sx1276_fhss_record_lbt_block
 .text.sx1276_fhss_record_hop
                0x0800372c       0x20 build/radio/sx1276_fhss.o
                0x0800372c                sx1276_fhss_record_hop
 .text.sx1276_fhss_hop_count_snapshot_and_clear
                0x0800374c       0x30 build/radio/sx1276_fhss.o
                0x0800374c                sx1276_fhss_hop_count_snapshot_and_clear
 .text.sx1276_fhss_current_epoch
                0x0800377c        0xc build/radio/sx1276_fhss.o
                0x0800377c                sx1276_fhss_current_epoch
 .text.sx1276_fhss_current_slot
                0x08003788        0xc build/radio/sx1276_fhss.o
                0x08003788                sx1276_fhss_current_slot
 .text.sx1276_fhss_is_initialized
                0x08003794        0xc build/radio/sx1276_fhss.o
                0x08003794                sx1276_fhss_is_initialized
 .text.lbt_arm_backoff
                0x080037a0       0x3c build/radio/sx1276_lbt.o
 .text.cfg_read_u8
                0x080037dc       0x2a build/radio/sx1276_lbt.o
 *fill*         0x08003806        0x2 
 .text.sx1276_lbt_check_and_backoff
                0x08003808      0x110 build/radio/sx1276_lbt.o
                0x08003808                sx1276_lbt_check_and_backoff
 .text.sx1276_legal_dwell_used_us
                0x08003918       0x80 build/radio/sx1276_legal_dwell.o
                0x08003918                sx1276_legal_dwell_used_us
 .text.sx1276_legal_dwell_reserve
                0x08003998       0xdc build/radio/sx1276_legal_dwell.o
                0x08003998                sx1276_legal_dwell_reserve
 .text.sx1276_legal_dwell_reconcile
                0x08003a74       0x34 build/radio/sx1276_legal_dwell.o
                0x08003a74                sx1276_legal_dwell_reconcile
 .text.sx1276_legal_dwell_peak_us_snapshot_and_clear
                0x08003aa8       0x2c build/radio/sx1276_legal_dwell.o
                0x08003aa8                sx1276_legal_dwell_peak_us_snapshot_and_clear
 .text.mode_desc_for_state
                0x08003ad4       0x30 build/radio/sx1276_modes.o
 .text.sx1276_delay_us
                0x08003b04       0x16 build/radio/sx1276_modes.o
 *fill*         0x08003b1a        0x2 
 .text.sx1276_modes_apply
                0x08003b1c       0xbc build/radio/sx1276_modes.o
 .text.sx1276_modes_get_state
                0x08003bd8        0xc build/radio/sx1276_modes.o
                0x08003bd8                sx1276_modes_get_state
 .text.sx1276_modes_to_sleep
                0x08003be4        0xe build/radio/sx1276_modes.o
                0x08003be4                sx1276_modes_to_sleep
 .text.sx1276_modes_to_standby
                0x08003bf2        0xe build/radio/sx1276_modes.o
                0x08003bf2                sx1276_modes_to_standby
 .text.sx1276_modes_to_tx
                0x08003c00        0xe build/radio/sx1276_modes.o
                0x08003c00                sx1276_modes_to_tx
 .text.sx1276_modes_to_rx_cont
                0x08003c0e        0xe build/radio/sx1276_modes.o
                0x08003c0e                sx1276_modes_to_rx_cont
 .text.sx1276_modes_to_cad
                0x08003c1c       0x16 build/radio/sx1276_modes.o
                0x08003c1c                sx1276_modes_to_cad
 *fill*         0x08003c32        0x2 
 .text.sx1276_modes_init
                0x08003c34       0x48 build/radio/sx1276_modes.o
                0x08003c34                sx1276_modes_init
 .text.sx1276_rx_arm
                0x08003c7c       0x28 build/radio/sx1276_rx.o
                0x08003c7c                sx1276_rx_arm
 .text.scan_dispatch_action
                0x08003ca4       0xdc build/radio/sx1276_rx.o
 .text.scan_drive
                0x08003d80       0x6c build/radio/sx1276_rx.o
 .text.scan_feed_frame
                0x08003dec       0x1a build/radio/sx1276_rx.o
 .text.sx1276_rx_disarm
                0x08003e06        0x8 build/radio/sx1276_rx.o
                0x08003e06                sx1276_rx_disarm
 *fill*         0x08003e0e        0x2 
 .text.sx1276_rx_service
                0x08003e10      0x12c build/radio/sx1276_rx.o
                0x08003e10                sx1276_rx_service
 .text.sx1276_rx_tick
                0x08003f3c       0x94 build/radio/sx1276_rx.o
                0x08003f3c                sx1276_rx_tick
 .text.sx1276_rx_scan_tick
                0x08003fd0        0xe build/radio/sx1276_rx.o
                0x08003fd0                sx1276_rx_scan_tick
 *fill*         0x08003fde        0x2 
 .text.sx1276_rx_counter_record
                0x08003fe0       0x18 build/radio/sx1276_rx_counters.o
                0x08003fe0                sx1276_rx_counter_record
 .text.sx1276_rx_retune_eval
                0x08003ff8       0x26 build/radio/sx1276_rx_retune_policy.o
                0x08003ff8                sx1276_rx_retune_eval
 *fill*         0x0800401e        0x2 
 .text.sx1276_rx_retune_counter_record
                0x08004020       0x18 build/radio/sx1276_rx_retune_counters.o
                0x08004020                sx1276_rx_retune_counter_record
 .text.sx1276_rx_scan_eval
                0x08004038       0x8c build/radio/sx1276_rx_scan_policy.o
                0x08004038                sx1276_rx_scan_eval
 .text.sx1276_rx_scan_counter_record
                0x080040c4       0x30 build/radio/sx1276_rx_scan_counters.o
                0x080040c4                sx1276_rx_scan_counter_record
 .text.sx1276_rx_scan_fail_eval
                0x080040f4       0x78 build/radio/sx1276_rx_scan_fail.o
                0x080040f4                sx1276_rx_scan_fail_eval
 .text.tx_emit_rfco_pertx
                0x0800416c       0x70 build/radio/sx1276_tx.o
 .text.sx1276_tx_cleanup
                0x080041dc       0x2c build/radio/sx1276_tx.o
 .text.sx1276_tx_begin
                0x08004208      0x270 build/radio/sx1276_tx.o
                0x08004208                sx1276_tx_begin
 .text.sx1276_tx_poll
                0x08004478       0xd0 build/radio/sx1276_tx.o
                0x08004478                sx1276_tx_poll
 .text.sx1276_tx_busy
                0x08004548       0x10 build/radio/sx1276_tx.o
                0x08004548                sx1276_tx_busy
 .text.gpio_mode_output
                0x08004558       0x34 build/radio/sx1276.o
 .text.gpio_mode_input
                0x0800458c       0x16 build/radio/sx1276.o
 *fill*         0x080045a2        0x2 
 .text.spi1_transfer
                0x080045a4       0x30 build/radio/sx1276.o
 .text.sx1276_radio_reset
                0x080045d4       0x34 build/radio/sx1276.o
                0x080045d4                sx1276_radio_reset
 .text.sx1276_read_reg
                0x08004608       0x24 build/radio/sx1276.o
                0x08004608                sx1276_read_reg
 .text.sx1276_write_reg
                0x0800462c       0x28 build/radio/sx1276.o
                0x0800462c                sx1276_write_reg
 .text.sx1276_read_burst
                0x08004654       0x34 build/radio/sx1276.o
                0x08004654                sx1276_read_burst
 .text.sx1276_write_burst
                0x08004688       0x34 build/radio/sx1276.o
                0x08004688                sx1276_write_burst
 .text.sx1276_read_version
                0x080046bc        0xa build/radio/sx1276.o
                0x080046bc                sx1276_read_version
 *fill*         0x080046c6        0x2 
 .text.sx1276_set_frequency_hz
                0x080046c8       0x34 build/radio/sx1276.o
                0x080046c8                sx1276_set_frequency_hz
 .text.sx1276_set_tx_power_dbm
                0x080046fc       0x26 build/radio/sx1276.o
                0x080046fc                sx1276_set_tx_power_dbm
 *fill*         0x08004722        0x2 
 .text.sx1276_set_sf_bw_cr_checked
                0x08004724      0x144 build/radio/sx1276.o
                0x08004724                sx1276_set_sf_bw_cr_checked
 .text.sx1276_init
                0x08004868      0x260 build/radio/sx1276.o
                0x08004868                sx1276_init
 .text.sx1276_take_irq_events
                0x08004ac8       0x18 build/radio/sx1276.o
                0x08004ac8                sx1276_take_irq_events
 .text.EXTI0_1_IRQHandler
                0x08004ae0       0x34 build/radio/sx1276.o
                0x08004ae0                EXTI0_1_IRQHandler
 .text.EXTI4_15_IRQHandler
                0x08004b14       0x38 build/radio/sx1276.o
                0x08004b14                EXTI4_15_IRQHandler
 .text.memcmp   0x08004b4c       0x1e c:/users/dorkm/appdata/local/arduino15/packages/arduino/tools/arm-none-eabi-gcc/7-2017q4/bin/../lib/gcc/arm-none-eabi/7.2.1/../../../../arm-none-eabi/lib/thumb/v6-m\libc_nano.a(lib_a-memcmp.o)
                0x08004b4c                memcmp
 .text.memcpy   0x08004b6a       0x12 c:/users/dorkm/appdata/local/arduino15/packages/arduino/tools/arm-none-eabi-gcc/7-2017q4/bin/../lib/gcc/arm-none-eabi/7.2.1/../../../../arm-none-eabi/lib/thumb/v6-m\libc_nano.a(lib_a-memcpy-stub.o)
                0x08004b6a                memcpy
 .text.memset   0x08004b7c       0x10 c:/users/dorkm/appdata/local/arduino15/packages/arduino/tools/arm-none-eabi-gcc/7-2017q4/bin/../lib/gcc/arm-none-eabi/7.2.1/../../../../arm-none-eabi/lib/thumb/v6-m\libc_nano.a(lib_a-memset.o)
                0x08004b7c                memset
 *(.rodata)
 *(.rodata.*)
 .rodata.NMI_Handler.str1.1
                0x08004b8c        0xe build/startup.o
 .rodata.Reset_Handler.str1.1
                0x08004b9a       0x36 build/startup.o
 .rodata.main.str1.1
                0x08004bd0       0x11 build/main.o
 *fill*         0x08004be1        0x3 
 .rodata.k_cfg_desc
                0x08004be4      0x170 build/host/host_cfg.o
 .rodata.CSWTCH.3
                0x08004d54        0x3 build/host/host_cfg_profile.o
 *fill*         0x08004d57        0x1 
 .rodata.CSWTCH.5
                0x08004d58        0xc build/host/host_cfg_profile.o
 .rodata.CSWTCH.7
                0x08004d64        0xa build/host/host_cfg_profile.o
 .rodata.at_send_key_u32.str1.1
                0x08004d6e       0x11 build/host/host_cmd.o
                                  0x2 (size before relaxing)
 .rodata.at_send_ok.str1.1
                0x08004d6e       0x11 build/host/host_cmd.o
                                  0x5 (size before relaxing)
 .rodata.at_send_version_triplet.str1.1
                0x08004d6e        0x2 build/host/host_cmd.o
                                  0x4 (size before relaxing)
 .rodata.host_cmd_dispatch.str1.1
                0x08004d70       0x4d build/host/host_cmd.o
 .rodata.host_cmd_dispatch_at_line.str1.1
                0x08004dbd      0x203 build/host/host_cmd.o
                                0x209 (size before relaxing)
 .rodata.host_cmd_init.str1.1
                0x08004fc0       0x5a build/host/host_cmd.o
 .rodata.host_uart_flush_diag_traces.str1.1
                0x0800501a       0xba build/host/host_uart.o
 .rodata.k_mode_descs
                0x080050d4       0x1e build/radio/sx1276_modes.o
 *(.glue_7)
 .glue_7        0x080050f2        0x0 linker stubs
 *(.glue_7t)
 .glue_7t       0x080050f2        0x0 linker stubs
 *(.eh_frame)
                0x080050f4                . = ALIGN (0x4)
 *fill*         0x080050f2        0x2 
                0x080050f4                _etext = .

.vfp11_veneer   0x080050f4        0x0
 .vfp11_veneer  0x080050f4        0x0 linker stubs

.v4_bx          0x080050f4        0x0
 .v4_bx         0x080050f4        0x0 linker stubs

.iplt           0x080050f4        0x0
 .iplt          0x080050f4        0x0 build/startup.o

.boot_text      0x080050f4      0x214
 .boot_text     0x080050f4      0x214 build/boot/safe_mode.o
                0x080050f4                jump_to_bootloader
                0x0800516c                safe_mode_listen

.ARM.extab
 *(.ARM.extab* .gnu.linkonce.armextab.*)

.ARM            0x08005308        0x8
                0x08005308                __exidx_start = .
 *(.ARM.exidx*)
 .ARM.exidx     0x08005308        0x8 c:/users/dorkm/appdata/local/arduino15/packages/arduino/tools/arm-none-eabi-gcc/7-2017q4/bin/../lib/gcc/arm-none-eabi/7.2.1/thumb/v6-m\libgcc.a(_udivmoddi4.o)
                0x08005310                __exidx_end = .
                0x08005310                _sidata = LOADADDR (.data)

.rel.dyn        0x08005310        0x0
 .rel.iplt      0x08005310        0x0 build/startup.o

.data           0x20000000        0xc load address 0x08005310
                0x20000000                . = ALIGN (0x4)
                0x20000000                _sdata = .
 *(.data)
 *(.data.*)
 .data.s_clock_source_id
                0x20000000        0x1 build/hal/platform.o
 *fill*         0x20000001        0x3 
 .data.s_core_hz
                0x20000004        0x4 build/hal/platform.o
 .data.s_last_clamp_reason
                0x20000008        0x1 build/host/host_rfco.o
 .data.s_first_since_boot
                0x20000009        0x1 build/host/host_rfco_summary_emit.o
 .data.s_legal_dwell_handle
                0x2000000a        0x2 build/radio/sx1276_tx.o
                0x2000000c                . = ALIGN (0x4)
                0x2000000c                _edata = .

.igot.plt       0x2000000c        0x0 load address 0x0800531c
 .igot.plt      0x2000000c        0x0 build/startup.o

.noinit         0x2000000c       0x18 load address 0x0800531c
                0x2000000c                . = ALIGN (0x4)
 *(.noinit)
 .noinit        0x2000000c       0x18 build/hal/platform.o
 *(.noinit.*)
                0x20000024                . = ALIGN (0x4)

.bss            0x20000028     0x154c load address 0x0800531c
                0x20000028                . = ALIGN (0x4)
                0x20000028                _sbss = .
                0x20000028                __bss_start__ = _sbss
 *(.bss)
 *(.bss.*)
 .bss.s_reset_cause
                0x20000028        0x1 build/hal/platform.o
 .bss.s_reset_cause_captured
                0x20000029        0x1 build/hal/platform.o
 *fill*         0x2000002a        0x2 
 .bss.s_tick_ms
                0x2000002c        0x4 build/hal/platform.o
 .bss.s_cfg_dirty
                0x20000030        0x1 build/host/host_cfg.o
 .bss.s_cfg_values
                0x20000031       0xe6 build/host/host_cfg.o
 *fill*         0x20000117        0x1 
 .bss.s_active  0x20000118       0x18 build/host/host_cfg_profile.o
 .bss.s_has_stage
                0x20000130        0x1 build/host/host_cfg_profile.o
 *fill*         0x20000131        0x7 
 .bss.s_staged  0x20000138       0x18 build/host/host_cfg_profile.o
 .bss.s_radio_ok
                0x20000150        0x1 build/host/host_cmd.o
 .bss.s_radio_version
                0x20000151        0x1 build/host/host_cmd.o
 .bss.s_blocked_attempts
                0x20000152       0x10 build/host/host_rfco.o
 .bss.s_pertx_count_in_window
                0x20000162        0x2 build/host/host_rfco.o
 .bss.s_summary_emit_count
                0x20000164        0x1 build/host/host_rfco_summary_emit.o
 *fill*         0x20000165        0x3 
 .bss.s_tick_last_emit_ms
                0x20000168        0x4 build/host/host_rfco_summary_emit.o
 .bss.s_tick_seq
                0x2000016c        0x4 build/host/host_rfco_summary_emit.o
 .bss.s_radio_crc_err
                0x20000170        0x4 build/host/host_stats.o
 .bss.s_radio_dio0
                0x20000174        0x4 build/host/host_stats.o
 .bss.s_radio_dio1
                0x20000178        0x4 build/host/host_stats.o
 .bss.s_radio_dio2
                0x2000017c        0x4 build/host/host_stats.o
 .bss.s_radio_dio3
                0x20000180        0x4 build/host/host_stats.o
 .bss.s_radio_rx_ok
                0x20000184        0x4 build/host/host_stats.o
 .bss.s_radio_tx_abort_airtime
                0x20000188        0x4 build/host/host_stats.o
 .bss.s_radio_tx_abort_lbt
                0x2000018c        0x4 build/host/host_stats.o
 .bss.s_radio_tx_ok
                0x20000190        0x4 build/host/host_stats.o
 .bss.s_at_candidate
                0x20000194        0x1 build/host/host_uart.o
 .bss.s_at_ignore_lf
                0x20000195        0x1 build/host/host_uart.o
 .bss.s_at_line
                0x20000196       0x60 build/host/host_uart.o
 .bss.s_at_line_len
                0x200001f6        0x2 build/host/host_uart.o
 .bss.s_cobs_encoded
                0x200001f8      0x143 build/host/host_uart.o
 *fill*         0x2000033b        0x1 
 .bss.s_cobs_encoded_len
                0x2000033c        0x2 build/host/host_uart.o
 .bss.s_cobs_overflow
                0x2000033e        0x1 build/host/host_uart.o
 .bss.s_diag_marks
                0x2000033f        0x1 build/host/host_uart.o
 .bss.s_diag_trace_flags
                0x20000340        0x4 build/host/host_uart.o
 .bss.s_dma_te_events
                0x20000344        0x4 build/host/host_uart.o
 .bss.s_frame_queue
                0x20000348      0x500 build/host/host_uart.o
 .bss.s_q_count
                0x20000848        0x1 build/host/host_uart.o
 .bss.s_q_head  0x20000849        0x1 build/host/host_uart.o
 .bss.s_q_tail  0x2000084a        0x1 build/host/host_uart.o
 .bss.s_rx_idle_pending
                0x2000084b        0x1 build/host/host_uart.o
 .bss.s_rx_ring
                0x2000084c      0x200 build/host/host_uart.o
 .bss.s_rx_ring_head
                0x20000a4c        0x2 build/host/host_uart.o
 *fill*         0x20000a4e        0x2 
 .bss.s_rx_ring_ovf
                0x20000a50        0x4 build/host/host_uart.o
 .bss.s_rx_ring_tail
                0x20000a54        0x2 build/host/host_uart.o
 .bss.s_rx_seen_flags
                0x20000a56        0x1 build/host/host_uart.o
 .bss.s_service_in_progress
                0x20000a57        0x1 build/host/host_uart.o
 .bss.s_stats_dropped
                0x20000a58        0x4 build/host/host_uart.o
 .bss.s_stats_errors
                0x20000a5c        0x4 build/host/host_uart.o
 .bss.s_stats_irq_ht
                0x20000a60        0x4 build/host/host_uart.o
 .bss.s_stats_irq_idle
                0x20000a64        0x4 build/host/host_uart.o
 .bss.s_stats_irq_tc
                0x20000a68        0x4 build/host/host_uart.o
 .bss.s_stats_irq_te
                0x20000a6c        0x4 build/host/host_uart.o
 .bss.s_stats_parse_err
                0x20000a70        0x4 build/host/host_uart.o
 .bss.s_stats_parse_ok
                0x20000a74        0x4 build/host/host_uart.o
 .bss.s_stats_queue_full
                0x20000a78        0x4 build/host/host_uart.o
 .bss.s_stats_rx_bytes
                0x20000a7c        0x4 build/host/host_uart.o
 .bss.s_stats_rx_lpuart_bytes
                0x20000a80        0x4 build/host/host_uart.o
 .bss.s_stats_rx_usart1_bytes
                0x20000a84        0x4 build/host/host_uart.o
 .bss.s_stats_uart_err_lpuart
                0x20000a88        0x4 build/host/host_uart.o
 .bss.s_stats_uart_err_usart1
                0x20000a8c        0x4 build/host/host_uart.o
 .bss.s_stats_uart_fe_lpuart
                0x20000a90        0x4 build/host/host_uart.o
 .bss.s_stats_uart_fe_usart1
                0x20000a94        0x4 build/host/host_uart.o
 .bss.s_stats_uart_ne_lpuart
                0x20000a98        0x4 build/host/host_uart.o
 .bss.s_stats_uart_ne_usart1
                0x20000a9c        0x4 build/host/host_uart.o
 .bss.s_stats_uart_ore_lpuart
                0x20000aa0        0x4 build/host/host_uart.o
 .bss.s_stats_uart_ore_usart1
                0x20000aa4        0x4 build/host/host_uart.o
 .bss.s_stats_uart_pe_lpuart
                0x20000aa8        0x4 build/host/host_uart.o
 .bss.s_stats_uart_pe_usart1
                0x20000aac        0x4 build/host/host_uart.o
 .bss.s_budget  0x20000ab0      0x190 build/radio/sx1276_airtime.o
 .bss.s_cad_active
                0x20000c40        0x1 build/radio/sx1276_cad.o
 *fill*         0x20000c41        0x7 
 .bss.s_fhss    0x20000c48      0x188 build/radio/sx1276_fhss.o
 .bss.s_backoff_attempt
                0x20000dd0        0x1 build/radio/sx1276_lbt.o
 *fill*         0x20000dd1        0x3 
 .bss.s_backoff_until_ms
                0x20000dd4        0x4 build/radio/sx1276_lbt.o
 .bss.s_dwell   0x20000dd8      0x700 build/radio/sx1276_legal_dwell.o
 .bss.s_state   0x200014d8        0x1 build/radio/sx1276_modes.o
 *fill*         0x200014d9        0x3 
 .bss.s_rx_last_retune_ms
                0x200014dc        0x4 build/radio/sx1276_rx.o
 .bss.s_rx_last_retune_ms_valid
                0x200014e0        0x1 build/radio/sx1276_rx.o
 *fill*         0x200014e1        0x3 
 .bss.s_scan_channel_entry_ms
                0x200014e4        0x4 build/radio/sx1276_rx.o
 .bss.s_scan_cold_start_entry_ms
                0x200014e8        0x4 build/radio/sx1276_rx.o
 .bss.s_scan_crc_seen
                0x200014ec        0x1 build/radio/sx1276_rx.o
 .bss.s_scan_ever_locked_this_boot
                0x200014ed        0x1 build/radio/sx1276_rx.o
 .bss.s_scan_fail_retries
                0x200014ee        0x1 build/radio/sx1276_rx.o
 .bss.s_scan_got_any_irq
                0x200014ef        0x1 build/radio/sx1276_rx.o
 .bss.s_scan_state
                0x200014f0        0x1 build/radio/sx1276_rx.o
 *fill*         0x200014f1        0x3 
 .bss.s_consider_remote_counts
                0x200014f4       0x14 build/radio/sx1276_rx_counters.o
 .bss.s_retune_counts
                0x20001508       0x14 build/radio/sx1276_rx_retune_counters.o
 .bss.s_action_counts
                0x2000151c       0x18 build/radio/sx1276_rx_scan_counters.o
 .bss.s_state_counts
                0x20001534       0x10 build/radio/sx1276_rx_scan_counters.o
 .bss.s_channel_idx
                0x20001544        0x1 build/radio/sx1276_tx.o
 *fill*         0x20001545        0x3 
 .bss.s_deadline_us
                0x20001548        0x4 build/radio/sx1276_tx.o
 .bss.s_expected_toa_us
                0x2000154c        0x4 build/radio/sx1276_tx.o
 .bss.s_hop_epoch
                0x20001550        0x4 build/radio/sx1276_tx.o
 .bss.s_hop_freq_hz
                0x20001554        0x4 build/radio/sx1276_tx.o
 .bss.s_hop_idx
                0x20001558        0x1 build/radio/sx1276_tx.o
 *fill*         0x20001559        0x3 
 .bss.s_predicted_toa_us
                0x2000155c        0x4 build/radio/sx1276_tx.o
 .bss.s_rearm_rx
                0x20001560        0x1 build/radio/sx1276_tx.o
 *fill*         0x20001561        0x3 
 .bss.s_reserved_airtime_us
                0x20001564        0x4 build/radio/sx1276_tx.o
 .bss.s_rfco_pertx_seq
                0x20001568        0x2 build/radio/sx1276_tx.o
 .bss.s_tx_id   0x2000156a        0x1 build/radio/sx1276_tx.o
 .bss.s_tx_power_dbm
                0x2000156b        0x1 build/radio/sx1276_tx.o
 .bss.s_tx_state
                0x2000156c        0x1 build/radio/sx1276_tx.o
 *fill*         0x2000156d        0x3 
 .bss.s_irq_events
                0x20001570        0x4 build/radio/sx1276.o
 *(COMMON)
                0x20001574                . = ALIGN (0x4)
                0x20001574                _ebss = .
                0x20001574                __bss_end__ = _ebss

._user_heap     0x20001574        0x4 load address 0x0800531c
                0x20001578                . = ALIGN (0x8)
 *fill*         0x20001574        0x4 
                0x20001578                _end = .
                0x20001578                _heap_start = .
                0x20001578                . = (. + 0x0)
                0x20001578                . = ALIGN (0x8)
                0x20001578                _heap_end = .

.stack_check    0x20001578        0x0 load address 0x0800531c
                0x20001578                . = ALIGN (0x8)
                0x20001578                . = (. + 0x0)
                0x00000001                ASSERT (((_heap_end + _stack_size) <= _estack), Linker error: not enough RAM left for the reserved stack)

.cfg_reserved   0x0802e000     0x2000
                0x08030000                . = (. + 0x2000)
 *fill*         0x0802e000     0x2000 

/DISCARD/
 *(.note.GNU-stack)
 *(.comment)
                0x00000001                ASSERT (0x1, Linker: FLASH + CFG must cover full 192 KB)
                0x00000001                ASSERT (0x1, Linker: CFG region must fall within overall memory)
OUTPUT(build/firmware.elf elf32-littlearm)

.ARM.attributes
                0x00000000       0x30
 .ARM.attributes
                0x00000000       0x32 build/startup.o
 .ARM.attributes
                0x00000032       0x32 build/main.o
 .ARM.attributes
                0x00000064       0x32 build/boot/safe_mode.o
 .ARM.attributes
                0x00000096       0x32 build/hal/platform.o
 .ARM.attributes
                0x000000c8       0x32 build/host/host_cfg.o
 .ARM.attributes
                0x000000fa       0x32 build/host/host_cfg_profile.o
 .ARM.attributes
                0x0000012c       0x32 build/host/host_cfg_wire.o
 .ARM.attributes
                0x0000015e       0x32 build/host/host_cmd.o
 .ARM.attributes
                0x00000190       0x32 build/host/host_rfco.o
 .ARM.attributes
                0x000001c2       0x32 build/host/host_rfco_summary.o
 .ARM.attributes
                0x000001f4       0x32 build/host/host_rfco_summary_emit.o
 .ARM.attributes
                0x00000226       0x32 build/host/host_stats.o
 .ARM.attributes
                0x00000258       0x32 build/host/host_uart.o
 .ARM.attributes
                0x0000028a       0x32 build/radio/sx1276_airtime.o
 .ARM.attributes
                0x000002bc       0x32 build/radio/sx1276_cad.o
 .ARM.attributes
                0x000002ee       0x32 build/radio/lora_pkt_hdr.o
 .ARM.attributes
                0x00000320       0x32 build/radio/sx1276_fhss_chantab.o
 .ARM.attributes
                0x00000352       0x32 build/radio/sx1276_fhss.o
 .ARM.attributes
                0x00000384       0x32 build/radio/sx1276_lbt.o
 .ARM.attributes
                0x000003b6       0x32 build/radio/sx1276_legal_dwell.o
 .ARM.attributes
                0x000003e8       0x32 build/radio/sx1276_modes.o
 .ARM.attributes
                0x0000041a       0x32 build/radio/sx1276_rx.o
 .ARM.attributes
                0x0000044c       0x32 build/radio/sx1276_rx_counters.o
 .ARM.attributes
                0x0000047e       0x32 build/radio/sx1276_rx_retune_policy.o
 .ARM.attributes
                0x000004b0       0x32 build/radio/sx1276_rx_retune_counters.o
 .ARM.attributes
                0x000004e2       0x32 build/radio/sx1276_rx_scan_policy.o
 .ARM.attributes
                0x00000514       0x32 build/radio/sx1276_rx_scan_counters.o
 .ARM.attributes
                0x00000546       0x32 build/radio/sx1276_rx_scan_fail.o
 .ARM.attributes
                0x00000578       0x32 build/radio/sx1276_tx.o
 .ARM.attributes
                0x000005aa       0x32 build/radio/sx1276.o
 .ARM.attributes
                0x000005dc       0x1e c:/users/dorkm/appdata/local/arduino15/packages/arduino/tools/arm-none-eabi-gcc/7-2017q4/bin/../lib/gcc/arm-none-eabi/7.2.1/thumb/v6-m\libgcc.a(_thumb1_case_uqi.o)
 .ARM.attributes
                0x000005fa       0x1e c:/users/dorkm/appdata/local/arduino15/packages/arduino/tools/arm-none-eabi-gcc/7-2017q4/bin/../lib/gcc/arm-none-eabi/7.2.1/thumb/v6-m\libgcc.a(_udivsi3.o)
 .ARM.attributes
                0x00000618       0x1e c:/users/dorkm/appdata/local/arduino15/packages/arduino/tools/arm-none-eabi-gcc/7-2017q4/bin/../lib/gcc/arm-none-eabi/7.2.1/thumb/v6-m\libgcc.a(_dvmd_tls.o)
 .ARM.attributes
                0x00000636       0x1e c:/users/dorkm/appdata/local/arduino15/packages/arduino/tools/arm-none-eabi-gcc/7-2017q4/bin/../lib/gcc/arm-none-eabi/7.2.1/thumb/v6-m\libgcc.a(_lshrdi3.o)
 .ARM.attributes
                0x00000654       0x1e c:/users/dorkm/appdata/local/arduino15/packages/arduino/tools/arm-none-eabi-gcc/7-2017q4/bin/../lib/gcc/arm-none-eabi/7.2.1/thumb/v6-m\libgcc.a(_ashldi3.o)
 .ARM.attributes
                0x00000672       0x1e c:/users/dorkm/appdata/local/arduino15/packages/arduino/tools/arm-none-eabi-gcc/7-2017q4/bin/../lib/gcc/arm-none-eabi/7.2.1/thumb/v6-m\libgcc.a(_aeabi_uldivmod.o)
 .ARM.attributes
                0x00000690       0x2c c:/users/dorkm/appdata/local/arduino15/packages/arduino/tools/arm-none-eabi-gcc/7-2017q4/bin/../lib/gcc/arm-none-eabi/7.2.1/thumb/v6-m\libgcc.a(_udivmoddi4.o)
 .ARM.attributes
                0x000006bc       0x1e c:/users/dorkm/appdata/local/arduino15/packages/arduino/tools/arm-none-eabi-gcc/7-2017q4/bin/../lib/gcc/arm-none-eabi/7.2.1/thumb/v6-m\libgcc.a(_clzdi2.o)
 .ARM.attributes
                0x000006da       0x1e c:/users/dorkm/appdata/local/arduino15/packages/arduino/tools/arm-none-eabi-gcc/7-2017q4/bin/../lib/gcc/arm-none-eabi/7.2.1/thumb/v6-m\libgcc.a(_clzsi2.o)
 .ARM.attributes
                0x000006f8       0x2c c:/users/dorkm/appdata/local/arduino15/packages/arduino/tools/arm-none-eabi-gcc/7-2017q4/bin/../lib/gcc/arm-none-eabi/7.2.1/../../../../arm-none-eabi/lib/thumb/v6-m\libc_nano.a(lib_a-memcmp.o)
 .ARM.attributes
                0x00000724       0x2c c:/users/dorkm/appdata/local/arduino15/packages/arduino/tools/arm-none-eabi-gcc/7-2017q4/bin/../lib/gcc/arm-none-eabi/7.2.1/../../../../arm-none-eabi/lib/thumb/v6-m\libc_nano.a(lib_a-memcpy-stub.o)
 .ARM.attributes
                0x00000750       0x2c c:/users/dorkm/appdata/local/arduino15/packages/arduino/tools/arm-none-eabi-gcc/7-2017q4/bin/../lib/gcc/arm-none-eabi/7.2.1/../../../../arm-none-eabi/lib/thumb/v6-m\libc_nano.a(lib_a-memset.o)
 .ARM.attributes
                0x0000077c       0x1c c:/users/dorkm/appdata/local/arduino15/packages/arduino/tools/arm-none-eabi-gcc/7-2017q4/bin/../lib/gcc/arm-none-eabi/7.2.1/../../../../arm-none-eabi/lib/thumb/v6-m\libc_nano.a(lib_a-strlen.o)

.debug_frame    0x00000000       0xd0
 .debug_frame   0x00000000       0x20 c:/users/dorkm/appdata/local/arduino15/packages/arduino/tools/arm-none-eabi-gcc/7-2017q4/bin/../lib/gcc/arm-none-eabi/7.2.1/thumb/v6-m\libgcc.a(_udivsi3.o)
 .debug_frame   0x00000020       0x3c c:/users/dorkm/appdata/local/arduino15/packages/arduino/tools/arm-none-eabi-gcc/7-2017q4/bin/../lib/gcc/arm-none-eabi/7.2.1/thumb/v6-m\libgcc.a(_udivmoddi4.o)
 .debug_frame   0x0000005c       0x2c c:/users/dorkm/appdata/local/arduino15/packages/arduino/tools/arm-none-eabi-gcc/7-2017q4/bin/../lib/gcc/arm-none-eabi/7.2.1/../../../../arm-none-eabi/lib/thumb/v6-m\libc_nano.a(lib_a-memcmp.o)
 .debug_frame   0x00000088       0x28 c:/users/dorkm/appdata/local/arduino15/packages/arduino/tools/arm-none-eabi-gcc/7-2017q4/bin/../lib/gcc/arm-none-eabi/7.2.1/../../../../arm-none-eabi/lib/thumb/v6-m\libc_nano.a(lib_a-memcpy-stub.o)
 .debug_frame   0x000000b0       0x20 c:/users/dorkm/appdata/local/arduino15/packages/arduino/tools/arm-none-eabi-gcc/7-2017q4/bin/../lib/gcc/arm-none-eabi/7.2.1/../../../../arm-none-eabi/lib/thumb/v6-m\libc_nano.a(lib_a-memset.o)
