Archive member included to satisfy reference by file (symbol)

c:/program files (x86)/arm gnu toolchain arm-none-eabi/12.2 mpacbti-rel1/bin/../lib/gcc/arm-none-eabi/12.2.1/thumb/v6-m/nofp\libgcc.a(_thumb1_case_uqi.o)
                              build/host/host_cfg.o (__gnu_thumb1_case_uqi)
c:/program files (x86)/arm gnu toolchain arm-none-eabi/12.2 mpacbti-rel1/bin/../lib/gcc/arm-none-eabi/12.2.1/thumb/v6-m/nofp\libgcc.a(_udivsi3.o)
                              build/boot/safe_mode.o (__aeabi_uidiv)
c:/program files (x86)/arm gnu toolchain arm-none-eabi/12.2 mpacbti-rel1/bin/../lib/gcc/arm-none-eabi/12.2.1/thumb/v6-m/nofp\libgcc.a(_divsi3.o)
                              build/radio/sx1276_rx_scan_walker.o (__aeabi_idivmod)
c:/program files (x86)/arm gnu toolchain arm-none-eabi/12.2 mpacbti-rel1/bin/../lib/gcc/arm-none-eabi/12.2.1/thumb/v6-m/nofp\libgcc.a(_dvmd_tls.o)
                              c:/program files (x86)/arm gnu toolchain arm-none-eabi/12.2 mpacbti-rel1/bin/../lib/gcc/arm-none-eabi/12.2.1/thumb/v6-m/nofp\libgcc.a(_udivsi3.o) (__aeabi_idiv0)
c:/program files (x86)/arm gnu toolchain arm-none-eabi/12.2 mpacbti-rel1/bin/../lib/gcc/arm-none-eabi/12.2.1/thumb/v6-m/nofp\libgcc.a(_lshrdi3.o)
                              build/radio/sx1276_fhss.o (__aeabi_llsr)
c:/program files (x86)/arm gnu toolchain arm-none-eabi/12.2 mpacbti-rel1/bin/../lib/gcc/arm-none-eabi/12.2.1/thumb/v6-m/nofp\libgcc.a(_ashldi3.o)
                              build/radio/sx1276_airtime.o (__aeabi_llsl)
c:/program files (x86)/arm gnu toolchain arm-none-eabi/12.2 mpacbti-rel1/bin/../lib/gcc/arm-none-eabi/12.2.1/thumb/v6-m/nofp\libgcc.a(_aeabi_ldivmod.o)
                              build/radio/sx1276_airtime.o (__aeabi_ldivmod)
c:/program files (x86)/arm gnu toolchain arm-none-eabi/12.2 mpacbti-rel1/bin/../lib/gcc/arm-none-eabi/12.2.1/thumb/v6-m/nofp\libgcc.a(_aeabi_uldivmod.o)
                              build/radio/sx1276_airtime.o (__aeabi_uldivmod)
c:/program files (x86)/arm gnu toolchain arm-none-eabi/12.2 mpacbti-rel1/bin/../lib/gcc/arm-none-eabi/12.2.1/thumb/v6-m/nofp\libgcc.a(_udivmoddi4.o)
                              c:/program files (x86)/arm gnu toolchain arm-none-eabi/12.2 mpacbti-rel1/bin/../lib/gcc/arm-none-eabi/12.2.1/thumb/v6-m/nofp\libgcc.a(_aeabi_uldivmod.o) (__udivmoddi4)
c:/program files (x86)/arm gnu toolchain arm-none-eabi/12.2 mpacbti-rel1/bin/../lib/gcc/arm-none-eabi/12.2.1/thumb/v6-m/nofp\libgcc.a(bpabi.o)
                              c:/program files (x86)/arm gnu toolchain arm-none-eabi/12.2 mpacbti-rel1/bin/../lib/gcc/arm-none-eabi/12.2.1/thumb/v6-m/nofp\libgcc.a(_aeabi_ldivmod.o) (__gnu_ldivmod_helper)
c:/program files (x86)/arm gnu toolchain arm-none-eabi/12.2 mpacbti-rel1/bin/../lib/gcc/arm-none-eabi/12.2.1/thumb/v6-m/nofp\libgcc.a(_clzdi2.o)
                              c:/program files (x86)/arm gnu toolchain arm-none-eabi/12.2 mpacbti-rel1/bin/../lib/gcc/arm-none-eabi/12.2.1/thumb/v6-m/nofp\libgcc.a(_udivmoddi4.o) (__clzdi2)
c:/program files (x86)/arm gnu toolchain arm-none-eabi/12.2 mpacbti-rel1/bin/../lib/gcc/arm-none-eabi/12.2.1/thumb/v6-m/nofp\libgcc.a(_muldi3.o)
                              c:/program files (x86)/arm gnu toolchain arm-none-eabi/12.2 mpacbti-rel1/bin/../lib/gcc/arm-none-eabi/12.2.1/thumb/v6-m/nofp\libgcc.a(bpabi.o) (__aeabi_lmul)
c:/program files (x86)/arm gnu toolchain arm-none-eabi/12.2 mpacbti-rel1/bin/../lib/gcc/arm-none-eabi/12.2.1/thumb/v6-m/nofp\libgcc.a(_divdi3.o)
                              c:/program files (x86)/arm gnu toolchain arm-none-eabi/12.2 mpacbti-rel1/bin/../lib/gcc/arm-none-eabi/12.2.1/thumb/v6-m/nofp\libgcc.a(bpabi.o) (__divdi3)
c:/program files (x86)/arm gnu toolchain arm-none-eabi/12.2 mpacbti-rel1/bin/../lib/gcc/arm-none-eabi/12.2.1/thumb/v6-m/nofp\libgcc.a(_clzsi2.o)
                              c:/program files (x86)/arm gnu toolchain arm-none-eabi/12.2 mpacbti-rel1/bin/../lib/gcc/arm-none-eabi/12.2.1/thumb/v6-m/nofp\libgcc.a(_clzdi2.o) (__clzsi2)
c:/program files (x86)/arm gnu toolchain arm-none-eabi/12.2 mpacbti-rel1/bin/../lib/gcc/arm-none-eabi/12.2.1/thumb/v6-m/nofp\libc_nano.a(libc_a-memcmp.o)
                              build/host/host_cfg.o (memcmp)
c:/program files (x86)/arm gnu toolchain arm-none-eabi/12.2 mpacbti-rel1/bin/../lib/gcc/arm-none-eabi/12.2.1/thumb/v6-m/nofp\libc_nano.a(libc_a-memset.o)
                              build/host/host_cfg.o (memset)
c:/program files (x86)/arm gnu toolchain arm-none-eabi/12.2 mpacbti-rel1/bin/../lib/gcc/arm-none-eabi/12.2.1/thumb/v6-m/nofp\libc_nano.a(libc_a-memcpy-stub.o)
                              build/host/host_cfg.o (memcpy)
c:/program files (x86)/arm gnu toolchain arm-none-eabi/12.2 mpacbti-rel1/bin/../lib/gcc/arm-none-eabi/12.2.1/thumb/v6-m/nofp\libc_nano.a(libc_a-strlen.o)
                              build/host/host_cmd.o (strlen)

Discarded input sections

 .text          0x00000000        0x0 build/startup.o
 .data          0x00000000        0x0 build/startup.o
[...]
Memory Configuration

Name             Origin             Length             Attributes
FLASH            0x08000000         0x00030000         xr
CFG              0x0802e000         0x00002000         r
RAM              0x20000000         0x00005000         xrw
*default*        0x00000000         0xffffffff

Linker script and memory map

LOAD build/startup.o
LOAD build/main.o
LOAD build/boot/safe_mode.o
LOAD build/hal/platform.o
LOAD build/host/host_cfg.o
LOAD build/host/host_rx_wire.o
LOAD build/host/host_reg_gate.o
LOAD build/host/host_cfg_profile.o
LOAD build/host/host_cfg_wire.o
LOAD build/host/host_cmd.o
LOAD build/host/host_rfco.o
LOAD build/host/host_rfco_summary.o
LOAD build/host/host_rfco_summary_emit.o
LOAD build/host/host_stats.o
LOAD build/host/host_rx_urc_lost.o
LOAD build/host/host_uart.o
LOAD build/radio/sx1276_airtime.o
LOAD build/radio/sx1276_cad.o
LOAD build/radio/lora_pkt_hdr.o
LOAD build/radio/lora_frames_per_dwell.o
LOAD build/radio/sx1276_fhss_chantab.o
LOAD build/radio/sx1276_fhss.o
LOAD build/radio/sx1276_fhss_clock.o
LOAD build/radio/sx1276_fhss_authority.o
LOAD build/radio/sx1276_rx_grid_policy.o
LOAD build/radio/sx1276_lbt.o
LOAD build/radio/sx1276_legal_dwell.o
LOAD build/radio/sx1276_modes.o
LOAD build/radio/sx1276_rx.o
LOAD build/radio/sx1276_rx_fifo_track.o
LOAD build/radio/sx1276_rx_counters.o
LOAD build/radio/sx1276_rx_retune_policy.o
LOAD build/radio/sx1276_rx_retune_counters.o
LOAD build/radio/sx1276_rx_scan_policy.o
LOAD build/radio/sx1276_rx_scan_counters.o
LOAD build/radio/sx1276_rx_scan_fail.o
LOAD build/radio/sx1276_rx_scan_walker.o
LOAD build/radio/sx1276_tx.o
LOAD build/radio/sx1276.o
LOAD build/include/static_asserts.o
START GROUP
LOAD c:/program files (x86)/arm gnu toolchain arm-none-eabi/12.2 mpacbti-rel1/bin/../lib/gcc/arm-none-eabi/12.2.1/thumb/v6-m/nofp\libgcc.a
LOAD c:/program files (x86)/arm gnu toolchain arm-none-eabi/12.2 mpacbti-rel1/bin/../lib/gcc/arm-none-eabi/12.2.1/thumb/v6-m/nofp\libc_nano.a
END GROUP
START GROUP
LOAD c:/program files (x86)/arm gnu toolchain arm-none-eabi/12.2 mpacbti-rel1/bin/../lib/gcc/arm-none-eabi/12.2.1/thumb/v6-m/nofp\libgcc.a
LOAD c:/program files (x86)/arm gnu toolchain arm-none-eabi/12.2 mpacbti-rel1/bin/../lib/gcc/arm-none-eabi/12.2.1/thumb/v6-m/nofp\libc_nano.a
LOAD c:/program files (x86)/arm gnu toolchain arm-none-eabi/12.2 mpacbti-rel1/bin/../lib/gcc/arm-none-eabi/12.2.1/thumb/v6-m/nofp\libnosys.a
END GROUP
START GROUP
LOAD c:/program files (x86)/arm gnu toolchain arm-none-eabi/12.2 mpacbti-rel1/bin/../lib/gcc/arm-none-eabi/12.2.1/thumb/v6-m/nofp\libgcc.a
LOAD c:/program files (x86)/arm gnu toolchain arm-none-eabi/12.2 mpacbti-rel1/bin/../lib/gcc/arm-none-eabi/12.2.1/thumb/v6-m/nofp\libc_nano.a
LOAD c:/program files (x86)/arm gnu toolchain arm-none-eabi/12.2 mpacbti-rel1/bin/../lib/gcc/arm-none-eabi/12.2.1/thumb/v6-m/nofp\libnosys.a
END GROUP
                0x20005000                        _estack = 0x20005000
                0x00000a00                        _stack_size = 0xa00
                0x20004600                        _stack_bottom = 0x20004600
                0x08000000                        _app_start = 0x8000000
                0x08030000                        _app_end = 0x8030000
                0x0802e000                        _cfg_start = 0x802e000
                0x08030000                        _cfg_end = 0x8030000

.isr_vector     0x08000000       0xc4
                0x08000000                        . = ALIGN (0x4)
 *(.isr_vector)
 .isr_vector    0x08000000       0xc4 build/startup.o
                0x08000000                g_pfnVectors
                0x080000c4                        . = ALIGN (0x4)

.boot_rodata    0x080000c4       0x14
 .boot_rodata   0x080000c4       0x14 build/boot/safe_mode.o

.text           0x080000d8     0x5e1c
                0x080000d8                        . = ALIGN (0x4)
 *(.text)
 .text          0x080000d8       0x14 c:/program files (x86)/arm gnu toolchain arm-none-eabi/12.2 mpacbti-rel1/bin/../lib/gcc/arm-none-eabi/12.2.1/thumb/v6-m/nofp\libgcc.a(_thumb1_case_uqi.o)
                0x080000d8                __gnu_thumb1_case_uqi
 .text          0x080000ec      0x114 c:/program files (x86)/arm gnu toolchain arm-none-eabi/12.2 mpacbti-rel1/bin/../lib/gcc/arm-none-eabi/12.2.1/thumb/v6-m/nofp\libgcc.a(_udivsi3.o)
                0x080000ec                __aeabi_uidiv
                0x080000ec                __udivsi3
                0x080001f8                __aeabi_uidivmod
 .text          0x08000200        0x4 c:/program files (x86)/arm gnu toolchain arm-none-eabi/12.2 mpacbti-rel1/bin/../lib/gcc/arm-none-eabi/12.2.1/thumb/v6-m/nofp\libgcc.a(_dvmd_tls.o)
                0x08000200                __aeabi_idiv0
                0x08000200                __aeabi_ldiv0
 .text          0x08000204       0x18 c:/program files (x86)/arm gnu toolchain arm-none-eabi/12.2 mpacbti-rel1/bin/../lib/gcc/arm-none-eabi/12.2.1/thumb/v6-m/nofp\libgcc.a(_lshrdi3.o)
                0x08000204                __lshrdi3
                0x08000204                __aeabi_llsr
 .text          0x0800021c       0x18 c:/program files (x86)/arm gnu toolchain arm-none-eabi/12.2 mpacbti-rel1/bin/../lib/gcc/arm-none-eabi/12.2.1/thumb/v6-m/nofp\libgcc.a(_ashldi3.o)
                0x0800021c                __aeabi_llsl
                0x0800021c                __ashldi3
 .text          0x08000234       0x40 c:/program files (x86)/arm gnu toolchain arm-none-eabi/12.2 mpacbti-rel1/bin/../lib/gcc/arm-none-eabi/12.2.1/thumb/v6-m/nofp\libgcc.a(_aeabi_uldivmod.o)
                0x08000234                __aeabi_uldivmod
 .text          0x08000274       0x18 c:/program files (x86)/arm gnu toolchain arm-none-eabi/12.2 mpacbti-rel1/bin/../lib/gcc/arm-none-eabi/12.2.1/thumb/v6-m/nofp\libgcc.a(_clzdi2.o)
                0x08000274                __clzdi2
 .text          0x0800028c       0x3c c:/program files (x86)/arm gnu toolchain arm-none-eabi/12.2 mpacbti-rel1/bin/../lib/gcc/arm-none-eabi/12.2.1/thumb/v6-m/nofp\libgcc.a(_clzsi2.o)
                0x0800028c                __clzsi2
 .text          0x080002c8        0xe c:/program files (x86)/arm gnu toolchain arm-none-eabi/12.2 mpacbti-rel1/bin/../lib/gcc/arm-none-eabi/12.2.1/thumb/v6-m/nofp\libc_nano.a(libc_a-strlen.o)
                0x080002c8                strlen
 *(.text.*)
 *fill*         0x080002d6        0x2 
 .text.boot_diag_uart_init_19200
                0x080002d8       0x8c build/startup.o
 .text.boot_diag_uart_puts
                0x08000364       0x24 build/startup.o
 .text.HardFault_Handler
                0x08000388       0x14 build/startup.o
                0x08000388                HardFault_Handler
 .text.Default_Handler
                0x0800039c        0x4 build/startup.o
                0x0800039c                TSC_IRQHandler
                0x0800039c                ADC1_COMP_IRQHandler
                0x0800039c                PVD_IRQHandler
                0x0800039c                PendSV_Handler
                0x0800039c                I2C1_IRQHandler
                0x0800039c                SPI1_IRQHandler
                0x0800039c                TIM6_DAC_IRQHandler
                0x0800039c                EXTI2_3_IRQHandler
                0x0800039c                I2C2_IRQHandler
                0x0800039c                RTC_IRQHandler
                0x0800039c                LCD_IRQHandler
                0x0800039c                DMA1_Channel4_5_6_7_IRQHandler
                0x0800039c                TIM3_IRQHandler
                0x0800039c                RCC_IRQHandler
                0x0800039c                DMA1_Channel1_IRQHandler
                0x0800039c                USART4_5_IRQHandler
                0x0800039c                Default_Handler
                0x0800039c                TIM22_IRQHandler
                0x0800039c                TIM7_IRQHandler
                0x0800039c                USB_IRQHandler
                0x0800039c                I2C3_IRQHandler
                0x0800039c                SPI2_IRQHandler
                0x0800039c                SVC_Handler
                0x0800039c                CRS_IRQHandler
                0x0800039c                TIM21_IRQHandler
                0x0800039c                WWDG_IRQHandler
                0x0800039c                TIM2_IRQHandler
                0x0800039c                DMA1_Channel2_3_IRQHandler
                0x0800039c                USART2_IRQHandler
                0x0800039c                FLASH_IRQHandler
                0x0800039c                LPTIM1_IRQHandler
 .text.NMI_Handler
                0x080003a0       0x28 build/startup.o
                0x080003a0                NMI_Handler
 .text.HardFault_Handler_C
                0x080003c8       0x38 build/startup.o
                0x080003c8                HardFault_Handler_C
 .text.SystemInit
                0x08000400        0x2 build/startup.o
                0x08000400                SystemInit
 *fill*         0x08000402        0x2 
 .text.Reset_Handler
                0x08000404       0xa0 build/startup.o
                0x08000404                Reset_Handler
 .text.startup.main
                0x080004a4      0x21c build/main.o
                0x080004a4                main
 .text.platform_core_hz
                0x080006c0        0xc build/hal/platform.o
                0x080006c0                platform_core_hz
 .text.platform_reset_cause_capture_early
                0x080006cc       0x5c build/hal/platform.o
                0x080006cc                platform_reset_cause_capture_early
 .text.platform_reset_cause_take
                0x08000728       0x1c build/hal/platform.o
                0x08000728                platform_reset_cause_take
 .text.platform_clock_init_hsi16
                0x08000744      0x100 build/hal/platform.o
                0x08000744                platform_clock_init_hsi16
 .text.platform_clock_source_id
                0x08000844        0xc build/hal/platform.o
                0x08000844                platform_clock_source_id
 .text.platform_systick_init_1ms
                0x08000850       0x34 build/hal/platform.o
                0x08000850                platform_systick_init_1ms
 .text.platform_now_ms
                0x08000884        0xc build/hal/platform.o
                0x08000884                platform_now_ms
 .text.platform_now_us
                0x08000890       0x48 build/hal/platform.o
                0x08000890                platform_now_us
 .text.platform_delay_ms
                0x080008d8       0x14 build/hal/platform.o
                0x080008d8                platform_delay_ms
 .text.platform_diag_trace
                0x080008ec       0x40 build/hal/platform.o
                0x080008ec                platform_diag_trace
 .text.platform_irq_enable
                0x0800092c       0x3c build/hal/platform.o
                0x0800092c                platform_irq_enable
 .text.platform_system_reset
                0x08000968       0x10 build/hal/platform.o
                0x08000968                platform_system_reset
 .text.platform_fault_record
                0x08000978       0x28 build/hal/platform.o
                0x08000978                platform_fault_record
 .text.platform_fault_take_replay
                0x080009a0       0x3c build/hal/platform.o
                0x080009a0                platform_fault_take_replay
 .text.SysTick_Handler
                0x080009dc       0x10 build/hal/platform.o
                0x080009dc                SysTick_Handler
 .text.cfg_apply_unsupported
                0x080009ec        0x4 build/host/host_cfg.o
 .text.read_u64_le
                0x080009f0       0x2c build/host/host_cfg.o
 .text.cfg_find_index
                0x08000a1c       0x20 build/host/host_cfg.o
 .text.cfg_apply_tx_power_dbm
                0x08000a3c       0x14 build/host/host_cfg.o
 .text.cfg_active_erp_max_dbm
                0x08000a50       0x1c build/host/host_cfg.o
 .text.cfg_init
                0x08000a6c       0x80 build/host/host_cfg.o
                0x08000a6c                cfg_init
 .text.cfg_set  0x08000aec      0x2d0 build/host/host_cfg.o
                0x08000aec                cfg_set
 .text.cfg_get  0x08000dbc       0x60 build/host/host_cfg.o
                0x08000dbc                cfg_get
 .text.host_rx_frame_urc_pack
                0x08000e1c       0x98 build/host/host_rx_wire.o
                0x08000e1c                host_rx_frame_urc_pack
 .text.host_reg_write_allowed
                0x08000eb4       0x58 build/host/host_reg_gate.o
                0x08000eb4                host_reg_write_allowed
 .text.host_cfg_profile_tier_ceiling_dBm
                0x08000f0c       0x14 build/host/host_cfg_profile.o
                0x08000f0c                host_cfg_profile_tier_ceiling_dBm
 .text.host_cfg_profile_default_bw_hz
                0x08000f20       0x14 build/host/host_cfg_profile.o
                0x08000f20                host_cfg_profile_default_bw_hz
 .text.host_cfg_profile_reject_to_cfg_status
                0x08000f34       0x14 build/host/host_cfg_profile.o
                0x08000f34                host_cfg_profile_reject_to_cfg_status
 .text.host_cfg_profile_power_clamp
                0x08000f48       0x1c build/host/host_cfg_profile.o
                0x08000f48                host_cfg_profile_power_clamp
 .text.host_cfg_profile_validate
                0x08000f64       0xb4 build/host/host_cfg_profile.o
                0x08000f64                host_cfg_profile_validate
 .text.host_cfg_profile_reset
                0x08001018       0x3c build/host/host_cfg_profile.o
                0x08001018                host_cfg_profile_reset
 .text.host_cfg_profile_stage
                0x08001054       0x34 build/host/host_cfg_profile.o
                0x08001054                host_cfg_profile_stage
 .text.host_cfg_profile_activate
                0x08001088       0xa8 build/host/host_cfg_profile.o
                0x08001088                host_cfg_profile_activate
 .text.host_cfg_profile_active
                0x08001130        0x8 build/host/host_cfg_profile.o
                0x08001130                host_cfg_profile_active
 .text.host_cfg_wire_encode_ok
                0x08001138       0x28 build/host/host_cfg_wire.o
                0x08001138                host_cfg_wire_encode_ok
 .text.host_cfg_wire_encode_data
                0x08001160       0x3e build/host/host_cfg_wire.o
                0x08001160                host_cfg_wire_encode_data
 .text.at_get_u32_le
                0x0800119e       0x1c build/host/host_cmd.o
 .text.put_u32_le
                0x080011ba       0x10 build/host/host_cmd.o
 *fill*         0x080011ca        0x2 
 .text.handle_tx_frame
                0x080011cc       0xd8 build/host/host_cmd.o
 .text.at_send_ok
                0x080012a4       0x10 build/host/host_cmd.o
 .text.at_send_hex_nibble
                0x080012b4       0x20 build/host/host_cmd.o
 .text.host_send_fault_urc.part.0
                0x080012d4       0x56 build/host/host_cmd.o
 *fill*         0x0800132a        0x2 
 .text.at_send_u32
                0x0800132c       0x5c build/host/host_cmd.o
 .text.at_send_key_u32
                0x08001388       0x1c build/host/host_cmd.o
 .text.at_line_equals
                0x080013a4       0x72 build/host/host_cmd.o
 *fill*         0x08001416        0x2 
 .text.at_send_version_triplet
                0x08001418       0x30 build/host/host_cmd.o
 .text.host_cmd_emit_stats_snapshot
                0x08001448       0x22 build/host/host_cmd.o
                0x08001448                host_cmd_emit_stats_snapshot
 *fill*         0x0800146a        0x2 
 .text.host_cmd_init
                0x0800146c       0xd0 build/host/host_cmd.o
                0x0800146c                host_cmd_init
 .text.host_cmd_dispatch
                0x0800153c      0x340 build/host/host_cmd.o
                0x0800153c                host_cmd_dispatch
 .text.host_cmd_dispatch_at_line
                0x0800187c      0x454 build/host/host_cmd.o
                0x0800187c                host_cmd_dispatch_at_line
 .text.host_cmd_on_radio_events
                0x08001cd0        0x8 build/host/host_cmd.o
                0x08001cd0                host_cmd_on_radio_events
 .text.host_cmd_emit_tx_done
                0x08001cd8       0x2e build/host/host_cmd.o
                0x08001cd8                host_cmd_emit_tx_done
 *fill*         0x08001d06        0x2 
 .text.host_cmd_tx_mailbox_pending
                0x08001d08       0x10 build/host/host_cmd.o
                0x08001d08                host_cmd_tx_mailbox_pending
 .text.host_cmd_service_tx_mailbox
                0x08001d18       0x80 build/host/host_cmd.o
                0x08001d18                host_cmd_service_tx_mailbox
 .text.host_cmd_emit_fault
                0x08001d98       0x1c build/host/host_cmd.o
                0x08001d98                host_cmd_emit_fault
 .text.host_cmd_emit_rx_frame
                0x08001db4       0x28 build/host/host_cmd.o
                0x08001db4                host_cmd_emit_rx_frame
 .text.host_rfco_pertx_pack
                0x08001ddc       0x62 build/host/host_rfco.o
                0x08001ddc                host_rfco_pertx_pack
 *fill*         0x08001e3e        0x2 
 .text.host_rfco_blocked_attempts_record
                0x08001e40       0x2c build/host/host_rfco.o
                0x08001e40                host_rfco_blocked_attempts_record
 .text.host_rfco_blocked_attempts_snapshot_and_clear
                0x08001e6c       0x24 build/host/host_rfco.o
                0x08001e6c                host_rfco_blocked_attempts_snapshot_and_clear
 .text.host_rfco_pertx_window_record
                0x08001e90       0x24 build/host/host_rfco.o
                0x08001e90                host_rfco_pertx_window_record
 .text.host_rfco_pertx_emit
                0x08001eb4       0x4a build/host/host_rfco.o
                0x08001eb4                host_rfco_pertx_emit
 *fill*         0x08001efe        0x2 
 .text.host_rfco_pertx_count_in_window_snapshot_and_clear
                0x08001f00       0x18 build/host/host_rfco.o
                0x08001f00                host_rfco_pertx_count_in_window_snapshot_and_clear
 .text.host_rfco_last_clamp_reason_snapshot_and_clear
                0x08001f18       0x10 build/host/host_rfco.o
                0x08001f18                host_rfco_last_clamp_reason_snapshot_and_clear
 .text.host_rfco_summary_pack
                0x08001f28       0xe8 build/host/host_rfco_summary.o
                0x08001f28                host_rfco_summary_pack
 .text.host_rfco_summary_emit
                0x08002010       0xf8 build/host/host_rfco_summary_emit.o
                0x08002010                host_rfco_summary_emit
 .text.host_rfco_summary_tick
                0x08002108       0x3c build/host/host_rfco_summary_emit.o
                0x08002108                host_rfco_summary_tick
 .text.put_u32_le
                0x08002144       0x10 build/host/host_stats.o
 .text.host_stats_reset
                0x08002154       0xcc build/host/host_stats.o
                0x08002154                host_stats_reset
 .text.host_stats_tx_fifo_rb_ok
                0x08002220       0x10 build/host/host_stats.o
                0x08002220                host_stats_tx_fifo_rb_ok
 .text.host_stats_tx_fifo_rb_bad
                0x08002230       0x10 build/host/host_stats.o
                0x08002230                host_stats_tx_fifo_rb_bad
 .text.host_stats_tx_done_early
                0x08002240       0x10 build/host/host_stats.o
                0x08002240                host_stats_tx_done_early
 .text.host_stats_radio_rx_ok
                0x08002250       0x10 build/host/host_stats.o
                0x08002250                host_stats_radio_rx_ok
 .text.host_stats_radio_crc_err
                0x08002260       0x10 build/host/host_stats.o
                0x08002260                host_stats_radio_crc_err
 .text.host_stats_radio_tx_ok
                0x08002270       0x10 build/host/host_stats.o
                0x08002270                host_stats_radio_tx_ok
 .text.host_stats_radio_tx_abort_lbt
                0x08002280       0x10 build/host/host_stats.o
                0x08002280                host_stats_radio_tx_abort_lbt
 .text.host_stats_radio_tx_abort_airtime
                0x08002290       0x10 build/host/host_stats.o
                0x08002290                host_stats_radio_tx_abort_airtime
 .text.host_stats_rx_urc_lost_add
                0x080022a0       0x18 build/host/host_stats.o
                0x080022a0                host_stats_rx_urc_lost_add
 .text.host_stats_rx_pretx_drained_add
                0x080022b8       0x18 build/host/host_stats.o
                0x080022b8                host_stats_rx_pretx_drained_add
 .text.host_stats_note_radio_events
                0x080022d0       0x44 build/host/host_stats.o
                0x080022d0                host_stats_note_radio_events
 .text.host_stats_rx_fifo_skip
                0x08002314       0x14 build/host/host_stats.o
                0x08002314                host_stats_rx_fifo_skip
 .text.host_stats_tx_deaf_note
                0x08002328       0x3c build/host/host_stats.o
                0x08002328                host_stats_tx_deaf_note
 .text.host_stats_fhss_dec_note
                0x08002364       0x18 build/host/host_stats.o
                0x08002364                host_stats_fhss_dec_note
 .text.host_stats_clk_demotion_note
                0x0800237c       0x1c build/host/host_stats.o
                0x0800237c                host_stats_clk_demotion_note
 .text.host_stats_tx_first_anchor
                0x08002398       0x14 build/host/host_stats.o
                0x08002398                host_stats_tx_first_anchor
 .text.host_stats_tx_stream_streak_note
                0x080023ac       0x10 build/host/host_stats.o
                0x080023ac                host_stats_tx_stream_streak_note
 .text.host_stats_serialize
                0x080023bc      0x2e8 build/host/host_stats.o
                0x080023bc                host_stats_serialize
 .text.host_rx_urc_lost_eval
                0x080026a4       0x12 build/host/host_rx_urc_lost.o
                0x080026a4                host_rx_urc_lost_eval
 *fill*         0x080026b6        0x2 
 .text.host_uart_note_trace
                0x080026b8       0x10 build/host/host_uart.o
 .text.crc16_ccitt
                0x080026c8       0x3c build/host/host_uart.o
 .text.usart2_write_byte
                0x08002704       0x18 build/host/host_uart.o
 .text.usart2_write_bytes
                0x0800271c       0x24 build/host/host_uart.o
 .text.host_uart_send_urc.part.0
                0x08002740      0x120 build/host/host_uart.o
 .text.process_encoded_frame
                0x08002860      0x1f0 build/host/host_uart.o
 .text.ingest_binary_byte
                0x08002a50       0x6c build/host/host_uart.o
 .text.gpio_set_alt.constprop.0
                0x08002abc       0x70 build/host/host_uart.o
 .text.rx_ring_push.isra.0
                0x08002b2c       0x40 build/host/host_uart.o
 .text.at_replay_candidate_to_binary
                0x08002b6c       0x30 build/host/host_uart.o
 .text.host_uart_poll_dma
                0x08002b9c      0x164 build/host/host_uart.o
                0x08002b9c                host_uart_poll_dma
 .text.host_uart_service_rx
                0x08002d00      0x13c build/host/host_uart.o
                0x08002d00                host_uart_service_rx
 .text.host_uart_flush_diag_traces
                0x08002e3c       0xd4 build/host/host_uart.o
                0x08002e3c                host_uart_flush_diag_traces
 .text.host_uart_pop_frame
                0x08002f10       0x54 build/host/host_uart.o
                0x08002f10                host_uart_pop_frame
 .text.host_uart_send_urc
                0x08002f64       0x2c build/host/host_uart.o
                0x08002f64                host_uart_send_urc
 .text.host_uart_send_ascii
                0x08002f90       0x24 build/host/host_uart.o
                0x08002f90                host_uart_send_ascii
 .text.host_uart_send_err_proto
                0x08002fb4       0x2a build/host/host_uart.o
                0x08002fb4                host_uart_send_err_proto
 *fill*         0x08002fde        0x2 
 .text.host_uart_stats_reset
                0x08002fe0      0x100 build/host/host_uart.o
                0x08002fe0                host_uart_stats_reset
 .text.host_uart_init
                0x080030e0      0x198 build/host/host_uart.o
                0x080030e0                host_uart_init
 .text.host_uart_stats_dropped
                0x08003278        0xc build/host/host_uart.o
                0x08003278                host_uart_stats_dropped
 .text.host_uart_stats_errors
                0x08003284        0xc build/host/host_uart.o
                0x08003284                host_uart_stats_errors
 .text.host_uart_stats_queue_full
                0x08003290        0xc build/host/host_uart.o
                0x08003290                host_uart_stats_queue_full
 .text.host_uart_stats_irq_idle
                0x0800329c        0xc build/host/host_uart.o
                0x0800329c                host_uart_stats_irq_idle
 .text.host_uart_stats_irq_ht
                0x080032a8        0xc build/host/host_uart.o
                0x080032a8                host_uart_stats_irq_ht
 .text.host_uart_stats_irq_tc
                0x080032b4        0xc build/host/host_uart.o
                0x080032b4                host_uart_stats_irq_tc
 .text.host_uart_stats_irq_te
                0x080032c0        0xc build/host/host_uart.o
                0x080032c0                host_uart_stats_irq_te
 .text.host_uart_stats_rx_bytes
                0x080032cc        0xc build/host/host_uart.o
                0x080032cc                host_uart_stats_rx_bytes
 .text.host_uart_stats_rx_lpuart_bytes
                0x080032d8        0xc build/host/host_uart.o
                0x080032d8                host_uart_stats_rx_lpuart_bytes
 .text.host_uart_stats_rx_usart1_bytes
                0x080032e4        0xc build/host/host_uart.o
                0x080032e4                host_uart_stats_rx_usart1_bytes
 .text.host_uart_stats_parse_ok
                0x080032f0        0xc build/host/host_uart.o
                0x080032f0                host_uart_stats_parse_ok
 .text.host_uart_stats_parse_err
                0x080032fc        0xc build/host/host_uart.o
                0x080032fc                host_uart_stats_parse_err
 .text.host_uart_stats_uart_err_lpuart
                0x08003308        0xc build/host/host_uart.o
                0x08003308                host_uart_stats_uart_err_lpuart
 .text.host_uart_stats_uart_err_usart1
                0x08003314        0xc build/host/host_uart.o
                0x08003314                host_uart_stats_uart_err_usart1
 .text.host_uart_stats_uart_pe_lpuart
                0x08003320        0xc build/host/host_uart.o
                0x08003320                host_uart_stats_uart_pe_lpuart
 .text.host_uart_stats_uart_fe_lpuart
                0x0800332c        0xc build/host/host_uart.o
                0x0800332c                host_uart_stats_uart_fe_lpuart
 .text.host_uart_stats_uart_ne_lpuart
                0x08003338        0xc build/host/host_uart.o
                0x08003338                host_uart_stats_uart_ne_lpuart
 .text.host_uart_stats_uart_ore_lpuart
                0x08003344        0xc build/host/host_uart.o
                0x08003344                host_uart_stats_uart_ore_lpuart
 .text.host_uart_stats_uart_pe_usart1
                0x08003350        0xc build/host/host_uart.o
                0x08003350                host_uart_stats_uart_pe_usart1
 .text.host_uart_stats_uart_fe_usart1
                0x0800335c        0xc build/host/host_uart.o
                0x0800335c                host_uart_stats_uart_fe_usart1
 .text.host_uart_stats_uart_ne_usart1
                0x08003368        0xc build/host/host_uart.o
                0x08003368                host_uart_stats_uart_ne_usart1
 .text.host_uart_stats_uart_ore_usart1
                0x08003374        0xc build/host/host_uart.o
                0x08003374                host_uart_stats_uart_ore_usart1
 .text.host_uart_stats_rx_ring_ovf
                0x08003380        0xc build/host/host_uart.o
                0x08003380                host_uart_stats_rx_ring_ovf
 .text.host_uart_take_dma_te_events
                0x0800338c       0x18 build/host/host_uart.o
                0x0800338c                host_uart_take_dma_te_events
 .text.host_uart_take_rx_seen_flags
                0x080033a4       0x1c build/host/host_uart.o
                0x080033a4                host_uart_take_rx_seen_flags
 .text.host_uart_note_diag_mark
                0x080033c0       0x1c build/host/host_uart.o
                0x080033c0                host_uart_note_diag_mark
 .text.host_uart_take_diag_marks
                0x080033dc       0x1c build/host/host_uart.o
                0x080033dc                host_uart_take_diag_marks
 .text.RNG_LPUART1_IRQHandler
                0x080033f8       0xe0 build/host/host_uart.o
                0x080033f8                RNG_LPUART1_IRQHandler
 .text.USART1_IRQHandler
                0x080034d8       0xe0 build/host/host_uart.o
                0x080034d8                USART1_IRQHandler
 .text.sx1276_airtime_set_budget_us
                0x080035b8       0x24 build/radio/sx1276_airtime.o
                0x080035b8                sx1276_airtime_set_budget_us
 .text.sx1276_airtime_compute_toa_us
                0x080035dc       0xd0 build/radio/sx1276_airtime.o
                0x080035dc                sx1276_airtime_compute_toa_us
 .text.sx1276_airtime_config_invariant_ok
                0x080036ac       0x48 build/radio/sx1276_airtime.o
                0x080036ac                sx1276_airtime_config_invariant_ok
 .text.sx1276_airtime_estimate_toa_us
                0x080036f4       0x94 build/radio/sx1276_airtime.o
                0x080036f4                sx1276_airtime_estimate_toa_us
 .text.sx1276_airtime_reserve
                0x08003788       0x58 build/radio/sx1276_airtime.o
                0x08003788                sx1276_airtime_reserve
 .text.sx1276_airtime_release
                0x080037e0       0x20 build/radio/sx1276_airtime.o
                0x080037e0                sx1276_airtime_release
 .text.sx1276_airtime_commit
                0x08003800       0x44 build/radio/sx1276_airtime.o
                0x08003800                sx1276_airtime_commit
 .text.sx1276_cad_begin
                0x08003844       0x28 build/radio/sx1276_cad.o
                0x08003844                sx1276_cad_begin
 .text.sx1276_cad_abort
                0x0800386c       0x20 build/radio/sx1276_cad.o
                0x0800386c                sx1276_cad_abort
 .text.sx1276_cad_poll
                0x0800388c       0x40 build/radio/sx1276_cad.o
                0x0800388c                sx1276_cad_poll
 .text.lora_pkt_hdr_pack
                0x080038cc       0x30 build/radio/lora_pkt_hdr.o
                0x080038cc                lora_pkt_hdr_pack
 .text.lora_pkt_hdr_unpack
                0x080038fc       0x40 build/radio/lora_pkt_hdr.o
                0x080038fc                lora_pkt_hdr_unpack
 .text.sx1276_fhss_chantab_center_hz
                0x0800393c       0x1c build/radio/sx1276_fhss_chantab.o
                0x0800393c                sx1276_fhss_chantab_center_hz
 .text.sx1276_fhss_compute_seed
                0x08003958       0x54 build/radio/sx1276_fhss.o
                0x08003958                sx1276_fhss_compute_seed
 .text.sx1276_fhss_compute_permutation
                0x080039ac       0x4c build/radio/sx1276_fhss.o
                0x080039ac                sx1276_fhss_compute_permutation
 .text.rebuild_epoch_permutation
                0x080039f8       0x2c build/radio/sx1276_fhss.o
 .text.sx1276_fhss_reset
                0x08003a24       0x14 build/radio/sx1276_fhss.o
                0x08003a24                sx1276_fhss_reset
 .text.sx1276_fhss_init
                0x08003a38       0x40 build/radio/sx1276_fhss.o
                0x08003a38                sx1276_fhss_init
 .text.sx1276_fhss_next_channel
                0x08003a78       0x90 build/radio/sx1276_fhss.o
                0x08003a78                sx1276_fhss_next_channel
 .text.sx1276_fhss_snap_to
                0x08003b08       0x34 build/radio/sx1276_fhss.o
                0x08003b08                sx1276_fhss_snap_to
 .text.sx1276_fhss_consider_remote
                0x08003b3c       0x60 build/radio/sx1276_fhss.o
                0x08003b3c                sx1276_fhss_consider_remote
 .text.sx1276_fhss_active_count
                0x08003b9c       0x40 build/radio/sx1276_fhss.o
                0x08003b9c                sx1276_fhss_active_count
 .text.sx1276_fhss_record_lbt_block
                0x08003bdc       0x1c build/radio/sx1276_fhss.o
                0x08003bdc                sx1276_fhss_record_lbt_block
 .text.sx1276_fhss_record_hop
                0x08003bf8       0x20 build/radio/sx1276_fhss.o
                0x08003bf8                sx1276_fhss_record_hop
 .text.sx1276_fhss_hop_count_snapshot_and_clear
                0x08003c18       0x2c build/radio/sx1276_fhss.o
                0x08003c18                sx1276_fhss_hop_count_snapshot_and_clear
 .text.sx1276_fhss_current_epoch
                0x08003c44        0xc build/radio/sx1276_fhss.o
                0x08003c44                sx1276_fhss_current_epoch
 .text.sx1276_fhss_current_slot
                0x08003c50        0xc build/radio/sx1276_fhss.o
                0x08003c50                sx1276_fhss_current_slot
 .text.sx1276_fhss_is_initialized
                0x08003c5c        0xc build/radio/sx1276_fhss.o
                0x08003c5c                sx1276_fhss_is_initialized
 .text.sx1276_fhss_clock_reset
                0x08003c68       0x10 build/radio/sx1276_fhss_clock.o
                0x08003c68                sx1276_fhss_clock_reset
 .text.sx1276_fhss_clock_anchor
                0x08003c78       0x10 build/radio/sx1276_fhss_clock.o
                0x08003c78                sx1276_fhss_clock_anchor
 .text.sx1276_fhss_clock_valid
                0x08003c88        0xc build/radio/sx1276_fhss_clock.o
                0x08003c88                sx1276_fhss_clock_valid
 .text.sx1276_fhss_clock_abs_slot
                0x08003c94       0x18 build/radio/sx1276_fhss_clock.o
                0x08003c94                sx1276_fhss_clock_abs_slot
 .text.sx1276_fhss_clock_in_slot_ms
                0x08003cac       0x18 build/radio/sx1276_fhss_clock.o
                0x08003cac                sx1276_fhss_clock_in_slot_ms
 .text.sx1276_fhss_clock_anchor_rx
                0x08003cc4       0x28 build/radio/sx1276_fhss_clock.o
                0x08003cc4                sx1276_fhss_clock_anchor_rx
 .text.sx1276_fhss_clock_age_ms
                0x08003cec        0xc build/radio/sx1276_fhss_clock.o
                0x08003cec                sx1276_fhss_clock_age_ms
 .text.sx1276_fhss_clock_rx_leads
                0x08003cf8       0x2c build/radio/sx1276_fhss_clock.o
                0x08003cf8                sx1276_fhss_clock_rx_leads
 .text.sx1276_fhss_authority_reset
                0x08003d24       0x14 build/radio/sx1276_fhss_authority.o
                0x08003d24                sx1276_fhss_authority_reset
 .text.sx1276_fhss_authority_note_tx
                0x08003d38       0x38 build/radio/sx1276_fhss_authority.o
                0x08003d38                sx1276_fhss_authority_note_tx
 .text.sx1276_fhss_authority_note_adopt
                0x08003d70        0xc build/radio/sx1276_fhss_authority.o
                0x08003d70                sx1276_fhss_authority_note_adopt
 .text.sx1276_fhss_authority_streak
                0x08003d7c        0xc build/radio/sx1276_fhss_authority.o
                0x08003d7c                sx1276_fhss_authority_streak
 .text.sx1276_fhss_authority_is_originator
                0x08003d88       0x34 build/radio/sx1276_fhss_authority.o
                0x08003d88                sx1276_fhss_authority_is_originator
 .text.sx1276_rx_grid_reset
                0x08003dbc       0x18 build/radio/sx1276_rx_grid_policy.o
                0x08003dbc                sx1276_rx_grid_reset
 .text.sx1276_rx_grid_consider
                0x08003dd4       0x84 build/radio/sx1276_rx_grid_policy.o
                0x08003dd4                sx1276_rx_grid_consider
 .text.sx1276_rx_grid_adopt
                0x08003e58       0x18 build/radio/sx1276_rx_grid_policy.o
                0x08003e58                sx1276_rx_grid_adopt
 .text.sx1276_rx_grid_on_demotion
                0x08003e70       0x20 build/radio/sx1276_rx_grid_policy.o
                0x08003e70                sx1276_rx_grid_on_demotion
 .text.lbt_arm_backoff
                0x08003e90       0x38 build/radio/sx1276_lbt.o
 .text.cfg_read_u8
                0x08003ec8       0x30 build/radio/sx1276_lbt.o
 .text.sx1276_lbt_check_and_backoff
                0x08003ef8      0x108 build/radio/sx1276_lbt.o
                0x08003ef8                sx1276_lbt_check_and_backoff
 .text.sx1276_legal_dwell_used_us
                0x08004000       0x50 build/radio/sx1276_legal_dwell.o
                0x08004000                sx1276_legal_dwell_used_us
 .text.sx1276_legal_dwell_reserve
                0x08004050       0xc4 build/radio/sx1276_legal_dwell.o
                0x08004050                sx1276_legal_dwell_reserve
 .text.sx1276_legal_dwell_reconcile
                0x08004114       0x34 build/radio/sx1276_legal_dwell.o
                0x08004114                sx1276_legal_dwell_reconcile
 .text.sx1276_legal_dwell_peak_us_snapshot_and_clear
                0x08004148       0x20 build/radio/sx1276_legal_dwell.o
                0x08004148                sx1276_legal_dwell_peak_us_snapshot_and_clear
 .text.mode_desc_for_state
                0x08004168       0x30 build/radio/sx1276_modes.o
 .text.sx1276_delay_us
                0x08004198       0x16 build/radio/sx1276_modes.o
 *fill*         0x080041ae        0x2 
 .text.sx1276_modes_apply
                0x080041b0       0xb8 build/radio/sx1276_modes.o
 .text.sx1276_modes_get_state
                0x08004268        0xc build/radio/sx1276_modes.o
                0x08004268                sx1276_modes_get_state
 .text.sx1276_modes_sync_external
                0x08004274       0x34 build/radio/sx1276_modes.o
                0x08004274                sx1276_modes_sync_external
 .text.sx1276_modes_to_sleep
                0x080042a8        0xe build/radio/sx1276_modes.o
                0x080042a8                sx1276_modes_to_sleep
 .text.sx1276_modes_to_standby
                0x080042b6        0xe build/radio/sx1276_modes.o
                0x080042b6                sx1276_modes_to_standby
 .text.sx1276_modes_to_tx
                0x080042c4        0xe build/radio/sx1276_modes.o
                0x080042c4                sx1276_modes_to_tx
 .text.sx1276_modes_to_rx_cont
                0x080042d2        0xe build/radio/sx1276_modes.o
                0x080042d2                sx1276_modes_to_rx_cont
 .text.sx1276_modes_to_cad
                0x080042e0       0x16 build/radio/sx1276_modes.o
                0x080042e0                sx1276_modes_to_cad
 *fill*         0x080042f6        0x2 
 .text.sx1276_modes_init
                0x080042f8       0x48 build/radio/sx1276_modes.o
                0x080042f8                sx1276_modes_init
 .text.rx_pll_settle_busy_wait.constprop.0
                0x08004340       0x18 build/radio/sx1276_rx.o
 .text.sx1276_rx_arm
                0x08004358       0x34 build/radio/sx1276_rx.o
                0x08004358                sx1276_rx_arm
 .text.scan_dispatch_action
                0x0800438c       0xcc build/radio/sx1276_rx.o
 .text.scan_drive
                0x08004458       0xac build/radio/sx1276_rx.o
 .text.scan_feed_frame
                0x08004504       0x18 build/radio/sx1276_rx.o
 .text.sx1276_rx_disarm
                0x0800451c        0x8 build/radio/sx1276_rx.o
                0x0800451c                sx1276_rx_disarm
 .text.sx1276_rx_note_external_arm
                0x08004524       0x10 build/radio/sx1276_rx.o
                0x08004524                sx1276_rx_note_external_arm
 .text.sx1276_rx_service
                0x08004534      0x214 build/radio/sx1276_rx.o
                0x08004534                sx1276_rx_service
 .text.sx1276_rx_tick
                0x08004748       0x8c build/radio/sx1276_rx.o
                0x08004748                sx1276_rx_tick
 .text.sx1276_rx_scan_tick
                0x080047d4        0xe build/radio/sx1276_rx.o
                0x080047d4                sx1276_rx_scan_tick
 *fill*         0x080047e2        0x2 
 .text.sx1276_rx_slot_follow
                0x080047e4       0x8c build/radio/sx1276_rx.o
                0x080047e4                sx1276_rx_slot_follow
 .text.sx1276_rx_scan_reset
                0x08004870       0x3c build/radio/sx1276_rx.o
                0x08004870                sx1276_rx_scan_reset
 .text.sx1276_rx_fifo_track_reset
                0x080048ac        0xc build/radio/sx1276_rx_fifo_track.o
                0x080048ac                sx1276_rx_fifo_track_reset
 .text.sx1276_rx_fifo_track_note
                0x080048b8       0x22 build/radio/sx1276_rx_fifo_track.o
                0x080048b8                sx1276_rx_fifo_track_note
 *fill*         0x080048da        0x2 
 .text.sx1276_rx_counter_record
                0x080048dc       0x18 build/radio/sx1276_rx_counters.o
                0x080048dc                sx1276_rx_counter_record
 .text.sx1276_rx_retune_eval
                0x080048f4       0x26 build/radio/sx1276_rx_retune_policy.o
                0x080048f4                sx1276_rx_retune_eval
 *fill*         0x0800491a        0x2 
 .text.sx1276_rx_retune_counter_record
                0x0800491c       0x18 build/radio/sx1276_rx_retune_counters.o
                0x0800491c                sx1276_rx_retune_counter_record
 .text.sx1276_rx_scan_eval
                0x08004934       0xac build/radio/sx1276_rx_scan_policy.o
                0x08004934                sx1276_rx_scan_eval
 .text.sx1276_rx_scan_counter_record
                0x080049e0       0x30 build/radio/sx1276_rx_scan_counters.o
                0x080049e0                sx1276_rx_scan_counter_record
 .text.sx1276_rx_scan_fail_eval
                0x08004a10       0x5e build/radio/sx1276_rx_scan_fail.o
                0x08004a10                sx1276_rx_scan_fail_eval
 *fill*         0x08004a6e        0x2 
 .text.sx1276_rx_scan_walker_reset
                0x08004a70        0xc build/radio/sx1276_rx_scan_walker.o
                0x08004a70                sx1276_rx_scan_walker_reset
 .text.sx1276_rx_scan_walker_next
                0x08004a7c       0x28 build/radio/sx1276_rx_scan_walker.o
                0x08004a7c                sx1276_rx_scan_walker_next
 .text.tx_emit_rfco_pertx
                0x08004aa4       0x70 build/radio/sx1276_tx.o
 .text.sx1276_tx_cleanup
                0x08004b14       0x70 build/radio/sx1276_tx.o
 .text.sx1276_tx_begin
                0x08004b84      0x3b4 build/radio/sx1276_tx.o
                0x08004b84                sx1276_tx_begin
 .text.sx1276_tx_poll
                0x08004f38      0x1a0 build/radio/sx1276_tx.o
                0x08004f38                sx1276_tx_poll
 .text.sx1276_tx_busy
                0x080050d8       0x10 build/radio/sx1276_tx.o
                0x080050d8                sx1276_tx_busy
 .text.sx1276_tx_slot_wait_us
                0x080050e8       0x6c build/radio/sx1276_tx.o
                0x080050e8                sx1276_tx_slot_wait_us
 .text.gpio_mode_output
                0x08005154       0x32 build/radio/sx1276.o
 .text.gpio_mode_input
                0x08005186       0x14 build/radio/sx1276.o
 *fill*         0x0800519a        0x2 
 .text.spi1_transfer
                0x0800519c       0x2c build/radio/sx1276.o
 .text.sx1276_select
                0x080051c8       0x18 build/radio/sx1276.o
 .text.sx1276_radio_reset
                0x080051e0       0x34 build/radio/sx1276.o
                0x080051e0                sx1276_radio_reset
 .text.sx1276_read_reg
                0x08005214       0x24 build/radio/sx1276.o
                0x08005214                sx1276_read_reg
 .text.sx1276_write_reg
                0x08005238       0x22 build/radio/sx1276.o
                0x08005238                sx1276_write_reg
 .text.sx1276_read_burst
                0x0800525a       0x2e build/radio/sx1276.o
                0x0800525a                sx1276_read_burst
 .text.sx1276_write_burst
                0x08005288       0x2e build/radio/sx1276.o
                0x08005288                sx1276_write_burst
 .text.sx1276_read_version
                0x080052b6        0xa build/radio/sx1276.o
                0x080052b6                sx1276_read_version
 .text.sx1276_set_frequency_hz
                0x080052c0       0x34 build/radio/sx1276.o
                0x080052c0                sx1276_set_frequency_hz
 .text.sx1276_set_tx_power_dbm
                0x080052f4       0x26 build/radio/sx1276.o
                0x080052f4                sx1276_set_tx_power_dbm
 *fill*         0x0800531a        0x2 
 .text.sx1276_set_sf_bw_cr_checked
                0x0800531c      0x150 build/radio/sx1276.o
                0x0800531c                sx1276_set_sf_bw_cr_checked
 .text.sx1276_set_sf_bw_cr
                0x0800546c        0x8 build/radio/sx1276.o
                0x0800546c                sx1276_set_sf_bw_cr
 .text.sx1276_init
                0x08005474      0x268 build/radio/sx1276.o
                0x08005474                sx1276_init
 .text.sx1276_take_irq_events
                0x080056dc       0x18 build/radio/sx1276.o
                0x080056dc                sx1276_take_irq_events
 .text.sx1276_take_dio0_edges
                0x080056f4       0x18 build/radio/sx1276.o
                0x080056f4                sx1276_take_dio0_edges
 .text.sx1276_peek_dio0_edges
                0x0800570c        0xc build/radio/sx1276.o
                0x0800570c                sx1276_peek_dio0_edges
 .text.EXTI0_1_IRQHandler
                0x08005718       0x38 build/radio/sx1276.o
                0x08005718                EXTI0_1_IRQHandler
 .text.EXTI4_15_IRQHandler
                0x08005750       0x48 build/radio/sx1276.o
                0x08005750                EXTI4_15_IRQHandler
 .text.__udivmoddi4
                0x08005798      0x198 c:/program files (x86)/arm gnu toolchain arm-none-eabi/12.2 mpacbti-rel1/bin/../lib/gcc/arm-none-eabi/12.2.1/thumb/v6-m/nofp\libgcc.a(_udivmoddi4.o)
                0x08005798                __udivmoddi4
 .text.memcmp   0x08005930       0x1c c:/program files (x86)/arm gnu toolchain arm-none-eabi/12.2 mpacbti-rel1/bin/../lib/gcc/arm-none-eabi/12.2.1/thumb/v6-m/nofp\libc_nano.a(libc_a-memcmp.o)
                0x08005930                memcmp
 .text.memset   0x0800594c       0x10 c:/program files (x86)/arm gnu toolchain arm-none-eabi/12.2 mpacbti-rel1/bin/../lib/gcc/arm-none-eabi/12.2.1/thumb/v6-m/nofp\libc_nano.a(libc_a-memset.o)
                0x0800594c                memset
 .text.memcpy   0x0800595c       0x12 c:/program files (x86)/arm gnu toolchain arm-none-eabi/12.2 mpacbti-rel1/bin/../lib/gcc/arm-none-eabi/12.2.1/thumb/v6-m/nofp\libc_nano.a(libc_a-memcpy-stub.o)
                0x0800595c                memcpy
 *(.rodata)
 *(.rodata.*)
 .rodata.NMI_Handler.str1.1
                0x0800596e        0xe build/startup.o
 .rodata.Reset_Handler.str1.1
                0x0800597c       0x36 build/startup.o
 .rodata.main.str1.1
                0x080059b2       0x11 build/main.o
 *fill*         0x080059c3        0x1 
 .rodata.k_cfg_desc
                0x080059c4      0x190 build/host/host_cfg.o
 .rodata.CSWTCH.6
                0x08005b54        0xa build/host/host_cfg_profile.o
 *fill*         0x08005b5e        0x2 
 .rodata.CSWTCH.4
                0x08005b60        0xc build/host/host_cfg_profile.o
 .rodata.at_send_ok.str1.1
                0x08005b6c       0x11 build/host/host_cmd.o
                                  0x5 (size before relaxing)
 .rodata.at_send_u32.str1.1
                0x08005b6c       0x11 build/host/host_cmd.o
                                  0x2 (size before relaxing)
 .rodata.at_send_key_u32.str1.1
                0x08005b6c       0x11 build/host/host_cmd.o
                                  0x2 (size before relaxing)
 .rodata.at_send_version_triplet.str1.1
                0x08005b6c        0x2 build/host/host_cmd.o
 .rodata.host_cmd_init.str1.1
                0x08005b6e       0x5a build/host/host_cmd.o
 .rodata.host_cmd_dispatch.str1.1
                0x08005bc8       0x4d build/host/host_cmd.o
 .rodata.host_cmd_dispatch_at_line.str1.1
                0x08005c15      0x203 build/host/host_cmd.o
                                0x209 (size before relaxing)
 .rodata.host_uart_flush_diag_traces.str1.1
                0x08005e18       0xba build/host/host_uart.o
 .rodata.k_mode_descs
                0x08005ed2       0x1e build/radio/sx1276_modes.o
 .rodata.sx1276_rx_service.cst1
                0x08005ef0        0x1 build/radio/sx1276_rx.o
 .rodata.sx1276_tx_slot_wait_us.cst1
                0x08005ef1        0x1 build/radio/sx1276_tx.o
 *(.glue_7)
 .glue_7        0x08005ef2        0x0 linker stubs
 *(.glue_7t)
 .glue_7t       0x08005ef2        0x0 linker stubs
 *(.eh_frame)
                0x08005ef4                        . = ALIGN (0x4)
 *fill*         0x08005ef2        0x2 
                0x08005ef4                        _etext = .

.vfp11_veneer   0x08005ef4        0x0
 .vfp11_veneer  0x08005ef4        0x0 linker stubs

.v4_bx          0x08005ef4        0x0
 .v4_bx         0x08005ef4        0x0 linker stubs

.iplt           0x08005ef4        0x0
 .iplt          0x08005ef4        0x0 build/startup.o

.boot_text      0x08005ef4      0x20c
 .boot_text     0x08005ef4      0x20c build/boot/safe_mode.o
                0x08005ef4                jump_to_bootloader
                0x08005f6c                safe_mode_listen

.ARM.extab
 *(.ARM.extab* .gnu.linkonce.armextab.*)

.ARM            0x08006100        0x8
                0x08006100                        __exidx_start = .
 *(.ARM.exidx*)
 .ARM.exidx.text.__udivmoddi4
                0x08006100        0x8 c:/program files (x86)/arm gnu toolchain arm-none-eabi/12.2 mpacbti-rel1/bin/../lib/gcc/arm-none-eabi/12.2.1/thumb/v6-m/nofp\libgcc.a(_udivmoddi4.o)
                0x08006108                        __exidx_end = .
                0x08006108                        _sidata = LOADADDR (.data)

.rel.dyn        0x08006108        0x0
 .rel.iplt      0x08006108        0x0 build/startup.o

.data           0x20000000       0x14 load address 0x08006108
                0x20000000                        . = ALIGN (0x4)
                0x20000000                        _sdata = .
 *(.data)
 *(.data.*)
 .data.s_clock_source_id
                0x20000000        0x1 build/hal/platform.o
 *fill*         0x20000001        0x3 
 .data.s_core_hz
                0x20000004        0x4 build/hal/platform.o
 .data.s_last_clamp_reason
                0x20000008        0x1 build/host/host_rfco.o
 .data.s_first_since_boot
                0x20000009        0x1 build/host/host_rfco_summary_emit.o
 *fill*         0x2000000a        0x2 
 .data.s_budget_cap_us
                0x2000000c        0x4 build/radio/sx1276_airtime.o
 .data.s_legal_dwell_handle
                0x20000010        0x2 build/radio/sx1276_tx.o
                0x20000014                        . = ALIGN (0x4)
 *fill*         0x20000012        0x2 
                0x20000014                        _edata = .

.igot.plt       0x20000014        0x0 load address 0x0800611c
 .igot.plt      0x20000014        0x0 build/startup.o

.noinit         0x20000014       0x18 load address 0x0800611c
                0x20000014                        . = ALIGN (0x4)
 *(.noinit)
 .noinit        0x20000014       0x18 build/hal/platform.o
 *(.noinit.*)
                0x2000002c                        . = ALIGN (0x4)

.bss            0x20000030     0x1a28 load address 0x0800611c
                0x20000030                        . = ALIGN (0x4)
                0x20000030                        _sbss = .
                0x20000030                        __bss_start__ = _sbss
 *(.bss)
 *(.bss.*)
 .bss.s_reset_cause_captured
                0x20000030        0x1 build/hal/platform.o
 .bss.s_reset_cause
                0x20000031        0x1 build/hal/platform.o
 *fill*         0x20000032        0x2 
 .bss.s_tick_ms
                0x20000034        0x4 build/hal/platform.o
 .bss.s_cfg_dirty
                0x20000038        0x1 build/host/host_cfg.o
 .bss.s_cfg_values
                0x20000039       0xfa build/host/host_cfg.o
 .bss.s_has_stage
                0x20000133        0x1 build/host/host_cfg_profile.o
 *fill*         0x20000134        0x4 
 .bss.s_staged  0x20000138       0x28 build/host/host_cfg_profile.o
 .bss.s_active  0x20000160       0x28 build/host/host_cfg_profile.o
 .bss.s_txq_count
                0x20000188        0x1 build/host/host_cmd.o
 .bss.s_txq_head
                0x20000189        0x1 build/host/host_cmd.o
 .bss.s_txq     0x2000018a      0x410 build/host/host_cmd.o
 .bss.s_radio_version
                0x2000059a        0x1 build/host/host_cmd.o
 .bss.s_radio_ok
                0x2000059b        0x1 build/host/host_cmd.o
 .bss.s_pertx_count_in_window
                0x2000059c        0x2 build/host/host_rfco.o
 .bss.s_blocked_attempts
                0x2000059e       0x10 build/host/host_rfco.o
 *fill*         0x200005ae        0x2 
 .bss.s_tick_seq
                0x200005b0        0x4 build/host/host_rfco_summary_emit.o
 .bss.s_tick_last_emit_ms
                0x200005b4        0x4 build/host/host_rfco_summary_emit.o
 .bss.s_summary_emit_count
                0x200005b8        0x1 build/host/host_rfco_summary_emit.o
 *fill*         0x200005b9        0x3 
 .bss.s_tx_stream_streak_max
                0x200005bc        0x4 build/host/host_stats.o
 .bss.s_tx_first_anchor
                0x200005c0        0x4 build/host/host_stats.o
 .bss.s_clk_demotion_kept
                0x200005c4        0x4 build/host/host_stats.o
 .bss.s_clk_demotion_reset
                0x200005c8        0x4 build/host/host_stats.o
 .bss.s_fhss_dec
                0x200005cc       0x18 build/host/host_stats.o
 .bss.s_tx_done_to_rearm_max_us
                0x200005e4        0x4 build/host/host_stats.o
 .bss.s_tx_deaf_sum_us
                0x200005e8        0x4 build/host/host_stats.o
 .bss.s_tx_deaf_max_us
                0x200005ec        0x4 build/host/host_stats.o
 .bss.s_rx_fifo_skip
                0x200005f0        0x4 build/host/host_stats.o
 .bss.s_rx_pretx_drained
                0x200005f4        0x4 build/host/host_stats.o
 .bss.s_rx_urc_lost
                0x200005f8        0x4 build/host/host_stats.o
 .bss.s_tx_done_early
                0x200005fc        0x4 build/host/host_stats.o
 .bss.s_tx_fifo_rb_bad
                0x20000600        0x4 build/host/host_stats.o
 .bss.s_tx_fifo_rb_ok
                0x20000604        0x4 build/host/host_stats.o
 .bss.s_radio_tx_abort_airtime
                0x20000608        0x4 build/host/host_stats.o
 .bss.s_radio_tx_abort_lbt
                0x2000060c        0x4 build/host/host_stats.o
 .bss.s_radio_tx_ok
                0x20000610        0x4 build/host/host_stats.o
 .bss.s_radio_rx_ok
                0x20000614        0x4 build/host/host_stats.o
 .bss.s_radio_crc_err
                0x20000618        0x4 build/host/host_stats.o
 .bss.s_radio_dio3
                0x2000061c        0x4 build/host/host_stats.o
 .bss.s_radio_dio2
                0x20000620        0x4 build/host/host_stats.o
 .bss.s_radio_dio1
                0x20000624        0x4 build/host/host_stats.o
 .bss.s_radio_dio0
                0x20000628        0x4 build/host/host_stats.o
 .bss.s_rx_idle_pending
                0x2000062c        0x1 build/host/host_uart.o
 *fill*         0x2000062d        0x3 
 .bss.s_diag_trace_flags
                0x20000630        0x4 build/host/host_uart.o
 .bss.s_rx_ring_ovf
                0x20000634        0x4 build/host/host_uart.o
 .bss.s_rx_ring_tail
                0x20000638        0x2 build/host/host_uart.o
 .bss.s_rx_ring_head
                0x2000063a        0x2 build/host/host_uart.o
 .bss.s_rx_ring
                0x2000063c      0x200 build/host/host_uart.o
 .bss.s_diag_marks
                0x2000083c        0x1 build/host/host_uart.o
 .bss.s_rx_seen_flags
                0x2000083d        0x1 build/host/host_uart.o
 *fill*         0x2000083e        0x2 
 .bss.s_dma_te_events
                0x20000840        0x4 build/host/host_uart.o
 .bss.s_stats_uart_ore_usart1
                0x20000844        0x4 build/host/host_uart.o
 .bss.s_stats_uart_ne_usart1
                0x20000848        0x4 build/host/host_uart.o
 .bss.s_stats_uart_fe_usart1
                0x2000084c        0x4 build/host/host_uart.o
 .bss.s_stats_uart_pe_usart1
                0x20000850        0x4 build/host/host_uart.o
 .bss.s_stats_uart_ore_lpuart
                0x20000854        0x4 build/host/host_uart.o
 .bss.s_stats_uart_ne_lpuart
                0x20000858        0x4 build/host/host_uart.o
 .bss.s_stats_uart_fe_lpuart
                0x2000085c        0x4 build/host/host_uart.o
 .bss.s_stats_uart_pe_lpuart
                0x20000860        0x4 build/host/host_uart.o
 .bss.s_stats_uart_err_usart1
                0x20000864        0x4 build/host/host_uart.o
 .bss.s_stats_uart_err_lpuart
                0x20000868        0x4 build/host/host_uart.o
 .bss.s_stats_parse_err
                0x2000086c        0x4 build/host/host_uart.o
 .bss.s_stats_parse_ok
                0x20000870        0x4 build/host/host_uart.o
 .bss.s_stats_rx_usart1_bytes
                0x20000874        0x4 build/host/host_uart.o
 .bss.s_stats_rx_lpuart_bytes
                0x20000878        0x4 build/host/host_uart.o
 .bss.s_stats_rx_bytes
                0x2000087c        0x4 build/host/host_uart.o
 .bss.s_stats_irq_te
                0x20000880        0x4 build/host/host_uart.o
 .bss.s_stats_irq_tc
                0x20000884        0x4 build/host/host_uart.o
 .bss.s_stats_irq_ht
                0x20000888        0x4 build/host/host_uart.o
 .bss.s_stats_irq_idle
                0x2000088c        0x4 build/host/host_uart.o
 .bss.s_stats_queue_full
                0x20000890        0x4 build/host/host_uart.o
 .bss.s_stats_errors
                0x20000894        0x4 build/host/host_uart.o
 .bss.s_stats_dropped
                0x20000898        0x4 build/host/host_uart.o
 .bss.s_q_count
                0x2000089c        0x1 build/host/host_uart.o
 .bss.s_q_tail  0x2000089d        0x1 build/host/host_uart.o
 .bss.s_q_head  0x2000089e        0x1 build/host/host_uart.o
 *fill*         0x2000089f        0x1 
 .bss.s_frame_queue
                0x200008a0      0x500 build/host/host_uart.o
 .bss.s_at_ignore_lf
                0x20000da0        0x1 build/host/host_uart.o
 .bss.s_at_candidate
                0x20000da1        0x1 build/host/host_uart.o
 .bss.s_at_line_len
                0x20000da2        0x2 build/host/host_uart.o
 .bss.s_at_line
                0x20000da4       0x60 build/host/host_uart.o
 .bss.s_service_in_progress
                0x20000e04        0x1 build/host/host_uart.o
 .bss.s_cobs_overflow
                0x20000e05        0x1 build/host/host_uart.o
 .bss.s_cobs_encoded_len
                0x20000e06        0x2 build/host/host_uart.o
 .bss.s_cobs_encoded
                0x20000e08      0x143 build/host/host_uart.o
 *fill*         0x20000f4b        0x1 
 .bss.s_budget  0x20000f4c      0x190 build/radio/sx1276_airtime.o
 .bss.s_cad_active
                0x200010dc        0x1 build/radio/sx1276_cad.o
 *fill*         0x200010dd        0x3 
 .bss.s_fhss    0x200010e0      0x188 build/radio/sx1276_fhss.o
 .bss.s_clk     0x20001268        0xc build/radio/sx1276_fhss_clock.o
 .bss.s_auth    0x20001274       0x10 build/radio/sx1276_fhss_authority.o
 .bss.s_grid_adopted
                0x20001284        0x1 build/radio/sx1276_rx_grid_policy.o
 .bss.s_backoff_attempt
                0x20001285        0x1 build/radio/sx1276_lbt.o
 *fill*         0x20001286        0x2 
 .bss.s_backoff_until_ms
                0x20001288        0x4 build/radio/sx1276_lbt.o
 .bss.s_dwell   0x2000128c      0x700 build/radio/sx1276_legal_dwell.o
 .bss.s_state   0x2000198c        0x1 build/radio/sx1276_modes.o
 .bss.s_scan_ever_locked_this_boot
                0x2000198d        0x1 build/radio/sx1276_rx.o
 .bss.s_scan_fail_retries
                0x2000198e        0x1 build/radio/sx1276_rx.o
 *fill*         0x2000198f        0x1 
 .bss.s_scan_cold_start_entry_ms
                0x20001990        0x4 build/radio/sx1276_rx.o
 .bss.s_scan_channel_entry_ms
                0x20001994        0x4 build/radio/sx1276_rx.o
 .bss.s_scan_state
                0x20001998        0x1 build/radio/sx1276_rx.o
 .bss.s_rx_fifo_track
                0x20001999        0x2 build/radio/sx1276_rx.o
 .bss.s_rx_last_followed_abs_valid
                0x2000199b        0x1 build/radio/sx1276_rx.o
 .bss.s_rx_last_followed_abs
                0x2000199c        0x4 build/radio/sx1276_rx.o
 .bss.s_rx_last_retune_ms_valid
                0x200019a0        0x1 build/radio/sx1276_rx.o
 *fill*         0x200019a1        0x3 
 .bss.s_rx_last_retune_ms
                0x200019a4        0x4 build/radio/sx1276_rx.o
 .bss.s_scan_crc_seen
                0x200019a8        0x1 build/radio/sx1276_rx.o
 .bss.s_scan_got_any_irq
                0x200019a9        0x1 build/radio/sx1276_rx.o
 *fill*         0x200019aa        0x2 
 .bss.s_consider_remote_counts
                0x200019ac       0x18 build/radio/sx1276_rx_counters.o
 .bss.s_retune_counts
                0x200019c4       0x14 build/radio/sx1276_rx_retune_counters.o
 .bss.s_action_counts
                0x200019d8       0x18 build/radio/sx1276_rx_scan_counters.o
 .bss.s_state_counts
                0x200019f0       0x10 build/radio/sx1276_rx_scan_counters.o
 .bss.s_walker_idx
                0x20001a00        0x1 build/radio/sx1276_rx_scan_walker.o
 *fill*         0x20001a01        0x1 
 .bss.s_rfco_pertx_seq
                0x20001a02        0x2 build/radio/sx1276_tx.o
 .bss.s_predicted_toa_us
                0x20001a04        0x4 build/radio/sx1276_tx.o
 .bss.s_slot_boundary_valid
                0x20001a08        0x1 build/radio/sx1276_tx.o
 *fill*         0x20001a09        0x3 
 .bss.s_slot_boundary_ms
                0x20001a0c        0x4 build/radio/sx1276_tx.o
 .bss.s_hop_slot_offset_ms
                0x20001a10        0x1 build/radio/sx1276_tx.o
 *fill*         0x20001a11        0x3 
 .bss.s_hop_epoch
                0x20001a14        0x4 build/radio/sx1276_tx.o
 .bss.s_hop_idx
                0x20001a18        0x1 build/radio/sx1276_tx.o
 *fill*         0x20001a19        0x3 
 .bss.s_hop_freq_hz
                0x20001a1c        0x4 build/radio/sx1276_tx.o
 .bss.s_channel_idx
                0x20001a20        0x1 build/radio/sx1276_tx.o
 *fill*         0x20001a21        0x3 
 .bss.s_reserved_airtime_us
                0x20001a24        0x4 build/radio/sx1276_tx.o
 .bss.s_deadline_us
                0x20001a28        0x4 build/radio/sx1276_tx.o
 .bss.s_expected_toa_us
                0x20001a2c        0x4 build/radio/sx1276_tx.o
 .bss.s_tx_start_us
                0x20001a30        0x4 build/radio/sx1276_tx.o
 .bss.s_tx_ck_len
                0x20001a34        0x1 build/radio/sx1276_tx.o
 *fill*         0x20001a35        0x3 
 .bss.s_tx_load_ck
                0x20001a38        0x4 build/radio/sx1276_tx.o
 .bss.s_tx_done_seen_valid
                0x20001a3c        0x1 build/radio/sx1276_tx.o
 *fill*         0x20001a3d        0x3 
 .bss.s_tx_done_seen_us
                0x20001a40        0x4 build/radio/sx1276_tx.o
 .bss.s_deaf_start_valid
                0x20001a44        0x1 build/radio/sx1276_tx.o
 *fill*         0x20001a45        0x3 
 .bss.s_deaf_start_us
                0x20001a48        0x4 build/radio/sx1276_tx.o
 .bss.s_rearm_rx
                0x20001a4c        0x1 build/radio/sx1276_tx.o
 .bss.s_tx_power_dbm
                0x20001a4d        0x1 build/radio/sx1276_tx.o
 .bss.s_tx_id   0x20001a4e        0x1 build/radio/sx1276_tx.o
 .bss.s_tx_state
                0x20001a4f        0x1 build/radio/sx1276_tx.o
 .bss.s_dio0_edges
                0x20001a50        0x4 build/radio/sx1276.o
 .bss.s_irq_events
                0x20001a54        0x4 build/radio/sx1276.o
 *(COMMON)
                0x20001a58                        . = ALIGN (0x4)
                0x20001a58                        _ebss = .
                0x20001a58                        __bss_end__ = _ebss

._user_heap     0x20001a58        0x0 load address 0x0800611c
                0x20001a58                        . = ALIGN (0x8)
                0x20001a58                        _end = .
                0x20001a58                        _heap_start = .
                0x20001a58                        . = (. + 0x0)
                0x20001a58                        . = ALIGN (0x8)
                0x20001a58                        _heap_end = .

.stack_check    0x20001a58        0x0 load address 0x0800611c
                0x20001a58                        . = ALIGN (0x8)
                0x20001a58                        . = (. + 0x0)
                0x00000001                        ASSERT (((_heap_end + _stack_size) <= _estack), Linker error: not enough RAM left for the reserved stack)

.cfg_reserved   0x0802e000     0x2000
                0x08030000                        . = (. + 0x2000)
 *fill*         0x0802e000     0x2000 

/DISCARD/
 *(.note.GNU-stack)
 *(.comment)
                0x00000001                        ASSERT (0x1, Linker: FLASH + CFG must cover full 192 KB)
                0x00000001                        ASSERT (0x1, Linker: CFG region must fall within overall memory)
OUTPUT(build/firmware.elf elf32-littlearm)
LOAD linker stubs

.ARM.attributes
                0x00000000       0x2a
 .ARM.attributes
                0x00000000       0x2c build/startup.o
 .ARM.attributes
                0x0000002c       0x2c build/main.o
 .ARM.attributes
                0x00000058       0x2c build/boot/safe_mode.o
 .ARM.attributes
                0x00000084       0x2c build/hal/platform.o
 .ARM.attributes
                0x000000b0       0x2c build/host/host_cfg.o
 .ARM.attributes
                0x000000dc       0x2c build/host/host_rx_wire.o
 .ARM.attributes
                0x00000108       0x2c build/host/host_reg_gate.o
 .ARM.attributes
                0x00000134       0x2c build/host/host_cfg_profile.o
 .ARM.attributes
                0x00000160       0x2c build/host/host_cfg_wire.o
 .ARM.attributes
                0x0000018c       0x2c build/host/host_cmd.o
 .ARM.attributes
                0x000001b8       0x2c build/host/host_rfco.o
 .ARM.attributes
                0x000001e4       0x2c build/host/host_rfco_summary.o
 .ARM.attributes
                0x00000210       0x2c build/host/host_rfco_summary_emit.o
 .ARM.attributes
                0x0000023c       0x2c build/host/host_stats.o
 .ARM.attributes
                0x00000268       0x2c build/host/host_rx_urc_lost.o
 .ARM.attributes
                0x00000294       0x2c build/host/host_uart.o
 .ARM.attributes
                0x000002c0       0x2c build/radio/sx1276_airtime.o
 .ARM.attributes
                0x000002ec       0x2c build/radio/sx1276_cad.o
 .ARM.attributes
                0x00000318       0x2c build/radio/lora_pkt_hdr.o
 .ARM.attributes
                0x00000344       0x2c build/radio/sx1276_fhss_chantab.o
 .ARM.attributes
                0x00000370       0x2c build/radio/sx1276_fhss.o
 .ARM.attributes
                0x0000039c       0x2c build/radio/sx1276_fhss_clock.o
 .ARM.attributes
                0x000003c8       0x2c build/radio/sx1276_fhss_authority.o
 .ARM.attributes
                0x000003f4       0x2c build/radio/sx1276_rx_grid_policy.o
 .ARM.attributes
                0x00000420       0x2c build/radio/sx1276_lbt.o
 .ARM.attributes
                0x0000044c       0x2c build/radio/sx1276_legal_dwell.o
 .ARM.attributes
                0x00000478       0x2c build/radio/sx1276_modes.o
 .ARM.attributes
                0x000004a4       0x2c build/radio/sx1276_rx.o
 .ARM.attributes
                0x000004d0       0x2c build/radio/sx1276_rx_fifo_track.o
 .ARM.attributes
                0x000004fc       0x2c build/radio/sx1276_rx_counters.o
 .ARM.attributes
                0x00000528       0x2c build/radio/sx1276_rx_retune_policy.o
 .ARM.attributes
                0x00000554       0x2c build/radio/sx1276_rx_retune_counters.o
 .ARM.attributes
                0x00000580       0x2c build/radio/sx1276_rx_scan_policy.o
 .ARM.attributes
                0x000005ac       0x2c build/radio/sx1276_rx_scan_counters.o
 .ARM.attributes
                0x000005d8       0x2c build/radio/sx1276_rx_scan_fail.o
 .ARM.attributes
                0x00000604       0x2c build/radio/sx1276_rx_scan_walker.o
 .ARM.attributes
                0x00000630       0x2c build/radio/sx1276_tx.o
 .ARM.attributes
                0x0000065c       0x2c build/radio/sx1276.o
 .ARM.attributes
                0x00000688       0x1e c:/program files (x86)/arm gnu toolchain arm-none-eabi/12.2 mpacbti-rel1/bin/../lib/gcc/arm-none-eabi/12.2.1/thumb/v6-m/nofp\libgcc.a(_thumb1_case_uqi.o)
 .ARM.attributes
                0x000006a6       0x1e c:/program files (x86)/arm gnu toolchain arm-none-eabi/12.2 mpacbti-rel1/bin/../lib/gcc/arm-none-eabi/12.2.1/thumb/v6-m/nofp\libgcc.a(_udivsi3.o)
 .ARM.attributes
                0x000006c4       0x1e c:/program files (x86)/arm gnu toolchain arm-none-eabi/12.2 mpacbti-rel1/bin/../lib/gcc/arm-none-eabi/12.2.1/thumb/v6-m/nofp\libgcc.a(_dvmd_tls.o)
 .ARM.attributes
                0x000006e2       0x1e c:/program files (x86)/arm gnu toolchain arm-none-eabi/12.2 mpacbti-rel1/bin/../lib/gcc/arm-none-eabi/12.2.1/thumb/v6-m/nofp\libgcc.a(_lshrdi3.o)
 .ARM.attributes
                0x00000700       0x1e c:/program files (x86)/arm gnu toolchain arm-none-eabi/12.2 mpacbti-rel1/bin/../lib/gcc/arm-none-eabi/12.2.1/thumb/v6-m/nofp\libgcc.a(_ashldi3.o)
 .ARM.attributes
                0x0000071e       0x1e c:/program files (x86)/arm gnu toolchain arm-none-eabi/12.2 mpacbti-rel1/bin/../lib/gcc/arm-none-eabi/12.2.1/thumb/v6-m/nofp\libgcc.a(_aeabi_uldivmod.o)
 .ARM.attributes
                0x0000073c       0x2c c:/program files (x86)/arm gnu toolchain arm-none-eabi/12.2 mpacbti-rel1/bin/../lib/gcc/arm-none-eabi/12.2.1/thumb/v6-m/nofp\libgcc.a(_udivmoddi4.o)
 .ARM.attributes
                0x00000768       0x1e c:/program files (x86)/arm gnu toolchain arm-none-eabi/12.2 mpacbti-rel1/bin/../lib/gcc/arm-none-eabi/12.2.1/thumb/v6-m/nofp\libgcc.a(_clzdi2.o)
 .ARM.attributes
                0x00000786       0x1e c:/program files (x86)/arm gnu toolchain arm-none-eabi/12.2 mpacbti-rel1/bin/../lib/gcc/arm-none-eabi/12.2.1/thumb/v6-m/nofp\libgcc.a(_clzsi2.o)
 .ARM.attributes
                0x000007a4       0x2c c:/program files (x86)/arm gnu toolchain arm-none-eabi/12.2 mpacbti-rel1/bin/../lib/gcc/arm-none-eabi/12.2.1/thumb/v6-m/nofp\libc_nano.a(libc_a-memcmp.o)
 .ARM.attributes
                0x000007d0       0x2c c:/program files (x86)/arm gnu toolchain arm-none-eabi/12.2 mpacbti-rel1/bin/../lib/gcc/arm-none-eabi/12.2.1/thumb/v6-m/nofp\libc_nano.a(libc_a-memset.o)
 .ARM.attributes
                0x000007fc       0x2c c:/program files (x86)/arm gnu toolchain arm-none-eabi/12.2 mpacbti-rel1/bin/../lib/gcc/arm-none-eabi/12.2.1/thumb/v6-m/nofp\libc_nano.a(libc_a-memcpy-stub.o)
 .ARM.attributes
                0x00000828       0x1c c:/program files (x86)/arm gnu toolchain arm-none-eabi/12.2 mpacbti-rel1/bin/../lib/gcc/arm-none-eabi/12.2.1/thumb/v6-m/nofp\libc_nano.a(libc_a-strlen.o)

.debug_line_str
                0x00000000      0x1dc
 .debug_line_str
                0x00000000       0xd9 c:/program files (x86)/arm gnu toolchain arm-none-eabi/12.2 mpacbti-rel1/bin/../lib/gcc/arm-none-eabi/12.2.1/thumb/v6-m/nofp\libgcc.a(_thumb1_case_uqi.o)
 .debug_line_str
                0x000000d9       0xd9 c:/program files (x86)/arm gnu toolchain arm-none-eabi/12.2 mpacbti-rel1/bin/../lib/gcc/arm-none-eabi/12.2.1/thumb/v6-m/nofp\libgcc.a(_udivsi3.o)
 .debug_line_str
                0x000000d9       0xd9 c:/program files (x86)/arm gnu toolchain arm-none-eabi/12.2 mpacbti-rel1/bin/../lib/gcc/arm-none-eabi/12.2.1/thumb/v6-m/nofp\libgcc.a(_dvmd_tls.o)
 .debug_line_str
                0x000000d9       0xd9 c:/program files (x86)/arm gnu toolchain arm-none-eabi/12.2 mpacbti-rel1/bin/../lib/gcc/arm-none-eabi/12.2.1/thumb/v6-m/nofp\libgcc.a(_lshrdi3.o)
 .debug_line_str
                0x000000d9       0xd9 c:/program files (x86)/arm gnu toolchain arm-none-eabi/12.2 mpacbti-rel1/bin/../lib/gcc/arm-none-eabi/12.2.1/thumb/v6-m/nofp\libgcc.a(_ashldi3.o)
 .debug_line_str
                0x000000d9        0xc c:/program files (x86)/arm gnu toolchain arm-none-eabi/12.2 mpacbti-rel1/bin/../lib/gcc/arm-none-eabi/12.2.1/thumb/v6-m/nofp\libgcc.a(_aeabi_uldivmod.o)
                                 0xd9 (size before relaxing)
 .debug_line_str
                0x000000e5       0xd9 c:/program files (x86)/arm gnu toolchain arm-none-eabi/12.2 mpacbti-rel1/bin/../lib/gcc/arm-none-eabi/12.2.1/thumb/v6-m/nofp\libgcc.a(_clzdi2.o)
 .debug_line_str
                0x000000e5       0xd9 c:/program files (x86)/arm gnu toolchain arm-none-eabi/12.2 mpacbti-rel1/bin/../lib/gcc/arm-none-eabi/12.2.1/thumb/v6-m/nofp\libgcc.a(_clzsi2.o)
 .debug_line_str
                0x000000e5       0xf7 c:/program files (x86)/arm gnu toolchain arm-none-eabi/12.2 mpacbti-rel1/bin/../lib/gcc/arm-none-eabi/12.2.1/thumb/v6-m/nofp\libc_nano.a(libc_a-strlen.o)

.debug_frame    0x00000000       0xd0
 .debug_frame   0x00000000       0x20 c:/program files (x86)/arm gnu toolchain arm-none-eabi/12.2 mpacbti-rel1/bin/../lib/gcc/arm-none-eabi/12.2.1/thumb/v6-m/nofp\libgcc.a(_udivsi3.o)
 .debug_frame   0x00000020       0x3c c:/program files (x86)/arm gnu toolchain arm-none-eabi/12.2 mpacbti-rel1/bin/../lib/gcc/arm-none-eabi/12.2.1/thumb/v6-m/nofp\libgcc.a(_udivmoddi4.o)
 .debug_frame   0x0000005c       0x2c c:/program files (x86)/arm gnu toolchain arm-none-eabi/12.2 mpacbti-rel1/bin/../lib/gcc/arm-none-eabi/12.2.1/thumb/v6-m/nofp\libc_nano.a(libc_a-memcmp.o)
 .debug_frame   0x00000088       0x20 c:/program files (x86)/arm gnu toolchain arm-none-eabi/12.2 mpacbti-rel1/bin/../lib/gcc/arm-none-eabi/12.2.1/thumb/v6-m/nofp\libc_nano.a(libc_a-memset.o)
 .debug_frame   0x000000a8       0x28 c:/program files (x86)/arm gnu toolchain arm-none-eabi/12.2 mpacbti-rel1/bin/../lib/gcc/arm-none-eabi/12.2.1/thumb/v6-m/nofp\libc_nano.a(libc_a-memcpy-stub.o)
