Archive member included to satisfy reference by file (symbol)

c:/users/dorkm/appdata/local/arduino15/packages/arduino/tools/arm-none-eabi-gcc/7-2017q4/bin/../lib/gcc/arm-none-eabi/7.2.1/thumb/v6-m\libgcc.a(_thumb1_case_shi.o)
                              build/host/host_cfg.o (__gnu_thumb1_case_shi)
c:/users/dorkm/appdata/local/arduino15/packages/arduino/tools/arm-none-eabi-gcc/7-2017q4/bin/../lib/gcc/arm-none-eabi/7.2.1/thumb/v6-m\libgcc.a(_udivsi3.o)
                              build/boot/safe_mode.o (__aeabi_uidiv)
c:/users/dorkm/appdata/local/arduino15/packages/arduino/tools/arm-none-eabi-gcc/7-2017q4/bin/../lib/gcc/arm-none-eabi/7.2.1/thumb/v6-m\libgcc.a(_divsi3.o)
                              build/radio/sx1276_airtime.o (__aeabi_idiv)
c:/users/dorkm/appdata/local/arduino15/packages/arduino/tools/arm-none-eabi-gcc/7-2017q4/bin/../lib/gcc/arm-none-eabi/7.2.1/thumb/v6-m\libgcc.a(_dvmd_tls.o)
                              c:/users/dorkm/appdata/local/arduino15/packages/arduino/tools/arm-none-eabi-gcc/7-2017q4/bin/../lib/gcc/arm-none-eabi/7.2.1/thumb/v6-m\libgcc.a(_udivsi3.o) (__aeabi_idiv0)
c:/users/dorkm/appdata/local/arduino15/packages/arduino/tools/arm-none-eabi-gcc/7-2017q4/bin/../lib/gcc/arm-none-eabi/7.2.1/thumb/v6-m\libgcc.a(_ashldi3.o)
                              build/radio/sx1276_airtime.o (__aeabi_llsl)
c:/users/dorkm/appdata/local/arduino15/packages/arduino/tools/arm-none-eabi-gcc/7-2017q4/bin/../lib/gcc/arm-none-eabi/7.2.1/thumb/v6-m\libgcc.a(_aeabi_ldivmod.o)
                              build/radio/sx1276_airtime.o (__aeabi_ldivmod)
c:/users/dorkm/appdata/local/arduino15/packages/arduino/tools/arm-none-eabi-gcc/7-2017q4/bin/../lib/gcc/arm-none-eabi/7.2.1/thumb/v6-m\libgcc.a(_aeabi_uldivmod.o)
                              build/radio/sx1276_airtime.o (__aeabi_uldivmod)
c:/users/dorkm/appdata/local/arduino15/packages/arduino/tools/arm-none-eabi-gcc/7-2017q4/bin/../lib/gcc/arm-none-eabi/7.2.1/thumb/v6-m\libgcc.a(_udivmoddi4.o)
                              c:/users/dorkm/appdata/local/arduino15/packages/arduino/tools/arm-none-eabi-gcc/7-2017q4/bin/../lib/gcc/arm-none-eabi/7.2.1/thumb/v6-m\libgcc.a(_aeabi_uldivmod.o) (__udivmoddi4)
c:/users/dorkm/appdata/local/arduino15/packages/arduino/tools/arm-none-eabi-gcc/7-2017q4/bin/../lib/gcc/arm-none-eabi/7.2.1/thumb/v6-m\libgcc.a(bpabi.o)
                              c:/users/dorkm/appdata/local/arduino15/packages/arduino/tools/arm-none-eabi-gcc/7-2017q4/bin/../lib/gcc/arm-none-eabi/7.2.1/thumb/v6-m\libgcc.a(_aeabi_ldivmod.o) (__gnu_ldivmod_helper)
c:/users/dorkm/appdata/local/arduino15/packages/arduino/tools/arm-none-eabi-gcc/7-2017q4/bin/../lib/gcc/arm-none-eabi/7.2.1/thumb/v6-m\libgcc.a(_clzdi2.o)
                              c:/users/dorkm/appdata/local/arduino15/packages/arduino/tools/arm-none-eabi-gcc/7-2017q4/bin/../lib/gcc/arm-none-eabi/7.2.1/thumb/v6-m\libgcc.a(_udivmoddi4.o) (__clzdi2)
c:/users/dorkm/appdata/local/arduino15/packages/arduino/tools/arm-none-eabi-gcc/7-2017q4/bin/../lib/gcc/arm-none-eabi/7.2.1/thumb/v6-m\libgcc.a(_muldi3.o)
                              c:/users/dorkm/appdata/local/arduino15/packages/arduino/tools/arm-none-eabi-gcc/7-2017q4/bin/../lib/gcc/arm-none-eabi/7.2.1/thumb/v6-m\libgcc.a(bpabi.o) (__aeabi_lmul)
c:/users/dorkm/appdata/local/arduino15/packages/arduino/tools/arm-none-eabi-gcc/7-2017q4/bin/../lib/gcc/arm-none-eabi/7.2.1/thumb/v6-m\libgcc.a(_divdi3.o)
                              c:/users/dorkm/appdata/local/arduino15/packages/arduino/tools/arm-none-eabi-gcc/7-2017q4/bin/../lib/gcc/arm-none-eabi/7.2.1/thumb/v6-m\libgcc.a(bpabi.o) (__divdi3)
c:/users/dorkm/appdata/local/arduino15/packages/arduino/tools/arm-none-eabi-gcc/7-2017q4/bin/../lib/gcc/arm-none-eabi/7.2.1/thumb/v6-m\libgcc.a(_clzsi2.o)
                              c:/users/dorkm/appdata/local/arduino15/packages/arduino/tools/arm-none-eabi-gcc/7-2017q4/bin/../lib/gcc/arm-none-eabi/7.2.1/thumb/v6-m\libgcc.a(_clzdi2.o) (__clzsi2)
c:/users/dorkm/appdata/local/arduino15/packages/arduino/tools/arm-none-eabi-gcc/7-2017q4/bin/../lib/gcc/arm-none-eabi/7.2.1/../../../../arm-none-eabi/lib/thumb/v6-m\libc_nano.a(lib_a-memcmp.o)
                              build/host/host_cfg.o (memcmp)
c:/users/dorkm/appdata/local/arduino15/packages/arduino/tools/arm-none-eabi-gcc/7-2017q4/bin/../lib/gcc/arm-none-eabi/7.2.1/../../../../arm-none-eabi/lib/thumb/v6-m\libc_nano.a(lib_a-memcpy-stub.o)
                              build/host/host_cfg.o (memcpy)
c:/users/dorkm/appdata/local/arduino15/packages/arduino/tools/arm-none-eabi-gcc/7-2017q4/bin/../lib/gcc/arm-none-eabi/7.2.1/../../../../arm-none-eabi/lib/thumb/v6-m\libc_nano.a(lib_a-memset.o)
                              build/host/host_cfg.o (memset)
c:/users/dorkm/appdata/local/arduino15/packages/arduino/tools/arm-none-eabi-gcc/7-2017q4/bin/../lib/gcc/arm-none-eabi/7.2.1/../../../../arm-none-eabi/lib/thumb/v6-m\libc_nano.a(lib_a-strlen.o)
                              build/host/host_cmd.o (strlen)

Discarded input sections

 .text          0x00000000        0x0 build/startup.o
 .data          0x00000000        0x0 build/startup.o
 .bss           0x00000000        0x0 build/startup.o
 .comment       0x00000000       0x7f build/startup.o
 .text          0x00000000        0x0 build/main.o
 .data          0x00000000        0x0 build/main.o
 .bss           0x00000000        0x0 build/main.o
 .rodata._mm_anchor_ref
                0x00000000        0x4 build/main.o
 .comment       0x00000000       0x7f build/main.o
 .text          0x00000000        0x0 build/boot/safe_mode.o
 .data          0x00000000        0x0 build/boot/safe_mode.o
 .bss           0x00000000        0x0 build/boot/safe_mode.o
 .comment       0x00000000       0x7f build/boot/safe_mode.o
 .text          0x00000000        0x0 build/hal/platform.o
 .data          0x00000000        0x0 build/hal/platform.o
 .bss           0x00000000        0x0 build/hal/platform.o
 .text.platform_core_hz
                0x00000000        0xc build/hal/platform.o
 .comment       0x00000000       0x7f build/hal/platform.o
 .text          0x00000000        0x0 build/host/host_cfg.o
 .data          0x00000000        0x0 build/host/host_cfg.o
 .bss           0x00000000        0x0 build/host/host_cfg.o
 .text.cfg_is_dirty
                0x00000000        0xc build/host/host_cfg.o
 .comment       0x00000000       0x7f build/host/host_cfg.o
 .text          0x00000000        0x0 build/host/host_cfg_wire.o
 .data          0x00000000        0x0 build/host/host_cfg_wire.o
 .bss           0x00000000        0x0 build/host/host_cfg_wire.o
 .comment       0x00000000       0x7f build/host/host_cfg_wire.o
 .text          0x00000000        0x0 build/host/host_cmd.o
 .data          0x00000000        0x0 build/host/host_cmd.o
 .bss           0x00000000        0x0 build/host/host_cmd.o
 .text.host_cmd_emit_stats_snapshot
                0x00000000       0x22 build/host/host_cmd.o
 .comment       0x00000000       0x7f build/host/host_cmd.o
 .text          0x00000000        0x0 build/host/host_stats.o
 .data          0x00000000        0x0 build/host/host_stats.o
 .bss           0x00000000        0x0 build/host/host_stats.o
 .comment       0x00000000       0x7f build/host/host_stats.o
 .text          0x00000000        0x0 build/host/host_uart.o
 .data          0x00000000        0x0 build/host/host_uart.o
 .bss           0x00000000        0x0 build/host/host_uart.o
 .text.host_uart_take_rx_seen_flags
                0x00000000       0x1c build/host/host_uart.o
 .text.host_uart_take_diag_marks
                0x00000000       0x1c build/host/host_uart.o
 .bss.s_dma_rx_buf
                0x00000000      0x200 build/host/host_uart.o
 .comment       0x00000000       0x7f build/host/host_uart.o
 .text          0x00000000        0x0 build/radio/sx1276_airtime.o
 .data          0x00000000        0x0 build/radio/sx1276_airtime.o
 .bss           0x00000000        0x0 build/radio/sx1276_airtime.o
 .comment       0x00000000       0x7f build/radio/sx1276_airtime.o
 .text          0x00000000        0x0 build/radio/sx1276_cad.o
 .data          0x00000000        0x0 build/radio/sx1276_cad.o
 .bss           0x00000000        0x0 build/radio/sx1276_cad.o
 .comment       0x00000000       0x7f build/radio/sx1276_cad.o
 .text          0x00000000        0x0 build/radio/sx1276_lbt.o
 .data          0x00000000        0x0 build/radio/sx1276_lbt.o
 .bss           0x00000000        0x0 build/radio/sx1276_lbt.o
 .text.sx1276_lbt_backoff_remaining_ms
                0x00000000       0x20 build/radio/sx1276_lbt.o
 .comment       0x00000000       0x7f build/radio/sx1276_lbt.o
 .text          0x00000000        0x0 build/radio/sx1276_modes.o
 .data          0x00000000        0x0 build/radio/sx1276_modes.o
 .bss           0x00000000        0x0 build/radio/sx1276_modes.o
 .text.sx1276_modes_to_rx_single
                0x00000000        0xe build/radio/sx1276_modes.o
 .comment       0x00000000       0x7f build/radio/sx1276_modes.o
 .text          0x00000000        0x0 build/radio/sx1276_rx.o
 .data          0x00000000        0x0 build/radio/sx1276_rx.o
 .bss           0x00000000        0x0 build/radio/sx1276_rx.o
 .comment       0x00000000       0x7f build/radio/sx1276_rx.o
 .text          0x00000000        0x0 build/radio/sx1276_tx.o
 .data          0x00000000        0x0 build/radio/sx1276_tx.o
 .bss           0x00000000        0x0 build/radio/sx1276_tx.o
 .comment       0x00000000       0x7f build/radio/sx1276_tx.o
 .text          0x00000000        0x0 build/radio/sx1276.o
 .data          0x00000000        0x0 build/radio/sx1276.o
 .bss           0x00000000        0x0 build/radio/sx1276.o
 .text.sx1276_apply_profile_full
                0x00000000       0x26 build/radio/sx1276.o
 .text.sx1276_reg_dump
                0x00000000       0x20 build/radio/sx1276.o
 .comment       0x00000000       0x7f build/radio/sx1276.o
 .text          0x00000000        0x0 build/include/static_asserts.o
 .data          0x00000000        0x0 build/include/static_asserts.o
 .bss           0x00000000        0x0 build/include/static_asserts.o
 .comment       0x00000000       0x7f build/include/static_asserts.o
 .ARM.attributes
                0x00000000       0x32 build/include/static_asserts.o
 .data          0x00000000        0x0 c:/users/dorkm/appdata/local/arduino15/packages/arduino/tools/arm-none-eabi-gcc/7-2017q4/bin/../lib/gcc/arm-none-eabi/7.2.1/thumb/v6-m\libgcc.a(_thumb1_case_shi.o)
 .bss           0x00000000        0x0 c:/users/dorkm/appdata/local/arduino15/packages/arduino/tools/arm-none-eabi-gcc/7-2017q4/bin/../lib/gcc/arm-none-eabi/7.2.1/thumb/v6-m\libgcc.a(_thumb1_case_shi.o)
 .data          0x00000000        0x0 c:/users/dorkm/appdata/local/arduino15/packages/arduino/tools/arm-none-eabi-gcc/7-2017q4/bin/../lib/gcc/arm-none-eabi/7.2.1/thumb/v6-m\libgcc.a(_udivsi3.o)
 .bss           0x00000000        0x0 c:/users/dorkm/appdata/local/arduino15/packages/arduino/tools/arm-none-eabi-gcc/7-2017q4/bin/../lib/gcc/arm-none-eabi/7.2.1/thumb/v6-m\libgcc.a(_udivsi3.o)
 .text          0x00000000      0x1d4 c:/users/dorkm/appdata/local/arduino15/packages/arduino/tools/arm-none-eabi-gcc/7-2017q4/bin/../lib/gcc/arm-none-eabi/7.2.1/thumb/v6-m\libgcc.a(_divsi3.o)
 .data          0x00000000        0x0 c:/users/dorkm/appdata/local/arduino15/packages/arduino/tools/arm-none-eabi-gcc/7-2017q4/bin/../lib/gcc/arm-none-eabi/7.2.1/thumb/v6-m\libgcc.a(_divsi3.o)
 .bss           0x00000000        0x0 c:/users/dorkm/appdata/local/arduino15/packages/arduino/tools/arm-none-eabi-gcc/7-2017q4/bin/../lib/gcc/arm-none-eabi/7.2.1/thumb/v6-m\libgcc.a(_divsi3.o)
 .debug_frame   0x00000000       0x20 c:/users/dorkm/appdata/local/arduino15/packages/arduino/tools/arm-none-eabi-gcc/7-2017q4/bin/../lib/gcc/arm-none-eabi/7.2.1/thumb/v6-m\libgcc.a(_divsi3.o)
 .ARM.attributes
                0x00000000       0x1e c:/users/dorkm/appdata/local/arduino15/packages/arduino/tools/arm-none-eabi-gcc/7-2017q4/bin/../lib/gcc/arm-none-eabi/7.2.1/thumb/v6-m\libgcc.a(_divsi3.o)
 .data          0x00000000        0x0 c:/users/dorkm/appdata/local/arduino15/packages/arduino/tools/arm-none-eabi-gcc/7-2017q4/bin/../lib/gcc/arm-none-eabi/7.2.1/thumb/v6-m\libgcc.a(_dvmd_tls.o)
 .bss           0x00000000        0x0 c:/users/dorkm/appdata/local/arduino15/packages/arduino/tools/arm-none-eabi-gcc/7-2017q4/bin/../lib/gcc/arm-none-eabi/7.2.1/thumb/v6-m\libgcc.a(_dvmd_tls.o)
 .data          0x00000000        0x0 c:/users/dorkm/appdata/local/arduino15/packages/arduino/tools/arm-none-eabi-gcc/7-2017q4/bin/../lib/gcc/arm-none-eabi/7.2.1/thumb/v6-m\libgcc.a(_ashldi3.o)
 .bss           0x00000000        0x0 c:/users/dorkm/appdata/local/arduino15/packages/arduino/tools/arm-none-eabi-gcc/7-2017q4/bin/../lib/gcc/arm-none-eabi/7.2.1/thumb/v6-m\libgcc.a(_ashldi3.o)
 .text          0x00000000       0x48 c:/users/dorkm/appdata/local/arduino15/packages/arduino/tools/arm-none-eabi-gcc/7-2017q4/bin/../lib/gcc/arm-none-eabi/7.2.1/thumb/v6-m\libgcc.a(_aeabi_ldivmod.o)
 .data          0x00000000        0x0 c:/users/dorkm/appdata/local/arduino15/packages/arduino/tools/arm-none-eabi-gcc/7-2017q4/bin/../lib/gcc/arm-none-eabi/7.2.1/thumb/v6-m\libgcc.a(_aeabi_ldivmod.o)
 .bss           0x00000000        0x0 c:/users/dorkm/appdata/local/arduino15/packages/arduino/tools/arm-none-eabi-gcc/7-2017q4/bin/../lib/gcc/arm-none-eabi/7.2.1/thumb/v6-m\libgcc.a(_aeabi_ldivmod.o)
 .ARM.attributes
                0x00000000       0x1e c:/users/dorkm/appdata/local/arduino15/packages/arduino/tools/arm-none-eabi-gcc/7-2017q4/bin/../lib/gcc/arm-none-eabi/7.2.1/thumb/v6-m\libgcc.a(_aeabi_ldivmod.o)
 .data          0x00000000        0x0 c:/users/dorkm/appdata/local/arduino15/packages/arduino/tools/arm-none-eabi-gcc/7-2017q4/bin/../lib/gcc/arm-none-eabi/7.2.1/thumb/v6-m\libgcc.a(_aeabi_uldivmod.o)
 .bss           0x00000000        0x0 c:/users/dorkm/appdata/local/arduino15/packages/arduino/tools/arm-none-eabi-gcc/7-2017q4/bin/../lib/gcc/arm-none-eabi/7.2.1/thumb/v6-m\libgcc.a(_aeabi_uldivmod.o)
 .data          0x00000000        0x0 c:/users/dorkm/appdata/local/arduino15/packages/arduino/tools/arm-none-eabi-gcc/7-2017q4/bin/../lib/gcc/arm-none-eabi/7.2.1/thumb/v6-m\libgcc.a(_udivmoddi4.o)
 .bss           0x00000000        0x0 c:/users/dorkm/appdata/local/arduino15/packages/arduino/tools/arm-none-eabi-gcc/7-2017q4/bin/../lib/gcc/arm-none-eabi/7.2.1/thumb/v6-m\libgcc.a(_udivmoddi4.o)
 .ARM.extab     0x00000000        0x0 c:/users/dorkm/appdata/local/arduino15/packages/arduino/tools/arm-none-eabi-gcc/7-2017q4/bin/../lib/gcc/arm-none-eabi/7.2.1/thumb/v6-m\libgcc.a(_udivmoddi4.o)
 .text          0x00000000       0x38 c:/users/dorkm/appdata/local/arduino15/packages/arduino/tools/arm-none-eabi-gcc/7-2017q4/bin/../lib/gcc/arm-none-eabi/7.2.1/thumb/v6-m\libgcc.a(bpabi.o)
 .data          0x00000000        0x0 c:/users/dorkm/appdata/local/arduino15/packages/arduino/tools/arm-none-eabi-gcc/7-2017q4/bin/../lib/gcc/arm-none-eabi/7.2.1/thumb/v6-m\libgcc.a(bpabi.o)
 .bss           0x00000000        0x0 c:/users/dorkm/appdata/local/arduino15/packages/arduino/tools/arm-none-eabi-gcc/7-2017q4/bin/../lib/gcc/arm-none-eabi/7.2.1/thumb/v6-m\libgcc.a(bpabi.o)
 .debug_frame   0x00000000       0x30 c:/users/dorkm/appdata/local/arduino15/packages/arduino/tools/arm-none-eabi-gcc/7-2017q4/bin/../lib/gcc/arm-none-eabi/7.2.1/thumb/v6-m\libgcc.a(bpabi.o)
 .ARM.attributes
                0x00000000       0x2c c:/users/dorkm/appdata/local/arduino15/packages/arduino/tools/arm-none-eabi-gcc/7-2017q4/bin/../lib/gcc/arm-none-eabi/7.2.1/thumb/v6-m\libgcc.a(bpabi.o)
 .data          0x00000000        0x0 c:/users/dorkm/appdata/local/arduino15/packages/arduino/tools/arm-none-eabi-gcc/7-2017q4/bin/../lib/gcc/arm-none-eabi/7.2.1/thumb/v6-m\libgcc.a(_clzdi2.o)
 .bss           0x00000000        0x0 c:/users/dorkm/appdata/local/arduino15/packages/arduino/tools/arm-none-eabi-gcc/7-2017q4/bin/../lib/gcc/arm-none-eabi/7.2.1/thumb/v6-m\libgcc.a(_clzdi2.o)
 .text          0x00000000       0x54 c:/users/dorkm/appdata/local/arduino15/packages/arduino/tools/arm-none-eabi-gcc/7-2017q4/bin/../lib/gcc/arm-none-eabi/7.2.1/thumb/v6-m\libgcc.a(_muldi3.o)
 .data          0x00000000        0x0 c:/users/dorkm/appdata/local/arduino15/packages/arduino/tools/arm-none-eabi-gcc/7-2017q4/bin/../lib/gcc/arm-none-eabi/7.2.1/thumb/v6-m\libgcc.a(_muldi3.o)
 .bss           0x00000000        0x0 c:/users/dorkm/appdata/local/arduino15/packages/arduino/tools/arm-none-eabi-gcc/7-2017q4/bin/../lib/gcc/arm-none-eabi/7.2.1/thumb/v6-m\libgcc.a(_muldi3.o)
 .debug_frame   0x00000000       0x34 c:/users/dorkm/appdata/local/arduino15/packages/arduino/tools/arm-none-eabi-gcc/7-2017q4/bin/../lib/gcc/arm-none-eabi/7.2.1/thumb/v6-m\libgcc.a(_muldi3.o)
 .ARM.attributes
                0x00000000       0x2c c:/users/dorkm/appdata/local/arduino15/packages/arduino/tools/arm-none-eabi-gcc/7-2017q4/bin/../lib/gcc/arm-none-eabi/7.2.1/thumb/v6-m\libgcc.a(_muldi3.o)
 .text          0x00000000      0x1b0 c:/users/dorkm/appdata/local/arduino15/packages/arduino/tools/arm-none-eabi-gcc/7-2017q4/bin/../lib/gcc/arm-none-eabi/7.2.1/thumb/v6-m\libgcc.a(_divdi3.o)
 .data          0x00000000        0x0 c:/users/dorkm/appdata/local/arduino15/packages/arduino/tools/arm-none-eabi-gcc/7-2017q4/bin/../lib/gcc/arm-none-eabi/7.2.1/thumb/v6-m\libgcc.a(_divdi3.o)
 .bss           0x00000000        0x0 c:/users/dorkm/appdata/local/arduino15/packages/arduino/tools/arm-none-eabi-gcc/7-2017q4/bin/../lib/gcc/arm-none-eabi/7.2.1/thumb/v6-m\libgcc.a(_divdi3.o)
 .ARM.extab     0x00000000        0x0 c:/users/dorkm/appdata/local/arduino15/packages/arduino/tools/arm-none-eabi-gcc/7-2017q4/bin/../lib/gcc/arm-none-eabi/7.2.1/thumb/v6-m\libgcc.a(_divdi3.o)
 .ARM.exidx     0x00000000        0x8 c:/users/dorkm/appdata/local/arduino15/packages/arduino/tools/arm-none-eabi-gcc/7-2017q4/bin/../lib/gcc/arm-none-eabi/7.2.1/thumb/v6-m\libgcc.a(_divdi3.o)
 .debug_frame   0x00000000       0x3c c:/users/dorkm/appdata/local/arduino15/packages/arduino/tools/arm-none-eabi-gcc/7-2017q4/bin/../lib/gcc/arm-none-eabi/7.2.1/thumb/v6-m\libgcc.a(_divdi3.o)
 .ARM.attributes
                0x00000000       0x2c c:/users/dorkm/appdata/local/arduino15/packages/arduino/tools/arm-none-eabi-gcc/7-2017q4/bin/../lib/gcc/arm-none-eabi/7.2.1/thumb/v6-m\libgcc.a(_divdi3.o)
 .data          0x00000000        0x0 c:/users/dorkm/appdata/local/arduino15/packages/arduino/tools/arm-none-eabi-gcc/7-2017q4/bin/../lib/gcc/arm-none-eabi/7.2.1/thumb/v6-m\libgcc.a(_clzsi2.o)
 .bss           0x00000000        0x0 c:/users/dorkm/appdata/local/arduino15/packages/arduino/tools/arm-none-eabi-gcc/7-2017q4/bin/../lib/gcc/arm-none-eabi/7.2.1/thumb/v6-m\libgcc.a(_clzsi2.o)
 .text          0x00000000        0x0 c:/users/dorkm/appdata/local/arduino15/packages/arduino/tools/arm-none-eabi-gcc/7-2017q4/bin/../lib/gcc/arm-none-eabi/7.2.1/../../../../arm-none-eabi/lib/thumb/v6-m\libc_nano.a(lib_a-memcmp.o)
 .data          0x00000000        0x0 c:/users/dorkm/appdata/local/arduino15/packages/arduino/tools/arm-none-eabi-gcc/7-2017q4/bin/../lib/gcc/arm-none-eabi/7.2.1/../../../../arm-none-eabi/lib/thumb/v6-m\libc_nano.a(lib_a-memcmp.o)
 .bss           0x00000000        0x0 c:/users/dorkm/appdata/local/arduino15/packages/arduino/tools/arm-none-eabi-gcc/7-2017q4/bin/../lib/gcc/arm-none-eabi/7.2.1/../../../../arm-none-eabi/lib/thumb/v6-m\libc_nano.a(lib_a-memcmp.o)
 .text          0x00000000        0x0 c:/users/dorkm/appdata/local/arduino15/packages/arduino/tools/arm-none-eabi-gcc/7-2017q4/bin/../lib/gcc/arm-none-eabi/7.2.1/../../../../arm-none-eabi/lib/thumb/v6-m\libc_nano.a(lib_a-memcpy-stub.o)
 .data          0x00000000        0x0 c:/users/dorkm/appdata/local/arduino15/packages/arduino/tools/arm-none-eabi-gcc/7-2017q4/bin/../lib/gcc/arm-none-eabi/7.2.1/../../../../arm-none-eabi/lib/thumb/v6-m\libc_nano.a(lib_a-memcpy-stub.o)
 .bss           0x00000000        0x0 c:/users/dorkm/appdata/local/arduino15/packages/arduino/tools/arm-none-eabi-gcc/7-2017q4/bin/../lib/gcc/arm-none-eabi/7.2.1/../../../../arm-none-eabi/lib/thumb/v6-m\libc_nano.a(lib_a-memcpy-stub.o)
 .text          0x00000000        0x0 c:/users/dorkm/appdata/local/arduino15/packages/arduino/tools/arm-none-eabi-gcc/7-2017q4/bin/../lib/gcc/arm-none-eabi/7.2.1/../../../../arm-none-eabi/lib/thumb/v6-m\libc_nano.a(lib_a-memset.o)
 .data          0x00000000        0x0 c:/users/dorkm/appdata/local/arduino15/packages/arduino/tools/arm-none-eabi-gcc/7-2017q4/bin/../lib/gcc/arm-none-eabi/7.2.1/../../../../arm-none-eabi/lib/thumb/v6-m\libc_nano.a(lib_a-memset.o)
 .bss           0x00000000        0x0 c:/users/dorkm/appdata/local/arduino15/packages/arduino/tools/arm-none-eabi-gcc/7-2017q4/bin/../lib/gcc/arm-none-eabi/7.2.1/../../../../arm-none-eabi/lib/thumb/v6-m\libc_nano.a(lib_a-memset.o)
 .data          0x00000000        0x0 c:/users/dorkm/appdata/local/arduino15/packages/arduino/tools/arm-none-eabi-gcc/7-2017q4/bin/../lib/gcc/arm-none-eabi/7.2.1/../../../../arm-none-eabi/lib/thumb/v6-m\libc_nano.a(lib_a-strlen.o)
 .bss           0x00000000        0x0 c:/users/dorkm/appdata/local/arduino15/packages/arduino/tools/arm-none-eabi-gcc/7-2017q4/bin/../lib/gcc/arm-none-eabi/7.2.1/../../../../arm-none-eabi/lib/thumb/v6-m\libc_nano.a(lib_a-strlen.o)

Memory Configuration

Name             Origin             Length             Attributes
FLASH            0x08000000         0x00030000         xr
CFG              0x0802e000         0x00002000         r
RAM              0x20000000         0x00005000         xrw
*default*        0x00000000         0xffffffff

Linker script and memory map

LOAD build/startup.o
LOAD build/main.o
LOAD build/boot/safe_mode.o
LOAD build/hal/platform.o
LOAD build/host/host_cfg.o
LOAD build/host/host_cfg_wire.o
LOAD build/host/host_cmd.o
LOAD build/host/host_stats.o
LOAD build/host/host_uart.o
LOAD build/radio/sx1276_airtime.o
LOAD build/radio/sx1276_cad.o
LOAD build/radio/sx1276_lbt.o
LOAD build/radio/sx1276_modes.o
LOAD build/radio/sx1276_rx.o
LOAD build/radio/sx1276_tx.o
LOAD build/radio/sx1276.o
LOAD build/include/static_asserts.o
START GROUP
LOAD c:/users/dorkm/appdata/local/arduino15/packages/arduino/tools/arm-none-eabi-gcc/7-2017q4/bin/../lib/gcc/arm-none-eabi/7.2.1/thumb/v6-m\libgcc.a
LOAD c:/users/dorkm/appdata/local/arduino15/packages/arduino/tools/arm-none-eabi-gcc/7-2017q4/bin/../lib/gcc/arm-none-eabi/7.2.1/../../../../arm-none-eabi/lib/thumb/v6-m\libc_nano.a
END GROUP
START GROUP
LOAD c:/users/dorkm/appdata/local/arduino15/packages/arduino/tools/arm-none-eabi-gcc/7-2017q4/bin/../lib/gcc/arm-none-eabi/7.2.1/thumb/v6-m\libgcc.a
LOAD c:/users/dorkm/appdata/local/arduino15/packages/arduino/tools/arm-none-eabi-gcc/7-2017q4/bin/../lib/gcc/arm-none-eabi/7.2.1/../../../../arm-none-eabi/lib/thumb/v6-m\libc_nano.a
LOAD c:/users/dorkm/appdata/local/arduino15/packages/arduino/tools/arm-none-eabi-gcc/7-2017q4/bin/../lib/gcc/arm-none-eabi/7.2.1/../../../../arm-none-eabi/lib/thumb/v6-m\libnosys.a
END GROUP
START GROUP
LOAD c:/users/dorkm/appdata/local/arduino15/packages/arduino/tools/arm-none-eabi-gcc/7-2017q4/bin/../lib/gcc/arm-none-eabi/7.2.1/thumb/v6-m\libgcc.a
LOAD c:/users/dorkm/appdata/local/arduino15/packages/arduino/tools/arm-none-eabi-gcc/7-2017q4/bin/../lib/gcc/arm-none-eabi/7.2.1/../../../../arm-none-eabi/lib/thumb/v6-m\libc_nano.a
LOAD c:/users/dorkm/appdata/local/arduino15/packages/arduino/tools/arm-none-eabi-gcc/7-2017q4/bin/../lib/gcc/arm-none-eabi/7.2.1/../../../../arm-none-eabi/lib/thumb/v6-m\libnosys.a
END GROUP
                0x20005000                _estack = 0x20005000
                0x00000a00                _stack_size = 0xa00
                0x20004600                _stack_bottom = 0x20004600
                0x08000000                _app_start = 0x8000000
                0x08030000                _app_end = 0x8030000
                0x0802e000                _cfg_start = 0x802e000
                0x08030000                _cfg_end = 0x8030000

.isr_vector     0x08000000       0xc0
                0x08000000                . = ALIGN (0x4)
 *(.isr_vector)
 .isr_vector    0x08000000       0xc0 build/startup.o
                0x08000000                g_pfnVectors
                0x080000c0                . = ALIGN (0x4)

.boot_rodata    0x080000c0       0x14
 .boot_rodata   0x080000c0       0x14 build/boot/safe_mode.o

.text           0x080000d4     0x3680
                0x080000d4                . = ALIGN (0x4)
 *(.text)
 .text          0x080000d4       0x14 c:/users/dorkm/appdata/local/arduino15/packages/arduino/tools/arm-none-eabi-gcc/7-2017q4/bin/../lib/gcc/arm-none-eabi/7.2.1/thumb/v6-m\libgcc.a(_thumb1_case_shi.o)
                0x080000d4                __gnu_thumb1_case_shi
 .text          0x080000e8      0x114 c:/users/dorkm/appdata/local/arduino15/packages/arduino/tools/arm-none-eabi-gcc/7-2017q4/bin/../lib/gcc/arm-none-eabi/7.2.1/thumb/v6-m\libgcc.a(_udivsi3.o)
                0x080000e8                __aeabi_uidiv
                0x080000e8                __udivsi3
                0x080001f4                __aeabi_uidivmod
 .text          0x080001fc        0x4 c:/users/dorkm/appdata/local/arduino15/packages/arduino/tools/arm-none-eabi-gcc/7-2017q4/bin/../lib/gcc/arm-none-eabi/7.2.1/thumb/v6-m\libgcc.a(_dvmd_tls.o)
                0x080001fc                __aeabi_idiv0
                0x080001fc                __aeabi_ldiv0
 .text          0x08000200       0x18 c:/users/dorkm/appdata/local/arduino15/packages/arduino/tools/arm-none-eabi-gcc/7-2017q4/bin/../lib/gcc/arm-none-eabi/7.2.1/thumb/v6-m\libgcc.a(_ashldi3.o)
                0x08000200                __aeabi_llsl
                0x08000200                __ashldi3
 .text          0x08000218       0x40 c:/users/dorkm/appdata/local/arduino15/packages/arduino/tools/arm-none-eabi-gcc/7-2017q4/bin/../lib/gcc/arm-none-eabi/7.2.1/thumb/v6-m\libgcc.a(_aeabi_uldivmod.o)
                0x08000218                __aeabi_uldivmod
 .text          0x08000258      0x184 c:/users/dorkm/appdata/local/arduino15/packages/arduino/tools/arm-none-eabi-gcc/7-2017q4/bin/../lib/gcc/arm-none-eabi/7.2.1/thumb/v6-m\libgcc.a(_udivmoddi4.o)
                0x08000258                __udivmoddi4
 .text          0x080003dc       0x18 c:/users/dorkm/appdata/local/arduino15/packages/arduino/tools/arm-none-eabi-gcc/7-2017q4/bin/../lib/gcc/arm-none-eabi/7.2.1/thumb/v6-m\libgcc.a(_clzdi2.o)
                0x080003dc                __clzdi2
 .text          0x080003f4       0x3c c:/users/dorkm/appdata/local/arduino15/packages/arduino/tools/arm-none-eabi-gcc/7-2017q4/bin/../lib/gcc/arm-none-eabi/7.2.1/thumb/v6-m\libgcc.a(_clzsi2.o)
                0x080003f4                __clzsi2
 .text          0x08000430        0xe c:/users/dorkm/appdata/local/arduino15/packages/arduino/tools/arm-none-eabi-gcc/7-2017q4/bin/../lib/gcc/arm-none-eabi/7.2.1/../../../../arm-none-eabi/lib/thumb/v6-m\libc_nano.a(lib_a-strlen.o)
                0x08000430                strlen
 *(.text.*)
 *fill*         0x0800043e        0x2 
 .text.boot_diag_uart_init_19200
                0x08000440       0x90 build/startup.o
 .text.boot_diag_uart_puts
                0x080004d0       0x24 build/startup.o
 .text.HardFault_Handler
                0x080004f4       0x14 build/startup.o
                0x080004f4                HardFault_Handler
 .text.Default_Handler
                0x08000508        0x4 build/startup.o
                0x08000508                TSC_IRQHandler
                0x08000508                ADC1_COMP_IRQHandler
                0x08000508                PVD_IRQHandler
                0x08000508                PendSV_Handler
                0x08000508                I2C1_IRQHandler
                0x08000508                SPI1_IRQHandler
                0x08000508                TIM6_DAC_IRQHandler
                0x08000508                EXTI2_3_IRQHandler
                0x08000508                I2C2_IRQHandler
                0x08000508                RTC_IRQHandler
                0x08000508                LCD_IRQHandler
                0x08000508                DMA1_Channel4_5_6_7_IRQHandler
                0x08000508                TIM3_IRQHandler
                0x08000508                RCC_IRQHandler
                0x08000508                DMA1_Channel1_IRQHandler
                0x08000508                USART4_5_IRQHandler
                0x08000508                Default_Handler
                0x08000508                TIM22_IRQHandler
                0x08000508                TIM7_IRQHandler
                0x08000508                USB_IRQHandler
                0x08000508                I2C3_IRQHandler
                0x08000508                SPI2_IRQHandler
                0x08000508                SVC_Handler
                0x08000508                CRS_IRQHandler
                0x08000508                TIM21_IRQHandler
                0x08000508                WWDG_IRQHandler
                0x08000508                TIM2_IRQHandler
                0x08000508                DMA1_Channel2_3_IRQHandler
                0x08000508                USART2_IRQHandler
                0x08000508                FLASH_IRQHandler
                0x08000508                LPTIM1_IRQHandler
 .text.NMI_Handler
                0x0800050c       0x28 build/startup.o
                0x0800050c                NMI_Handler
 .text.HardFault_Handler_C
                0x08000534       0x3c build/startup.o
                0x08000534                HardFault_Handler_C
 .text.SystemInit
                0x08000570        0x2 build/startup.o
                0x08000570                SystemInit
 *fill*         0x08000572        0x2 
 .text.Reset_Handler
                0x08000574       0xac build/startup.o
                0x08000574                Reset_Handler
 .text.startup.main
                0x08000620       0xdc build/main.o
                0x08000620                main
 .text.platform_reset_cause_capture_early
                0x080006fc       0x5c build/hal/platform.o
                0x080006fc                platform_reset_cause_capture_early
 .text.platform_reset_cause_take
                0x08000758       0x1c build/hal/platform.o
                0x08000758                platform_reset_cause_take
 .text.platform_clock_init_hsi16
                0x08000774       0xb4 build/hal/platform.o
                0x08000774                platform_clock_init_hsi16
 .text.platform_clock_source_id
                0x08000828        0xc build/hal/platform.o
                0x08000828                platform_clock_source_id
 .text.platform_systick_init_1ms
                0x08000834       0x34 build/hal/platform.o
                0x08000834                platform_systick_init_1ms
 .text.platform_now_ms
                0x08000868        0xc build/hal/platform.o
                0x08000868                platform_now_ms
 .text.platform_now_us
                0x08000874       0x48 build/hal/platform.o
                0x08000874                platform_now_us
 .text.platform_delay_ms
                0x080008bc       0x14 build/hal/platform.o
                0x080008bc                platform_delay_ms
 .text.platform_diag_trace
                0x080008d0       0x40 build/hal/platform.o
                0x080008d0                platform_diag_trace
 .text.platform_irq_enable
                0x08000910       0x1c build/hal/platform.o
                0x08000910                platform_irq_enable
 .text.platform_system_reset
                0x0800092c       0x10 build/hal/platform.o
                0x0800092c                platform_system_reset
 .text.platform_fault_record
                0x0800093c       0x28 build/hal/platform.o
                0x0800093c                platform_fault_record
 .text.platform_fault_take_replay
                0x08000964       0x38 build/hal/platform.o
                0x08000964                platform_fault_take_replay
 .text.SysTick_Handler
                0x0800099c       0x10 build/hal/platform.o
                0x0800099c                SysTick_Handler
 .text.cfg_apply_unsupported
                0x080009ac        0x4 build/host/host_cfg.o
 .text.cfg_apply_tx_power_dbm
                0x080009b0       0x14 build/host/host_cfg.o
 .text.cfg_init
                0x080009c4       0x60 build/host/host_cfg.o
                0x080009c4                cfg_init
 .text.cfg_set  0x08000a24      0x1d4 build/host/host_cfg.o
                0x08000a24                cfg_set
 .text.cfg_get  0x08000bf8       0x68 build/host/host_cfg.o
                0x08000bf8                cfg_get
 .text.host_cfg_wire_encode_ok
                0x08000c60       0x28 build/host/host_cfg_wire.o
                0x08000c60                host_cfg_wire_encode_ok
 .text.host_cfg_wire_encode_data
                0x08000c88       0x3e build/host/host_cfg_wire.o
                0x08000c88                host_cfg_wire_encode_data
 .text.at_get_u32_le
                0x08000cc6       0x1c build/host/host_cmd.o
 .text.put_u32_le
                0x08000ce2       0x10 build/host/host_cmd.o
 .text.handle_tx_frame
                0x08000cf2       0x80 build/host/host_cmd.o
 *fill*         0x08000d72        0x2 
 .text.at_send_ok
                0x08000d74       0x10 build/host/host_cmd.o
 .text.at_send_version_triplet
                0x08000d84       0x30 build/host/host_cmd.o
 .text.at_send_hex_nibble
                0x08000db4       0x1e build/host/host_cmd.o
 .text.host_send_fault_urc.part.1
                0x08000dd2       0x5a build/host/host_cmd.o
 .text.at_send_u32.part.3
                0x08000e2c       0x54 build/host/host_cmd.o
 .text.at_line_equals
                0x08000e80       0x72 build/host/host_cmd.o
 *fill*         0x08000ef2        0x2 
 .text.at_send_key_u32
                0x08000ef4       0x2c build/host/host_cmd.o
 .text.host_cmd_init
                0x08000f20       0x78 build/host/host_cmd.o
                0x08000f20                host_cmd_init
 .text.host_cmd_dispatch
                0x08000f98      0x308 build/host/host_cmd.o
                0x08000f98                host_cmd_dispatch
 .text.host_cmd_dispatch_at_line
                0x080012a0      0x434 build/host/host_cmd.o
                0x080012a0                host_cmd_dispatch_at_line
 .text.host_cmd_on_radio_events
                0x080016d4       0x26 build/host/host_cmd.o
                0x080016d4                host_cmd_on_radio_events
 .text.host_cmd_emit_tx_done
                0x080016fa       0x36 build/host/host_cmd.o
                0x080016fa                host_cmd_emit_tx_done
 .text.host_cmd_emit_fault
                0x08001730       0x1c build/host/host_cmd.o
                0x08001730                host_cmd_emit_fault
 .text.host_cmd_emit_rx_frame
                0x0800174c       0x58 build/host/host_cmd.o
                0x0800174c                host_cmd_emit_rx_frame
 .text.put_u32_le
                0x080017a4       0x10 build/host/host_stats.o
 .text.host_stats_reset
                0x080017b4       0x54 build/host/host_stats.o
                0x080017b4                host_stats_reset
 .text.host_stats_radio_rx_ok
                0x08001808       0x10 build/host/host_stats.o
                0x08001808                host_stats_radio_rx_ok
 .text.host_stats_radio_crc_err
                0x08001818       0x10 build/host/host_stats.o
                0x08001818                host_stats_radio_crc_err
 .text.host_stats_radio_tx_ok
                0x08001828       0x10 build/host/host_stats.o
                0x08001828                host_stats_radio_tx_ok
 .text.host_stats_radio_tx_abort_lbt
                0x08001838       0x10 build/host/host_stats.o
                0x08001838                host_stats_radio_tx_abort_lbt
 .text.host_stats_radio_tx_abort_airtime
                0x08001848       0x10 build/host/host_stats.o
                0x08001848                host_stats_radio_tx_abort_airtime
 .text.host_stats_note_radio_events
                0x08001858       0x44 build/host/host_stats.o
                0x08001858                host_stats_note_radio_events
 .text.host_stats_serialize
                0x0800189c      0x17c build/host/host_stats.o
                0x0800189c                host_stats_serialize
 .text.host_diag_echo_rx_byte
                0x08001a18       0x2c build/host/host_uart.o
 .text.crc16_ccitt
                0x08001a44       0x3c build/host/host_uart.o
 .text.usart2_write_byte
                0x08001a80       0x30 build/host/host_uart.o
 .text.usart2_write_bytes
                0x08001ab0       0x34 build/host/host_uart.o
 .text.process_encoded_frame
                0x08001ae4      0x1f0 build/host/host_uart.o
 .text.ingest_binary_byte
                0x08001cd4       0x74 build/host/host_uart.o
 .text.host_uart_send_urc.part.3
                0x08001d48      0x104 build/host/host_uart.o
 .text.gpio_set_alt.constprop.5
                0x08001e4c       0x70 build/host/host_uart.o
 .text.at_replay_candidate_to_binary
                0x08001ebc       0x30 build/host/host_uart.o
 .text.ingest_rx_byte
                0x08001eec       0xcc build/host/host_uart.o
 .text.host_uart_poll_dma
                0x08001fb8        0x2 build/host/host_uart.o
                0x08001fb8                host_uart_poll_dma
 *fill*         0x08001fba        0x2 
 .text.host_uart_pop_frame
                0x08001fbc       0x54 build/host/host_uart.o
                0x08001fbc                host_uart_pop_frame
 .text.host_uart_send_urc
                0x08002010       0x2c build/host/host_uart.o
                0x08002010                host_uart_send_urc
 .text.host_uart_send_ascii
                0x0800203c       0x24 build/host/host_uart.o
                0x0800203c                host_uart_send_ascii
 .text.host_uart_send_err_proto
                0x08002060       0x2a build/host/host_uart.o
                0x08002060                host_uart_send_err_proto
 *fill*         0x0800208a        0x2 
 .text.host_uart_stats_reset
                0x0800208c       0xb8 build/host/host_uart.o
                0x0800208c                host_uart_stats_reset
 .text.host_uart_init
                0x08002144      0x190 build/host/host_uart.o
                0x08002144                host_uart_init
 .text.host_uart_stats_dropped
                0x080022d4        0xc build/host/host_uart.o
                0x080022d4                host_uart_stats_dropped
 .text.host_uart_stats_errors
                0x080022e0        0xc build/host/host_uart.o
                0x080022e0                host_uart_stats_errors
 .text.host_uart_stats_queue_full
                0x080022ec        0xc build/host/host_uart.o
                0x080022ec                host_uart_stats_queue_full
 .text.host_uart_stats_irq_idle
                0x080022f8        0xc build/host/host_uart.o
                0x080022f8                host_uart_stats_irq_idle
 .text.host_uart_stats_irq_ht
                0x08002304        0xc build/host/host_uart.o
                0x08002304                host_uart_stats_irq_ht
 .text.host_uart_stats_irq_tc
                0x08002310        0xc build/host/host_uart.o
                0x08002310                host_uart_stats_irq_tc
 .text.host_uart_stats_irq_te
                0x0800231c        0xc build/host/host_uart.o
                0x0800231c                host_uart_stats_irq_te
 .text.host_uart_stats_rx_bytes
                0x08002328        0xc build/host/host_uart.o
                0x08002328                host_uart_stats_rx_bytes
 .text.host_uart_stats_rx_lpuart_bytes
                0x08002334        0xc build/host/host_uart.o
                0x08002334                host_uart_stats_rx_lpuart_bytes
 .text.host_uart_stats_rx_usart1_bytes
                0x08002340        0xc build/host/host_uart.o
                0x08002340                host_uart_stats_rx_usart1_bytes
 .text.host_uart_stats_parse_ok
                0x0800234c        0xc build/host/host_uart.o
                0x0800234c                host_uart_stats_parse_ok
 .text.host_uart_stats_parse_err
                0x08002358        0xc build/host/host_uart.o
                0x08002358                host_uart_stats_parse_err
 .text.host_uart_stats_uart_err_lpuart
                0x08002364        0xc build/host/host_uart.o
                0x08002364                host_uart_stats_uart_err_lpuart
 .text.host_uart_stats_uart_err_usart1
                0x08002370        0xc build/host/host_uart.o
                0x08002370                host_uart_stats_uart_err_usart1
 .text.host_uart_take_dma_te_events
                0x0800237c       0x18 build/host/host_uart.o
                0x0800237c                host_uart_take_dma_te_events
 .text.host_uart_note_diag_mark
                0x08002394       0x1c build/host/host_uart.o
                0x08002394                host_uart_note_diag_mark
 .text.RNG_LPUART1_IRQHandler
                0x080023b0       0xc4 build/host/host_uart.o
                0x080023b0                RNG_LPUART1_IRQHandler
 .text.USART1_IRQHandler
                0x08002474       0xc8 build/host/host_uart.o
                0x08002474                USART1_IRQHandler
 .text.sx1276_airtime_estimate_toa_us
                0x0800253c      0x104 build/radio/sx1276_airtime.o
                0x0800253c                sx1276_airtime_estimate_toa_us
 .text.sx1276_airtime_reserve
                0x08002640       0x54 build/radio/sx1276_airtime.o
                0x08002640                sx1276_airtime_reserve
 .text.sx1276_airtime_release
                0x08002694       0x20 build/radio/sx1276_airtime.o
                0x08002694                sx1276_airtime_release
 .text.sx1276_airtime_commit
                0x080026b4       0x44 build/radio/sx1276_airtime.o
                0x080026b4                sx1276_airtime_commit
 .text.sx1276_cad_begin
                0x080026f8       0x28 build/radio/sx1276_cad.o
                0x080026f8                sx1276_cad_begin
 .text.sx1276_cad_poll
                0x08002720       0x3c build/radio/sx1276_cad.o
                0x08002720                sx1276_cad_poll
 .text.lbt_arm_backoff
                0x0800275c       0x3c build/radio/sx1276_lbt.o
 .text.cfg_read_u8
                0x08002798       0x2a build/radio/sx1276_lbt.o
 *fill*         0x080027c2        0x2 
 .text.sx1276_lbt_check_and_backoff
                0x080027c4      0x110 build/radio/sx1276_lbt.o
                0x080027c4                sx1276_lbt_check_and_backoff
 .text.mode_desc_for_state
                0x080028d4       0x30 build/radio/sx1276_modes.o
 .text.sx1276_modes_apply
                0x08002904       0x70 build/radio/sx1276_modes.o
 .text.sx1276_modes_get_state
                0x08002974        0xc build/radio/sx1276_modes.o
                0x08002974                sx1276_modes_get_state
 .text.sx1276_modes_to_sleep
                0x08002980        0xe build/radio/sx1276_modes.o
                0x08002980                sx1276_modes_to_sleep
 .text.sx1276_modes_to_standby
                0x0800298e        0xe build/radio/sx1276_modes.o
                0x0800298e                sx1276_modes_to_standby
 .text.sx1276_modes_to_tx
                0x0800299c        0xe build/radio/sx1276_modes.o
                0x0800299c                sx1276_modes_to_tx
 .text.sx1276_modes_to_rx_cont
                0x080029aa        0xe build/radio/sx1276_modes.o
                0x080029aa                sx1276_modes_to_rx_cont
 .text.sx1276_modes_to_cad
                0x080029b8       0x16 build/radio/sx1276_modes.o
                0x080029b8                sx1276_modes_to_cad
 *fill*         0x080029ce        0x2 
 .text.sx1276_modes_init
                0x080029d0       0x20 build/radio/sx1276_modes.o
                0x080029d0                sx1276_modes_init
 .text.sx1276_rx_arm
                0x080029f0       0x28 build/radio/sx1276_rx.o
                0x080029f0                sx1276_rx_arm
 .text.sx1276_rx_disarm
                0x08002a18        0x8 build/radio/sx1276_rx.o
                0x08002a18                sx1276_rx_disarm
 .text.sx1276_rx_service
                0x08002a20       0xa6 build/radio/sx1276_rx.o
                0x08002a20                sx1276_rx_service
 *fill*         0x08002ac6        0x2 
 .text.sx1276_tx_cleanup
                0x08002ac8       0x2c build/radio/sx1276_tx.o
 .text.sx1276_tx_begin
                0x08002af4      0x124 build/radio/sx1276_tx.o
                0x08002af4                sx1276_tx_begin
 .text.sx1276_tx_poll
                0x08002c18       0xb4 build/radio/sx1276_tx.o
                0x08002c18                sx1276_tx_poll
 .text.sx1276_tx_busy
                0x08002ccc       0x10 build/radio/sx1276_tx.o
                0x08002ccc                sx1276_tx_busy
 .text.gpio_mode_output
                0x08002cdc       0x34 build/radio/sx1276.o
 .text.spi1_transfer
                0x08002d10       0x30 build/radio/sx1276.o
 .text.sx1276_radio_reset
                0x08002d40       0x20 build/radio/sx1276.o
                0x08002d40                sx1276_radio_reset
 .text.sx1276_read_reg
                0x08002d60       0x24 build/radio/sx1276.o
                0x08002d60                sx1276_read_reg
 .text.sx1276_write_reg
                0x08002d84       0x28 build/radio/sx1276.o
                0x08002d84                sx1276_write_reg
 .text.sx1276_read_burst
                0x08002dac       0x34 build/radio/sx1276.o
                0x08002dac                sx1276_read_burst
 .text.sx1276_write_burst
                0x08002de0       0x34 build/radio/sx1276.o
                0x08002de0                sx1276_write_burst
 .text.sx1276_read_version
                0x08002e14        0xa build/radio/sx1276.o
                0x08002e14                sx1276_read_version
 *fill*         0x08002e1e        0x2 
 .text.sx1276_set_frequency_hz
                0x08002e20       0x34 build/radio/sx1276.o
                0x08002e20                sx1276_set_frequency_hz
 .text.sx1276_set_tx_power_dbm
                0x08002e54       0x26 build/radio/sx1276.o
                0x08002e54                sx1276_set_tx_power_dbm
 .text.sx1276_set_sf_bw_cr
                0x08002e7a       0xba build/radio/sx1276.o
                0x08002e7a                sx1276_set_sf_bw_cr
 .text.sx1276_init
                0x08002f34      0x264 build/radio/sx1276.o
                0x08002f34                sx1276_init
 .text.sx1276_take_irq_events
                0x08003198       0x18 build/radio/sx1276.o
                0x08003198                sx1276_take_irq_events
 .text.EXTI0_1_IRQHandler
                0x080031b0       0x34 build/radio/sx1276.o
                0x080031b0                EXTI0_1_IRQHandler
 .text.EXTI4_15_IRQHandler
                0x080031e4       0x38 build/radio/sx1276.o
                0x080031e4                EXTI4_15_IRQHandler
 .text.memcmp   0x0800321c       0x1e c:/users/dorkm/appdata/local/arduino15/packages/arduino/tools/arm-none-eabi-gcc/7-2017q4/bin/../lib/gcc/arm-none-eabi/7.2.1/../../../../arm-none-eabi/lib/thumb/v6-m\libc_nano.a(lib_a-memcmp.o)
                0x0800321c                memcmp
 .text.memcpy   0x0800323a       0x12 c:/users/dorkm/appdata/local/arduino15/packages/arduino/tools/arm-none-eabi-gcc/7-2017q4/bin/../lib/gcc/arm-none-eabi/7.2.1/../../../../arm-none-eabi/lib/thumb/v6-m\libc_nano.a(lib_a-memcpy-stub.o)
                0x0800323a                memcpy
 .text.memset   0x0800324c       0x10 c:/users/dorkm/appdata/local/arduino15/packages/arduino/tools/arm-none-eabi-gcc/7-2017q4/bin/../lib/gcc/arm-none-eabi/7.2.1/../../../../arm-none-eabi/lib/thumb/v6-m\libc_nano.a(lib_a-memset.o)
                0x0800324c                memset
 *(.rodata)
 *(.rodata.*)
 .rodata.NMI_Handler.str1.1
                0x0800325c        0xe build/startup.o
 .rodata.Reset_Handler.str1.1
                0x0800326a       0x36 build/startup.o
 .rodata.main.str1.1
                0x080032a0       0x7b build/main.o
 *fill*         0x0800331b        0x1 
 .rodata.k_cfg_desc
                0x0800331c      0x140 build/host/host_cfg.o
 .rodata.at_send_key_u32.str1.1
                0x0800345c       0x7b build/host/host_cmd.o
                                  0x2 (size before relaxing)
 .rodata.at_send_ok.str1.1
                0x0800345c       0x7b build/host/host_cmd.o
                                  0x5 (size before relaxing)
 .rodata.at_send_version_triplet.str1.1
                0x0800345c        0x2 build/host/host_cmd.o
                                  0x4 (size before relaxing)
 .rodata.host_cmd_dispatch.str1.1
                0x0800345e       0x2b build/host/host_cmd.o
 .rodata.host_cmd_dispatch_at_line.str1.1
                0x08003489      0x203 build/host/host_cmd.o
                                0x209 (size before relaxing)
 .rodata.RNG_LPUART1_IRQHandler.str1.1
                0x0800368c       0x1f build/host/host_uart.o
 .rodata.USART1_IRQHandler.str1.1
                0x080036ab       0x1d build/host/host_uart.o
 .rodata.ingest_binary_byte.str1.1
                0x080036c8       0x1c build/host/host_uart.o
 .rodata.ingest_rx_byte.str1.1
                0x080036e4       0x10 build/host/host_uart.o
 .rodata.process_encoded_frame.str1.1
                0x080036f4       0x42 build/host/host_uart.o
 .rodata.k_mode_descs
                0x08003736       0x1e build/radio/sx1276_modes.o
 *(.glue_7)
 .glue_7        0x08003754        0x0 linker stubs
 *(.glue_7t)
 .glue_7t       0x08003754        0x0 linker stubs
 *(.eh_frame)
                0x08003754                . = ALIGN (0x4)
                0x08003754                _etext = .

.vfp11_veneer   0x08003754        0x0
 .vfp11_veneer  0x08003754        0x0 linker stubs

.v4_bx          0x08003754        0x0
 .v4_bx         0x08003754        0x0 linker stubs

.iplt           0x08003754        0x0
 .iplt          0x08003754        0x0 build/startup.o

.boot_text      0x08003754      0x218
 .boot_text     0x08003754      0x218 build/boot/safe_mode.o
                0x08003754                jump_to_bootloader
                0x080037cc                safe_mode_listen

.ARM.extab
 *(.ARM.extab* .gnu.linkonce.armextab.*)

.ARM            0x0800396c        0x8
                0x0800396c                __exidx_start = .
 *(.ARM.exidx*)
 .ARM.exidx     0x0800396c        0x8 c:/users/dorkm/appdata/local/arduino15/packages/arduino/tools/arm-none-eabi-gcc/7-2017q4/bin/../lib/gcc/arm-none-eabi/7.2.1/thumb/v6-m\libgcc.a(_udivmoddi4.o)
                0x08003974                __exidx_end = .
                0x08003974                _sidata = LOADADDR (.data)

.rel.dyn        0x08003974        0x0
 .rel.iplt      0x08003974        0x0 build/startup.o

.data           0x20000000        0x8 load address 0x08003974
                0x20000000                . = ALIGN (0x4)
                0x20000000                _sdata = .
 *(.data)
 *(.data.*)
 .data.s_clock_source_id
                0x20000000        0x1 build/hal/platform.o
 *fill*         0x20000001        0x3 
 .data.s_core_hz
                0x20000004        0x4 build/hal/platform.o
                0x20000008                . = ALIGN (0x4)
                0x20000008                _edata = .

.igot.plt       0x20000008        0x0 load address 0x0800397c
 .igot.plt      0x20000008        0x0 build/startup.o

.noinit         0x20000008       0x18 load address 0x0800397c
                0x20000008                . = ALIGN (0x4)
 *(.noinit)
 .noinit        0x20000008       0x18 build/hal/platform.o
 *(.noinit.*)
                0x20000020                . = ALIGN (0x4)

.bss            0x20000020      0x890 load address 0x0800397c
                0x20000020                . = ALIGN (0x4)
                0x20000020                _sbss = .
                0x20000020                __bss_start__ = _sbss
 *(.bss)
 *(.bss.*)
 .bss.s_reset_cause
                0x20000020        0x1 build/hal/platform.o
 .bss.s_reset_cause_captured
                0x20000021        0x1 build/hal/platform.o
 *fill*         0x20000022        0x2 
 .bss.s_tick_ms
                0x20000024        0x4 build/hal/platform.o
 .bss.s_cfg_dirty
                0x20000028        0x1 build/host/host_cfg.o
 .bss.s_cfg_values
                0x20000029       0xc8 build/host/host_cfg.o
 .bss.s_radio_ok
                0x200000f1        0x1 build/host/host_cmd.o
 .bss.s_radio_version
                0x200000f2        0x1 build/host/host_cmd.o
 *fill*         0x200000f3        0x1 
 .bss.s_radio_crc_err
                0x200000f4        0x4 build/host/host_stats.o
 .bss.s_radio_dio0
                0x200000f8        0x4 build/host/host_stats.o
 .bss.s_radio_dio1
                0x200000fc        0x4 build/host/host_stats.o
 .bss.s_radio_dio2
                0x20000100        0x4 build/host/host_stats.o
 .bss.s_radio_dio3
                0x20000104        0x4 build/host/host_stats.o
 .bss.s_radio_rx_ok
                0x20000108        0x4 build/host/host_stats.o
 .bss.s_radio_tx_abort_airtime
                0x2000010c        0x4 build/host/host_stats.o
 .bss.s_radio_tx_abort_lbt
                0x20000110        0x4 build/host/host_stats.o
 .bss.s_radio_tx_ok
                0x20000114        0x4 build/host/host_stats.o
 .bss.s_at_candidate
                0x20000118        0x1 build/host/host_uart.o
 .bss.s_at_ignore_lf
                0x20000119        0x1 build/host/host_uart.o
 .bss.s_at_line
                0x2000011a       0x60 build/host/host_uart.o
 .bss.s_at_line_len
                0x2000017a        0x2 build/host/host_uart.o
 .bss.s_cobs_encoded
                0x2000017c      0x143 build/host/host_uart.o
 *fill*         0x200002bf        0x1 
 .bss.s_cobs_encoded_len
                0x200002c0        0x2 build/host/host_uart.o
 .bss.s_cobs_overflow
                0x200002c2        0x1 build/host/host_uart.o
 .bss.s_diag_marks
                0x200002c3        0x1 build/host/host_uart.o
 .bss.s_dma_te_events
                0x200002c4        0x4 build/host/host_uart.o
 .bss.s_frame_queue
                0x200002c8      0x500 build/host/host_uart.o
 .bss.s_q_count
                0x200007c8        0x1 build/host/host_uart.o
 .bss.s_q_head  0x200007c9        0x1 build/host/host_uart.o
 .bss.s_q_tail  0x200007ca        0x1 build/host/host_uart.o
 .bss.s_rx_seen_flags
                0x200007cb        0x1 build/host/host_uart.o
 .bss.s_service_in_progress
                0x200007cc        0x1 build/host/host_uart.o
 *fill*         0x200007cd        0x3 
 .bss.s_stats_dropped
                0x200007d0        0x4 build/host/host_uart.o
 .bss.s_stats_errors
                0x200007d4        0x4 build/host/host_uart.o
 .bss.s_stats_irq_ht
                0x200007d8        0x4 build/host/host_uart.o
 .bss.s_stats_irq_idle
                0x200007dc        0x4 build/host/host_uart.o
 .bss.s_stats_irq_tc
                0x200007e0        0x4 build/host/host_uart.o
 .bss.s_stats_irq_te
                0x200007e4        0x4 build/host/host_uart.o
 .bss.s_stats_parse_err
                0x200007e8        0x4 build/host/host_uart.o
 .bss.s_stats_parse_ok
                0x200007ec        0x4 build/host/host_uart.o
 .bss.s_stats_queue_full
                0x200007f0        0x4 build/host/host_uart.o
 .bss.s_stats_rx_bytes
                0x200007f4        0x4 build/host/host_uart.o
 .bss.s_stats_rx_lpuart_bytes
                0x200007f8        0x4 build/host/host_uart.o
 .bss.s_stats_rx_usart1_bytes
                0x200007fc        0x4 build/host/host_uart.o
 .bss.s_stats_uart_err_lpuart
                0x20000800        0x4 build/host/host_uart.o
 .bss.s_stats_uart_err_usart1
                0x20000804        0x4 build/host/host_uart.o
 .bss.s_trace_first_err_lpuart
                0x20000808        0x1 build/host/host_uart.o
 .bss.s_trace_first_err_usart1
                0x20000809        0x1 build/host/host_uart.o
 .bss.s_trace_first_rx_lpuart
                0x2000080a        0x1 build/host/host_uart.o
 .bss.s_trace_first_rx_usart1
                0x2000080b        0x1 build/host/host_uart.o
 .bss.s_budget  0x2000080c       0x80 build/radio/sx1276_airtime.o
 .bss.s_cad_active
                0x2000088c        0x1 build/radio/sx1276_cad.o
 .bss.s_backoff_attempt
                0x2000088d        0x1 build/radio/sx1276_lbt.o
 *fill*         0x2000088e        0x2 
 .bss.s_backoff_until_ms
                0x20000890        0x4 build/radio/sx1276_lbt.o
 .bss.s_state   0x20000894        0x1 build/radio/sx1276_modes.o
 .bss.s_channel_idx
                0x20000895        0x1 build/radio/sx1276_tx.o
 *fill*         0x20000896        0x2 
 .bss.s_deadline_us
                0x20000898        0x4 build/radio/sx1276_tx.o
 .bss.s_expected_toa_us
                0x2000089c        0x4 build/radio/sx1276_tx.o
 .bss.s_rearm_rx
                0x200008a0        0x1 build/radio/sx1276_tx.o
 *fill*         0x200008a1        0x3 
 .bss.s_reserved_airtime_us
                0x200008a4        0x4 build/radio/sx1276_tx.o
 .bss.s_tx_id   0x200008a8        0x1 build/radio/sx1276_tx.o
 .bss.s_tx_power_dbm
                0x200008a9        0x1 build/radio/sx1276_tx.o
 .bss.s_tx_state
                0x200008aa        0x1 build/radio/sx1276_tx.o
 *fill*         0x200008ab        0x1 
 .bss.s_irq_events
                0x200008ac        0x4 build/radio/sx1276.o
 *(COMMON)
                0x200008b0                . = ALIGN (0x4)
                0x200008b0                _ebss = .
                0x200008b0                __bss_end__ = _ebss

._user_heap     0x200008b0        0x0 load address 0x0800397c
                0x200008b0                . = ALIGN (0x8)
                0x200008b0                _end = .
                0x200008b0                _heap_start = .
                0x200008b0                . = (. + 0x0)
                0x200008b0                . = ALIGN (0x8)
                0x200008b0                _heap_end = .

.stack_check    0x200008b0        0x0 load address 0x0800397c
                0x200008b0                . = ALIGN (0x8)
                0x200008b0                . = (. + 0x0)
                0x00000001                ASSERT (((_heap_end + _stack_size) <= _estack), Linker error: not enough RAM left for the reserved stack)

.cfg_reserved   0x0802e000     0x2000
                0x08030000                . = (. + 0x2000)
 *fill*         0x0802e000     0x2000 

/DISCARD/
 *(.note.GNU-stack)
 *(.comment)
                0x00000001                ASSERT (0x1, Linker: FLASH + CFG must cover full 192 KB)
                0x00000001                ASSERT (0x1, Linker: CFG region must fall within overall memory)
OUTPUT(build/firmware.elf elf32-littlearm)

.ARM.attributes
                0x00000000       0x30
 .ARM.attributes
                0x00000000       0x32 build/startup.o
 .ARM.attributes
                0x00000032       0x32 build/main.o
 .ARM.attributes
                0x00000064       0x32 build/boot/safe_mode.o
 .ARM.attributes
                0x00000096       0x32 build/hal/platform.o
 .ARM.attributes
                0x000000c8       0x32 build/host/host_cfg.o
 .ARM.attributes
                0x000000fa       0x32 build/host/host_cfg_wire.o
 .ARM.attributes
                0x0000012c       0x32 build/host/host_cmd.o
 .ARM.attributes
                0x0000015e       0x32 build/host/host_stats.o
 .ARM.attributes
                0x00000190       0x32 build/host/host_uart.o
 .ARM.attributes
                0x000001c2       0x32 build/radio/sx1276_airtime.o
 .ARM.attributes
                0x000001f4       0x32 build/radio/sx1276_cad.o
 .ARM.attributes
                0x00000226       0x32 build/radio/sx1276_lbt.o
 .ARM.attributes
                0x00000258       0x32 build/radio/sx1276_modes.o
 .ARM.attributes
                0x0000028a       0x32 build/radio/sx1276_rx.o
 .ARM.attributes
                0x000002bc       0x32 build/radio/sx1276_tx.o
 .ARM.attributes
                0x000002ee       0x32 build/radio/sx1276.o
 .ARM.attributes
                0x00000320       0x1e c:/users/dorkm/appdata/local/arduino15/packages/arduino/tools/arm-none-eabi-gcc/7-2017q4/bin/../lib/gcc/arm-none-eabi/7.2.1/thumb/v6-m\libgcc.a(_thumb1_case_shi.o)
 .ARM.attributes
                0x0000033e       0x1e c:/users/dorkm/appdata/local/arduino15/packages/arduino/tools/arm-none-eabi-gcc/7-2017q4/bin/../lib/gcc/arm-none-eabi/7.2.1/thumb/v6-m\libgcc.a(_udivsi3.o)
 .ARM.attributes
                0x0000035c       0x1e c:/users/dorkm/appdata/local/arduino15/packages/arduino/tools/arm-none-eabi-gcc/7-2017q4/bin/../lib/gcc/arm-none-eabi/7.2.1/thumb/v6-m\libgcc.a(_dvmd_tls.o)
 .ARM.attributes
                0x0000037a       0x1e c:/users/dorkm/appdata/local/arduino15/packages/arduino/tools/arm-none-eabi-gcc/7-2017q4/bin/../lib/gcc/arm-none-eabi/7.2.1/thumb/v6-m\libgcc.a(_ashldi3.o)
 .ARM.attributes
                0x00000398       0x1e c:/users/dorkm/appdata/local/arduino15/packages/arduino/tools/arm-none-eabi-gcc/7-2017q4/bin/../lib/gcc/arm-none-eabi/7.2.1/thumb/v6-m\libgcc.a(_aeabi_uldivmod.o)
 .ARM.attributes
                0x000003b6       0x2c c:/users/dorkm/appdata/local/arduino15/packages/arduino/tools/arm-none-eabi-gcc/7-2017q4/bin/../lib/gcc/arm-none-eabi/7.2.1/thumb/v6-m\libgcc.a(_udivmoddi4.o)
 .ARM.attributes
                0x000003e2       0x1e c:/users/dorkm/appdata/local/arduino15/packages/arduino/tools/arm-none-eabi-gcc/7-2017q4/bin/../lib/gcc/arm-none-eabi/7.2.1/thumb/v6-m\libgcc.a(_clzdi2.o)
 .ARM.attributes
                0x00000400       0x1e c:/users/dorkm/appdata/local/arduino15/packages/arduino/tools/arm-none-eabi-gcc/7-2017q4/bin/../lib/gcc/arm-none-eabi/7.2.1/thumb/v6-m\libgcc.a(_clzsi2.o)
 .ARM.attributes
                0x0000041e       0x2c c:/users/dorkm/appdata/local/arduino15/packages/arduino/tools/arm-none-eabi-gcc/7-2017q4/bin/../lib/gcc/arm-none-eabi/7.2.1/../../../../arm-none-eabi/lib/thumb/v6-m\libc_nano.a(lib_a-memcmp.o)
 .ARM.attributes
                0x0000044a       0x2c c:/users/dorkm/appdata/local/arduino15/packages/arduino/tools/arm-none-eabi-gcc/7-2017q4/bin/../lib/gcc/arm-none-eabi/7.2.1/../../../../arm-none-eabi/lib/thumb/v6-m\libc_nano.a(lib_a-memcpy-stub.o)
 .ARM.attributes
                0x00000476       0x2c c:/users/dorkm/appdata/local/arduino15/packages/arduino/tools/arm-none-eabi-gcc/7-2017q4/bin/../lib/gcc/arm-none-eabi/7.2.1/../../../../arm-none-eabi/lib/thumb/v6-m\libc_nano.a(lib_a-memset.o)
 .ARM.attributes
                0x000004a2       0x1c c:/users/dorkm/appdata/local/arduino15/packages/arduino/tools/arm-none-eabi-gcc/7-2017q4/bin/../lib/gcc/arm-none-eabi/7.2.1/../../../../arm-none-eabi/lib/thumb/v6-m\libc_nano.a(lib_a-strlen.o)

.debug_frame    0x00000000       0xd0
 .debug_frame   0x00000000       0x20 c:/users/dorkm/appdata/local/arduino15/packages/arduino/tools/arm-none-eabi-gcc/7-2017q4/bin/../lib/gcc/arm-none-eabi/7.2.1/thumb/v6-m\libgcc.a(_udivsi3.o)
 .debug_frame   0x00000020       0x3c c:/users/dorkm/appdata/local/arduino15/packages/arduino/tools/arm-none-eabi-gcc/7-2017q4/bin/../lib/gcc/arm-none-eabi/7.2.1/thumb/v6-m\libgcc.a(_udivmoddi4.o)
 .debug_frame   0x0000005c       0x2c c:/users/dorkm/appdata/local/arduino15/packages/arduino/tools/arm-none-eabi-gcc/7-2017q4/bin/../lib/gcc/arm-none-eabi/7.2.1/../../../../arm-none-eabi/lib/thumb/v6-m\libc_nano.a(lib_a-memcmp.o)
 .debug_frame   0x00000088       0x28 c:/users/dorkm/appdata/local/arduino15/packages/arduino/tools/arm-none-eabi-gcc/7-2017q4/bin/../lib/gcc/arm-none-eabi/7.2.1/../../../../arm-none-eabi/lib/thumb/v6-m\libc_nano.a(lib_a-memcpy-stub.o)
 .debug_frame   0x000000b0       0x20 c:/users/dorkm/appdata/local/arduino15/packages/arduino/tools/arm-none-eabi-gcc/7-2017q4/bin/../lib/gcc/arm-none-eabi/7.2.1/../../../../arm-none-eabi/lib/thumb/v6-m\libc_nano.a(lib_a-memset.o)
