Archive member included to satisfy reference by file (symbol)

c:/program files (x86)/arm gnu toolchain arm-none-eabi/12.2 mpacbti-rel1/bin/../lib/gcc/arm-none-eabi/12.2.1/thumb/v6-m/nofp\libgcc.a(_thumb1_case_uqi.o)
                              build/host/host_cfg.o (__gnu_thumb1_case_uqi)
c:/program files (x86)/arm gnu toolchain arm-none-eabi/12.2 mpacbti-rel1/bin/../lib/gcc/arm-none-eabi/12.2.1/thumb/v6-m/nofp\libgcc.a(_udivsi3.o)
                              build/boot/safe_mode.o (__aeabi_uidiv)
c:/program files (x86)/arm gnu toolchain arm-none-eabi/12.2 mpacbti-rel1/bin/../lib/gcc/arm-none-eabi/12.2.1/thumb/v6-m/nofp\libgcc.a(_divsi3.o)
                              build/radio/sx1276_rx_scan_walker.o (__aeabi_idivmod)
c:/program files (x86)/arm gnu toolchain arm-none-eabi/12.2 mpacbti-rel1/bin/../lib/gcc/arm-none-eabi/12.2.1/thumb/v6-m/nofp\libgcc.a(_dvmd_tls.o)
                              c:/program files (x86)/arm gnu toolchain arm-none-eabi/12.2 mpacbti-rel1/bin/../lib/gcc/arm-none-eabi/12.2.1/thumb/v6-m/nofp\libgcc.a(_udivsi3.o) (__aeabi_idiv0)
c:/program files (x86)/arm gnu toolchain arm-none-eabi/12.2 mpacbti-rel1/bin/../lib/gcc/arm-none-eabi/12.2.1/thumb/v6-m/nofp\libgcc.a(_lshrdi3.o)
                              build/radio/sx1276_fhss.o (__aeabi_llsr)
c:/program files (x86)/arm gnu toolchain arm-none-eabi/12.2 mpacbti-rel1/bin/../lib/gcc/arm-none-eabi/12.2.1/thumb/v6-m/nofp\libgcc.a(_ashldi3.o)
                              build/radio/sx1276_airtime.o (__aeabi_llsl)
c:/program files (x86)/arm gnu toolchain arm-none-eabi/12.2 mpacbti-rel1/bin/../lib/gcc/arm-none-eabi/12.2.1/thumb/v6-m/nofp\libgcc.a(_aeabi_ldivmod.o)
                              build/radio/sx1276_airtime.o (__aeabi_ldivmod)
c:/program files (x86)/arm gnu toolchain arm-none-eabi/12.2 mpacbti-rel1/bin/../lib/gcc/arm-none-eabi/12.2.1/thumb/v6-m/nofp\libgcc.a(_aeabi_uldivmod.o)
                              build/radio/sx1276_airtime.o (__aeabi_uldivmod)
c:/program files (x86)/arm gnu toolchain arm-none-eabi/12.2 mpacbti-rel1/bin/../lib/gcc/arm-none-eabi/12.2.1/thumb/v6-m/nofp\libgcc.a(_udivmoddi4.o)
                              c:/program files (x86)/arm gnu toolchain arm-none-eabi/12.2 mpacbti-rel1/bin/../lib/gcc/arm-none-eabi/12.2.1/thumb/v6-m/nofp\libgcc.a(_aeabi_uldivmod.o) (__udivmoddi4)
c:/program files (x86)/arm gnu toolchain arm-none-eabi/12.2 mpacbti-rel1/bin/../lib/gcc/arm-none-eabi/12.2.1/thumb/v6-m/nofp\libgcc.a(bpabi.o)
                              c:/program files (x86)/arm gnu toolchain arm-none-eabi/12.2 mpacbti-rel1/bin/../lib/gcc/arm-none-eabi/12.2.1/thumb/v6-m/nofp\libgcc.a(_aeabi_ldivmod.o) (__gnu_ldivmod_helper)
c:/program files (x86)/arm gnu toolchain arm-none-eabi/12.2 mpacbti-rel1/bin/../lib/gcc/arm-none-eabi/12.2.1/thumb/v6-m/nofp\libgcc.a(_clzdi2.o)
                              c:/program files (x86)/arm gnu toolchain arm-none-eabi/12.2 mpacbti-rel1/bin/../lib/gcc/arm-none-eabi/12.2.1/thumb/v6-m/nofp\libgcc.a(_udivmoddi4.o) (__clzdi2)
c:/program files (x86)/arm gnu toolchain arm-none-eabi/12.2 mpacbti-rel1/bin/../lib/gcc/arm-none-eabi/12.2.1/thumb/v6-m/nofp\libgcc.a(_muldi3.o)
                              c:/program files (x86)/arm gnu toolchain arm-none-eabi/12.2 mpacbti-rel1/bin/../lib/gcc/arm-none-eabi/12.2.1/thumb/v6-m/nofp\libgcc.a(bpabi.o) (__aeabi_lmul)
c:/program files (x86)/arm gnu toolchain arm-none-eabi/12.2 mpacbti-rel1/bin/../lib/gcc/arm-none-eabi/12.2.1/thumb/v6-m/nofp\libgcc.a(_divdi3.o)
                              c:/program files (x86)/arm gnu toolchain arm-none-eabi/12.2 mpacbti-rel1/bin/../lib/gcc/arm-none-eabi/12.2.1/thumb/v6-m/nofp\libgcc.a(bpabi.o) (__divdi3)
c:/program files (x86)/arm gnu toolchain arm-none-eabi/12.2 mpacbti-rel1/bin/../lib/gcc/arm-none-eabi/12.2.1/thumb/v6-m/nofp\libgcc.a(_clzsi2.o)
                              c:/program files (x86)/arm gnu toolchain arm-none-eabi/12.2 mpacbti-rel1/bin/../lib/gcc/arm-none-eabi/12.2.1/thumb/v6-m/nofp\libgcc.a(_clzdi2.o) (__clzsi2)
c:/program files (x86)/arm gnu toolchain arm-none-eabi/12.2 mpacbti-rel1/bin/../lib/gcc/arm-none-eabi/12.2.1/thumb/v6-m/nofp\libc_nano.a(libc_a-memcmp.o)
                              build/host/host_cfg.o (memcmp)
c:/program files (x86)/arm gnu toolchain arm-none-eabi/12.2 mpacbti-rel1/bin/../lib/gcc/arm-none-eabi/12.2.1/thumb/v6-m/nofp\libc_nano.a(libc_a-memset.o)
                              build/host/host_cfg.o (memset)
c:/program files (x86)/arm gnu toolchain arm-none-eabi/12.2 mpacbti-rel1/bin/../lib/gcc/arm-none-eabi/12.2.1/thumb/v6-m/nofp\libc_nano.a(libc_a-memcpy-stub.o)
                              build/host/host_cfg.o (memcpy)
c:/program files (x86)/arm gnu toolchain arm-none-eabi/12.2 mpacbti-rel1/bin/../lib/gcc/arm-none-eabi/12.2.1/thumb/v6-m/nofp\libc_nano.a(libc_a-strlen.o)
                              build/host/host_cmd.o (strlen)

Discarded input sections

 .text          0x00000000        0x0 build/startup.o
 .data          0x00000000        0x0 build/startup.o
 .bss           0x00000000        0x0 build/startup.o
 .comment       0x00000000       0x56 build/startup.o
 .text          0x00000000        0x0 build/main.o
 .data          0x00000000        0x0 build/main.o
 .bss           0x00000000        0x0 build/main.o
 .rodata._mm_anchor_ref
                0x00000000        0x4 build/main.o
 .comment       0x00000000       0x56 build/main.o
 .text          0x00000000        0x0 build/boot/safe_mode.o
 .data          0x00000000        0x0 build/boot/safe_mode.o
 .bss           0x00000000        0x0 build/boot/safe_mode.o
 .comment       0x00000000       0x56 build/boot/safe_mode.o
 .text          0x00000000        0x0 build/hal/platform.o
 .data          0x00000000        0x0 build/hal/platform.o
 .bss           0x00000000        0x0 build/hal/platform.o
 .comment       0x00000000       0x56 build/hal/platform.o
 .text          0x00000000        0x0 build/host/host_cfg.o
 .data          0x00000000        0x0 build/host/host_cfg.o
 .bss           0x00000000        0x0 build/host/host_cfg.o
 .text.cfg_is_dirty
                0x00000000        0xc build/host/host_cfg.o
 .comment       0x00000000       0x56 build/host/host_cfg.o
 .text          0x00000000        0x0 build/host/host_cfg_profile.o
 .data          0x00000000        0x0 build/host/host_cfg_profile.o
 .bss           0x00000000        0x0 build/host/host_cfg_profile.o
 .text.host_cfg_profile_cancel_stage
                0x00000000       0x1c build/host/host_cfg_profile.o
 .text.host_cfg_profile_has_stage
                0x00000000        0xc build/host/host_cfg_profile.o
 .comment       0x00000000       0x56 build/host/host_cfg_profile.o
 .text          0x00000000        0x0 build/host/host_cfg_wire.o
 .data          0x00000000        0x0 build/host/host_cfg_wire.o
 .bss           0x00000000        0x0 build/host/host_cfg_wire.o
 .comment       0x00000000       0x56 build/host/host_cfg_wire.o
 .text          0x00000000        0x0 build/host/host_cmd.o
 .data          0x00000000        0x0 build/host/host_cmd.o
 .bss           0x00000000        0x0 build/host/host_cmd.o
 .comment       0x00000000       0x56 build/host/host_cmd.o
 .text          0x00000000        0x0 build/host/host_rfco.o
 .data          0x00000000        0x0 build/host/host_rfco.o
 .bss           0x00000000        0x0 build/host/host_rfco.o
 .text.host_rfco_blocked_attempts_reset
                0x00000000       0x1c build/host/host_rfco.o
 .text.host_rfco_pertx_window_reset
                0x00000000       0x18 build/host/host_rfco.o
 .comment       0x00000000       0x56 build/host/host_rfco.o
 .text          0x00000000        0x0 build/host/host_rfco_summary.o
 .data          0x00000000        0x0 build/host/host_rfco_summary.o
 .bss           0x00000000        0x0 build/host/host_rfco_summary.o
 .comment       0x00000000       0x56 build/host/host_rfco_summary.o
 .text          0x00000000        0x0 build/host/host_rfco_summary_emit.o
 .data          0x00000000        0x0 build/host/host_rfco_summary_emit.o
 .bss           0x00000000        0x0 build/host/host_rfco_summary_emit.o
 .text.host_rfco_summary_should_emit
                0x00000000       0x10 build/host/host_rfco_summary_emit.o
 .text.host_rfco_summary_reset_wrapper_state
                0x00000000       0x28 build/host/host_rfco_summary_emit.o
 .comment       0x00000000       0x56 build/host/host_rfco_summary_emit.o
 .text          0x00000000        0x0 build/host/host_stats.o
 .data          0x00000000        0x0 build/host/host_stats.o
 .bss           0x00000000        0x0 build/host/host_stats.o
 .comment       0x00000000       0x56 build/host/host_stats.o
 .text          0x00000000        0x0 build/host/host_uart.o
 .data          0x00000000        0x0 build/host/host_uart.o
 .bss           0x00000000        0x0 build/host/host_uart.o
 .bss.s_dma_rx_buf
                0x00000000      0x200 build/host/host_uart.o
 .comment       0x00000000       0x56 build/host/host_uart.o
 .text          0x00000000        0x0 build/radio/sx1276_airtime.o
 .data          0x00000000        0x0 build/radio/sx1276_airtime.o
 .bss           0x00000000        0x0 build/radio/sx1276_airtime.o
 .comment       0x00000000       0x56 build/radio/sx1276_airtime.o
 .text          0x00000000        0x0 build/radio/sx1276_cad.o
 .data          0x00000000        0x0 build/radio/sx1276_cad.o
 .bss           0x00000000        0x0 build/radio/sx1276_cad.o
 .comment       0x00000000       0x56 build/radio/sx1276_cad.o
 .text          0x00000000        0x0 build/radio/lora_pkt_hdr.o
 .data          0x00000000        0x0 build/radio/lora_pkt_hdr.o
 .bss           0x00000000        0x0 build/radio/lora_pkt_hdr.o
 .comment       0x00000000       0x56 build/radio/lora_pkt_hdr.o
 .text          0x00000000        0x0 build/radio/lora_frames_per_dwell.o
 .data          0x00000000        0x0 build/radio/lora_frames_per_dwell.o
 .bss           0x00000000        0x0 build/radio/lora_frames_per_dwell.o
 .text.lora_frames_per_dwell
                0x00000000       0x28 build/radio/lora_frames_per_dwell.o
 .comment       0x00000000       0x56 build/radio/lora_frames_per_dwell.o
 .ARM.attributes
                0x00000000       0x2c build/radio/lora_frames_per_dwell.o
 .text          0x00000000        0x0 build/radio/sx1276_fhss_chantab.o
 .data          0x00000000        0x0 build/radio/sx1276_fhss_chantab.o
 .bss           0x00000000        0x0 build/radio/sx1276_fhss_chantab.o
 .text.sx1276_fhss_chantab_count
                0x00000000        0x4 build/radio/sx1276_fhss_chantab.o
 .comment       0x00000000       0x56 build/radio/sx1276_fhss_chantab.o
 .text          0x00000000        0x0 build/radio/sx1276_fhss.o
 .data          0x00000000        0x0 build/radio/sx1276_fhss.o
 .bss           0x00000000        0x0 build/radio/sx1276_fhss.o
 .text.sx1276_fhss_reset
                0x00000000       0x14 build/radio/sx1276_fhss.o
 .text.sx1276_fhss_epoch_advance
                0x00000000       0x24 build/radio/sx1276_fhss.o
 .text.sx1276_fhss_blacklist
                0x00000000       0x8c build/radio/sx1276_fhss.o
 .text.sx1276_fhss_lbt_block_count
                0x00000000       0x18 build/radio/sx1276_fhss.o
 .text.sx1276_fhss_current_seed
                0x00000000        0xc build/radio/sx1276_fhss.o
 .comment       0x00000000       0x56 build/radio/sx1276_fhss.o
 .text          0x00000000        0x0 build/radio/sx1276_lbt.o
 .data          0x00000000        0x0 build/radio/sx1276_lbt.o
 .bss           0x00000000        0x0 build/radio/sx1276_lbt.o
 .text.sx1276_lbt_backoff_remaining_ms
                0x00000000       0x20 build/radio/sx1276_lbt.o
 .comment       0x00000000       0x56 build/radio/sx1276_lbt.o
 .text          0x00000000        0x0 build/radio/sx1276_legal_dwell.o
 .data          0x00000000        0x0 build/radio/sx1276_legal_dwell.o
 .bss           0x00000000        0x0 build/radio/sx1276_legal_dwell.o
 .text.sx1276_legal_dwell_reset
                0x00000000       0x14 build/radio/sx1276_legal_dwell.o
 .text.sx1276_legal_dwell_live_event_count
                0x00000000       0x34 build/radio/sx1276_legal_dwell.o
 .comment       0x00000000       0x56 build/radio/sx1276_legal_dwell.o
 .text          0x00000000        0x0 build/radio/sx1276_modes.o
 .data          0x00000000        0x0 build/radio/sx1276_modes.o
 .bss           0x00000000        0x0 build/radio/sx1276_modes.o
 .text.sx1276_modes_to_rx_single
                0x00000000        0xe build/radio/sx1276_modes.o
 .comment       0x00000000       0x56 build/radio/sx1276_modes.o
 .text          0x00000000        0x0 build/radio/sx1276_rx.o
 .data          0x00000000        0x0 build/radio/sx1276_rx.o
 .bss           0x00000000        0x0 build/radio/sx1276_rx.o
 .comment       0x00000000       0x56 build/radio/sx1276_rx.o
 .text          0x00000000        0x0 build/radio/sx1276_rx_counters.o
 .data          0x00000000        0x0 build/radio/sx1276_rx_counters.o
 .bss           0x00000000        0x0 build/radio/sx1276_rx_counters.o
 .text.sx1276_rx_consider_remote_counts
                0x00000000       0x18 build/radio/sx1276_rx_counters.o
 .text.sx1276_rx_consider_remote_counts_reset
                0x00000000       0x14 build/radio/sx1276_rx_counters.o
 .comment       0x00000000       0x56 build/radio/sx1276_rx_counters.o
 .text          0x00000000        0x0 build/radio/sx1276_rx_retune_policy.o
 .data          0x00000000        0x0 build/radio/sx1276_rx_retune_policy.o
 .bss           0x00000000        0x0 build/radio/sx1276_rx_retune_policy.o
 .comment       0x00000000       0x56 build/radio/sx1276_rx_retune_policy.o
 .text          0x00000000        0x0 build/radio/sx1276_rx_retune_counters.o
 .data          0x00000000        0x0 build/radio/sx1276_rx_retune_counters.o
 .bss           0x00000000        0x0 build/radio/sx1276_rx_retune_counters.o
 .text.sx1276_rx_retune_counts
                0x00000000       0x18 build/radio/sx1276_rx_retune_counters.o
 .text.sx1276_rx_retune_counts_reset
                0x00000000       0x14 build/radio/sx1276_rx_retune_counters.o
 .comment       0x00000000       0x56 build/radio/sx1276_rx_retune_counters.o
 .text          0x00000000        0x0 build/radio/sx1276_rx_scan_policy.o
 .data          0x00000000        0x0 build/radio/sx1276_rx_scan_policy.o
 .bss           0x00000000        0x0 build/radio/sx1276_rx_scan_policy.o
 .comment       0x00000000       0x56 build/radio/sx1276_rx_scan_policy.o
 .text          0x00000000        0x0 build/radio/sx1276_rx_scan_counters.o
 .data          0x00000000        0x0 build/radio/sx1276_rx_scan_counters.o
 .bss           0x00000000        0x0 build/radio/sx1276_rx_scan_counters.o
 .text.sx1276_rx_scan_state_counts
                0x00000000       0x1c build/radio/sx1276_rx_scan_counters.o
 .text.sx1276_rx_scan_action_counts
                0x00000000       0x18 build/radio/sx1276_rx_scan_counters.o
 .text.sx1276_rx_scan_counts_reset
                0x00000000       0x24 build/radio/sx1276_rx_scan_counters.o
 .comment       0x00000000       0x56 build/radio/sx1276_rx_scan_counters.o
 .text          0x00000000        0x0 build/radio/sx1276_rx_scan_fail.o
 .data          0x00000000        0x0 build/radio/sx1276_rx_scan_fail.o
 .bss           0x00000000        0x0 build/radio/sx1276_rx_scan_fail.o
 .comment       0x00000000       0x56 build/radio/sx1276_rx_scan_fail.o
 .text          0x00000000        0x0 build/radio/sx1276_rx_scan_walker.o
 .data          0x00000000        0x0 build/radio/sx1276_rx_scan_walker.o
 .bss           0x00000000        0x0 build/radio/sx1276_rx_scan_walker.o
 .text.sx1276_rx_scan_walker_peek_next
                0x00000000        0xc build/radio/sx1276_rx_scan_walker.o
 .comment       0x00000000       0x56 build/radio/sx1276_rx_scan_walker.o
 .text          0x00000000        0x0 build/radio/sx1276_tx.o
 .data          0x00000000        0x0 build/radio/sx1276_tx.o
 .bss           0x00000000        0x0 build/radio/sx1276_tx.o
 .comment       0x00000000       0x56 build/radio/sx1276_tx.o
 .text          0x00000000        0x0 build/radio/sx1276.o
 .data          0x00000000        0x0 build/radio/sx1276.o
 .bss           0x00000000        0x0 build/radio/sx1276.o
 .text.sx1276_set_sf_bw_cr
                0x00000000        0x8 build/radio/sx1276.o
 .text.sx1276_apply_profile_full
                0x00000000       0x26 build/radio/sx1276.o
 .text.sx1276_reg_dump
                0x00000000       0x20 build/radio/sx1276.o
 .comment       0x00000000       0x56 build/radio/sx1276.o
 .text          0x00000000        0x0 build/include/static_asserts.o
 .data          0x00000000        0x0 build/include/static_asserts.o
 .bss           0x00000000        0x0 build/include/static_asserts.o
 .comment       0x00000000       0x56 build/include/static_asserts.o
 .ARM.attributes
                0x00000000       0x2c build/include/static_asserts.o
 .data          0x00000000        0x0 c:/program files (x86)/arm gnu toolchain arm-none-eabi/12.2 mpacbti-rel1/bin/../lib/gcc/arm-none-eabi/12.2.1/thumb/v6-m/nofp\libgcc.a(_thumb1_case_uqi.o)
 .bss           0x00000000        0x0 c:/program files (x86)/arm gnu toolchain arm-none-eabi/12.2 mpacbti-rel1/bin/../lib/gcc/arm-none-eabi/12.2.1/thumb/v6-m/nofp\libgcc.a(_thumb1_case_uqi.o)
 .data          0x00000000        0x0 c:/program files (x86)/arm gnu toolchain arm-none-eabi/12.2 mpacbti-rel1/bin/../lib/gcc/arm-none-eabi/12.2.1/thumb/v6-m/nofp\libgcc.a(_udivsi3.o)
 .bss           0x00000000        0x0 c:/program files (x86)/arm gnu toolchain arm-none-eabi/12.2 mpacbti-rel1/bin/../lib/gcc/arm-none-eabi/12.2.1/thumb/v6-m/nofp\libgcc.a(_udivsi3.o)
 .text          0x00000000      0x1d4 c:/program files (x86)/arm gnu toolchain arm-none-eabi/12.2 mpacbti-rel1/bin/../lib/gcc/arm-none-eabi/12.2.1/thumb/v6-m/nofp\libgcc.a(_divsi3.o)
 .data          0x00000000        0x0 c:/program files (x86)/arm gnu toolchain arm-none-eabi/12.2 mpacbti-rel1/bin/../lib/gcc/arm-none-eabi/12.2.1/thumb/v6-m/nofp\libgcc.a(_divsi3.o)
 .bss           0x00000000        0x0 c:/program files (x86)/arm gnu toolchain arm-none-eabi/12.2 mpacbti-rel1/bin/../lib/gcc/arm-none-eabi/12.2.1/thumb/v6-m/nofp\libgcc.a(_divsi3.o)
 .debug_frame   0x00000000       0x20 c:/program files (x86)/arm gnu toolchain arm-none-eabi/12.2 mpacbti-rel1/bin/../lib/gcc/arm-none-eabi/12.2.1/thumb/v6-m/nofp\libgcc.a(_divsi3.o)
 .debug_line_str
                0x00000000       0xd9 c:/program files (x86)/arm gnu toolchain arm-none-eabi/12.2 mpacbti-rel1/bin/../lib/gcc/arm-none-eabi/12.2.1/thumb/v6-m/nofp\libgcc.a(_divsi3.o)
 .ARM.attributes
                0x00000000       0x1e c:/program files (x86)/arm gnu toolchain arm-none-eabi/12.2 mpacbti-rel1/bin/../lib/gcc/arm-none-eabi/12.2.1/thumb/v6-m/nofp\libgcc.a(_divsi3.o)
 .data          0x00000000        0x0 c:/program files (x86)/arm gnu toolchain arm-none-eabi/12.2 mpacbti-rel1/bin/../lib/gcc/arm-none-eabi/12.2.1/thumb/v6-m/nofp\libgcc.a(_dvmd_tls.o)
 .bss           0x00000000        0x0 c:/program files (x86)/arm gnu toolchain arm-none-eabi/12.2 mpacbti-rel1/bin/../lib/gcc/arm-none-eabi/12.2.1/thumb/v6-m/nofp\libgcc.a(_dvmd_tls.o)
 .data          0x00000000        0x0 c:/program files (x86)/arm gnu toolchain arm-none-eabi/12.2 mpacbti-rel1/bin/../lib/gcc/arm-none-eabi/12.2.1/thumb/v6-m/nofp\libgcc.a(_lshrdi3.o)
 .bss           0x00000000        0x0 c:/program files (x86)/arm gnu toolchain arm-none-eabi/12.2 mpacbti-rel1/bin/../lib/gcc/arm-none-eabi/12.2.1/thumb/v6-m/nofp\libgcc.a(_lshrdi3.o)
 .data          0x00000000        0x0 c:/program files (x86)/arm gnu toolchain arm-none-eabi/12.2 mpacbti-rel1/bin/../lib/gcc/arm-none-eabi/12.2.1/thumb/v6-m/nofp\libgcc.a(_ashldi3.o)
 .bss           0x00000000        0x0 c:/program files (x86)/arm gnu toolchain arm-none-eabi/12.2 mpacbti-rel1/bin/../lib/gcc/arm-none-eabi/12.2.1/thumb/v6-m/nofp\libgcc.a(_ashldi3.o)
 .text          0x00000000       0x48 c:/program files (x86)/arm gnu toolchain arm-none-eabi/12.2 mpacbti-rel1/bin/../lib/gcc/arm-none-eabi/12.2.1/thumb/v6-m/nofp\libgcc.a(_aeabi_ldivmod.o)
 .data          0x00000000        0x0 c:/program files (x86)/arm gnu toolchain arm-none-eabi/12.2 mpacbti-rel1/bin/../lib/gcc/arm-none-eabi/12.2.1/thumb/v6-m/nofp\libgcc.a(_aeabi_ldivmod.o)
 .bss           0x00000000        0x0 c:/program files (x86)/arm gnu toolchain arm-none-eabi/12.2 mpacbti-rel1/bin/../lib/gcc/arm-none-eabi/12.2.1/thumb/v6-m/nofp\libgcc.a(_aeabi_ldivmod.o)
 .debug_line_str
                0x00000000       0xd9 c:/program files (x86)/arm gnu toolchain arm-none-eabi/12.2 mpacbti-rel1/bin/../lib/gcc/arm-none-eabi/12.2.1/thumb/v6-m/nofp\libgcc.a(_aeabi_ldivmod.o)
 .ARM.attributes
                0x00000000       0x1e c:/program files (x86)/arm gnu toolchain arm-none-eabi/12.2 mpacbti-rel1/bin/../lib/gcc/arm-none-eabi/12.2.1/thumb/v6-m/nofp\libgcc.a(_aeabi_ldivmod.o)
 .data          0x00000000        0x0 c:/program files (x86)/arm gnu toolchain arm-none-eabi/12.2 mpacbti-rel1/bin/../lib/gcc/arm-none-eabi/12.2.1/thumb/v6-m/nofp\libgcc.a(_aeabi_uldivmod.o)
 .bss           0x00000000        0x0 c:/program files (x86)/arm gnu toolchain arm-none-eabi/12.2 mpacbti-rel1/bin/../lib/gcc/arm-none-eabi/12.2.1/thumb/v6-m/nofp\libgcc.a(_aeabi_uldivmod.o)
 .text          0x00000000        0x0 c:/program files (x86)/arm gnu toolchain arm-none-eabi/12.2 mpacbti-rel1/bin/../lib/gcc/arm-none-eabi/12.2.1/thumb/v6-m/nofp\libgcc.a(_udivmoddi4.o)
 .data          0x00000000        0x0 c:/program files (x86)/arm gnu toolchain arm-none-eabi/12.2 mpacbti-rel1/bin/../lib/gcc/arm-none-eabi/12.2.1/thumb/v6-m/nofp\libgcc.a(_udivmoddi4.o)
 .bss           0x00000000        0x0 c:/program files (x86)/arm gnu toolchain arm-none-eabi/12.2 mpacbti-rel1/bin/../lib/gcc/arm-none-eabi/12.2.1/thumb/v6-m/nofp\libgcc.a(_udivmoddi4.o)
 .ARM.extab.text.__udivmoddi4
                0x00000000        0x0 c:/program files (x86)/arm gnu toolchain arm-none-eabi/12.2 mpacbti-rel1/bin/../lib/gcc/arm-none-eabi/12.2.1/thumb/v6-m/nofp\libgcc.a(_udivmoddi4.o)
 .text          0x00000000        0x0 c:/program files (x86)/arm gnu toolchain arm-none-eabi/12.2 mpacbti-rel1/bin/../lib/gcc/arm-none-eabi/12.2.1/thumb/v6-m/nofp\libgcc.a(bpabi.o)
 .data          0x00000000        0x0 c:/program files (x86)/arm gnu toolchain arm-none-eabi/12.2 mpacbti-rel1/bin/../lib/gcc/arm-none-eabi/12.2.1/thumb/v6-m/nofp\libgcc.a(bpabi.o)
 .bss           0x00000000        0x0 c:/program files (x86)/arm gnu toolchain arm-none-eabi/12.2 mpacbti-rel1/bin/../lib/gcc/arm-none-eabi/12.2.1/thumb/v6-m/nofp\libgcc.a(bpabi.o)
 .text.__gnu_ldivmod_helper
                0x00000000       0x3c c:/program files (x86)/arm gnu toolchain arm-none-eabi/12.2 mpacbti-rel1/bin/../lib/gcc/arm-none-eabi/12.2.1/thumb/v6-m/nofp\libgcc.a(bpabi.o)
 .debug_frame   0x00000000       0x38 c:/program files (x86)/arm gnu toolchain arm-none-eabi/12.2 mpacbti-rel1/bin/../lib/gcc/arm-none-eabi/12.2.1/thumb/v6-m/nofp\libgcc.a(bpabi.o)
 .ARM.attributes
                0x00000000       0x2c c:/program files (x86)/arm gnu toolchain arm-none-eabi/12.2 mpacbti-rel1/bin/../lib/gcc/arm-none-eabi/12.2.1/thumb/v6-m/nofp\libgcc.a(bpabi.o)
 .data          0x00000000        0x0 c:/program files (x86)/arm gnu toolchain arm-none-eabi/12.2 mpacbti-rel1/bin/../lib/gcc/arm-none-eabi/12.2.1/thumb/v6-m/nofp\libgcc.a(_clzdi2.o)
 .bss           0x00000000        0x0 c:/program files (x86)/arm gnu toolchain arm-none-eabi/12.2 mpacbti-rel1/bin/../lib/gcc/arm-none-eabi/12.2.1/thumb/v6-m/nofp\libgcc.a(_clzdi2.o)
 .text          0x00000000        0x0 c:/program files (x86)/arm gnu toolchain arm-none-eabi/12.2 mpacbti-rel1/bin/../lib/gcc/arm-none-eabi/12.2.1/thumb/v6-m/nofp\libgcc.a(_muldi3.o)
 .data          0x00000000        0x0 c:/program files (x86)/arm gnu toolchain arm-none-eabi/12.2 mpacbti-rel1/bin/../lib/gcc/arm-none-eabi/12.2.1/thumb/v6-m/nofp\libgcc.a(_muldi3.o)
 .bss           0x00000000        0x0 c:/program files (x86)/arm gnu toolchain arm-none-eabi/12.2 mpacbti-rel1/bin/../lib/gcc/arm-none-eabi/12.2.1/thumb/v6-m/nofp\libgcc.a(_muldi3.o)
 .text.__muldi3
                0x00000000       0x5c c:/program files (x86)/arm gnu toolchain arm-none-eabi/12.2 mpacbti-rel1/bin/../lib/gcc/arm-none-eabi/12.2.1/thumb/v6-m/nofp\libgcc.a(_muldi3.o)
 .debug_frame   0x00000000       0x34 c:/program files (x86)/arm gnu toolchain arm-none-eabi/12.2 mpacbti-rel1/bin/../lib/gcc/arm-none-eabi/12.2.1/thumb/v6-m/nofp\libgcc.a(_muldi3.o)
 .ARM.attributes
                0x00000000       0x2c c:/program files (x86)/arm gnu toolchain arm-none-eabi/12.2 mpacbti-rel1/bin/../lib/gcc/arm-none-eabi/12.2.1/thumb/v6-m/nofp\libgcc.a(_muldi3.o)
 .text          0x00000000        0x0 c:/program files (x86)/arm gnu toolchain arm-none-eabi/12.2 mpacbti-rel1/bin/../lib/gcc/arm-none-eabi/12.2.1/thumb/v6-m/nofp\libgcc.a(_divdi3.o)
 .data          0x00000000        0x0 c:/program files (x86)/arm gnu toolchain arm-none-eabi/12.2 mpacbti-rel1/bin/../lib/gcc/arm-none-eabi/12.2.1/thumb/v6-m/nofp\libgcc.a(_divdi3.o)
 .bss           0x00000000        0x0 c:/program files (x86)/arm gnu toolchain arm-none-eabi/12.2 mpacbti-rel1/bin/../lib/gcc/arm-none-eabi/12.2.1/thumb/v6-m/nofp\libgcc.a(_divdi3.o)
 .text.__divdi3
                0x00000000      0x1e4 c:/program files (x86)/arm gnu toolchain arm-none-eabi/12.2 mpacbti-rel1/bin/../lib/gcc/arm-none-eabi/12.2.1/thumb/v6-m/nofp\libgcc.a(_divdi3.o)
 .ARM.extab.text.__divdi3
                0x00000000        0x0 c:/program files (x86)/arm gnu toolchain arm-none-eabi/12.2 mpacbti-rel1/bin/../lib/gcc/arm-none-eabi/12.2.1/thumb/v6-m/nofp\libgcc.a(_divdi3.o)
 .ARM.exidx.text.__divdi3
                0x00000000        0x8 c:/program files (x86)/arm gnu toolchain arm-none-eabi/12.2 mpacbti-rel1/bin/../lib/gcc/arm-none-eabi/12.2.1/thumb/v6-m/nofp\libgcc.a(_divdi3.o)
 .debug_frame   0x00000000       0x3c c:/program files (x86)/arm gnu toolchain arm-none-eabi/12.2 mpacbti-rel1/bin/../lib/gcc/arm-none-eabi/12.2.1/thumb/v6-m/nofp\libgcc.a(_divdi3.o)
 .ARM.attributes
                0x00000000       0x2c c:/program files (x86)/arm gnu toolchain arm-none-eabi/12.2 mpacbti-rel1/bin/../lib/gcc/arm-none-eabi/12.2.1/thumb/v6-m/nofp\libgcc.a(_divdi3.o)
 .data          0x00000000        0x0 c:/program files (x86)/arm gnu toolchain arm-none-eabi/12.2 mpacbti-rel1/bin/../lib/gcc/arm-none-eabi/12.2.1/thumb/v6-m/nofp\libgcc.a(_clzsi2.o)
 .bss           0x00000000        0x0 c:/program files (x86)/arm gnu toolchain arm-none-eabi/12.2 mpacbti-rel1/bin/../lib/gcc/arm-none-eabi/12.2.1/thumb/v6-m/nofp\libgcc.a(_clzsi2.o)
 .text          0x00000000        0x0 c:/program files (x86)/arm gnu toolchain arm-none-eabi/12.2 mpacbti-rel1/bin/../lib/gcc/arm-none-eabi/12.2.1/thumb/v6-m/nofp\libc_nano.a(libc_a-memcmp.o)
 .data          0x00000000        0x0 c:/program files (x86)/arm gnu toolchain arm-none-eabi/12.2 mpacbti-rel1/bin/../lib/gcc/arm-none-eabi/12.2.1/thumb/v6-m/nofp\libc_nano.a(libc_a-memcmp.o)
 .bss           0x00000000        0x0 c:/program files (x86)/arm gnu toolchain arm-none-eabi/12.2 mpacbti-rel1/bin/../lib/gcc/arm-none-eabi/12.2.1/thumb/v6-m/nofp\libc_nano.a(libc_a-memcmp.o)
 .text          0x00000000        0x0 c:/program files (x86)/arm gnu toolchain arm-none-eabi/12.2 mpacbti-rel1/bin/../lib/gcc/arm-none-eabi/12.2.1/thumb/v6-m/nofp\libc_nano.a(libc_a-memset.o)
 .data          0x00000000        0x0 c:/program files (x86)/arm gnu toolchain arm-none-eabi/12.2 mpacbti-rel1/bin/../lib/gcc/arm-none-eabi/12.2.1/thumb/v6-m/nofp\libc_nano.a(libc_a-memset.o)
 .bss           0x00000000        0x0 c:/program files (x86)/arm gnu toolchain arm-none-eabi/12.2 mpacbti-rel1/bin/../lib/gcc/arm-none-eabi/12.2.1/thumb/v6-m/nofp\libc_nano.a(libc_a-memset.o)
 .text          0x00000000        0x0 c:/program files (x86)/arm gnu toolchain arm-none-eabi/12.2 mpacbti-rel1/bin/../lib/gcc/arm-none-eabi/12.2.1/thumb/v6-m/nofp\libc_nano.a(libc_a-memcpy-stub.o)
 .data          0x00000000        0x0 c:/program files (x86)/arm gnu toolchain arm-none-eabi/12.2 mpacbti-rel1/bin/../lib/gcc/arm-none-eabi/12.2.1/thumb/v6-m/nofp\libc_nano.a(libc_a-memcpy-stub.o)
 .bss           0x00000000        0x0 c:/program files (x86)/arm gnu toolchain arm-none-eabi/12.2 mpacbti-rel1/bin/../lib/gcc/arm-none-eabi/12.2.1/thumb/v6-m/nofp\libc_nano.a(libc_a-memcpy-stub.o)
 .data          0x00000000        0x0 c:/program files (x86)/arm gnu toolchain arm-none-eabi/12.2 mpacbti-rel1/bin/../lib/gcc/arm-none-eabi/12.2.1/thumb/v6-m/nofp\libc_nano.a(libc_a-strlen.o)
 .bss           0x00000000        0x0 c:/program files (x86)/arm gnu toolchain arm-none-eabi/12.2 mpacbti-rel1/bin/../lib/gcc/arm-none-eabi/12.2.1/thumb/v6-m/nofp\libc_nano.a(libc_a-strlen.o)

Memory Configuration

Name             Origin             Length             Attributes
FLASH            0x08000000         0x00030000         xr
CFG              0x0802e000         0x00002000         r
RAM              0x20000000         0x00005000         xrw
*default*        0x00000000         0xffffffff

Linker script and memory map

LOAD build/startup.o
LOAD build/main.o
LOAD build/boot/safe_mode.o
LOAD build/hal/platform.o
LOAD build/host/host_cfg.o
LOAD build/host/host_cfg_profile.o
LOAD build/host/host_cfg_wire.o
LOAD build/host/host_cmd.o
LOAD build/host/host_rfco.o
LOAD build/host/host_rfco_summary.o
LOAD build/host/host_rfco_summary_emit.o
LOAD build/host/host_stats.o
LOAD build/host/host_uart.o
LOAD build/radio/sx1276_airtime.o
LOAD build/radio/sx1276_cad.o
LOAD build/radio/lora_pkt_hdr.o
LOAD build/radio/lora_frames_per_dwell.o
LOAD build/radio/sx1276_fhss_chantab.o
LOAD build/radio/sx1276_fhss.o
LOAD build/radio/sx1276_lbt.o
LOAD build/radio/sx1276_legal_dwell.o
LOAD build/radio/sx1276_modes.o
LOAD build/radio/sx1276_rx.o
LOAD build/radio/sx1276_rx_counters.o
LOAD build/radio/sx1276_rx_retune_policy.o
LOAD build/radio/sx1276_rx_retune_counters.o
LOAD build/radio/sx1276_rx_scan_policy.o
LOAD build/radio/sx1276_rx_scan_counters.o
LOAD build/radio/sx1276_rx_scan_fail.o
LOAD build/radio/sx1276_rx_scan_walker.o
LOAD build/radio/sx1276_tx.o
LOAD build/radio/sx1276.o
LOAD build/include/static_asserts.o
START GROUP
LOAD c:/program files (x86)/arm gnu toolchain arm-none-eabi/12.2 mpacbti-rel1/bin/../lib/gcc/arm-none-eabi/12.2.1/thumb/v6-m/nofp\libgcc.a
LOAD c:/program files (x86)/arm gnu toolchain arm-none-eabi/12.2 mpacbti-rel1/bin/../lib/gcc/arm-none-eabi/12.2.1/thumb/v6-m/nofp\libc_nano.a
END GROUP
START GROUP
LOAD c:/program files (x86)/arm gnu toolchain arm-none-eabi/12.2 mpacbti-rel1/bin/../lib/gcc/arm-none-eabi/12.2.1/thumb/v6-m/nofp\libgcc.a
LOAD c:/program files (x86)/arm gnu toolchain arm-none-eabi/12.2 mpacbti-rel1/bin/../lib/gcc/arm-none-eabi/12.2.1/thumb/v6-m/nofp\libc_nano.a
LOAD c:/program files (x86)/arm gnu toolchain arm-none-eabi/12.2 mpacbti-rel1/bin/../lib/gcc/arm-none-eabi/12.2.1/thumb/v6-m/nofp\libnosys.a
END GROUP
START GROUP
LOAD c:/program files (x86)/arm gnu toolchain arm-none-eabi/12.2 mpacbti-rel1/bin/../lib/gcc/arm-none-eabi/12.2.1/thumb/v6-m/nofp\libgcc.a
LOAD c:/program files (x86)/arm gnu toolchain arm-none-eabi/12.2 mpacbti-rel1/bin/../lib/gcc/arm-none-eabi/12.2.1/thumb/v6-m/nofp\libc_nano.a
LOAD c:/program files (x86)/arm gnu toolchain arm-none-eabi/12.2 mpacbti-rel1/bin/../lib/gcc/arm-none-eabi/12.2.1/thumb/v6-m/nofp\libnosys.a
END GROUP
                0x20005000                        _estack = 0x20005000
                0x00000a00                        _stack_size = 0xa00
                0x20004600                        _stack_bottom = 0x20004600
                0x08000000                        _app_start = 0x8000000
                0x08030000                        _app_end = 0x8030000
                0x0802e000                        _cfg_start = 0x802e000
                0x08030000                        _cfg_end = 0x8030000

.isr_vector     0x08000000       0xc4
                0x08000000                        . = ALIGN (0x4)
 *(.isr_vector)
 .isr_vector    0x08000000       0xc4 build/startup.o
                0x08000000                g_pfnVectors
                0x080000c4                        . = ALIGN (0x4)

.boot_rodata    0x080000c4       0x14
 .boot_rodata   0x080000c4       0x14 build/boot/safe_mode.o

.text           0x080000d8     0x505c
                0x080000d8                        . = ALIGN (0x4)
 *(.text)
 .text          0x080000d8       0x14 c:/program files (x86)/arm gnu toolchain arm-none-eabi/12.2 mpacbti-rel1/bin/../lib/gcc/arm-none-eabi/12.2.1/thumb/v6-m/nofp\libgcc.a(_thumb1_case_uqi.o)
                0x080000d8                __gnu_thumb1_case_uqi
 .text          0x080000ec      0x114 c:/program files (x86)/arm gnu toolchain arm-none-eabi/12.2 mpacbti-rel1/bin/../lib/gcc/arm-none-eabi/12.2.1/thumb/v6-m/nofp\libgcc.a(_udivsi3.o)
                0x080000ec                __aeabi_uidiv
                0x080000ec                __udivsi3
                0x080001f8                __aeabi_uidivmod
 .text          0x08000200        0x4 c:/program files (x86)/arm gnu toolchain arm-none-eabi/12.2 mpacbti-rel1/bin/../lib/gcc/arm-none-eabi/12.2.1/thumb/v6-m/nofp\libgcc.a(_dvmd_tls.o)
                0x08000200                __aeabi_idiv0
                0x08000200                __aeabi_ldiv0
 .text          0x08000204       0x18 c:/program files (x86)/arm gnu toolchain arm-none-eabi/12.2 mpacbti-rel1/bin/../lib/gcc/arm-none-eabi/12.2.1/thumb/v6-m/nofp\libgcc.a(_lshrdi3.o)
                0x08000204                __lshrdi3
                0x08000204                __aeabi_llsr
 .text          0x0800021c       0x18 c:/program files (x86)/arm gnu toolchain arm-none-eabi/12.2 mpacbti-rel1/bin/../lib/gcc/arm-none-eabi/12.2.1/thumb/v6-m/nofp\libgcc.a(_ashldi3.o)
                0x0800021c                __aeabi_llsl
                0x0800021c                __ashldi3
 .text          0x08000234       0x40 c:/program files (x86)/arm gnu toolchain arm-none-eabi/12.2 mpacbti-rel1/bin/../lib/gcc/arm-none-eabi/12.2.1/thumb/v6-m/nofp\libgcc.a(_aeabi_uldivmod.o)
                0x08000234                __aeabi_uldivmod
 .text          0x08000274       0x18 c:/program files (x86)/arm gnu toolchain arm-none-eabi/12.2 mpacbti-rel1/bin/../lib/gcc/arm-none-eabi/12.2.1/thumb/v6-m/nofp\libgcc.a(_clzdi2.o)
                0x08000274                __clzdi2
 .text          0x0800028c       0x3c c:/program files (x86)/arm gnu toolchain arm-none-eabi/12.2 mpacbti-rel1/bin/../lib/gcc/arm-none-eabi/12.2.1/thumb/v6-m/nofp\libgcc.a(_clzsi2.o)
                0x0800028c                __clzsi2
 .text          0x080002c8        0xe c:/program files (x86)/arm gnu toolchain arm-none-eabi/12.2 mpacbti-rel1/bin/../lib/gcc/arm-none-eabi/12.2.1/thumb/v6-m/nofp\libc_nano.a(libc_a-strlen.o)
                0x080002c8                strlen
 *(.text.*)
 *fill*         0x080002d6        0x2 
 .text.boot_diag_uart_init_19200
                0x080002d8       0x8c build/startup.o
 .text.boot_diag_uart_puts
                0x08000364       0x24 build/startup.o
 .text.HardFault_Handler
                0x08000388       0x14 build/startup.o
                0x08000388                HardFault_Handler
 .text.Default_Handler
                0x0800039c        0x4 build/startup.o
                0x0800039c                TSC_IRQHandler
                0x0800039c                ADC1_COMP_IRQHandler
                0x0800039c                PVD_IRQHandler
                0x0800039c                PendSV_Handler
                0x0800039c                I2C1_IRQHandler
                0x0800039c                SPI1_IRQHandler
                0x0800039c                TIM6_DAC_IRQHandler
                0x0800039c                EXTI2_3_IRQHandler
                0x0800039c                I2C2_IRQHandler
                0x0800039c                RTC_IRQHandler
                0x0800039c                LCD_IRQHandler
                0x0800039c                DMA1_Channel4_5_6_7_IRQHandler
                0x0800039c                TIM3_IRQHandler
                0x0800039c                RCC_IRQHandler
                0x0800039c                DMA1_Channel1_IRQHandler
                0x0800039c                USART4_5_IRQHandler
                0x0800039c                Default_Handler
                0x0800039c                TIM22_IRQHandler
                0x0800039c                TIM7_IRQHandler
                0x0800039c                USB_IRQHandler
                0x0800039c                I2C3_IRQHandler
                0x0800039c                SPI2_IRQHandler
                0x0800039c                SVC_Handler
                0x0800039c                CRS_IRQHandler
                0x0800039c                TIM21_IRQHandler
                0x0800039c                WWDG_IRQHandler
                0x0800039c                TIM2_IRQHandler
                0x0800039c                DMA1_Channel2_3_IRQHandler
                0x0800039c                USART2_IRQHandler
                0x0800039c                FLASH_IRQHandler
                0x0800039c                LPTIM1_IRQHandler
 .text.NMI_Handler
                0x080003a0       0x28 build/startup.o
                0x080003a0                NMI_Handler
 .text.HardFault_Handler_C
                0x080003c8       0x38 build/startup.o
                0x080003c8                HardFault_Handler_C
 .text.SystemInit
                0x08000400        0x2 build/startup.o
                0x08000400                SystemInit
 *fill*         0x08000402        0x2 
 .text.Reset_Handler
                0x08000404       0xa0 build/startup.o
                0x08000404                Reset_Handler
 .text.startup.main
                0x080004a4      0x198 build/main.o
                0x080004a4                main
 .text.platform_core_hz
                0x0800063c        0xc build/hal/platform.o
                0x0800063c                platform_core_hz
 .text.platform_reset_cause_capture_early
                0x08000648       0x5c build/hal/platform.o
                0x08000648                platform_reset_cause_capture_early
 .text.platform_reset_cause_take
                0x080006a4       0x1c build/hal/platform.o
                0x080006a4                platform_reset_cause_take
 .text.platform_clock_init_hsi16
                0x080006c0      0x100 build/hal/platform.o
                0x080006c0                platform_clock_init_hsi16
 .text.platform_clock_source_id
                0x080007c0        0xc build/hal/platform.o
                0x080007c0                platform_clock_source_id
 .text.platform_systick_init_1ms
                0x080007cc       0x34 build/hal/platform.o
                0x080007cc                platform_systick_init_1ms
 .text.platform_now_ms
                0x08000800        0xc build/hal/platform.o
                0x08000800                platform_now_ms
 .text.platform_now_us
                0x0800080c       0x48 build/hal/platform.o
                0x0800080c                platform_now_us
 .text.platform_delay_ms
                0x08000854       0x14 build/hal/platform.o
                0x08000854                platform_delay_ms
 .text.platform_diag_trace
                0x08000868       0x40 build/hal/platform.o
                0x08000868                platform_diag_trace
 .text.platform_irq_enable
                0x080008a8       0x1c build/hal/platform.o
                0x080008a8                platform_irq_enable
 .text.platform_system_reset
                0x080008c4       0x10 build/hal/platform.o
                0x080008c4                platform_system_reset
 .text.platform_fault_record
                0x080008d4       0x28 build/hal/platform.o
                0x080008d4                platform_fault_record
 .text.platform_fault_take_replay
                0x080008fc       0x3c build/hal/platform.o
                0x080008fc                platform_fault_take_replay
 .text.SysTick_Handler
                0x08000938       0x10 build/hal/platform.o
                0x08000938                SysTick_Handler
 .text.cfg_apply_unsupported
                0x08000948        0x4 build/host/host_cfg.o
 .text.read_u64_le
                0x0800094c       0x2c build/host/host_cfg.o
 .text.cfg_find_index
                0x08000978       0x20 build/host/host_cfg.o
 .text.cfg_apply_tx_power_dbm
                0x08000998       0x14 build/host/host_cfg.o
 .text.cfg_init
                0x080009ac       0x80 build/host/host_cfg.o
                0x080009ac                cfg_init
 .text.cfg_set  0x08000a2c      0x220 build/host/host_cfg.o
                0x08000a2c                cfg_set
 .text.cfg_get  0x08000c4c       0x60 build/host/host_cfg.o
                0x08000c4c                cfg_get
 .text.host_cfg_profile_tier_ceiling_dBm
                0x08000cac       0x14 build/host/host_cfg_profile.o
                0x08000cac                host_cfg_profile_tier_ceiling_dBm
 .text.host_cfg_profile_default_bw_hz
                0x08000cc0       0x14 build/host/host_cfg_profile.o
                0x08000cc0                host_cfg_profile_default_bw_hz
 .text.host_cfg_profile_reject_to_cfg_status
                0x08000cd4       0x14 build/host/host_cfg_profile.o
                0x08000cd4                host_cfg_profile_reject_to_cfg_status
 .text.host_cfg_profile_power_clamp
                0x08000ce8       0x1c build/host/host_cfg_profile.o
                0x08000ce8                host_cfg_profile_power_clamp
 .text.host_cfg_profile_validate
                0x08000d04       0xb4 build/host/host_cfg_profile.o
                0x08000d04                host_cfg_profile_validate
 .text.host_cfg_profile_reset
                0x08000db8       0x3c build/host/host_cfg_profile.o
                0x08000db8                host_cfg_profile_reset
 .text.host_cfg_profile_stage
                0x08000df4       0x34 build/host/host_cfg_profile.o
                0x08000df4                host_cfg_profile_stage
 .text.host_cfg_profile_activate
                0x08000e28       0x4c build/host/host_cfg_profile.o
                0x08000e28                host_cfg_profile_activate
 .text.host_cfg_profile_active
                0x08000e74        0x8 build/host/host_cfg_profile.o
                0x08000e74                host_cfg_profile_active
 .text.host_cfg_wire_encode_ok
                0x08000e7c       0x28 build/host/host_cfg_wire.o
                0x08000e7c                host_cfg_wire_encode_ok
 .text.host_cfg_wire_encode_data
                0x08000ea4       0x3e build/host/host_cfg_wire.o
                0x08000ea4                host_cfg_wire_encode_data
 .text.at_get_u32_le
                0x08000ee2       0x1c build/host/host_cmd.o
 .text.put_u32_le
                0x08000efe       0x10 build/host/host_cmd.o
 .text.handle_tx_frame
                0x08000f0e       0x80 build/host/host_cmd.o
 *fill*         0x08000f8e        0x2 
 .text.at_send_ok
                0x08000f90       0x10 build/host/host_cmd.o
 .text.at_send_hex_nibble
                0x08000fa0       0x20 build/host/host_cmd.o
 .text.host_send_fault_urc.part.0
                0x08000fc0       0x56 build/host/host_cmd.o
 *fill*         0x08001016        0x2 
 .text.at_send_u32
                0x08001018       0x5c build/host/host_cmd.o
 .text.at_send_key_u32
                0x08001074       0x1c build/host/host_cmd.o
 .text.at_line_equals
                0x08001090       0x72 build/host/host_cmd.o
 *fill*         0x08001102        0x2 
 .text.at_send_version_triplet
                0x08001104       0x30 build/host/host_cmd.o
 .text.host_cmd_emit_stats_snapshot
                0x08001134       0x22 build/host/host_cmd.o
                0x08001134                host_cmd_emit_stats_snapshot
 *fill*         0x08001156        0x2 
 .text.host_cmd_init
                0x08001158       0xbc build/host/host_cmd.o
                0x08001158                host_cmd_init
 .text.host_cmd_dispatch
                0x08001214      0x340 build/host/host_cmd.o
                0x08001214                host_cmd_dispatch
 .text.host_cmd_dispatch_at_line
                0x08001554      0x454 build/host/host_cmd.o
                0x08001554                host_cmd_dispatch_at_line
 .text.host_cmd_on_radio_events
                0x080019a8       0x26 build/host/host_cmd.o
                0x080019a8                host_cmd_on_radio_events
 .text.host_cmd_emit_tx_done
                0x080019ce       0x2e build/host/host_cmd.o
                0x080019ce                host_cmd_emit_tx_done
 .text.host_cmd_emit_fault
                0x080019fc       0x1c build/host/host_cmd.o
                0x080019fc                host_cmd_emit_fault
 .text.host_cmd_emit_rx_frame
                0x08001a18       0x44 build/host/host_cmd.o
                0x08001a18                host_cmd_emit_rx_frame
 .text.host_rfco_pertx_pack
                0x08001a5c       0x62 build/host/host_rfco.o
                0x08001a5c                host_rfco_pertx_pack
 *fill*         0x08001abe        0x2 
 .text.host_rfco_blocked_attempts_record
                0x08001ac0       0x2c build/host/host_rfco.o
                0x08001ac0                host_rfco_blocked_attempts_record
 .text.host_rfco_blocked_attempts_snapshot_and_clear
                0x08001aec       0x24 build/host/host_rfco.o
                0x08001aec                host_rfco_blocked_attempts_snapshot_and_clear
 .text.host_rfco_pertx_window_record
                0x08001b10       0x24 build/host/host_rfco.o
                0x08001b10                host_rfco_pertx_window_record
 .text.host_rfco_pertx_emit
                0x08001b34       0x4a build/host/host_rfco.o
                0x08001b34                host_rfco_pertx_emit
 *fill*         0x08001b7e        0x2 
 .text.host_rfco_pertx_count_in_window_snapshot_and_clear
                0x08001b80       0x18 build/host/host_rfco.o
                0x08001b80                host_rfco_pertx_count_in_window_snapshot_and_clear
 .text.host_rfco_last_clamp_reason_snapshot_and_clear
                0x08001b98       0x10 build/host/host_rfco.o
                0x08001b98                host_rfco_last_clamp_reason_snapshot_and_clear
 .text.host_rfco_summary_pack
                0x08001ba8       0xe8 build/host/host_rfco_summary.o
                0x08001ba8                host_rfco_summary_pack
 .text.host_rfco_summary_emit
                0x08001c90       0xf8 build/host/host_rfco_summary_emit.o
                0x08001c90                host_rfco_summary_emit
 .text.host_rfco_summary_tick
                0x08001d88       0x3c build/host/host_rfco_summary_emit.o
                0x08001d88                host_rfco_summary_tick
 .text.put_u32_le
                0x08001dc4       0x10 build/host/host_stats.o
 .text.host_stats_reset
                0x08001dd4       0x54 build/host/host_stats.o
                0x08001dd4                host_stats_reset
 .text.host_stats_radio_rx_ok
                0x08001e28       0x10 build/host/host_stats.o
                0x08001e28                host_stats_radio_rx_ok
 .text.host_stats_radio_crc_err
                0x08001e38       0x10 build/host/host_stats.o
                0x08001e38                host_stats_radio_crc_err
 .text.host_stats_radio_tx_ok
                0x08001e48       0x10 build/host/host_stats.o
                0x08001e48                host_stats_radio_tx_ok
 .text.host_stats_radio_tx_abort_lbt
                0x08001e58       0x10 build/host/host_stats.o
                0x08001e58                host_stats_radio_tx_abort_lbt
 .text.host_stats_radio_tx_abort_airtime
                0x08001e68       0x10 build/host/host_stats.o
                0x08001e68                host_stats_radio_tx_abort_airtime
 .text.host_stats_note_radio_events
                0x08001e78       0x44 build/host/host_stats.o
                0x08001e78                host_stats_note_radio_events
 .text.host_stats_serialize
                0x08001ebc      0x1fc build/host/host_stats.o
                0x08001ebc                host_stats_serialize
 .text.host_uart_note_trace
                0x080020b8       0x10 build/host/host_uart.o
 .text.crc16_ccitt
                0x080020c8       0x3c build/host/host_uart.o
 .text.usart2_write_byte
                0x08002104       0x30 build/host/host_uart.o
 .text.usart2_write_bytes
                0x08002134       0x34 build/host/host_uart.o
 .text.host_uart_send_urc.part.0
                0x08002168      0x120 build/host/host_uart.o
 .text.process_encoded_frame
                0x08002288      0x1f0 build/host/host_uart.o
 .text.ingest_binary_byte
                0x08002478       0x6c build/host/host_uart.o
 .text.gpio_set_alt.constprop.0
                0x080024e4       0x70 build/host/host_uart.o
 .text.rx_ring_push.isra.0
                0x08002554       0x40 build/host/host_uart.o
 .text.at_replay_candidate_to_binary
                0x08002594       0x30 build/host/host_uart.o
 .text.host_uart_poll_dma
                0x080025c4      0x164 build/host/host_uart.o
                0x080025c4                host_uart_poll_dma
 .text.host_uart_service_rx
                0x08002728      0x13c build/host/host_uart.o
                0x08002728                host_uart_service_rx
 .text.host_uart_flush_diag_traces
                0x08002864       0xd4 build/host/host_uart.o
                0x08002864                host_uart_flush_diag_traces
 .text.host_uart_pop_frame
                0x08002938       0x54 build/host/host_uart.o
                0x08002938                host_uart_pop_frame
 .text.host_uart_send_urc
                0x0800298c       0x2c build/host/host_uart.o
                0x0800298c                host_uart_send_urc
 .text.host_uart_send_ascii
                0x080029b8       0x24 build/host/host_uart.o
                0x080029b8                host_uart_send_ascii
 .text.host_uart_send_err_proto
                0x080029dc       0x2a build/host/host_uart.o
                0x080029dc                host_uart_send_err_proto
 *fill*         0x08002a06        0x2 
 .text.host_uart_stats_reset
                0x08002a08      0x100 build/host/host_uart.o
                0x08002a08                host_uart_stats_reset
 .text.host_uart_init
                0x08002b08      0x198 build/host/host_uart.o
                0x08002b08                host_uart_init
 .text.host_uart_stats_dropped
                0x08002ca0        0xc build/host/host_uart.o
                0x08002ca0                host_uart_stats_dropped
 .text.host_uart_stats_errors
                0x08002cac        0xc build/host/host_uart.o
                0x08002cac                host_uart_stats_errors
 .text.host_uart_stats_queue_full
                0x08002cb8        0xc build/host/host_uart.o
                0x08002cb8                host_uart_stats_queue_full
 .text.host_uart_stats_irq_idle
                0x08002cc4        0xc build/host/host_uart.o
                0x08002cc4                host_uart_stats_irq_idle
 .text.host_uart_stats_irq_ht
                0x08002cd0        0xc build/host/host_uart.o
                0x08002cd0                host_uart_stats_irq_ht
 .text.host_uart_stats_irq_tc
                0x08002cdc        0xc build/host/host_uart.o
                0x08002cdc                host_uart_stats_irq_tc
 .text.host_uart_stats_irq_te
                0x08002ce8        0xc build/host/host_uart.o
                0x08002ce8                host_uart_stats_irq_te
 .text.host_uart_stats_rx_bytes
                0x08002cf4        0xc build/host/host_uart.o
                0x08002cf4                host_uart_stats_rx_bytes
 .text.host_uart_stats_rx_lpuart_bytes
                0x08002d00        0xc build/host/host_uart.o
                0x08002d00                host_uart_stats_rx_lpuart_bytes
 .text.host_uart_stats_rx_usart1_bytes
                0x08002d0c        0xc build/host/host_uart.o
                0x08002d0c                host_uart_stats_rx_usart1_bytes
 .text.host_uart_stats_parse_ok
                0x08002d18        0xc build/host/host_uart.o
                0x08002d18                host_uart_stats_parse_ok
 .text.host_uart_stats_parse_err
                0x08002d24        0xc build/host/host_uart.o
                0x08002d24                host_uart_stats_parse_err
 .text.host_uart_stats_uart_err_lpuart
                0x08002d30        0xc build/host/host_uart.o
                0x08002d30                host_uart_stats_uart_err_lpuart
 .text.host_uart_stats_uart_err_usart1
                0x08002d3c        0xc build/host/host_uart.o
                0x08002d3c                host_uart_stats_uart_err_usart1
 .text.host_uart_stats_uart_pe_lpuart
                0x08002d48        0xc build/host/host_uart.o
                0x08002d48                host_uart_stats_uart_pe_lpuart
 .text.host_uart_stats_uart_fe_lpuart
                0x08002d54        0xc build/host/host_uart.o
                0x08002d54                host_uart_stats_uart_fe_lpuart
 .text.host_uart_stats_uart_ne_lpuart
                0x08002d60        0xc build/host/host_uart.o
                0x08002d60                host_uart_stats_uart_ne_lpuart
 .text.host_uart_stats_uart_ore_lpuart
                0x08002d6c        0xc build/host/host_uart.o
                0x08002d6c                host_uart_stats_uart_ore_lpuart
 .text.host_uart_stats_uart_pe_usart1
                0x08002d78        0xc build/host/host_uart.o
                0x08002d78                host_uart_stats_uart_pe_usart1
 .text.host_uart_stats_uart_fe_usart1
                0x08002d84        0xc build/host/host_uart.o
                0x08002d84                host_uart_stats_uart_fe_usart1
 .text.host_uart_stats_uart_ne_usart1
                0x08002d90        0xc build/host/host_uart.o
                0x08002d90                host_uart_stats_uart_ne_usart1
 .text.host_uart_stats_uart_ore_usart1
                0x08002d9c        0xc build/host/host_uart.o
                0x08002d9c                host_uart_stats_uart_ore_usart1
 .text.host_uart_stats_rx_ring_ovf
                0x08002da8        0xc build/host/host_uart.o
                0x08002da8                host_uart_stats_rx_ring_ovf
 .text.host_uart_take_dma_te_events
                0x08002db4       0x18 build/host/host_uart.o
                0x08002db4                host_uart_take_dma_te_events
 .text.host_uart_take_rx_seen_flags
                0x08002dcc       0x1c build/host/host_uart.o
                0x08002dcc                host_uart_take_rx_seen_flags
 .text.host_uart_note_diag_mark
                0x08002de8       0x1c build/host/host_uart.o
                0x08002de8                host_uart_note_diag_mark
 .text.host_uart_take_diag_marks
                0x08002e04       0x1c build/host/host_uart.o
                0x08002e04                host_uart_take_diag_marks
 .text.RNG_LPUART1_IRQHandler
                0x08002e20       0xe0 build/host/host_uart.o
                0x08002e20                RNG_LPUART1_IRQHandler
 .text.USART1_IRQHandler
                0x08002f00       0xe0 build/host/host_uart.o
                0x08002f00                USART1_IRQHandler
 .text.sx1276_airtime_compute_toa_us
                0x08002fe0       0xd0 build/radio/sx1276_airtime.o
                0x08002fe0                sx1276_airtime_compute_toa_us
 .text.sx1276_airtime_config_invariant_ok
                0x080030b0       0x48 build/radio/sx1276_airtime.o
                0x080030b0                sx1276_airtime_config_invariant_ok
 .text.sx1276_airtime_estimate_toa_us
                0x080030f8       0x94 build/radio/sx1276_airtime.o
                0x080030f8                sx1276_airtime_estimate_toa_us
 .text.sx1276_airtime_reserve
                0x0800318c       0x54 build/radio/sx1276_airtime.o
                0x0800318c                sx1276_airtime_reserve
 .text.sx1276_airtime_release
                0x080031e0       0x20 build/radio/sx1276_airtime.o
                0x080031e0                sx1276_airtime_release
 .text.sx1276_airtime_commit
                0x08003200       0x40 build/radio/sx1276_airtime.o
                0x08003200                sx1276_airtime_commit
 .text.sx1276_cad_begin
                0x08003240       0x28 build/radio/sx1276_cad.o
                0x08003240                sx1276_cad_begin
 .text.sx1276_cad_poll
                0x08003268       0x40 build/radio/sx1276_cad.o
                0x08003268                sx1276_cad_poll
 .text.lora_pkt_hdr_pack
                0x080032a8       0x30 build/radio/lora_pkt_hdr.o
                0x080032a8                lora_pkt_hdr_pack
 .text.lora_pkt_hdr_unpack
                0x080032d8       0x3c build/radio/lora_pkt_hdr.o
                0x080032d8                lora_pkt_hdr_unpack
 .text.sx1276_fhss_chantab_center_hz
                0x08003314       0x1c build/radio/sx1276_fhss_chantab.o
                0x08003314                sx1276_fhss_chantab_center_hz
 .text.sx1276_fhss_compute_seed
                0x08003330       0x54 build/radio/sx1276_fhss.o
                0x08003330                sx1276_fhss_compute_seed
 .text.sx1276_fhss_compute_permutation
                0x08003384       0x4c build/radio/sx1276_fhss.o
                0x08003384                sx1276_fhss_compute_permutation
 .text.rebuild_epoch_permutation
                0x080033d0       0x2c build/radio/sx1276_fhss.o
 .text.sx1276_fhss_init
                0x080033fc       0x40 build/radio/sx1276_fhss.o
                0x080033fc                sx1276_fhss_init
 .text.sx1276_fhss_next_channel
                0x0800343c       0x90 build/radio/sx1276_fhss.o
                0x0800343c                sx1276_fhss_next_channel
 .text.sx1276_fhss_snap_to
                0x080034cc       0x34 build/radio/sx1276_fhss.o
                0x080034cc                sx1276_fhss_snap_to
 .text.sx1276_fhss_consider_remote
                0x08003500       0x58 build/radio/sx1276_fhss.o
                0x08003500                sx1276_fhss_consider_remote
 .text.sx1276_fhss_active_count
                0x08003558       0x40 build/radio/sx1276_fhss.o
                0x08003558                sx1276_fhss_active_count
 .text.sx1276_fhss_record_lbt_block
                0x08003598       0x1c build/radio/sx1276_fhss.o
                0x08003598                sx1276_fhss_record_lbt_block
 .text.sx1276_fhss_record_hop
                0x080035b4       0x20 build/radio/sx1276_fhss.o
                0x080035b4                sx1276_fhss_record_hop
 .text.sx1276_fhss_hop_count_snapshot_and_clear
                0x080035d4       0x2c build/radio/sx1276_fhss.o
                0x080035d4                sx1276_fhss_hop_count_snapshot_and_clear
 .text.sx1276_fhss_current_epoch
                0x08003600        0xc build/radio/sx1276_fhss.o
                0x08003600                sx1276_fhss_current_epoch
 .text.sx1276_fhss_current_slot
                0x0800360c        0xc build/radio/sx1276_fhss.o
                0x0800360c                sx1276_fhss_current_slot
 .text.sx1276_fhss_is_initialized
                0x08003618        0xc build/radio/sx1276_fhss.o
                0x08003618                sx1276_fhss_is_initialized
 .text.lbt_arm_backoff
                0x08003624       0x38 build/radio/sx1276_lbt.o
 .text.cfg_read_u8
                0x0800365c       0x30 build/radio/sx1276_lbt.o
 .text.sx1276_lbt_check_and_backoff
                0x0800368c      0x108 build/radio/sx1276_lbt.o
                0x0800368c                sx1276_lbt_check_and_backoff
 .text.sx1276_legal_dwell_used_us
                0x08003794       0x50 build/radio/sx1276_legal_dwell.o
                0x08003794                sx1276_legal_dwell_used_us
 .text.sx1276_legal_dwell_reserve
                0x080037e4       0xc4 build/radio/sx1276_legal_dwell.o
                0x080037e4                sx1276_legal_dwell_reserve
 .text.sx1276_legal_dwell_reconcile
                0x080038a8       0x34 build/radio/sx1276_legal_dwell.o
                0x080038a8                sx1276_legal_dwell_reconcile
 .text.sx1276_legal_dwell_peak_us_snapshot_and_clear
                0x080038dc       0x20 build/radio/sx1276_legal_dwell.o
                0x080038dc                sx1276_legal_dwell_peak_us_snapshot_and_clear
 .text.mode_desc_for_state
                0x080038fc       0x30 build/radio/sx1276_modes.o
 .text.sx1276_delay_us
                0x0800392c       0x16 build/radio/sx1276_modes.o
 *fill*         0x08003942        0x2 
 .text.sx1276_modes_apply
                0x08003944       0xb8 build/radio/sx1276_modes.o
 .text.sx1276_modes_get_state
                0x080039fc        0xc build/radio/sx1276_modes.o
                0x080039fc                sx1276_modes_get_state
 .text.sx1276_modes_to_sleep
                0x08003a08        0xe build/radio/sx1276_modes.o
                0x08003a08                sx1276_modes_to_sleep
 .text.sx1276_modes_to_standby
                0x08003a16        0xe build/radio/sx1276_modes.o
                0x08003a16                sx1276_modes_to_standby
 .text.sx1276_modes_to_tx
                0x08003a24        0xe build/radio/sx1276_modes.o
                0x08003a24                sx1276_modes_to_tx
 .text.sx1276_modes_to_rx_cont
                0x08003a32        0xe build/radio/sx1276_modes.o
                0x08003a32                sx1276_modes_to_rx_cont
 .text.sx1276_modes_to_cad
                0x08003a40       0x16 build/radio/sx1276_modes.o
                0x08003a40                sx1276_modes_to_cad
 *fill*         0x08003a56        0x2 
 .text.sx1276_modes_init
                0x08003a58       0x48 build/radio/sx1276_modes.o
                0x08003a58                sx1276_modes_init
 .text.rx_pll_settle_busy_wait.constprop.0
                0x08003aa0       0x18 build/radio/sx1276_rx.o
 .text.sx1276_rx_arm
                0x08003ab8       0x2a build/radio/sx1276_rx.o
                0x08003ab8                sx1276_rx_arm
 *fill*         0x08003ae2        0x2 
 .text.scan_dispatch_action
                0x08003ae4       0xcc build/radio/sx1276_rx.o
 .text.scan_drive
                0x08003bb0       0x70 build/radio/sx1276_rx.o
 .text.scan_feed_frame
                0x08003c20       0x18 build/radio/sx1276_rx.o
 .text.sx1276_rx_disarm
                0x08003c38        0x8 build/radio/sx1276_rx.o
                0x08003c38                sx1276_rx_disarm
 .text.sx1276_rx_service
                0x08003c40      0x15c build/radio/sx1276_rx.o
                0x08003c40                sx1276_rx_service
 .text.sx1276_rx_tick
                0x08003d9c       0x80 build/radio/sx1276_rx.o
                0x08003d9c                sx1276_rx_tick
 .text.sx1276_rx_scan_tick
                0x08003e1c        0xe build/radio/sx1276_rx.o
                0x08003e1c                sx1276_rx_scan_tick
 *fill*         0x08003e2a        0x2 
 .text.sx1276_rx_counter_record
                0x08003e2c       0x18 build/radio/sx1276_rx_counters.o
                0x08003e2c                sx1276_rx_counter_record
 .text.sx1276_rx_retune_eval
                0x08003e44       0x26 build/radio/sx1276_rx_retune_policy.o
                0x08003e44                sx1276_rx_retune_eval
 *fill*         0x08003e6a        0x2 
 .text.sx1276_rx_retune_counter_record
                0x08003e6c       0x18 build/radio/sx1276_rx_retune_counters.o
                0x08003e6c                sx1276_rx_retune_counter_record
 .text.sx1276_rx_scan_eval
                0x08003e84       0x80 build/radio/sx1276_rx_scan_policy.o
                0x08003e84                sx1276_rx_scan_eval
 .text.sx1276_rx_scan_counter_record
                0x08003f04       0x30 build/radio/sx1276_rx_scan_counters.o
                0x08003f04                sx1276_rx_scan_counter_record
 .text.sx1276_rx_scan_fail_eval
                0x08003f34       0x5e build/radio/sx1276_rx_scan_fail.o
                0x08003f34                sx1276_rx_scan_fail_eval
 *fill*         0x08003f92        0x2 
 .text.sx1276_rx_scan_walker_reset
                0x08003f94        0xc build/radio/sx1276_rx_scan_walker.o
                0x08003f94                sx1276_rx_scan_walker_reset
 .text.sx1276_rx_scan_walker_next
                0x08003fa0       0x28 build/radio/sx1276_rx_scan_walker.o
                0x08003fa0                sx1276_rx_scan_walker_next
 .text.tx_emit_rfco_pertx
                0x08003fc8       0x70 build/radio/sx1276_tx.o
 .text.sx1276_tx_cleanup
                0x08004038       0x2c build/radio/sx1276_tx.o
 .text.sx1276_tx_begin
                0x08004064      0x2ac build/radio/sx1276_tx.o
                0x08004064                sx1276_tx_begin
 .text.sx1276_tx_poll
                0x08004310       0xd0 build/radio/sx1276_tx.o
                0x08004310                sx1276_tx_poll
 .text.sx1276_tx_busy
                0x080043e0       0x10 build/radio/sx1276_tx.o
                0x080043e0                sx1276_tx_busy
 .text.gpio_mode_output
                0x080043f0       0x32 build/radio/sx1276.o
 .text.gpio_mode_input
                0x08004422       0x14 build/radio/sx1276.o
 *fill*         0x08004436        0x2 
 .text.spi1_transfer
                0x08004438       0x2c build/radio/sx1276.o
 .text.sx1276_select
                0x08004464       0x18 build/radio/sx1276.o
 .text.sx1276_radio_reset
                0x0800447c       0x34 build/radio/sx1276.o
                0x0800447c                sx1276_radio_reset
 .text.sx1276_read_reg
                0x080044b0       0x24 build/radio/sx1276.o
                0x080044b0                sx1276_read_reg
 .text.sx1276_write_reg
                0x080044d4       0x22 build/radio/sx1276.o
                0x080044d4                sx1276_write_reg
 .text.sx1276_read_burst
                0x080044f6       0x2e build/radio/sx1276.o
                0x080044f6                sx1276_read_burst
 .text.sx1276_write_burst
                0x08004524       0x2e build/radio/sx1276.o
                0x08004524                sx1276_write_burst
 .text.sx1276_read_version
                0x08004552        0xa build/radio/sx1276.o
                0x08004552                sx1276_read_version
 .text.sx1276_set_frequency_hz
                0x0800455c       0x34 build/radio/sx1276.o
                0x0800455c                sx1276_set_frequency_hz
 .text.sx1276_set_tx_power_dbm
                0x08004590       0x26 build/radio/sx1276.o
                0x08004590                sx1276_set_tx_power_dbm
 *fill*         0x080045b6        0x2 
 .text.sx1276_set_sf_bw_cr_checked
                0x080045b8      0x150 build/radio/sx1276.o
                0x080045b8                sx1276_set_sf_bw_cr_checked
 .text.sx1276_init
                0x08004708      0x268 build/radio/sx1276.o
                0x08004708                sx1276_init
 .text.sx1276_take_irq_events
                0x08004970       0x18 build/radio/sx1276.o
                0x08004970                sx1276_take_irq_events
 .text.EXTI0_1_IRQHandler
                0x08004988       0x38 build/radio/sx1276.o
                0x08004988                EXTI0_1_IRQHandler
 .text.EXTI4_15_IRQHandler
                0x080049c0       0x3c build/radio/sx1276.o
                0x080049c0                EXTI4_15_IRQHandler
 .text.__udivmoddi4
                0x080049fc      0x198 c:/program files (x86)/arm gnu toolchain arm-none-eabi/12.2 mpacbti-rel1/bin/../lib/gcc/arm-none-eabi/12.2.1/thumb/v6-m/nofp\libgcc.a(_udivmoddi4.o)
                0x080049fc                __udivmoddi4
 .text.memcmp   0x08004b94       0x1c c:/program files (x86)/arm gnu toolchain arm-none-eabi/12.2 mpacbti-rel1/bin/../lib/gcc/arm-none-eabi/12.2.1/thumb/v6-m/nofp\libc_nano.a(libc_a-memcmp.o)
                0x08004b94                memcmp
 .text.memset   0x08004bb0       0x10 c:/program files (x86)/arm gnu toolchain arm-none-eabi/12.2 mpacbti-rel1/bin/../lib/gcc/arm-none-eabi/12.2.1/thumb/v6-m/nofp\libc_nano.a(libc_a-memset.o)
                0x08004bb0                memset
 .text.memcpy   0x08004bc0       0x12 c:/program files (x86)/arm gnu toolchain arm-none-eabi/12.2 mpacbti-rel1/bin/../lib/gcc/arm-none-eabi/12.2.1/thumb/v6-m/nofp\libc_nano.a(libc_a-memcpy-stub.o)
                0x08004bc0                memcpy
 *(.rodata)
 *(.rodata.*)
 .rodata.NMI_Handler.str1.1
                0x08004bd2        0xe build/startup.o
 .rodata.Reset_Handler.str1.1
                0x08004be0       0x36 build/startup.o
 .rodata.main.str1.1
                0x08004c16       0x11 build/main.o
 *fill*         0x08004c27        0x1 
 .rodata.k_cfg_desc
                0x08004c28      0x170 build/host/host_cfg.o
 .rodata.CSWTCH.6
                0x08004d98        0xa build/host/host_cfg_profile.o
 *fill*         0x08004da2        0x2 
 .rodata.CSWTCH.4
                0x08004da4        0xc build/host/host_cfg_profile.o
 .rodata.at_send_ok.str1.1
                0x08004db0       0x11 build/host/host_cmd.o
                                  0x5 (size before relaxing)
 .rodata.at_send_u32.str1.1
                0x08004db0       0x11 build/host/host_cmd.o
                                  0x2 (size before relaxing)
 .rodata.at_send_key_u32.str1.1
                0x08004db0       0x11 build/host/host_cmd.o
                                  0x2 (size before relaxing)
 .rodata.at_send_version_triplet.str1.1
                0x08004db0        0x2 build/host/host_cmd.o
 .rodata.host_cmd_init.str1.1
                0x08004db2       0x5a build/host/host_cmd.o
 .rodata.host_cmd_dispatch.str1.1
                0x08004e0c       0x4d build/host/host_cmd.o
 .rodata.host_cmd_dispatch_at_line.str1.1
                0x08004e59      0x203 build/host/host_cmd.o
                                0x209 (size before relaxing)
 .rodata.host_uart_flush_diag_traces.str1.1
                0x0800505c       0xba build/host/host_uart.o
 .rodata.k_mode_descs
                0x08005116       0x1e build/radio/sx1276_modes.o
 *(.glue_7)
 .glue_7        0x08005134        0x0 linker stubs
 *(.glue_7t)
 .glue_7t       0x08005134        0x0 linker stubs
 *(.eh_frame)
                0x08005134                        . = ALIGN (0x4)
                0x08005134                        _etext = .

.vfp11_veneer   0x08005134        0x0
 .vfp11_veneer  0x08005134        0x0 linker stubs

.v4_bx          0x08005134        0x0
 .v4_bx         0x08005134        0x0 linker stubs

.iplt           0x08005134        0x0
 .iplt          0x08005134        0x0 build/startup.o

.boot_text      0x08005134      0x20c
 .boot_text     0x08005134      0x20c build/boot/safe_mode.o
                0x08005134                jump_to_bootloader
                0x080051ac                safe_mode_listen

.ARM.extab
 *(.ARM.extab* .gnu.linkonce.armextab.*)

.ARM            0x08005340        0x8
                0x08005340                        __exidx_start = .
 *(.ARM.exidx*)
 .ARM.exidx.text.__udivmoddi4
                0x08005340        0x8 c:/program files (x86)/arm gnu toolchain arm-none-eabi/12.2 mpacbti-rel1/bin/../lib/gcc/arm-none-eabi/12.2.1/thumb/v6-m/nofp\libgcc.a(_udivmoddi4.o)
                0x08005348                        __exidx_end = .
                0x08005348                        _sidata = LOADADDR (.data)

.rel.dyn        0x08005348        0x0
 .rel.iplt      0x08005348        0x0 build/startup.o

.data           0x20000000        0xc load address 0x08005348
                0x20000000                        . = ALIGN (0x4)
                0x20000000                        _sdata = .
 *(.data)
 *(.data.*)
 .data.s_clock_source_id
                0x20000000        0x1 build/hal/platform.o
 *fill*         0x20000001        0x3 
 .data.s_core_hz
                0x20000004        0x4 build/hal/platform.o
 .data.s_last_clamp_reason
                0x20000008        0x1 build/host/host_rfco.o
 .data.s_first_since_boot
                0x20000009        0x1 build/host/host_rfco_summary_emit.o
 .data.s_legal_dwell_handle
                0x2000000a        0x2 build/radio/sx1276_tx.o
                0x2000000c                        . = ALIGN (0x4)
                0x2000000c                        _edata = .

.igot.plt       0x2000000c        0x0 load address 0x08005354
 .igot.plt      0x2000000c        0x0 build/startup.o

.noinit         0x2000000c       0x18 load address 0x08005354
                0x2000000c                        . = ALIGN (0x4)
 *(.noinit)
 .noinit        0x2000000c       0x18 build/hal/platform.o
 *(.noinit.*)
                0x20000024                        . = ALIGN (0x4)

.bss            0x20000028     0x153c load address 0x08005354
                0x20000028                        . = ALIGN (0x4)
                0x20000028                        _sbss = .
                0x20000028                        __bss_start__ = _sbss
 *(.bss)
 *(.bss.*)
 .bss.s_reset_cause_captured
                0x20000028        0x1 build/hal/platform.o
 .bss.s_reset_cause
                0x20000029        0x1 build/hal/platform.o
 *fill*         0x2000002a        0x2 
 .bss.s_tick_ms
                0x2000002c        0x4 build/hal/platform.o
 .bss.s_cfg_dirty
                0x20000030        0x1 build/host/host_cfg.o
 .bss.s_cfg_values
                0x20000031       0xe6 build/host/host_cfg.o
 .bss.s_has_stage
                0x20000117        0x1 build/host/host_cfg_profile.o
 .bss.s_staged  0x20000118       0x18 build/host/host_cfg_profile.o
 .bss.s_active  0x20000130       0x18 build/host/host_cfg_profile.o
 .bss.s_radio_version
                0x20000148        0x1 build/host/host_cmd.o
 .bss.s_radio_ok
                0x20000149        0x1 build/host/host_cmd.o
 .bss.s_pertx_count_in_window
                0x2000014a        0x2 build/host/host_rfco.o
 .bss.s_blocked_attempts
                0x2000014c       0x10 build/host/host_rfco.o
 .bss.s_tick_seq
                0x2000015c        0x4 build/host/host_rfco_summary_emit.o
 .bss.s_tick_last_emit_ms
                0x20000160        0x4 build/host/host_rfco_summary_emit.o
 .bss.s_summary_emit_count
                0x20000164        0x1 build/host/host_rfco_summary_emit.o
 *fill*         0x20000165        0x3 
 .bss.s_radio_tx_abort_airtime
                0x20000168        0x4 build/host/host_stats.o
 .bss.s_radio_tx_abort_lbt
                0x2000016c        0x4 build/host/host_stats.o
 .bss.s_radio_tx_ok
                0x20000170        0x4 build/host/host_stats.o
 .bss.s_radio_rx_ok
                0x20000174        0x4 build/host/host_stats.o
 .bss.s_radio_crc_err
                0x20000178        0x4 build/host/host_stats.o
 .bss.s_radio_dio3
                0x2000017c        0x4 build/host/host_stats.o
 .bss.s_radio_dio2
                0x20000180        0x4 build/host/host_stats.o
 .bss.s_radio_dio1
                0x20000184        0x4 build/host/host_stats.o
 .bss.s_radio_dio0
                0x20000188        0x4 build/host/host_stats.o
 .bss.s_rx_idle_pending
                0x2000018c        0x1 build/host/host_uart.o
 *fill*         0x2000018d        0x3 
 .bss.s_diag_trace_flags
                0x20000190        0x4 build/host/host_uart.o
 .bss.s_rx_ring_ovf
                0x20000194        0x4 build/host/host_uart.o
 .bss.s_rx_ring_tail
                0x20000198        0x2 build/host/host_uart.o
 .bss.s_rx_ring_head
                0x2000019a        0x2 build/host/host_uart.o
 .bss.s_rx_ring
                0x2000019c      0x200 build/host/host_uart.o
 .bss.s_diag_marks
                0x2000039c        0x1 build/host/host_uart.o
 .bss.s_rx_seen_flags
                0x2000039d        0x1 build/host/host_uart.o
 *fill*         0x2000039e        0x2 
 .bss.s_dma_te_events
                0x200003a0        0x4 build/host/host_uart.o
 .bss.s_stats_uart_ore_usart1
                0x200003a4        0x4 build/host/host_uart.o
 .bss.s_stats_uart_ne_usart1
                0x200003a8        0x4 build/host/host_uart.o
 .bss.s_stats_uart_fe_usart1
                0x200003ac        0x4 build/host/host_uart.o
 .bss.s_stats_uart_pe_usart1
                0x200003b0        0x4 build/host/host_uart.o
 .bss.s_stats_uart_ore_lpuart
                0x200003b4        0x4 build/host/host_uart.o
 .bss.s_stats_uart_ne_lpuart
                0x200003b8        0x4 build/host/host_uart.o
 .bss.s_stats_uart_fe_lpuart
                0x200003bc        0x4 build/host/host_uart.o
 .bss.s_stats_uart_pe_lpuart
                0x200003c0        0x4 build/host/host_uart.o
 .bss.s_stats_uart_err_usart1
                0x200003c4        0x4 build/host/host_uart.o
 .bss.s_stats_uart_err_lpuart
                0x200003c8        0x4 build/host/host_uart.o
 .bss.s_stats_parse_err
                0x200003cc        0x4 build/host/host_uart.o
 .bss.s_stats_parse_ok
                0x200003d0        0x4 build/host/host_uart.o
 .bss.s_stats_rx_usart1_bytes
                0x200003d4        0x4 build/host/host_uart.o
 .bss.s_stats_rx_lpuart_bytes
                0x200003d8        0x4 build/host/host_uart.o
 .bss.s_stats_rx_bytes
                0x200003dc        0x4 build/host/host_uart.o
 .bss.s_stats_irq_te
                0x200003e0        0x4 build/host/host_uart.o
 .bss.s_stats_irq_tc
                0x200003e4        0x4 build/host/host_uart.o
 .bss.s_stats_irq_ht
                0x200003e8        0x4 build/host/host_uart.o
 .bss.s_stats_irq_idle
                0x200003ec        0x4 build/host/host_uart.o
 .bss.s_stats_queue_full
                0x200003f0        0x4 build/host/host_uart.o
 .bss.s_stats_errors
                0x200003f4        0x4 build/host/host_uart.o
 .bss.s_stats_dropped
                0x200003f8        0x4 build/host/host_uart.o
 .bss.s_q_count
                0x200003fc        0x1 build/host/host_uart.o
 .bss.s_q_tail  0x200003fd        0x1 build/host/host_uart.o
 .bss.s_q_head  0x200003fe        0x1 build/host/host_uart.o
 *fill*         0x200003ff        0x1 
 .bss.s_frame_queue
                0x20000400      0x500 build/host/host_uart.o
 .bss.s_at_ignore_lf
                0x20000900        0x1 build/host/host_uart.o
 .bss.s_at_candidate
                0x20000901        0x1 build/host/host_uart.o
 .bss.s_at_line_len
                0x20000902        0x2 build/host/host_uart.o
 .bss.s_at_line
                0x20000904       0x60 build/host/host_uart.o
 .bss.s_service_in_progress
                0x20000964        0x1 build/host/host_uart.o
 .bss.s_cobs_overflow
                0x20000965        0x1 build/host/host_uart.o
 .bss.s_cobs_encoded_len
                0x20000966        0x2 build/host/host_uart.o
 .bss.s_cobs_encoded
                0x20000968      0x143 build/host/host_uart.o
 *fill*         0x20000aab        0x1 
 .bss.s_budget  0x20000aac      0x190 build/radio/sx1276_airtime.o
 .bss.s_cad_active
                0x20000c3c        0x1 build/radio/sx1276_cad.o
 *fill*         0x20000c3d        0x3 
 .bss.s_fhss    0x20000c40      0x188 build/radio/sx1276_fhss.o
 .bss.s_backoff_attempt
                0x20000dc8        0x1 build/radio/sx1276_lbt.o
 *fill*         0x20000dc9        0x3 
 .bss.s_backoff_until_ms
                0x20000dcc        0x4 build/radio/sx1276_lbt.o
 .bss.s_dwell   0x20000dd0      0x700 build/radio/sx1276_legal_dwell.o
 .bss.s_state   0x200014d0        0x1 build/radio/sx1276_modes.o
 .bss.s_scan_ever_locked_this_boot
                0x200014d1        0x1 build/radio/sx1276_rx.o
 .bss.s_scan_fail_retries
                0x200014d2        0x1 build/radio/sx1276_rx.o
 *fill*         0x200014d3        0x1 
 .bss.s_scan_cold_start_entry_ms
                0x200014d4        0x4 build/radio/sx1276_rx.o
 .bss.s_scan_channel_entry_ms
                0x200014d8        0x4 build/radio/sx1276_rx.o
 .bss.s_scan_state
                0x200014dc        0x1 build/radio/sx1276_rx.o
 .bss.s_rx_last_retune_ms_valid
                0x200014dd        0x1 build/radio/sx1276_rx.o
 *fill*         0x200014de        0x2 
 .bss.s_rx_last_retune_ms
                0x200014e0        0x4 build/radio/sx1276_rx.o
 .bss.s_scan_crc_seen
                0x200014e4        0x1 build/radio/sx1276_rx.o
 .bss.s_scan_got_any_irq
                0x200014e5        0x1 build/radio/sx1276_rx.o
 *fill*         0x200014e6        0x2 
 .bss.s_consider_remote_counts
                0x200014e8       0x14 build/radio/sx1276_rx_counters.o
 .bss.s_retune_counts
                0x200014fc       0x14 build/radio/sx1276_rx_retune_counters.o
 .bss.s_action_counts
                0x20001510       0x18 build/radio/sx1276_rx_scan_counters.o
 .bss.s_state_counts
                0x20001528       0x10 build/radio/sx1276_rx_scan_counters.o
 .bss.s_walker_idx
                0x20001538        0x1 build/radio/sx1276_rx_scan_walker.o
 *fill*         0x20001539        0x1 
 .bss.s_rfco_pertx_seq
                0x2000153a        0x2 build/radio/sx1276_tx.o
 .bss.s_predicted_toa_us
                0x2000153c        0x4 build/radio/sx1276_tx.o
 .bss.s_hop_epoch
                0x20001540        0x4 build/radio/sx1276_tx.o
 .bss.s_hop_idx
                0x20001544        0x1 build/radio/sx1276_tx.o
 *fill*         0x20001545        0x3 
 .bss.s_hop_freq_hz
                0x20001548        0x4 build/radio/sx1276_tx.o
 .bss.s_channel_idx
                0x2000154c        0x1 build/radio/sx1276_tx.o
 *fill*         0x2000154d        0x3 
 .bss.s_reserved_airtime_us
                0x20001550        0x4 build/radio/sx1276_tx.o
 .bss.s_deadline_us
                0x20001554        0x4 build/radio/sx1276_tx.o
 .bss.s_expected_toa_us
                0x20001558        0x4 build/radio/sx1276_tx.o
 .bss.s_rearm_rx
                0x2000155c        0x1 build/radio/sx1276_tx.o
 .bss.s_tx_power_dbm
                0x2000155d        0x1 build/radio/sx1276_tx.o
 .bss.s_tx_id   0x2000155e        0x1 build/radio/sx1276_tx.o
 .bss.s_tx_state
                0x2000155f        0x1 build/radio/sx1276_tx.o
 .bss.s_irq_events
                0x20001560        0x4 build/radio/sx1276.o
 *(COMMON)
                0x20001564                        . = ALIGN (0x4)
                0x20001564                        _ebss = .
                0x20001564                        __bss_end__ = _ebss

._user_heap     0x20001564        0x4 load address 0x08005354
                0x20001568                        . = ALIGN (0x8)
 *fill*         0x20001564        0x4 
                0x20001568                        _end = .
                0x20001568                        _heap_start = .
                0x20001568                        . = (. + 0x0)
                0x20001568                        . = ALIGN (0x8)
                0x20001568                        _heap_end = .

.stack_check    0x20001568        0x0 load address 0x08005354
                0x20001568                        . = ALIGN (0x8)
                0x20001568                        . = (. + 0x0)
                0x00000001                        ASSERT (((_heap_end + _stack_size) <= _estack), Linker error: not enough RAM left for the reserved stack)

.cfg_reserved   0x0802e000     0x2000
                0x08030000                        . = (. + 0x2000)
 *fill*         0x0802e000     0x2000 

/DISCARD/
 *(.note.GNU-stack)
 *(.comment)
                0x00000001                        ASSERT (0x1, Linker: FLASH + CFG must cover full 192 KB)
                0x00000001                        ASSERT (0x1, Linker: CFG region must fall within overall memory)
OUTPUT(build/firmware.elf elf32-littlearm)
LOAD linker stubs

.ARM.attributes
                0x00000000       0x2a
 .ARM.attributes
                0x00000000       0x2c build/startup.o
 .ARM.attributes
                0x0000002c       0x2c build/main.o
 .ARM.attributes
                0x00000058       0x2c build/boot/safe_mode.o
 .ARM.attributes
                0x00000084       0x2c build/hal/platform.o
 .ARM.attributes
                0x000000b0       0x2c build/host/host_cfg.o
 .ARM.attributes
                0x000000dc       0x2c build/host/host_cfg_profile.o
 .ARM.attributes
                0x00000108       0x2c build/host/host_cfg_wire.o
 .ARM.attributes
                0x00000134       0x2c build/host/host_cmd.o
 .ARM.attributes
                0x00000160       0x2c build/host/host_rfco.o
 .ARM.attributes
                0x0000018c       0x2c build/host/host_rfco_summary.o
 .ARM.attributes
                0x000001b8       0x2c build/host/host_rfco_summary_emit.o
 .ARM.attributes
                0x000001e4       0x2c build/host/host_stats.o
 .ARM.attributes
                0x00000210       0x2c build/host/host_uart.o
 .ARM.attributes
                0x0000023c       0x2c build/radio/sx1276_airtime.o
 .ARM.attributes
                0x00000268       0x2c build/radio/sx1276_cad.o
 .ARM.attributes
                0x00000294       0x2c build/radio/lora_pkt_hdr.o
 .ARM.attributes
                0x000002c0       0x2c build/radio/sx1276_fhss_chantab.o
 .ARM.attributes
                0x000002ec       0x2c build/radio/sx1276_fhss.o
 .ARM.attributes
                0x00000318       0x2c build/radio/sx1276_lbt.o
 .ARM.attributes
                0x00000344       0x2c build/radio/sx1276_legal_dwell.o
 .ARM.attributes
                0x00000370       0x2c build/radio/sx1276_modes.o
 .ARM.attributes
                0x0000039c       0x2c build/radio/sx1276_rx.o
 .ARM.attributes
                0x000003c8       0x2c build/radio/sx1276_rx_counters.o
 .ARM.attributes
                0x000003f4       0x2c build/radio/sx1276_rx_retune_policy.o
 .ARM.attributes
                0x00000420       0x2c build/radio/sx1276_rx_retune_counters.o
 .ARM.attributes
                0x0000044c       0x2c build/radio/sx1276_rx_scan_policy.o
 .ARM.attributes
                0x00000478       0x2c build/radio/sx1276_rx_scan_counters.o
 .ARM.attributes
                0x000004a4       0x2c build/radio/sx1276_rx_scan_fail.o
 .ARM.attributes
                0x000004d0       0x2c build/radio/sx1276_rx_scan_walker.o
 .ARM.attributes
                0x000004fc       0x2c build/radio/sx1276_tx.o
 .ARM.attributes
                0x00000528       0x2c build/radio/sx1276.o
 .ARM.attributes
                0x00000554       0x1e c:/program files (x86)/arm gnu toolchain arm-none-eabi/12.2 mpacbti-rel1/bin/../lib/gcc/arm-none-eabi/12.2.1/thumb/v6-m/nofp\libgcc.a(_thumb1_case_uqi.o)
 .ARM.attributes
                0x00000572       0x1e c:/program files (x86)/arm gnu toolchain arm-none-eabi/12.2 mpacbti-rel1/bin/../lib/gcc/arm-none-eabi/12.2.1/thumb/v6-m/nofp\libgcc.a(_udivsi3.o)
 .ARM.attributes
                0x00000590       0x1e c:/program files (x86)/arm gnu toolchain arm-none-eabi/12.2 mpacbti-rel1/bin/../lib/gcc/arm-none-eabi/12.2.1/thumb/v6-m/nofp\libgcc.a(_dvmd_tls.o)
 .ARM.attributes
                0x000005ae       0x1e c:/program files (x86)/arm gnu toolchain arm-none-eabi/12.2 mpacbti-rel1/bin/../lib/gcc/arm-none-eabi/12.2.1/thumb/v6-m/nofp\libgcc.a(_lshrdi3.o)
 .ARM.attributes
                0x000005cc       0x1e c:/program files (x86)/arm gnu toolchain arm-none-eabi/12.2 mpacbti-rel1/bin/../lib/gcc/arm-none-eabi/12.2.1/thumb/v6-m/nofp\libgcc.a(_ashldi3.o)
 .ARM.attributes
                0x000005ea       0x1e c:/program files (x86)/arm gnu toolchain arm-none-eabi/12.2 mpacbti-rel1/bin/../lib/gcc/arm-none-eabi/12.2.1/thumb/v6-m/nofp\libgcc.a(_aeabi_uldivmod.o)
 .ARM.attributes
                0x00000608       0x2c c:/program files (x86)/arm gnu toolchain arm-none-eabi/12.2 mpacbti-rel1/bin/../lib/gcc/arm-none-eabi/12.2.1/thumb/v6-m/nofp\libgcc.a(_udivmoddi4.o)
 .ARM.attributes
                0x00000634       0x1e c:/program files (x86)/arm gnu toolchain arm-none-eabi/12.2 mpacbti-rel1/bin/../lib/gcc/arm-none-eabi/12.2.1/thumb/v6-m/nofp\libgcc.a(_clzdi2.o)
 .ARM.attributes
                0x00000652       0x1e c:/program files (x86)/arm gnu toolchain arm-none-eabi/12.2 mpacbti-rel1/bin/../lib/gcc/arm-none-eabi/12.2.1/thumb/v6-m/nofp\libgcc.a(_clzsi2.o)
 .ARM.attributes
                0x00000670       0x2c c:/program files (x86)/arm gnu toolchain arm-none-eabi/12.2 mpacbti-rel1/bin/../lib/gcc/arm-none-eabi/12.2.1/thumb/v6-m/nofp\libc_nano.a(libc_a-memcmp.o)
 .ARM.attributes
                0x0000069c       0x2c c:/program files (x86)/arm gnu toolchain arm-none-eabi/12.2 mpacbti-rel1/bin/../lib/gcc/arm-none-eabi/12.2.1/thumb/v6-m/nofp\libc_nano.a(libc_a-memset.o)
 .ARM.attributes
                0x000006c8       0x2c c:/program files (x86)/arm gnu toolchain arm-none-eabi/12.2 mpacbti-rel1/bin/../lib/gcc/arm-none-eabi/12.2.1/thumb/v6-m/nofp\libc_nano.a(libc_a-memcpy-stub.o)
 .ARM.attributes
                0x000006f4       0x1c c:/program files (x86)/arm gnu toolchain arm-none-eabi/12.2 mpacbti-rel1/bin/../lib/gcc/arm-none-eabi/12.2.1/thumb/v6-m/nofp\libc_nano.a(libc_a-strlen.o)

.debug_line_str
                0x00000000      0x1dc
 .debug_line_str
                0x00000000       0xd9 c:/program files (x86)/arm gnu toolchain arm-none-eabi/12.2 mpacbti-rel1/bin/../lib/gcc/arm-none-eabi/12.2.1/thumb/v6-m/nofp\libgcc.a(_thumb1_case_uqi.o)
 .debug_line_str
                0x000000d9       0xd9 c:/program files (x86)/arm gnu toolchain arm-none-eabi/12.2 mpacbti-rel1/bin/../lib/gcc/arm-none-eabi/12.2.1/thumb/v6-m/nofp\libgcc.a(_udivsi3.o)
 .debug_line_str
                0x000000d9       0xd9 c:/program files (x86)/arm gnu toolchain arm-none-eabi/12.2 mpacbti-rel1/bin/../lib/gcc/arm-none-eabi/12.2.1/thumb/v6-m/nofp\libgcc.a(_dvmd_tls.o)
 .debug_line_str
                0x000000d9       0xd9 c:/program files (x86)/arm gnu toolchain arm-none-eabi/12.2 mpacbti-rel1/bin/../lib/gcc/arm-none-eabi/12.2.1/thumb/v6-m/nofp\libgcc.a(_lshrdi3.o)
 .debug_line_str
                0x000000d9       0xd9 c:/program files (x86)/arm gnu toolchain arm-none-eabi/12.2 mpacbti-rel1/bin/../lib/gcc/arm-none-eabi/12.2.1/thumb/v6-m/nofp\libgcc.a(_ashldi3.o)
 .debug_line_str
                0x000000d9        0xc c:/program files (x86)/arm gnu toolchain arm-none-eabi/12.2 mpacbti-rel1/bin/../lib/gcc/arm-none-eabi/12.2.1/thumb/v6-m/nofp\libgcc.a(_aeabi_uldivmod.o)
                                 0xd9 (size before relaxing)
 .debug_line_str
                0x000000e5       0xd9 c:/program files (x86)/arm gnu toolchain arm-none-eabi/12.2 mpacbti-rel1/bin/../lib/gcc/arm-none-eabi/12.2.1/thumb/v6-m/nofp\libgcc.a(_clzdi2.o)
 .debug_line_str
                0x000000e5       0xd9 c:/program files (x86)/arm gnu toolchain arm-none-eabi/12.2 mpacbti-rel1/bin/../lib/gcc/arm-none-eabi/12.2.1/thumb/v6-m/nofp\libgcc.a(_clzsi2.o)
 .debug_line_str
                0x000000e5       0xf7 c:/program files (x86)/arm gnu toolchain arm-none-eabi/12.2 mpacbti-rel1/bin/../lib/gcc/arm-none-eabi/12.2.1/thumb/v6-m/nofp\libc_nano.a(libc_a-strlen.o)

.debug_frame    0x00000000       0xd0
 .debug_frame   0x00000000       0x20 c:/program files (x86)/arm gnu toolchain arm-none-eabi/12.2 mpacbti-rel1/bin/../lib/gcc/arm-none-eabi/12.2.1/thumb/v6-m/nofp\libgcc.a(_udivsi3.o)
 .debug_frame   0x00000020       0x3c c:/program files (x86)/arm gnu toolchain arm-none-eabi/12.2 mpacbti-rel1/bin/../lib/gcc/arm-none-eabi/12.2.1/thumb/v6-m/nofp\libgcc.a(_udivmoddi4.o)
 .debug_frame   0x0000005c       0x2c c:/program files (x86)/arm gnu toolchain arm-none-eabi/12.2 mpacbti-rel1/bin/../lib/gcc/arm-none-eabi/12.2.1/thumb/v6-m/nofp\libc_nano.a(libc_a-memcmp.o)
 .debug_frame   0x00000088       0x20 c:/program files (x86)/arm gnu toolchain arm-none-eabi/12.2 mpacbti-rel1/bin/../lib/gcc/arm-none-eabi/12.2.1/thumb/v6-m/nofp\libc_nano.a(libc_a-memset.o)
 .debug_frame   0x000000a8       0x28 c:/program files (x86)/arm gnu toolchain arm-none-eabi/12.2 mpacbti-rel1/bin/../lib/gcc/arm-none-eabi/12.2.1/thumb/v6-m/nofp\libc_nano.a(libc_a-memcpy-stub.o)
