Archive member included to satisfy reference by file (symbol)

c:/users/dorkm/appdata/local/arduino15/packages/arduino/tools/arm-none-eabi-gcc/7-2017q4/bin/../lib/gcc/arm-none-eabi/7.2.1/thumb/v6-m\libgcc.a(_thumb1_case_shi.o)
                              build/host/host_cfg.o (__gnu_thumb1_case_shi)
c:/users/dorkm/appdata/local/arduino15/packages/arduino/tools/arm-none-eabi-gcc/7-2017q4/bin/../lib/gcc/arm-none-eabi/7.2.1/thumb/v6-m\libgcc.a(_udivsi3.o)
                              build/boot/safe_mode.o (__aeabi_uidiv)
c:/users/dorkm/appdata/local/arduino15/packages/arduino/tools/arm-none-eabi-gcc/7-2017q4/bin/../lib/gcc/arm-none-eabi/7.2.1/thumb/v6-m\libgcc.a(_divsi3.o)
                              build/radio/sx1276_airtime.o (__aeabi_idiv)
c:/users/dorkm/appdata/local/arduino15/packages/arduino/tools/arm-none-eabi-gcc/7-2017q4/bin/../lib/gcc/arm-none-eabi/7.2.1/thumb/v6-m\libgcc.a(_dvmd_tls.o)
                              c:/users/dorkm/appdata/local/arduino15/packages/arduino/tools/arm-none-eabi-gcc/7-2017q4/bin/../lib/gcc/arm-none-eabi/7.2.1/thumb/v6-m\libgcc.a(_udivsi3.o) (__aeabi_idiv0)
c:/users/dorkm/appdata/local/arduino15/packages/arduino/tools/arm-none-eabi-gcc/7-2017q4/bin/../lib/gcc/arm-none-eabi/7.2.1/thumb/v6-m\libgcc.a(_ashldi3.o)
                              build/radio/sx1276_airtime.o (__aeabi_llsl)
c:/users/dorkm/appdata/local/arduino15/packages/arduino/tools/arm-none-eabi-gcc/7-2017q4/bin/../lib/gcc/arm-none-eabi/7.2.1/thumb/v6-m\libgcc.a(_aeabi_ldivmod.o)
                              build/radio/sx1276_airtime.o (__aeabi_ldivmod)
c:/users/dorkm/appdata/local/arduino15/packages/arduino/tools/arm-none-eabi-gcc/7-2017q4/bin/../lib/gcc/arm-none-eabi/7.2.1/thumb/v6-m\libgcc.a(_aeabi_uldivmod.o)
                              build/radio/sx1276_airtime.o (__aeabi_uldivmod)
c:/users/dorkm/appdata/local/arduino15/packages/arduino/tools/arm-none-eabi-gcc/7-2017q4/bin/../lib/gcc/arm-none-eabi/7.2.1/thumb/v6-m\libgcc.a(_udivmoddi4.o)
                              c:/users/dorkm/appdata/local/arduino15/packages/arduino/tools/arm-none-eabi-gcc/7-2017q4/bin/../lib/gcc/arm-none-eabi/7.2.1/thumb/v6-m\libgcc.a(_aeabi_uldivmod.o) (__udivmoddi4)
c:/users/dorkm/appdata/local/arduino15/packages/arduino/tools/arm-none-eabi-gcc/7-2017q4/bin/../lib/gcc/arm-none-eabi/7.2.1/thumb/v6-m\libgcc.a(bpabi.o)
                              c:/users/dorkm/appdata/local/arduino15/packages/arduino/tools/arm-none-eabi-gcc/7-2017q4/bin/../lib/gcc/arm-none-eabi/7.2.1/thumb/v6-m\libgcc.a(_aeabi_ldivmod.o) (__gnu_ldivmod_helper)
c:/users/dorkm/appdata/local/arduino15/packages/arduino/tools/arm-none-eabi-gcc/7-2017q4/bin/../lib/gcc/arm-none-eabi/7.2.1/thumb/v6-m\libgcc.a(_clzdi2.o)
                              c:/users/dorkm/appdata/local/arduino15/packages/arduino/tools/arm-none-eabi-gcc/7-2017q4/bin/../lib/gcc/arm-none-eabi/7.2.1/thumb/v6-m\libgcc.a(_udivmoddi4.o) (__clzdi2)
c:/users/dorkm/appdata/local/arduino15/packages/arduino/tools/arm-none-eabi-gcc/7-2017q4/bin/../lib/gcc/arm-none-eabi/7.2.1/thumb/v6-m\libgcc.a(_muldi3.o)
                              c:/users/dorkm/appdata/local/arduino15/packages/arduino/tools/arm-none-eabi-gcc/7-2017q4/bin/../lib/gcc/arm-none-eabi/7.2.1/thumb/v6-m\libgcc.a(bpabi.o) (__aeabi_lmul)
c:/users/dorkm/appdata/local/arduino15/packages/arduino/tools/arm-none-eabi-gcc/7-2017q4/bin/../lib/gcc/arm-none-eabi/7.2.1/thumb/v6-m\libgcc.a(_divdi3.o)
                              c:/users/dorkm/appdata/local/arduino15/packages/arduino/tools/arm-none-eabi-gcc/7-2017q4/bin/../lib/gcc/arm-none-eabi/7.2.1/thumb/v6-m\libgcc.a(bpabi.o) (__divdi3)
c:/users/dorkm/appdata/local/arduino15/packages/arduino/tools/arm-none-eabi-gcc/7-2017q4/bin/../lib/gcc/arm-none-eabi/7.2.1/thumb/v6-m\libgcc.a(_clzsi2.o)
                              c:/users/dorkm/appdata/local/arduino15/packages/arduino/tools/arm-none-eabi-gcc/7-2017q4/bin/../lib/gcc/arm-none-eabi/7.2.1/thumb/v6-m\libgcc.a(_clzdi2.o) (__clzsi2)
c:/users/dorkm/appdata/local/arduino15/packages/arduino/tools/arm-none-eabi-gcc/7-2017q4/bin/../lib/gcc/arm-none-eabi/7.2.1/../../../../arm-none-eabi/lib/thumb/v6-m\libc_nano.a(lib_a-memcmp.o)
                              build/host/host_cfg.o (memcmp)
c:/users/dorkm/appdata/local/arduino15/packages/arduino/tools/arm-none-eabi-gcc/7-2017q4/bin/../lib/gcc/arm-none-eabi/7.2.1/../../../../arm-none-eabi/lib/thumb/v6-m\libc_nano.a(lib_a-memcpy-stub.o)
                              build/host/host_cfg.o (memcpy)
c:/users/dorkm/appdata/local/arduino15/packages/arduino/tools/arm-none-eabi-gcc/7-2017q4/bin/../lib/gcc/arm-none-eabi/7.2.1/../../../../arm-none-eabi/lib/thumb/v6-m\libc_nano.a(lib_a-memset.o)
                              build/host/host_cfg.o (memset)
c:/users/dorkm/appdata/local/arduino15/packages/arduino/tools/arm-none-eabi-gcc/7-2017q4/bin/../lib/gcc/arm-none-eabi/7.2.1/../../../../arm-none-eabi/lib/thumb/v6-m\libc_nano.a(lib_a-strlen.o)
                              build/host/host_cmd.o (strlen)

Discarded input sections

 .text          0x00000000        0x0 build/startup.o
 .data          0x00000000        0x0 build/startup.o
 .bss           0x00000000        0x0 build/startup.o
 .comment       0x00000000       0x7f build/startup.o
 .text          0x00000000        0x0 build/main.o
 .data          0x00000000        0x0 build/main.o
 .bss           0x00000000        0x0 build/main.o
 .rodata._mm_anchor_ref
                0x00000000        0x4 build/main.o
 .comment       0x00000000       0x7f build/main.o
 .text          0x00000000        0x0 build/boot/safe_mode.o
 .data          0x00000000        0x0 build/boot/safe_mode.o
 .bss           0x00000000        0x0 build/boot/safe_mode.o
 .comment       0x00000000       0x7f build/boot/safe_mode.o
 .text          0x00000000        0x0 build/hal/platform.o
 .data          0x00000000        0x0 build/hal/platform.o
 .bss           0x00000000        0x0 build/hal/platform.o
 .comment       0x00000000       0x7f build/hal/platform.o
 .text          0x00000000        0x0 build/host/host_cfg.o
 .data          0x00000000        0x0 build/host/host_cfg.o
 .bss           0x00000000        0x0 build/host/host_cfg.o
 .text.cfg_is_dirty
                0x00000000        0xc build/host/host_cfg.o
 .comment       0x00000000       0x7f build/host/host_cfg.o
 .text          0x00000000        0x0 build/host/host_cfg_wire.o
 .data          0x00000000        0x0 build/host/host_cfg_wire.o
 .bss           0x00000000        0x0 build/host/host_cfg_wire.o
 .comment       0x00000000       0x7f build/host/host_cfg_wire.o
 .text          0x00000000        0x0 build/host/host_cmd.o
 .data          0x00000000        0x0 build/host/host_cmd.o
 .bss           0x00000000        0x0 build/host/host_cmd.o
 .comment       0x00000000       0x7f build/host/host_cmd.o
 .text          0x00000000        0x0 build/host/host_stats.o
 .data          0x00000000        0x0 build/host/host_stats.o
 .bss           0x00000000        0x0 build/host/host_stats.o
 .comment       0x00000000       0x7f build/host/host_stats.o
 .text          0x00000000        0x0 build/host/host_uart.o
 .data          0x00000000        0x0 build/host/host_uart.o
 .bss           0x00000000        0x0 build/host/host_uart.o
 .comment       0x00000000       0x7f build/host/host_uart.o
 .text          0x00000000        0x0 build/radio/sx1276_airtime.o
 .data          0x00000000        0x0 build/radio/sx1276_airtime.o
 .bss           0x00000000        0x0 build/radio/sx1276_airtime.o
 .comment       0x00000000       0x7f build/radio/sx1276_airtime.o
 .text          0x00000000        0x0 build/radio/sx1276_cad.o
 .data          0x00000000        0x0 build/radio/sx1276_cad.o
 .bss           0x00000000        0x0 build/radio/sx1276_cad.o
 .comment       0x00000000       0x7f build/radio/sx1276_cad.o
 .text          0x00000000        0x0 build/radio/sx1276_lbt.o
 .data          0x00000000        0x0 build/radio/sx1276_lbt.o
 .bss           0x00000000        0x0 build/radio/sx1276_lbt.o
 .text.sx1276_lbt_backoff_remaining_ms
                0x00000000       0x20 build/radio/sx1276_lbt.o
 .comment       0x00000000       0x7f build/radio/sx1276_lbt.o
 .text          0x00000000        0x0 build/radio/sx1276_modes.o
 .data          0x00000000        0x0 build/radio/sx1276_modes.o
 .bss           0x00000000        0x0 build/radio/sx1276_modes.o
 .text.sx1276_modes_to_rx_single
                0x00000000        0xe build/radio/sx1276_modes.o
 .comment       0x00000000       0x7f build/radio/sx1276_modes.o
 .text          0x00000000        0x0 build/radio/sx1276_rx.o
 .data          0x00000000        0x0 build/radio/sx1276_rx.o
 .bss           0x00000000        0x0 build/radio/sx1276_rx.o
 .comment       0x00000000       0x7f build/radio/sx1276_rx.o
 .text          0x00000000        0x0 build/radio/sx1276_tx.o
 .data          0x00000000        0x0 build/radio/sx1276_tx.o
 .bss           0x00000000        0x0 build/radio/sx1276_tx.o
 .comment       0x00000000       0x7f build/radio/sx1276_tx.o
 .text          0x00000000        0x0 build/radio/sx1276.o
 .data          0x00000000        0x0 build/radio/sx1276.o
 .bss           0x00000000        0x0 build/radio/sx1276.o
 .text.sx1276_apply_profile_full
                0x00000000       0x26 build/radio/sx1276.o
 .text.sx1276_reg_dump
                0x00000000       0x20 build/radio/sx1276.o
 .comment       0x00000000       0x7f build/radio/sx1276.o
 .text          0x00000000        0x0 build/include/static_asserts.o
 .data          0x00000000        0x0 build/include/static_asserts.o
 .bss           0x00000000        0x0 build/include/static_asserts.o
 .rodata._mm_static_asserts_anchor
                0x00000000        0x4 build/include/static_asserts.o
 .comment       0x00000000       0x7f build/include/static_asserts.o
 .ARM.attributes
                0x00000000       0x32 build/include/static_asserts.o
 .data          0x00000000        0x0 c:/users/dorkm/appdata/local/arduino15/packages/arduino/tools/arm-none-eabi-gcc/7-2017q4/bin/../lib/gcc/arm-none-eabi/7.2.1/thumb/v6-m\libgcc.a(_thumb1_case_shi.o)
 .bss           0x00000000        0x0 c:/users/dorkm/appdata/local/arduino15/packages/arduino/tools/arm-none-eabi-gcc/7-2017q4/bin/../lib/gcc/arm-none-eabi/7.2.1/thumb/v6-m\libgcc.a(_thumb1_case_shi.o)
 .data          0x00000000        0x0 c:/users/dorkm/appdata/local/arduino15/packages/arduino/tools/arm-none-eabi-gcc/7-2017q4/bin/../lib/gcc/arm-none-eabi/7.2.1/thumb/v6-m\libgcc.a(_udivsi3.o)
 .bss           0x00000000        0x0 c:/users/dorkm/appdata/local/arduino15/packages/arduino/tools/arm-none-eabi-gcc/7-2017q4/bin/../lib/gcc/arm-none-eabi/7.2.1/thumb/v6-m\libgcc.a(_udivsi3.o)
 .text          0x00000000      0x1d4 c:/users/dorkm/appdata/local/arduino15/packages/arduino/tools/arm-none-eabi-gcc/7-2017q4/bin/../lib/gcc/arm-none-eabi/7.2.1/thumb/v6-m\libgcc.a(_divsi3.o)
 .data          0x00000000        0x0 c:/users/dorkm/appdata/local/arduino15/packages/arduino/tools/arm-none-eabi-gcc/7-2017q4/bin/../lib/gcc/arm-none-eabi/7.2.1/thumb/v6-m\libgcc.a(_divsi3.o)
 .bss           0x00000000        0x0 c:/users/dorkm/appdata/local/arduino15/packages/arduino/tools/arm-none-eabi-gcc/7-2017q4/bin/../lib/gcc/arm-none-eabi/7.2.1/thumb/v6-m\libgcc.a(_divsi3.o)
 .debug_frame   0x00000000       0x20 c:/users/dorkm/appdata/local/arduino15/packages/arduino/tools/arm-none-eabi-gcc/7-2017q4/bin/../lib/gcc/arm-none-eabi/7.2.1/thumb/v6-m\libgcc.a(_divsi3.o)
 .ARM.attributes
                0x00000000       0x1e c:/users/dorkm/appdata/local/arduino15/packages/arduino/tools/arm-none-eabi-gcc/7-2017q4/bin/../lib/gcc/arm-none-eabi/7.2.1/thumb/v6-m\libgcc.a(_divsi3.o)
 .data          0x00000000        0x0 c:/users/dorkm/appdata/local/arduino15/packages/arduino/tools/arm-none-eabi-gcc/7-2017q4/bin/../lib/gcc/arm-none-eabi/7.2.1/thumb/v6-m\libgcc.a(_dvmd_tls.o)
 .bss           0x00000000        0x0 c:/users/dorkm/appdata/local/arduino15/packages/arduino/tools/arm-none-eabi-gcc/7-2017q4/bin/../lib/gcc/arm-none-eabi/7.2.1/thumb/v6-m\libgcc.a(_dvmd_tls.o)
 .data          0x00000000        0x0 c:/users/dorkm/appdata/local/arduino15/packages/arduino/tools/arm-none-eabi-gcc/7-2017q4/bin/../lib/gcc/arm-none-eabi/7.2.1/thumb/v6-m\libgcc.a(_ashldi3.o)
 .bss           0x00000000        0x0 c:/users/dorkm/appdata/local/arduino15/packages/arduino/tools/arm-none-eabi-gcc/7-2017q4/bin/../lib/gcc/arm-none-eabi/7.2.1/thumb/v6-m\libgcc.a(_ashldi3.o)
 .text          0x00000000       0x48 c:/users/dorkm/appdata/local/arduino15/packages/arduino/tools/arm-none-eabi-gcc/7-2017q4/bin/../lib/gcc/arm-none-eabi/7.2.1/thumb/v6-m\libgcc.a(_aeabi_ldivmod.o)
 .data          0x00000000        0x0 c:/users/dorkm/appdata/local/arduino15/packages/arduino/tools/arm-none-eabi-gcc/7-2017q4/bin/../lib/gcc/arm-none-eabi/7.2.1/thumb/v6-m\libgcc.a(_aeabi_ldivmod.o)
 .bss           0x00000000        0x0 c:/users/dorkm/appdata/local/arduino15/packages/arduino/tools/arm-none-eabi-gcc/7-2017q4/bin/../lib/gcc/arm-none-eabi/7.2.1/thumb/v6-m\libgcc.a(_aeabi_ldivmod.o)
 .ARM.attributes
                0x00000000       0x1e c:/users/dorkm/appdata/local/arduino15/packages/arduino/tools/arm-none-eabi-gcc/7-2017q4/bin/../lib/gcc/arm-none-eabi/7.2.1/thumb/v6-m\libgcc.a(_aeabi_ldivmod.o)
 .data          0x00000000        0x0 c:/users/dorkm/appdata/local/arduino15/packages/arduino/tools/arm-none-eabi-gcc/7-2017q4/bin/../lib/gcc/arm-none-eabi/7.2.1/thumb/v6-m\libgcc.a(_aeabi_uldivmod.o)
 .bss           0x00000000        0x0 c:/users/dorkm/appdata/local/arduino15/packages/arduino/tools/arm-none-eabi-gcc/7-2017q4/bin/../lib/gcc/arm-none-eabi/7.2.1/thumb/v6-m\libgcc.a(_aeabi_uldivmod.o)
 .data          0x00000000        0x0 c:/users/dorkm/appdata/local/arduino15/packages/arduino/tools/arm-none-eabi-gcc/7-2017q4/bin/../lib/gcc/arm-none-eabi/7.2.1/thumb/v6-m\libgcc.a(_udivmoddi4.o)
 .bss           0x00000000        0x0 c:/users/dorkm/appdata/local/arduino15/packages/arduino/tools/arm-none-eabi-gcc/7-2017q4/bin/../lib/gcc/arm-none-eabi/7.2.1/thumb/v6-m\libgcc.a(_udivmoddi4.o)
 .ARM.extab     0x00000000        0x0 c:/users/dorkm/appdata/local/arduino15/packages/arduino/tools/arm-none-eabi-gcc/7-2017q4/bin/../lib/gcc/arm-none-eabi/7.2.1/thumb/v6-m\libgcc.a(_udivmoddi4.o)
 .text          0x00000000       0x38 c:/users/dorkm/appdata/local/arduino15/packages/arduino/tools/arm-none-eabi-gcc/7-2017q4/bin/../lib/gcc/arm-none-eabi/7.2.1/thumb/v6-m\libgcc.a(bpabi.o)
 .data          0x00000000        0x0 c:/users/dorkm/appdata/local/arduino15/packages/arduino/tools/arm-none-eabi-gcc/7-2017q4/bin/../lib/gcc/arm-none-eabi/7.2.1/thumb/v6-m\libgcc.a(bpabi.o)
 .bss           0x00000000        0x0 c:/users/dorkm/appdata/local/arduino15/packages/arduino/tools/arm-none-eabi-gcc/7-2017q4/bin/../lib/gcc/arm-none-eabi/7.2.1/thumb/v6-m\libgcc.a(bpabi.o)
 .debug_frame   0x00000000       0x30 c:/users/dorkm/appdata/local/arduino15/packages/arduino/tools/arm-none-eabi-gcc/7-2017q4/bin/../lib/gcc/arm-none-eabi/7.2.1/thumb/v6-m\libgcc.a(bpabi.o)
 .ARM.attributes
                0x00000000       0x2c c:/users/dorkm/appdata/local/arduino15/packages/arduino/tools/arm-none-eabi-gcc/7-2017q4/bin/../lib/gcc/arm-none-eabi/7.2.1/thumb/v6-m\libgcc.a(bpabi.o)
 .data          0x00000000        0x0 c:/users/dorkm/appdata/local/arduino15/packages/arduino/tools/arm-none-eabi-gcc/7-2017q4/bin/../lib/gcc/arm-none-eabi/7.2.1/thumb/v6-m\libgcc.a(_clzdi2.o)
 .bss           0x00000000        0x0 c:/users/dorkm/appdata/local/arduino15/packages/arduino/tools/arm-none-eabi-gcc/7-2017q4/bin/../lib/gcc/arm-none-eabi/7.2.1/thumb/v6-m\libgcc.a(_clzdi2.o)
 .text          0x00000000       0x54 c:/users/dorkm/appdata/local/arduino15/packages/arduino/tools/arm-none-eabi-gcc/7-2017q4/bin/../lib/gcc/arm-none-eabi/7.2.1/thumb/v6-m\libgcc.a(_muldi3.o)
 .data          0x00000000        0x0 c:/users/dorkm/appdata/local/arduino15/packages/arduino/tools/arm-none-eabi-gcc/7-2017q4/bin/../lib/gcc/arm-none-eabi/7.2.1/thumb/v6-m\libgcc.a(_muldi3.o)
 .bss           0x00000000        0x0 c:/users/dorkm/appdata/local/arduino15/packages/arduino/tools/arm-none-eabi-gcc/7-2017q4/bin/../lib/gcc/arm-none-eabi/7.2.1/thumb/v6-m\libgcc.a(_muldi3.o)
 .debug_frame   0x00000000       0x34 c:/users/dorkm/appdata/local/arduino15/packages/arduino/tools/arm-none-eabi-gcc/7-2017q4/bin/../lib/gcc/arm-none-eabi/7.2.1/thumb/v6-m\libgcc.a(_muldi3.o)
 .ARM.attributes
                0x00000000       0x2c c:/users/dorkm/appdata/local/arduino15/packages/arduino/tools/arm-none-eabi-gcc/7-2017q4/bin/../lib/gcc/arm-none-eabi/7.2.1/thumb/v6-m\libgcc.a(_muldi3.o)
 .text          0x00000000      0x1b0 c:/users/dorkm/appdata/local/arduino15/packages/arduino/tools/arm-none-eabi-gcc/7-2017q4/bin/../lib/gcc/arm-none-eabi/7.2.1/thumb/v6-m\libgcc.a(_divdi3.o)
 .data          0x00000000        0x0 c:/users/dorkm/appdata/local/arduino15/packages/arduino/tools/arm-none-eabi-gcc/7-2017q4/bin/../lib/gcc/arm-none-eabi/7.2.1/thumb/v6-m\libgcc.a(_divdi3.o)
 .bss           0x00000000        0x0 c:/users/dorkm/appdata/local/arduino15/packages/arduino/tools/arm-none-eabi-gcc/7-2017q4/bin/../lib/gcc/arm-none-eabi/7.2.1/thumb/v6-m\libgcc.a(_divdi3.o)
 .ARM.extab     0x00000000        0x0 c:/users/dorkm/appdata/local/arduino15/packages/arduino/tools/arm-none-eabi-gcc/7-2017q4/bin/../lib/gcc/arm-none-eabi/7.2.1/thumb/v6-m\libgcc.a(_divdi3.o)
 .ARM.exidx     0x00000000        0x8 c:/users/dorkm/appdata/local/arduino15/packages/arduino/tools/arm-none-eabi-gcc/7-2017q4/bin/../lib/gcc/arm-none-eabi/7.2.1/thumb/v6-m\libgcc.a(_divdi3.o)
 .debug_frame   0x00000000       0x3c c:/users/dorkm/appdata/local/arduino15/packages/arduino/tools/arm-none-eabi-gcc/7-2017q4/bin/../lib/gcc/arm-none-eabi/7.2.1/thumb/v6-m\libgcc.a(_divdi3.o)
 .ARM.attributes
                0x00000000       0x2c c:/users/dorkm/appdata/local/arduino15/packages/arduino/tools/arm-none-eabi-gcc/7-2017q4/bin/../lib/gcc/arm-none-eabi/7.2.1/thumb/v6-m\libgcc.a(_divdi3.o)
 .data          0x00000000        0x0 c:/users/dorkm/appdata/local/arduino15/packages/arduino/tools/arm-none-eabi-gcc/7-2017q4/bin/../lib/gcc/arm-none-eabi/7.2.1/thumb/v6-m\libgcc.a(_clzsi2.o)
 .bss           0x00000000        0x0 c:/users/dorkm/appdata/local/arduino15/packages/arduino/tools/arm-none-eabi-gcc/7-2017q4/bin/../lib/gcc/arm-none-eabi/7.2.1/thumb/v6-m\libgcc.a(_clzsi2.o)
 .text          0x00000000        0x0 c:/users/dorkm/appdata/local/arduino15/packages/arduino/tools/arm-none-eabi-gcc/7-2017q4/bin/../lib/gcc/arm-none-eabi/7.2.1/../../../../arm-none-eabi/lib/thumb/v6-m\libc_nano.a(lib_a-memcmp.o)
 .data          0x00000000        0x0 c:/users/dorkm/appdata/local/arduino15/packages/arduino/tools/arm-none-eabi-gcc/7-2017q4/bin/../lib/gcc/arm-none-eabi/7.2.1/../../../../arm-none-eabi/lib/thumb/v6-m\libc_nano.a(lib_a-memcmp.o)
 .bss           0x00000000        0x0 c:/users/dorkm/appdata/local/arduino15/packages/arduino/tools/arm-none-eabi-gcc/7-2017q4/bin/../lib/gcc/arm-none-eabi/7.2.1/../../../../arm-none-eabi/lib/thumb/v6-m\libc_nano.a(lib_a-memcmp.o)
 .text          0x00000000        0x0 c:/users/dorkm/appdata/local/arduino15/packages/arduino/tools/arm-none-eabi-gcc/7-2017q4/bin/../lib/gcc/arm-none-eabi/7.2.1/../../../../arm-none-eabi/lib/thumb/v6-m\libc_nano.a(lib_a-memcpy-stub.o)
 .data          0x00000000        0x0 c:/users/dorkm/appdata/local/arduino15/packages/arduino/tools/arm-none-eabi-gcc/7-2017q4/bin/../lib/gcc/arm-none-eabi/7.2.1/../../../../arm-none-eabi/lib/thumb/v6-m\libc_nano.a(lib_a-memcpy-stub.o)
 .bss           0x00000000        0x0 c:/users/dorkm/appdata/local/arduino15/packages/arduino/tools/arm-none-eabi-gcc/7-2017q4/bin/../lib/gcc/arm-none-eabi/7.2.1/../../../../arm-none-eabi/lib/thumb/v6-m\libc_nano.a(lib_a-memcpy-stub.o)
 .text          0x00000000        0x0 c:/users/dorkm/appdata/local/arduino15/packages/arduino/tools/arm-none-eabi-gcc/7-2017q4/bin/../lib/gcc/arm-none-eabi/7.2.1/../../../../arm-none-eabi/lib/thumb/v6-m\libc_nano.a(lib_a-memset.o)
 .data          0x00000000        0x0 c:/users/dorkm/appdata/local/arduino15/packages/arduino/tools/arm-none-eabi-gcc/7-2017q4/bin/../lib/gcc/arm-none-eabi/7.2.1/../../../../arm-none-eabi/lib/thumb/v6-m\libc_nano.a(lib_a-memset.o)
 .bss           0x00000000        0x0 c:/users/dorkm/appdata/local/arduino15/packages/arduino/tools/arm-none-eabi-gcc/7-2017q4/bin/../lib/gcc/arm-none-eabi/7.2.1/../../../../arm-none-eabi/lib/thumb/v6-m\libc_nano.a(lib_a-memset.o)
 .data          0x00000000        0x0 c:/users/dorkm/appdata/local/arduino15/packages/arduino/tools/arm-none-eabi-gcc/7-2017q4/bin/../lib/gcc/arm-none-eabi/7.2.1/../../../../arm-none-eabi/lib/thumb/v6-m\libc_nano.a(lib_a-strlen.o)
 .bss           0x00000000        0x0 c:/users/dorkm/appdata/local/arduino15/packages/arduino/tools/arm-none-eabi-gcc/7-2017q4/bin/../lib/gcc/arm-none-eabi/7.2.1/../../../../arm-none-eabi/lib/thumb/v6-m\libc_nano.a(lib_a-strlen.o)

Memory Configuration

Name             Origin             Length             Attributes
BOOT             0x08000000         0x00001000         xr
APP              0x08001000         0x0002d000         xr
CFG              0x0802e000         0x00002000         r
RAM              0x20000000         0x00005000         xrw
*default*        0x00000000         0xffffffff

Linker script and memory map

LOAD build/startup.o
LOAD build/main.o
LOAD build/boot/safe_mode.o
LOAD build/hal/platform.o
LOAD build/host/host_cfg.o
LOAD build/host/host_cfg_wire.o
LOAD build/host/host_cmd.o
LOAD build/host/host_stats.o
LOAD build/host/host_uart.o
LOAD build/radio/sx1276_airtime.o
LOAD build/radio/sx1276_cad.o
LOAD build/radio/sx1276_lbt.o
LOAD build/radio/sx1276_modes.o
LOAD build/radio/sx1276_rx.o
LOAD build/radio/sx1276_tx.o
LOAD build/radio/sx1276.o
LOAD build/include/static_asserts.o
START GROUP
LOAD c:/users/dorkm/appdata/local/arduino15/packages/arduino/tools/arm-none-eabi-gcc/7-2017q4/bin/../lib/gcc/arm-none-eabi/7.2.1/thumb/v6-m\libgcc.a
LOAD c:/users/dorkm/appdata/local/arduino15/packages/arduino/tools/arm-none-eabi-gcc/7-2017q4/bin/../lib/gcc/arm-none-eabi/7.2.1/../../../../arm-none-eabi/lib/thumb/v6-m\libc_nano.a
END GROUP
START GROUP
LOAD c:/users/dorkm/appdata/local/arduino15/packages/arduino/tools/arm-none-eabi-gcc/7-2017q4/bin/../lib/gcc/arm-none-eabi/7.2.1/thumb/v6-m\libgcc.a
LOAD c:/users/dorkm/appdata/local/arduino15/packages/arduino/tools/arm-none-eabi-gcc/7-2017q4/bin/../lib/gcc/arm-none-eabi/7.2.1/../../../../arm-none-eabi/lib/thumb/v6-m\libc_nano.a
LOAD c:/users/dorkm/appdata/local/arduino15/packages/arduino/tools/arm-none-eabi-gcc/7-2017q4/bin/../lib/gcc/arm-none-eabi/7.2.1/../../../../arm-none-eabi/lib/thumb/v6-m\libnosys.a
END GROUP
START GROUP
LOAD c:/users/dorkm/appdata/local/arduino15/packages/arduino/tools/arm-none-eabi-gcc/7-2017q4/bin/../lib/gcc/arm-none-eabi/7.2.1/thumb/v6-m\libgcc.a
LOAD c:/users/dorkm/appdata/local/arduino15/packages/arduino/tools/arm-none-eabi-gcc/7-2017q4/bin/../lib/gcc/arm-none-eabi/7.2.1/../../../../arm-none-eabi/lib/thumb/v6-m\libc_nano.a
LOAD c:/users/dorkm/appdata/local/arduino15/packages/arduino/tools/arm-none-eabi-gcc/7-2017q4/bin/../lib/gcc/arm-none-eabi/7.2.1/../../../../arm-none-eabi/lib/thumb/v6-m\libnosys.a
END GROUP
                0x20005000                _estack = 0x20005000
                0x00000a00                _stack_size = 0xa00
                0x20004600                _stack_bottom = 0x20004600
                0x08000000                _boot_start = 0x8000000
                0x08001000                _boot_end = 0x8001000
                0x08001000                _app_start = 0x8001000
                0x0802e000                _app_end = 0x802e000
                0x0802e000                _cfg_start = 0x802e000
                0x08030000                _cfg_end = 0x8030000

.isr_vector     0x08000000       0xc0
                0x08000000                . = ALIGN (0x4)
 *(.isr_vector)
 .isr_vector    0x08000000       0xc0 build/startup.o
                0x08000000                g_pfnVectors
                0x080000c0                . = ALIGN (0x4)

.boot_text      0x080000c0      0x2bc
                0x080000c0                . = ALIGN (0x4)
 *(.boot_text)
 .boot_text     0x080000c0       0xa4 build/startup.o
                0x080000c0                HardFault_Handler
                0x080000d4                TSC_IRQHandler
                0x080000d4                ADC1_COMP_IRQHandler
                0x080000d4                PVD_IRQHandler
                0x080000d4                PendSV_Handler
                0x080000d4                RNG_LPUART1_IRQHandler
                0x080000d4                I2C1_IRQHandler
                0x080000d4                SPI1_IRQHandler
                0x080000d4                TIM6_DAC_IRQHandler
                0x080000d4                USART1_IRQHandler
                0x080000d4                EXTI2_3_IRQHandler
                0x080000d4                I2C2_IRQHandler
                0x080000d4                RTC_IRQHandler
                0x080000d4                FLASH_IRQHandler
                0x080000d4                LCD_IRQHandler
                0x080000d4                TIM3_IRQHandler
                0x080000d4                RCC_IRQHandler
                0x080000d4                DMA1_Channel1_IRQHandler
                0x080000d4                USART4_5_IRQHandler
                0x080000d4                Default_Handler
                0x080000d4                TIM22_IRQHandler
                0x080000d4                TIM7_IRQHandler
                0x080000d4                USB_IRQHandler
                0x080000d4                I2C3_IRQHandler
                0x080000d4                SPI2_IRQHandler
                0x080000d4                SVC_Handler
                0x080000d4                CRS_IRQHandler
                0x080000d4                TIM21_IRQHandler
                0x080000d4                WWDG_IRQHandler
                0x080000d4                TIM2_IRQHandler
                0x080000d4                DMA1_Channel2_3_IRQHandler
                0x080000d4                LPTIM1_IRQHandler
                0x080000d8                NMI_Handler
                0x080000f2                HardFault_Handler_C
                0x0800011c                Reset_Handler
 .boot_text     0x08000164      0x218 build/boot/safe_mode.o
                0x08000164                jump_to_bootloader
                0x080001dc                safe_mode_listen
 *(.boot_text.*)
                0x0800037c                . = ALIGN (0x4)

.boot_rodata    0x0800037c       0x14
                0x0800037c                . = ALIGN (0x4)
 *(.boot_rodata)
 .boot_rodata   0x0800037c       0x14 build/boot/safe_mode.o
 *(.boot_rodata.*)
                0x08000390                . = ALIGN (0x4)

.text           0x08001000     0x2ea0
                0x08001000                . = ALIGN (0x4)
 *(.text)
 .text          0x08001000       0x14 c:/users/dorkm/appdata/local/arduino15/packages/arduino/tools/arm-none-eabi-gcc/7-2017q4/bin/../lib/gcc/arm-none-eabi/7.2.1/thumb/v6-m\libgcc.a(_thumb1_case_shi.o)
                0x08001000                __gnu_thumb1_case_shi
 .text          0x08001014      0x114 c:/users/dorkm/appdata/local/arduino15/packages/arduino/tools/arm-none-eabi-gcc/7-2017q4/bin/../lib/gcc/arm-none-eabi/7.2.1/thumb/v6-m\libgcc.a(_udivsi3.o)
                0x08001014                __aeabi_uidiv
                0x08001014                __udivsi3
                0x08001120                __aeabi_uidivmod
 .text          0x08001128        0x4 c:/users/dorkm/appdata/local/arduino15/packages/arduino/tools/arm-none-eabi-gcc/7-2017q4/bin/../lib/gcc/arm-none-eabi/7.2.1/thumb/v6-m\libgcc.a(_dvmd_tls.o)
                0x08001128                __aeabi_idiv0
                0x08001128                __aeabi_ldiv0
 .text          0x0800112c       0x18 c:/users/dorkm/appdata/local/arduino15/packages/arduino/tools/arm-none-eabi-gcc/7-2017q4/bin/../lib/gcc/arm-none-eabi/7.2.1/thumb/v6-m\libgcc.a(_ashldi3.o)
                0x0800112c                __aeabi_llsl
                0x0800112c                __ashldi3
 .text          0x08001144       0x40 c:/users/dorkm/appdata/local/arduino15/packages/arduino/tools/arm-none-eabi-gcc/7-2017q4/bin/../lib/gcc/arm-none-eabi/7.2.1/thumb/v6-m\libgcc.a(_aeabi_uldivmod.o)
                0x08001144                __aeabi_uldivmod
 .text          0x08001184      0x184 c:/users/dorkm/appdata/local/arduino15/packages/arduino/tools/arm-none-eabi-gcc/7-2017q4/bin/../lib/gcc/arm-none-eabi/7.2.1/thumb/v6-m\libgcc.a(_udivmoddi4.o)
                0x08001184                __udivmoddi4
 .text          0x08001308       0x18 c:/users/dorkm/appdata/local/arduino15/packages/arduino/tools/arm-none-eabi-gcc/7-2017q4/bin/../lib/gcc/arm-none-eabi/7.2.1/thumb/v6-m\libgcc.a(_clzdi2.o)
                0x08001308                __clzdi2
 .text          0x08001320       0x3c c:/users/dorkm/appdata/local/arduino15/packages/arduino/tools/arm-none-eabi-gcc/7-2017q4/bin/../lib/gcc/arm-none-eabi/7.2.1/thumb/v6-m\libgcc.a(_clzsi2.o)
                0x08001320                __clzsi2
 .text          0x0800135c        0xe c:/users/dorkm/appdata/local/arduino15/packages/arduino/tools/arm-none-eabi-gcc/7-2017q4/bin/../lib/gcc/arm-none-eabi/7.2.1/../../../../arm-none-eabi/lib/thumb/v6-m\libc_nano.a(lib_a-strlen.o)
                0x0800135c                strlen
 *(.text.*)
 .text.SystemInit
                0x0800136a        0x2 build/startup.o
                0x0800136a                SystemInit
 .text.startup.main
                0x0800136c       0xbc build/main.o
                0x0800136c                main
 .text.platform_core_hz
                0x08001428        0xc build/hal/platform.o
                0x08001428                platform_core_hz
 .text.platform_reset_cause_capture_early
                0x08001434       0x5c build/hal/platform.o
                0x08001434                platform_reset_cause_capture_early
 .text.platform_reset_cause_take
                0x08001490       0x1c build/hal/platform.o
                0x08001490                platform_reset_cause_take
 .text.platform_clock_init_hsi16
                0x080014ac       0xb4 build/hal/platform.o
                0x080014ac                platform_clock_init_hsi16
 .text.platform_clock_source_id
                0x08001560        0xc build/hal/platform.o
                0x08001560                platform_clock_source_id
 .text.platform_systick_init_1ms
                0x0800156c       0x34 build/hal/platform.o
                0x0800156c                platform_systick_init_1ms
 .text.platform_now_ms
                0x080015a0        0xc build/hal/platform.o
                0x080015a0                platform_now_ms
 .text.platform_now_us
                0x080015ac       0x48 build/hal/platform.o
                0x080015ac                platform_now_us
 .text.platform_delay_ms
                0x080015f4       0x14 build/hal/platform.o
                0x080015f4                platform_delay_ms
 .text.platform_irq_enable
                0x08001608       0x1c build/hal/platform.o
                0x08001608                platform_irq_enable
 .text.platform_system_reset
                0x08001624       0x10 build/hal/platform.o
                0x08001624                platform_system_reset
 .text.platform_fault_record
                0x08001634       0x28 build/hal/platform.o
                0x08001634                platform_fault_record
 .text.platform_fault_take_replay
                0x0800165c       0x38 build/hal/platform.o
                0x0800165c                platform_fault_take_replay
 .text.SysTick_Handler
                0x08001694       0x10 build/hal/platform.o
                0x08001694                SysTick_Handler
 .text.cfg_apply_unsupported
                0x080016a4        0x4 build/host/host_cfg.o
 .text.cfg_apply_tx_power_dbm
                0x080016a8       0x14 build/host/host_cfg.o
 .text.cfg_init
                0x080016bc       0x60 build/host/host_cfg.o
                0x080016bc                cfg_init
 .text.cfg_set  0x0800171c      0x1d4 build/host/host_cfg.o
                0x0800171c                cfg_set
 .text.cfg_get  0x080018f0       0x68 build/host/host_cfg.o
                0x080018f0                cfg_get
 .text.host_cfg_wire_encode_ok
                0x08001958       0x28 build/host/host_cfg_wire.o
                0x08001958                host_cfg_wire_encode_ok
 .text.host_cfg_wire_encode_data
                0x08001980       0x3e build/host/host_cfg_wire.o
                0x08001980                host_cfg_wire_encode_data
 .text.at_get_u32_le
                0x080019be       0x1c build/host/host_cmd.o
 .text.put_u32_le
                0x080019da       0x10 build/host/host_cmd.o
 .text.handle_tx_frame
                0x080019ea       0x80 build/host/host_cmd.o
 *fill*         0x08001a6a        0x2 
 .text.at_send_ok
                0x08001a6c       0x10 build/host/host_cmd.o
 .text.at_send_version_triplet
                0x08001a7c       0x30 build/host/host_cmd.o
 .text.at_send_hex_nibble
                0x08001aac       0x1e build/host/host_cmd.o
 .text.host_send_fault_urc.part.1
                0x08001aca       0x5a build/host/host_cmd.o
 .text.at_send_u32.part.3
                0x08001b24       0x54 build/host/host_cmd.o
 .text.at_line_equals
                0x08001b78       0x72 build/host/host_cmd.o
 *fill*         0x08001bea        0x2 
 .text.at_send_key_u32
                0x08001bec       0x2c build/host/host_cmd.o
 .text.host_cmd_init
                0x08001c18       0x5c build/host/host_cmd.o
                0x08001c18                host_cmd_init
 .text.host_cmd_dispatch
                0x08001c74      0x2ec build/host/host_cmd.o
                0x08001c74                host_cmd_dispatch
 .text.host_cmd_dispatch_at_line
                0x08001f60      0x36c build/host/host_cmd.o
                0x08001f60                host_cmd_dispatch_at_line
 .text.host_cmd_on_radio_events
                0x080022cc       0x26 build/host/host_cmd.o
                0x080022cc                host_cmd_on_radio_events
 .text.host_cmd_emit_tx_done
                0x080022f2       0x36 build/host/host_cmd.o
                0x080022f2                host_cmd_emit_tx_done
 .text.host_cmd_emit_fault
                0x08002328       0x1c build/host/host_cmd.o
                0x08002328                host_cmd_emit_fault
 .text.host_cmd_emit_rx_frame
                0x08002344       0x58 build/host/host_cmd.o
                0x08002344                host_cmd_emit_rx_frame
 .text.put_u32_le
                0x0800239c       0x10 build/host/host_stats.o
 .text.host_stats_reset
                0x080023ac       0x54 build/host/host_stats.o
                0x080023ac                host_stats_reset
 .text.host_stats_radio_rx_ok
                0x08002400       0x10 build/host/host_stats.o
                0x08002400                host_stats_radio_rx_ok
 .text.host_stats_radio_crc_err
                0x08002410       0x10 build/host/host_stats.o
                0x08002410                host_stats_radio_crc_err
 .text.host_stats_radio_tx_ok
                0x08002420       0x10 build/host/host_stats.o
                0x08002420                host_stats_radio_tx_ok
 .text.host_stats_radio_tx_abort_lbt
                0x08002430       0x10 build/host/host_stats.o
                0x08002430                host_stats_radio_tx_abort_lbt
 .text.host_stats_radio_tx_abort_airtime
                0x08002440       0x10 build/host/host_stats.o
                0x08002440                host_stats_radio_tx_abort_airtime
 .text.host_stats_note_radio_events
                0x08002450       0x44 build/host/host_stats.o
                0x08002450                host_stats_note_radio_events
 .text.host_stats_serialize
                0x08002494      0x118 build/host/host_stats.o
                0x08002494                host_stats_serialize
 .text.crc16_ccitt
                0x080025ac       0x3c build/host/host_uart.o
 .text.dma_rx_start
                0x080025e8       0x5c build/host/host_uart.o
 .text.usart2_write_byte
                0x08002644       0x18 build/host/host_uart.o
 .text.usart2_write_bytes
                0x0800265c       0x24 build/host/host_uart.o
 .text.host_uart_send_urc.part.2
                0x08002680      0x104 build/host/host_uart.o
 .text.process_encoded_frame
                0x08002784      0x180 build/host/host_uart.o
 .text.ingest_binary_byte
                0x08002904       0x60 build/host/host_uart.o
 .text.at_replay_candidate_to_binary
                0x08002964       0x30 build/host/host_uart.o
 .text.service_dma_rx_now
                0x08002994      0x130 build/host/host_uart.o
 .text.host_uart_poll_dma
                0x08002ac4        0x8 build/host/host_uart.o
                0x08002ac4                host_uart_poll_dma
 .text.host_uart_pop_frame
                0x08002acc       0x54 build/host/host_uart.o
                0x08002acc                host_uart_pop_frame
 .text.host_uart_send_urc
                0x08002b20       0x2c build/host/host_uart.o
                0x08002b20                host_uart_send_urc
 .text.host_uart_send_ascii
                0x08002b4c       0x24 build/host/host_uart.o
                0x08002b4c                host_uart_send_ascii
 .text.host_uart_send_err_proto
                0x08002b70       0x2a build/host/host_uart.o
                0x08002b70                host_uart_send_err_proto
 *fill*         0x08002b9a        0x2 
 .text.host_uart_stats_reset
                0x08002b9c       0x50 build/host/host_uart.o
                0x08002b9c                host_uart_stats_reset
 .text.host_uart_init
                0x08002bec      0x160 build/host/host_uart.o
                0x08002bec                host_uart_init
 .text.host_uart_stats_dropped
                0x08002d4c        0xc build/host/host_uart.o
                0x08002d4c                host_uart_stats_dropped
 .text.host_uart_stats_errors
                0x08002d58        0xc build/host/host_uart.o
                0x08002d58                host_uart_stats_errors
 .text.host_uart_stats_queue_full
                0x08002d64        0xc build/host/host_uart.o
                0x08002d64                host_uart_stats_queue_full
 .text.host_uart_stats_irq_idle
                0x08002d70        0xc build/host/host_uart.o
                0x08002d70                host_uart_stats_irq_idle
 .text.host_uart_stats_irq_ht
                0x08002d7c        0xc build/host/host_uart.o
                0x08002d7c                host_uart_stats_irq_ht
 .text.host_uart_stats_irq_tc
                0x08002d88        0xc build/host/host_uart.o
                0x08002d88                host_uart_stats_irq_tc
 .text.host_uart_stats_irq_te
                0x08002d94        0xc build/host/host_uart.o
                0x08002d94                host_uart_stats_irq_te
 .text.host_uart_take_dma_te_events
                0x08002da0       0x18 build/host/host_uart.o
                0x08002da0                host_uart_take_dma_te_events
 .text.USART2_IRQHandler
                0x08002db8       0x48 build/host/host_uart.o
                0x08002db8                USART2_IRQHandler
 .text.DMA1_Channel4_5_6_7_IRQHandler
                0x08002e00       0x7c build/host/host_uart.o
                0x08002e00                DMA1_Channel4_5_6_7_IRQHandler
 .text.sx1276_airtime_estimate_toa_us
                0x08002e7c      0x104 build/radio/sx1276_airtime.o
                0x08002e7c                sx1276_airtime_estimate_toa_us
 .text.sx1276_airtime_reserve
                0x08002f80       0x54 build/radio/sx1276_airtime.o
                0x08002f80                sx1276_airtime_reserve
 .text.sx1276_airtime_release
                0x08002fd4       0x20 build/radio/sx1276_airtime.o
                0x08002fd4                sx1276_airtime_release
 .text.sx1276_airtime_commit
                0x08002ff4       0x44 build/radio/sx1276_airtime.o
                0x08002ff4                sx1276_airtime_commit
 .text.sx1276_cad_begin
                0x08003038       0x28 build/radio/sx1276_cad.o
                0x08003038                sx1276_cad_begin
 .text.sx1276_cad_poll
                0x08003060       0x3c build/radio/sx1276_cad.o
                0x08003060                sx1276_cad_poll
 .text.lbt_arm_backoff
                0x0800309c       0x3c build/radio/sx1276_lbt.o
 .text.cfg_read_u8
                0x080030d8       0x2a build/radio/sx1276_lbt.o
 *fill*         0x08003102        0x2 
 .text.sx1276_lbt_check_and_backoff
                0x08003104      0x110 build/radio/sx1276_lbt.o
                0x08003104                sx1276_lbt_check_and_backoff
 .text.mode_desc_for_state
                0x08003214       0x30 build/radio/sx1276_modes.o
 .text.sx1276_modes_apply
                0x08003244       0x70 build/radio/sx1276_modes.o
 .text.sx1276_modes_get_state
                0x080032b4        0xc build/radio/sx1276_modes.o
                0x080032b4                sx1276_modes_get_state
 .text.sx1276_modes_to_sleep
                0x080032c0        0xe build/radio/sx1276_modes.o
                0x080032c0                sx1276_modes_to_sleep
 .text.sx1276_modes_to_standby
                0x080032ce        0xe build/radio/sx1276_modes.o
                0x080032ce                sx1276_modes_to_standby
 .text.sx1276_modes_to_tx
                0x080032dc        0xe build/radio/sx1276_modes.o
                0x080032dc                sx1276_modes_to_tx
 .text.sx1276_modes_to_rx_cont
                0x080032ea        0xe build/radio/sx1276_modes.o
                0x080032ea                sx1276_modes_to_rx_cont
 .text.sx1276_modes_to_cad
                0x080032f8       0x16 build/radio/sx1276_modes.o
                0x080032f8                sx1276_modes_to_cad
 *fill*         0x0800330e        0x2 
 .text.sx1276_modes_init
                0x08003310       0x20 build/radio/sx1276_modes.o
                0x08003310                sx1276_modes_init
 .text.sx1276_rx_arm
                0x08003330       0x28 build/radio/sx1276_rx.o
                0x08003330                sx1276_rx_arm
 .text.sx1276_rx_disarm
                0x08003358        0x8 build/radio/sx1276_rx.o
                0x08003358                sx1276_rx_disarm
 .text.sx1276_rx_service
                0x08003360       0xa6 build/radio/sx1276_rx.o
                0x08003360                sx1276_rx_service
 *fill*         0x08003406        0x2 
 .text.sx1276_tx_cleanup
                0x08003408       0x2c build/radio/sx1276_tx.o
 .text.sx1276_tx_begin
                0x08003434      0x124 build/radio/sx1276_tx.o
                0x08003434                sx1276_tx_begin
 .text.sx1276_tx_poll
                0x08003558       0xb4 build/radio/sx1276_tx.o
                0x08003558                sx1276_tx_poll
 .text.sx1276_tx_busy
                0x0800360c       0x10 build/radio/sx1276_tx.o
                0x0800360c                sx1276_tx_busy
 .text.gpio_mode_output
                0x0800361c       0x34 build/radio/sx1276.o
 .text.spi1_transfer
                0x08003650       0x30 build/radio/sx1276.o
 .text.sx1276_radio_reset
                0x08003680       0x20 build/radio/sx1276.o
                0x08003680                sx1276_radio_reset
 .text.sx1276_read_reg
                0x080036a0       0x24 build/radio/sx1276.o
                0x080036a0                sx1276_read_reg
 .text.sx1276_write_reg
                0x080036c4       0x28 build/radio/sx1276.o
                0x080036c4                sx1276_write_reg
 .text.sx1276_read_burst
                0x080036ec       0x34 build/radio/sx1276.o
                0x080036ec                sx1276_read_burst
 .text.sx1276_write_burst
                0x08003720       0x34 build/radio/sx1276.o
                0x08003720                sx1276_write_burst
 .text.sx1276_read_version
                0x08003754        0xa build/radio/sx1276.o
                0x08003754                sx1276_read_version
 *fill*         0x0800375e        0x2 
 .text.sx1276_set_frequency_hz
                0x08003760       0x34 build/radio/sx1276.o
                0x08003760                sx1276_set_frequency_hz
 .text.sx1276_set_tx_power_dbm
                0x08003794       0x26 build/radio/sx1276.o
                0x08003794                sx1276_set_tx_power_dbm
 .text.sx1276_set_sf_bw_cr
                0x080037ba       0xba build/radio/sx1276.o
                0x080037ba                sx1276_set_sf_bw_cr
 .text.sx1276_init
                0x08003874      0x264 build/radio/sx1276.o
                0x08003874                sx1276_init
 .text.sx1276_take_irq_events
                0x08003ad8       0x18 build/radio/sx1276.o
                0x08003ad8                sx1276_take_irq_events
 .text.EXTI0_1_IRQHandler
                0x08003af0       0x34 build/radio/sx1276.o
                0x08003af0                EXTI0_1_IRQHandler
 .text.EXTI4_15_IRQHandler
                0x08003b24       0x38 build/radio/sx1276.o
                0x08003b24                EXTI4_15_IRQHandler
 .text.memcmp   0x08003b5c       0x1e c:/users/dorkm/appdata/local/arduino15/packages/arduino/tools/arm-none-eabi-gcc/7-2017q4/bin/../lib/gcc/arm-none-eabi/7.2.1/../../../../arm-none-eabi/lib/thumb/v6-m\libc_nano.a(lib_a-memcmp.o)
                0x08003b5c                memcmp
 .text.memcpy   0x08003b7a       0x12 c:/users/dorkm/appdata/local/arduino15/packages/arduino/tools/arm-none-eabi-gcc/7-2017q4/bin/../lib/gcc/arm-none-eabi/7.2.1/../../../../arm-none-eabi/lib/thumb/v6-m\libc_nano.a(lib_a-memcpy-stub.o)
                0x08003b7a                memcpy
 .text.memset   0x08003b8c       0x10 c:/users/dorkm/appdata/local/arduino15/packages/arduino/tools/arm-none-eabi-gcc/7-2017q4/bin/../lib/gcc/arm-none-eabi/7.2.1/../../../../arm-none-eabi/lib/thumb/v6-m\libc_nano.a(lib_a-memset.o)
                0x08003b8c                memset
 *(.rodata)
 *(.rodata.*)
 .rodata.k_cfg_desc
                0x08003b9c      0x140 build/host/host_cfg.o
 .rodata.at_send_key_u32.str1.1
                0x08003cdc        0x0 build/host/host_cmd.o
                                  0x2 (size before relaxing)
 .rodata.at_send_ok.str1.1
                0x08003cdc        0x5 build/host/host_cmd.o
 .rodata.at_send_version_triplet.str1.1
                0x08003ce1        0x2 build/host/host_cmd.o
                                  0x4 (size before relaxing)
 .rodata.host_cmd_dispatch.str1.1
                0x08003ce3       0x1e build/host/host_cmd.o
 .rodata.host_cmd_dispatch_at_line.str1.1
                0x08003d01      0x180 build/host/host_cmd.o
                                0x186 (size before relaxing)
 .rodata.k_mode_descs
                0x08003e81       0x1e build/radio/sx1276_modes.o
 *(.glue_7)
 .glue_7        0x08003e9f        0x0 linker stubs
 *(.glue_7t)
 .glue_7t       0x08003e9f        0x0 linker stubs
 *(.eh_frame)
                0x08003ea0                . = ALIGN (0x4)
 *fill*         0x08003e9f        0x1 
                0x08003ea0                _etext = .

.vfp11_veneer   0x08003ea0        0x0
 .vfp11_veneer  0x08003ea0        0x0 linker stubs

.v4_bx          0x08003ea0        0x0
 .v4_bx         0x08003ea0        0x0 linker stubs

.iplt           0x08003ea0        0x0
 .iplt          0x08003ea0        0x0 build/startup.o

.ARM.extab
 *(.ARM.extab* .gnu.linkonce.armextab.*)

.ARM            0x08003ea0        0x8
                0x08003ea0                __exidx_start = .
 *(.ARM.exidx*)
 .ARM.exidx     0x08003ea0        0x8 c:/users/dorkm/appdata/local/arduino15/packages/arduino/tools/arm-none-eabi-gcc/7-2017q4/bin/../lib/gcc/arm-none-eabi/7.2.1/thumb/v6-m\libgcc.a(_udivmoddi4.o)
                0x08003ea8                __exidx_end = .
                0x08003ea8                _sidata = LOADADDR (.data)

.rel.dyn        0x08003ea8        0x0
 .rel.iplt      0x08003ea8        0x0 build/startup.o

.data           0x20000000        0x8 load address 0x08003ea8
                0x20000000                . = ALIGN (0x4)
                0x20000000                _sdata = .
 *(.data)
 *(.data.*)
 .data.s_clock_source_id
                0x20000000        0x1 build/hal/platform.o
 *fill*         0x20000001        0x3 
 .data.s_core_hz
                0x20000004        0x4 build/hal/platform.o
                0x20000008                . = ALIGN (0x4)
                0x20000008                _edata = .

.igot.plt       0x20000008        0x0 load address 0x08003eb0
 .igot.plt      0x20000008        0x0 build/startup.o

.noinit         0x20000008       0x18 load address 0x08003eb0
                0x20000008                . = ALIGN (0x4)
 *(.noinit)
 .noinit        0x20000008       0x18 build/hal/platform.o
 *(.noinit.*)
                0x20000020                . = ALIGN (0x4)

.bss            0x20000020      0xa70 load address 0x08003eb0
                0x20000020                . = ALIGN (0x4)
                0x20000020                _sbss = .
                0x20000020                __bss_start__ = _sbss
 *(.bss)
 *(.bss.*)
 .bss.s_reset_cause
                0x20000020        0x1 build/hal/platform.o
 .bss.s_reset_cause_captured
                0x20000021        0x1 build/hal/platform.o
 *fill*         0x20000022        0x2 
 .bss.s_tick_ms
                0x20000024        0x4 build/hal/platform.o
 .bss.s_cfg_dirty
                0x20000028        0x1 build/host/host_cfg.o
 .bss.s_cfg_values
                0x20000029       0xc8 build/host/host_cfg.o
 .bss.s_radio_ok
                0x200000f1        0x1 build/host/host_cmd.o
 .bss.s_radio_version
                0x200000f2        0x1 build/host/host_cmd.o
 *fill*         0x200000f3        0x1 
 .bss.s_radio_crc_err
                0x200000f4        0x4 build/host/host_stats.o
 .bss.s_radio_dio0
                0x200000f8        0x4 build/host/host_stats.o
 .bss.s_radio_dio1
                0x200000fc        0x4 build/host/host_stats.o
 .bss.s_radio_dio2
                0x20000100        0x4 build/host/host_stats.o
 .bss.s_radio_dio3
                0x20000104        0x4 build/host/host_stats.o
 .bss.s_radio_rx_ok
                0x20000108        0x4 build/host/host_stats.o
 .bss.s_radio_tx_abort_airtime
                0x2000010c        0x4 build/host/host_stats.o
 .bss.s_radio_tx_abort_lbt
                0x20000110        0x4 build/host/host_stats.o
 .bss.s_radio_tx_ok
                0x20000114        0x4 build/host/host_stats.o
 .bss.s_at_candidate
                0x20000118        0x1 build/host/host_uart.o
 .bss.s_at_ignore_lf
                0x20000119        0x1 build/host/host_uart.o
 .bss.s_at_line
                0x2000011a       0x60 build/host/host_uart.o
 .bss.s_at_line_len
                0x2000017a        0x2 build/host/host_uart.o
 .bss.s_cobs_encoded
                0x2000017c      0x143 build/host/host_uart.o
 *fill*         0x200002bf        0x1 
 .bss.s_cobs_encoded_len
                0x200002c0        0x2 build/host/host_uart.o
 .bss.s_cobs_overflow
                0x200002c2        0x1 build/host/host_uart.o
 *fill*         0x200002c3        0x1 
 .bss.s_dma_last_idx
                0x200002c4        0x2 build/host/host_uart.o
 .bss.s_dma_rx_buf
                0x200002c6      0x200 build/host/host_uart.o
 *fill*         0x200004c6        0x2 
 .bss.s_dma_te_events
                0x200004c8        0x4 build/host/host_uart.o
 .bss.s_frame_queue
                0x200004cc      0x500 build/host/host_uart.o
 .bss.s_q_count
                0x200009cc        0x1 build/host/host_uart.o
 .bss.s_q_head  0x200009cd        0x1 build/host/host_uart.o
 .bss.s_q_tail  0x200009ce        0x1 build/host/host_uart.o
 .bss.s_service_in_progress
                0x200009cf        0x1 build/host/host_uart.o
 .bss.s_stats_dropped
                0x200009d0        0x4 build/host/host_uart.o
 .bss.s_stats_errors
                0x200009d4        0x4 build/host/host_uart.o
 .bss.s_stats_irq_ht
                0x200009d8        0x4 build/host/host_uart.o
 .bss.s_stats_irq_idle
                0x200009dc        0x4 build/host/host_uart.o
 .bss.s_stats_irq_tc
                0x200009e0        0x4 build/host/host_uart.o
 .bss.s_stats_irq_te
                0x200009e4        0x4 build/host/host_uart.o
 .bss.s_stats_queue_full
                0x200009e8        0x4 build/host/host_uart.o
 .bss.s_budget  0x200009ec       0x80 build/radio/sx1276_airtime.o
 .bss.s_cad_active
                0x20000a6c        0x1 build/radio/sx1276_cad.o
 .bss.s_backoff_attempt
                0x20000a6d        0x1 build/radio/sx1276_lbt.o
 *fill*         0x20000a6e        0x2 
 .bss.s_backoff_until_ms
                0x20000a70        0x4 build/radio/sx1276_lbt.o
 .bss.s_state   0x20000a74        0x1 build/radio/sx1276_modes.o
 .bss.s_channel_idx
                0x20000a75        0x1 build/radio/sx1276_tx.o
 *fill*         0x20000a76        0x2 
 .bss.s_deadline_us
                0x20000a78        0x4 build/radio/sx1276_tx.o
 .bss.s_expected_toa_us
                0x20000a7c        0x4 build/radio/sx1276_tx.o
 .bss.s_rearm_rx
                0x20000a80        0x1 build/radio/sx1276_tx.o
 *fill*         0x20000a81        0x3 
 .bss.s_reserved_airtime_us
                0x20000a84        0x4 build/radio/sx1276_tx.o
 .bss.s_tx_id   0x20000a88        0x1 build/radio/sx1276_tx.o
 .bss.s_tx_power_dbm
                0x20000a89        0x1 build/radio/sx1276_tx.o
 .bss.s_tx_state
                0x20000a8a        0x1 build/radio/sx1276_tx.o
 *fill*         0x20000a8b        0x1 
 .bss.s_irq_events
                0x20000a8c        0x4 build/radio/sx1276.o
 *(COMMON)
                0x20000a90                . = ALIGN (0x4)
                0x20000a90                _ebss = .
                0x20000a90                __bss_end__ = _ebss

._user_heap     0x20000a90        0x0 load address 0x08003eb0
                0x20000a90                . = ALIGN (0x8)
                0x20000a90                _end = .
                0x20000a90                _heap_start = .
                0x20000a90                . = (. + 0x0)
                0x20000a90                . = ALIGN (0x8)
                0x20000a90                _heap_end = .

.stack_check    0x20000a90        0x0 load address 0x08003eb0
                0x20000a90                . = ALIGN (0x8)
                0x20000a90                . = (. + 0x0)
                0x00000001                ASSERT (((_heap_end + _stack_size) <= _estack), Linker error: not enough RAM left for the reserved stack)

.cfg_reserved   0x0802e000     0x2000
                0x08030000                . = (. + 0x2000)
 *fill*         0x0802e000     0x2000 

/DISCARD/
 *(.note.GNU-stack)
 *(.comment)
                0x00000001                ASSERT (0x1, Linker: Flash regions must sum to 192 KB)
                0x00000001                ASSERT (0x1, Linker: BOOT must start at Flash base)
                0x00000001                ASSERT (0x1, Linker: CFG must end exactly at Flash end)
OUTPUT(build/firmware.elf elf32-littlearm)

.ARM.attributes
                0x00000000       0x30
 .ARM.attributes
                0x00000000       0x32 build/startup.o
 .ARM.attributes
                0x00000032       0x32 build/main.o
 .ARM.attributes
                0x00000064       0x32 build/boot/safe_mode.o
 .ARM.attributes
                0x00000096       0x32 build/hal/platform.o
 .ARM.attributes
                0x000000c8       0x32 build/host/host_cfg.o
 .ARM.attributes
                0x000000fa       0x32 build/host/host_cfg_wire.o
 .ARM.attributes
                0x0000012c       0x32 build/host/host_cmd.o
 .ARM.attributes
                0x0000015e       0x32 build/host/host_stats.o
 .ARM.attributes
                0x00000190       0x32 build/host/host_uart.o
 .ARM.attributes
                0x000001c2       0x32 build/radio/sx1276_airtime.o
 .ARM.attributes
                0x000001f4       0x32 build/radio/sx1276_cad.o
 .ARM.attributes
                0x00000226       0x32 build/radio/sx1276_lbt.o
 .ARM.attributes
                0x00000258       0x32 build/radio/sx1276_modes.o
 .ARM.attributes
                0x0000028a       0x32 build/radio/sx1276_rx.o
 .ARM.attributes
                0x000002bc       0x32 build/radio/sx1276_tx.o
 .ARM.attributes
                0x000002ee       0x32 build/radio/sx1276.o
 .ARM.attributes
                0x00000320       0x1e c:/users/dorkm/appdata/local/arduino15/packages/arduino/tools/arm-none-eabi-gcc/7-2017q4/bin/../lib/gcc/arm-none-eabi/7.2.1/thumb/v6-m\libgcc.a(_thumb1_case_shi.o)
 .ARM.attributes
                0x0000033e       0x1e c:/users/dorkm/appdata/local/arduino15/packages/arduino/tools/arm-none-eabi-gcc/7-2017q4/bin/../lib/gcc/arm-none-eabi/7.2.1/thumb/v6-m\libgcc.a(_udivsi3.o)
 .ARM.attributes
                0x0000035c       0x1e c:/users/dorkm/appdata/local/arduino15/packages/arduino/tools/arm-none-eabi-gcc/7-2017q4/bin/../lib/gcc/arm-none-eabi/7.2.1/thumb/v6-m\libgcc.a(_dvmd_tls.o)
 .ARM.attributes
                0x0000037a       0x1e c:/users/dorkm/appdata/local/arduino15/packages/arduino/tools/arm-none-eabi-gcc/7-2017q4/bin/../lib/gcc/arm-none-eabi/7.2.1/thumb/v6-m\libgcc.a(_ashldi3.o)
 .ARM.attributes
                0x00000398       0x1e c:/users/dorkm/appdata/local/arduino15/packages/arduino/tools/arm-none-eabi-gcc/7-2017q4/bin/../lib/gcc/arm-none-eabi/7.2.1/thumb/v6-m\libgcc.a(_aeabi_uldivmod.o)
 .ARM.attributes
                0x000003b6       0x2c c:/users/dorkm/appdata/local/arduino15/packages/arduino/tools/arm-none-eabi-gcc/7-2017q4/bin/../lib/gcc/arm-none-eabi/7.2.1/thumb/v6-m\libgcc.a(_udivmoddi4.o)
 .ARM.attributes
                0x000003e2       0x1e c:/users/dorkm/appdata/local/arduino15/packages/arduino/tools/arm-none-eabi-gcc/7-2017q4/bin/../lib/gcc/arm-none-eabi/7.2.1/thumb/v6-m\libgcc.a(_clzdi2.o)
 .ARM.attributes
                0x00000400       0x1e c:/users/dorkm/appdata/local/arduino15/packages/arduino/tools/arm-none-eabi-gcc/7-2017q4/bin/../lib/gcc/arm-none-eabi/7.2.1/thumb/v6-m\libgcc.a(_clzsi2.o)
 .ARM.attributes
                0x0000041e       0x2c c:/users/dorkm/appdata/local/arduino15/packages/arduino/tools/arm-none-eabi-gcc/7-2017q4/bin/../lib/gcc/arm-none-eabi/7.2.1/../../../../arm-none-eabi/lib/thumb/v6-m\libc_nano.a(lib_a-memcmp.o)
 .ARM.attributes
                0x0000044a       0x2c c:/users/dorkm/appdata/local/arduino15/packages/arduino/tools/arm-none-eabi-gcc/7-2017q4/bin/../lib/gcc/arm-none-eabi/7.2.1/../../../../arm-none-eabi/lib/thumb/v6-m\libc_nano.a(lib_a-memcpy-stub.o)
 .ARM.attributes
                0x00000476       0x2c c:/users/dorkm/appdata/local/arduino15/packages/arduino/tools/arm-none-eabi-gcc/7-2017q4/bin/../lib/gcc/arm-none-eabi/7.2.1/../../../../arm-none-eabi/lib/thumb/v6-m\libc_nano.a(lib_a-memset.o)
 .ARM.attributes
                0x000004a2       0x1c c:/users/dorkm/appdata/local/arduino15/packages/arduino/tools/arm-none-eabi-gcc/7-2017q4/bin/../lib/gcc/arm-none-eabi/7.2.1/../../../../arm-none-eabi/lib/thumb/v6-m\libc_nano.a(lib_a-strlen.o)

.debug_frame    0x00000000       0xd0
 .debug_frame   0x00000000       0x20 c:/users/dorkm/appdata/local/arduino15/packages/arduino/tools/arm-none-eabi-gcc/7-2017q4/bin/../lib/gcc/arm-none-eabi/7.2.1/thumb/v6-m\libgcc.a(_udivsi3.o)
 .debug_frame   0x00000020       0x3c c:/users/dorkm/appdata/local/arduino15/packages/arduino/tools/arm-none-eabi-gcc/7-2017q4/bin/../lib/gcc/arm-none-eabi/7.2.1/thumb/v6-m\libgcc.a(_udivmoddi4.o)
 .debug_frame   0x0000005c       0x2c c:/users/dorkm/appdata/local/arduino15/packages/arduino/tools/arm-none-eabi-gcc/7-2017q4/bin/../lib/gcc/arm-none-eabi/7.2.1/../../../../arm-none-eabi/lib/thumb/v6-m\libc_nano.a(lib_a-memcmp.o)
 .debug_frame   0x00000088       0x28 c:/users/dorkm/appdata/local/arduino15/packages/arduino/tools/arm-none-eabi-gcc/7-2017q4/bin/../lib/gcc/arm-none-eabi/7.2.1/../../../../arm-none-eabi/lib/thumb/v6-m\libc_nano.a(lib_a-memcpy-stub.o)
 .debug_frame   0x000000b0       0x20 c:/users/dorkm/appdata/local/arduino15/packages/arduino/tools/arm-none-eabi-gcc/7-2017q4/bin/../lib/gcc/arm-none-eabi/7.2.1/../../../../arm-none-eabi/lib/thumb/v6-m\libc_nano.a(lib_a-memset.o)
