Archive member included to satisfy reference by file (symbol)

c:/users/dorkm/appdata/local/arduino15/packages/arduino/tools/arm-none-eabi-gcc/7-2017q4/bin/../lib/gcc/arm-none-eabi/7.2.1/thumb/v6-m\libgcc.a(_thumb1_case_shi.o)
                              build/host/host_cfg.o (__gnu_thumb1_case_shi)
c:/users/dorkm/appdata/local/arduino15/packages/arduino/tools/arm-none-eabi-gcc/7-2017q4/bin/../lib/gcc/arm-none-eabi/7.2.1/thumb/v6-m\libgcc.a(_udivsi3.o)
                              build/boot/safe_mode.o (__aeabi_uidiv)
c:/users/dorkm/appdata/local/arduino15/packages/arduino/tools/arm-none-eabi-gcc/7-2017q4/bin/../lib/gcc/arm-none-eabi/7.2.1/thumb/v6-m\libgcc.a(_divsi3.o)
                              build/radio/sx1276_airtime.o (__aeabi_idiv)
c:/users/dorkm/appdata/local/arduino15/packages/arduino/tools/arm-none-eabi-gcc/7-2017q4/bin/../lib/gcc/arm-none-eabi/7.2.1/thumb/v6-m\libgcc.a(_dvmd_tls.o)
                              c:/users/dorkm/appdata/local/arduino15/packages/arduino/tools/arm-none-eabi-gcc/7-2017q4/bin/../lib/gcc/arm-none-eabi/7.2.1/thumb/v6-m\libgcc.a(_udivsi3.o) (__aeabi_idiv0)
c:/users/dorkm/appdata/local/arduino15/packages/arduino/tools/arm-none-eabi-gcc/7-2017q4/bin/../lib/gcc/arm-none-eabi/7.2.1/thumb/v6-m\libgcc.a(_ashldi3.o)
                              build/radio/sx1276_airtime.o (__aeabi_llsl)
c:/users/dorkm/appdata/local/arduino15/packages/arduino/tools/arm-none-eabi-gcc/7-2017q4/bin/../lib/gcc/arm-none-eabi/7.2.1/thumb/v6-m\libgcc.a(_aeabi_ldivmod.o)
                              build/radio/sx1276_airtime.o (__aeabi_ldivmod)
c:/users/dorkm/appdata/local/arduino15/packages/arduino/tools/arm-none-eabi-gcc/7-2017q4/bin/../lib/gcc/arm-none-eabi/7.2.1/thumb/v6-m\libgcc.a(_aeabi_uldivmod.o)
                              build/radio/sx1276_airtime.o (__aeabi_uldivmod)
c:/users/dorkm/appdata/local/arduino15/packages/arduino/tools/arm-none-eabi-gcc/7-2017q4/bin/../lib/gcc/arm-none-eabi/7.2.1/thumb/v6-m\libgcc.a(_udivmoddi4.o)
                              c:/users/dorkm/appdata/local/arduino15/packages/arduino/tools/arm-none-eabi-gcc/7-2017q4/bin/../lib/gcc/arm-none-eabi/7.2.1/thumb/v6-m\libgcc.a(_aeabi_uldivmod.o) (__udivmoddi4)
c:/users/dorkm/appdata/local/arduino15/packages/arduino/tools/arm-none-eabi-gcc/7-2017q4/bin/../lib/gcc/arm-none-eabi/7.2.1/thumb/v6-m\libgcc.a(bpabi.o)
                              c:/users/dorkm/appdata/local/arduino15/packages/arduino/tools/arm-none-eabi-gcc/7-2017q4/bin/../lib/gcc/arm-none-eabi/7.2.1/thumb/v6-m\libgcc.a(_aeabi_ldivmod.o) (__gnu_ldivmod_helper)
c:/users/dorkm/appdata/local/arduino15/packages/arduino/tools/arm-none-eabi-gcc/7-2017q4/bin/../lib/gcc/arm-none-eabi/7.2.1/thumb/v6-m\libgcc.a(_clzdi2.o)
                              c:/users/dorkm/appdata/local/arduino15/packages/arduino/tools/arm-none-eabi-gcc/7-2017q4/bin/../lib/gcc/arm-none-eabi/7.2.1/thumb/v6-m\libgcc.a(_udivmoddi4.o) (__clzdi2)
c:/users/dorkm/appdata/local/arduino15/packages/arduino/tools/arm-none-eabi-gcc/7-2017q4/bin/../lib/gcc/arm-none-eabi/7.2.1/thumb/v6-m\libgcc.a(_muldi3.o)
                              c:/users/dorkm/appdata/local/arduino15/packages/arduino/tools/arm-none-eabi-gcc/7-2017q4/bin/../lib/gcc/arm-none-eabi/7.2.1/thumb/v6-m\libgcc.a(bpabi.o) (__aeabi_lmul)
c:/users/dorkm/appdata/local/arduino15/packages/arduino/tools/arm-none-eabi-gcc/7-2017q4/bin/../lib/gcc/arm-none-eabi/7.2.1/thumb/v6-m\libgcc.a(_divdi3.o)
                              c:/users/dorkm/appdata/local/arduino15/packages/arduino/tools/arm-none-eabi-gcc/7-2017q4/bin/../lib/gcc/arm-none-eabi/7.2.1/thumb/v6-m\libgcc.a(bpabi.o) (__divdi3)
c:/users/dorkm/appdata/local/arduino15/packages/arduino/tools/arm-none-eabi-gcc/7-2017q4/bin/../lib/gcc/arm-none-eabi/7.2.1/thumb/v6-m\libgcc.a(_clzsi2.o)
                              c:/users/dorkm/appdata/local/arduino15/packages/arduino/tools/arm-none-eabi-gcc/7-2017q4/bin/../lib/gcc/arm-none-eabi/7.2.1/thumb/v6-m\libgcc.a(_clzdi2.o) (__clzsi2)
c:/users/dorkm/appdata/local/arduino15/packages/arduino/tools/arm-none-eabi-gcc/7-2017q4/bin/../lib/gcc/arm-none-eabi/7.2.1/../../../../arm-none-eabi/lib/thumb/v6-m\libc_nano.a(lib_a-memcmp.o)
                              build/host/host_cfg.o (memcmp)
c:/users/dorkm/appdata/local/arduino15/packages/arduino/tools/arm-none-eabi-gcc/7-2017q4/bin/../lib/gcc/arm-none-eabi/7.2.1/../../../../arm-none-eabi/lib/thumb/v6-m\libc_nano.a(lib_a-memcpy-stub.o)
                              build/host/host_cfg.o (memcpy)
c:/users/dorkm/appdata/local/arduino15/packages/arduino/tools/arm-none-eabi-gcc/7-2017q4/bin/../lib/gcc/arm-none-eabi/7.2.1/../../../../arm-none-eabi/lib/thumb/v6-m\libc_nano.a(lib_a-memset.o)
                              build/host/host_cfg.o (memset)
c:/users/dorkm/appdata/local/arduino15/packages/arduino/tools/arm-none-eabi-gcc/7-2017q4/bin/../lib/gcc/arm-none-eabi/7.2.1/../../../../arm-none-eabi/lib/thumb/v6-m\libc_nano.a(lib_a-strlen.o)
                              build/host/host_cmd.o (strlen)

Discarded input sections

 .text          0x00000000        0x0 build/startup.o
 .data          0x00000000        0x0 build/startup.o
 .bss           0x00000000        0x0 build/startup.o
 .comment       0x00000000       0x7f build/startup.o
 .text          0x00000000        0x0 build/main.o
 .data          0x00000000        0x0 build/main.o
 .bss           0x00000000        0x0 build/main.o
 .rodata._mm_anchor_ref
                0x00000000        0x4 build/main.o
 .comment       0x00000000       0x7f build/main.o
 .text          0x00000000        0x0 build/boot/safe_mode.o
 .data          0x00000000        0x0 build/boot/safe_mode.o
 .bss           0x00000000        0x0 build/boot/safe_mode.o
 .comment       0x00000000       0x7f build/boot/safe_mode.o
 .text          0x00000000        0x0 build/hal/platform.o
 .data          0x00000000        0x0 build/hal/platform.o
 .bss           0x00000000        0x0 build/hal/platform.o
 .comment       0x00000000       0x7f build/hal/platform.o
 .text          0x00000000        0x0 build/host/host_cfg.o
 .data          0x00000000        0x0 build/host/host_cfg.o
 .bss           0x00000000        0x0 build/host/host_cfg.o
 .text.cfg_is_dirty
                0x00000000        0xc build/host/host_cfg.o
 .comment       0x00000000       0x7f build/host/host_cfg.o
 .text          0x00000000        0x0 build/host/host_cfg_wire.o
 .data          0x00000000        0x0 build/host/host_cfg_wire.o
 .bss           0x00000000        0x0 build/host/host_cfg_wire.o
 .comment       0x00000000       0x7f build/host/host_cfg_wire.o
 .text          0x00000000        0x0 build/host/host_cmd.o
 .data          0x00000000        0x0 build/host/host_cmd.o
 .bss           0x00000000        0x0 build/host/host_cmd.o
 .comment       0x00000000       0x7f build/host/host_cmd.o
 .text          0x00000000        0x0 build/host/host_stats.o
 .data          0x00000000        0x0 build/host/host_stats.o
 .bss           0x00000000        0x0 build/host/host_stats.o
 .comment       0x00000000       0x7f build/host/host_stats.o
 .text          0x00000000        0x0 build/host/host_uart.o
 .data          0x00000000        0x0 build/host/host_uart.o
 .bss           0x00000000        0x0 build/host/host_uart.o
 .bss.s_dma_rx_buf
                0x00000000      0x200 build/host/host_uart.o
 .comment       0x00000000       0x7f build/host/host_uart.o
 .text          0x00000000        0x0 build/radio/sx1276_airtime.o
 .data          0x00000000        0x0 build/radio/sx1276_airtime.o
 .bss           0x00000000        0x0 build/radio/sx1276_airtime.o
 .comment       0x00000000       0x7f build/radio/sx1276_airtime.o
 .text          0x00000000        0x0 build/radio/sx1276_cad.o
 .data          0x00000000        0x0 build/radio/sx1276_cad.o
 .bss           0x00000000        0x0 build/radio/sx1276_cad.o
 .comment       0x00000000       0x7f build/radio/sx1276_cad.o
 .text          0x00000000        0x0 build/radio/sx1276_lbt.o
 .data          0x00000000        0x0 build/radio/sx1276_lbt.o
 .bss           0x00000000        0x0 build/radio/sx1276_lbt.o
 .text.sx1276_lbt_backoff_remaining_ms
                0x00000000       0x20 build/radio/sx1276_lbt.o
 .comment       0x00000000       0x7f build/radio/sx1276_lbt.o
 .text          0x00000000        0x0 build/radio/sx1276_modes.o
 .data          0x00000000        0x0 build/radio/sx1276_modes.o
 .bss           0x00000000        0x0 build/radio/sx1276_modes.o
 .text.sx1276_modes_to_rx_single
                0x00000000        0xe build/radio/sx1276_modes.o
 .comment       0x00000000       0x7f build/radio/sx1276_modes.o
 .text          0x00000000        0x0 build/radio/sx1276_rx.o
 .data          0x00000000        0x0 build/radio/sx1276_rx.o
 .bss           0x00000000        0x0 build/radio/sx1276_rx.o
 .comment       0x00000000       0x7f build/radio/sx1276_rx.o
 .text          0x00000000        0x0 build/radio/sx1276_tx.o
 .data          0x00000000        0x0 build/radio/sx1276_tx.o
 .bss           0x00000000        0x0 build/radio/sx1276_tx.o
 .comment       0x00000000       0x7f build/radio/sx1276_tx.o
 .text          0x00000000        0x0 build/radio/sx1276.o
 .data          0x00000000        0x0 build/radio/sx1276.o
 .bss           0x00000000        0x0 build/radio/sx1276.o
 .text.sx1276_apply_profile_full
                0x00000000       0x26 build/radio/sx1276.o
 .text.sx1276_reg_dump
                0x00000000       0x20 build/radio/sx1276.o
 .comment       0x00000000       0x7f build/radio/sx1276.o
 .text          0x00000000        0x0 build/include/static_asserts.o
 .data          0x00000000        0x0 build/include/static_asserts.o
 .bss           0x00000000        0x0 build/include/static_asserts.o
 .comment       0x00000000       0x7f build/include/static_asserts.o
 .ARM.attributes
                0x00000000       0x32 build/include/static_asserts.o
 .data          0x00000000        0x0 c:/users/dorkm/appdata/local/arduino15/packages/arduino/tools/arm-none-eabi-gcc/7-2017q4/bin/../lib/gcc/arm-none-eabi/7.2.1/thumb/v6-m\libgcc.a(_thumb1_case_shi.o)
 .bss           0x00000000        0x0 c:/users/dorkm/appdata/local/arduino15/packages/arduino/tools/arm-none-eabi-gcc/7-2017q4/bin/../lib/gcc/arm-none-eabi/7.2.1/thumb/v6-m\libgcc.a(_thumb1_case_shi.o)
 .data          0x00000000        0x0 c:/users/dorkm/appdata/local/arduino15/packages/arduino/tools/arm-none-eabi-gcc/7-2017q4/bin/../lib/gcc/arm-none-eabi/7.2.1/thumb/v6-m\libgcc.a(_udivsi3.o)
 .bss           0x00000000        0x0 c:/users/dorkm/appdata/local/arduino15/packages/arduino/tools/arm-none-eabi-gcc/7-2017q4/bin/../lib/gcc/arm-none-eabi/7.2.1/thumb/v6-m\libgcc.a(_udivsi3.o)
 .text          0x00000000      0x1d4 c:/users/dorkm/appdata/local/arduino15/packages/arduino/tools/arm-none-eabi-gcc/7-2017q4/bin/../lib/gcc/arm-none-eabi/7.2.1/thumb/v6-m\libgcc.a(_divsi3.o)
 .data          0x00000000        0x0 c:/users/dorkm/appdata/local/arduino15/packages/arduino/tools/arm-none-eabi-gcc/7-2017q4/bin/../lib/gcc/arm-none-eabi/7.2.1/thumb/v6-m\libgcc.a(_divsi3.o)
 .bss           0x00000000        0x0 c:/users/dorkm/appdata/local/arduino15/packages/arduino/tools/arm-none-eabi-gcc/7-2017q4/bin/../lib/gcc/arm-none-eabi/7.2.1/thumb/v6-m\libgcc.a(_divsi3.o)
 .debug_frame   0x00000000       0x20 c:/users/dorkm/appdata/local/arduino15/packages/arduino/tools/arm-none-eabi-gcc/7-2017q4/bin/../lib/gcc/arm-none-eabi/7.2.1/thumb/v6-m\libgcc.a(_divsi3.o)
 .ARM.attributes
                0x00000000       0x1e c:/users/dorkm/appdata/local/arduino15/packages/arduino/tools/arm-none-eabi-gcc/7-2017q4/bin/../lib/gcc/arm-none-eabi/7.2.1/thumb/v6-m\libgcc.a(_divsi3.o)
 .data          0x00000000        0x0 c:/users/dorkm/appdata/local/arduino15/packages/arduino/tools/arm-none-eabi-gcc/7-2017q4/bin/../lib/gcc/arm-none-eabi/7.2.1/thumb/v6-m\libgcc.a(_dvmd_tls.o)
 .bss           0x00000000        0x0 c:/users/dorkm/appdata/local/arduino15/packages/arduino/tools/arm-none-eabi-gcc/7-2017q4/bin/../lib/gcc/arm-none-eabi/7.2.1/thumb/v6-m\libgcc.a(_dvmd_tls.o)
 .data          0x00000000        0x0 c:/users/dorkm/appdata/local/arduino15/packages/arduino/tools/arm-none-eabi-gcc/7-2017q4/bin/../lib/gcc/arm-none-eabi/7.2.1/thumb/v6-m\libgcc.a(_ashldi3.o)
 .bss           0x00000000        0x0 c:/users/dorkm/appdata/local/arduino15/packages/arduino/tools/arm-none-eabi-gcc/7-2017q4/bin/../lib/gcc/arm-none-eabi/7.2.1/thumb/v6-m\libgcc.a(_ashldi3.o)
 .text          0x00000000       0x48 c:/users/dorkm/appdata/local/arduino15/packages/arduino/tools/arm-none-eabi-gcc/7-2017q4/bin/../lib/gcc/arm-none-eabi/7.2.1/thumb/v6-m\libgcc.a(_aeabi_ldivmod.o)
 .data          0x00000000        0x0 c:/users/dorkm/appdata/local/arduino15/packages/arduino/tools/arm-none-eabi-gcc/7-2017q4/bin/../lib/gcc/arm-none-eabi/7.2.1/thumb/v6-m\libgcc.a(_aeabi_ldivmod.o)
 .bss           0x00000000        0x0 c:/users/dorkm/appdata/local/arduino15/packages/arduino/tools/arm-none-eabi-gcc/7-2017q4/bin/../lib/gcc/arm-none-eabi/7.2.1/thumb/v6-m\libgcc.a(_aeabi_ldivmod.o)
 .ARM.attributes
                0x00000000       0x1e c:/users/dorkm/appdata/local/arduino15/packages/arduino/tools/arm-none-eabi-gcc/7-2017q4/bin/../lib/gcc/arm-none-eabi/7.2.1/thumb/v6-m\libgcc.a(_aeabi_ldivmod.o)
 .data          0x00000000        0x0 c:/users/dorkm/appdata/local/arduino15/packages/arduino/tools/arm-none-eabi-gcc/7-2017q4/bin/../lib/gcc/arm-none-eabi/7.2.1/thumb/v6-m\libgcc.a(_aeabi_uldivmod.o)
 .bss           0x00000000        0x0 c:/users/dorkm/appdata/local/arduino15/packages/arduino/tools/arm-none-eabi-gcc/7-2017q4/bin/../lib/gcc/arm-none-eabi/7.2.1/thumb/v6-m\libgcc.a(_aeabi_uldivmod.o)
 .data          0x00000000        0x0 c:/users/dorkm/appdata/local/arduino15/packages/arduino/tools/arm-none-eabi-gcc/7-2017q4/bin/../lib/gcc/arm-none-eabi/7.2.1/thumb/v6-m\libgcc.a(_udivmoddi4.o)
 .bss           0x00000000        0x0 c:/users/dorkm/appdata/local/arduino15/packages/arduino/tools/arm-none-eabi-gcc/7-2017q4/bin/../lib/gcc/arm-none-eabi/7.2.1/thumb/v6-m\libgcc.a(_udivmoddi4.o)
 .ARM.extab     0x00000000        0x0 c:/users/dorkm/appdata/local/arduino15/packages/arduino/tools/arm-none-eabi-gcc/7-2017q4/bin/../lib/gcc/arm-none-eabi/7.2.1/thumb/v6-m\libgcc.a(_udivmoddi4.o)
 .text          0x00000000       0x38 c:/users/dorkm/appdata/local/arduino15/packages/arduino/tools/arm-none-eabi-gcc/7-2017q4/bin/../lib/gcc/arm-none-eabi/7.2.1/thumb/v6-m\libgcc.a(bpabi.o)
 .data          0x00000000        0x0 c:/users/dorkm/appdata/local/arduino15/packages/arduino/tools/arm-none-eabi-gcc/7-2017q4/bin/../lib/gcc/arm-none-eabi/7.2.1/thumb/v6-m\libgcc.a(bpabi.o)
 .bss           0x00000000        0x0 c:/users/dorkm/appdata/local/arduino15/packages/arduino/tools/arm-none-eabi-gcc/7-2017q4/bin/../lib/gcc/arm-none-eabi/7.2.1/thumb/v6-m\libgcc.a(bpabi.o)
 .debug_frame   0x00000000       0x30 c:/users/dorkm/appdata/local/arduino15/packages/arduino/tools/arm-none-eabi-gcc/7-2017q4/bin/../lib/gcc/arm-none-eabi/7.2.1/thumb/v6-m\libgcc.a(bpabi.o)
 .ARM.attributes
                0x00000000       0x2c c:/users/dorkm/appdata/local/arduino15/packages/arduino/tools/arm-none-eabi-gcc/7-2017q4/bin/../lib/gcc/arm-none-eabi/7.2.1/thumb/v6-m\libgcc.a(bpabi.o)
 .data          0x00000000        0x0 c:/users/dorkm/appdata/local/arduino15/packages/arduino/tools/arm-none-eabi-gcc/7-2017q4/bin/../lib/gcc/arm-none-eabi/7.2.1/thumb/v6-m\libgcc.a(_clzdi2.o)
 .bss           0x00000000        0x0 c:/users/dorkm/appdata/local/arduino15/packages/arduino/tools/arm-none-eabi-gcc/7-2017q4/bin/../lib/gcc/arm-none-eabi/7.2.1/thumb/v6-m\libgcc.a(_clzdi2.o)
 .text          0x00000000       0x54 c:/users/dorkm/appdata/local/arduino15/packages/arduino/tools/arm-none-eabi-gcc/7-2017q4/bin/../lib/gcc/arm-none-eabi/7.2.1/thumb/v6-m\libgcc.a(_muldi3.o)
 .data          0x00000000        0x0 c:/users/dorkm/appdata/local/arduino15/packages/arduino/tools/arm-none-eabi-gcc/7-2017q4/bin/../lib/gcc/arm-none-eabi/7.2.1/thumb/v6-m\libgcc.a(_muldi3.o)
 .bss           0x00000000        0x0 c:/users/dorkm/appdata/local/arduino15/packages/arduino/tools/arm-none-eabi-gcc/7-2017q4/bin/../lib/gcc/arm-none-eabi/7.2.1/thumb/v6-m\libgcc.a(_muldi3.o)
 .debug_frame   0x00000000       0x34 c:/users/dorkm/appdata/local/arduino15/packages/arduino/tools/arm-none-eabi-gcc/7-2017q4/bin/../lib/gcc/arm-none-eabi/7.2.1/thumb/v6-m\libgcc.a(_muldi3.o)
 .ARM.attributes
                0x00000000       0x2c c:/users/dorkm/appdata/local/arduino15/packages/arduino/tools/arm-none-eabi-gcc/7-2017q4/bin/../lib/gcc/arm-none-eabi/7.2.1/thumb/v6-m\libgcc.a(_muldi3.o)
 .text          0x00000000      0x1b0 c:/users/dorkm/appdata/local/arduino15/packages/arduino/tools/arm-none-eabi-gcc/7-2017q4/bin/../lib/gcc/arm-none-eabi/7.2.1/thumb/v6-m\libgcc.a(_divdi3.o)
 .data          0x00000000        0x0 c:/users/dorkm/appdata/local/arduino15/packages/arduino/tools/arm-none-eabi-gcc/7-2017q4/bin/../lib/gcc/arm-none-eabi/7.2.1/thumb/v6-m\libgcc.a(_divdi3.o)
 .bss           0x00000000        0x0 c:/users/dorkm/appdata/local/arduino15/packages/arduino/tools/arm-none-eabi-gcc/7-2017q4/bin/../lib/gcc/arm-none-eabi/7.2.1/thumb/v6-m\libgcc.a(_divdi3.o)
 .ARM.extab     0x00000000        0x0 c:/users/dorkm/appdata/local/arduino15/packages/arduino/tools/arm-none-eabi-gcc/7-2017q4/bin/../lib/gcc/arm-none-eabi/7.2.1/thumb/v6-m\libgcc.a(_divdi3.o)
 .ARM.exidx     0x00000000        0x8 c:/users/dorkm/appdata/local/arduino15/packages/arduino/tools/arm-none-eabi-gcc/7-2017q4/bin/../lib/gcc/arm-none-eabi/7.2.1/thumb/v6-m\libgcc.a(_divdi3.o)
 .debug_frame   0x00000000       0x3c c:/users/dorkm/appdata/local/arduino15/packages/arduino/tools/arm-none-eabi-gcc/7-2017q4/bin/../lib/gcc/arm-none-eabi/7.2.1/thumb/v6-m\libgcc.a(_divdi3.o)
 .ARM.attributes
                0x00000000       0x2c c:/users/dorkm/appdata/local/arduino15/packages/arduino/tools/arm-none-eabi-gcc/7-2017q4/bin/../lib/gcc/arm-none-eabi/7.2.1/thumb/v6-m\libgcc.a(_divdi3.o)
 .data          0x00000000        0x0 c:/users/dorkm/appdata/local/arduino15/packages/arduino/tools/arm-none-eabi-gcc/7-2017q4/bin/../lib/gcc/arm-none-eabi/7.2.1/thumb/v6-m\libgcc.a(_clzsi2.o)
 .bss           0x00000000        0x0 c:/users/dorkm/appdata/local/arduino15/packages/arduino/tools/arm-none-eabi-gcc/7-2017q4/bin/../lib/gcc/arm-none-eabi/7.2.1/thumb/v6-m\libgcc.a(_clzsi2.o)
 .text          0x00000000        0x0 c:/users/dorkm/appdata/local/arduino15/packages/arduino/tools/arm-none-eabi-gcc/7-2017q4/bin/../lib/gcc/arm-none-eabi/7.2.1/../../../../arm-none-eabi/lib/thumb/v6-m\libc_nano.a(lib_a-memcmp.o)
 .data          0x00000000        0x0 c:/users/dorkm/appdata/local/arduino15/packages/arduino/tools/arm-none-eabi-gcc/7-2017q4/bin/../lib/gcc/arm-none-eabi/7.2.1/../../../../arm-none-eabi/lib/thumb/v6-m\libc_nano.a(lib_a-memcmp.o)
 .bss           0x00000000        0x0 c:/users/dorkm/appdata/local/arduino15/packages/arduino/tools/arm-none-eabi-gcc/7-2017q4/bin/../lib/gcc/arm-none-eabi/7.2.1/../../../../arm-none-eabi/lib/thumb/v6-m\libc_nano.a(lib_a-memcmp.o)
 .text          0x00000000        0x0 c:/users/dorkm/appdata/local/arduino15/packages/arduino/tools/arm-none-eabi-gcc/7-2017q4/bin/../lib/gcc/arm-none-eabi/7.2.1/../../../../arm-none-eabi/lib/thumb/v6-m\libc_nano.a(lib_a-memcpy-stub.o)
 .data          0x00000000        0x0 c:/users/dorkm/appdata/local/arduino15/packages/arduino/tools/arm-none-eabi-gcc/7-2017q4/bin/../lib/gcc/arm-none-eabi/7.2.1/../../../../arm-none-eabi/lib/thumb/v6-m\libc_nano.a(lib_a-memcpy-stub.o)
 .bss           0x00000000        0x0 c:/users/dorkm/appdata/local/arduino15/packages/arduino/tools/arm-none-eabi-gcc/7-2017q4/bin/../lib/gcc/arm-none-eabi/7.2.1/../../../../arm-none-eabi/lib/thumb/v6-m\libc_nano.a(lib_a-memcpy-stub.o)
 .text          0x00000000        0x0 c:/users/dorkm/appdata/local/arduino15/packages/arduino/tools/arm-none-eabi-gcc/7-2017q4/bin/../lib/gcc/arm-none-eabi/7.2.1/../../../../arm-none-eabi/lib/thumb/v6-m\libc_nano.a(lib_a-memset.o)
 .data          0x00000000        0x0 c:/users/dorkm/appdata/local/arduino15/packages/arduino/tools/arm-none-eabi-gcc/7-2017q4/bin/../lib/gcc/arm-none-eabi/7.2.1/../../../../arm-none-eabi/lib/thumb/v6-m\libc_nano.a(lib_a-memset.o)
 .bss           0x00000000        0x0 c:/users/dorkm/appdata/local/arduino15/packages/arduino/tools/arm-none-eabi-gcc/7-2017q4/bin/../lib/gcc/arm-none-eabi/7.2.1/../../../../arm-none-eabi/lib/thumb/v6-m\libc_nano.a(lib_a-memset.o)
 .data          0x00000000        0x0 c:/users/dorkm/appdata/local/arduino15/packages/arduino/tools/arm-none-eabi-gcc/7-2017q4/bin/../lib/gcc/arm-none-eabi/7.2.1/../../../../arm-none-eabi/lib/thumb/v6-m\libc_nano.a(lib_a-strlen.o)
 .bss           0x00000000        0x0 c:/users/dorkm/appdata/local/arduino15/packages/arduino/tools/arm-none-eabi-gcc/7-2017q4/bin/../lib/gcc/arm-none-eabi/7.2.1/../../../../arm-none-eabi/lib/thumb/v6-m\libc_nano.a(lib_a-strlen.o)

Memory Configuration

Name             Origin             Length             Attributes
FLASH            0x08000000         0x00030000         xr
CFG              0x0802e000         0x00002000         r
RAM              0x20000000         0x00005000         xrw
*default*        0x00000000         0xffffffff

Linker script and memory map

LOAD build/startup.o
LOAD build/main.o
LOAD build/boot/safe_mode.o
LOAD build/hal/platform.o
LOAD build/host/host_cfg.o
LOAD build/host/host_cfg_wire.o
LOAD build/host/host_cmd.o
LOAD build/host/host_stats.o
LOAD build/host/host_uart.o
LOAD build/radio/sx1276_airtime.o
LOAD build/radio/sx1276_cad.o
LOAD build/radio/sx1276_lbt.o
LOAD build/radio/sx1276_modes.o
LOAD build/radio/sx1276_rx.o
LOAD build/radio/sx1276_tx.o
LOAD build/radio/sx1276.o
LOAD build/include/static_asserts.o
START GROUP
LOAD c:/users/dorkm/appdata/local/arduino15/packages/arduino/tools/arm-none-eabi-gcc/7-2017q4/bin/../lib/gcc/arm-none-eabi/7.2.1/thumb/v6-m\libgcc.a
LOAD c:/users/dorkm/appdata/local/arduino15/packages/arduino/tools/arm-none-eabi-gcc/7-2017q4/bin/../lib/gcc/arm-none-eabi/7.2.1/../../../../arm-none-eabi/lib/thumb/v6-m\libc_nano.a
END GROUP
START GROUP
LOAD c:/users/dorkm/appdata/local/arduino15/packages/arduino/tools/arm-none-eabi-gcc/7-2017q4/bin/../lib/gcc/arm-none-eabi/7.2.1/thumb/v6-m\libgcc.a
LOAD c:/users/dorkm/appdata/local/arduino15/packages/arduino/tools/arm-none-eabi-gcc/7-2017q4/bin/../lib/gcc/arm-none-eabi/7.2.1/../../../../arm-none-eabi/lib/thumb/v6-m\libc_nano.a
LOAD c:/users/dorkm/appdata/local/arduino15/packages/arduino/tools/arm-none-eabi-gcc/7-2017q4/bin/../lib/gcc/arm-none-eabi/7.2.1/../../../../arm-none-eabi/lib/thumb/v6-m\libnosys.a
END GROUP
START GROUP
LOAD c:/users/dorkm/appdata/local/arduino15/packages/arduino/tools/arm-none-eabi-gcc/7-2017q4/bin/../lib/gcc/arm-none-eabi/7.2.1/thumb/v6-m\libgcc.a
LOAD c:/users/dorkm/appdata/local/arduino15/packages/arduino/tools/arm-none-eabi-gcc/7-2017q4/bin/../lib/gcc/arm-none-eabi/7.2.1/../../../../arm-none-eabi/lib/thumb/v6-m\libc_nano.a
LOAD c:/users/dorkm/appdata/local/arduino15/packages/arduino/tools/arm-none-eabi-gcc/7-2017q4/bin/../lib/gcc/arm-none-eabi/7.2.1/../../../../arm-none-eabi/lib/thumb/v6-m\libnosys.a
END GROUP
                0x20005000                _estack = 0x20005000
                0x00000a00                _stack_size = 0xa00
                0x20004600                _stack_bottom = 0x20004600
                0x08000000                _app_start = 0x8000000
                0x08030000                _app_end = 0x8030000
                0x0802e000                _cfg_start = 0x802e000
                0x08030000                _cfg_end = 0x8030000

.isr_vector     0x08000000       0xc4
                0x08000000                . = ALIGN (0x4)
 *(.isr_vector)
 .isr_vector    0x08000000       0xc4 build/startup.o
                0x08000000                g_pfnVectors
                0x080000c4                . = ALIGN (0x4)

.boot_rodata    0x080000c4       0x14
 .boot_rodata   0x080000c4       0x14 build/boot/safe_mode.o

.text           0x080000d8     0x3dd4
                0x080000d8                . = ALIGN (0x4)
 *(.text)
 .text          0x080000d8       0x14 c:/users/dorkm/appdata/local/arduino15/packages/arduino/tools/arm-none-eabi-gcc/7-2017q4/bin/../lib/gcc/arm-none-eabi/7.2.1/thumb/v6-m\libgcc.a(_thumb1_case_shi.o)
                0x080000d8                __gnu_thumb1_case_shi
 .text          0x080000ec      0x114 c:/users/dorkm/appdata/local/arduino15/packages/arduino/tools/arm-none-eabi-gcc/7-2017q4/bin/../lib/gcc/arm-none-eabi/7.2.1/thumb/v6-m\libgcc.a(_udivsi3.o)
                0x080000ec                __aeabi_uidiv
                0x080000ec                __udivsi3
                0x080001f8                __aeabi_uidivmod
 .text          0x08000200        0x4 c:/users/dorkm/appdata/local/arduino15/packages/arduino/tools/arm-none-eabi-gcc/7-2017q4/bin/../lib/gcc/arm-none-eabi/7.2.1/thumb/v6-m\libgcc.a(_dvmd_tls.o)
                0x08000200                __aeabi_idiv0
                0x08000200                __aeabi_ldiv0
 .text          0x08000204       0x18 c:/users/dorkm/appdata/local/arduino15/packages/arduino/tools/arm-none-eabi-gcc/7-2017q4/bin/../lib/gcc/arm-none-eabi/7.2.1/thumb/v6-m\libgcc.a(_ashldi3.o)
                0x08000204                __aeabi_llsl
                0x08000204                __ashldi3
 .text          0x0800021c       0x40 c:/users/dorkm/appdata/local/arduino15/packages/arduino/tools/arm-none-eabi-gcc/7-2017q4/bin/../lib/gcc/arm-none-eabi/7.2.1/thumb/v6-m\libgcc.a(_aeabi_uldivmod.o)
                0x0800021c                __aeabi_uldivmod
 .text          0x0800025c      0x184 c:/users/dorkm/appdata/local/arduino15/packages/arduino/tools/arm-none-eabi-gcc/7-2017q4/bin/../lib/gcc/arm-none-eabi/7.2.1/thumb/v6-m\libgcc.a(_udivmoddi4.o)
                0x0800025c                __udivmoddi4
 .text          0x080003e0       0x18 c:/users/dorkm/appdata/local/arduino15/packages/arduino/tools/arm-none-eabi-gcc/7-2017q4/bin/../lib/gcc/arm-none-eabi/7.2.1/thumb/v6-m\libgcc.a(_clzdi2.o)
                0x080003e0                __clzdi2
 .text          0x080003f8       0x3c c:/users/dorkm/appdata/local/arduino15/packages/arduino/tools/arm-none-eabi-gcc/7-2017q4/bin/../lib/gcc/arm-none-eabi/7.2.1/thumb/v6-m\libgcc.a(_clzsi2.o)
                0x080003f8                __clzsi2
 .text          0x08000434        0xe c:/users/dorkm/appdata/local/arduino15/packages/arduino/tools/arm-none-eabi-gcc/7-2017q4/bin/../lib/gcc/arm-none-eabi/7.2.1/../../../../arm-none-eabi/lib/thumb/v6-m\libc_nano.a(lib_a-strlen.o)
                0x08000434                strlen
 *(.text.*)
 *fill*         0x08000442        0x2 
 .text.boot_diag_uart_init_19200
                0x08000444       0x90 build/startup.o
 .text.boot_diag_uart_puts
                0x080004d4       0x24 build/startup.o
 .text.HardFault_Handler
                0x080004f8       0x14 build/startup.o
                0x080004f8                HardFault_Handler
 .text.Default_Handler
                0x0800050c        0x4 build/startup.o
                0x0800050c                TSC_IRQHandler
                0x0800050c                ADC1_COMP_IRQHandler
                0x0800050c                PVD_IRQHandler
                0x0800050c                PendSV_Handler
                0x0800050c                I2C1_IRQHandler
                0x0800050c                SPI1_IRQHandler
                0x0800050c                TIM6_DAC_IRQHandler
                0x0800050c                EXTI2_3_IRQHandler
                0x0800050c                I2C2_IRQHandler
                0x0800050c                RTC_IRQHandler
                0x0800050c                LCD_IRQHandler
                0x0800050c                DMA1_Channel4_5_6_7_IRQHandler
                0x0800050c                TIM3_IRQHandler
                0x0800050c                RCC_IRQHandler
                0x0800050c                DMA1_Channel1_IRQHandler
                0x0800050c                USART4_5_IRQHandler
                0x0800050c                Default_Handler
                0x0800050c                TIM22_IRQHandler
                0x0800050c                TIM7_IRQHandler
                0x0800050c                USB_IRQHandler
                0x0800050c                I2C3_IRQHandler
                0x0800050c                SPI2_IRQHandler
                0x0800050c                SVC_Handler
                0x0800050c                CRS_IRQHandler
                0x0800050c                TIM21_IRQHandler
                0x0800050c                WWDG_IRQHandler
                0x0800050c                TIM2_IRQHandler
                0x0800050c                DMA1_Channel2_3_IRQHandler
                0x0800050c                USART2_IRQHandler
                0x0800050c                FLASH_IRQHandler
                0x0800050c                LPTIM1_IRQHandler
 .text.NMI_Handler
                0x08000510       0x28 build/startup.o
                0x08000510                NMI_Handler
 .text.HardFault_Handler_C
                0x08000538       0x3c build/startup.o
                0x08000538                HardFault_Handler_C
 .text.SystemInit
                0x08000574        0x2 build/startup.o
                0x08000574                SystemInit
 *fill*         0x08000576        0x2 
 .text.Reset_Handler
                0x08000578       0xa8 build/startup.o
                0x08000578                Reset_Handler
 .text.startup.main
                0x08000620      0x1a0 build/main.o
                0x08000620                main
 .text.platform_core_hz
                0x080007c0        0xc build/hal/platform.o
                0x080007c0                platform_core_hz
 .text.platform_reset_cause_capture_early
                0x080007cc       0x5c build/hal/platform.o
                0x080007cc                platform_reset_cause_capture_early
 .text.platform_reset_cause_take
                0x08000828       0x1c build/hal/platform.o
                0x08000828                platform_reset_cause_take
 .text.platform_clock_init_hsi16
                0x08000844      0x104 build/hal/platform.o
                0x08000844                platform_clock_init_hsi16
 .text.platform_clock_source_id
                0x08000948        0xc build/hal/platform.o
                0x08000948                platform_clock_source_id
 .text.platform_systick_init_1ms
                0x08000954       0x34 build/hal/platform.o
                0x08000954                platform_systick_init_1ms
 .text.platform_now_ms
                0x08000988        0xc build/hal/platform.o
                0x08000988                platform_now_ms
 .text.platform_now_us
                0x08000994       0x48 build/hal/platform.o
                0x08000994                platform_now_us
 .text.platform_delay_ms
                0x080009dc       0x14 build/hal/platform.o
                0x080009dc                platform_delay_ms
 .text.platform_diag_trace
                0x080009f0       0x40 build/hal/platform.o
                0x080009f0                platform_diag_trace
 .text.platform_irq_enable
                0x08000a30       0x1c build/hal/platform.o
                0x08000a30                platform_irq_enable
 .text.platform_system_reset
                0x08000a4c       0x10 build/hal/platform.o
                0x08000a4c                platform_system_reset
 .text.platform_fault_record
                0x08000a5c       0x28 build/hal/platform.o
                0x08000a5c                platform_fault_record
 .text.platform_fault_take_replay
                0x08000a84       0x38 build/hal/platform.o
                0x08000a84                platform_fault_take_replay
 .text.SysTick_Handler
                0x08000abc       0x10 build/hal/platform.o
                0x08000abc                SysTick_Handler
 .text.cfg_apply_unsupported
                0x08000acc        0x4 build/host/host_cfg.o
 .text.cfg_apply_tx_power_dbm
                0x08000ad0       0x14 build/host/host_cfg.o
 .text.cfg_init
                0x08000ae4       0x60 build/host/host_cfg.o
                0x08000ae4                cfg_init
 .text.cfg_set  0x08000b44      0x1d4 build/host/host_cfg.o
                0x08000b44                cfg_set
 .text.cfg_get  0x08000d18       0x68 build/host/host_cfg.o
                0x08000d18                cfg_get
 .text.host_cfg_wire_encode_ok
                0x08000d80       0x28 build/host/host_cfg_wire.o
                0x08000d80                host_cfg_wire_encode_ok
 .text.host_cfg_wire_encode_data
                0x08000da8       0x3e build/host/host_cfg_wire.o
                0x08000da8                host_cfg_wire_encode_data
 .text.at_get_u32_le
                0x08000de6       0x1c build/host/host_cmd.o
 .text.put_u32_le
                0x08000e02       0x10 build/host/host_cmd.o
 .text.handle_tx_frame
                0x08000e12       0x80 build/host/host_cmd.o
 *fill*         0x08000e92        0x2 
 .text.at_send_ok
                0x08000e94       0x10 build/host/host_cmd.o
 .text.at_send_version_triplet
                0x08000ea4       0x30 build/host/host_cmd.o
 .text.at_send_hex_nibble
                0x08000ed4       0x1e build/host/host_cmd.o
 .text.host_send_fault_urc.part.1
                0x08000ef2       0x5a build/host/host_cmd.o
 .text.at_send_u32.part.3
                0x08000f4c       0x54 build/host/host_cmd.o
 .text.at_line_equals
                0x08000fa0       0x72 build/host/host_cmd.o
 *fill*         0x08001012        0x2 
 .text.at_send_key_u32
                0x08001014       0x2c build/host/host_cmd.o
 .text.host_cmd_emit_stats_snapshot
                0x08001040       0x22 build/host/host_cmd.o
                0x08001040                host_cmd_emit_stats_snapshot
 *fill*         0x08001062        0x2 
 .text.host_cmd_init
                0x08001064       0xbc build/host/host_cmd.o
                0x08001064                host_cmd_init
 .text.host_cmd_dispatch
                0x08001120      0x33c build/host/host_cmd.o
                0x08001120                host_cmd_dispatch
 .text.host_cmd_dispatch_at_line
                0x0800145c      0x434 build/host/host_cmd.o
                0x0800145c                host_cmd_dispatch_at_line
 .text.host_cmd_on_radio_events
                0x08001890       0x26 build/host/host_cmd.o
                0x08001890                host_cmd_on_radio_events
 .text.host_cmd_emit_tx_done
                0x080018b6       0x36 build/host/host_cmd.o
                0x080018b6                host_cmd_emit_tx_done
 .text.host_cmd_emit_fault
                0x080018ec       0x1c build/host/host_cmd.o
                0x080018ec                host_cmd_emit_fault
 .text.host_cmd_emit_rx_frame
                0x08001908       0x58 build/host/host_cmd.o
                0x08001908                host_cmd_emit_rx_frame
 .text.put_u32_le
                0x08001960       0x10 build/host/host_stats.o
 .text.host_stats_reset
                0x08001970       0x54 build/host/host_stats.o
                0x08001970                host_stats_reset
 .text.host_stats_radio_rx_ok
                0x080019c4       0x10 build/host/host_stats.o
                0x080019c4                host_stats_radio_rx_ok
 .text.host_stats_radio_crc_err
                0x080019d4       0x10 build/host/host_stats.o
                0x080019d4                host_stats_radio_crc_err
 .text.host_stats_radio_tx_ok
                0x080019e4       0x10 build/host/host_stats.o
                0x080019e4                host_stats_radio_tx_ok
 .text.host_stats_radio_tx_abort_lbt
                0x080019f4       0x10 build/host/host_stats.o
                0x080019f4                host_stats_radio_tx_abort_lbt
 .text.host_stats_radio_tx_abort_airtime
                0x08001a04       0x10 build/host/host_stats.o
                0x08001a04                host_stats_radio_tx_abort_airtime
 .text.host_stats_note_radio_events
                0x08001a14       0x44 build/host/host_stats.o
                0x08001a14                host_stats_note_radio_events
 .text.host_stats_serialize
                0x08001a58      0x1fc build/host/host_stats.o
                0x08001a58                host_stats_serialize
 .text.host_uart_note_trace
                0x08001c54       0x10 build/host/host_uart.o
 .text.crc16_ccitt
                0x08001c64       0x3c build/host/host_uart.o
 .text.usart2_write_byte
                0x08001ca0       0x30 build/host/host_uart.o
 .text.usart2_write_bytes
                0x08001cd0       0x34 build/host/host_uart.o
 .text.rx_ring_push
                0x08001d04       0x44 build/host/host_uart.o
 .text.host_uart_send_urc.part.4
                0x08001d48      0x104 build/host/host_uart.o
 .text.process_encoded_frame
                0x08001e4c      0x1e4 build/host/host_uart.o
 .text.ingest_binary_byte
                0x08002030       0x6c build/host/host_uart.o
 .text.gpio_set_alt.constprop.7
                0x0800209c       0x70 build/host/host_uart.o
 .text.at_replay_candidate_to_binary
                0x0800210c       0x30 build/host/host_uart.o
 .text.host_uart_poll_dma
                0x0800213c      0x164 build/host/host_uart.o
                0x0800213c                host_uart_poll_dma
 .text.host_uart_service_rx
                0x080022a0      0x130 build/host/host_uart.o
                0x080022a0                host_uart_service_rx
 .text.host_uart_flush_diag_traces
                0x080023d0       0xd4 build/host/host_uart.o
                0x080023d0                host_uart_flush_diag_traces
 .text.host_uart_pop_frame
                0x080024a4       0x54 build/host/host_uart.o
                0x080024a4                host_uart_pop_frame
 .text.host_uart_send_urc
                0x080024f8       0x2c build/host/host_uart.o
                0x080024f8                host_uart_send_urc
 .text.host_uart_send_ascii
                0x08002524       0x24 build/host/host_uart.o
                0x08002524                host_uart_send_ascii
 .text.host_uart_send_err_proto
                0x08002548       0x2a build/host/host_uart.o
                0x08002548                host_uart_send_err_proto
 *fill*         0x08002572        0x2 
 .text.host_uart_stats_reset
                0x08002574      0x100 build/host/host_uart.o
                0x08002574                host_uart_stats_reset
 .text.host_uart_init
                0x08002674      0x190 build/host/host_uart.o
                0x08002674                host_uart_init
 .text.host_uart_stats_dropped
                0x08002804        0xc build/host/host_uart.o
                0x08002804                host_uart_stats_dropped
 .text.host_uart_stats_errors
                0x08002810        0xc build/host/host_uart.o
                0x08002810                host_uart_stats_errors
 .text.host_uart_stats_queue_full
                0x0800281c        0xc build/host/host_uart.o
                0x0800281c                host_uart_stats_queue_full
 .text.host_uart_stats_irq_idle
                0x08002828        0xc build/host/host_uart.o
                0x08002828                host_uart_stats_irq_idle
 .text.host_uart_stats_irq_ht
                0x08002834        0xc build/host/host_uart.o
                0x08002834                host_uart_stats_irq_ht
 .text.host_uart_stats_irq_tc
                0x08002840        0xc build/host/host_uart.o
                0x08002840                host_uart_stats_irq_tc
 .text.host_uart_stats_irq_te
                0x0800284c        0xc build/host/host_uart.o
                0x0800284c                host_uart_stats_irq_te
 .text.host_uart_stats_rx_bytes
                0x08002858        0xc build/host/host_uart.o
                0x08002858                host_uart_stats_rx_bytes
 .text.host_uart_stats_rx_lpuart_bytes
                0x08002864        0xc build/host/host_uart.o
                0x08002864                host_uart_stats_rx_lpuart_bytes
 .text.host_uart_stats_rx_usart1_bytes
                0x08002870        0xc build/host/host_uart.o
                0x08002870                host_uart_stats_rx_usart1_bytes
 .text.host_uart_stats_parse_ok
                0x0800287c        0xc build/host/host_uart.o
                0x0800287c                host_uart_stats_parse_ok
 .text.host_uart_stats_parse_err
                0x08002888        0xc build/host/host_uart.o
                0x08002888                host_uart_stats_parse_err
 .text.host_uart_stats_uart_err_lpuart
                0x08002894        0xc build/host/host_uart.o
                0x08002894                host_uart_stats_uart_err_lpuart
 .text.host_uart_stats_uart_err_usart1
                0x080028a0        0xc build/host/host_uart.o
                0x080028a0                host_uart_stats_uart_err_usart1
 .text.host_uart_stats_uart_pe_lpuart
                0x080028ac        0xc build/host/host_uart.o
                0x080028ac                host_uart_stats_uart_pe_lpuart
 .text.host_uart_stats_uart_fe_lpuart
                0x080028b8        0xc build/host/host_uart.o
                0x080028b8                host_uart_stats_uart_fe_lpuart
 .text.host_uart_stats_uart_ne_lpuart
                0x080028c4        0xc build/host/host_uart.o
                0x080028c4                host_uart_stats_uart_ne_lpuart
 .text.host_uart_stats_uart_ore_lpuart
                0x080028d0        0xc build/host/host_uart.o
                0x080028d0                host_uart_stats_uart_ore_lpuart
 .text.host_uart_stats_uart_pe_usart1
                0x080028dc        0xc build/host/host_uart.o
                0x080028dc                host_uart_stats_uart_pe_usart1
 .text.host_uart_stats_uart_fe_usart1
                0x080028e8        0xc build/host/host_uart.o
                0x080028e8                host_uart_stats_uart_fe_usart1
 .text.host_uart_stats_uart_ne_usart1
                0x080028f4        0xc build/host/host_uart.o
                0x080028f4                host_uart_stats_uart_ne_usart1
 .text.host_uart_stats_uart_ore_usart1
                0x08002900        0xc build/host/host_uart.o
                0x08002900                host_uart_stats_uart_ore_usart1
 .text.host_uart_stats_rx_ring_ovf
                0x0800290c        0xc build/host/host_uart.o
                0x0800290c                host_uart_stats_rx_ring_ovf
 .text.host_uart_take_dma_te_events
                0x08002918       0x18 build/host/host_uart.o
                0x08002918                host_uart_take_dma_te_events
 .text.host_uart_take_rx_seen_flags
                0x08002930       0x1c build/host/host_uart.o
                0x08002930                host_uart_take_rx_seen_flags
 .text.host_uart_note_diag_mark
                0x0800294c       0x1c build/host/host_uart.o
                0x0800294c                host_uart_note_diag_mark
 .text.host_uart_take_diag_marks
                0x08002968       0x1c build/host/host_uart.o
                0x08002968                host_uart_take_diag_marks
 .text.RNG_LPUART1_IRQHandler
                0x08002984       0xe0 build/host/host_uart.o
                0x08002984                RNG_LPUART1_IRQHandler
 .text.USART1_IRQHandler
                0x08002a64       0xe0 build/host/host_uart.o
                0x08002a64                USART1_IRQHandler
 .text.sx1276_airtime_estimate_toa_us
                0x08002b44      0x104 build/radio/sx1276_airtime.o
                0x08002b44                sx1276_airtime_estimate_toa_us
 .text.sx1276_airtime_reserve
                0x08002c48       0x54 build/radio/sx1276_airtime.o
                0x08002c48                sx1276_airtime_reserve
 .text.sx1276_airtime_release
                0x08002c9c       0x20 build/radio/sx1276_airtime.o
                0x08002c9c                sx1276_airtime_release
 .text.sx1276_airtime_commit
                0x08002cbc       0x44 build/radio/sx1276_airtime.o
                0x08002cbc                sx1276_airtime_commit
 .text.sx1276_cad_begin
                0x08002d00       0x28 build/radio/sx1276_cad.o
                0x08002d00                sx1276_cad_begin
 .text.sx1276_cad_poll
                0x08002d28       0x3c build/radio/sx1276_cad.o
                0x08002d28                sx1276_cad_poll
 .text.lbt_arm_backoff
                0x08002d64       0x3c build/radio/sx1276_lbt.o
 .text.cfg_read_u8
                0x08002da0       0x2a build/radio/sx1276_lbt.o
 *fill*         0x08002dca        0x2 
 .text.sx1276_lbt_check_and_backoff
                0x08002dcc      0x110 build/radio/sx1276_lbt.o
                0x08002dcc                sx1276_lbt_check_and_backoff
 .text.mode_desc_for_state
                0x08002edc       0x30 build/radio/sx1276_modes.o
 .text.sx1276_delay_us
                0x08002f0c       0x16 build/radio/sx1276_modes.o
 *fill*         0x08002f22        0x2 
 .text.sx1276_modes_apply
                0x08002f24       0xbc build/radio/sx1276_modes.o
 .text.sx1276_modes_get_state
                0x08002fe0        0xc build/radio/sx1276_modes.o
                0x08002fe0                sx1276_modes_get_state
 .text.sx1276_modes_to_sleep
                0x08002fec        0xe build/radio/sx1276_modes.o
                0x08002fec                sx1276_modes_to_sleep
 .text.sx1276_modes_to_standby
                0x08002ffa        0xe build/radio/sx1276_modes.o
                0x08002ffa                sx1276_modes_to_standby
 .text.sx1276_modes_to_tx
                0x08003008        0xe build/radio/sx1276_modes.o
                0x08003008                sx1276_modes_to_tx
 .text.sx1276_modes_to_rx_cont
                0x08003016        0xe build/radio/sx1276_modes.o
                0x08003016                sx1276_modes_to_rx_cont
 .text.sx1276_modes_to_cad
                0x08003024       0x16 build/radio/sx1276_modes.o
                0x08003024                sx1276_modes_to_cad
 *fill*         0x0800303a        0x2 
 .text.sx1276_modes_init
                0x0800303c       0x48 build/radio/sx1276_modes.o
                0x0800303c                sx1276_modes_init
 .text.sx1276_rx_arm
                0x08003084       0x28 build/radio/sx1276_rx.o
                0x08003084                sx1276_rx_arm
 .text.sx1276_rx_disarm
                0x080030ac        0x8 build/radio/sx1276_rx.o
                0x080030ac                sx1276_rx_disarm
 .text.sx1276_rx_service
                0x080030b4       0xa6 build/radio/sx1276_rx.o
                0x080030b4                sx1276_rx_service
 *fill*         0x0800315a        0x2 
 .text.sx1276_tx_cleanup
                0x0800315c       0x2c build/radio/sx1276_tx.o
 .text.sx1276_tx_begin
                0x08003188      0x124 build/radio/sx1276_tx.o
                0x08003188                sx1276_tx_begin
 .text.sx1276_tx_poll
                0x080032ac       0xb4 build/radio/sx1276_tx.o
                0x080032ac                sx1276_tx_poll
 .text.sx1276_tx_busy
                0x08003360       0x10 build/radio/sx1276_tx.o
                0x08003360                sx1276_tx_busy
 .text.gpio_mode_output
                0x08003370       0x34 build/radio/sx1276.o
 .text.gpio_mode_input
                0x080033a4       0x16 build/radio/sx1276.o
 *fill*         0x080033ba        0x2 
 .text.spi1_transfer
                0x080033bc       0x30 build/radio/sx1276.o
 .text.sx1276_radio_reset
                0x080033ec       0x34 build/radio/sx1276.o
                0x080033ec                sx1276_radio_reset
 .text.sx1276_read_reg
                0x08003420       0x24 build/radio/sx1276.o
                0x08003420                sx1276_read_reg
 .text.sx1276_write_reg
                0x08003444       0x28 build/radio/sx1276.o
                0x08003444                sx1276_write_reg
 .text.sx1276_read_burst
                0x0800346c       0x34 build/radio/sx1276.o
                0x0800346c                sx1276_read_burst
 .text.sx1276_write_burst
                0x080034a0       0x34 build/radio/sx1276.o
                0x080034a0                sx1276_write_burst
 .text.sx1276_read_version
                0x080034d4        0xa build/radio/sx1276.o
                0x080034d4                sx1276_read_version
 *fill*         0x080034de        0x2 
 .text.sx1276_set_frequency_hz
                0x080034e0       0x34 build/radio/sx1276.o
                0x080034e0                sx1276_set_frequency_hz
 .text.sx1276_set_tx_power_dbm
                0x08003514       0x26 build/radio/sx1276.o
                0x08003514                sx1276_set_tx_power_dbm
 .text.sx1276_set_sf_bw_cr
                0x0800353a       0xba build/radio/sx1276.o
                0x0800353a                sx1276_set_sf_bw_cr
 .text.sx1276_init
                0x080035f4      0x260 build/radio/sx1276.o
                0x080035f4                sx1276_init
 .text.sx1276_take_irq_events
                0x08003854       0x18 build/radio/sx1276.o
                0x08003854                sx1276_take_irq_events
 .text.EXTI0_1_IRQHandler
                0x0800386c       0x34 build/radio/sx1276.o
                0x0800386c                EXTI0_1_IRQHandler
 .text.EXTI4_15_IRQHandler
                0x080038a0       0x38 build/radio/sx1276.o
                0x080038a0                EXTI4_15_IRQHandler
 .text.memcmp   0x080038d8       0x1e c:/users/dorkm/appdata/local/arduino15/packages/arduino/tools/arm-none-eabi-gcc/7-2017q4/bin/../lib/gcc/arm-none-eabi/7.2.1/../../../../arm-none-eabi/lib/thumb/v6-m\libc_nano.a(lib_a-memcmp.o)
                0x080038d8                memcmp
 .text.memcpy   0x080038f6       0x12 c:/users/dorkm/appdata/local/arduino15/packages/arduino/tools/arm-none-eabi-gcc/7-2017q4/bin/../lib/gcc/arm-none-eabi/7.2.1/../../../../arm-none-eabi/lib/thumb/v6-m\libc_nano.a(lib_a-memcpy-stub.o)
                0x080038f6                memcpy
 .text.memset   0x08003908       0x10 c:/users/dorkm/appdata/local/arduino15/packages/arduino/tools/arm-none-eabi-gcc/7-2017q4/bin/../lib/gcc/arm-none-eabi/7.2.1/../../../../arm-none-eabi/lib/thumb/v6-m\libc_nano.a(lib_a-memset.o)
                0x08003908                memset
 *(.rodata)
 *(.rodata.*)
 .rodata.NMI_Handler.str1.1
                0x08003918        0xe build/startup.o
 .rodata.Reset_Handler.str1.1
                0x08003926       0x36 build/startup.o
 .rodata.main.str1.1
                0x0800395c       0x8c build/main.o
 .rodata.k_cfg_desc
                0x080039e8      0x140 build/host/host_cfg.o
 .rodata.at_send_key_u32.str1.1
                0x08003b28       0x8c build/host/host_cmd.o
                                  0x2 (size before relaxing)
 .rodata.at_send_ok.str1.1
                0x08003b28       0x8c build/host/host_cmd.o
                                  0x5 (size before relaxing)
 .rodata.at_send_version_triplet.str1.1
                0x08003b28        0x2 build/host/host_cmd.o
                                  0x4 (size before relaxing)
 .rodata.host_cmd_dispatch.str1.1
                0x08003b2a       0x4d build/host/host_cmd.o
 .rodata.host_cmd_dispatch_at_line.str1.1
                0x08003b77      0x203 build/host/host_cmd.o
                                0x209 (size before relaxing)
 .rodata.host_cmd_init.str1.1
                0x08003d7a       0x5a build/host/host_cmd.o
 .rodata.host_uart_flush_diag_traces.str1.1
                0x08003dd4       0xba build/host/host_uart.o
 .rodata.k_mode_descs
                0x08003e8e       0x1e build/radio/sx1276_modes.o
 *(.glue_7)
 .glue_7        0x08003eac        0x0 linker stubs
 *(.glue_7t)
 .glue_7t       0x08003eac        0x0 linker stubs
 *(.eh_frame)
                0x08003eac                . = ALIGN (0x4)
                0x08003eac                _etext = .

.vfp11_veneer   0x08003eac        0x0
 .vfp11_veneer  0x08003eac        0x0 linker stubs

.v4_bx          0x08003eac        0x0
 .v4_bx         0x08003eac        0x0 linker stubs

.iplt           0x08003eac        0x0
 .iplt          0x08003eac        0x0 build/startup.o

.boot_text      0x08003eac      0x214
 .boot_text     0x08003eac      0x214 build/boot/safe_mode.o
                0x08003eac                jump_to_bootloader
                0x08003f24                safe_mode_listen

.ARM.extab
 *(.ARM.extab* .gnu.linkonce.armextab.*)

.ARM            0x080040c0        0x8
                0x080040c0                __exidx_start = .
 *(.ARM.exidx*)
 .ARM.exidx     0x080040c0        0x8 c:/users/dorkm/appdata/local/arduino15/packages/arduino/tools/arm-none-eabi-gcc/7-2017q4/bin/../lib/gcc/arm-none-eabi/7.2.1/thumb/v6-m\libgcc.a(_udivmoddi4.o)
                0x080040c8                __exidx_end = .
                0x080040c8                _sidata = LOADADDR (.data)

.rel.dyn        0x080040c8        0x0
 .rel.iplt      0x080040c8        0x0 build/startup.o

.data           0x20000000        0x8 load address 0x080040c8
                0x20000000                . = ALIGN (0x4)
                0x20000000                _sdata = .
 *(.data)
 *(.data.*)
 .data.s_clock_source_id
                0x20000000        0x1 build/hal/platform.o
 *fill*         0x20000001        0x3 
 .data.s_core_hz
                0x20000004        0x4 build/hal/platform.o
                0x20000008                . = ALIGN (0x4)
                0x20000008                _edata = .

.igot.plt       0x20000008        0x0 load address 0x080040d0
 .igot.plt      0x20000008        0x0 build/startup.o

.noinit         0x20000008       0x18 load address 0x080040d0
                0x20000008                . = ALIGN (0x4)
 *(.noinit)
 .noinit        0x20000008       0x18 build/hal/platform.o
 *(.noinit.*)
                0x20000020                . = ALIGN (0x4)

.bss            0x20000020      0xab8 load address 0x080040d0
                0x20000020                . = ALIGN (0x4)
                0x20000020                _sbss = .
                0x20000020                __bss_start__ = _sbss
 *(.bss)
 *(.bss.*)
 .bss.s_reset_cause
                0x20000020        0x1 build/hal/platform.o
 .bss.s_reset_cause_captured
                0x20000021        0x1 build/hal/platform.o
 *fill*         0x20000022        0x2 
 .bss.s_tick_ms
                0x20000024        0x4 build/hal/platform.o
 .bss.s_cfg_dirty
                0x20000028        0x1 build/host/host_cfg.o
 .bss.s_cfg_values
                0x20000029       0xc8 build/host/host_cfg.o
 .bss.s_radio_ok
                0x200000f1        0x1 build/host/host_cmd.o
 .bss.s_radio_version
                0x200000f2        0x1 build/host/host_cmd.o
 *fill*         0x200000f3        0x1 
 .bss.s_radio_crc_err
                0x200000f4        0x4 build/host/host_stats.o
 .bss.s_radio_dio0
                0x200000f8        0x4 build/host/host_stats.o
 .bss.s_radio_dio1
                0x200000fc        0x4 build/host/host_stats.o
 .bss.s_radio_dio2
                0x20000100        0x4 build/host/host_stats.o
 .bss.s_radio_dio3
                0x20000104        0x4 build/host/host_stats.o
 .bss.s_radio_rx_ok
                0x20000108        0x4 build/host/host_stats.o
 .bss.s_radio_tx_abort_airtime
                0x2000010c        0x4 build/host/host_stats.o
 .bss.s_radio_tx_abort_lbt
                0x20000110        0x4 build/host/host_stats.o
 .bss.s_radio_tx_ok
                0x20000114        0x4 build/host/host_stats.o
 .bss.s_at_candidate
                0x20000118        0x1 build/host/host_uart.o
 .bss.s_at_ignore_lf
                0x20000119        0x1 build/host/host_uart.o
 .bss.s_at_line
                0x2000011a       0x60 build/host/host_uart.o
 .bss.s_at_line_len
                0x2000017a        0x2 build/host/host_uart.o
 .bss.s_cobs_encoded
                0x2000017c      0x143 build/host/host_uart.o
 *fill*         0x200002bf        0x1 
 .bss.s_cobs_encoded_len
                0x200002c0        0x2 build/host/host_uart.o
 .bss.s_cobs_overflow
                0x200002c2        0x1 build/host/host_uart.o
 .bss.s_diag_marks
                0x200002c3        0x1 build/host/host_uart.o
 .bss.s_diag_trace_flags
                0x200002c4        0x4 build/host/host_uart.o
 .bss.s_dma_te_events
                0x200002c8        0x4 build/host/host_uart.o
 .bss.s_frame_queue
                0x200002cc      0x500 build/host/host_uart.o
 .bss.s_q_count
                0x200007cc        0x1 build/host/host_uart.o
 .bss.s_q_head  0x200007cd        0x1 build/host/host_uart.o
 .bss.s_q_tail  0x200007ce        0x1 build/host/host_uart.o
 .bss.s_rx_idle_pending
                0x200007cf        0x1 build/host/host_uart.o
 .bss.s_rx_ring
                0x200007d0      0x200 build/host/host_uart.o
 .bss.s_rx_ring_head
                0x200009d0        0x2 build/host/host_uart.o
 *fill*         0x200009d2        0x2 
 .bss.s_rx_ring_ovf
                0x200009d4        0x4 build/host/host_uart.o
 .bss.s_rx_ring_tail
                0x200009d8        0x2 build/host/host_uart.o
 .bss.s_rx_seen_flags
                0x200009da        0x1 build/host/host_uart.o
 .bss.s_service_in_progress
                0x200009db        0x1 build/host/host_uart.o
 .bss.s_stats_dropped
                0x200009dc        0x4 build/host/host_uart.o
 .bss.s_stats_errors
                0x200009e0        0x4 build/host/host_uart.o
 .bss.s_stats_irq_ht
                0x200009e4        0x4 build/host/host_uart.o
 .bss.s_stats_irq_idle
                0x200009e8        0x4 build/host/host_uart.o
 .bss.s_stats_irq_tc
                0x200009ec        0x4 build/host/host_uart.o
 .bss.s_stats_irq_te
                0x200009f0        0x4 build/host/host_uart.o
 .bss.s_stats_parse_err
                0x200009f4        0x4 build/host/host_uart.o
 .bss.s_stats_parse_ok
                0x200009f8        0x4 build/host/host_uart.o
 .bss.s_stats_queue_full
                0x200009fc        0x4 build/host/host_uart.o
 .bss.s_stats_rx_bytes
                0x20000a00        0x4 build/host/host_uart.o
 .bss.s_stats_rx_lpuart_bytes
                0x20000a04        0x4 build/host/host_uart.o
 .bss.s_stats_rx_usart1_bytes
                0x20000a08        0x4 build/host/host_uart.o
 .bss.s_stats_uart_err_lpuart
                0x20000a0c        0x4 build/host/host_uart.o
 .bss.s_stats_uart_err_usart1
                0x20000a10        0x4 build/host/host_uart.o
 .bss.s_stats_uart_fe_lpuart
                0x20000a14        0x4 build/host/host_uart.o
 .bss.s_stats_uart_fe_usart1
                0x20000a18        0x4 build/host/host_uart.o
 .bss.s_stats_uart_ne_lpuart
                0x20000a1c        0x4 build/host/host_uart.o
 .bss.s_stats_uart_ne_usart1
                0x20000a20        0x4 build/host/host_uart.o
 .bss.s_stats_uart_ore_lpuart
                0x20000a24        0x4 build/host/host_uart.o
 .bss.s_stats_uart_ore_usart1
                0x20000a28        0x4 build/host/host_uart.o
 .bss.s_stats_uart_pe_lpuart
                0x20000a2c        0x4 build/host/host_uart.o
 .bss.s_stats_uart_pe_usart1
                0x20000a30        0x4 build/host/host_uart.o
 .bss.s_budget  0x20000a34       0x80 build/radio/sx1276_airtime.o
 .bss.s_cad_active
                0x20000ab4        0x1 build/radio/sx1276_cad.o
 .bss.s_backoff_attempt
                0x20000ab5        0x1 build/radio/sx1276_lbt.o
 *fill*         0x20000ab6        0x2 
 .bss.s_backoff_until_ms
                0x20000ab8        0x4 build/radio/sx1276_lbt.o
 .bss.s_state   0x20000abc        0x1 build/radio/sx1276_modes.o
 .bss.s_channel_idx
                0x20000abd        0x1 build/radio/sx1276_tx.o
 *fill*         0x20000abe        0x2 
 .bss.s_deadline_us
                0x20000ac0        0x4 build/radio/sx1276_tx.o
 .bss.s_expected_toa_us
                0x20000ac4        0x4 build/radio/sx1276_tx.o
 .bss.s_rearm_rx
                0x20000ac8        0x1 build/radio/sx1276_tx.o
 *fill*         0x20000ac9        0x3 
 .bss.s_reserved_airtime_us
                0x20000acc        0x4 build/radio/sx1276_tx.o
 .bss.s_tx_id   0x20000ad0        0x1 build/radio/sx1276_tx.o
 .bss.s_tx_power_dbm
                0x20000ad1        0x1 build/radio/sx1276_tx.o
 .bss.s_tx_state
                0x20000ad2        0x1 build/radio/sx1276_tx.o
 *fill*         0x20000ad3        0x1 
 .bss.s_irq_events
                0x20000ad4        0x4 build/radio/sx1276.o
 *(COMMON)
                0x20000ad8                . = ALIGN (0x4)
                0x20000ad8                _ebss = .
                0x20000ad8                __bss_end__ = _ebss

._user_heap     0x20000ad8        0x0 load address 0x080040d0
                0x20000ad8                . = ALIGN (0x8)
                0x20000ad8                _end = .
                0x20000ad8                _heap_start = .
                0x20000ad8                . = (. + 0x0)
                0x20000ad8                . = ALIGN (0x8)
                0x20000ad8                _heap_end = .

.stack_check    0x20000ad8        0x0 load address 0x080040d0
                0x20000ad8                . = ALIGN (0x8)
                0x20000ad8                . = (. + 0x0)
                0x00000001                ASSERT (((_heap_end + _stack_size) <= _estack), Linker error: not enough RAM left for the reserved stack)

.cfg_reserved   0x0802e000     0x2000
                0x08030000                . = (. + 0x2000)
 *fill*         0x0802e000     0x2000 

/DISCARD/
 *(.note.GNU-stack)
 *(.comment)
                0x00000001                ASSERT (0x1, Linker: FLASH + CFG must cover full 192 KB)
                0x00000001                ASSERT (0x1, Linker: CFG region must fall within overall memory)
OUTPUT(build/firmware.elf elf32-littlearm)

.ARM.attributes
                0x00000000       0x30
 .ARM.attributes
                0x00000000       0x32 build/startup.o
 .ARM.attributes
                0x00000032       0x32 build/main.o
 .ARM.attributes
                0x00000064       0x32 build/boot/safe_mode.o
 .ARM.attributes
                0x00000096       0x32 build/hal/platform.o
 .ARM.attributes
                0x000000c8       0x32 build/host/host_cfg.o
 .ARM.attributes
                0x000000fa       0x32 build/host/host_cfg_wire.o
 .ARM.attributes
                0x0000012c       0x32 build/host/host_cmd.o
 .ARM.attributes
                0x0000015e       0x32 build/host/host_stats.o
 .ARM.attributes
                0x00000190       0x32 build/host/host_uart.o
 .ARM.attributes
                0x000001c2       0x32 build/radio/sx1276_airtime.o
 .ARM.attributes
                0x000001f4       0x32 build/radio/sx1276_cad.o
 .ARM.attributes
                0x00000226       0x32 build/radio/sx1276_lbt.o
 .ARM.attributes
                0x00000258       0x32 build/radio/sx1276_modes.o
 .ARM.attributes
                0x0000028a       0x32 build/radio/sx1276_rx.o
 .ARM.attributes
                0x000002bc       0x32 build/radio/sx1276_tx.o
 .ARM.attributes
                0x000002ee       0x32 build/radio/sx1276.o
 .ARM.attributes
                0x00000320       0x1e c:/users/dorkm/appdata/local/arduino15/packages/arduino/tools/arm-none-eabi-gcc/7-2017q4/bin/../lib/gcc/arm-none-eabi/7.2.1/thumb/v6-m\libgcc.a(_thumb1_case_shi.o)
 .ARM.attributes
                0x0000033e       0x1e c:/users/dorkm/appdata/local/arduino15/packages/arduino/tools/arm-none-eabi-gcc/7-2017q4/bin/../lib/gcc/arm-none-eabi/7.2.1/thumb/v6-m\libgcc.a(_udivsi3.o)
 .ARM.attributes
                0x0000035c       0x1e c:/users/dorkm/appdata/local/arduino15/packages/arduino/tools/arm-none-eabi-gcc/7-2017q4/bin/../lib/gcc/arm-none-eabi/7.2.1/thumb/v6-m\libgcc.a(_dvmd_tls.o)
 .ARM.attributes
                0x0000037a       0x1e c:/users/dorkm/appdata/local/arduino15/packages/arduino/tools/arm-none-eabi-gcc/7-2017q4/bin/../lib/gcc/arm-none-eabi/7.2.1/thumb/v6-m\libgcc.a(_ashldi3.o)
 .ARM.attributes
                0x00000398       0x1e c:/users/dorkm/appdata/local/arduino15/packages/arduino/tools/arm-none-eabi-gcc/7-2017q4/bin/../lib/gcc/arm-none-eabi/7.2.1/thumb/v6-m\libgcc.a(_aeabi_uldivmod.o)
 .ARM.attributes
                0x000003b6       0x2c c:/users/dorkm/appdata/local/arduino15/packages/arduino/tools/arm-none-eabi-gcc/7-2017q4/bin/../lib/gcc/arm-none-eabi/7.2.1/thumb/v6-m\libgcc.a(_udivmoddi4.o)
 .ARM.attributes
                0x000003e2       0x1e c:/users/dorkm/appdata/local/arduino15/packages/arduino/tools/arm-none-eabi-gcc/7-2017q4/bin/../lib/gcc/arm-none-eabi/7.2.1/thumb/v6-m\libgcc.a(_clzdi2.o)
 .ARM.attributes
                0x00000400       0x1e c:/users/dorkm/appdata/local/arduino15/packages/arduino/tools/arm-none-eabi-gcc/7-2017q4/bin/../lib/gcc/arm-none-eabi/7.2.1/thumb/v6-m\libgcc.a(_clzsi2.o)
 .ARM.attributes
                0x0000041e       0x2c c:/users/dorkm/appdata/local/arduino15/packages/arduino/tools/arm-none-eabi-gcc/7-2017q4/bin/../lib/gcc/arm-none-eabi/7.2.1/../../../../arm-none-eabi/lib/thumb/v6-m\libc_nano.a(lib_a-memcmp.o)
 .ARM.attributes
                0x0000044a       0x2c c:/users/dorkm/appdata/local/arduino15/packages/arduino/tools/arm-none-eabi-gcc/7-2017q4/bin/../lib/gcc/arm-none-eabi/7.2.1/../../../../arm-none-eabi/lib/thumb/v6-m\libc_nano.a(lib_a-memcpy-stub.o)
 .ARM.attributes
                0x00000476       0x2c c:/users/dorkm/appdata/local/arduino15/packages/arduino/tools/arm-none-eabi-gcc/7-2017q4/bin/../lib/gcc/arm-none-eabi/7.2.1/../../../../arm-none-eabi/lib/thumb/v6-m\libc_nano.a(lib_a-memset.o)
 .ARM.attributes
                0x000004a2       0x1c c:/users/dorkm/appdata/local/arduino15/packages/arduino/tools/arm-none-eabi-gcc/7-2017q4/bin/../lib/gcc/arm-none-eabi/7.2.1/../../../../arm-none-eabi/lib/thumb/v6-m\libc_nano.a(lib_a-strlen.o)

.debug_frame    0x00000000       0xd0
 .debug_frame   0x00000000       0x20 c:/users/dorkm/appdata/local/arduino15/packages/arduino/tools/arm-none-eabi-gcc/7-2017q4/bin/../lib/gcc/arm-none-eabi/7.2.1/thumb/v6-m\libgcc.a(_udivsi3.o)
 .debug_frame   0x00000020       0x3c c:/users/dorkm/appdata/local/arduino15/packages/arduino/tools/arm-none-eabi-gcc/7-2017q4/bin/../lib/gcc/arm-none-eabi/7.2.1/thumb/v6-m\libgcc.a(_udivmoddi4.o)
 .debug_frame   0x0000005c       0x2c c:/users/dorkm/appdata/local/arduino15/packages/arduino/tools/arm-none-eabi-gcc/7-2017q4/bin/../lib/gcc/arm-none-eabi/7.2.1/../../../../arm-none-eabi/lib/thumb/v6-m\libc_nano.a(lib_a-memcmp.o)
 .debug_frame   0x00000088       0x28 c:/users/dorkm/appdata/local/arduino15/packages/arduino/tools/arm-none-eabi-gcc/7-2017q4/bin/../lib/gcc/arm-none-eabi/7.2.1/../../../../arm-none-eabi/lib/thumb/v6-m\libc_nano.a(lib_a-memcpy-stub.o)
 .debug_frame   0x000000b0       0x20 c:/users/dorkm/appdata/local/arduino15/packages/arduino/tools/arm-none-eabi-gcc/7-2017q4/bin/../lib/gcc/arm-none-eabi/7.2.1/../../../../arm-none-eabi/lib/thumb/v6-m\libc_nano.a(lib_a-memset.o)
