Archive member included to satisfy reference by file (symbol)

c:/program files (x86)/arm gnu toolchain arm-none-eabi/12.2 mpacbti-rel1/bin/../lib/gcc/arm-none-eabi/12.2.1/thumb/v6-m/nofp\libgcc.a(_thumb1_case_uqi.o)
                              build/host/host_cfg.o (__gnu_thumb1_case_uqi)
c:/program files (x86)/arm gnu toolchain arm-none-eabi/12.2 mpacbti-rel1/bin/../lib/gcc/arm-none-eabi/12.2.1/thumb/v6-m/nofp\libgcc.a(_udivsi3.o)
                              build/boot/safe_mode.o (__aeabi_uidiv)
c:/program files (x86)/arm gnu toolchain arm-none-eabi/12.2 mpacbti-rel1/bin/../lib/gcc/arm-none-eabi/12.2.1/thumb/v6-m/nofp\libgcc.a(_divsi3.o)
                              build/radio/sx1276_rx_scan_walker.o (__aeabi_idivmod)
c:/program files (x86)/arm gnu toolchain arm-none-eabi/12.2 mpacbti-rel1/bin/../lib/gcc/arm-none-eabi/12.2.1/thumb/v6-m/nofp\libgcc.a(_dvmd_tls.o)
                              c:/program files (x86)/arm gnu toolchain arm-none-eabi/12.2 mpacbti-rel1/bin/../lib/gcc/arm-none-eabi/12.2.1/thumb/v6-m/nofp\libgcc.a(_udivsi3.o) (__aeabi_idiv0)
c:/program files (x86)/arm gnu toolchain arm-none-eabi/12.2 mpacbti-rel1/bin/../lib/gcc/arm-none-eabi/12.2.1/thumb/v6-m/nofp\libgcc.a(_lshrdi3.o)
                              build/radio/sx1276_fhss.o (__aeabi_llsr)
c:/program files (x86)/arm gnu toolchain arm-none-eabi/12.2 mpacbti-rel1/bin/../lib/gcc/arm-none-eabi/12.2.1/thumb/v6-m/nofp\libgcc.a(_ashldi3.o)
                              build/radio/sx1276_airtime.o (__aeabi_llsl)
c:/program files (x86)/arm gnu toolchain arm-none-eabi/12.2 mpacbti-rel1/bin/../lib/gcc/arm-none-eabi/12.2.1/thumb/v6-m/nofp\libgcc.a(_aeabi_ldivmod.o)
                              build/radio/sx1276_airtime.o (__aeabi_ldivmod)
c:/program files (x86)/arm gnu toolchain arm-none-eabi/12.2 mpacbti-rel1/bin/../lib/gcc/arm-none-eabi/12.2.1/thumb/v6-m/nofp\libgcc.a(_aeabi_uldivmod.o)
                              build/radio/sx1276_airtime.o (__aeabi_uldivmod)
c:/program files (x86)/arm gnu toolchain arm-none-eabi/12.2 mpacbti-rel1/bin/../lib/gcc/arm-none-eabi/12.2.1/thumb/v6-m/nofp\libgcc.a(_udivmoddi4.o)
                              c:/program files (x86)/arm gnu toolchain arm-none-eabi/12.2 mpacbti-rel1/bin/../lib/gcc/arm-none-eabi/12.2.1/thumb/v6-m/nofp\libgcc.a(_aeabi_uldivmod.o) (__udivmoddi4)
c:/program files (x86)/arm gnu toolchain arm-none-eabi/12.2 mpacbti-rel1/bin/../lib/gcc/arm-none-eabi/12.2.1/thumb/v6-m/nofp\libgcc.a(bpabi.o)
                              c:/program files (x86)/arm gnu toolchain arm-none-eabi/12.2 mpacbti-rel1/bin/../lib/gcc/arm-none-eabi/12.2.1/thumb/v6-m/nofp\libgcc.a(_aeabi_ldivmod.o) (__gnu_ldivmod_helper)
c:/program files (x86)/arm gnu toolchain arm-none-eabi/12.2 mpacbti-rel1/bin/../lib/gcc/arm-none-eabi/12.2.1/thumb/v6-m/nofp\libgcc.a(_clzdi2.o)
                              c:/program files (x86)/arm gnu toolchain arm-none-eabi/12.2 mpacbti-rel1/bin/../lib/gcc/arm-none-eabi/12.2.1/thumb/v6-m/nofp\libgcc.a(_udivmoddi4.o) (__clzdi2)
c:/program files (x86)/arm gnu toolchain arm-none-eabi/12.2 mpacbti-rel1/bin/../lib/gcc/arm-none-eabi/12.2.1/thumb/v6-m/nofp\libgcc.a(_muldi3.o)
                              c:/program files (x86)/arm gnu toolchain arm-none-eabi/12.2 mpacbti-rel1/bin/../lib/gcc/arm-none-eabi/12.2.1/thumb/v6-m/nofp\libgcc.a(bpabi.o) (__aeabi_lmul)
c:/program files (x86)/arm gnu toolchain arm-none-eabi/12.2 mpacbti-rel1/bin/../lib/gcc/arm-none-eabi/12.2.1/thumb/v6-m/nofp\libgcc.a(_divdi3.o)
                              c:/program files (x86)/arm gnu toolchain arm-none-eabi/12.2 mpacbti-rel1/bin/../lib/gcc/arm-none-eabi/12.2.1/thumb/v6-m/nofp\libgcc.a(bpabi.o) (__divdi3)
c:/program files (x86)/arm gnu toolchain arm-none-eabi/12.2 mpacbti-rel1/bin/../lib/gcc/arm-none-eabi/12.2.1/thumb/v6-m/nofp\libgcc.a(_clzsi2.o)
                              c:/program files (x86)/arm gnu toolchain arm-none-eabi/12.2 mpacbti-rel1/bin/../lib/gcc/arm-none-eabi/12.2.1/thumb/v6-m/nofp\libgcc.a(_clzdi2.o) (__clzsi2)
c:/program files (x86)/arm gnu toolchain arm-none-eabi/12.2 mpacbti-rel1/bin/../lib/gcc/arm-none-eabi/12.2.1/thumb/v6-m/nofp\libc_nano.a(libc_a-memcmp.o)
                              build/host/host_cfg.o (memcmp)
c:/program files (x86)/arm gnu toolchain arm-none-eabi/12.2 mpacbti-rel1/bin/../lib/gcc/arm-none-eabi/12.2.1/thumb/v6-m/nofp\libc_nano.a(libc_a-memset.o)
                              build/host/host_cfg.o (memset)
c:/program files (x86)/arm gnu toolchain arm-none-eabi/12.2 mpacbti-rel1/bin/../lib/gcc/arm-none-eabi/12.2.1/thumb/v6-m/nofp\libc_nano.a(libc_a-memcpy-stub.o)
                              build/host/host_cfg.o (memcpy)
c:/program files (x86)/arm gnu toolchain arm-none-eabi/12.2 mpacbti-rel1/bin/../lib/gcc/arm-none-eabi/12.2.1/thumb/v6-m/nofp\libc_nano.a(libc_a-strlen.o)
                              build/host/host_cmd.o (strlen)

Discarded input sections

 .text          0x00000000        0x0 build/startup.o
 .data          0x00000000        0x0 build/startup.o
 .bss           0x00000000        0x0 build/startup.o
 .comment       0x00000000       0x56 build/startup.o
 .text          0x00000000        0x0 build/main.o
 .data          0x00000000        0x0 build/main.o
 .bss           0x00000000        0x0 build/main.o
 .rodata._mm_anchor_ref
                0x00000000        0x4 build/main.o
 .comment       0x00000000       0x56 build/main.o
 .text          0x00000000        0x0 build/boot/safe_mode.o
 .data          0x00000000        0x0 build/boot/safe_mode.o
 .bss           0x00000000        0x0 build/boot/safe_mode.o
 .comment       0x00000000       0x56 build/boot/safe_mode.o
 .text          0x00000000        0x0 build/hal/platform.o
 .data          0x00000000        0x0 build/hal/platform.o
 .bss           0x00000000        0x0 build/hal/platform.o
 .comment       0x00000000       0x56 build/hal/platform.o
 .text          0x00000000        0x0 build/host/host_cfg.o
 .data          0x00000000        0x0 build/host/host_cfg.o
 .bss           0x00000000        0x0 build/host/host_cfg.o
 .text.cfg_is_dirty
                0x00000000        0xc build/host/host_cfg.o
 .comment       0x00000000       0x56 build/host/host_cfg.o
 .text          0x00000000        0x0 build/host/host_rx_wire.o
 .data          0x00000000        0x0 build/host/host_rx_wire.o
 .bss           0x00000000        0x0 build/host/host_rx_wire.o
 .comment       0x00000000       0x56 build/host/host_rx_wire.o
 .text          0x00000000        0x0 build/host/host_reg_gate.o
 .data          0x00000000        0x0 build/host/host_reg_gate.o
 .bss           0x00000000        0x0 build/host/host_reg_gate.o
 .comment       0x00000000       0x56 build/host/host_reg_gate.o
 .text          0x00000000        0x0 build/host/host_cfg_profile.o
 .data          0x00000000        0x0 build/host/host_cfg_profile.o
 .bss           0x00000000        0x0 build/host/host_cfg_profile.o
 .text.host_cfg_profile_cancel_stage
                0x00000000       0x1c build/host/host_cfg_profile.o
 .text.host_cfg_profile_has_stage
                0x00000000        0xc build/host/host_cfg_profile.o
 .comment       0x00000000       0x56 build/host/host_cfg_profile.o
 .text          0x00000000        0x0 build/host/host_cfg_wire.o
 .data          0x00000000        0x0 build/host/host_cfg_wire.o
 .bss           0x00000000        0x0 build/host/host_cfg_wire.o
 .comment       0x00000000       0x56 build/host/host_cfg_wire.o
 .text          0x00000000        0x0 build/host/host_cmd.o
 .data          0x00000000        0x0 build/host/host_cmd.o
 .bss           0x00000000        0x0 build/host/host_cmd.o
 .comment       0x00000000       0x56 build/host/host_cmd.o
 .text          0x00000000        0x0 build/host/host_rfco.o
 .data          0x00000000        0x0 build/host/host_rfco.o
 .bss           0x00000000        0x0 build/host/host_rfco.o
 .text.host_rfco_blocked_attempts_reset
                0x00000000       0x1c build/host/host_rfco.o
 .text.host_rfco_pertx_window_reset
                0x00000000       0x18 build/host/host_rfco.o
 .comment       0x00000000       0x56 build/host/host_rfco.o
 .text          0x00000000        0x0 build/host/host_rfco_summary.o
 .data          0x00000000        0x0 build/host/host_rfco_summary.o
 .bss           0x00000000        0x0 build/host/host_rfco_summary.o
 .comment       0x00000000       0x56 build/host/host_rfco_summary.o
 .text          0x00000000        0x0 build/host/host_rfco_summary_emit.o
 .data          0x00000000        0x0 build/host/host_rfco_summary_emit.o
 .bss           0x00000000        0x0 build/host/host_rfco_summary_emit.o
 .text.host_rfco_summary_should_emit
                0x00000000       0x10 build/host/host_rfco_summary_emit.o
 .text.host_rfco_summary_reset_wrapper_state
                0x00000000       0x28 build/host/host_rfco_summary_emit.o
 .comment       0x00000000       0x56 build/host/host_rfco_summary_emit.o
 .text          0x00000000        0x0 build/host/host_stats.o
 .data          0x00000000        0x0 build/host/host_stats.o
 .bss           0x00000000        0x0 build/host/host_stats.o
 .comment       0x00000000       0x56 build/host/host_stats.o
 .text          0x00000000        0x0 build/host/host_uart.o
 .data          0x00000000        0x0 build/host/host_uart.o
 .bss           0x00000000        0x0 build/host/host_uart.o
 .bss.s_dma_rx_buf
                0x00000000      0x200 build/host/host_uart.o
 .comment       0x00000000       0x56 build/host/host_uart.o
 .text          0x00000000        0x0 build/radio/sx1276_airtime.o
 .data          0x00000000        0x0 build/radio/sx1276_airtime.o
 .bss           0x00000000        0x0 build/radio/sx1276_airtime.o
 .text.sx1276_airtime_get_budget_us
                0x00000000        0xc build/radio/sx1276_airtime.o
 .comment       0x00000000       0x56 build/radio/sx1276_airtime.o
 .text          0x00000000        0x0 build/radio/sx1276_cad.o
 .data          0x00000000        0x0 build/radio/sx1276_cad.o
 .bss           0x00000000        0x0 build/radio/sx1276_cad.o
 .comment       0x00000000       0x56 build/radio/sx1276_cad.o
 .text          0x00000000        0x0 build/radio/lora_pkt_hdr.o
 .data          0x00000000        0x0 build/radio/lora_pkt_hdr.o
 .bss           0x00000000        0x0 build/radio/lora_pkt_hdr.o
 .comment       0x00000000       0x56 build/radio/lora_pkt_hdr.o
 .text          0x00000000        0x0 build/radio/lora_frames_per_dwell.o
 .data          0x00000000        0x0 build/radio/lora_frames_per_dwell.o
 .bss           0x00000000        0x0 build/radio/lora_frames_per_dwell.o
 .text.lora_frames_per_dwell
                0x00000000       0x28 build/radio/lora_frames_per_dwell.o
 .comment       0x00000000       0x56 build/radio/lora_frames_per_dwell.o
 .ARM.attributes
                0x00000000       0x2c build/radio/lora_frames_per_dwell.o
 .text          0x00000000        0x0 build/radio/sx1276_fhss_chantab.o
 .data          0x00000000        0x0 build/radio/sx1276_fhss_chantab.o
 .bss           0x00000000        0x0 build/radio/sx1276_fhss_chantab.o
 .text.sx1276_fhss_chantab_count
                0x00000000        0x4 build/radio/sx1276_fhss_chantab.o
 .comment       0x00000000       0x56 build/radio/sx1276_fhss_chantab.o
 .text          0x00000000        0x0 build/radio/sx1276_fhss.o
 .data          0x00000000        0x0 build/radio/sx1276_fhss.o
 .bss           0x00000000        0x0 build/radio/sx1276_fhss.o
 .text.sx1276_fhss_epoch_advance
                0x00000000       0x24 build/radio/sx1276_fhss.o
 .text.sx1276_fhss_blacklist
                0x00000000       0x8c build/radio/sx1276_fhss.o
 .text.sx1276_fhss_lbt_block_count
                0x00000000       0x18 build/radio/sx1276_fhss.o
 .text.sx1276_fhss_current_seed
                0x00000000        0xc build/radio/sx1276_fhss.o
 .comment       0x00000000       0x56 build/radio/sx1276_fhss.o
 .text          0x00000000        0x0 build/radio/sx1276_fhss_clock.o
 .data          0x00000000        0x0 build/radio/sx1276_fhss_clock.o
 .bss           0x00000000        0x0 build/radio/sx1276_fhss_clock.o
 .comment       0x00000000       0x56 build/radio/sx1276_fhss_clock.o
 .text          0x00000000        0x0 build/radio/sx1276_lbt.o
 .data          0x00000000        0x0 build/radio/sx1276_lbt.o
 .bss           0x00000000        0x0 build/radio/sx1276_lbt.o
 .text.sx1276_lbt_backoff_remaining_ms
                0x00000000       0x20 build/radio/sx1276_lbt.o
 .comment       0x00000000       0x56 build/radio/sx1276_lbt.o
 .text          0x00000000        0x0 build/radio/sx1276_legal_dwell.o
 .data          0x00000000        0x0 build/radio/sx1276_legal_dwell.o
 .bss           0x00000000        0x0 build/radio/sx1276_legal_dwell.o
 .text.sx1276_legal_dwell_reset
                0x00000000       0x14 build/radio/sx1276_legal_dwell.o
 .text.sx1276_legal_dwell_live_event_count
                0x00000000       0x34 build/radio/sx1276_legal_dwell.o
 .comment       0x00000000       0x56 build/radio/sx1276_legal_dwell.o
 .text          0x00000000        0x0 build/radio/sx1276_modes.o
 .data          0x00000000        0x0 build/radio/sx1276_modes.o
 .bss           0x00000000        0x0 build/radio/sx1276_modes.o
 .text.sx1276_modes_to_rx_single
                0x00000000        0xe build/radio/sx1276_modes.o
 .comment       0x00000000       0x56 build/radio/sx1276_modes.o
 .text          0x00000000        0x0 build/radio/sx1276_rx.o
 .data          0x00000000        0x0 build/radio/sx1276_rx.o
 .bss           0x00000000        0x0 build/radio/sx1276_rx.o
 .comment       0x00000000       0x56 build/radio/sx1276_rx.o
 .text          0x00000000        0x0 build/radio/sx1276_rx_counters.o
 .data          0x00000000        0x0 build/radio/sx1276_rx_counters.o
 .bss           0x00000000        0x0 build/radio/sx1276_rx_counters.o
 .text.sx1276_rx_consider_remote_counts
                0x00000000       0x18 build/radio/sx1276_rx_counters.o
 .text.sx1276_rx_consider_remote_counts_reset
                0x00000000       0x18 build/radio/sx1276_rx_counters.o
 .comment       0x00000000       0x56 build/radio/sx1276_rx_counters.o
 .text          0x00000000        0x0 build/radio/sx1276_rx_retune_policy.o
 .data          0x00000000        0x0 build/radio/sx1276_rx_retune_policy.o
 .bss           0x00000000        0x0 build/radio/sx1276_rx_retune_policy.o
 .comment       0x00000000       0x56 build/radio/sx1276_rx_retune_policy.o
 .text          0x00000000        0x0 build/radio/sx1276_rx_retune_counters.o
 .data          0x00000000        0x0 build/radio/sx1276_rx_retune_counters.o
 .bss           0x00000000        0x0 build/radio/sx1276_rx_retune_counters.o
 .text.sx1276_rx_retune_counts
                0x00000000       0x18 build/radio/sx1276_rx_retune_counters.o
 .text.sx1276_rx_retune_counts_reset
                0x00000000       0x14 build/radio/sx1276_rx_retune_counters.o
 .comment       0x00000000       0x56 build/radio/sx1276_rx_retune_counters.o
 .text          0x00000000        0x0 build/radio/sx1276_rx_scan_policy.o
 .data          0x00000000        0x0 build/radio/sx1276_rx_scan_policy.o
 .bss           0x00000000        0x0 build/radio/sx1276_rx_scan_policy.o
 .comment       0x00000000       0x56 build/radio/sx1276_rx_scan_policy.o
 .text          0x00000000        0x0 build/radio/sx1276_rx_scan_counters.o
 .data          0x00000000        0x0 build/radio/sx1276_rx_scan_counters.o
 .bss           0x00000000        0x0 build/radio/sx1276_rx_scan_counters.o
 .text.sx1276_rx_scan_state_counts
                0x00000000       0x1c build/radio/sx1276_rx_scan_counters.o
 .text.sx1276_rx_scan_action_counts
                0x00000000       0x18 build/radio/sx1276_rx_scan_counters.o
 .text.sx1276_rx_scan_counts_reset
                0x00000000       0x24 build/radio/sx1276_rx_scan_counters.o
 .comment       0x00000000       0x56 build/radio/sx1276_rx_scan_counters.o
 .text          0x00000000        0x0 build/radio/sx1276_rx_scan_fail.o
 .data          0x00000000        0x0 build/radio/sx1276_rx_scan_fail.o
 .bss           0x00000000        0x0 build/radio/sx1276_rx_scan_fail.o
 .comment       0x00000000       0x56 build/radio/sx1276_rx_scan_fail.o
 .text          0x00000000        0x0 build/radio/sx1276_rx_scan_walker.o
 .data          0x00000000        0x0 build/radio/sx1276_rx_scan_walker.o
 .bss           0x00000000        0x0 build/radio/sx1276_rx_scan_walker.o
 .text.sx1276_rx_scan_walker_peek_next
                0x00000000        0xc build/radio/sx1276_rx_scan_walker.o
 .comment       0x00000000       0x56 build/radio/sx1276_rx_scan_walker.o
 .text          0x00000000        0x0 build/radio/sx1276_tx.o
 .data          0x00000000        0x0 build/radio/sx1276_tx.o
 .bss           0x00000000        0x0 build/radio/sx1276_tx.o
 .comment       0x00000000       0x56 build/radio/sx1276_tx.o
 .text          0x00000000        0x0 build/radio/sx1276.o
 .data          0x00000000        0x0 build/radio/sx1276.o
 .bss           0x00000000        0x0 build/radio/sx1276.o
 .text.sx1276_apply_profile_full
                0x00000000       0x26 build/radio/sx1276.o
 .text.sx1276_reg_dump
                0x00000000       0x20 build/radio/sx1276.o
 .comment       0x00000000       0x56 build/radio/sx1276.o
 .text          0x00000000        0x0 build/include/static_asserts.o
 .data          0x00000000        0x0 build/include/static_asserts.o
 .bss           0x00000000        0x0 build/include/static_asserts.o
 .comment       0x00000000       0x56 build/include/static_asserts.o
 .ARM.attributes
                0x00000000       0x2c build/include/static_asserts.o
 .data          0x00000000        0x0 c:/program files (x86)/arm gnu toolchain arm-none-eabi/12.2 mpacbti-rel1/bin/../lib/gcc/arm-none-eabi/12.2.1/thumb/v6-m/nofp\libgcc.a(_thumb1_case_uqi.o)
 .bss           0x00000000        0x0 c:/program files (x86)/arm gnu toolchain arm-none-eabi/12.2 mpacbti-rel1/bin/../lib/gcc/arm-none-eabi/12.2.1/thumb/v6-m/nofp\libgcc.a(_thumb1_case_uqi.o)
 .data          0x00000000        0x0 c:/program files (x86)/arm gnu toolchain arm-none-eabi/12.2 mpacbti-rel1/bin/../lib/gcc/arm-none-eabi/12.2.1/thumb/v6-m/nofp\libgcc.a(_udivsi3.o)
 .bss           0x00000000        0x0 c:/program files (x86)/arm gnu toolchain arm-none-eabi/12.2 mpacbti-rel1/bin/../lib/gcc/arm-none-eabi/12.2.1/thumb/v6-m/nofp\libgcc.a(_udivsi3.o)
 .text          0x00000000      0x1d4 c:/program files (x86)/arm gnu toolchain arm-none-eabi/12.2 mpacbti-rel1/bin/../lib/gcc/arm-none-eabi/12.2.1/thumb/v6-m/nofp\libgcc.a(_divsi3.o)
 .data          0x00000000        0x0 c:/program files (x86)/arm gnu toolchain arm-none-eabi/12.2 mpacbti-rel1/bin/../lib/gcc/arm-none-eabi/12.2.1/thumb/v6-m/nofp\libgcc.a(_divsi3.o)
 .bss           0x00000000        0x0 c:/program files (x86)/arm gnu toolchain arm-none-eabi/12.2 mpacbti-rel1/bin/../lib/gcc/arm-none-eabi/12.2.1/thumb/v6-m/nofp\libgcc.a(_divsi3.o)
 .debug_frame   0x00000000       0x20 c:/program files (x86)/arm gnu toolchain arm-none-eabi/12.2 mpacbti-rel1/bin/../lib/gcc/arm-none-eabi/12.2.1/thumb/v6-m/nofp\libgcc.a(_divsi3.o)
 .debug_line_str
                0x00000000       0xd9 c:/program files (x86)/arm gnu toolchain arm-none-eabi/12.2 mpacbti-rel1/bin/../lib/gcc/arm-none-eabi/12.2.1/thumb/v6-m/nofp\libgcc.a(_divsi3.o)
 .ARM.attributes
                0x00000000       0x1e c:/program files (x86)/arm gnu toolchain arm-none-eabi/12.2 mpacbti-rel1/bin/../lib/gcc/arm-none-eabi/12.2.1/thumb/v6-m/nofp\libgcc.a(_divsi3.o)
 .data          0x00000000        0x0 c:/program files (x86)/arm gnu toolchain arm-none-eabi/12.2 mpacbti-rel1/bin/../lib/gcc/arm-none-eabi/12.2.1/thumb/v6-m/nofp\libgcc.a(_dvmd_tls.o)
 .bss           0x00000000        0x0 c:/program files (x86)/arm gnu toolchain arm-none-eabi/12.2 mpacbti-rel1/bin/../lib/gcc/arm-none-eabi/12.2.1/thumb/v6-m/nofp\libgcc.a(_dvmd_tls.o)
 .data          0x00000000        0x0 c:/program files (x86)/arm gnu toolchain arm-none-eabi/12.2 mpacbti-rel1/bin/../lib/gcc/arm-none-eabi/12.2.1/thumb/v6-m/nofp\libgcc.a(_lshrdi3.o)
 .bss           0x00000000        0x0 c:/program files (x86)/arm gnu toolchain arm-none-eabi/12.2 mpacbti-rel1/bin/../lib/gcc/arm-none-eabi/12.2.1/thumb/v6-m/nofp\libgcc.a(_lshrdi3.o)
 .data          0x00000000        0x0 c:/program files (x86)/arm gnu toolchain arm-none-eabi/12.2 mpacbti-rel1/bin/../lib/gcc/arm-none-eabi/12.2.1/thumb/v6-m/nofp\libgcc.a(_ashldi3.o)
 .bss           0x00000000        0x0 c:/program files (x86)/arm gnu toolchain arm-none-eabi/12.2 mpacbti-rel1/bin/../lib/gcc/arm-none-eabi/12.2.1/thumb/v6-m/nofp\libgcc.a(_ashldi3.o)
 .text          0x00000000       0x48 c:/program files (x86)/arm gnu toolchain arm-none-eabi/12.2 mpacbti-rel1/bin/../lib/gcc/arm-none-eabi/12.2.1/thumb/v6-m/nofp\libgcc.a(_aeabi_ldivmod.o)
 .data          0x00000000        0x0 c:/program files (x86)/arm gnu toolchain arm-none-eabi/12.2 mpacbti-rel1/bin/../lib/gcc/arm-none-eabi/12.2.1/thumb/v6-m/nofp\libgcc.a(_aeabi_ldivmod.o)
 .bss           0x00000000        0x0 c:/program files (x86)/arm gnu toolchain arm-none-eabi/12.2 mpacbti-rel1/bin/../lib/gcc/arm-none-eabi/12.2.1/thumb/v6-m/nofp\libgcc.a(_aeabi_ldivmod.o)
 .debug_line_str
                0x00000000       0xd9 c:/program files (x86)/arm gnu toolchain arm-none-eabi/12.2 mpacbti-rel1/bin/../lib/gcc/arm-none-eabi/12.2.1/thumb/v6-m/nofp\libgcc.a(_aeabi_ldivmod.o)
 .ARM.attributes
                0x00000000       0x1e c:/program files (x86)/arm gnu toolchain arm-none-eabi/12.2 mpacbti-rel1/bin/../lib/gcc/arm-none-eabi/12.2.1/thumb/v6-m/nofp\libgcc.a(_aeabi_ldivmod.o)
 .data          0x00000000        0x0 c:/program files (x86)/arm gnu toolchain arm-none-eabi/12.2 mpacbti-rel1/bin/../lib/gcc/arm-none-eabi/12.2.1/thumb/v6-m/nofp\libgcc.a(_aeabi_uldivmod.o)
 .bss           0x00000000        0x0 c:/program files (x86)/arm gnu toolchain arm-none-eabi/12.2 mpacbti-rel1/bin/../lib/gcc/arm-none-eabi/12.2.1/thumb/v6-m/nofp\libgcc.a(_aeabi_uldivmod.o)
 .text          0x00000000        0x0 c:/program files (x86)/arm gnu toolchain arm-none-eabi/12.2 mpacbti-rel1/bin/../lib/gcc/arm-none-eabi/12.2.1/thumb/v6-m/nofp\libgcc.a(_udivmoddi4.o)
 .data          0x00000000        0x0 c:/program files (x86)/arm gnu toolchain arm-none-eabi/12.2 mpacbti-rel1/bin/../lib/gcc/arm-none-eabi/12.2.1/thumb/v6-m/nofp\libgcc.a(_udivmoddi4.o)
 .bss           0x00000000        0x0 c:/program files (x86)/arm gnu toolchain arm-none-eabi/12.2 mpacbti-rel1/bin/../lib/gcc/arm-none-eabi/12.2.1/thumb/v6-m/nofp\libgcc.a(_udivmoddi4.o)
 .ARM.extab.text.__udivmoddi4
                0x00000000        0x0 c:/program files (x86)/arm gnu toolchain arm-none-eabi/12.2 mpacbti-rel1/bin/../lib/gcc/arm-none-eabi/12.2.1/thumb/v6-m/nofp\libgcc.a(_udivmoddi4.o)
 .text          0x00000000        0x0 c:/program files (x86)/arm gnu toolchain arm-none-eabi/12.2 mpacbti-rel1/bin/../lib/gcc/arm-none-eabi/12.2.1/thumb/v6-m/nofp\libgcc.a(bpabi.o)
 .data          0x00000000        0x0 c:/program files (x86)/arm gnu toolchain arm-none-eabi/12.2 mpacbti-rel1/bin/../lib/gcc/arm-none-eabi/12.2.1/thumb/v6-m/nofp\libgcc.a(bpabi.o)
 .bss           0x00000000        0x0 c:/program files (x86)/arm gnu toolchain arm-none-eabi/12.2 mpacbti-rel1/bin/../lib/gcc/arm-none-eabi/12.2.1/thumb/v6-m/nofp\libgcc.a(bpabi.o)
 .text.__gnu_ldivmod_helper
                0x00000000       0x3c c:/program files (x86)/arm gnu toolchain arm-none-eabi/12.2 mpacbti-rel1/bin/../lib/gcc/arm-none-eabi/12.2.1/thumb/v6-m/nofp\libgcc.a(bpabi.o)
 .debug_frame   0x00000000       0x38 c:/program files (x86)/arm gnu toolchain arm-none-eabi/12.2 mpacbti-rel1/bin/../lib/gcc/arm-none-eabi/12.2.1/thumb/v6-m/nofp\libgcc.a(bpabi.o)
 .ARM.attributes
                0x00000000       0x2c c:/program files (x86)/arm gnu toolchain arm-none-eabi/12.2 mpacbti-rel1/bin/../lib/gcc/arm-none-eabi/12.2.1/thumb/v6-m/nofp\libgcc.a(bpabi.o)
 .data          0x00000000        0x0 c:/program files (x86)/arm gnu toolchain arm-none-eabi/12.2 mpacbti-rel1/bin/../lib/gcc/arm-none-eabi/12.2.1/thumb/v6-m/nofp\libgcc.a(_clzdi2.o)
 .bss           0x00000000        0x0 c:/program files (x86)/arm gnu toolchain arm-none-eabi/12.2 mpacbti-rel1/bin/../lib/gcc/arm-none-eabi/12.2.1/thumb/v6-m/nofp\libgcc.a(_clzdi2.o)
 .text          0x00000000        0x0 c:/program files (x86)/arm gnu toolchain arm-none-eabi/12.2 mpacbti-rel1/bin/../lib/gcc/arm-none-eabi/12.2.1/thumb/v6-m/nofp\libgcc.a(_muldi3.o)
 .data          0x00000000        0x0 c:/program files (x86)/arm gnu toolchain arm-none-eabi/12.2 mpacbti-rel1/bin/../lib/gcc/arm-none-eabi/12.2.1/thumb/v6-m/nofp\libgcc.a(_muldi3.o)
 .bss           0x00000000        0x0 c:/program files (x86)/arm gnu toolchain arm-none-eabi/12.2 mpacbti-rel1/bin/../lib/gcc/arm-none-eabi/12.2.1/thumb/v6-m/nofp\libgcc.a(_muldi3.o)
 .text.__muldi3
                0x00000000       0x5c c:/program files (x86)/arm gnu toolchain arm-none-eabi/12.2 mpacbti-rel1/bin/../lib/gcc/arm-none-eabi/12.2.1/thumb/v6-m/nofp\libgcc.a(_muldi3.o)
 .debug_frame   0x00000000       0x34 c:/program files (x86)/arm gnu toolchain arm-none-eabi/12.2 mpacbti-rel1/bin/../lib/gcc/arm-none-eabi/12.2.1/thumb/v6-m/nofp\libgcc.a(_muldi3.o)
 .ARM.attributes
                0x00000000       0x2c c:/program files (x86)/arm gnu toolchain arm-none-eabi/12.2 mpacbti-rel1/bin/../lib/gcc/arm-none-eabi/12.2.1/thumb/v6-m/nofp\libgcc.a(_muldi3.o)
 .text          0x00000000        0x0 c:/program files (x86)/arm gnu toolchain arm-none-eabi/12.2 mpacbti-rel1/bin/../lib/gcc/arm-none-eabi/12.2.1/thumb/v6-m/nofp\libgcc.a(_divdi3.o)
 .data          0x00000000        0x0 c:/program files (x86)/arm gnu toolchain arm-none-eabi/12.2 mpacbti-rel1/bin/../lib/gcc/arm-none-eabi/12.2.1/thumb/v6-m/nofp\libgcc.a(_divdi3.o)
 .bss           0x00000000        0x0 c:/program files (x86)/arm gnu toolchain arm-none-eabi/12.2 mpacbti-rel1/bin/../lib/gcc/arm-none-eabi/12.2.1/thumb/v6-m/nofp\libgcc.a(_divdi3.o)
 .text.__divdi3
                0x00000000      0x1e4 c:/program files (x86)/arm gnu toolchain arm-none-eabi/12.2 mpacbti-rel1/bin/../lib/gcc/arm-none-eabi/12.2.1/thumb/v6-m/nofp\libgcc.a(_divdi3.o)
 .ARM.extab.text.__divdi3
                0x00000000        0x0 c:/program files (x86)/arm gnu toolchain arm-none-eabi/12.2 mpacbti-rel1/bin/../lib/gcc/arm-none-eabi/12.2.1/thumb/v6-m/nofp\libgcc.a(_divdi3.o)
 .ARM.exidx.text.__divdi3
                0x00000000        0x8 c:/program files (x86)/arm gnu toolchain arm-none-eabi/12.2 mpacbti-rel1/bin/../lib/gcc/arm-none-eabi/12.2.1/thumb/v6-m/nofp\libgcc.a(_divdi3.o)
 .debug_frame   0x00000000       0x3c c:/program files (x86)/arm gnu toolchain arm-none-eabi/12.2 mpacbti-rel1/bin/../lib/gcc/arm-none-eabi/12.2.1/thumb/v6-m/nofp\libgcc.a(_divdi3.o)
 .ARM.attributes
                0x00000000       0x2c c:/program files (x86)/arm gnu toolchain arm-none-eabi/12.2 mpacbti-rel1/bin/../lib/gcc/arm-none-eabi/12.2.1/thumb/v6-m/nofp\libgcc.a(_divdi3.o)
 .data          0x00000000        0x0 c:/program files (x86)/arm gnu toolchain arm-none-eabi/12.2 mpacbti-rel1/bin/../lib/gcc/arm-none-eabi/12.2.1/thumb/v6-m/nofp\libgcc.a(_clzsi2.o)
 .bss           0x00000000        0x0 c:/program files (x86)/arm gnu toolchain arm-none-eabi/12.2 mpacbti-rel1/bin/../lib/gcc/arm-none-eabi/12.2.1/thumb/v6-m/nofp\libgcc.a(_clzsi2.o)
 .text          0x00000000        0x0 c:/program files (x86)/arm gnu toolchain arm-none-eabi/12.2 mpacbti-rel1/bin/../lib/gcc/arm-none-eabi/12.2.1/thumb/v6-m/nofp\libc_nano.a(libc_a-memcmp.o)
 .data          0x00000000        0x0 c:/program files (x86)/arm gnu toolchain arm-none-eabi/12.2 mpacbti-rel1/bin/../lib/gcc/arm-none-eabi/12.2.1/thumb/v6-m/nofp\libc_nano.a(libc_a-memcmp.o)
 .bss           0x00000000        0x0 c:/program files (x86)/arm gnu toolchain arm-none-eabi/12.2 mpacbti-rel1/bin/../lib/gcc/arm-none-eabi/12.2.1/thumb/v6-m/nofp\libc_nano.a(libc_a-memcmp.o)
 .text          0x00000000        0x0 c:/program files (x86)/arm gnu toolchain arm-none-eabi/12.2 mpacbti-rel1/bin/../lib/gcc/arm-none-eabi/12.2.1/thumb/v6-m/nofp\libc_nano.a(libc_a-memset.o)
 .data          0x00000000        0x0 c:/program files (x86)/arm gnu toolchain arm-none-eabi/12.2 mpacbti-rel1/bin/../lib/gcc/arm-none-eabi/12.2.1/thumb/v6-m/nofp\libc_nano.a(libc_a-memset.o)
 .bss           0x00000000        0x0 c:/program files (x86)/arm gnu toolchain arm-none-eabi/12.2 mpacbti-rel1/bin/../lib/gcc/arm-none-eabi/12.2.1/thumb/v6-m/nofp\libc_nano.a(libc_a-memset.o)
 .text          0x00000000        0x0 c:/program files (x86)/arm gnu toolchain arm-none-eabi/12.2 mpacbti-rel1/bin/../lib/gcc/arm-none-eabi/12.2.1/thumb/v6-m/nofp\libc_nano.a(libc_a-memcpy-stub.o)
 .data          0x00000000        0x0 c:/program files (x86)/arm gnu toolchain arm-none-eabi/12.2 mpacbti-rel1/bin/../lib/gcc/arm-none-eabi/12.2.1/thumb/v6-m/nofp\libc_nano.a(libc_a-memcpy-stub.o)
 .bss           0x00000000        0x0 c:/program files (x86)/arm gnu toolchain arm-none-eabi/12.2 mpacbti-rel1/bin/../lib/gcc/arm-none-eabi/12.2.1/thumb/v6-m/nofp\libc_nano.a(libc_a-memcpy-stub.o)
 .data          0x00000000        0x0 c:/program files (x86)/arm gnu toolchain arm-none-eabi/12.2 mpacbti-rel1/bin/../lib/gcc/arm-none-eabi/12.2.1/thumb/v6-m/nofp\libc_nano.a(libc_a-strlen.o)
 .bss           0x00000000        0x0 c:/program files (x86)/arm gnu toolchain arm-none-eabi/12.2 mpacbti-rel1/bin/../lib/gcc/arm-none-eabi/12.2.1/thumb/v6-m/nofp\libc_nano.a(libc_a-strlen.o)

Memory Configuration

Name             Origin             Length             Attributes
FLASH            0x08000000         0x00030000         xr
CFG              0x0802e000         0x00002000         r
RAM              0x20000000         0x00005000         xrw
*default*        0x00000000         0xffffffff

Linker script and memory map

LOAD build/startup.o
LOAD build/main.o
LOAD build/boot/safe_mode.o
LOAD build/hal/platform.o
LOAD build/host/host_cfg.o
LOAD build/host/host_rx_wire.o
LOAD build/host/host_reg_gate.o
LOAD build/host/host_cfg_profile.o
LOAD build/host/host_cfg_wire.o
LOAD build/host/host_cmd.o
LOAD build/host/host_rfco.o
LOAD build/host/host_rfco_summary.o
LOAD build/host/host_rfco_summary_emit.o
LOAD build/host/host_stats.o
LOAD build/host/host_uart.o
LOAD build/radio/sx1276_airtime.o
LOAD build/radio/sx1276_cad.o
LOAD build/radio/lora_pkt_hdr.o
LOAD build/radio/lora_frames_per_dwell.o
LOAD build/radio/sx1276_fhss_chantab.o
LOAD build/radio/sx1276_fhss.o
LOAD build/radio/sx1276_fhss_clock.o
LOAD build/radio/sx1276_lbt.o
LOAD build/radio/sx1276_legal_dwell.o
LOAD build/radio/sx1276_modes.o
LOAD build/radio/sx1276_rx.o
LOAD build/radio/sx1276_rx_counters.o
LOAD build/radio/sx1276_rx_retune_policy.o
LOAD build/radio/sx1276_rx_retune_counters.o
LOAD build/radio/sx1276_rx_scan_policy.o
LOAD build/radio/sx1276_rx_scan_counters.o
LOAD build/radio/sx1276_rx_scan_fail.o
LOAD build/radio/sx1276_rx_scan_walker.o
LOAD build/radio/sx1276_tx.o
LOAD build/radio/sx1276.o
LOAD build/include/static_asserts.o
START GROUP
LOAD c:/program files (x86)/arm gnu toolchain arm-none-eabi/12.2 mpacbti-rel1/bin/../lib/gcc/arm-none-eabi/12.2.1/thumb/v6-m/nofp\libgcc.a
LOAD c:/program files (x86)/arm gnu toolchain arm-none-eabi/12.2 mpacbti-rel1/bin/../lib/gcc/arm-none-eabi/12.2.1/thumb/v6-m/nofp\libc_nano.a
END GROUP
START GROUP
LOAD c:/program files (x86)/arm gnu toolchain arm-none-eabi/12.2 mpacbti-rel1/bin/../lib/gcc/arm-none-eabi/12.2.1/thumb/v6-m/nofp\libgcc.a
LOAD c:/program files (x86)/arm gnu toolchain arm-none-eabi/12.2 mpacbti-rel1/bin/../lib/gcc/arm-none-eabi/12.2.1/thumb/v6-m/nofp\libc_nano.a
LOAD c:/program files (x86)/arm gnu toolchain arm-none-eabi/12.2 mpacbti-rel1/bin/../lib/gcc/arm-none-eabi/12.2.1/thumb/v6-m/nofp\libnosys.a
END GROUP
START GROUP
LOAD c:/program files (x86)/arm gnu toolchain arm-none-eabi/12.2 mpacbti-rel1/bin/../lib/gcc/arm-none-eabi/12.2.1/thumb/v6-m/nofp\libgcc.a
LOAD c:/program files (x86)/arm gnu toolchain arm-none-eabi/12.2 mpacbti-rel1/bin/../lib/gcc/arm-none-eabi/12.2.1/thumb/v6-m/nofp\libc_nano.a
LOAD c:/program files (x86)/arm gnu toolchain arm-none-eabi/12.2 mpacbti-rel1/bin/../lib/gcc/arm-none-eabi/12.2.1/thumb/v6-m/nofp\libnosys.a
END GROUP
                0x20005000                        _estack = 0x20005000
                0x00000a00                        _stack_size = 0xa00
                0x20004600                        _stack_bottom = 0x20004600
                0x08000000                        _app_start = 0x8000000
                0x08030000                        _app_end = 0x8030000
                0x0802e000                        _cfg_start = 0x802e000
                0x08030000                        _cfg_end = 0x8030000

.isr_vector     0x08000000       0xc4
                0x08000000                        . = ALIGN (0x4)
 *(.isr_vector)
 .isr_vector    0x08000000       0xc4 build/startup.o
                0x08000000                g_pfnVectors
                0x080000c4                        . = ALIGN (0x4)

.boot_rodata    0x080000c4       0x14
 .boot_rodata   0x080000c4       0x14 build/boot/safe_mode.o

.text           0x080000d8     0x56fc
                0x080000d8                        . = ALIGN (0x4)
 *(.text)
 .text          0x080000d8       0x14 c:/program files (x86)/arm gnu toolchain arm-none-eabi/12.2 mpacbti-rel1/bin/../lib/gcc/arm-none-eabi/12.2.1/thumb/v6-m/nofp\libgcc.a(_thumb1_case_uqi.o)
                0x080000d8                __gnu_thumb1_case_uqi
 .text          0x080000ec      0x114 c:/program files (x86)/arm gnu toolchain arm-none-eabi/12.2 mpacbti-rel1/bin/../lib/gcc/arm-none-eabi/12.2.1/thumb/v6-m/nofp\libgcc.a(_udivsi3.o)
                0x080000ec                __aeabi_uidiv
                0x080000ec                __udivsi3
                0x080001f8                __aeabi_uidivmod
 .text          0x08000200        0x4 c:/program files (x86)/arm gnu toolchain arm-none-eabi/12.2 mpacbti-rel1/bin/../lib/gcc/arm-none-eabi/12.2.1/thumb/v6-m/nofp\libgcc.a(_dvmd_tls.o)
                0x08000200                __aeabi_idiv0
                0x08000200                __aeabi_ldiv0
 .text          0x08000204       0x18 c:/program files (x86)/arm gnu toolchain arm-none-eabi/12.2 mpacbti-rel1/bin/../lib/gcc/arm-none-eabi/12.2.1/thumb/v6-m/nofp\libgcc.a(_lshrdi3.o)
                0x08000204                __lshrdi3
                0x08000204                __aeabi_llsr
 .text          0x0800021c       0x18 c:/program files (x86)/arm gnu toolchain arm-none-eabi/12.2 mpacbti-rel1/bin/../lib/gcc/arm-none-eabi/12.2.1/thumb/v6-m/nofp\libgcc.a(_ashldi3.o)
                0x0800021c                __aeabi_llsl
                0x0800021c                __ashldi3
 .text          0x08000234       0x40 c:/program files (x86)/arm gnu toolchain arm-none-eabi/12.2 mpacbti-rel1/bin/../lib/gcc/arm-none-eabi/12.2.1/thumb/v6-m/nofp\libgcc.a(_aeabi_uldivmod.o)
                0x08000234                __aeabi_uldivmod
 .text          0x08000274       0x18 c:/program files (x86)/arm gnu toolchain arm-none-eabi/12.2 mpacbti-rel1/bin/../lib/gcc/arm-none-eabi/12.2.1/thumb/v6-m/nofp\libgcc.a(_clzdi2.o)
                0x08000274                __clzdi2
 .text          0x0800028c       0x3c c:/program files (x86)/arm gnu toolchain arm-none-eabi/12.2 mpacbti-rel1/bin/../lib/gcc/arm-none-eabi/12.2.1/thumb/v6-m/nofp\libgcc.a(_clzsi2.o)
                0x0800028c                __clzsi2
 .text          0x080002c8        0xe c:/program files (x86)/arm gnu toolchain arm-none-eabi/12.2 mpacbti-rel1/bin/../lib/gcc/arm-none-eabi/12.2.1/thumb/v6-m/nofp\libc_nano.a(libc_a-strlen.o)
                0x080002c8                strlen
 *(.text.*)
 *fill*         0x080002d6        0x2 
 .text.boot_diag_uart_init_19200
                0x080002d8       0x8c build/startup.o
 .text.boot_diag_uart_puts
                0x08000364       0x24 build/startup.o
 .text.HardFault_Handler
                0x08000388       0x14 build/startup.o
                0x08000388                HardFault_Handler
 .text.Default_Handler
                0x0800039c        0x4 build/startup.o
                0x0800039c                TSC_IRQHandler
                0x0800039c                ADC1_COMP_IRQHandler
                0x0800039c                PVD_IRQHandler
                0x0800039c                PendSV_Handler
                0x0800039c                I2C1_IRQHandler
                0x0800039c                SPI1_IRQHandler
                0x0800039c                TIM6_DAC_IRQHandler
                0x0800039c                EXTI2_3_IRQHandler
                0x0800039c                I2C2_IRQHandler
                0x0800039c                RTC_IRQHandler
                0x0800039c                LCD_IRQHandler
                0x0800039c                DMA1_Channel4_5_6_7_IRQHandler
                0x0800039c                TIM3_IRQHandler
                0x0800039c                RCC_IRQHandler
                0x0800039c                DMA1_Channel1_IRQHandler
                0x0800039c                USART4_5_IRQHandler
                0x0800039c                Default_Handler
                0x0800039c                TIM22_IRQHandler
                0x0800039c                TIM7_IRQHandler
                0x0800039c                USB_IRQHandler
                0x0800039c                I2C3_IRQHandler
                0x0800039c                SPI2_IRQHandler
                0x0800039c                SVC_Handler
                0x0800039c                CRS_IRQHandler
                0x0800039c                TIM21_IRQHandler
                0x0800039c                WWDG_IRQHandler
                0x0800039c                TIM2_IRQHandler
                0x0800039c                DMA1_Channel2_3_IRQHandler
                0x0800039c                USART2_IRQHandler
                0x0800039c                FLASH_IRQHandler
                0x0800039c                LPTIM1_IRQHandler
 .text.NMI_Handler
                0x080003a0       0x28 build/startup.o
                0x080003a0                NMI_Handler
 .text.HardFault_Handler_C
                0x080003c8       0x38 build/startup.o
                0x080003c8                HardFault_Handler_C
 .text.SystemInit
                0x08000400        0x2 build/startup.o
                0x08000400                SystemInit
 *fill*         0x08000402        0x2 
 .text.Reset_Handler
                0x08000404       0xa0 build/startup.o
                0x08000404                Reset_Handler
 .text.startup.main
                0x080004a4      0x1a4 build/main.o
                0x080004a4                main
 .text.platform_core_hz
                0x08000648        0xc build/hal/platform.o
                0x08000648                platform_core_hz
 .text.platform_reset_cause_capture_early
                0x08000654       0x5c build/hal/platform.o
                0x08000654                platform_reset_cause_capture_early
 .text.platform_reset_cause_take
                0x080006b0       0x1c build/hal/platform.o
                0x080006b0                platform_reset_cause_take
 .text.platform_clock_init_hsi16
                0x080006cc      0x100 build/hal/platform.o
                0x080006cc                platform_clock_init_hsi16
 .text.platform_clock_source_id
                0x080007cc        0xc build/hal/platform.o
                0x080007cc                platform_clock_source_id
 .text.platform_systick_init_1ms
                0x080007d8       0x34 build/hal/platform.o
                0x080007d8                platform_systick_init_1ms
 .text.platform_now_ms
                0x0800080c        0xc build/hal/platform.o
                0x0800080c                platform_now_ms
 .text.platform_now_us
                0x08000818       0x48 build/hal/platform.o
                0x08000818                platform_now_us
 .text.platform_delay_ms
                0x08000860       0x14 build/hal/platform.o
                0x08000860                platform_delay_ms
 .text.platform_diag_trace
                0x08000874       0x40 build/hal/platform.o
                0x08000874                platform_diag_trace
 .text.platform_irq_enable
                0x080008b4       0x3c build/hal/platform.o
                0x080008b4                platform_irq_enable
 .text.platform_system_reset
                0x080008f0       0x10 build/hal/platform.o
                0x080008f0                platform_system_reset
 .text.platform_fault_record
                0x08000900       0x28 build/hal/platform.o
                0x08000900                platform_fault_record
 .text.platform_fault_take_replay
                0x08000928       0x3c build/hal/platform.o
                0x08000928                platform_fault_take_replay
 .text.SysTick_Handler
                0x08000964       0x10 build/hal/platform.o
                0x08000964                SysTick_Handler
 .text.cfg_apply_unsupported
                0x08000974        0x4 build/host/host_cfg.o
 .text.read_u64_le
                0x08000978       0x2c build/host/host_cfg.o
 .text.cfg_find_index
                0x080009a4       0x20 build/host/host_cfg.o
 .text.cfg_apply_tx_power_dbm
                0x080009c4       0x14 build/host/host_cfg.o
 .text.cfg_active_erp_max_dbm
                0x080009d8       0x1c build/host/host_cfg.o
 .text.cfg_init
                0x080009f4       0x80 build/host/host_cfg.o
                0x080009f4                cfg_init
 .text.cfg_set  0x08000a74      0x2d0 build/host/host_cfg.o
                0x08000a74                cfg_set
 .text.cfg_get  0x08000d44       0x60 build/host/host_cfg.o
                0x08000d44                cfg_get
 .text.host_rx_frame_urc_pack
                0x08000da4       0x98 build/host/host_rx_wire.o
                0x08000da4                host_rx_frame_urc_pack
 .text.host_reg_write_allowed
                0x08000e3c       0x58 build/host/host_reg_gate.o
                0x08000e3c                host_reg_write_allowed
 .text.host_cfg_profile_tier_ceiling_dBm
                0x08000e94       0x14 build/host/host_cfg_profile.o
                0x08000e94                host_cfg_profile_tier_ceiling_dBm
 .text.host_cfg_profile_default_bw_hz
                0x08000ea8       0x14 build/host/host_cfg_profile.o
                0x08000ea8                host_cfg_profile_default_bw_hz
 .text.host_cfg_profile_reject_to_cfg_status
                0x08000ebc       0x14 build/host/host_cfg_profile.o
                0x08000ebc                host_cfg_profile_reject_to_cfg_status
 .text.host_cfg_profile_power_clamp
                0x08000ed0       0x1c build/host/host_cfg_profile.o
                0x08000ed0                host_cfg_profile_power_clamp
 .text.host_cfg_profile_validate
                0x08000eec       0xb4 build/host/host_cfg_profile.o
                0x08000eec                host_cfg_profile_validate
 .text.host_cfg_profile_reset
                0x08000fa0       0x3c build/host/host_cfg_profile.o
                0x08000fa0                host_cfg_profile_reset
 .text.host_cfg_profile_stage
                0x08000fdc       0x34 build/host/host_cfg_profile.o
                0x08000fdc                host_cfg_profile_stage
 .text.host_cfg_profile_activate
                0x08001010       0xa8 build/host/host_cfg_profile.o
                0x08001010                host_cfg_profile_activate
 .text.host_cfg_profile_active
                0x080010b8        0x8 build/host/host_cfg_profile.o
                0x080010b8                host_cfg_profile_active
 .text.host_cfg_wire_encode_ok
                0x080010c0       0x28 build/host/host_cfg_wire.o
                0x080010c0                host_cfg_wire_encode_ok
 .text.host_cfg_wire_encode_data
                0x080010e8       0x3e build/host/host_cfg_wire.o
                0x080010e8                host_cfg_wire_encode_data
 .text.at_get_u32_le
                0x08001126       0x1c build/host/host_cmd.o
 .text.put_u32_le
                0x08001142       0x10 build/host/host_cmd.o
 *fill*         0x08001152        0x2 
 .text.handle_tx_frame
                0x08001154       0xd8 build/host/host_cmd.o
 .text.at_send_ok
                0x0800122c       0x10 build/host/host_cmd.o
 .text.at_send_hex_nibble
                0x0800123c       0x20 build/host/host_cmd.o
 .text.host_send_fault_urc.part.0
                0x0800125c       0x56 build/host/host_cmd.o
 *fill*         0x080012b2        0x2 
 .text.at_send_u32
                0x080012b4       0x5c build/host/host_cmd.o
 .text.at_send_key_u32
                0x08001310       0x1c build/host/host_cmd.o
 .text.at_line_equals
                0x0800132c       0x72 build/host/host_cmd.o
 *fill*         0x0800139e        0x2 
 .text.at_send_version_triplet
                0x080013a0       0x30 build/host/host_cmd.o
 .text.host_cmd_emit_stats_snapshot
                0x080013d0       0x22 build/host/host_cmd.o
                0x080013d0                host_cmd_emit_stats_snapshot
 *fill*         0x080013f2        0x2 
 .text.host_cmd_init
                0x080013f4       0xd0 build/host/host_cmd.o
                0x080013f4                host_cmd_init
 .text.host_cmd_dispatch
                0x080014c4      0x32c build/host/host_cmd.o
                0x080014c4                host_cmd_dispatch
 .text.host_cmd_dispatch_at_line
                0x080017f0      0x454 build/host/host_cmd.o
                0x080017f0                host_cmd_dispatch_at_line
 .text.host_cmd_on_radio_events
                0x08001c44        0x8 build/host/host_cmd.o
                0x08001c44                host_cmd_on_radio_events
 .text.host_cmd_emit_tx_done
                0x08001c4c       0x2e build/host/host_cmd.o
                0x08001c4c                host_cmd_emit_tx_done
 *fill*         0x08001c7a        0x2 
 .text.host_cmd_service_tx_mailbox
                0x08001c7c       0x80 build/host/host_cmd.o
                0x08001c7c                host_cmd_service_tx_mailbox
 .text.host_cmd_emit_fault
                0x08001cfc       0x1c build/host/host_cmd.o
                0x08001cfc                host_cmd_emit_fault
 .text.host_cmd_emit_rx_frame
                0x08001d18       0x28 build/host/host_cmd.o
                0x08001d18                host_cmd_emit_rx_frame
 .text.host_rfco_pertx_pack
                0x08001d40       0x62 build/host/host_rfco.o
                0x08001d40                host_rfco_pertx_pack
 *fill*         0x08001da2        0x2 
 .text.host_rfco_blocked_attempts_record
                0x08001da4       0x2c build/host/host_rfco.o
                0x08001da4                host_rfco_blocked_attempts_record
 .text.host_rfco_blocked_attempts_snapshot_and_clear
                0x08001dd0       0x24 build/host/host_rfco.o
                0x08001dd0                host_rfco_blocked_attempts_snapshot_and_clear
 .text.host_rfco_pertx_window_record
                0x08001df4       0x24 build/host/host_rfco.o
                0x08001df4                host_rfco_pertx_window_record
 .text.host_rfco_pertx_emit
                0x08001e18       0x4a build/host/host_rfco.o
                0x08001e18                host_rfco_pertx_emit
 *fill*         0x08001e62        0x2 
 .text.host_rfco_pertx_count_in_window_snapshot_and_clear
                0x08001e64       0x18 build/host/host_rfco.o
                0x08001e64                host_rfco_pertx_count_in_window_snapshot_and_clear
 .text.host_rfco_last_clamp_reason_snapshot_and_clear
                0x08001e7c       0x10 build/host/host_rfco.o
                0x08001e7c                host_rfco_last_clamp_reason_snapshot_and_clear
 .text.host_rfco_summary_pack
                0x08001e8c       0xe8 build/host/host_rfco_summary.o
                0x08001e8c                host_rfco_summary_pack
 .text.host_rfco_summary_emit
                0x08001f74       0xf8 build/host/host_rfco_summary_emit.o
                0x08001f74                host_rfco_summary_emit
 .text.host_rfco_summary_tick
                0x0800206c       0x3c build/host/host_rfco_summary_emit.o
                0x0800206c                host_rfco_summary_tick
 .text.put_u32_le
                0x080020a8       0x10 build/host/host_stats.o
 .text.host_stats_reset
                0x080020b8       0x54 build/host/host_stats.o
                0x080020b8                host_stats_reset
 .text.host_stats_radio_rx_ok
                0x0800210c       0x10 build/host/host_stats.o
                0x0800210c                host_stats_radio_rx_ok
 .text.host_stats_radio_crc_err
                0x0800211c       0x10 build/host/host_stats.o
                0x0800211c                host_stats_radio_crc_err
 .text.host_stats_radio_tx_ok
                0x0800212c       0x10 build/host/host_stats.o
                0x0800212c                host_stats_radio_tx_ok
 .text.host_stats_radio_tx_abort_lbt
                0x0800213c       0x10 build/host/host_stats.o
                0x0800213c                host_stats_radio_tx_abort_lbt
 .text.host_stats_radio_tx_abort_airtime
                0x0800214c       0x10 build/host/host_stats.o
                0x0800214c                host_stats_radio_tx_abort_airtime
 .text.host_stats_note_radio_events
                0x0800215c       0x44 build/host/host_stats.o
                0x0800215c                host_stats_note_radio_events
 .text.host_stats_serialize
                0x080021a0      0x1fc build/host/host_stats.o
                0x080021a0                host_stats_serialize
 .text.host_uart_note_trace
                0x0800239c       0x10 build/host/host_uart.o
 .text.crc16_ccitt
                0x080023ac       0x3c build/host/host_uart.o
 .text.usart2_write_byte
                0x080023e8       0x18 build/host/host_uart.o
 .text.usart2_write_bytes
                0x08002400       0x24 build/host/host_uart.o
 .text.host_uart_send_urc.part.0
                0x08002424      0x120 build/host/host_uart.o
 .text.process_encoded_frame
                0x08002544      0x1f0 build/host/host_uart.o
 .text.ingest_binary_byte
                0x08002734       0x6c build/host/host_uart.o
 .text.gpio_set_alt.constprop.0
                0x080027a0       0x70 build/host/host_uart.o
 .text.rx_ring_push.isra.0
                0x08002810       0x40 build/host/host_uart.o
 .text.at_replay_candidate_to_binary
                0x08002850       0x30 build/host/host_uart.o
 .text.host_uart_poll_dma
                0x08002880      0x164 build/host/host_uart.o
                0x08002880                host_uart_poll_dma
 .text.host_uart_service_rx
                0x080029e4      0x13c build/host/host_uart.o
                0x080029e4                host_uart_service_rx
 .text.host_uart_flush_diag_traces
                0x08002b20       0xd4 build/host/host_uart.o
                0x08002b20                host_uart_flush_diag_traces
 .text.host_uart_pop_frame
                0x08002bf4       0x54 build/host/host_uart.o
                0x08002bf4                host_uart_pop_frame
 .text.host_uart_send_urc
                0x08002c48       0x2c build/host/host_uart.o
                0x08002c48                host_uart_send_urc
 .text.host_uart_send_ascii
                0x08002c74       0x24 build/host/host_uart.o
                0x08002c74                host_uart_send_ascii
 .text.host_uart_send_err_proto
                0x08002c98       0x2a build/host/host_uart.o
                0x08002c98                host_uart_send_err_proto
 *fill*         0x08002cc2        0x2 
 .text.host_uart_stats_reset
                0x08002cc4      0x100 build/host/host_uart.o
                0x08002cc4                host_uart_stats_reset
 .text.host_uart_init
                0x08002dc4      0x198 build/host/host_uart.o
                0x08002dc4                host_uart_init
 .text.host_uart_stats_dropped
                0x08002f5c        0xc build/host/host_uart.o
                0x08002f5c                host_uart_stats_dropped
 .text.host_uart_stats_errors
                0x08002f68        0xc build/host/host_uart.o
                0x08002f68                host_uart_stats_errors
 .text.host_uart_stats_queue_full
                0x08002f74        0xc build/host/host_uart.o
                0x08002f74                host_uart_stats_queue_full
 .text.host_uart_stats_irq_idle
                0x08002f80        0xc build/host/host_uart.o
                0x08002f80                host_uart_stats_irq_idle
 .text.host_uart_stats_irq_ht
                0x08002f8c        0xc build/host/host_uart.o
                0x08002f8c                host_uart_stats_irq_ht
 .text.host_uart_stats_irq_tc
                0x08002f98        0xc build/host/host_uart.o
                0x08002f98                host_uart_stats_irq_tc
 .text.host_uart_stats_irq_te
                0x08002fa4        0xc build/host/host_uart.o
                0x08002fa4                host_uart_stats_irq_te
 .text.host_uart_stats_rx_bytes
                0x08002fb0        0xc build/host/host_uart.o
                0x08002fb0                host_uart_stats_rx_bytes
 .text.host_uart_stats_rx_lpuart_bytes
                0x08002fbc        0xc build/host/host_uart.o
                0x08002fbc                host_uart_stats_rx_lpuart_bytes
 .text.host_uart_stats_rx_usart1_bytes
                0x08002fc8        0xc build/host/host_uart.o
                0x08002fc8                host_uart_stats_rx_usart1_bytes
 .text.host_uart_stats_parse_ok
                0x08002fd4        0xc build/host/host_uart.o
                0x08002fd4                host_uart_stats_parse_ok
 .text.host_uart_stats_parse_err
                0x08002fe0        0xc build/host/host_uart.o
                0x08002fe0                host_uart_stats_parse_err
 .text.host_uart_stats_uart_err_lpuart
                0x08002fec        0xc build/host/host_uart.o
                0x08002fec                host_uart_stats_uart_err_lpuart
 .text.host_uart_stats_uart_err_usart1
                0x08002ff8        0xc build/host/host_uart.o
                0x08002ff8                host_uart_stats_uart_err_usart1
 .text.host_uart_stats_uart_pe_lpuart
                0x08003004        0xc build/host/host_uart.o
                0x08003004                host_uart_stats_uart_pe_lpuart
 .text.host_uart_stats_uart_fe_lpuart
                0x08003010        0xc build/host/host_uart.o
                0x08003010                host_uart_stats_uart_fe_lpuart
 .text.host_uart_stats_uart_ne_lpuart
                0x0800301c        0xc build/host/host_uart.o
                0x0800301c                host_uart_stats_uart_ne_lpuart
 .text.host_uart_stats_uart_ore_lpuart
                0x08003028        0xc build/host/host_uart.o
                0x08003028                host_uart_stats_uart_ore_lpuart
 .text.host_uart_stats_uart_pe_usart1
                0x08003034        0xc build/host/host_uart.o
                0x08003034                host_uart_stats_uart_pe_usart1
 .text.host_uart_stats_uart_fe_usart1
                0x08003040        0xc build/host/host_uart.o
                0x08003040                host_uart_stats_uart_fe_usart1
 .text.host_uart_stats_uart_ne_usart1
                0x0800304c        0xc build/host/host_uart.o
                0x0800304c                host_uart_stats_uart_ne_usart1
 .text.host_uart_stats_uart_ore_usart1
                0x08003058        0xc build/host/host_uart.o
                0x08003058                host_uart_stats_uart_ore_usart1
 .text.host_uart_stats_rx_ring_ovf
                0x08003064        0xc build/host/host_uart.o
                0x08003064                host_uart_stats_rx_ring_ovf
 .text.host_uart_take_dma_te_events
                0x08003070       0x18 build/host/host_uart.o
                0x08003070                host_uart_take_dma_te_events
 .text.host_uart_take_rx_seen_flags
                0x08003088       0x1c build/host/host_uart.o
                0x08003088                host_uart_take_rx_seen_flags
 .text.host_uart_note_diag_mark
                0x080030a4       0x1c build/host/host_uart.o
                0x080030a4                host_uart_note_diag_mark
 .text.host_uart_take_diag_marks
                0x080030c0       0x1c build/host/host_uart.o
                0x080030c0                host_uart_take_diag_marks
 .text.RNG_LPUART1_IRQHandler
                0x080030dc       0xe0 build/host/host_uart.o
                0x080030dc                RNG_LPUART1_IRQHandler
 .text.USART1_IRQHandler
                0x080031bc       0xe0 build/host/host_uart.o
                0x080031bc                USART1_IRQHandler
 .text.sx1276_airtime_set_budget_us
                0x0800329c       0x24 build/radio/sx1276_airtime.o
                0x0800329c                sx1276_airtime_set_budget_us
 .text.sx1276_airtime_compute_toa_us
                0x080032c0       0xd0 build/radio/sx1276_airtime.o
                0x080032c0                sx1276_airtime_compute_toa_us
 .text.sx1276_airtime_config_invariant_ok
                0x08003390       0x48 build/radio/sx1276_airtime.o
                0x08003390                sx1276_airtime_config_invariant_ok
 .text.sx1276_airtime_estimate_toa_us
                0x080033d8       0x94 build/radio/sx1276_airtime.o
                0x080033d8                sx1276_airtime_estimate_toa_us
 .text.sx1276_airtime_reserve
                0x0800346c       0x58 build/radio/sx1276_airtime.o
                0x0800346c                sx1276_airtime_reserve
 .text.sx1276_airtime_release
                0x080034c4       0x20 build/radio/sx1276_airtime.o
                0x080034c4                sx1276_airtime_release
 .text.sx1276_airtime_commit
                0x080034e4       0x44 build/radio/sx1276_airtime.o
                0x080034e4                sx1276_airtime_commit
 .text.sx1276_cad_begin
                0x08003528       0x28 build/radio/sx1276_cad.o
                0x08003528                sx1276_cad_begin
 .text.sx1276_cad_abort
                0x08003550       0x20 build/radio/sx1276_cad.o
                0x08003550                sx1276_cad_abort
 .text.sx1276_cad_poll
                0x08003570       0x40 build/radio/sx1276_cad.o
                0x08003570                sx1276_cad_poll
 .text.lora_pkt_hdr_pack
                0x080035b0       0x30 build/radio/lora_pkt_hdr.o
                0x080035b0                lora_pkt_hdr_pack
 .text.lora_pkt_hdr_unpack
                0x080035e0       0x40 build/radio/lora_pkt_hdr.o
                0x080035e0                lora_pkt_hdr_unpack
 .text.sx1276_fhss_chantab_center_hz
                0x08003620       0x1c build/radio/sx1276_fhss_chantab.o
                0x08003620                sx1276_fhss_chantab_center_hz
 .text.sx1276_fhss_compute_seed
                0x0800363c       0x54 build/radio/sx1276_fhss.o
                0x0800363c                sx1276_fhss_compute_seed
 .text.sx1276_fhss_compute_permutation
                0x08003690       0x4c build/radio/sx1276_fhss.o
                0x08003690                sx1276_fhss_compute_permutation
 .text.rebuild_epoch_permutation
                0x080036dc       0x2c build/radio/sx1276_fhss.o
 .text.sx1276_fhss_reset
                0x08003708       0x14 build/radio/sx1276_fhss.o
                0x08003708                sx1276_fhss_reset
 .text.sx1276_fhss_init
                0x0800371c       0x40 build/radio/sx1276_fhss.o
                0x0800371c                sx1276_fhss_init
 .text.sx1276_fhss_next_channel
                0x0800375c       0x90 build/radio/sx1276_fhss.o
                0x0800375c                sx1276_fhss_next_channel
 .text.sx1276_fhss_snap_to
                0x080037ec       0x34 build/radio/sx1276_fhss.o
                0x080037ec                sx1276_fhss_snap_to
 .text.sx1276_fhss_consider_remote
                0x08003820       0x60 build/radio/sx1276_fhss.o
                0x08003820                sx1276_fhss_consider_remote
 .text.sx1276_fhss_active_count
                0x08003880       0x40 build/radio/sx1276_fhss.o
                0x08003880                sx1276_fhss_active_count
 .text.sx1276_fhss_record_lbt_block
                0x080038c0       0x1c build/radio/sx1276_fhss.o
                0x080038c0                sx1276_fhss_record_lbt_block
 .text.sx1276_fhss_record_hop
                0x080038dc       0x20 build/radio/sx1276_fhss.o
                0x080038dc                sx1276_fhss_record_hop
 .text.sx1276_fhss_hop_count_snapshot_and_clear
                0x080038fc       0x2c build/radio/sx1276_fhss.o
                0x080038fc                sx1276_fhss_hop_count_snapshot_and_clear
 .text.sx1276_fhss_current_epoch
                0x08003928        0xc build/radio/sx1276_fhss.o
                0x08003928                sx1276_fhss_current_epoch
 .text.sx1276_fhss_current_slot
                0x08003934        0xc build/radio/sx1276_fhss.o
                0x08003934                sx1276_fhss_current_slot
 .text.sx1276_fhss_is_initialized
                0x08003940        0xc build/radio/sx1276_fhss.o
                0x08003940                sx1276_fhss_is_initialized
 .text.sx1276_fhss_clock_reset
                0x0800394c       0x10 build/radio/sx1276_fhss_clock.o
                0x0800394c                sx1276_fhss_clock_reset
 .text.sx1276_fhss_clock_anchor
                0x0800395c       0x10 build/radio/sx1276_fhss_clock.o
                0x0800395c                sx1276_fhss_clock_anchor
 .text.sx1276_fhss_clock_valid
                0x0800396c        0xc build/radio/sx1276_fhss_clock.o
                0x0800396c                sx1276_fhss_clock_valid
 .text.sx1276_fhss_clock_abs_slot
                0x08003978       0x18 build/radio/sx1276_fhss_clock.o
                0x08003978                sx1276_fhss_clock_abs_slot
 .text.sx1276_fhss_clock_in_slot_ms
                0x08003990       0x18 build/radio/sx1276_fhss_clock.o
                0x08003990                sx1276_fhss_clock_in_slot_ms
 .text.sx1276_fhss_clock_anchor_rx
                0x080039a8       0x28 build/radio/sx1276_fhss_clock.o
                0x080039a8                sx1276_fhss_clock_anchor_rx
 .text.sx1276_fhss_clock_age_ms
                0x080039d0        0xc build/radio/sx1276_fhss_clock.o
                0x080039d0                sx1276_fhss_clock_age_ms
 .text.lbt_arm_backoff
                0x080039dc       0x38 build/radio/sx1276_lbt.o
 .text.cfg_read_u8
                0x08003a14       0x30 build/radio/sx1276_lbt.o
 .text.sx1276_lbt_check_and_backoff
                0x08003a44      0x108 build/radio/sx1276_lbt.o
                0x08003a44                sx1276_lbt_check_and_backoff
 .text.sx1276_legal_dwell_used_us
                0x08003b4c       0x50 build/radio/sx1276_legal_dwell.o
                0x08003b4c                sx1276_legal_dwell_used_us
 .text.sx1276_legal_dwell_reserve
                0x08003b9c       0xc4 build/radio/sx1276_legal_dwell.o
                0x08003b9c                sx1276_legal_dwell_reserve
 .text.sx1276_legal_dwell_reconcile
                0x08003c60       0x34 build/radio/sx1276_legal_dwell.o
                0x08003c60                sx1276_legal_dwell_reconcile
 .text.sx1276_legal_dwell_peak_us_snapshot_and_clear
                0x08003c94       0x20 build/radio/sx1276_legal_dwell.o
                0x08003c94                sx1276_legal_dwell_peak_us_snapshot_and_clear
 .text.mode_desc_for_state
                0x08003cb4       0x30 build/radio/sx1276_modes.o
 .text.sx1276_delay_us
                0x08003ce4       0x16 build/radio/sx1276_modes.o
 *fill*         0x08003cfa        0x2 
 .text.sx1276_modes_apply
                0x08003cfc       0xb8 build/radio/sx1276_modes.o
 .text.sx1276_modes_get_state
                0x08003db4        0xc build/radio/sx1276_modes.o
                0x08003db4                sx1276_modes_get_state
 .text.sx1276_modes_sync_external
                0x08003dc0       0x34 build/radio/sx1276_modes.o
                0x08003dc0                sx1276_modes_sync_external
 .text.sx1276_modes_to_sleep
                0x08003df4        0xe build/radio/sx1276_modes.o
                0x08003df4                sx1276_modes_to_sleep
 .text.sx1276_modes_to_standby
                0x08003e02        0xe build/radio/sx1276_modes.o
                0x08003e02                sx1276_modes_to_standby
 .text.sx1276_modes_to_tx
                0x08003e10        0xe build/radio/sx1276_modes.o
                0x08003e10                sx1276_modes_to_tx
 .text.sx1276_modes_to_rx_cont
                0x08003e1e        0xe build/radio/sx1276_modes.o
                0x08003e1e                sx1276_modes_to_rx_cont
 .text.sx1276_modes_to_cad
                0x08003e2c       0x16 build/radio/sx1276_modes.o
                0x08003e2c                sx1276_modes_to_cad
 *fill*         0x08003e42        0x2 
 .text.sx1276_modes_init
                0x08003e44       0x48 build/radio/sx1276_modes.o
                0x08003e44                sx1276_modes_init
 .text.rx_pll_settle_busy_wait.constprop.0
                0x08003e8c       0x18 build/radio/sx1276_rx.o
 .text.sx1276_rx_arm
                0x08003ea4       0x2a build/radio/sx1276_rx.o
                0x08003ea4                sx1276_rx_arm
 *fill*         0x08003ece        0x2 
 .text.scan_dispatch_action
                0x08003ed0       0xcc build/radio/sx1276_rx.o
 .text.scan_drive
                0x08003f9c       0xa8 build/radio/sx1276_rx.o
 .text.scan_feed_frame
                0x08004044       0x18 build/radio/sx1276_rx.o
 .text.sx1276_rx_disarm
                0x0800405c        0x8 build/radio/sx1276_rx.o
                0x0800405c                sx1276_rx_disarm
 .text.sx1276_rx_service
                0x08004064      0x194 build/radio/sx1276_rx.o
                0x08004064                sx1276_rx_service
 .text.sx1276_rx_tick
                0x080041f8       0x8c build/radio/sx1276_rx.o
                0x080041f8                sx1276_rx_tick
 .text.sx1276_rx_scan_tick
                0x08004284        0xe build/radio/sx1276_rx.o
                0x08004284                sx1276_rx_scan_tick
 *fill*         0x08004292        0x2 
 .text.sx1276_rx_slot_follow
                0x08004294       0x8c build/radio/sx1276_rx.o
                0x08004294                sx1276_rx_slot_follow
 .text.sx1276_rx_scan_reset
                0x08004320       0x44 build/radio/sx1276_rx.o
                0x08004320                sx1276_rx_scan_reset
 .text.sx1276_rx_counter_record
                0x08004364       0x18 build/radio/sx1276_rx_counters.o
                0x08004364                sx1276_rx_counter_record
 .text.sx1276_rx_retune_eval
                0x0800437c       0x26 build/radio/sx1276_rx_retune_policy.o
                0x0800437c                sx1276_rx_retune_eval
 *fill*         0x080043a2        0x2 
 .text.sx1276_rx_retune_counter_record
                0x080043a4       0x18 build/radio/sx1276_rx_retune_counters.o
                0x080043a4                sx1276_rx_retune_counter_record
 .text.sx1276_rx_scan_eval
                0x080043bc       0xac build/radio/sx1276_rx_scan_policy.o
                0x080043bc                sx1276_rx_scan_eval
 .text.sx1276_rx_scan_counter_record
                0x08004468       0x30 build/radio/sx1276_rx_scan_counters.o
                0x08004468                sx1276_rx_scan_counter_record
 .text.sx1276_rx_scan_fail_eval
                0x08004498       0x5e build/radio/sx1276_rx_scan_fail.o
                0x08004498                sx1276_rx_scan_fail_eval
 *fill*         0x080044f6        0x2 
 .text.sx1276_rx_scan_walker_reset
                0x080044f8        0xc build/radio/sx1276_rx_scan_walker.o
                0x080044f8                sx1276_rx_scan_walker_reset
 .text.sx1276_rx_scan_walker_next
                0x08004504       0x28 build/radio/sx1276_rx_scan_walker.o
                0x08004504                sx1276_rx_scan_walker_next
 .text.tx_emit_rfco_pertx
                0x0800452c       0x70 build/radio/sx1276_tx.o
 .text.sx1276_tx_cleanup
                0x0800459c       0x2c build/radio/sx1276_tx.o
 .text.sx1276_tx_begin
                0x080045c8      0x350 build/radio/sx1276_tx.o
                0x080045c8                sx1276_tx_begin
 .text.sx1276_tx_poll
                0x08004918       0xd0 build/radio/sx1276_tx.o
                0x08004918                sx1276_tx_poll
 .text.sx1276_tx_busy
                0x080049e8       0x10 build/radio/sx1276_tx.o
                0x080049e8                sx1276_tx_busy
 .text.sx1276_tx_slot_wait_us
                0x080049f8       0x6c build/radio/sx1276_tx.o
                0x080049f8                sx1276_tx_slot_wait_us
 .text.gpio_mode_output
                0x08004a64       0x32 build/radio/sx1276.o
 .text.gpio_mode_input
                0x08004a96       0x14 build/radio/sx1276.o
 *fill*         0x08004aaa        0x2 
 .text.spi1_transfer
                0x08004aac       0x2c build/radio/sx1276.o
 .text.sx1276_select
                0x08004ad8       0x18 build/radio/sx1276.o
 .text.sx1276_radio_reset
                0x08004af0       0x34 build/radio/sx1276.o
                0x08004af0                sx1276_radio_reset
 .text.sx1276_read_reg
                0x08004b24       0x24 build/radio/sx1276.o
                0x08004b24                sx1276_read_reg
 .text.sx1276_write_reg
                0x08004b48       0x22 build/radio/sx1276.o
                0x08004b48                sx1276_write_reg
 .text.sx1276_read_burst
                0x08004b6a       0x2e build/radio/sx1276.o
                0x08004b6a                sx1276_read_burst
 .text.sx1276_write_burst
                0x08004b98       0x2e build/radio/sx1276.o
                0x08004b98                sx1276_write_burst
 .text.sx1276_read_version
                0x08004bc6        0xa build/radio/sx1276.o
                0x08004bc6                sx1276_read_version
 .text.sx1276_set_frequency_hz
                0x08004bd0       0x34 build/radio/sx1276.o
                0x08004bd0                sx1276_set_frequency_hz
 .text.sx1276_set_tx_power_dbm
                0x08004c04       0x26 build/radio/sx1276.o
                0x08004c04                sx1276_set_tx_power_dbm
 *fill*         0x08004c2a        0x2 
 .text.sx1276_set_sf_bw_cr_checked
                0x08004c2c      0x150 build/radio/sx1276.o
                0x08004c2c                sx1276_set_sf_bw_cr_checked
 .text.sx1276_set_sf_bw_cr
                0x08004d7c        0x8 build/radio/sx1276.o
                0x08004d7c                sx1276_set_sf_bw_cr
 .text.sx1276_init
                0x08004d84      0x268 build/radio/sx1276.o
                0x08004d84                sx1276_init
 .text.sx1276_take_irq_events
                0x08004fec       0x18 build/radio/sx1276.o
                0x08004fec                sx1276_take_irq_events
 .text.EXTI0_1_IRQHandler
                0x08005004       0x38 build/radio/sx1276.o
                0x08005004                EXTI0_1_IRQHandler
 .text.EXTI4_15_IRQHandler
                0x0800503c       0x3c build/radio/sx1276.o
                0x0800503c                EXTI4_15_IRQHandler
 .text.__udivmoddi4
                0x08005078      0x198 c:/program files (x86)/arm gnu toolchain arm-none-eabi/12.2 mpacbti-rel1/bin/../lib/gcc/arm-none-eabi/12.2.1/thumb/v6-m/nofp\libgcc.a(_udivmoddi4.o)
                0x08005078                __udivmoddi4
 .text.memcmp   0x08005210       0x1c c:/program files (x86)/arm gnu toolchain arm-none-eabi/12.2 mpacbti-rel1/bin/../lib/gcc/arm-none-eabi/12.2.1/thumb/v6-m/nofp\libc_nano.a(libc_a-memcmp.o)
                0x08005210                memcmp
 .text.memset   0x0800522c       0x10 c:/program files (x86)/arm gnu toolchain arm-none-eabi/12.2 mpacbti-rel1/bin/../lib/gcc/arm-none-eabi/12.2.1/thumb/v6-m/nofp\libc_nano.a(libc_a-memset.o)
                0x0800522c                memset
 .text.memcpy   0x0800523c       0x12 c:/program files (x86)/arm gnu toolchain arm-none-eabi/12.2 mpacbti-rel1/bin/../lib/gcc/arm-none-eabi/12.2.1/thumb/v6-m/nofp\libc_nano.a(libc_a-memcpy-stub.o)
                0x0800523c                memcpy
 *(.rodata)
 *(.rodata.*)
 .rodata.NMI_Handler.str1.1
                0x0800524e        0xe build/startup.o
 .rodata.Reset_Handler.str1.1
                0x0800525c       0x36 build/startup.o
 .rodata.main.str1.1
                0x08005292       0x11 build/main.o
 *fill*         0x080052a3        0x1 
 .rodata.k_cfg_desc
                0x080052a4      0x190 build/host/host_cfg.o
 .rodata.CSWTCH.6
                0x08005434        0xa build/host/host_cfg_profile.o
 *fill*         0x0800543e        0x2 
 .rodata.CSWTCH.4
                0x08005440        0xc build/host/host_cfg_profile.o
 .rodata.at_send_ok.str1.1
                0x0800544c       0x11 build/host/host_cmd.o
                                  0x5 (size before relaxing)
 .rodata.at_send_u32.str1.1
                0x0800544c       0x11 build/host/host_cmd.o
                                  0x2 (size before relaxing)
 .rodata.at_send_key_u32.str1.1
                0x0800544c       0x11 build/host/host_cmd.o
                                  0x2 (size before relaxing)
 .rodata.at_send_version_triplet.str1.1
                0x0800544c        0x2 build/host/host_cmd.o
 .rodata.host_cmd_init.str1.1
                0x0800544e       0x5a build/host/host_cmd.o
 .rodata.host_cmd_dispatch.str1.1
                0x080054a8       0x4d build/host/host_cmd.o
 .rodata.host_cmd_dispatch_at_line.str1.1
                0x080054f5      0x203 build/host/host_cmd.o
                                0x209 (size before relaxing)
 .rodata.host_uart_flush_diag_traces.str1.1
                0x080056f8       0xba build/host/host_uart.o
 .rodata.k_mode_descs
                0x080057b2       0x1e build/radio/sx1276_modes.o
 .rodata.sx1276_tx_slot_wait_us.cst1
                0x080057d0        0x1 build/radio/sx1276_tx.o
 *(.glue_7)
 .glue_7        0x080057d1        0x0 linker stubs
 *(.glue_7t)
 .glue_7t       0x080057d1        0x0 linker stubs
 *(.eh_frame)
                0x080057d4                        . = ALIGN (0x4)
 *fill*         0x080057d1        0x3 
                0x080057d4                        _etext = .

.vfp11_veneer   0x080057d4        0x0
 .vfp11_veneer  0x080057d4        0x0 linker stubs

.v4_bx          0x080057d4        0x0
 .v4_bx         0x080057d4        0x0 linker stubs

.iplt           0x080057d4        0x0
 .iplt          0x080057d4        0x0 build/startup.o

.boot_text      0x080057d4      0x20c
 .boot_text     0x080057d4      0x20c build/boot/safe_mode.o
                0x080057d4                jump_to_bootloader
                0x0800584c                safe_mode_listen

.ARM.extab
 *(.ARM.extab* .gnu.linkonce.armextab.*)

.ARM            0x080059e0        0x8
                0x080059e0                        __exidx_start = .
 *(.ARM.exidx*)
 .ARM.exidx.text.__udivmoddi4
                0x080059e0        0x8 c:/program files (x86)/arm gnu toolchain arm-none-eabi/12.2 mpacbti-rel1/bin/../lib/gcc/arm-none-eabi/12.2.1/thumb/v6-m/nofp\libgcc.a(_udivmoddi4.o)
                0x080059e8                        __exidx_end = .
                0x080059e8                        _sidata = LOADADDR (.data)

.rel.dyn        0x080059e8        0x0
 .rel.iplt      0x080059e8        0x0 build/startup.o

.data           0x20000000       0x14 load address 0x080059e8
                0x20000000                        . = ALIGN (0x4)
                0x20000000                        _sdata = .
 *(.data)
 *(.data.*)
 .data.s_clock_source_id
                0x20000000        0x1 build/hal/platform.o
 *fill*         0x20000001        0x3 
 .data.s_core_hz
                0x20000004        0x4 build/hal/platform.o
 .data.s_last_clamp_reason
                0x20000008        0x1 build/host/host_rfco.o
 .data.s_first_since_boot
                0x20000009        0x1 build/host/host_rfco_summary_emit.o
 *fill*         0x2000000a        0x2 
 .data.s_budget_cap_us
                0x2000000c        0x4 build/radio/sx1276_airtime.o
 .data.s_legal_dwell_handle
                0x20000010        0x2 build/radio/sx1276_tx.o
                0x20000014                        . = ALIGN (0x4)
 *fill*         0x20000012        0x2 
                0x20000014                        _edata = .

.igot.plt       0x20000014        0x0 load address 0x080059fc
 .igot.plt      0x20000014        0x0 build/startup.o

.noinit         0x20000014       0x18 load address 0x080059fc
                0x20000014                        . = ALIGN (0x4)
 *(.noinit)
 .noinit        0x20000014       0x18 build/hal/platform.o
 *(.noinit.*)
                0x2000002c                        . = ALIGN (0x4)

.bss            0x20000030     0x19b0 load address 0x080059fc
                0x20000030                        . = ALIGN (0x4)
                0x20000030                        _sbss = .
                0x20000030                        __bss_start__ = _sbss
 *(.bss)
 *(.bss.*)
 .bss.s_reset_cause_captured
                0x20000030        0x1 build/hal/platform.o
 .bss.s_reset_cause
                0x20000031        0x1 build/hal/platform.o
 *fill*         0x20000032        0x2 
 .bss.s_tick_ms
                0x20000034        0x4 build/hal/platform.o
 .bss.s_cfg_dirty
                0x20000038        0x1 build/host/host_cfg.o
 .bss.s_cfg_values
                0x20000039       0xfa build/host/host_cfg.o
 .bss.s_has_stage
                0x20000133        0x1 build/host/host_cfg_profile.o
 *fill*         0x20000134        0x4 
 .bss.s_staged  0x20000138       0x28 build/host/host_cfg_profile.o
 .bss.s_active  0x20000160       0x28 build/host/host_cfg_profile.o
 .bss.s_txq_count
                0x20000188        0x1 build/host/host_cmd.o
 .bss.s_txq_head
                0x20000189        0x1 build/host/host_cmd.o
 .bss.s_txq     0x2000018a      0x410 build/host/host_cmd.o
 .bss.s_radio_version
                0x2000059a        0x1 build/host/host_cmd.o
 .bss.s_radio_ok
                0x2000059b        0x1 build/host/host_cmd.o
 .bss.s_pertx_count_in_window
                0x2000059c        0x2 build/host/host_rfco.o
 .bss.s_blocked_attempts
                0x2000059e       0x10 build/host/host_rfco.o
 *fill*         0x200005ae        0x2 
 .bss.s_tick_seq
                0x200005b0        0x4 build/host/host_rfco_summary_emit.o
 .bss.s_tick_last_emit_ms
                0x200005b4        0x4 build/host/host_rfco_summary_emit.o
 .bss.s_summary_emit_count
                0x200005b8        0x1 build/host/host_rfco_summary_emit.o
 *fill*         0x200005b9        0x3 
 .bss.s_radio_tx_abort_airtime
                0x200005bc        0x4 build/host/host_stats.o
 .bss.s_radio_tx_abort_lbt
                0x200005c0        0x4 build/host/host_stats.o
 .bss.s_radio_tx_ok
                0x200005c4        0x4 build/host/host_stats.o
 .bss.s_radio_rx_ok
                0x200005c8        0x4 build/host/host_stats.o
 .bss.s_radio_crc_err
                0x200005cc        0x4 build/host/host_stats.o
 .bss.s_radio_dio3
                0x200005d0        0x4 build/host/host_stats.o
 .bss.s_radio_dio2
                0x200005d4        0x4 build/host/host_stats.o
 .bss.s_radio_dio1
                0x200005d8        0x4 build/host/host_stats.o
 .bss.s_radio_dio0
                0x200005dc        0x4 build/host/host_stats.o
 .bss.s_rx_idle_pending
                0x200005e0        0x1 build/host/host_uart.o
 *fill*         0x200005e1        0x3 
 .bss.s_diag_trace_flags
                0x200005e4        0x4 build/host/host_uart.o
 .bss.s_rx_ring_ovf
                0x200005e8        0x4 build/host/host_uart.o
 .bss.s_rx_ring_tail
                0x200005ec        0x2 build/host/host_uart.o
 .bss.s_rx_ring_head
                0x200005ee        0x2 build/host/host_uart.o
 .bss.s_rx_ring
                0x200005f0      0x200 build/host/host_uart.o
 .bss.s_diag_marks
                0x200007f0        0x1 build/host/host_uart.o
 .bss.s_rx_seen_flags
                0x200007f1        0x1 build/host/host_uart.o
 *fill*         0x200007f2        0x2 
 .bss.s_dma_te_events
                0x200007f4        0x4 build/host/host_uart.o
 .bss.s_stats_uart_ore_usart1
                0x200007f8        0x4 build/host/host_uart.o
 .bss.s_stats_uart_ne_usart1
                0x200007fc        0x4 build/host/host_uart.o
 .bss.s_stats_uart_fe_usart1
                0x20000800        0x4 build/host/host_uart.o
 .bss.s_stats_uart_pe_usart1
                0x20000804        0x4 build/host/host_uart.o
 .bss.s_stats_uart_ore_lpuart
                0x20000808        0x4 build/host/host_uart.o
 .bss.s_stats_uart_ne_lpuart
                0x2000080c        0x4 build/host/host_uart.o
 .bss.s_stats_uart_fe_lpuart
                0x20000810        0x4 build/host/host_uart.o
 .bss.s_stats_uart_pe_lpuart
                0x20000814        0x4 build/host/host_uart.o
 .bss.s_stats_uart_err_usart1
                0x20000818        0x4 build/host/host_uart.o
 .bss.s_stats_uart_err_lpuart
                0x2000081c        0x4 build/host/host_uart.o
 .bss.s_stats_parse_err
                0x20000820        0x4 build/host/host_uart.o
 .bss.s_stats_parse_ok
                0x20000824        0x4 build/host/host_uart.o
 .bss.s_stats_rx_usart1_bytes
                0x20000828        0x4 build/host/host_uart.o
 .bss.s_stats_rx_lpuart_bytes
                0x2000082c        0x4 build/host/host_uart.o
 .bss.s_stats_rx_bytes
                0x20000830        0x4 build/host/host_uart.o
 .bss.s_stats_irq_te
                0x20000834        0x4 build/host/host_uart.o
 .bss.s_stats_irq_tc
                0x20000838        0x4 build/host/host_uart.o
 .bss.s_stats_irq_ht
                0x2000083c        0x4 build/host/host_uart.o
 .bss.s_stats_irq_idle
                0x20000840        0x4 build/host/host_uart.o
 .bss.s_stats_queue_full
                0x20000844        0x4 build/host/host_uart.o
 .bss.s_stats_errors
                0x20000848        0x4 build/host/host_uart.o
 .bss.s_stats_dropped
                0x2000084c        0x4 build/host/host_uart.o
 .bss.s_q_count
                0x20000850        0x1 build/host/host_uart.o
 .bss.s_q_tail  0x20000851        0x1 build/host/host_uart.o
 .bss.s_q_head  0x20000852        0x1 build/host/host_uart.o
 *fill*         0x20000853        0x1 
 .bss.s_frame_queue
                0x20000854      0x500 build/host/host_uart.o
 .bss.s_at_ignore_lf
                0x20000d54        0x1 build/host/host_uart.o
 .bss.s_at_candidate
                0x20000d55        0x1 build/host/host_uart.o
 .bss.s_at_line_len
                0x20000d56        0x2 build/host/host_uart.o
 .bss.s_at_line
                0x20000d58       0x60 build/host/host_uart.o
 .bss.s_service_in_progress
                0x20000db8        0x1 build/host/host_uart.o
 .bss.s_cobs_overflow
                0x20000db9        0x1 build/host/host_uart.o
 .bss.s_cobs_encoded_len
                0x20000dba        0x2 build/host/host_uart.o
 .bss.s_cobs_encoded
                0x20000dbc      0x143 build/host/host_uart.o
 *fill*         0x20000eff        0x1 
 .bss.s_budget  0x20000f00      0x190 build/radio/sx1276_airtime.o
 .bss.s_cad_active
                0x20001090        0x1 build/radio/sx1276_cad.o
 *fill*         0x20001091        0x7 
 .bss.s_fhss    0x20001098      0x188 build/radio/sx1276_fhss.o
 .bss.s_clk     0x20001220        0xc build/radio/sx1276_fhss_clock.o
 .bss.s_backoff_attempt
                0x2000122c        0x1 build/radio/sx1276_lbt.o
 *fill*         0x2000122d        0x3 
 .bss.s_backoff_until_ms
                0x20001230        0x4 build/radio/sx1276_lbt.o
 .bss.s_dwell   0x20001234      0x700 build/radio/sx1276_legal_dwell.o
 .bss.s_state   0x20001934        0x1 build/radio/sx1276_modes.o
 .bss.s_scan_ever_locked_this_boot
                0x20001935        0x1 build/radio/sx1276_rx.o
 .bss.s_scan_fail_retries
                0x20001936        0x1 build/radio/sx1276_rx.o
 *fill*         0x20001937        0x1 
 .bss.s_scan_cold_start_entry_ms
                0x20001938        0x4 build/radio/sx1276_rx.o
 .bss.s_scan_channel_entry_ms
                0x2000193c        0x4 build/radio/sx1276_rx.o
 .bss.s_scan_state
                0x20001940        0x1 build/radio/sx1276_rx.o
 .bss.s_grid_adopted
                0x20001941        0x1 build/radio/sx1276_rx.o
 .bss.s_rx_last_followed_abs_valid
                0x20001942        0x1 build/radio/sx1276_rx.o
 *fill*         0x20001943        0x1 
 .bss.s_rx_last_followed_abs
                0x20001944        0x4 build/radio/sx1276_rx.o
 .bss.s_rx_last_retune_ms_valid
                0x20001948        0x1 build/radio/sx1276_rx.o
 *fill*         0x20001949        0x3 
 .bss.s_rx_last_retune_ms
                0x2000194c        0x4 build/radio/sx1276_rx.o
 .bss.s_scan_crc_seen
                0x20001950        0x1 build/radio/sx1276_rx.o
 .bss.s_scan_got_any_irq
                0x20001951        0x1 build/radio/sx1276_rx.o
 *fill*         0x20001952        0x2 
 .bss.s_consider_remote_counts
                0x20001954       0x18 build/radio/sx1276_rx_counters.o
 .bss.s_retune_counts
                0x2000196c       0x14 build/radio/sx1276_rx_retune_counters.o
 .bss.s_action_counts
                0x20001980       0x18 build/radio/sx1276_rx_scan_counters.o
 .bss.s_state_counts
                0x20001998       0x10 build/radio/sx1276_rx_scan_counters.o
 .bss.s_walker_idx
                0x200019a8        0x1 build/radio/sx1276_rx_scan_walker.o
 *fill*         0x200019a9        0x1 
 .bss.s_rfco_pertx_seq
                0x200019aa        0x2 build/radio/sx1276_tx.o
 .bss.s_predicted_toa_us
                0x200019ac        0x4 build/radio/sx1276_tx.o
 .bss.s_slot_boundary_valid
                0x200019b0        0x1 build/radio/sx1276_tx.o
 *fill*         0x200019b1        0x3 
 .bss.s_slot_boundary_ms
                0x200019b4        0x4 build/radio/sx1276_tx.o
 .bss.s_hop_slot_offset_ms
                0x200019b8        0x1 build/radio/sx1276_tx.o
 *fill*         0x200019b9        0x3 
 .bss.s_hop_epoch
                0x200019bc        0x4 build/radio/sx1276_tx.o
 .bss.s_hop_idx
                0x200019c0        0x1 build/radio/sx1276_tx.o
 *fill*         0x200019c1        0x3 
 .bss.s_hop_freq_hz
                0x200019c4        0x4 build/radio/sx1276_tx.o
 .bss.s_channel_idx
                0x200019c8        0x1 build/radio/sx1276_tx.o
 *fill*         0x200019c9        0x3 
 .bss.s_reserved_airtime_us
                0x200019cc        0x4 build/radio/sx1276_tx.o
 .bss.s_deadline_us
                0x200019d0        0x4 build/radio/sx1276_tx.o
 .bss.s_expected_toa_us
                0x200019d4        0x4 build/radio/sx1276_tx.o
 .bss.s_rearm_rx
                0x200019d8        0x1 build/radio/sx1276_tx.o
 .bss.s_tx_power_dbm
                0x200019d9        0x1 build/radio/sx1276_tx.o
 .bss.s_tx_id   0x200019da        0x1 build/radio/sx1276_tx.o
 .bss.s_tx_state
                0x200019db        0x1 build/radio/sx1276_tx.o
 .bss.s_irq_events
                0x200019dc        0x4 build/radio/sx1276.o
 *(COMMON)
                0x200019e0                        . = ALIGN (0x4)
                0x200019e0                        _ebss = .
                0x200019e0                        __bss_end__ = _ebss

._user_heap     0x200019e0        0x0 load address 0x080059fc
                0x200019e0                        . = ALIGN (0x8)
                0x200019e0                        _end = .
                0x200019e0                        _heap_start = .
                0x200019e0                        . = (. + 0x0)
                0x200019e0                        . = ALIGN (0x8)
                0x200019e0                        _heap_end = .

.stack_check    0x200019e0        0x0 load address 0x080059fc
                0x200019e0                        . = ALIGN (0x8)
                0x200019e0                        . = (. + 0x0)
                0x00000001                        ASSERT (((_heap_end + _stack_size) <= _estack), Linker error: not enough RAM left for the reserved stack)

.cfg_reserved   0x0802e000     0x2000
                0x08030000                        . = (. + 0x2000)
 *fill*         0x0802e000     0x2000 

/DISCARD/
 *(.note.GNU-stack)
 *(.comment)
                0x00000001                        ASSERT (0x1, Linker: FLASH + CFG must cover full 192 KB)
                0x00000001                        ASSERT (0x1, Linker: CFG region must fall within overall memory)
OUTPUT(build/firmware.elf elf32-littlearm)
LOAD linker stubs

.ARM.attributes
                0x00000000       0x2a
 .ARM.attributes
                0x00000000       0x2c build/startup.o
 .ARM.attributes
                0x0000002c       0x2c build/main.o
 .ARM.attributes
                0x00000058       0x2c build/boot/safe_mode.o
 .ARM.attributes
                0x00000084       0x2c build/hal/platform.o
 .ARM.attributes
                0x000000b0       0x2c build/host/host_cfg.o
 .ARM.attributes
                0x000000dc       0x2c build/host/host_rx_wire.o
 .ARM.attributes
                0x00000108       0x2c build/host/host_reg_gate.o
 .ARM.attributes
                0x00000134       0x2c build/host/host_cfg_profile.o
 .ARM.attributes
                0x00000160       0x2c build/host/host_cfg_wire.o
 .ARM.attributes
                0x0000018c       0x2c build/host/host_cmd.o
 .ARM.attributes
                0x000001b8       0x2c build/host/host_rfco.o
 .ARM.attributes
                0x000001e4       0x2c build/host/host_rfco_summary.o
 .ARM.attributes
                0x00000210       0x2c build/host/host_rfco_summary_emit.o
 .ARM.attributes
                0x0000023c       0x2c build/host/host_stats.o
 .ARM.attributes
                0x00000268       0x2c build/host/host_uart.o
 .ARM.attributes
                0x00000294       0x2c build/radio/sx1276_airtime.o
 .ARM.attributes
                0x000002c0       0x2c build/radio/sx1276_cad.o
 .ARM.attributes
                0x000002ec       0x2c build/radio/lora_pkt_hdr.o
 .ARM.attributes
                0x00000318       0x2c build/radio/sx1276_fhss_chantab.o
 .ARM.attributes
                0x00000344       0x2c build/radio/sx1276_fhss.o
 .ARM.attributes
                0x00000370       0x2c build/radio/sx1276_fhss_clock.o
 .ARM.attributes
                0x0000039c       0x2c build/radio/sx1276_lbt.o
 .ARM.attributes
                0x000003c8       0x2c build/radio/sx1276_legal_dwell.o
 .ARM.attributes
                0x000003f4       0x2c build/radio/sx1276_modes.o
 .ARM.attributes
                0x00000420       0x2c build/radio/sx1276_rx.o
 .ARM.attributes
                0x0000044c       0x2c build/radio/sx1276_rx_counters.o
 .ARM.attributes
                0x00000478       0x2c build/radio/sx1276_rx_retune_policy.o
 .ARM.attributes
                0x000004a4       0x2c build/radio/sx1276_rx_retune_counters.o
 .ARM.attributes
                0x000004d0       0x2c build/radio/sx1276_rx_scan_policy.o
 .ARM.attributes
                0x000004fc       0x2c build/radio/sx1276_rx_scan_counters.o
 .ARM.attributes
                0x00000528       0x2c build/radio/sx1276_rx_scan_fail.o
 .ARM.attributes
                0x00000554       0x2c build/radio/sx1276_rx_scan_walker.o
 .ARM.attributes
                0x00000580       0x2c build/radio/sx1276_tx.o
 .ARM.attributes
                0x000005ac       0x2c build/radio/sx1276.o
 .ARM.attributes
                0x000005d8       0x1e c:/program files (x86)/arm gnu toolchain arm-none-eabi/12.2 mpacbti-rel1/bin/../lib/gcc/arm-none-eabi/12.2.1/thumb/v6-m/nofp\libgcc.a(_thumb1_case_uqi.o)
 .ARM.attributes
                0x000005f6       0x1e c:/program files (x86)/arm gnu toolchain arm-none-eabi/12.2 mpacbti-rel1/bin/../lib/gcc/arm-none-eabi/12.2.1/thumb/v6-m/nofp\libgcc.a(_udivsi3.o)
 .ARM.attributes
                0x00000614       0x1e c:/program files (x86)/arm gnu toolchain arm-none-eabi/12.2 mpacbti-rel1/bin/../lib/gcc/arm-none-eabi/12.2.1/thumb/v6-m/nofp\libgcc.a(_dvmd_tls.o)
 .ARM.attributes
                0x00000632       0x1e c:/program files (x86)/arm gnu toolchain arm-none-eabi/12.2 mpacbti-rel1/bin/../lib/gcc/arm-none-eabi/12.2.1/thumb/v6-m/nofp\libgcc.a(_lshrdi3.o)
 .ARM.attributes
                0x00000650       0x1e c:/program files (x86)/arm gnu toolchain arm-none-eabi/12.2 mpacbti-rel1/bin/../lib/gcc/arm-none-eabi/12.2.1/thumb/v6-m/nofp\libgcc.a(_ashldi3.o)
 .ARM.attributes
                0x0000066e       0x1e c:/program files (x86)/arm gnu toolchain arm-none-eabi/12.2 mpacbti-rel1/bin/../lib/gcc/arm-none-eabi/12.2.1/thumb/v6-m/nofp\libgcc.a(_aeabi_uldivmod.o)
 .ARM.attributes
                0x0000068c       0x2c c:/program files (x86)/arm gnu toolchain arm-none-eabi/12.2 mpacbti-rel1/bin/../lib/gcc/arm-none-eabi/12.2.1/thumb/v6-m/nofp\libgcc.a(_udivmoddi4.o)
 .ARM.attributes
                0x000006b8       0x1e c:/program files (x86)/arm gnu toolchain arm-none-eabi/12.2 mpacbti-rel1/bin/../lib/gcc/arm-none-eabi/12.2.1/thumb/v6-m/nofp\libgcc.a(_clzdi2.o)
 .ARM.attributes
                0x000006d6       0x1e c:/program files (x86)/arm gnu toolchain arm-none-eabi/12.2 mpacbti-rel1/bin/../lib/gcc/arm-none-eabi/12.2.1/thumb/v6-m/nofp\libgcc.a(_clzsi2.o)
 .ARM.attributes
                0x000006f4       0x2c c:/program files (x86)/arm gnu toolchain arm-none-eabi/12.2 mpacbti-rel1/bin/../lib/gcc/arm-none-eabi/12.2.1/thumb/v6-m/nofp\libc_nano.a(libc_a-memcmp.o)
 .ARM.attributes
                0x00000720       0x2c c:/program files (x86)/arm gnu toolchain arm-none-eabi/12.2 mpacbti-rel1/bin/../lib/gcc/arm-none-eabi/12.2.1/thumb/v6-m/nofp\libc_nano.a(libc_a-memset.o)
 .ARM.attributes
                0x0000074c       0x2c c:/program files (x86)/arm gnu toolchain arm-none-eabi/12.2 mpacbti-rel1/bin/../lib/gcc/arm-none-eabi/12.2.1/thumb/v6-m/nofp\libc_nano.a(libc_a-memcpy-stub.o)
 .ARM.attributes
                0x00000778       0x1c c:/program files (x86)/arm gnu toolchain arm-none-eabi/12.2 mpacbti-rel1/bin/../lib/gcc/arm-none-eabi/12.2.1/thumb/v6-m/nofp\libc_nano.a(libc_a-strlen.o)

.debug_line_str
                0x00000000      0x1dc
 .debug_line_str
                0x00000000       0xd9 c:/program files (x86)/arm gnu toolchain arm-none-eabi/12.2 mpacbti-rel1/bin/../lib/gcc/arm-none-eabi/12.2.1/thumb/v6-m/nofp\libgcc.a(_thumb1_case_uqi.o)
 .debug_line_str
                0x000000d9       0xd9 c:/program files (x86)/arm gnu toolchain arm-none-eabi/12.2 mpacbti-rel1/bin/../lib/gcc/arm-none-eabi/12.2.1/thumb/v6-m/nofp\libgcc.a(_udivsi3.o)
 .debug_line_str
                0x000000d9       0xd9 c:/program files (x86)/arm gnu toolchain arm-none-eabi/12.2 mpacbti-rel1/bin/../lib/gcc/arm-none-eabi/12.2.1/thumb/v6-m/nofp\libgcc.a(_dvmd_tls.o)
 .debug_line_str
                0x000000d9       0xd9 c:/program files (x86)/arm gnu toolchain arm-none-eabi/12.2 mpacbti-rel1/bin/../lib/gcc/arm-none-eabi/12.2.1/thumb/v6-m/nofp\libgcc.a(_lshrdi3.o)
 .debug_line_str
                0x000000d9       0xd9 c:/program files (x86)/arm gnu toolchain arm-none-eabi/12.2 mpacbti-rel1/bin/../lib/gcc/arm-none-eabi/12.2.1/thumb/v6-m/nofp\libgcc.a(_ashldi3.o)
 .debug_line_str
                0x000000d9        0xc c:/program files (x86)/arm gnu toolchain arm-none-eabi/12.2 mpacbti-rel1/bin/../lib/gcc/arm-none-eabi/12.2.1/thumb/v6-m/nofp\libgcc.a(_aeabi_uldivmod.o)
                                 0xd9 (size before relaxing)
 .debug_line_str
                0x000000e5       0xd9 c:/program files (x86)/arm gnu toolchain arm-none-eabi/12.2 mpacbti-rel1/bin/../lib/gcc/arm-none-eabi/12.2.1/thumb/v6-m/nofp\libgcc.a(_clzdi2.o)
 .debug_line_str
                0x000000e5       0xd9 c:/program files (x86)/arm gnu toolchain arm-none-eabi/12.2 mpacbti-rel1/bin/../lib/gcc/arm-none-eabi/12.2.1/thumb/v6-m/nofp\libgcc.a(_clzsi2.o)
 .debug_line_str
                0x000000e5       0xf7 c:/program files (x86)/arm gnu toolchain arm-none-eabi/12.2 mpacbti-rel1/bin/../lib/gcc/arm-none-eabi/12.2.1/thumb/v6-m/nofp\libc_nano.a(libc_a-strlen.o)

.debug_frame    0x00000000       0xd0
 .debug_frame   0x00000000       0x20 c:/program files (x86)/arm gnu toolchain arm-none-eabi/12.2 mpacbti-rel1/bin/../lib/gcc/arm-none-eabi/12.2.1/thumb/v6-m/nofp\libgcc.a(_udivsi3.o)
 .debug_frame   0x00000020       0x3c c:/program files (x86)/arm gnu toolchain arm-none-eabi/12.2 mpacbti-rel1/bin/../lib/gcc/arm-none-eabi/12.2.1/thumb/v6-m/nofp\libgcc.a(_udivmoddi4.o)
 .debug_frame   0x0000005c       0x2c c:/program files (x86)/arm gnu toolchain arm-none-eabi/12.2 mpacbti-rel1/bin/../lib/gcc/arm-none-eabi/12.2.1/thumb/v6-m/nofp\libc_nano.a(libc_a-memcmp.o)
 .debug_frame   0x00000088       0x20 c:/program files (x86)/arm gnu toolchain arm-none-eabi/12.2 mpacbti-rel1/bin/../lib/gcc/arm-none-eabi/12.2.1/thumb/v6-m/nofp\libc_nano.a(libc_a-memset.o)
 .debug_frame   0x000000a8       0x28 c:/program files (x86)/arm gnu toolchain arm-none-eabi/12.2 mpacbti-rel1/bin/../lib/gcc/arm-none-eabi/12.2.1/thumb/v6-m/nofp\libc_nano.a(libc_a-memcpy-stub.o)
