Archive member included to satisfy reference by file (symbol)

c:/program files (x86)/arm gnu toolchain arm-none-eabi/12.2 mpacbti-rel1/bin/../lib/gcc/arm-none-eabi/12.2.1/thumb/v6-m/nofp\libgcc.a(_thumb1_case_uqi.o)
                              build/host/host_cfg.o (__gnu_thumb1_case_uqi)
c:/program files (x86)/arm gnu toolchain arm-none-eabi/12.2 mpacbti-rel1/bin/../lib/gcc/arm-none-eabi/12.2.1/thumb/v6-m/nofp\libgcc.a(_udivsi3.o)
                              build/boot/safe_mode.o (__aeabi_uidiv)
c:/program files (x86)/arm gnu toolchain arm-none-eabi/12.2 mpacbti-rel1/bin/../lib/gcc/arm-none-eabi/12.2.1/thumb/v6-m/nofp\libgcc.a(_divsi3.o)
                              build/radio/sx1276_rx_scan_walker.o (__aeabi_idivmod)
c:/program files (x86)/arm gnu toolchain arm-none-eabi/12.2 mpacbti-rel1/bin/../lib/gcc/arm-none-eabi/12.2.1/thumb/v6-m/nofp\libgcc.a(_dvmd_tls.o)
                              c:/program files (x86)/arm gnu toolchain arm-none-eabi/12.2 mpacbti-rel1/bin/../lib/gcc/arm-none-eabi/12.2.1/thumb/v6-m/nofp\libgcc.a(_udivsi3.o) (__aeabi_idiv0)
c:/program files (x86)/arm gnu toolchain arm-none-eabi/12.2 mpacbti-rel1/bin/../lib/gcc/arm-none-eabi/12.2.1/thumb/v6-m/nofp\libgcc.a(_lshrdi3.o)
                              build/radio/sx1276_fhss.o (__aeabi_llsr)
c:/program files (x86)/arm gnu toolchain arm-none-eabi/12.2 mpacbti-rel1/bin/../lib/gcc/arm-none-eabi/12.2.1/thumb/v6-m/nofp\libgcc.a(_ashldi3.o)
                              build/radio/sx1276_airtime.o (__aeabi_llsl)
c:/program files (x86)/arm gnu toolchain arm-none-eabi/12.2 mpacbti-rel1/bin/../lib/gcc/arm-none-eabi/12.2.1/thumb/v6-m/nofp\libgcc.a(_aeabi_ldivmod.o)
                              build/radio/sx1276_airtime.o (__aeabi_ldivmod)
c:/program files (x86)/arm gnu toolchain arm-none-eabi/12.2 mpacbti-rel1/bin/../lib/gcc/arm-none-eabi/12.2.1/thumb/v6-m/nofp\libgcc.a(_aeabi_uldivmod.o)
                              build/radio/sx1276_airtime.o (__aeabi_uldivmod)
c:/program files (x86)/arm gnu toolchain arm-none-eabi/12.2 mpacbti-rel1/bin/../lib/gcc/arm-none-eabi/12.2.1/thumb/v6-m/nofp\libgcc.a(_udivmoddi4.o)
                              c:/program files (x86)/arm gnu toolchain arm-none-eabi/12.2 mpacbti-rel1/bin/../lib/gcc/arm-none-eabi/12.2.1/thumb/v6-m/nofp\libgcc.a(_aeabi_uldivmod.o) (__udivmoddi4)
c:/program files (x86)/arm gnu toolchain arm-none-eabi/12.2 mpacbti-rel1/bin/../lib/gcc/arm-none-eabi/12.2.1/thumb/v6-m/nofp\libgcc.a(bpabi.o)
                              c:/program files (x86)/arm gnu toolchain arm-none-eabi/12.2 mpacbti-rel1/bin/../lib/gcc/arm-none-eabi/12.2.1/thumb/v6-m/nofp\libgcc.a(_aeabi_ldivmod.o) (__gnu_ldivmod_helper)
c:/program files (x86)/arm gnu toolchain arm-none-eabi/12.2 mpacbti-rel1/bin/../lib/gcc/arm-none-eabi/12.2.1/thumb/v6-m/nofp\libgcc.a(_clzdi2.o)
                              c:/program files (x86)/arm gnu toolchain arm-none-eabi/12.2 mpacbti-rel1/bin/../lib/gcc/arm-none-eabi/12.2.1/thumb/v6-m/nofp\libgcc.a(_udivmoddi4.o) (__clzdi2)
c:/program files (x86)/arm gnu toolchain arm-none-eabi/12.2 mpacbti-rel1/bin/../lib/gcc/arm-none-eabi/12.2.1/thumb/v6-m/nofp\libgcc.a(_muldi3.o)
                              c:/program files (x86)/arm gnu toolchain arm-none-eabi/12.2 mpacbti-rel1/bin/../lib/gcc/arm-none-eabi/12.2.1/thumb/v6-m/nofp\libgcc.a(bpabi.o) (__aeabi_lmul)
c:/program files (x86)/arm gnu toolchain arm-none-eabi/12.2 mpacbti-rel1/bin/../lib/gcc/arm-none-eabi/12.2.1/thumb/v6-m/nofp\libgcc.a(_divdi3.o)
                              c:/program files (x86)/arm gnu toolchain arm-none-eabi/12.2 mpacbti-rel1/bin/../lib/gcc/arm-none-eabi/12.2.1/thumb/v6-m/nofp\libgcc.a(bpabi.o) (__divdi3)
c:/program files (x86)/arm gnu toolchain arm-none-eabi/12.2 mpacbti-rel1/bin/../lib/gcc/arm-none-eabi/12.2.1/thumb/v6-m/nofp\libgcc.a(_clzsi2.o)
                              c:/program files (x86)/arm gnu toolchain arm-none-eabi/12.2 mpacbti-rel1/bin/../lib/gcc/arm-none-eabi/12.2.1/thumb/v6-m/nofp\libgcc.a(_clzdi2.o) (__clzsi2)
c:/program files (x86)/arm gnu toolchain arm-none-eabi/12.2 mpacbti-rel1/bin/../lib/gcc/arm-none-eabi/12.2.1/thumb/v6-m/nofp\libc_nano.a(libc_a-memcmp.o)
                              build/host/host_cfg.o (memcmp)
c:/program files (x86)/arm gnu toolchain arm-none-eabi/12.2 mpacbti-rel1/bin/../lib/gcc/arm-none-eabi/12.2.1/thumb/v6-m/nofp\libc_nano.a(libc_a-memset.o)
                              build/host/host_cfg.o (memset)
c:/program files (x86)/arm gnu toolchain arm-none-eabi/12.2 mpacbti-rel1/bin/../lib/gcc/arm-none-eabi/12.2.1/thumb/v6-m/nofp\libc_nano.a(libc_a-memcpy-stub.o)
                              build/host/host_cfg.o (memcpy)
c:/program files (x86)/arm gnu toolchain arm-none-eabi/12.2 mpacbti-rel1/bin/../lib/gcc/arm-none-eabi/12.2.1/thumb/v6-m/nofp\libc_nano.a(libc_a-strlen.o)
                              build/host/host_cmd.o (strlen)

Discarded input sections

 .text          0x00000000        0x0 build/startup.o
 .data          0x00000000        0x0 build/startup.o
 .bss           0x00000000        0x0 build/startup.o
 .comment       0x00000000       0x56 build/startup.o
 .text          0x00000000        0x0 build/main.o
 .data          0x00000000        0x0 build/main.o
 .bss           0x00000000        0x0 build/main.o
 .rodata._mm_anchor_ref
                0x00000000        0x4 build/main.o
 .comment       0x00000000       0x56 build/main.o
 .text          0x00000000        0x0 build/boot/safe_mode.o
 .data          0x00000000        0x0 build/boot/safe_mode.o
 .bss           0x00000000        0x0 build/boot/safe_mode.o
 .comment       0x00000000       0x56 build/boot/safe_mode.o
 .text          0x00000000        0x0 build/hal/platform.o
 .data          0x00000000        0x0 build/hal/platform.o
 .bss           0x00000000        0x0 build/hal/platform.o
 .comment       0x00000000       0x56 build/hal/platform.o
 .text          0x00000000        0x0 build/host/host_cfg.o
 .data          0x00000000        0x0 build/host/host_cfg.o
 .bss           0x00000000        0x0 build/host/host_cfg.o
 .text.cfg_is_dirty
                0x00000000        0xc build/host/host_cfg.o
 .comment       0x00000000       0x56 build/host/host_cfg.o
 .text          0x00000000        0x0 build/host/host_rx_wire.o
 .data          0x00000000        0x0 build/host/host_rx_wire.o
 .bss           0x00000000        0x0 build/host/host_rx_wire.o
 .comment       0x00000000       0x56 build/host/host_rx_wire.o
 .text          0x00000000        0x0 build/host/host_reg_gate.o
 .data          0x00000000        0x0 build/host/host_reg_gate.o
 .bss           0x00000000        0x0 build/host/host_reg_gate.o
 .comment       0x00000000       0x56 build/host/host_reg_gate.o
 .text          0x00000000        0x0 build/host/host_cfg_profile.o
 .data          0x00000000        0x0 build/host/host_cfg_profile.o
 .bss           0x00000000        0x0 build/host/host_cfg_profile.o
 .text.host_cfg_profile_cancel_stage
                0x00000000       0x1c build/host/host_cfg_profile.o
 .text.host_cfg_profile_has_stage
                0x00000000        0xc build/host/host_cfg_profile.o
 .comment       0x00000000       0x56 build/host/host_cfg_profile.o
 .text          0x00000000        0x0 build/host/host_cfg_wire.o
 .data          0x00000000        0x0 build/host/host_cfg_wire.o
 .bss           0x00000000        0x0 build/host/host_cfg_wire.o
 .comment       0x00000000       0x56 build/host/host_cfg_wire.o
 .text          0x00000000        0x0 build/host/host_cmd.o
 .data          0x00000000        0x0 build/host/host_cmd.o
 .bss           0x00000000        0x0 build/host/host_cmd.o
 .comment       0x00000000       0x56 build/host/host_cmd.o
 .text          0x00000000        0x0 build/host/host_rfco.o
 .data          0x00000000        0x0 build/host/host_rfco.o
 .bss           0x00000000        0x0 build/host/host_rfco.o
 .text.host_rfco_blocked_attempts_reset
                0x00000000       0x1c build/host/host_rfco.o
 .text.host_rfco_pertx_window_reset
                0x00000000       0x18 build/host/host_rfco.o
 .comment       0x00000000       0x56 build/host/host_rfco.o
 .text          0x00000000        0x0 build/host/host_rfco_summary.o
 .data          0x00000000        0x0 build/host/host_rfco_summary.o
 .bss           0x00000000        0x0 build/host/host_rfco_summary.o
 .comment       0x00000000       0x56 build/host/host_rfco_summary.o
 .text          0x00000000        0x0 build/host/host_rfco_summary_emit.o
 .data          0x00000000        0x0 build/host/host_rfco_summary_emit.o
 .bss           0x00000000        0x0 build/host/host_rfco_summary_emit.o
 .text.host_rfco_summary_should_emit
                0x00000000       0x10 build/host/host_rfco_summary_emit.o
 .text.host_rfco_summary_reset_wrapper_state
                0x00000000       0x28 build/host/host_rfco_summary_emit.o
 .comment       0x00000000       0x56 build/host/host_rfco_summary_emit.o
 .text          0x00000000        0x0 build/host/host_stats.o
 .data          0x00000000        0x0 build/host/host_stats.o
 .bss           0x00000000        0x0 build/host/host_stats.o
 .comment       0x00000000       0x56 build/host/host_stats.o
 .text          0x00000000        0x0 build/host/host_rx_urc_lost.o
 .data          0x00000000        0x0 build/host/host_rx_urc_lost.o
 .bss           0x00000000        0x0 build/host/host_rx_urc_lost.o
 .comment       0x00000000       0x56 build/host/host_rx_urc_lost.o
 .text          0x00000000        0x0 build/host/host_uart.o
 .data          0x00000000        0x0 build/host/host_uart.o
 .bss           0x00000000        0x0 build/host/host_uart.o
 .bss.s_dma_rx_buf
                0x00000000      0x200 build/host/host_uart.o
 .comment       0x00000000       0x56 build/host/host_uart.o
 .text          0x00000000        0x0 build/radio/sx1276_airtime.o
 .data          0x00000000        0x0 build/radio/sx1276_airtime.o
 .bss           0x00000000        0x0 build/radio/sx1276_airtime.o
 .text.sx1276_airtime_get_budget_us
                0x00000000        0xc build/radio/sx1276_airtime.o
 .comment       0x00000000       0x56 build/radio/sx1276_airtime.o
 .text          0x00000000        0x0 build/radio/sx1276_cad.o
 .data          0x00000000        0x0 build/radio/sx1276_cad.o
 .bss           0x00000000        0x0 build/radio/sx1276_cad.o
 .comment       0x00000000       0x56 build/radio/sx1276_cad.o
 .text          0x00000000        0x0 build/radio/lora_pkt_hdr.o
 .data          0x00000000        0x0 build/radio/lora_pkt_hdr.o
 .bss           0x00000000        0x0 build/radio/lora_pkt_hdr.o
 .comment       0x00000000       0x56 build/radio/lora_pkt_hdr.o
 .text          0x00000000        0x0 build/radio/lora_frames_per_dwell.o
 .data          0x00000000        0x0 build/radio/lora_frames_per_dwell.o
 .bss           0x00000000        0x0 build/radio/lora_frames_per_dwell.o
 .text.lora_frames_per_dwell
                0x00000000       0x28 build/radio/lora_frames_per_dwell.o
 .comment       0x00000000       0x56 build/radio/lora_frames_per_dwell.o
 .ARM.attributes
                0x00000000       0x2c build/radio/lora_frames_per_dwell.o
 .text          0x00000000        0x0 build/radio/sx1276_fhss_chantab.o
 .data          0x00000000        0x0 build/radio/sx1276_fhss_chantab.o
 .bss           0x00000000        0x0 build/radio/sx1276_fhss_chantab.o
 .text.sx1276_fhss_chantab_count
                0x00000000        0x4 build/radio/sx1276_fhss_chantab.o
 .comment       0x00000000       0x56 build/radio/sx1276_fhss_chantab.o
 .text          0x00000000        0x0 build/radio/sx1276_fhss.o
 .data          0x00000000        0x0 build/radio/sx1276_fhss.o
 .bss           0x00000000        0x0 build/radio/sx1276_fhss.o
 .text.sx1276_fhss_epoch_advance
                0x00000000       0x24 build/radio/sx1276_fhss.o
 .text.sx1276_fhss_blacklist
                0x00000000       0x8c build/radio/sx1276_fhss.o
 .text.sx1276_fhss_lbt_block_count
                0x00000000       0x18 build/radio/sx1276_fhss.o
 .text.sx1276_fhss_current_seed
                0x00000000        0xc build/radio/sx1276_fhss.o
 .comment       0x00000000       0x56 build/radio/sx1276_fhss.o
 .text          0x00000000        0x0 build/radio/sx1276_fhss_clock.o
 .data          0x00000000        0x0 build/radio/sx1276_fhss_clock.o
 .bss           0x00000000        0x0 build/radio/sx1276_fhss_clock.o
 .comment       0x00000000       0x56 build/radio/sx1276_fhss_clock.o
 .text          0x00000000        0x0 build/radio/sx1276_lbt.o
 .data          0x00000000        0x0 build/radio/sx1276_lbt.o
 .bss           0x00000000        0x0 build/radio/sx1276_lbt.o
 .text.sx1276_lbt_backoff_remaining_ms
                0x00000000       0x20 build/radio/sx1276_lbt.o
 .comment       0x00000000       0x56 build/radio/sx1276_lbt.o
 .text          0x00000000        0x0 build/radio/sx1276_legal_dwell.o
 .data          0x00000000        0x0 build/radio/sx1276_legal_dwell.o
 .bss           0x00000000        0x0 build/radio/sx1276_legal_dwell.o
 .text.sx1276_legal_dwell_reset
                0x00000000       0x14 build/radio/sx1276_legal_dwell.o
 .text.sx1276_legal_dwell_live_event_count
                0x00000000       0x34 build/radio/sx1276_legal_dwell.o
 .comment       0x00000000       0x56 build/radio/sx1276_legal_dwell.o
 .text          0x00000000        0x0 build/radio/sx1276_modes.o
 .data          0x00000000        0x0 build/radio/sx1276_modes.o
 .bss           0x00000000        0x0 build/radio/sx1276_modes.o
 .text.sx1276_modes_to_rx_single
                0x00000000        0xe build/radio/sx1276_modes.o
 .comment       0x00000000       0x56 build/radio/sx1276_modes.o
 .text          0x00000000        0x0 build/radio/sx1276_rx.o
 .data          0x00000000        0x0 build/radio/sx1276_rx.o
 .bss           0x00000000        0x0 build/radio/sx1276_rx.o
 .comment       0x00000000       0x56 build/radio/sx1276_rx.o
 .text          0x00000000        0x0 build/radio/sx1276_rx_counters.o
 .data          0x00000000        0x0 build/radio/sx1276_rx_counters.o
 .bss           0x00000000        0x0 build/radio/sx1276_rx_counters.o
 .text.sx1276_rx_consider_remote_counts
                0x00000000       0x18 build/radio/sx1276_rx_counters.o
 .text.sx1276_rx_consider_remote_counts_reset
                0x00000000       0x18 build/radio/sx1276_rx_counters.o
 .comment       0x00000000       0x56 build/radio/sx1276_rx_counters.o
 .text          0x00000000        0x0 build/radio/sx1276_rx_retune_policy.o
 .data          0x00000000        0x0 build/radio/sx1276_rx_retune_policy.o
 .bss           0x00000000        0x0 build/radio/sx1276_rx_retune_policy.o
 .comment       0x00000000       0x56 build/radio/sx1276_rx_retune_policy.o
 .text          0x00000000        0x0 build/radio/sx1276_rx_retune_counters.o
 .data          0x00000000        0x0 build/radio/sx1276_rx_retune_counters.o
 .bss           0x00000000        0x0 build/radio/sx1276_rx_retune_counters.o
 .text.sx1276_rx_retune_counts
                0x00000000       0x18 build/radio/sx1276_rx_retune_counters.o
 .text.sx1276_rx_retune_counts_reset
                0x00000000       0x14 build/radio/sx1276_rx_retune_counters.o
 .comment       0x00000000       0x56 build/radio/sx1276_rx_retune_counters.o
 .text          0x00000000        0x0 build/radio/sx1276_rx_scan_policy.o
 .data          0x00000000        0x0 build/radio/sx1276_rx_scan_policy.o
 .bss           0x00000000        0x0 build/radio/sx1276_rx_scan_policy.o
 .comment       0x00000000       0x56 build/radio/sx1276_rx_scan_policy.o
 .text          0x00000000        0x0 build/radio/sx1276_rx_scan_counters.o
 .data          0x00000000        0x0 build/radio/sx1276_rx_scan_counters.o
 .bss           0x00000000        0x0 build/radio/sx1276_rx_scan_counters.o
 .text.sx1276_rx_scan_state_counts
                0x00000000       0x1c build/radio/sx1276_rx_scan_counters.o
 .text.sx1276_rx_scan_action_counts
                0x00000000       0x18 build/radio/sx1276_rx_scan_counters.o
 .text.sx1276_rx_scan_counts_reset
                0x00000000       0x24 build/radio/sx1276_rx_scan_counters.o
 .comment       0x00000000       0x56 build/radio/sx1276_rx_scan_counters.o
 .text          0x00000000        0x0 build/radio/sx1276_rx_scan_fail.o
 .data          0x00000000        0x0 build/radio/sx1276_rx_scan_fail.o
 .bss           0x00000000        0x0 build/radio/sx1276_rx_scan_fail.o
 .comment       0x00000000       0x56 build/radio/sx1276_rx_scan_fail.o
 .text          0x00000000        0x0 build/radio/sx1276_rx_scan_walker.o
 .data          0x00000000        0x0 build/radio/sx1276_rx_scan_walker.o
 .bss           0x00000000        0x0 build/radio/sx1276_rx_scan_walker.o
 .text.sx1276_rx_scan_walker_peek_next
                0x00000000        0xc build/radio/sx1276_rx_scan_walker.o
 .comment       0x00000000       0x56 build/radio/sx1276_rx_scan_walker.o
 .text          0x00000000        0x0 build/radio/sx1276_tx.o
 .data          0x00000000        0x0 build/radio/sx1276_tx.o
 .bss           0x00000000        0x0 build/radio/sx1276_tx.o
 .comment       0x00000000       0x56 build/radio/sx1276_tx.o
 .text          0x00000000        0x0 build/radio/sx1276.o
 .data          0x00000000        0x0 build/radio/sx1276.o
 .bss           0x00000000        0x0 build/radio/sx1276.o
 .text.sx1276_apply_profile_full
                0x00000000       0x26 build/radio/sx1276.o
 .text.sx1276_reg_dump
                0x00000000       0x20 build/radio/sx1276.o
 .comment       0x00000000       0x56 build/radio/sx1276.o
 .text          0x00000000        0x0 build/include/static_asserts.o
 .data          0x00000000        0x0 build/include/static_asserts.o
 .bss           0x00000000        0x0 build/include/static_asserts.o
 .comment       0x00000000       0x56 build/include/static_asserts.o
 .ARM.attributes
                0x00000000       0x2c build/include/static_asserts.o
 .data          0x00000000        0x0 c:/program files (x86)/arm gnu toolchain arm-none-eabi/12.2 mpacbti-rel1/bin/../lib/gcc/arm-none-eabi/12.2.1/thumb/v6-m/nofp\libgcc.a(_thumb1_case_uqi.o)
 .bss           0x00000000        0x0 c:/program files (x86)/arm gnu toolchain arm-none-eabi/12.2 mpacbti-rel1/bin/../lib/gcc/arm-none-eabi/12.2.1/thumb/v6-m/nofp\libgcc.a(_thumb1_case_uqi.o)
 .data          0x00000000        0x0 c:/program files (x86)/arm gnu toolchain arm-none-eabi/12.2 mpacbti-rel1/bin/../lib/gcc/arm-none-eabi/12.2.1/thumb/v6-m/nofp\libgcc.a(_udivsi3.o)
 .bss           0x00000000        0x0 c:/program files (x86)/arm gnu toolchain arm-none-eabi/12.2 mpacbti-rel1/bin/../lib/gcc/arm-none-eabi/12.2.1/thumb/v6-m/nofp\libgcc.a(_udivsi3.o)
 .text          0x00000000      0x1d4 c:/program files (x86)/arm gnu toolchain arm-none-eabi/12.2 mpacbti-rel1/bin/../lib/gcc/arm-none-eabi/12.2.1/thumb/v6-m/nofp\libgcc.a(_divsi3.o)
 .data          0x00000000        0x0 c:/program files (x86)/arm gnu toolchain arm-none-eabi/12.2 mpacbti-rel1/bin/../lib/gcc/arm-none-eabi/12.2.1/thumb/v6-m/nofp\libgcc.a(_divsi3.o)
 .bss           0x00000000        0x0 c:/program files (x86)/arm gnu toolchain arm-none-eabi/12.2 mpacbti-rel1/bin/../lib/gcc/arm-none-eabi/12.2.1/thumb/v6-m/nofp\libgcc.a(_divsi3.o)
 .debug_frame   0x00000000       0x20 c:/program files (x86)/arm gnu toolchain arm-none-eabi/12.2 mpacbti-rel1/bin/../lib/gcc/arm-none-eabi/12.2.1/thumb/v6-m/nofp\libgcc.a(_divsi3.o)
 .debug_line_str
                0x00000000       0xd9 c:/program files (x86)/arm gnu toolchain arm-none-eabi/12.2 mpacbti-rel1/bin/../lib/gcc/arm-none-eabi/12.2.1/thumb/v6-m/nofp\libgcc.a(_divsi3.o)
 .ARM.attributes
                0x00000000       0x1e c:/program files (x86)/arm gnu toolchain arm-none-eabi/12.2 mpacbti-rel1/bin/../lib/gcc/arm-none-eabi/12.2.1/thumb/v6-m/nofp\libgcc.a(_divsi3.o)
 .data          0x00000000        0x0 c:/program files (x86)/arm gnu toolchain arm-none-eabi/12.2 mpacbti-rel1/bin/../lib/gcc/arm-none-eabi/12.2.1/thumb/v6-m/nofp\libgcc.a(_dvmd_tls.o)
 .bss           0x00000000        0x0 c:/program files (x86)/arm gnu toolchain arm-none-eabi/12.2 mpacbti-rel1/bin/../lib/gcc/arm-none-eabi/12.2.1/thumb/v6-m/nofp\libgcc.a(_dvmd_tls.o)
 .data          0x00000000        0x0 c:/program files (x86)/arm gnu toolchain arm-none-eabi/12.2 mpacbti-rel1/bin/../lib/gcc/arm-none-eabi/12.2.1/thumb/v6-m/nofp\libgcc.a(_lshrdi3.o)
 .bss           0x00000000        0x0 c:/program files (x86)/arm gnu toolchain arm-none-eabi/12.2 mpacbti-rel1/bin/../lib/gcc/arm-none-eabi/12.2.1/thumb/v6-m/nofp\libgcc.a(_lshrdi3.o)
 .data          0x00000000        0x0 c:/program files (x86)/arm gnu toolchain arm-none-eabi/12.2 mpacbti-rel1/bin/../lib/gcc/arm-none-eabi/12.2.1/thumb/v6-m/nofp\libgcc.a(_ashldi3.o)
 .bss           0x00000000        0x0 c:/program files (x86)/arm gnu toolchain arm-none-eabi/12.2 mpacbti-rel1/bin/../lib/gcc/arm-none-eabi/12.2.1/thumb/v6-m/nofp\libgcc.a(_ashldi3.o)
 .text          0x00000000       0x48 c:/program files (x86)/arm gnu toolchain arm-none-eabi/12.2 mpacbti-rel1/bin/../lib/gcc/arm-none-eabi/12.2.1/thumb/v6-m/nofp\libgcc.a(_aeabi_ldivmod.o)
 .data          0x00000000        0x0 c:/program files (x86)/arm gnu toolchain arm-none-eabi/12.2 mpacbti-rel1/bin/../lib/gcc/arm-none-eabi/12.2.1/thumb/v6-m/nofp\libgcc.a(_aeabi_ldivmod.o)
 .bss           0x00000000        0x0 c:/program files (x86)/arm gnu toolchain arm-none-eabi/12.2 mpacbti-rel1/bin/../lib/gcc/arm-none-eabi/12.2.1/thumb/v6-m/nofp\libgcc.a(_aeabi_ldivmod.o)
 .debug_line_str
                0x00000000       0xd9 c:/program files (x86)/arm gnu toolchain arm-none-eabi/12.2 mpacbti-rel1/bin/../lib/gcc/arm-none-eabi/12.2.1/thumb/v6-m/nofp\libgcc.a(_aeabi_ldivmod.o)
 .ARM.attributes
                0x00000000       0x1e c:/program files (x86)/arm gnu toolchain arm-none-eabi/12.2 mpacbti-rel1/bin/../lib/gcc/arm-none-eabi/12.2.1/thumb/v6-m/nofp\libgcc.a(_aeabi_ldivmod.o)
 .data          0x00000000        0x0 c:/program files (x86)/arm gnu toolchain arm-none-eabi/12.2 mpacbti-rel1/bin/../lib/gcc/arm-none-eabi/12.2.1/thumb/v6-m/nofp\libgcc.a(_aeabi_uldivmod.o)
 .bss           0x00000000        0x0 c:/program files (x86)/arm gnu toolchain arm-none-eabi/12.2 mpacbti-rel1/bin/../lib/gcc/arm-none-eabi/12.2.1/thumb/v6-m/nofp\libgcc.a(_aeabi_uldivmod.o)
 .text          0x00000000        0x0 c:/program files (x86)/arm gnu toolchain arm-none-eabi/12.2 mpacbti-rel1/bin/../lib/gcc/arm-none-eabi/12.2.1/thumb/v6-m/nofp\libgcc.a(_udivmoddi4.o)
 .data          0x00000000        0x0 c:/program files (x86)/arm gnu toolchain arm-none-eabi/12.2 mpacbti-rel1/bin/../lib/gcc/arm-none-eabi/12.2.1/thumb/v6-m/nofp\libgcc.a(_udivmoddi4.o)
 .bss           0x00000000        0x0 c:/program files (x86)/arm gnu toolchain arm-none-eabi/12.2 mpacbti-rel1/bin/../lib/gcc/arm-none-eabi/12.2.1/thumb/v6-m/nofp\libgcc.a(_udivmoddi4.o)
 .ARM.extab.text.__udivmoddi4
                0x00000000        0x0 c:/program files (x86)/arm gnu toolchain arm-none-eabi/12.2 mpacbti-rel1/bin/../lib/gcc/arm-none-eabi/12.2.1/thumb/v6-m/nofp\libgcc.a(_udivmoddi4.o)
 .text          0x00000000        0x0 c:/program files (x86)/arm gnu toolchain arm-none-eabi/12.2 mpacbti-rel1/bin/../lib/gcc/arm-none-eabi/12.2.1/thumb/v6-m/nofp\libgcc.a(bpabi.o)
 .data          0x00000000        0x0 c:/program files (x86)/arm gnu toolchain arm-none-eabi/12.2 mpacbti-rel1/bin/../lib/gcc/arm-none-eabi/12.2.1/thumb/v6-m/nofp\libgcc.a(bpabi.o)
 .bss           0x00000000        0x0 c:/program files (x86)/arm gnu toolchain arm-none-eabi/12.2 mpacbti-rel1/bin/../lib/gcc/arm-none-eabi/12.2.1/thumb/v6-m/nofp\libgcc.a(bpabi.o)
 .text.__gnu_ldivmod_helper
                0x00000000       0x3c c:/program files (x86)/arm gnu toolchain arm-none-eabi/12.2 mpacbti-rel1/bin/../lib/gcc/arm-none-eabi/12.2.1/thumb/v6-m/nofp\libgcc.a(bpabi.o)
 .debug_frame   0x00000000       0x38 c:/program files (x86)/arm gnu toolchain arm-none-eabi/12.2 mpacbti-rel1/bin/../lib/gcc/arm-none-eabi/12.2.1/thumb/v6-m/nofp\libgcc.a(bpabi.o)
 .ARM.attributes
                0x00000000       0x2c c:/program files (x86)/arm gnu toolchain arm-none-eabi/12.2 mpacbti-rel1/bin/../lib/gcc/arm-none-eabi/12.2.1/thumb/v6-m/nofp\libgcc.a(bpabi.o)
 .data          0x00000000        0x0 c:/program files (x86)/arm gnu toolchain arm-none-eabi/12.2 mpacbti-rel1/bin/../lib/gcc/arm-none-eabi/12.2.1/thumb/v6-m/nofp\libgcc.a(_clzdi2.o)
 .bss           0x00000000        0x0 c:/program files (x86)/arm gnu toolchain arm-none-eabi/12.2 mpacbti-rel1/bin/../lib/gcc/arm-none-eabi/12.2.1/thumb/v6-m/nofp\libgcc.a(_clzdi2.o)
 .text          0x00000000        0x0 c:/program files (x86)/arm gnu toolchain arm-none-eabi/12.2 mpacbti-rel1/bin/../lib/gcc/arm-none-eabi/12.2.1/thumb/v6-m/nofp\libgcc.a(_muldi3.o)
 .data          0x00000000        0x0 c:/program files (x86)/arm gnu toolchain arm-none-eabi/12.2 mpacbti-rel1/bin/../lib/gcc/arm-none-eabi/12.2.1/thumb/v6-m/nofp\libgcc.a(_muldi3.o)
 .bss           0x00000000        0x0 c:/program files (x86)/arm gnu toolchain arm-none-eabi/12.2 mpacbti-rel1/bin/../lib/gcc/arm-none-eabi/12.2.1/thumb/v6-m/nofp\libgcc.a(_muldi3.o)
 .text.__muldi3
                0x00000000       0x5c c:/program files (x86)/arm gnu toolchain arm-none-eabi/12.2 mpacbti-rel1/bin/../lib/gcc/arm-none-eabi/12.2.1/thumb/v6-m/nofp\libgcc.a(_muldi3.o)
 .debug_frame   0x00000000       0x34 c:/program files (x86)/arm gnu toolchain arm-none-eabi/12.2 mpacbti-rel1/bin/../lib/gcc/arm-none-eabi/12.2.1/thumb/v6-m/nofp\libgcc.a(_muldi3.o)
 .ARM.attributes
                0x00000000       0x2c c:/program files (x86)/arm gnu toolchain arm-none-eabi/12.2 mpacbti-rel1/bin/../lib/gcc/arm-none-eabi/12.2.1/thumb/v6-m/nofp\libgcc.a(_muldi3.o)
 .text          0x00000000        0x0 c:/program files (x86)/arm gnu toolchain arm-none-eabi/12.2 mpacbti-rel1/bin/../lib/gcc/arm-none-eabi/12.2.1/thumb/v6-m/nofp\libgcc.a(_divdi3.o)
 .data          0x00000000        0x0 c:/program files (x86)/arm gnu toolchain arm-none-eabi/12.2 mpacbti-rel1/bin/../lib/gcc/arm-none-eabi/12.2.1/thumb/v6-m/nofp\libgcc.a(_divdi3.o)
 .bss           0x00000000        0x0 c:/program files (x86)/arm gnu toolchain arm-none-eabi/12.2 mpacbti-rel1/bin/../lib/gcc/arm-none-eabi/12.2.1/thumb/v6-m/nofp\libgcc.a(_divdi3.o)
 .text.__divdi3
                0x00000000      0x1e4 c:/program files (x86)/arm gnu toolchain arm-none-eabi/12.2 mpacbti-rel1/bin/../lib/gcc/arm-none-eabi/12.2.1/thumb/v6-m/nofp\libgcc.a(_divdi3.o)
 .ARM.extab.text.__divdi3
                0x00000000        0x0 c:/program files (x86)/arm gnu toolchain arm-none-eabi/12.2 mpacbti-rel1/bin/../lib/gcc/arm-none-eabi/12.2.1/thumb/v6-m/nofp\libgcc.a(_divdi3.o)
 .ARM.exidx.text.__divdi3
                0x00000000        0x8 c:/program files (x86)/arm gnu toolchain arm-none-eabi/12.2 mpacbti-rel1/bin/../lib/gcc/arm-none-eabi/12.2.1/thumb/v6-m/nofp\libgcc.a(_divdi3.o)
 .debug_frame   0x00000000       0x3c c:/program files (x86)/arm gnu toolchain arm-none-eabi/12.2 mpacbti-rel1/bin/../lib/gcc/arm-none-eabi/12.2.1/thumb/v6-m/nofp\libgcc.a(_divdi3.o)
 .ARM.attributes
                0x00000000       0x2c c:/program files (x86)/arm gnu toolchain arm-none-eabi/12.2 mpacbti-rel1/bin/../lib/gcc/arm-none-eabi/12.2.1/thumb/v6-m/nofp\libgcc.a(_divdi3.o)
 .data          0x00000000        0x0 c:/program files (x86)/arm gnu toolchain arm-none-eabi/12.2 mpacbti-rel1/bin/../lib/gcc/arm-none-eabi/12.2.1/thumb/v6-m/nofp\libgcc.a(_clzsi2.o)
 .bss           0x00000000        0x0 c:/program files (x86)/arm gnu toolchain arm-none-eabi/12.2 mpacbti-rel1/bin/../lib/gcc/arm-none-eabi/12.2.1/thumb/v6-m/nofp\libgcc.a(_clzsi2.o)
 .text          0x00000000        0x0 c:/program files (x86)/arm gnu toolchain arm-none-eabi/12.2 mpacbti-rel1/bin/../lib/gcc/arm-none-eabi/12.2.1/thumb/v6-m/nofp\libc_nano.a(libc_a-memcmp.o)
 .data          0x00000000        0x0 c:/program files (x86)/arm gnu toolchain arm-none-eabi/12.2 mpacbti-rel1/bin/../lib/gcc/arm-none-eabi/12.2.1/thumb/v6-m/nofp\libc_nano.a(libc_a-memcmp.o)
 .bss           0x00000000        0x0 c:/program files (x86)/arm gnu toolchain arm-none-eabi/12.2 mpacbti-rel1/bin/../lib/gcc/arm-none-eabi/12.2.1/thumb/v6-m/nofp\libc_nano.a(libc_a-memcmp.o)
 .text          0x00000000        0x0 c:/program files (x86)/arm gnu toolchain arm-none-eabi/12.2 mpacbti-rel1/bin/../lib/gcc/arm-none-eabi/12.2.1/thumb/v6-m/nofp\libc_nano.a(libc_a-memset.o)
 .data          0x00000000        0x0 c:/program files (x86)/arm gnu toolchain arm-none-eabi/12.2 mpacbti-rel1/bin/../lib/gcc/arm-none-eabi/12.2.1/thumb/v6-m/nofp\libc_nano.a(libc_a-memset.o)
 .bss           0x00000000        0x0 c:/program files (x86)/arm gnu toolchain arm-none-eabi/12.2 mpacbti-rel1/bin/../lib/gcc/arm-none-eabi/12.2.1/thumb/v6-m/nofp\libc_nano.a(libc_a-memset.o)
 .text          0x00000000        0x0 c:/program files (x86)/arm gnu toolchain arm-none-eabi/12.2 mpacbti-rel1/bin/../lib/gcc/arm-none-eabi/12.2.1/thumb/v6-m/nofp\libc_nano.a(libc_a-memcpy-stub.o)
 .data          0x00000000        0x0 c:/program files (x86)/arm gnu toolchain arm-none-eabi/12.2 mpacbti-rel1/bin/../lib/gcc/arm-none-eabi/12.2.1/thumb/v6-m/nofp\libc_nano.a(libc_a-memcpy-stub.o)
 .bss           0x00000000        0x0 c:/program files (x86)/arm gnu toolchain arm-none-eabi/12.2 mpacbti-rel1/bin/../lib/gcc/arm-none-eabi/12.2.1/thumb/v6-m/nofp\libc_nano.a(libc_a-memcpy-stub.o)
 .data          0x00000000        0x0 c:/program files (x86)/arm gnu toolchain arm-none-eabi/12.2 mpacbti-rel1/bin/../lib/gcc/arm-none-eabi/12.2.1/thumb/v6-m/nofp\libc_nano.a(libc_a-strlen.o)
 .bss           0x00000000        0x0 c:/program files (x86)/arm gnu toolchain arm-none-eabi/12.2 mpacbti-rel1/bin/../lib/gcc/arm-none-eabi/12.2.1/thumb/v6-m/nofp\libc_nano.a(libc_a-strlen.o)

Memory Configuration

Name             Origin             Length             Attributes
FLASH            0x08000000         0x00030000         xr
CFG              0x0802e000         0x00002000         r
RAM              0x20000000         0x00005000         xrw
*default*        0x00000000         0xffffffff

Linker script and memory map

LOAD build/startup.o
LOAD build/main.o
LOAD build/boot/safe_mode.o
LOAD build/hal/platform.o
LOAD build/host/host_cfg.o
LOAD build/host/host_rx_wire.o
LOAD build/host/host_reg_gate.o
LOAD build/host/host_cfg_profile.o
LOAD build/host/host_cfg_wire.o
LOAD build/host/host_cmd.o
LOAD build/host/host_rfco.o
LOAD build/host/host_rfco_summary.o
LOAD build/host/host_rfco_summary_emit.o
LOAD build/host/host_stats.o
LOAD build/host/host_rx_urc_lost.o
LOAD build/host/host_uart.o
LOAD build/radio/sx1276_airtime.o
LOAD build/radio/sx1276_cad.o
LOAD build/radio/lora_pkt_hdr.o
LOAD build/radio/lora_frames_per_dwell.o
LOAD build/radio/sx1276_fhss_chantab.o
LOAD build/radio/sx1276_fhss.o
LOAD build/radio/sx1276_fhss_clock.o
LOAD build/radio/sx1276_lbt.o
LOAD build/radio/sx1276_legal_dwell.o
LOAD build/radio/sx1276_modes.o
LOAD build/radio/sx1276_rx.o
LOAD build/radio/sx1276_rx_counters.o
LOAD build/radio/sx1276_rx_retune_policy.o
LOAD build/radio/sx1276_rx_retune_counters.o
LOAD build/radio/sx1276_rx_scan_policy.o
LOAD build/radio/sx1276_rx_scan_counters.o
LOAD build/radio/sx1276_rx_scan_fail.o
LOAD build/radio/sx1276_rx_scan_walker.o
LOAD build/radio/sx1276_tx.o
LOAD build/radio/sx1276.o
LOAD build/include/static_asserts.o
START GROUP
LOAD c:/program files (x86)/arm gnu toolchain arm-none-eabi/12.2 mpacbti-rel1/bin/../lib/gcc/arm-none-eabi/12.2.1/thumb/v6-m/nofp\libgcc.a
LOAD c:/program files (x86)/arm gnu toolchain arm-none-eabi/12.2 mpacbti-rel1/bin/../lib/gcc/arm-none-eabi/12.2.1/thumb/v6-m/nofp\libc_nano.a
END GROUP
START GROUP
LOAD c:/program files (x86)/arm gnu toolchain arm-none-eabi/12.2 mpacbti-rel1/bin/../lib/gcc/arm-none-eabi/12.2.1/thumb/v6-m/nofp\libgcc.a
LOAD c:/program files (x86)/arm gnu toolchain arm-none-eabi/12.2 mpacbti-rel1/bin/../lib/gcc/arm-none-eabi/12.2.1/thumb/v6-m/nofp\libc_nano.a
LOAD c:/program files (x86)/arm gnu toolchain arm-none-eabi/12.2 mpacbti-rel1/bin/../lib/gcc/arm-none-eabi/12.2.1/thumb/v6-m/nofp\libnosys.a
END GROUP
START GROUP
LOAD c:/program files (x86)/arm gnu toolchain arm-none-eabi/12.2 mpacbti-rel1/bin/../lib/gcc/arm-none-eabi/12.2.1/thumb/v6-m/nofp\libgcc.a
LOAD c:/program files (x86)/arm gnu toolchain arm-none-eabi/12.2 mpacbti-rel1/bin/../lib/gcc/arm-none-eabi/12.2.1/thumb/v6-m/nofp\libc_nano.a
LOAD c:/program files (x86)/arm gnu toolchain arm-none-eabi/12.2 mpacbti-rel1/bin/../lib/gcc/arm-none-eabi/12.2.1/thumb/v6-m/nofp\libnosys.a
END GROUP
                0x20005000                        _estack = 0x20005000
                0x00000a00                        _stack_size = 0xa00
                0x20004600                        _stack_bottom = 0x20004600
                0x08000000                        _app_start = 0x8000000
                0x08030000                        _app_end = 0x8030000
                0x0802e000                        _cfg_start = 0x802e000
                0x08030000                        _cfg_end = 0x8030000

.isr_vector     0x08000000       0xc4
                0x08000000                        . = ALIGN (0x4)
 *(.isr_vector)
 .isr_vector    0x08000000       0xc4 build/startup.o
                0x08000000                g_pfnVectors
                0x080000c4                        . = ALIGN (0x4)

.boot_rodata    0x080000c4       0x14
 .boot_rodata   0x080000c4       0x14 build/boot/safe_mode.o

.text           0x080000d8     0x59ec
                0x080000d8                        . = ALIGN (0x4)
 *(.text)
 .text          0x080000d8       0x14 c:/program files (x86)/arm gnu toolchain arm-none-eabi/12.2 mpacbti-rel1/bin/../lib/gcc/arm-none-eabi/12.2.1/thumb/v6-m/nofp\libgcc.a(_thumb1_case_uqi.o)
                0x080000d8                __gnu_thumb1_case_uqi
 .text          0x080000ec      0x114 c:/program files (x86)/arm gnu toolchain arm-none-eabi/12.2 mpacbti-rel1/bin/../lib/gcc/arm-none-eabi/12.2.1/thumb/v6-m/nofp\libgcc.a(_udivsi3.o)
                0x080000ec                __aeabi_uidiv
                0x080000ec                __udivsi3
                0x080001f8                __aeabi_uidivmod
 .text          0x08000200        0x4 c:/program files (x86)/arm gnu toolchain arm-none-eabi/12.2 mpacbti-rel1/bin/../lib/gcc/arm-none-eabi/12.2.1/thumb/v6-m/nofp\libgcc.a(_dvmd_tls.o)
                0x08000200                __aeabi_idiv0
                0x08000200                __aeabi_ldiv0
 .text          0x08000204       0x18 c:/program files (x86)/arm gnu toolchain arm-none-eabi/12.2 mpacbti-rel1/bin/../lib/gcc/arm-none-eabi/12.2.1/thumb/v6-m/nofp\libgcc.a(_lshrdi3.o)
                0x08000204                __lshrdi3
                0x08000204                __aeabi_llsr
 .text          0x0800021c       0x18 c:/program files (x86)/arm gnu toolchain arm-none-eabi/12.2 mpacbti-rel1/bin/../lib/gcc/arm-none-eabi/12.2.1/thumb/v6-m/nofp\libgcc.a(_ashldi3.o)
                0x0800021c                __aeabi_llsl
                0x0800021c                __ashldi3
 .text          0x08000234       0x40 c:/program files (x86)/arm gnu toolchain arm-none-eabi/12.2 mpacbti-rel1/bin/../lib/gcc/arm-none-eabi/12.2.1/thumb/v6-m/nofp\libgcc.a(_aeabi_uldivmod.o)
                0x08000234                __aeabi_uldivmod
 .text          0x08000274       0x18 c:/program files (x86)/arm gnu toolchain arm-none-eabi/12.2 mpacbti-rel1/bin/../lib/gcc/arm-none-eabi/12.2.1/thumb/v6-m/nofp\libgcc.a(_clzdi2.o)
                0x08000274                __clzdi2
 .text          0x0800028c       0x3c c:/program files (x86)/arm gnu toolchain arm-none-eabi/12.2 mpacbti-rel1/bin/../lib/gcc/arm-none-eabi/12.2.1/thumb/v6-m/nofp\libgcc.a(_clzsi2.o)
                0x0800028c                __clzsi2
 .text          0x080002c8        0xe c:/program files (x86)/arm gnu toolchain arm-none-eabi/12.2 mpacbti-rel1/bin/../lib/gcc/arm-none-eabi/12.2.1/thumb/v6-m/nofp\libc_nano.a(libc_a-strlen.o)
                0x080002c8                strlen
 *(.text.*)
 *fill*         0x080002d6        0x2 
 .text.boot_diag_uart_init_19200
                0x080002d8       0x8c build/startup.o
 .text.boot_diag_uart_puts
                0x08000364       0x24 build/startup.o
 .text.HardFault_Handler
                0x08000388       0x14 build/startup.o
                0x08000388                HardFault_Handler
 .text.Default_Handler
                0x0800039c        0x4 build/startup.o
                0x0800039c                TSC_IRQHandler
                0x0800039c                ADC1_COMP_IRQHandler
                0x0800039c                PVD_IRQHandler
                0x0800039c                PendSV_Handler
                0x0800039c                I2C1_IRQHandler
                0x0800039c                SPI1_IRQHandler
                0x0800039c                TIM6_DAC_IRQHandler
                0x0800039c                EXTI2_3_IRQHandler
                0x0800039c                I2C2_IRQHandler
                0x0800039c                RTC_IRQHandler
                0x0800039c                LCD_IRQHandler
                0x0800039c                DMA1_Channel4_5_6_7_IRQHandler
                0x0800039c                TIM3_IRQHandler
                0x0800039c                RCC_IRQHandler
                0x0800039c                DMA1_Channel1_IRQHandler
                0x0800039c                USART4_5_IRQHandler
                0x0800039c                Default_Handler
                0x0800039c                TIM22_IRQHandler
                0x0800039c                TIM7_IRQHandler
                0x0800039c                USB_IRQHandler
                0x0800039c                I2C3_IRQHandler
                0x0800039c                SPI2_IRQHandler
                0x0800039c                SVC_Handler
                0x0800039c                CRS_IRQHandler
                0x0800039c                TIM21_IRQHandler
                0x0800039c                WWDG_IRQHandler
                0x0800039c                TIM2_IRQHandler
                0x0800039c                DMA1_Channel2_3_IRQHandler
                0x0800039c                USART2_IRQHandler
                0x0800039c                FLASH_IRQHandler
                0x0800039c                LPTIM1_IRQHandler
 .text.NMI_Handler
                0x080003a0       0x28 build/startup.o
                0x080003a0                NMI_Handler
 .text.HardFault_Handler_C
                0x080003c8       0x38 build/startup.o
                0x080003c8                HardFault_Handler_C
 .text.SystemInit
                0x08000400        0x2 build/startup.o
                0x08000400                SystemInit
 *fill*         0x08000402        0x2 
 .text.Reset_Handler
                0x08000404       0xa0 build/startup.o
                0x08000404                Reset_Handler
 .text.startup.main
                0x080004a4      0x21c build/main.o
                0x080004a4                main
 .text.platform_core_hz
                0x080006c0        0xc build/hal/platform.o
                0x080006c0                platform_core_hz
 .text.platform_reset_cause_capture_early
                0x080006cc       0x5c build/hal/platform.o
                0x080006cc                platform_reset_cause_capture_early
 .text.platform_reset_cause_take
                0x08000728       0x1c build/hal/platform.o
                0x08000728                platform_reset_cause_take
 .text.platform_clock_init_hsi16
                0x08000744      0x100 build/hal/platform.o
                0x08000744                platform_clock_init_hsi16
 .text.platform_clock_source_id
                0x08000844        0xc build/hal/platform.o
                0x08000844                platform_clock_source_id
 .text.platform_systick_init_1ms
                0x08000850       0x34 build/hal/platform.o
                0x08000850                platform_systick_init_1ms
 .text.platform_now_ms
                0x08000884        0xc build/hal/platform.o
                0x08000884                platform_now_ms
 .text.platform_now_us
                0x08000890       0x48 build/hal/platform.o
                0x08000890                platform_now_us
 .text.platform_delay_ms
                0x080008d8       0x14 build/hal/platform.o
                0x080008d8                platform_delay_ms
 .text.platform_diag_trace
                0x080008ec       0x40 build/hal/platform.o
                0x080008ec                platform_diag_trace
 .text.platform_irq_enable
                0x0800092c       0x3c build/hal/platform.o
                0x0800092c                platform_irq_enable
 .text.platform_system_reset
                0x08000968       0x10 build/hal/platform.o
                0x08000968                platform_system_reset
 .text.platform_fault_record
                0x08000978       0x28 build/hal/platform.o
                0x08000978                platform_fault_record
 .text.platform_fault_take_replay
                0x080009a0       0x3c build/hal/platform.o
                0x080009a0                platform_fault_take_replay
 .text.SysTick_Handler
                0x080009dc       0x10 build/hal/platform.o
                0x080009dc                SysTick_Handler
 .text.cfg_apply_unsupported
                0x080009ec        0x4 build/host/host_cfg.o
 .text.read_u64_le
                0x080009f0       0x2c build/host/host_cfg.o
 .text.cfg_find_index
                0x08000a1c       0x20 build/host/host_cfg.o
 .text.cfg_apply_tx_power_dbm
                0x08000a3c       0x14 build/host/host_cfg.o
 .text.cfg_active_erp_max_dbm
                0x08000a50       0x1c build/host/host_cfg.o
 .text.cfg_init
                0x08000a6c       0x80 build/host/host_cfg.o
                0x08000a6c                cfg_init
 .text.cfg_set  0x08000aec      0x2d0 build/host/host_cfg.o
                0x08000aec                cfg_set
 .text.cfg_get  0x08000dbc       0x60 build/host/host_cfg.o
                0x08000dbc                cfg_get
 .text.host_rx_frame_urc_pack
                0x08000e1c       0x98 build/host/host_rx_wire.o
                0x08000e1c                host_rx_frame_urc_pack
 .text.host_reg_write_allowed
                0x08000eb4       0x58 build/host/host_reg_gate.o
                0x08000eb4                host_reg_write_allowed
 .text.host_cfg_profile_tier_ceiling_dBm
                0x08000f0c       0x14 build/host/host_cfg_profile.o
                0x08000f0c                host_cfg_profile_tier_ceiling_dBm
 .text.host_cfg_profile_default_bw_hz
                0x08000f20       0x14 build/host/host_cfg_profile.o
                0x08000f20                host_cfg_profile_default_bw_hz
 .text.host_cfg_profile_reject_to_cfg_status
                0x08000f34       0x14 build/host/host_cfg_profile.o
                0x08000f34                host_cfg_profile_reject_to_cfg_status
 .text.host_cfg_profile_power_clamp
                0x08000f48       0x1c build/host/host_cfg_profile.o
                0x08000f48                host_cfg_profile_power_clamp
 .text.host_cfg_profile_validate
                0x08000f64       0xb4 build/host/host_cfg_profile.o
                0x08000f64                host_cfg_profile_validate
 .text.host_cfg_profile_reset
                0x08001018       0x3c build/host/host_cfg_profile.o
                0x08001018                host_cfg_profile_reset
 .text.host_cfg_profile_stage
                0x08001054       0x34 build/host/host_cfg_profile.o
                0x08001054                host_cfg_profile_stage
 .text.host_cfg_profile_activate
                0x08001088       0xa8 build/host/host_cfg_profile.o
                0x08001088                host_cfg_profile_activate
 .text.host_cfg_profile_active
                0x08001130        0x8 build/host/host_cfg_profile.o
                0x08001130                host_cfg_profile_active
 .text.host_cfg_wire_encode_ok
                0x08001138       0x28 build/host/host_cfg_wire.o
                0x08001138                host_cfg_wire_encode_ok
 .text.host_cfg_wire_encode_data
                0x08001160       0x3e build/host/host_cfg_wire.o
                0x08001160                host_cfg_wire_encode_data
 .text.at_get_u32_le
                0x0800119e       0x1c build/host/host_cmd.o
 .text.put_u32_le
                0x080011ba       0x10 build/host/host_cmd.o
 *fill*         0x080011ca        0x2 
 .text.handle_tx_frame
                0x080011cc       0xd8 build/host/host_cmd.o
 .text.at_send_ok
                0x080012a4       0x10 build/host/host_cmd.o
 .text.at_send_hex_nibble
                0x080012b4       0x20 build/host/host_cmd.o
 .text.host_send_fault_urc.part.0
                0x080012d4       0x56 build/host/host_cmd.o
 *fill*         0x0800132a        0x2 
 .text.at_send_u32
                0x0800132c       0x5c build/host/host_cmd.o
 .text.at_send_key_u32
                0x08001388       0x1c build/host/host_cmd.o
 .text.at_line_equals
                0x080013a4       0x72 build/host/host_cmd.o
 *fill*         0x08001416        0x2 
 .text.at_send_version_triplet
                0x08001418       0x30 build/host/host_cmd.o
 .text.host_cmd_emit_stats_snapshot
                0x08001448       0x22 build/host/host_cmd.o
                0x08001448                host_cmd_emit_stats_snapshot
 *fill*         0x0800146a        0x2 
 .text.host_cmd_init
                0x0800146c       0xd0 build/host/host_cmd.o
                0x0800146c                host_cmd_init
 .text.host_cmd_dispatch
                0x0800153c      0x330 build/host/host_cmd.o
                0x0800153c                host_cmd_dispatch
 .text.host_cmd_dispatch_at_line
                0x0800186c      0x454 build/host/host_cmd.o
                0x0800186c                host_cmd_dispatch_at_line
 .text.host_cmd_on_radio_events
                0x08001cc0        0x8 build/host/host_cmd.o
                0x08001cc0                host_cmd_on_radio_events
 .text.host_cmd_emit_tx_done
                0x08001cc8       0x2e build/host/host_cmd.o
                0x08001cc8                host_cmd_emit_tx_done
 *fill*         0x08001cf6        0x2 
 .text.host_cmd_tx_mailbox_pending
                0x08001cf8       0x10 build/host/host_cmd.o
                0x08001cf8                host_cmd_tx_mailbox_pending
 .text.host_cmd_service_tx_mailbox
                0x08001d08       0x80 build/host/host_cmd.o
                0x08001d08                host_cmd_service_tx_mailbox
 .text.host_cmd_emit_fault
                0x08001d88       0x1c build/host/host_cmd.o
                0x08001d88                host_cmd_emit_fault
 .text.host_cmd_emit_rx_frame
                0x08001da4       0x28 build/host/host_cmd.o
                0x08001da4                host_cmd_emit_rx_frame
 .text.host_rfco_pertx_pack
                0x08001dcc       0x62 build/host/host_rfco.o
                0x08001dcc                host_rfco_pertx_pack
 *fill*         0x08001e2e        0x2 
 .text.host_rfco_blocked_attempts_record
                0x08001e30       0x2c build/host/host_rfco.o
                0x08001e30                host_rfco_blocked_attempts_record
 .text.host_rfco_blocked_attempts_snapshot_and_clear
                0x08001e5c       0x24 build/host/host_rfco.o
                0x08001e5c                host_rfco_blocked_attempts_snapshot_and_clear
 .text.host_rfco_pertx_window_record
                0x08001e80       0x24 build/host/host_rfco.o
                0x08001e80                host_rfco_pertx_window_record
 .text.host_rfco_pertx_emit
                0x08001ea4       0x4a build/host/host_rfco.o
                0x08001ea4                host_rfco_pertx_emit
 *fill*         0x08001eee        0x2 
 .text.host_rfco_pertx_count_in_window_snapshot_and_clear
                0x08001ef0       0x18 build/host/host_rfco.o
                0x08001ef0                host_rfco_pertx_count_in_window_snapshot_and_clear
 .text.host_rfco_last_clamp_reason_snapshot_and_clear
                0x08001f08       0x10 build/host/host_rfco.o
                0x08001f08                host_rfco_last_clamp_reason_snapshot_and_clear
 .text.host_rfco_summary_pack
                0x08001f18       0xe8 build/host/host_rfco_summary.o
                0x08001f18                host_rfco_summary_pack
 .text.host_rfco_summary_emit
                0x08002000       0xf8 build/host/host_rfco_summary_emit.o
                0x08002000                host_rfco_summary_emit
 .text.host_rfco_summary_tick
                0x080020f8       0x3c build/host/host_rfco_summary_emit.o
                0x080020f8                host_rfco_summary_tick
 .text.put_u32_le
                0x08002134       0x10 build/host/host_stats.o
 .text.host_stats_reset
                0x08002144       0x7c build/host/host_stats.o
                0x08002144                host_stats_reset
 .text.host_stats_tx_fifo_rb_ok
                0x080021c0       0x10 build/host/host_stats.o
                0x080021c0                host_stats_tx_fifo_rb_ok
 .text.host_stats_tx_fifo_rb_bad
                0x080021d0       0x10 build/host/host_stats.o
                0x080021d0                host_stats_tx_fifo_rb_bad
 .text.host_stats_tx_done_early
                0x080021e0       0x10 build/host/host_stats.o
                0x080021e0                host_stats_tx_done_early
 .text.host_stats_radio_rx_ok
                0x080021f0       0x10 build/host/host_stats.o
                0x080021f0                host_stats_radio_rx_ok
 .text.host_stats_radio_crc_err
                0x08002200       0x10 build/host/host_stats.o
                0x08002200                host_stats_radio_crc_err
 .text.host_stats_radio_tx_ok
                0x08002210       0x10 build/host/host_stats.o
                0x08002210                host_stats_radio_tx_ok
 .text.host_stats_radio_tx_abort_lbt
                0x08002220       0x10 build/host/host_stats.o
                0x08002220                host_stats_radio_tx_abort_lbt
 .text.host_stats_radio_tx_abort_airtime
                0x08002230       0x10 build/host/host_stats.o
                0x08002230                host_stats_radio_tx_abort_airtime
 .text.host_stats_rx_urc_lost_add
                0x08002240       0x18 build/host/host_stats.o
                0x08002240                host_stats_rx_urc_lost_add
 .text.host_stats_rx_pretx_drained_add
                0x08002258       0x18 build/host/host_stats.o
                0x08002258                host_stats_rx_pretx_drained_add
 .text.host_stats_note_radio_events
                0x08002270       0x44 build/host/host_stats.o
                0x08002270                host_stats_note_radio_events
 .text.host_stats_serialize
                0x080022b4      0x24c build/host/host_stats.o
                0x080022b4                host_stats_serialize
 .text.host_rx_urc_lost_eval
                0x08002500       0x12 build/host/host_rx_urc_lost.o
                0x08002500                host_rx_urc_lost_eval
 *fill*         0x08002512        0x2 
 .text.host_uart_note_trace
                0x08002514       0x10 build/host/host_uart.o
 .text.crc16_ccitt
                0x08002524       0x3c build/host/host_uart.o
 .text.usart2_write_byte
                0x08002560       0x18 build/host/host_uart.o
 .text.usart2_write_bytes
                0x08002578       0x24 build/host/host_uart.o
 .text.host_uart_send_urc.part.0
                0x0800259c      0x120 build/host/host_uart.o
 .text.process_encoded_frame
                0x080026bc      0x1f0 build/host/host_uart.o
 .text.ingest_binary_byte
                0x080028ac       0x6c build/host/host_uart.o
 .text.gpio_set_alt.constprop.0
                0x08002918       0x70 build/host/host_uart.o
 .text.rx_ring_push.isra.0
                0x08002988       0x40 build/host/host_uart.o
 .text.at_replay_candidate_to_binary
                0x080029c8       0x30 build/host/host_uart.o
 .text.host_uart_poll_dma
                0x080029f8      0x164 build/host/host_uart.o
                0x080029f8                host_uart_poll_dma
 .text.host_uart_service_rx
                0x08002b5c      0x13c build/host/host_uart.o
                0x08002b5c                host_uart_service_rx
 .text.host_uart_flush_diag_traces
                0x08002c98       0xd4 build/host/host_uart.o
                0x08002c98                host_uart_flush_diag_traces
 .text.host_uart_pop_frame
                0x08002d6c       0x54 build/host/host_uart.o
                0x08002d6c                host_uart_pop_frame
 .text.host_uart_send_urc
                0x08002dc0       0x2c build/host/host_uart.o
                0x08002dc0                host_uart_send_urc
 .text.host_uart_send_ascii
                0x08002dec       0x24 build/host/host_uart.o
                0x08002dec                host_uart_send_ascii
 .text.host_uart_send_err_proto
                0x08002e10       0x2a build/host/host_uart.o
                0x08002e10                host_uart_send_err_proto
 *fill*         0x08002e3a        0x2 
 .text.host_uart_stats_reset
                0x08002e3c      0x100 build/host/host_uart.o
                0x08002e3c                host_uart_stats_reset
 .text.host_uart_init
                0x08002f3c      0x198 build/host/host_uart.o
                0x08002f3c                host_uart_init
 .text.host_uart_stats_dropped
                0x080030d4        0xc build/host/host_uart.o
                0x080030d4                host_uart_stats_dropped
 .text.host_uart_stats_errors
                0x080030e0        0xc build/host/host_uart.o
                0x080030e0                host_uart_stats_errors
 .text.host_uart_stats_queue_full
                0x080030ec        0xc build/host/host_uart.o
                0x080030ec                host_uart_stats_queue_full
 .text.host_uart_stats_irq_idle
                0x080030f8        0xc build/host/host_uart.o
                0x080030f8                host_uart_stats_irq_idle
 .text.host_uart_stats_irq_ht
                0x08003104        0xc build/host/host_uart.o
                0x08003104                host_uart_stats_irq_ht
 .text.host_uart_stats_irq_tc
                0x08003110        0xc build/host/host_uart.o
                0x08003110                host_uart_stats_irq_tc
 .text.host_uart_stats_irq_te
                0x0800311c        0xc build/host/host_uart.o
                0x0800311c                host_uart_stats_irq_te
 .text.host_uart_stats_rx_bytes
                0x08003128        0xc build/host/host_uart.o
                0x08003128                host_uart_stats_rx_bytes
 .text.host_uart_stats_rx_lpuart_bytes
                0x08003134        0xc build/host/host_uart.o
                0x08003134                host_uart_stats_rx_lpuart_bytes
 .text.host_uart_stats_rx_usart1_bytes
                0x08003140        0xc build/host/host_uart.o
                0x08003140                host_uart_stats_rx_usart1_bytes
 .text.host_uart_stats_parse_ok
                0x0800314c        0xc build/host/host_uart.o
                0x0800314c                host_uart_stats_parse_ok
 .text.host_uart_stats_parse_err
                0x08003158        0xc build/host/host_uart.o
                0x08003158                host_uart_stats_parse_err
 .text.host_uart_stats_uart_err_lpuart
                0x08003164        0xc build/host/host_uart.o
                0x08003164                host_uart_stats_uart_err_lpuart
 .text.host_uart_stats_uart_err_usart1
                0x08003170        0xc build/host/host_uart.o
                0x08003170                host_uart_stats_uart_err_usart1
 .text.host_uart_stats_uart_pe_lpuart
                0x0800317c        0xc build/host/host_uart.o
                0x0800317c                host_uart_stats_uart_pe_lpuart
 .text.host_uart_stats_uart_fe_lpuart
                0x08003188        0xc build/host/host_uart.o
                0x08003188                host_uart_stats_uart_fe_lpuart
 .text.host_uart_stats_uart_ne_lpuart
                0x08003194        0xc build/host/host_uart.o
                0x08003194                host_uart_stats_uart_ne_lpuart
 .text.host_uart_stats_uart_ore_lpuart
                0x080031a0        0xc build/host/host_uart.o
                0x080031a0                host_uart_stats_uart_ore_lpuart
 .text.host_uart_stats_uart_pe_usart1
                0x080031ac        0xc build/host/host_uart.o
                0x080031ac                host_uart_stats_uart_pe_usart1
 .text.host_uart_stats_uart_fe_usart1
                0x080031b8        0xc build/host/host_uart.o
                0x080031b8                host_uart_stats_uart_fe_usart1
 .text.host_uart_stats_uart_ne_usart1
                0x080031c4        0xc build/host/host_uart.o
                0x080031c4                host_uart_stats_uart_ne_usart1
 .text.host_uart_stats_uart_ore_usart1
                0x080031d0        0xc build/host/host_uart.o
                0x080031d0                host_uart_stats_uart_ore_usart1
 .text.host_uart_stats_rx_ring_ovf
                0x080031dc        0xc build/host/host_uart.o
                0x080031dc                host_uart_stats_rx_ring_ovf
 .text.host_uart_take_dma_te_events
                0x080031e8       0x18 build/host/host_uart.o
                0x080031e8                host_uart_take_dma_te_events
 .text.host_uart_take_rx_seen_flags
                0x08003200       0x1c build/host/host_uart.o
                0x08003200                host_uart_take_rx_seen_flags
 .text.host_uart_note_diag_mark
                0x0800321c       0x1c build/host/host_uart.o
                0x0800321c                host_uart_note_diag_mark
 .text.host_uart_take_diag_marks
                0x08003238       0x1c build/host/host_uart.o
                0x08003238                host_uart_take_diag_marks
 .text.RNG_LPUART1_IRQHandler
                0x08003254       0xe0 build/host/host_uart.o
                0x08003254                RNG_LPUART1_IRQHandler
 .text.USART1_IRQHandler
                0x08003334       0xe0 build/host/host_uart.o
                0x08003334                USART1_IRQHandler
 .text.sx1276_airtime_set_budget_us
                0x08003414       0x24 build/radio/sx1276_airtime.o
                0x08003414                sx1276_airtime_set_budget_us
 .text.sx1276_airtime_compute_toa_us
                0x08003438       0xd0 build/radio/sx1276_airtime.o
                0x08003438                sx1276_airtime_compute_toa_us
 .text.sx1276_airtime_config_invariant_ok
                0x08003508       0x48 build/radio/sx1276_airtime.o
                0x08003508                sx1276_airtime_config_invariant_ok
 .text.sx1276_airtime_estimate_toa_us
                0x08003550       0x94 build/radio/sx1276_airtime.o
                0x08003550                sx1276_airtime_estimate_toa_us
 .text.sx1276_airtime_reserve
                0x080035e4       0x58 build/radio/sx1276_airtime.o
                0x080035e4                sx1276_airtime_reserve
 .text.sx1276_airtime_release
                0x0800363c       0x20 build/radio/sx1276_airtime.o
                0x0800363c                sx1276_airtime_release
 .text.sx1276_airtime_commit
                0x0800365c       0x44 build/radio/sx1276_airtime.o
                0x0800365c                sx1276_airtime_commit
 .text.sx1276_cad_begin
                0x080036a0       0x28 build/radio/sx1276_cad.o
                0x080036a0                sx1276_cad_begin
 .text.sx1276_cad_abort
                0x080036c8       0x20 build/radio/sx1276_cad.o
                0x080036c8                sx1276_cad_abort
 .text.sx1276_cad_poll
                0x080036e8       0x40 build/radio/sx1276_cad.o
                0x080036e8                sx1276_cad_poll
 .text.lora_pkt_hdr_pack
                0x08003728       0x30 build/radio/lora_pkt_hdr.o
                0x08003728                lora_pkt_hdr_pack
 .text.lora_pkt_hdr_unpack
                0x08003758       0x40 build/radio/lora_pkt_hdr.o
                0x08003758                lora_pkt_hdr_unpack
 .text.sx1276_fhss_chantab_center_hz
                0x08003798       0x1c build/radio/sx1276_fhss_chantab.o
                0x08003798                sx1276_fhss_chantab_center_hz
 .text.sx1276_fhss_compute_seed
                0x080037b4       0x54 build/radio/sx1276_fhss.o
                0x080037b4                sx1276_fhss_compute_seed
 .text.sx1276_fhss_compute_permutation
                0x08003808       0x4c build/radio/sx1276_fhss.o
                0x08003808                sx1276_fhss_compute_permutation
 .text.rebuild_epoch_permutation
                0x08003854       0x2c build/radio/sx1276_fhss.o
 .text.sx1276_fhss_reset
                0x08003880       0x14 build/radio/sx1276_fhss.o
                0x08003880                sx1276_fhss_reset
 .text.sx1276_fhss_init
                0x08003894       0x40 build/radio/sx1276_fhss.o
                0x08003894                sx1276_fhss_init
 .text.sx1276_fhss_next_channel
                0x080038d4       0x90 build/radio/sx1276_fhss.o
                0x080038d4                sx1276_fhss_next_channel
 .text.sx1276_fhss_snap_to
                0x08003964       0x34 build/radio/sx1276_fhss.o
                0x08003964                sx1276_fhss_snap_to
 .text.sx1276_fhss_consider_remote
                0x08003998       0x60 build/radio/sx1276_fhss.o
                0x08003998                sx1276_fhss_consider_remote
 .text.sx1276_fhss_active_count
                0x080039f8       0x40 build/radio/sx1276_fhss.o
                0x080039f8                sx1276_fhss_active_count
 .text.sx1276_fhss_record_lbt_block
                0x08003a38       0x1c build/radio/sx1276_fhss.o
                0x08003a38                sx1276_fhss_record_lbt_block
 .text.sx1276_fhss_record_hop
                0x08003a54       0x20 build/radio/sx1276_fhss.o
                0x08003a54                sx1276_fhss_record_hop
 .text.sx1276_fhss_hop_count_snapshot_and_clear
                0x08003a74       0x2c build/radio/sx1276_fhss.o
                0x08003a74                sx1276_fhss_hop_count_snapshot_and_clear
 .text.sx1276_fhss_current_epoch
                0x08003aa0        0xc build/radio/sx1276_fhss.o
                0x08003aa0                sx1276_fhss_current_epoch
 .text.sx1276_fhss_current_slot
                0x08003aac        0xc build/radio/sx1276_fhss.o
                0x08003aac                sx1276_fhss_current_slot
 .text.sx1276_fhss_is_initialized
                0x08003ab8        0xc build/radio/sx1276_fhss.o
                0x08003ab8                sx1276_fhss_is_initialized
 .text.sx1276_fhss_clock_reset
                0x08003ac4       0x10 build/radio/sx1276_fhss_clock.o
                0x08003ac4                sx1276_fhss_clock_reset
 .text.sx1276_fhss_clock_anchor
                0x08003ad4       0x10 build/radio/sx1276_fhss_clock.o
                0x08003ad4                sx1276_fhss_clock_anchor
 .text.sx1276_fhss_clock_valid
                0x08003ae4        0xc build/radio/sx1276_fhss_clock.o
                0x08003ae4                sx1276_fhss_clock_valid
 .text.sx1276_fhss_clock_abs_slot
                0x08003af0       0x18 build/radio/sx1276_fhss_clock.o
                0x08003af0                sx1276_fhss_clock_abs_slot
 .text.sx1276_fhss_clock_in_slot_ms
                0x08003b08       0x18 build/radio/sx1276_fhss_clock.o
                0x08003b08                sx1276_fhss_clock_in_slot_ms
 .text.sx1276_fhss_clock_anchor_rx
                0x08003b20       0x28 build/radio/sx1276_fhss_clock.o
                0x08003b20                sx1276_fhss_clock_anchor_rx
 .text.sx1276_fhss_clock_age_ms
                0x08003b48        0xc build/radio/sx1276_fhss_clock.o
                0x08003b48                sx1276_fhss_clock_age_ms
 .text.lbt_arm_backoff
                0x08003b54       0x38 build/radio/sx1276_lbt.o
 .text.cfg_read_u8
                0x08003b8c       0x30 build/radio/sx1276_lbt.o
 .text.sx1276_lbt_check_and_backoff
                0x08003bbc      0x108 build/radio/sx1276_lbt.o
                0x08003bbc                sx1276_lbt_check_and_backoff
 .text.sx1276_legal_dwell_used_us
                0x08003cc4       0x50 build/radio/sx1276_legal_dwell.o
                0x08003cc4                sx1276_legal_dwell_used_us
 .text.sx1276_legal_dwell_reserve
                0x08003d14       0xc4 build/radio/sx1276_legal_dwell.o
                0x08003d14                sx1276_legal_dwell_reserve
 .text.sx1276_legal_dwell_reconcile
                0x08003dd8       0x34 build/radio/sx1276_legal_dwell.o
                0x08003dd8                sx1276_legal_dwell_reconcile
 .text.sx1276_legal_dwell_peak_us_snapshot_and_clear
                0x08003e0c       0x20 build/radio/sx1276_legal_dwell.o
                0x08003e0c                sx1276_legal_dwell_peak_us_snapshot_and_clear
 .text.mode_desc_for_state
                0x08003e2c       0x30 build/radio/sx1276_modes.o
 .text.sx1276_delay_us
                0x08003e5c       0x16 build/radio/sx1276_modes.o
 *fill*         0x08003e72        0x2 
 .text.sx1276_modes_apply
                0x08003e74       0xb8 build/radio/sx1276_modes.o
 .text.sx1276_modes_get_state
                0x08003f2c        0xc build/radio/sx1276_modes.o
                0x08003f2c                sx1276_modes_get_state
 .text.sx1276_modes_sync_external
                0x08003f38       0x34 build/radio/sx1276_modes.o
                0x08003f38                sx1276_modes_sync_external
 .text.sx1276_modes_to_sleep
                0x08003f6c        0xe build/radio/sx1276_modes.o
                0x08003f6c                sx1276_modes_to_sleep
 .text.sx1276_modes_to_standby
                0x08003f7a        0xe build/radio/sx1276_modes.o
                0x08003f7a                sx1276_modes_to_standby
 .text.sx1276_modes_to_tx
                0x08003f88        0xe build/radio/sx1276_modes.o
                0x08003f88                sx1276_modes_to_tx
 .text.sx1276_modes_to_rx_cont
                0x08003f96        0xe build/radio/sx1276_modes.o
                0x08003f96                sx1276_modes_to_rx_cont
 .text.sx1276_modes_to_cad
                0x08003fa4       0x16 build/radio/sx1276_modes.o
                0x08003fa4                sx1276_modes_to_cad
 *fill*         0x08003fba        0x2 
 .text.sx1276_modes_init
                0x08003fbc       0x48 build/radio/sx1276_modes.o
                0x08003fbc                sx1276_modes_init
 .text.rx_pll_settle_busy_wait.constprop.0
                0x08004004       0x18 build/radio/sx1276_rx.o
 .text.sx1276_rx_arm
                0x0800401c       0x2a build/radio/sx1276_rx.o
                0x0800401c                sx1276_rx_arm
 *fill*         0x08004046        0x2 
 .text.scan_dispatch_action
                0x08004048       0xcc build/radio/sx1276_rx.o
 .text.scan_drive
                0x08004114       0xa8 build/radio/sx1276_rx.o
 .text.scan_feed_frame
                0x080041bc       0x18 build/radio/sx1276_rx.o
 .text.sx1276_rx_disarm
                0x080041d4        0x8 build/radio/sx1276_rx.o
                0x080041d4                sx1276_rx_disarm
 .text.sx1276_rx_service
                0x080041dc      0x1f4 build/radio/sx1276_rx.o
                0x080041dc                sx1276_rx_service
 .text.sx1276_rx_tick
                0x080043d0       0x8c build/radio/sx1276_rx.o
                0x080043d0                sx1276_rx_tick
 .text.sx1276_rx_scan_tick
                0x0800445c        0xe build/radio/sx1276_rx.o
                0x0800445c                sx1276_rx_scan_tick
 *fill*         0x0800446a        0x2 
 .text.sx1276_rx_slot_follow
                0x0800446c       0x8c build/radio/sx1276_rx.o
                0x0800446c                sx1276_rx_slot_follow
 .text.sx1276_rx_scan_reset
                0x080044f8       0x44 build/radio/sx1276_rx.o
                0x080044f8                sx1276_rx_scan_reset
 .text.sx1276_rx_counter_record
                0x0800453c       0x18 build/radio/sx1276_rx_counters.o
                0x0800453c                sx1276_rx_counter_record
 .text.sx1276_rx_retune_eval
                0x08004554       0x26 build/radio/sx1276_rx_retune_policy.o
                0x08004554                sx1276_rx_retune_eval
 *fill*         0x0800457a        0x2 
 .text.sx1276_rx_retune_counter_record
                0x0800457c       0x18 build/radio/sx1276_rx_retune_counters.o
                0x0800457c                sx1276_rx_retune_counter_record
 .text.sx1276_rx_scan_eval
                0x08004594       0xac build/radio/sx1276_rx_scan_policy.o
                0x08004594                sx1276_rx_scan_eval
 .text.sx1276_rx_scan_counter_record
                0x08004640       0x30 build/radio/sx1276_rx_scan_counters.o
                0x08004640                sx1276_rx_scan_counter_record
 .text.sx1276_rx_scan_fail_eval
                0x08004670       0x5e build/radio/sx1276_rx_scan_fail.o
                0x08004670                sx1276_rx_scan_fail_eval
 *fill*         0x080046ce        0x2 
 .text.sx1276_rx_scan_walker_reset
                0x080046d0        0xc build/radio/sx1276_rx_scan_walker.o
                0x080046d0                sx1276_rx_scan_walker_reset
 .text.sx1276_rx_scan_walker_next
                0x080046dc       0x28 build/radio/sx1276_rx_scan_walker.o
                0x080046dc                sx1276_rx_scan_walker_next
 .text.tx_emit_rfco_pertx
                0x08004704       0x70 build/radio/sx1276_tx.o
 .text.sx1276_tx_cleanup
                0x08004774       0x2c build/radio/sx1276_tx.o
 .text.sx1276_tx_begin
                0x080047a0      0x39c build/radio/sx1276_tx.o
                0x080047a0                sx1276_tx_begin
 .text.sx1276_tx_poll
                0x08004b3c      0x16c build/radio/sx1276_tx.o
                0x08004b3c                sx1276_tx_poll
 .text.sx1276_tx_busy
                0x08004ca8       0x10 build/radio/sx1276_tx.o
                0x08004ca8                sx1276_tx_busy
 .text.sx1276_tx_slot_wait_us
                0x08004cb8       0x6c build/radio/sx1276_tx.o
                0x08004cb8                sx1276_tx_slot_wait_us
 .text.gpio_mode_output
                0x08004d24       0x32 build/radio/sx1276.o
 .text.gpio_mode_input
                0x08004d56       0x14 build/radio/sx1276.o
 *fill*         0x08004d6a        0x2 
 .text.spi1_transfer
                0x08004d6c       0x2c build/radio/sx1276.o
 .text.sx1276_select
                0x08004d98       0x18 build/radio/sx1276.o
 .text.sx1276_radio_reset
                0x08004db0       0x34 build/radio/sx1276.o
                0x08004db0                sx1276_radio_reset
 .text.sx1276_read_reg
                0x08004de4       0x24 build/radio/sx1276.o
                0x08004de4                sx1276_read_reg
 .text.sx1276_write_reg
                0x08004e08       0x22 build/radio/sx1276.o
                0x08004e08                sx1276_write_reg
 .text.sx1276_read_burst
                0x08004e2a       0x2e build/radio/sx1276.o
                0x08004e2a                sx1276_read_burst
 .text.sx1276_write_burst
                0x08004e58       0x2e build/radio/sx1276.o
                0x08004e58                sx1276_write_burst
 .text.sx1276_read_version
                0x08004e86        0xa build/radio/sx1276.o
                0x08004e86                sx1276_read_version
 .text.sx1276_set_frequency_hz
                0x08004e90       0x34 build/radio/sx1276.o
                0x08004e90                sx1276_set_frequency_hz
 .text.sx1276_set_tx_power_dbm
                0x08004ec4       0x26 build/radio/sx1276.o
                0x08004ec4                sx1276_set_tx_power_dbm
 *fill*         0x08004eea        0x2 
 .text.sx1276_set_sf_bw_cr_checked
                0x08004eec      0x150 build/radio/sx1276.o
                0x08004eec                sx1276_set_sf_bw_cr_checked
 .text.sx1276_set_sf_bw_cr
                0x0800503c        0x8 build/radio/sx1276.o
                0x0800503c                sx1276_set_sf_bw_cr
 .text.sx1276_init
                0x08005044      0x268 build/radio/sx1276.o
                0x08005044                sx1276_init
 .text.sx1276_take_irq_events
                0x080052ac       0x18 build/radio/sx1276.o
                0x080052ac                sx1276_take_irq_events
 .text.sx1276_take_dio0_edges
                0x080052c4       0x18 build/radio/sx1276.o
                0x080052c4                sx1276_take_dio0_edges
 .text.sx1276_peek_dio0_edges
                0x080052dc        0xc build/radio/sx1276.o
                0x080052dc                sx1276_peek_dio0_edges
 .text.EXTI0_1_IRQHandler
                0x080052e8       0x38 build/radio/sx1276.o
                0x080052e8                EXTI0_1_IRQHandler
 .text.EXTI4_15_IRQHandler
                0x08005320       0x48 build/radio/sx1276.o
                0x08005320                EXTI4_15_IRQHandler
 .text.__udivmoddi4
                0x08005368      0x198 c:/program files (x86)/arm gnu toolchain arm-none-eabi/12.2 mpacbti-rel1/bin/../lib/gcc/arm-none-eabi/12.2.1/thumb/v6-m/nofp\libgcc.a(_udivmoddi4.o)
                0x08005368                __udivmoddi4
 .text.memcmp   0x08005500       0x1c c:/program files (x86)/arm gnu toolchain arm-none-eabi/12.2 mpacbti-rel1/bin/../lib/gcc/arm-none-eabi/12.2.1/thumb/v6-m/nofp\libc_nano.a(libc_a-memcmp.o)
                0x08005500                memcmp
 .text.memset   0x0800551c       0x10 c:/program files (x86)/arm gnu toolchain arm-none-eabi/12.2 mpacbti-rel1/bin/../lib/gcc/arm-none-eabi/12.2.1/thumb/v6-m/nofp\libc_nano.a(libc_a-memset.o)
                0x0800551c                memset
 .text.memcpy   0x0800552c       0x12 c:/program files (x86)/arm gnu toolchain arm-none-eabi/12.2 mpacbti-rel1/bin/../lib/gcc/arm-none-eabi/12.2.1/thumb/v6-m/nofp\libc_nano.a(libc_a-memcpy-stub.o)
                0x0800552c                memcpy
 *(.rodata)
 *(.rodata.*)
 .rodata.NMI_Handler.str1.1
                0x0800553e        0xe build/startup.o
 .rodata.Reset_Handler.str1.1
                0x0800554c       0x36 build/startup.o
 .rodata.main.str1.1
                0x08005582       0x11 build/main.o
 *fill*         0x08005593        0x1 
 .rodata.k_cfg_desc
                0x08005594      0x190 build/host/host_cfg.o
 .rodata.CSWTCH.6
                0x08005724        0xa build/host/host_cfg_profile.o
 *fill*         0x0800572e        0x2 
 .rodata.CSWTCH.4
                0x08005730        0xc build/host/host_cfg_profile.o
 .rodata.at_send_ok.str1.1
                0x0800573c       0x11 build/host/host_cmd.o
                                  0x5 (size before relaxing)
 .rodata.at_send_u32.str1.1
                0x0800573c       0x11 build/host/host_cmd.o
                                  0x2 (size before relaxing)
 .rodata.at_send_key_u32.str1.1
                0x0800573c       0x11 build/host/host_cmd.o
                                  0x2 (size before relaxing)
 .rodata.at_send_version_triplet.str1.1
                0x0800573c        0x2 build/host/host_cmd.o
 .rodata.host_cmd_init.str1.1
                0x0800573e       0x5a build/host/host_cmd.o
 .rodata.host_cmd_dispatch.str1.1
                0x08005798       0x4d build/host/host_cmd.o
 .rodata.host_cmd_dispatch_at_line.str1.1
                0x080057e5      0x203 build/host/host_cmd.o
                                0x209 (size before relaxing)
 .rodata.host_uart_flush_diag_traces.str1.1
                0x080059e8       0xba build/host/host_uart.o
 .rodata.k_mode_descs
                0x08005aa2       0x1e build/radio/sx1276_modes.o
 .rodata.sx1276_rx_service.cst1
                0x08005ac0        0x1 build/radio/sx1276_rx.o
 .rodata.sx1276_tx_slot_wait_us.cst1
                0x08005ac1        0x1 build/radio/sx1276_tx.o
 *(.glue_7)
 .glue_7        0x08005ac2        0x0 linker stubs
 *(.glue_7t)
 .glue_7t       0x08005ac2        0x0 linker stubs
 *(.eh_frame)
                0x08005ac4                        . = ALIGN (0x4)
 *fill*         0x08005ac2        0x2 
                0x08005ac4                        _etext = .

.vfp11_veneer   0x08005ac4        0x0
 .vfp11_veneer  0x08005ac4        0x0 linker stubs

.v4_bx          0x08005ac4        0x0
 .v4_bx         0x08005ac4        0x0 linker stubs

.iplt           0x08005ac4        0x0
 .iplt          0x08005ac4        0x0 build/startup.o

.boot_text      0x08005ac4      0x20c
 .boot_text     0x08005ac4      0x20c build/boot/safe_mode.o
                0x08005ac4                jump_to_bootloader
                0x08005b3c                safe_mode_listen

.ARM.extab
 *(.ARM.extab* .gnu.linkonce.armextab.*)

.ARM            0x08005cd0        0x8
                0x08005cd0                        __exidx_start = .
 *(.ARM.exidx*)
 .ARM.exidx.text.__udivmoddi4
                0x08005cd0        0x8 c:/program files (x86)/arm gnu toolchain arm-none-eabi/12.2 mpacbti-rel1/bin/../lib/gcc/arm-none-eabi/12.2.1/thumb/v6-m/nofp\libgcc.a(_udivmoddi4.o)
                0x08005cd8                        __exidx_end = .
                0x08005cd8                        _sidata = LOADADDR (.data)

.rel.dyn        0x08005cd8        0x0
 .rel.iplt      0x08005cd8        0x0 build/startup.o

.data           0x20000000       0x14 load address 0x08005cd8
                0x20000000                        . = ALIGN (0x4)
                0x20000000                        _sdata = .
 *(.data)
 *(.data.*)
 .data.s_clock_source_id
                0x20000000        0x1 build/hal/platform.o
 *fill*         0x20000001        0x3 
 .data.s_core_hz
                0x20000004        0x4 build/hal/platform.o
 .data.s_last_clamp_reason
                0x20000008        0x1 build/host/host_rfco.o
 .data.s_first_since_boot
                0x20000009        0x1 build/host/host_rfco_summary_emit.o
 *fill*         0x2000000a        0x2 
 .data.s_budget_cap_us
                0x2000000c        0x4 build/radio/sx1276_airtime.o
 .data.s_legal_dwell_handle
                0x20000010        0x2 build/radio/sx1276_tx.o
                0x20000014                        . = ALIGN (0x4)
 *fill*         0x20000012        0x2 
                0x20000014                        _edata = .

.igot.plt       0x20000014        0x0 load address 0x08005cec
 .igot.plt      0x20000014        0x0 build/startup.o

.noinit         0x20000014       0x18 load address 0x08005cec
                0x20000014                        . = ALIGN (0x4)
 *(.noinit)
 .noinit        0x20000014       0x18 build/hal/platform.o
 *(.noinit.*)
                0x2000002c                        . = ALIGN (0x4)

.bss            0x20000030     0x19d0 load address 0x08005cec
                0x20000030                        . = ALIGN (0x4)
                0x20000030                        _sbss = .
                0x20000030                        __bss_start__ = _sbss
 *(.bss)
 *(.bss.*)
 .bss.s_reset_cause_captured
                0x20000030        0x1 build/hal/platform.o
 .bss.s_reset_cause
                0x20000031        0x1 build/hal/platform.o
 *fill*         0x20000032        0x2 
 .bss.s_tick_ms
                0x20000034        0x4 build/hal/platform.o
 .bss.s_cfg_dirty
                0x20000038        0x1 build/host/host_cfg.o
 .bss.s_cfg_values
                0x20000039       0xfa build/host/host_cfg.o
 .bss.s_has_stage
                0x20000133        0x1 build/host/host_cfg_profile.o
 *fill*         0x20000134        0x4 
 .bss.s_staged  0x20000138       0x28 build/host/host_cfg_profile.o
 .bss.s_active  0x20000160       0x28 build/host/host_cfg_profile.o
 .bss.s_txq_count
                0x20000188        0x1 build/host/host_cmd.o
 .bss.s_txq_head
                0x20000189        0x1 build/host/host_cmd.o
 .bss.s_txq     0x2000018a      0x410 build/host/host_cmd.o
 .bss.s_radio_version
                0x2000059a        0x1 build/host/host_cmd.o
 .bss.s_radio_ok
                0x2000059b        0x1 build/host/host_cmd.o
 .bss.s_pertx_count_in_window
                0x2000059c        0x2 build/host/host_rfco.o
 .bss.s_blocked_attempts
                0x2000059e       0x10 build/host/host_rfco.o
 *fill*         0x200005ae        0x2 
 .bss.s_tick_seq
                0x200005b0        0x4 build/host/host_rfco_summary_emit.o
 .bss.s_tick_last_emit_ms
                0x200005b4        0x4 build/host/host_rfco_summary_emit.o
 .bss.s_summary_emit_count
                0x200005b8        0x1 build/host/host_rfco_summary_emit.o
 *fill*         0x200005b9        0x3 
 .bss.s_rx_pretx_drained
                0x200005bc        0x4 build/host/host_stats.o
 .bss.s_rx_urc_lost
                0x200005c0        0x4 build/host/host_stats.o
 .bss.s_tx_done_early
                0x200005c4        0x4 build/host/host_stats.o
 .bss.s_tx_fifo_rb_bad
                0x200005c8        0x4 build/host/host_stats.o
 .bss.s_tx_fifo_rb_ok
                0x200005cc        0x4 build/host/host_stats.o
 .bss.s_radio_tx_abort_airtime
                0x200005d0        0x4 build/host/host_stats.o
 .bss.s_radio_tx_abort_lbt
                0x200005d4        0x4 build/host/host_stats.o
 .bss.s_radio_tx_ok
                0x200005d8        0x4 build/host/host_stats.o
 .bss.s_radio_rx_ok
                0x200005dc        0x4 build/host/host_stats.o
 .bss.s_radio_crc_err
                0x200005e0        0x4 build/host/host_stats.o
 .bss.s_radio_dio3
                0x200005e4        0x4 build/host/host_stats.o
 .bss.s_radio_dio2
                0x200005e8        0x4 build/host/host_stats.o
 .bss.s_radio_dio1
                0x200005ec        0x4 build/host/host_stats.o
 .bss.s_radio_dio0
                0x200005f0        0x4 build/host/host_stats.o
 .bss.s_rx_idle_pending
                0x200005f4        0x1 build/host/host_uart.o
 *fill*         0x200005f5        0x3 
 .bss.s_diag_trace_flags
                0x200005f8        0x4 build/host/host_uart.o
 .bss.s_rx_ring_ovf
                0x200005fc        0x4 build/host/host_uart.o
 .bss.s_rx_ring_tail
                0x20000600        0x2 build/host/host_uart.o
 .bss.s_rx_ring_head
                0x20000602        0x2 build/host/host_uart.o
 .bss.s_rx_ring
                0x20000604      0x200 build/host/host_uart.o
 .bss.s_diag_marks
                0x20000804        0x1 build/host/host_uart.o
 .bss.s_rx_seen_flags
                0x20000805        0x1 build/host/host_uart.o
 *fill*         0x20000806        0x2 
 .bss.s_dma_te_events
                0x20000808        0x4 build/host/host_uart.o
 .bss.s_stats_uart_ore_usart1
                0x2000080c        0x4 build/host/host_uart.o
 .bss.s_stats_uart_ne_usart1
                0x20000810        0x4 build/host/host_uart.o
 .bss.s_stats_uart_fe_usart1
                0x20000814        0x4 build/host/host_uart.o
 .bss.s_stats_uart_pe_usart1
                0x20000818        0x4 build/host/host_uart.o
 .bss.s_stats_uart_ore_lpuart
                0x2000081c        0x4 build/host/host_uart.o
 .bss.s_stats_uart_ne_lpuart
                0x20000820        0x4 build/host/host_uart.o
 .bss.s_stats_uart_fe_lpuart
                0x20000824        0x4 build/host/host_uart.o
 .bss.s_stats_uart_pe_lpuart
                0x20000828        0x4 build/host/host_uart.o
 .bss.s_stats_uart_err_usart1
                0x2000082c        0x4 build/host/host_uart.o
 .bss.s_stats_uart_err_lpuart
                0x20000830        0x4 build/host/host_uart.o
 .bss.s_stats_parse_err
                0x20000834        0x4 build/host/host_uart.o
 .bss.s_stats_parse_ok
                0x20000838        0x4 build/host/host_uart.o
 .bss.s_stats_rx_usart1_bytes
                0x2000083c        0x4 build/host/host_uart.o
 .bss.s_stats_rx_lpuart_bytes
                0x20000840        0x4 build/host/host_uart.o
 .bss.s_stats_rx_bytes
                0x20000844        0x4 build/host/host_uart.o
 .bss.s_stats_irq_te
                0x20000848        0x4 build/host/host_uart.o
 .bss.s_stats_irq_tc
                0x2000084c        0x4 build/host/host_uart.o
 .bss.s_stats_irq_ht
                0x20000850        0x4 build/host/host_uart.o
 .bss.s_stats_irq_idle
                0x20000854        0x4 build/host/host_uart.o
 .bss.s_stats_queue_full
                0x20000858        0x4 build/host/host_uart.o
 .bss.s_stats_errors
                0x2000085c        0x4 build/host/host_uart.o
 .bss.s_stats_dropped
                0x20000860        0x4 build/host/host_uart.o
 .bss.s_q_count
                0x20000864        0x1 build/host/host_uart.o
 .bss.s_q_tail  0x20000865        0x1 build/host/host_uart.o
 .bss.s_q_head  0x20000866        0x1 build/host/host_uart.o
 *fill*         0x20000867        0x1 
 .bss.s_frame_queue
                0x20000868      0x500 build/host/host_uart.o
 .bss.s_at_ignore_lf
                0x20000d68        0x1 build/host/host_uart.o
 .bss.s_at_candidate
                0x20000d69        0x1 build/host/host_uart.o
 .bss.s_at_line_len
                0x20000d6a        0x2 build/host/host_uart.o
 .bss.s_at_line
                0x20000d6c       0x60 build/host/host_uart.o
 .bss.s_service_in_progress
                0x20000dcc        0x1 build/host/host_uart.o
 .bss.s_cobs_overflow
                0x20000dcd        0x1 build/host/host_uart.o
 .bss.s_cobs_encoded_len
                0x20000dce        0x2 build/host/host_uart.o
 .bss.s_cobs_encoded
                0x20000dd0      0x143 build/host/host_uart.o
 *fill*         0x20000f13        0x1 
 .bss.s_budget  0x20000f14      0x190 build/radio/sx1276_airtime.o
 .bss.s_cad_active
                0x200010a4        0x1 build/radio/sx1276_cad.o
 *fill*         0x200010a5        0x3 
 .bss.s_fhss    0x200010a8      0x188 build/radio/sx1276_fhss.o
 .bss.s_clk     0x20001230        0xc build/radio/sx1276_fhss_clock.o
 .bss.s_backoff_attempt
                0x2000123c        0x1 build/radio/sx1276_lbt.o
 *fill*         0x2000123d        0x3 
 .bss.s_backoff_until_ms
                0x20001240        0x4 build/radio/sx1276_lbt.o
 .bss.s_dwell   0x20001244      0x700 build/radio/sx1276_legal_dwell.o
 .bss.s_state   0x20001944        0x1 build/radio/sx1276_modes.o
 .bss.s_scan_ever_locked_this_boot
                0x20001945        0x1 build/radio/sx1276_rx.o
 .bss.s_scan_fail_retries
                0x20001946        0x1 build/radio/sx1276_rx.o
 *fill*         0x20001947        0x1 
 .bss.s_scan_cold_start_entry_ms
                0x20001948        0x4 build/radio/sx1276_rx.o
 .bss.s_scan_channel_entry_ms
                0x2000194c        0x4 build/radio/sx1276_rx.o
 .bss.s_scan_state
                0x20001950        0x1 build/radio/sx1276_rx.o
 .bss.s_grid_adopted
                0x20001951        0x1 build/radio/sx1276_rx.o
 .bss.s_rx_last_followed_abs_valid
                0x20001952        0x1 build/radio/sx1276_rx.o
 *fill*         0x20001953        0x1 
 .bss.s_rx_last_followed_abs
                0x20001954        0x4 build/radio/sx1276_rx.o
 .bss.s_rx_last_retune_ms_valid
                0x20001958        0x1 build/radio/sx1276_rx.o
 *fill*         0x20001959        0x3 
 .bss.s_rx_last_retune_ms
                0x2000195c        0x4 build/radio/sx1276_rx.o
 .bss.s_scan_crc_seen
                0x20001960        0x1 build/radio/sx1276_rx.o
 .bss.s_scan_got_any_irq
                0x20001961        0x1 build/radio/sx1276_rx.o
 *fill*         0x20001962        0x2 
 .bss.s_consider_remote_counts
                0x20001964       0x18 build/radio/sx1276_rx_counters.o
 .bss.s_retune_counts
                0x2000197c       0x14 build/radio/sx1276_rx_retune_counters.o
 .bss.s_action_counts
                0x20001990       0x18 build/radio/sx1276_rx_scan_counters.o
 .bss.s_state_counts
                0x200019a8       0x10 build/radio/sx1276_rx_scan_counters.o
 .bss.s_walker_idx
                0x200019b8        0x1 build/radio/sx1276_rx_scan_walker.o
 *fill*         0x200019b9        0x1 
 .bss.s_rfco_pertx_seq
                0x200019ba        0x2 build/radio/sx1276_tx.o
 .bss.s_predicted_toa_us
                0x200019bc        0x4 build/radio/sx1276_tx.o
 .bss.s_slot_boundary_valid
                0x200019c0        0x1 build/radio/sx1276_tx.o
 *fill*         0x200019c1        0x3 
 .bss.s_slot_boundary_ms
                0x200019c4        0x4 build/radio/sx1276_tx.o
 .bss.s_hop_slot_offset_ms
                0x200019c8        0x1 build/radio/sx1276_tx.o
 *fill*         0x200019c9        0x3 
 .bss.s_hop_epoch
                0x200019cc        0x4 build/radio/sx1276_tx.o
 .bss.s_hop_idx
                0x200019d0        0x1 build/radio/sx1276_tx.o
 *fill*         0x200019d1        0x3 
 .bss.s_hop_freq_hz
                0x200019d4        0x4 build/radio/sx1276_tx.o
 .bss.s_channel_idx
                0x200019d8        0x1 build/radio/sx1276_tx.o
 *fill*         0x200019d9        0x3 
 .bss.s_reserved_airtime_us
                0x200019dc        0x4 build/radio/sx1276_tx.o
 .bss.s_deadline_us
                0x200019e0        0x4 build/radio/sx1276_tx.o
 .bss.s_expected_toa_us
                0x200019e4        0x4 build/radio/sx1276_tx.o
 .bss.s_tx_start_us
                0x200019e8        0x4 build/radio/sx1276_tx.o
 .bss.s_tx_ck_len
                0x200019ec        0x1 build/radio/sx1276_tx.o
 *fill*         0x200019ed        0x3 
 .bss.s_tx_load_ck
                0x200019f0        0x4 build/radio/sx1276_tx.o
 .bss.s_rearm_rx
                0x200019f4        0x1 build/radio/sx1276_tx.o
 .bss.s_tx_power_dbm
                0x200019f5        0x1 build/radio/sx1276_tx.o
 .bss.s_tx_id   0x200019f6        0x1 build/radio/sx1276_tx.o
 .bss.s_tx_state
                0x200019f7        0x1 build/radio/sx1276_tx.o
 .bss.s_dio0_edges
                0x200019f8        0x4 build/radio/sx1276.o
 .bss.s_irq_events
                0x200019fc        0x4 build/radio/sx1276.o
 *(COMMON)
                0x20001a00                        . = ALIGN (0x4)
                0x20001a00                        _ebss = .
                0x20001a00                        __bss_end__ = _ebss

._user_heap     0x20001a00        0x0 load address 0x08005cec
                0x20001a00                        . = ALIGN (0x8)
                0x20001a00                        _end = .
                0x20001a00                        _heap_start = .
                0x20001a00                        . = (. + 0x0)
                0x20001a00                        . = ALIGN (0x8)
                0x20001a00                        _heap_end = .

.stack_check    0x20001a00        0x0 load address 0x08005cec
                0x20001a00                        . = ALIGN (0x8)
                0x20001a00                        . = (. + 0x0)
                0x00000001                        ASSERT (((_heap_end + _stack_size) <= _estack), Linker error: not enough RAM left for the reserved stack)

.cfg_reserved   0x0802e000     0x2000
                0x08030000                        . = (. + 0x2000)
 *fill*         0x0802e000     0x2000 

/DISCARD/
 *(.note.GNU-stack)
 *(.comment)
                0x00000001                        ASSERT (0x1, Linker: FLASH + CFG must cover full 192 KB)
                0x00000001                        ASSERT (0x1, Linker: CFG region must fall within overall memory)
OUTPUT(build/firmware.elf elf32-littlearm)
LOAD linker stubs

.ARM.attributes
                0x00000000       0x2a
 .ARM.attributes
                0x00000000       0x2c build/startup.o
 .ARM.attributes
                0x0000002c       0x2c build/main.o
 .ARM.attributes
                0x00000058       0x2c build/boot/safe_mode.o
 .ARM.attributes
                0x00000084       0x2c build/hal/platform.o
 .ARM.attributes
                0x000000b0       0x2c build/host/host_cfg.o
 .ARM.attributes
                0x000000dc       0x2c build/host/host_rx_wire.o
 .ARM.attributes
                0x00000108       0x2c build/host/host_reg_gate.o
 .ARM.attributes
                0x00000134       0x2c build/host/host_cfg_profile.o
 .ARM.attributes
                0x00000160       0x2c build/host/host_cfg_wire.o
 .ARM.attributes
                0x0000018c       0x2c build/host/host_cmd.o
 .ARM.attributes
                0x000001b8       0x2c build/host/host_rfco.o
 .ARM.attributes
                0x000001e4       0x2c build/host/host_rfco_summary.o
 .ARM.attributes
                0x00000210       0x2c build/host/host_rfco_summary_emit.o
 .ARM.attributes
                0x0000023c       0x2c build/host/host_stats.o
 .ARM.attributes
                0x00000268       0x2c build/host/host_rx_urc_lost.o
 .ARM.attributes
                0x00000294       0x2c build/host/host_uart.o
 .ARM.attributes
                0x000002c0       0x2c build/radio/sx1276_airtime.o
 .ARM.attributes
                0x000002ec       0x2c build/radio/sx1276_cad.o
 .ARM.attributes
                0x00000318       0x2c build/radio/lora_pkt_hdr.o
 .ARM.attributes
                0x00000344       0x2c build/radio/sx1276_fhss_chantab.o
 .ARM.attributes
                0x00000370       0x2c build/radio/sx1276_fhss.o
 .ARM.attributes
                0x0000039c       0x2c build/radio/sx1276_fhss_clock.o
 .ARM.attributes
                0x000003c8       0x2c build/radio/sx1276_lbt.o
 .ARM.attributes
                0x000003f4       0x2c build/radio/sx1276_legal_dwell.o
 .ARM.attributes
                0x00000420       0x2c build/radio/sx1276_modes.o
 .ARM.attributes
                0x0000044c       0x2c build/radio/sx1276_rx.o
 .ARM.attributes
                0x00000478       0x2c build/radio/sx1276_rx_counters.o
 .ARM.attributes
                0x000004a4       0x2c build/radio/sx1276_rx_retune_policy.o
 .ARM.attributes
                0x000004d0       0x2c build/radio/sx1276_rx_retune_counters.o
 .ARM.attributes
                0x000004fc       0x2c build/radio/sx1276_rx_scan_policy.o
 .ARM.attributes
                0x00000528       0x2c build/radio/sx1276_rx_scan_counters.o
 .ARM.attributes
                0x00000554       0x2c build/radio/sx1276_rx_scan_fail.o
 .ARM.attributes
                0x00000580       0x2c build/radio/sx1276_rx_scan_walker.o
 .ARM.attributes
                0x000005ac       0x2c build/radio/sx1276_tx.o
 .ARM.attributes
                0x000005d8       0x2c build/radio/sx1276.o
 .ARM.attributes
                0x00000604       0x1e c:/program files (x86)/arm gnu toolchain arm-none-eabi/12.2 mpacbti-rel1/bin/../lib/gcc/arm-none-eabi/12.2.1/thumb/v6-m/nofp\libgcc.a(_thumb1_case_uqi.o)
 .ARM.attributes
                0x00000622       0x1e c:/program files (x86)/arm gnu toolchain arm-none-eabi/12.2 mpacbti-rel1/bin/../lib/gcc/arm-none-eabi/12.2.1/thumb/v6-m/nofp\libgcc.a(_udivsi3.o)
 .ARM.attributes
                0x00000640       0x1e c:/program files (x86)/arm gnu toolchain arm-none-eabi/12.2 mpacbti-rel1/bin/../lib/gcc/arm-none-eabi/12.2.1/thumb/v6-m/nofp\libgcc.a(_dvmd_tls.o)
 .ARM.attributes
                0x0000065e       0x1e c:/program files (x86)/arm gnu toolchain arm-none-eabi/12.2 mpacbti-rel1/bin/../lib/gcc/arm-none-eabi/12.2.1/thumb/v6-m/nofp\libgcc.a(_lshrdi3.o)
 .ARM.attributes
                0x0000067c       0x1e c:/program files (x86)/arm gnu toolchain arm-none-eabi/12.2 mpacbti-rel1/bin/../lib/gcc/arm-none-eabi/12.2.1/thumb/v6-m/nofp\libgcc.a(_ashldi3.o)
 .ARM.attributes
                0x0000069a       0x1e c:/program files (x86)/arm gnu toolchain arm-none-eabi/12.2 mpacbti-rel1/bin/../lib/gcc/arm-none-eabi/12.2.1/thumb/v6-m/nofp\libgcc.a(_aeabi_uldivmod.o)
 .ARM.attributes
                0x000006b8       0x2c c:/program files (x86)/arm gnu toolchain arm-none-eabi/12.2 mpacbti-rel1/bin/../lib/gcc/arm-none-eabi/12.2.1/thumb/v6-m/nofp\libgcc.a(_udivmoddi4.o)
 .ARM.attributes
                0x000006e4       0x1e c:/program files (x86)/arm gnu toolchain arm-none-eabi/12.2 mpacbti-rel1/bin/../lib/gcc/arm-none-eabi/12.2.1/thumb/v6-m/nofp\libgcc.a(_clzdi2.o)
 .ARM.attributes
                0x00000702       0x1e c:/program files (x86)/arm gnu toolchain arm-none-eabi/12.2 mpacbti-rel1/bin/../lib/gcc/arm-none-eabi/12.2.1/thumb/v6-m/nofp\libgcc.a(_clzsi2.o)
 .ARM.attributes
                0x00000720       0x2c c:/program files (x86)/arm gnu toolchain arm-none-eabi/12.2 mpacbti-rel1/bin/../lib/gcc/arm-none-eabi/12.2.1/thumb/v6-m/nofp\libc_nano.a(libc_a-memcmp.o)
 .ARM.attributes
                0x0000074c       0x2c c:/program files (x86)/arm gnu toolchain arm-none-eabi/12.2 mpacbti-rel1/bin/../lib/gcc/arm-none-eabi/12.2.1/thumb/v6-m/nofp\libc_nano.a(libc_a-memset.o)
 .ARM.attributes
                0x00000778       0x2c c:/program files (x86)/arm gnu toolchain arm-none-eabi/12.2 mpacbti-rel1/bin/../lib/gcc/arm-none-eabi/12.2.1/thumb/v6-m/nofp\libc_nano.a(libc_a-memcpy-stub.o)
 .ARM.attributes
                0x000007a4       0x1c c:/program files (x86)/arm gnu toolchain arm-none-eabi/12.2 mpacbti-rel1/bin/../lib/gcc/arm-none-eabi/12.2.1/thumb/v6-m/nofp\libc_nano.a(libc_a-strlen.o)

.debug_line_str
                0x00000000      0x1dc
 .debug_line_str
                0x00000000       0xd9 c:/program files (x86)/arm gnu toolchain arm-none-eabi/12.2 mpacbti-rel1/bin/../lib/gcc/arm-none-eabi/12.2.1/thumb/v6-m/nofp\libgcc.a(_thumb1_case_uqi.o)
 .debug_line_str
                0x000000d9       0xd9 c:/program files (x86)/arm gnu toolchain arm-none-eabi/12.2 mpacbti-rel1/bin/../lib/gcc/arm-none-eabi/12.2.1/thumb/v6-m/nofp\libgcc.a(_udivsi3.o)
 .debug_line_str
                0x000000d9       0xd9 c:/program files (x86)/arm gnu toolchain arm-none-eabi/12.2 mpacbti-rel1/bin/../lib/gcc/arm-none-eabi/12.2.1/thumb/v6-m/nofp\libgcc.a(_dvmd_tls.o)
 .debug_line_str
                0x000000d9       0xd9 c:/program files (x86)/arm gnu toolchain arm-none-eabi/12.2 mpacbti-rel1/bin/../lib/gcc/arm-none-eabi/12.2.1/thumb/v6-m/nofp\libgcc.a(_lshrdi3.o)
 .debug_line_str
                0x000000d9       0xd9 c:/program files (x86)/arm gnu toolchain arm-none-eabi/12.2 mpacbti-rel1/bin/../lib/gcc/arm-none-eabi/12.2.1/thumb/v6-m/nofp\libgcc.a(_ashldi3.o)
 .debug_line_str
                0x000000d9        0xc c:/program files (x86)/arm gnu toolchain arm-none-eabi/12.2 mpacbti-rel1/bin/../lib/gcc/arm-none-eabi/12.2.1/thumb/v6-m/nofp\libgcc.a(_aeabi_uldivmod.o)
                                 0xd9 (size before relaxing)
 .debug_line_str
                0x000000e5       0xd9 c:/program files (x86)/arm gnu toolchain arm-none-eabi/12.2 mpacbti-rel1/bin/../lib/gcc/arm-none-eabi/12.2.1/thumb/v6-m/nofp\libgcc.a(_clzdi2.o)
 .debug_line_str
                0x000000e5       0xd9 c:/program files (x86)/arm gnu toolchain arm-none-eabi/12.2 mpacbti-rel1/bin/../lib/gcc/arm-none-eabi/12.2.1/thumb/v6-m/nofp\libgcc.a(_clzsi2.o)
 .debug_line_str
                0x000000e5       0xf7 c:/program files (x86)/arm gnu toolchain arm-none-eabi/12.2 mpacbti-rel1/bin/../lib/gcc/arm-none-eabi/12.2.1/thumb/v6-m/nofp\libc_nano.a(libc_a-strlen.o)

.debug_frame    0x00000000       0xd0
 .debug_frame   0x00000000       0x20 c:/program files (x86)/arm gnu toolchain arm-none-eabi/12.2 mpacbti-rel1/bin/../lib/gcc/arm-none-eabi/12.2.1/thumb/v6-m/nofp\libgcc.a(_udivsi3.o)
 .debug_frame   0x00000020       0x3c c:/program files (x86)/arm gnu toolchain arm-none-eabi/12.2 mpacbti-rel1/bin/../lib/gcc/arm-none-eabi/12.2.1/thumb/v6-m/nofp\libgcc.a(_udivmoddi4.o)
 .debug_frame   0x0000005c       0x2c c:/program files (x86)/arm gnu toolchain arm-none-eabi/12.2 mpacbti-rel1/bin/../lib/gcc/arm-none-eabi/12.2.1/thumb/v6-m/nofp\libc_nano.a(libc_a-memcmp.o)
 .debug_frame   0x00000088       0x20 c:/program files (x86)/arm gnu toolchain arm-none-eabi/12.2 mpacbti-rel1/bin/../lib/gcc/arm-none-eabi/12.2.1/thumb/v6-m/nofp\libc_nano.a(libc_a-memset.o)
 .debug_frame   0x000000a8       0x28 c:/program files (x86)/arm gnu toolchain arm-none-eabi/12.2 mpacbti-rel1/bin/../lib/gcc/arm-none-eabi/12.2.1/thumb/v6-m/nofp\libc_nano.a(libc_a-memcpy-stub.o)
