2026-07-31 08:09:11,131 INFO image_tx_daemon: opening L072 HostLink on /dev/ttymxc3 @ 921600

2026-07-31 08:09:11,133 INFO image_tx_daemon: image_tx_daemon started; mqtt=127.0.0.1:1883 uart=/dev/ttymxc3

2026-07-31 08:09:11,143 INFO image_tx_daemon: MQTT connected; subscribing to lifetrac/v25/cmd/image_frame

2026-07-31 08:09:11,148 INFO image_tx_daemon: LIFETRAC_SKIP_RESET_REQ=1 — relying on external NRST; draining boot chatter only

2026-07-31 08:09:11,165 INFO image_tx_daemon: link_budget: published n_frag=1 profile_idx=6 (profile 2)

INFO: post-VER drain queued type=0xF1 seq=0

INFO: post-VER drain queued type=0xC1 seq=0

INFO: post-VER drain queued type=0xF1 seq=0

INFO: post-VER drain queued type=0xC1 seq=0

Initializing regulatory profile 2 on co-processor...

  FHSS mask: single channel 0 (0100000000000000)

CFG_SET_REQ(FHSS_CHANNEL_MASK) OK: 07000800

CFG_SET_REQ(ANTENNA_GAIN_DBI) OK: 15000100

CFG_SET_REQ(HW_CEILING_DBM) OK: 16000100

  FHSS seed: (0,0) legacy shared permutation [set LIFETRAC_FHSS_FARM_ID / LIFETRAC_FHSS_LINK_ID to separate pairs]

CFG_SET_REQ(FHSS_FARM_ID) OK: 17000800

CFG_SET_REQ(FHSS_NODE_ID) OK: 18000800

CFG_SET_REQ(REG_PROFILE=2) OK: 14000100

  forcing FRF -> 915.000 MHz (raw=0xE4C000 -> Msb=0xE4 Mid=0xC0 Lsb=0x00)

  FRF readback: 0xE4C000 = 915.000 MHz (OK)

PHY contract OK: image_bw500 == {'sf': 7, 'bw_khz': 500, 'cr_den': 5, 'preamble': 8}

2026-07-31 08:09:12,034 INFO image_tx_daemon: LBT_ENABLE=0 (matches W1-10b TX_BURST rationale)

2026-07-31 08:09:12,056 INFO image_tx_daemon: RXCONT armed for command downlink (opmode 0x81 -> 0x85)

2026-07-31 08:09:12,057 INFO image_tx_daemon: TX worker ready (inter_cycle_s=0.050, max 8 frags/dwell)

2026-07-31 08:09:12,134 INFO image_tx_daemon: stats: goodput=0.0 B/s util=0% pipeline=v3 frames_in=0 ok=0 fail=0 drop_full=0 drop_stale=0 frags_ok=0 frags_fail=0 qdepth=0 parity_tx=0

2026-07-31 08:09:12,942 INFO image_tx_daemon: LoRa cmd: ENCODE_MODE 0

2026-07-31 08:09:13,236 INFO image_tx_daemon: LoRa cmd: ENCODE_MODE 0

2026-07-31 08:09:13,811 INFO image_tx_daemon: LoRa cmd: ENCODE_MODE 0

2026-07-31 08:09:14,386 INFO image_tx_daemon: LoRa cmd: ENCODE_MODE 0

2026-07-31 08:09:14,961 INFO image_tx_daemon: LoRa cmd: ENCODE_MODE 0

2026-07-31 08:09:15,538 INFO image_tx_daemon: LoRa cmd: ENCODE_MODE 0

2026-07-31 08:09:16,115 INFO image_tx_daemon: LoRa cmd: ENCODE_MODE 0

2026-07-31 08:09:16,690 INFO image_tx_daemon: LoRa cmd: ENCODE_MODE 0

2026-07-31 08:09:17,265 INFO image_tx_daemon: LoRa cmd: ENCODE_MODE 0

2026-07-31 08:09:17,841 INFO image_tx_daemon: LoRa cmd: ENCODE_MODE 0

2026-07-31 08:09:18,416 INFO image_tx_daemon: LoRa cmd: ENCODE_MODE 0

2026-07-31 08:09:18,709 INFO image_tx_daemon: LoRa cmd: ENCODE_MODE 0

2026-07-31 08:09:19,285 INFO image_tx_daemon: LoRa cmd: ENCODE_MODE 0

2026-07-31 08:09:19,860 INFO image_tx_daemon: LoRa cmd: ENCODE_MODE 0

2026-07-31 08:09:20,435 INFO image_tx_daemon: LoRa cmd: ENCODE_MODE 0

2026-07-31 08:09:21,010 INFO image_tx_daemon: LoRa cmd: ENCODE_MODE 0

2026-07-31 08:09:21,585 INFO image_tx_daemon: LoRa cmd: ENCODE_MODE 0

2026-07-31 08:09:22,145 INFO image_tx_daemon: stats: goodput=0.0 B/s util=0% pipeline=v3 frames_in=0 ok=0 fail=0 drop_full=0 drop_stale=0 frags_ok=0 frags_fail=0 qdepth=0 parity_tx=0

2026-07-31 08:09:29,505 INFO image_tx_daemon: frame seq=1 done (pipelined): 13 fragments ok

2026-07-31 08:09:31,096 INFO image_tx_daemon: frame seq=2 done (pipelined): 13 fragments ok

2026-07-31 08:09:32,156 INFO image_tx_daemon: stats: goodput=779.0 B/s util=32% pipeline=v3 frames_in=9 ok=2 fail=0 drop_full=0 drop_stale=0 frags_ok=33 frags_fail=0 qdepth=4 parity_tx=0

2026-07-31 08:09:32,687 INFO image_tx_daemon: frame seq=3 done (pipelined): 13 fragments ok

2026-07-31 08:09:34,226 INFO image_tx_daemon: frame seq=4 done (pipelined): 12 fragments ok

2026-07-31 08:09:35,715 INFO image_tx_daemon: frame seq=5 done (pipelined): 12 fragments ok

2026-07-31 08:09:37,216 INFO image_tx_daemon: frame seq=7 done (pipelined): 13 fragments ok

2026-07-31 08:09:38,815 INFO image_tx_daemon: frame seq=10 done (pipelined): 13 fragments ok

2026-07-31 08:09:40,379 INFO image_tx_daemon: frame seq=13 done (pipelined): 13 fragments ok

2026-07-31 08:09:41,883 INFO image_tx_daemon: frame seq=16 done (pipelined): 13 fragments ok

2026-07-31 08:09:42,166 INFO image_tx_daemon: stats: goodput=1952.1 B/s util=79% pipeline=v3 frames_in=29 ok=9 fail=0 drop_full=14 drop_stale=0 frags_ok=116 frags_fail=0 qdepth=3 parity_tx=0

2026-07-31 08:09:43,466 INFO image_tx_daemon: frame seq=20 done (pipelined): 13 fragments ok

2026-07-31 08:09:44,970 INFO image_tx_daemon: frame seq=22 done (pipelined): 13 fragments ok

2026-07-31 08:09:46,535 INFO image_tx_daemon: frame seq=26 done (pipelined): 13 fragments ok

2026-07-31 08:09:48,041 INFO image_tx_daemon: frame seq=29 done (pipelined): 13 fragments ok

2026-07-31 08:09:49,580 INFO image_tx_daemon: frame seq=32 done (pipelined): 12 fragments ok

2026-07-31 08:09:51,103 INFO image_tx_daemon: frame seq=35 done (pipelined): 13 fragments ok

2026-07-31 08:09:52,177 INFO image_tx_daemon: stats: goodput=1977.3 B/s util=80% pipeline=v3 frames_in=49 ok=15 fail=0 drop_full=27 drop_stale=0 frags_ok=200 frags_fail=0 qdepth=4 parity_tx=0

2026-07-31 08:09:52,638 INFO image_tx_daemon: frame seq=38 done (pipelined): 12 fragments ok

2026-07-31 08:09:54,149 INFO image_tx_daemon: frame seq=41 done (pipelined): 13 fragments ok

2026-07-31 08:09:55,641 INFO image_tx_daemon: frame seq=44 done (pipelined): 13 fragments ok

2026-07-31 08:09:57,133 INFO image_tx_daemon: frame seq=47 done (pipelined): 13 fragments ok

2026-07-31 08:09:58,626 INFO image_tx_daemon: frame seq=50 done (pipelined): 13 fragments ok

2026-07-31 08:10:00,131 INFO image_tx_daemon: frame seq=53 done (pipelined): 13 fragments ok

2026-07-31 08:10:01,721 INFO image_tx_daemon: frame seq=59 done (pipelined): 13 fragments ok

2026-07-31 08:10:02,189 INFO image_tx_daemon: stats: goodput=1952.6 B/s util=79% pipeline=v3 frames_in=69 ok=22 fail=0 drop_full=40 drop_stale=0 frags_ok=284 frags_fail=0 qdepth=4 parity_tx=0

2026-07-31 08:10:03,256 INFO image_tx_daemon: frame seq=60 done (pipelined): 12 fragments ok

2026-07-31 08:10:04,749 INFO image_tx_daemon: frame seq=62 done (pipelined): 12 fragments ok

2026-07-31 08:10:06,258 INFO image_tx_daemon: frame seq=65 done (pipelined): 13 fragments ok

2026-07-31 08:10:07,848 INFO image_tx_daemon: frame seq=71 done (pipelined): 13 fragments ok

2026-07-31 08:10:09,439 INFO image_tx_daemon: frame seq=72 done (pipelined): 13 fragments ok

2026-07-31 08:10:11,030 INFO image_tx_daemon: frame seq=74 done (pipelined): 13 fragments ok

2026-07-31 08:10:12,200 INFO image_tx_daemon: stats: goodput=1950.7 B/s util=79% pipeline=v3 frames_in=89 ok=28 fail=0 drop_full=54 drop_stale=0 frags_ok=366 frags_fail=0 qdepth=4 parity_tx=0

2026-07-31 08:10:12,568 INFO image_tx_daemon: frame seq=78 done (pipelined): 12 fragments ok

2026-07-31 08:10:14,037 INFO image_tx_daemon: frame seq=81 done (pipelined): 12 fragments ok

2026-07-31 08:10:15,561 INFO image_tx_daemon: frame seq=84 done (pipelined): 13 fragments ok

2026-07-31 08:10:17,053 INFO image_tx_daemon: frame seq=87 done (pipelined): 13 fragments ok

2026-07-31 08:10:18,532 INFO image_tx_daemon: frame seq=90 done (pipelined): 13 fragments ok

2026-07-31 08:10:20,035 INFO image_tx_daemon: frame seq=93 done (pipelined): 13 fragments ok

2026-07-31 08:10:21,577 INFO image_tx_daemon: frame seq=96 done (pipelined): 12 fragments ok

2026-07-31 08:10:22,211 INFO image_tx_daemon: stats: goodput=1986.9 B/s util=81% pipeline=v3 frames_in=109 ok=35 fail=0 drop_full=67 drop_stale=0 frags_ok=450 frags_fail=0 qdepth=4 parity_tx=0

2026-07-31 08:10:23,100 INFO image_tx_daemon: frame seq=99 done (pipelined): 13 fragments ok

2026-07-31 08:10:24,635 INFO image_tx_daemon: frame seq=102 done (pipelined): 12 fragments ok

2026-07-31 08:10:26,147 INFO image_tx_daemon: frame seq=105 done (pipelined): 13 fragments ok

2026-07-31 08:10:27,640 INFO image_tx_daemon: frame seq=108 done (pipelined): 13 fragments ok

2026-07-31 08:10:29,131 INFO image_tx_daemon: frame seq=111 done (pipelined): 13 fragments ok

2026-07-31 08:10:30,623 INFO image_tx_daemon: frame seq=114 done (pipelined): 13 fragments ok

2026-07-31 08:10:32,127 INFO image_tx_daemon: frame seq=117 done (pipelined): 13 fragments ok

2026-07-31 08:10:32,222 INFO image_tx_daemon: stats: goodput=2001.0 B/s util=81% pipeline=v3 frames_in=129 ok=42 fail=0 drop_full=81 drop_stale=0 frags_ok=536 frags_fail=0 qdepth=4 parity_tx=0

2026-07-31 08:10:33,718 INFO image_tx_daemon: frame seq=123 done (pipelined): 13 fragments ok

2026-07-31 08:10:35,252 INFO image_tx_daemon: frame seq=124 done (pipelined): 12 fragments ok

2026-07-31 08:10:36,747 INFO image_tx_daemon: frame seq=126 done (pipelined): 12 fragments ok

2026-07-31 08:10:38,257 INFO image_tx_daemon: frame seq=129 done (pipelined): 13 fragments ok

2026-07-31 08:10:39,847 INFO image_tx_daemon: frame seq=135 done (pipelined): 13 fragments ok

2026-07-31 08:10:41,438 INFO image_tx_daemon: frame seq=136 done (pipelined): 13 fragments ok

2026-07-31 08:10:42,233 INFO image_tx_daemon: stats: goodput=1926.8 B/s util=78% pipeline=v3 frames_in=149 ok=48 fail=0 drop_full=94 drop_stale=0 frags_ok=617 frags_fail=0 qdepth=4 parity_tx=0

2026-07-31 08:10:43,029 INFO image_tx_daemon: frame seq=138 done (pipelined): 13 fragments ok

2026-07-31 08:10:44,567 INFO image_tx_daemon: frame seq=142 done (pipelined): 12 fragments ok

2026-07-31 08:10:46,036 INFO image_tx_daemon: frame seq=145 done (pipelined): 12 fragments ok

2026-07-31 08:10:47,560 INFO image_tx_daemon: frame seq=148 done (pipelined): 13 fragments ok

2026-07-31 08:10:49,053 INFO image_tx_daemon: frame seq=151 done (pipelined): 13 fragments ok

2026-07-31 08:10:50,531 INFO image_tx_daemon: frame seq=154 done (pipelined): 13 fragments ok

2026-07-31 08:10:52,035 INFO image_tx_daemon: frame seq=157 done (pipelined): 13 fragments ok

2026-07-31 08:10:52,245 INFO image_tx_daemon: stats: goodput=1970.2 B/s util=80% pipeline=v3 frames_in=169 ok=55 fail=0 drop_full=108 drop_stale=0 frags_ok=701 frags_fail=0 qdepth=4 parity_tx=0

2026-07-31 08:10:53,577 INFO image_tx_daemon: frame seq=160 done (pipelined): 12 fragments ok

2026-07-31 08:10:55,100 INFO image_tx_daemon: frame seq=163 done (pipelined): 13 fragments ok

2026-07-31 08:10:56,634 INFO image_tx_daemon: frame seq=166 done (pipelined): 12 fragments ok

2026-07-31 08:10:58,145 INFO image_tx_daemon: frame seq=169 done (pipelined): 13 fragments ok

2026-07-31 08:10:59,637 INFO image_tx_daemon: frame seq=172 done (pipelined): 13 fragments ok

2026-07-31 08:11:01,128 INFO image_tx_daemon: frame seq=175 done (pipelined): 13 fragments ok

2026-07-31 08:11:02,255 INFO image_tx_daemon: stats: goodput=2013.2 B/s util=82% pipeline=v3 frames_in=189 ok=61 fail=0 drop_full=122 drop_stale=0 frags_ok=786 frags_fail=0 qdepth=4 parity_tx=0

2026-07-31 08:11:02,621 INFO image_tx_daemon: frame seq=178 done (pipelined): 13 fragments ok

2026-07-31 08:11:04,126 INFO image_tx_daemon: frame seq=181 done (pipelined): 13 fragments ok

2026-07-31 08:11:05,716 INFO image_tx_daemon: frame seq=187 done (pipelined): 13 fragments ok

2026-07-31 08:11:07,254 INFO image_tx_daemon: frame seq=188 done (pipelined): 12 fragments ok

2026-07-31 08:11:08,743 INFO image_tx_daemon: frame seq=190 done (pipelined): 12 fragments ok

2026-07-31 08:11:10,253 INFO image_tx_daemon: frame seq=193 done (pipelined): 13 fragments ok

2026-07-31 08:11:11,844 INFO image_tx_daemon: frame seq=199 done (pipelined): 13 fragments ok

2026-07-31 08:11:12,267 INFO image_tx_daemon: stats: goodput=1931.4 B/s util=78% pipeline=v3 frames_in=209 ok=68 fail=0 drop_full=135 drop_stale=0 frags_ok=868 frags_fail=0 qdepth=3 parity_tx=0

2026-07-31 08:11:13,435 INFO image_tx_daemon: frame seq=200 done (pipelined): 13 fragments ok

2026-07-31 08:11:15,025 INFO image_tx_daemon: frame seq=202 done (pipelined): 13 fragments ok

2026-07-31 08:11:16,563 INFO image_tx_daemon: frame seq=206 done (pipelined): 12 fragments ok

2026-07-31 08:11:18,032 INFO image_tx_daemon: frame seq=209 done (pipelined): 12 fragments ok

2026-07-31 08:11:19,554 INFO image_tx_daemon: frame seq=212 done (pipelined): 13 fragments ok

2026-07-31 08:11:21,046 INFO image_tx_daemon: frame seq=215 done (pipelined): 13 fragments ok

2026-07-31 08:11:22,283 INFO image_tx_daemon: stats: goodput=1992.3 B/s util=81% pipeline=v3 frames_in=229 ok=74 fail=0 drop_full=148 drop_stale=0 frags_ok=952 frags_fail=0 qdepth=4 parity_tx=0

2026-07-31 08:11:22,525 INFO image_tx_daemon: frame seq=218 done (pipelined): 13 fragments ok

2026-07-31 08:11:24,028 INFO image_tx_daemon: frame seq=221 done (pipelined): 13 fragments ok

2026-07-31 08:11:25,572 INFO image_tx_daemon: frame seq=224 done (pipelined): 12 fragments ok

2026-07-31 08:11:27,092 INFO image_tx_daemon: frame seq=227 done (pipelined): 13 fragments ok

2026-07-31 08:11:28,627 INFO image_tx_daemon: frame seq=230 done (pipelined): 12 fragments ok

2026-07-31 08:11:30,138 INFO image_tx_daemon: frame seq=233 done (pipelined): 13 fragments ok

2026-07-31 08:11:31,631 INFO image_tx_daemon: frame seq=236 done (pipelined): 13 fragments ok

2026-07-31 08:11:32,294 INFO image_tx_daemon: stats: goodput=1969.1 B/s util=80% pipeline=v3 frames_in=249 ok=81 fail=0 drop_full=161 drop_stale=0 frags_ok=1036 frags_fail=0 qdepth=4 parity_tx=0

2026-07-31 08:11:33,122 INFO image_tx_daemon: frame seq=239 done (pipelined): 13 fragments ok

2026-07-31 08:11:34,615 INFO image_tx_daemon: frame seq=242 done (pipelined): 13 fragments ok

2026-07-31 08:11:36,119 INFO image_tx_daemon: frame seq=245 done (pipelined): 13 fragments ok

2026-07-31 08:11:37,710 INFO image_tx_daemon: frame seq=251 done (pipelined): 13 fragments ok

2026-07-31 08:11:39,244 INFO image_tx_daemon: frame seq=252 done (pipelined): 12 fragments ok

2026-07-31 08:11:40,737 INFO image_tx_daemon: frame seq=254 done (pipelined): 12 fragments ok

2026-07-31 08:11:42,246 INFO image_tx_daemon: frame seq=1 done (pipelined): 13 fragments ok

2026-07-31 08:11:42,305 INFO image_tx_daemon: stats: goodput=1978.2 B/s util=80% pipeline=v3 frames_in=269 ok=88 fail=0 drop_full=175 drop_stale=0 frags_ok=1120 frags_fail=0 qdepth=4 parity_tx=0

2026-07-31 08:11:43,836 INFO image_tx_daemon: frame seq=7 done (pipelined): 13 fragments ok

2026-07-31 08:11:45,427 INFO image_tx_daemon: frame seq=8 done (pipelined): 13 fragments ok

2026-07-31 08:11:47,018 INFO image_tx_daemon: frame seq=10 done (pipelined): 13 fragments ok

2026-07-31 08:11:48,556 INFO image_tx_daemon: frame seq=14 done (pipelined): 12 fragments ok

2026-07-31 08:11:50,025 INFO image_tx_daemon: frame seq=17 done (pipelined): 12 fragments ok

2026-07-31 08:11:51,547 INFO image_tx_daemon: frame seq=20 done (pipelined): 13 fragments ok

2026-07-31 08:11:52,316 INFO image_tx_daemon: stats: goodput=1946.2 B/s util=79% pipeline=v3 frames_in=289 ok=94 fail=0 drop_full=188 drop_stale=0 frags_ok=1202 frags_fail=0 qdepth=4 parity_tx=0

2026-07-31 08:11:53,039 INFO image_tx_daemon: frame seq=23 done (pipelined): 13 fragments ok

2026-07-31 08:11:54,517 INFO image_tx_daemon: frame seq=26 done (pipelined): 13 fragments ok

2026-07-31 08:11:56,022 INFO image_tx_daemon: frame seq=29 done (pipelined): 13 fragments ok

2026-07-31 08:11:57,562 INFO image_tx_daemon: frame seq=32 done (pipelined): 12 fragments ok

2026-07-31 08:11:59,086 INFO image_tx_daemon: frame seq=35 done (pipelined): 13 fragments ok

2026-07-31 08:12:00,621 INFO image_tx_daemon: frame seq=38 done (pipelined): 12 fragments ok

2026-07-31 08:12:02,131 INFO image_tx_daemon: frame seq=41 done (pipelined): 13 fragments ok

2026-07-31 08:12:02,330 INFO image_tx_daemon: stats: goodput=1968.5 B/s util=80% pipeline=v3 frames_in=309 ok=101 fail=0 drop_full=202 drop_stale=0 frags_ok=1286 frags_fail=0 qdepth=3 parity_tx=0

2026-07-31 08:12:03,624 INFO image_tx_daemon: frame seq=44 done (pipelined): 13 fragments ok

2026-07-31 08:12:05,116 INFO image_tx_daemon: frame seq=47 done (pipelined): 13 fragments ok

2026-07-31 08:12:06,608 INFO image_tx_daemon: frame seq=50 done (pipelined): 13 fragments ok

2026-07-31 08:12:08,112 INFO image_tx_daemon: frame seq=53 done (pipelined): 13 fragments ok

2026-07-31 08:12:09,707 INFO image_tx_daemon: frame seq=59 done (pipelined): 13 fragments ok

2026-07-31 08:12:11,242 INFO image_tx_daemon: frame seq=60 done (pipelined): 12 fragments ok

2026-07-31 08:12:12,341 INFO image_tx_daemon: stats: goodput=1975.1 B/s util=80% pipeline=v3 frames_in=329 ok=107 fail=0 drop_full=216 drop_stale=0 frags_ok=1370 frags_fail=0 qdepth=4 parity_tx=0

2026-07-31 08:12:12,734 INFO image_tx_daemon: frame seq=62 done (pipelined): 12 fragments ok

2026-07-31 08:12:14,247 INFO image_tx_daemon: frame seq=65 done (pipelined): 13 fragments ok

2026-07-31 08:12:15,834 INFO image_tx_daemon: frame seq=71 done (pipelined): 13 fragments ok

2026-07-31 08:12:17,426 INFO image_tx_daemon: frame seq=72 done (pipelined): 13 fragments ok

2026-07-31 08:12:19,016 INFO image_tx_daemon: frame seq=74 done (pipelined): 13 fragments ok

2026-07-31 08:12:20,554 INFO image_tx_daemon: frame seq=78 done (pipelined): 12 fragments ok

2026-07-31 08:12:22,023 INFO image_tx_daemon: frame seq=81 done (pipelined): 12 fragments ok

2026-07-31 08:12:22,351 INFO image_tx_daemon: stats: goodput=1949.0 B/s util=79% pipeline=v3 frames_in=349 ok=114 fail=0 drop_full=229 drop_stale=0 frags_ok=1452 frags_fail=0 qdepth=3 parity_tx=0

2026-07-31 08:12:23,546 INFO image_tx_daemon: frame seq=84 done (pipelined): 13 fragments ok

2026-07-31 08:12:25,039 INFO image_tx_daemon: frame seq=87 done (pipelined): 13 fragments ok

2026-07-31 08:12:26,519 INFO image_tx_daemon: frame seq=90 done (pipelined): 13 fragments ok

2026-07-31 08:12:28,023 INFO image_tx_daemon: frame seq=93 done (pipelined): 13 fragments ok

2026-07-31 08:12:29,564 INFO image_tx_daemon: frame seq=96 done (pipelined): 12 fragments ok

2026-07-31 08:12:31,087 INFO image_tx_daemon: frame seq=99 done (pipelined): 13 fragments ok

2026-07-31 08:12:32,362 INFO image_tx_daemon: stats: goodput=1973.3 B/s util=80% pipeline=v3 frames_in=369 ok=120 fail=0 drop_full=242 drop_stale=0 frags_ok=1536 frags_fail=0 qdepth=4 parity_tx=0

2026-07-31 08:12:32,622 INFO image_tx_daemon: frame seq=102 done (pipelined): 12 fragments ok

2026-07-31 08:12:34,131 INFO image_tx_daemon: frame seq=105 done (pipelined): 13 fragments ok

2026-07-31 08:12:35,625 INFO image_tx_daemon: frame seq=108 done (pipelined): 13 fragments ok

2026-07-31 08:12:37,116 INFO image_tx_daemon: frame seq=111 done (pipelined): 13 fragments ok

2026-07-31 08:12:38,609 INFO image_tx_daemon: frame seq=114 done (pipelined): 13 fragments ok

2026-07-31 08:12:40,113 INFO image_tx_daemon: frame seq=117 done (pipelined): 13 fragments ok

2026-07-31 08:12:41,704 INFO image_tx_daemon: frame seq=123 done (pipelined): 13 fragments ok

2026-07-31 08:12:42,373 INFO image_tx_daemon: stats: goodput=1977.3 B/s util=80% pipeline=v3 frames_in=389 ok=127 fail=0 drop_full=255 drop_stale=0 frags_ok=1621 frags_fail=0 qdepth=4 parity_tx=0

2026-07-31 08:12:43,238 INFO image_tx_daemon: frame seq=124 done (pipelined): 12 fragments ok

2026-07-31 08:12:44,731 INFO image_tx_daemon: frame seq=126 done (pipelined): 12 fragments ok

2026-07-31 08:12:46,241 INFO image_tx_daemon: frame seq=129 done (pipelined): 13 fragments ok

2026-07-31 08:12:47,832 INFO image_tx_daemon: frame seq=135 done (pipelined): 13 fragments ok

2026-07-31 08:12:49,422 INFO image_tx_daemon: frame seq=136 done (pipelined): 13 fragments ok

2026-07-31 08:12:51,012 INFO image_tx_daemon: frame seq=138 done (pipelined): 13 fragments ok

2026-07-31 08:12:52,384 INFO image_tx_daemon: stats: goodput=1950.7 B/s util=79% pipeline=v3 frames_in=409 ok=133 fail=0 drop_full=269 drop_stale=0 frags_ok=1703 frags_fail=0 qdepth=4 parity_tx=0

2026-07-31 08:12:52,551 INFO image_tx_daemon: frame seq=142 done (pipelined): 12 fragments ok

2026-07-31 08:12:54,019 INFO image_tx_daemon: frame seq=145 done (pipelined): 12 fragments ok

2026-07-31 08:12:55,543 INFO image_tx_daemon: frame seq=148 done (pipelined): 13 fragments ok

2026-07-31 08:12:57,034 INFO image_tx_daemon: frame seq=151 done (pipelined): 13 fragments ok

2026-07-31 08:12:58,513 INFO image_tx_daemon: frame seq=154 done (pipelined): 13 fragments ok

2026-07-31 08:13:00,016 INFO image_tx_daemon: frame seq=157 done (pipelined): 13 fragments ok

2026-07-31 08:13:01,557 INFO image_tx_daemon: frame seq=160 done (pipelined): 12 fragments ok

2026-07-31 08:13:02,396 INFO image_tx_daemon: stats: goodput=1987.0 B/s util=81% pipeline=v3 frames_in=429 ok=140 fail=0 drop_full=282 drop_stale=0 frags_ok=1787 frags_fail=0 qdepth=4 parity_tx=0

2026-07-31 08:13:03,081 INFO image_tx_daemon: frame seq=163 done (pipelined): 13 fragments ok

2026-07-31 08:13:04,615 INFO image_tx_daemon: frame seq=166 done (pipelined): 12 fragments ok

2026-07-31 08:13:06,126 INFO image_tx_daemon: frame seq=169 done (pipelined): 13 fragments ok

2026-07-31 08:13:07,618 INFO image_tx_daemon: frame seq=172 done (pipelined): 13 fragments ok

2026-07-31 08:13:09,110 INFO image_tx_daemon: frame seq=175 done (pipelined): 13 fragments ok

2026-07-31 08:13:10,603 INFO image_tx_daemon: frame seq=178 done (pipelined): 13 fragments ok

2026-07-31 08:13:12,108 INFO image_tx_daemon: frame seq=181 done (pipelined): 13 fragments ok

2026-07-31 08:13:12,407 INFO image_tx_daemon: stats: goodput=1976.3 B/s util=80% pipeline=v3 frames_in=449 ok=147 fail=0 drop_full=296 drop_stale=0 frags_ok=1872 frags_fail=0 qdepth=3 parity_tx=0

2026-07-31 08:13:13,700 INFO image_tx_daemon: frame seq=187 done (pipelined): 13 fragments ok

2026-07-31 08:13:15,233 INFO image_tx_daemon: frame seq=188 done (pipelined): 12 fragments ok

2026-07-31 08:13:16,725 INFO image_tx_daemon: frame seq=190 done (pipelined): 12 fragments ok

2026-07-31 08:13:18,235 INFO image_tx_daemon: frame seq=193 done (pipelined): 13 fragments ok

2026-07-31 08:13:19,825 INFO image_tx_daemon: frame seq=199 done (pipelined): 13 fragments ok

2026-07-31 08:13:21,416 INFO image_tx_daemon: frame seq=200 done (pipelined): 13 fragments ok

2026-07-31 08:13:22,419 INFO image_tx_daemon: stats: goodput=1951.3 B/s util=79% pipeline=v3 frames_in=469 ok=153 fail=0 drop_full=309 drop_stale=0 frags_ok=1954 frags_fail=0 qdepth=4 parity_tx=0

2026-07-31 08:13:23,007 INFO image_tx_daemon: frame seq=202 done (pipelined): 13 fragments ok

2026-07-31 08:13:24,547 INFO image_tx_daemon: frame seq=206 done (pipelined): 12 fragments ok

2026-07-31 08:13:26,014 INFO image_tx_daemon: frame seq=209 done (pipelined): 12 fragments ok

2026-07-31 08:13:27,537 INFO image_tx_daemon: frame seq=212 done (pipelined): 13 fragments ok

2026-07-31 08:13:29,035 INFO image_tx_daemon: frame seq=215 done (pipelined): 13 fragments ok

2026-07-31 08:13:30,514 INFO image_tx_daemon: frame seq=218 done (pipelined): 13 fragments ok

2026-07-31 08:13:32,018 INFO image_tx_daemon: frame seq=221 done (pipelined): 13 fragments ok

2026-07-31 08:13:32,431 INFO image_tx_daemon: stats: goodput=1970.2 B/s util=80% pipeline=v3 frames_in=489 ok=160 fail=0 drop_full=323 drop_stale=0 frags_ok=2038 frags_fail=0 qdepth=3 parity_tx=0

2026-07-31 08:13:33,559 INFO image_tx_daemon: frame seq=224 done (pipelined): 12 fragments ok

2026-07-31 08:13:35,082 INFO image_tx_daemon: frame seq=227 done (pipelined): 13 fragments ok

2026-07-31 08:13:36,617 INFO image_tx_daemon: frame seq=230 done (pipelined): 12 fragments ok

2026-07-31 08:13:38,127 INFO image_tx_daemon: frame seq=233 done (pipelined): 13 fragments ok

2026-07-31 08:13:39,620 INFO image_tx_daemon: frame seq=236 done (pipelined): 13 fragments ok

2026-07-31 08:13:41,111 INFO image_tx_daemon: frame seq=239 done (pipelined): 13 fragments ok

2026-07-31 08:13:42,445 INFO image_tx_daemon: stats: goodput=1987.8 B/s util=81% pipeline=v3 frames_in=509 ok=166 fail=0 drop_full=337 drop_stale=0 frags_ok=2122 frags_fail=0 qdepth=4 parity_tx=0

2026-07-31 08:13:42,604 INFO image_tx_daemon: frame seq=242 done (pipelined): 13 fragments ok

2026-07-31 08:13:44,108 INFO image_tx_daemon: frame seq=245 done (pipelined): 13 fragments ok

2026-07-31 08:13:45,699 INFO image_tx_daemon: frame seq=251 done (pipelined): 13 fragments ok

2026-07-31 08:13:47,234 INFO image_tx_daemon: frame seq=252 done (pipelined): 12 fragments ok

2026-07-31 08:13:48,726 INFO image_tx_daemon: frame seq=254 done (pipelined): 12 fragments ok

2026-07-31 08:13:50,236 INFO image_tx_daemon: frame seq=1 done (pipelined): 13 fragments ok

2026-07-31 08:13:51,827 INFO image_tx_daemon: frame seq=7 done (pipelined): 13 fragments ok

2026-07-31 08:13:52,455 INFO image_tx_daemon: stats: goodput=1956.3 B/s util=79% pipeline=v3 frames_in=529 ok=173 fail=0 drop_full=350 drop_stale=0 frags_ok=2205 frags_fail=0 qdepth=3 parity_tx=0

2026-07-31 08:13:53,417 INFO image_tx_daemon: frame seq=8 done (pipelined): 13 fragments ok

2026-07-31 08:13:55,008 INFO image_tx_daemon: frame seq=10 done (pipelined): 13 fragments ok

2026-07-31 08:13:56,546 INFO image_tx_daemon: frame seq=14 done (pipelined): 12 fragments ok

2026-07-31 08:13:58,015 INFO image_tx_daemon: frame seq=17 done (pipelined): 12 fragments ok

2026-07-31 08:13:59,538 INFO image_tx_daemon: frame seq=20 done (pipelined): 13 fragments ok

2026-07-31 08:14:01,029 INFO image_tx_daemon: frame seq=23 done (pipelined): 13 fragments ok

2026-07-31 08:14:02,466 INFO image_tx_daemon: stats: goodput=1968.5 B/s util=80% pipeline=v3 frames_in=549 ok=179 fail=0 drop_full=363 drop_stale=0 frags_ok=2288 frags_fail=0 qdepth=4 parity_tx=0

2026-07-31 08:14:02,511 INFO image_tx_daemon: frame seq=26 done (pipelined): 13 fragments ok

2026-07-31 08:14:04,015 INFO image_tx_daemon: frame seq=29 done (pipelined): 13 fragments ok

2026-07-31 08:14:05,556 INFO image_tx_daemon: frame seq=32 done (pipelined): 12 fragments ok

2026-07-31 08:14:07,079 INFO image_tx_daemon: frame seq=35 done (pipelined): 13 fragments ok

2026-07-31 08:14:08,614 INFO image_tx_daemon: frame seq=38 done (pipelined): 12 fragments ok

2026-07-31 08:14:10,124 INFO image_tx_daemon: frame seq=41 done (pipelined): 13 fragments ok

2026-07-31 08:14:11,617 INFO image_tx_daemon: frame seq=44 done (pipelined): 13 fragments ok

2026-07-31 08:14:12,477 INFO image_tx_daemon: stats: goodput=1969.1 B/s util=80% pipeline=v3 frames_in=569 ok=186 fail=0 drop_full=376 drop_stale=0 frags_ok=2372 frags_fail=0 qdepth=4 parity_tx=0

2026-07-31 08:14:13,108 INFO image_tx_daemon: frame seq=47 done (pipelined): 13 fragments ok

2026-07-31 08:14:14,602 INFO image_tx_daemon: frame seq=50 done (pipelined): 13 fragments ok

2026-07-31 08:14:16,106 INFO image_tx_daemon: frame seq=53 done (pipelined): 13 fragments ok

2026-07-31 08:14:17,696 INFO image_tx_daemon: frame seq=59 done (pipelined): 13 fragments ok

