2026-07-30 01:30:09,690 INFO image_tx_daemon: opening L072 HostLink on /dev/ttymxc3 @ 921600

2026-07-30 01:30:09,692 INFO image_tx_daemon: image_tx_daemon started; mqtt=127.0.0.1:1883 uart=/dev/ttymxc3

2026-07-30 01:30:09,700 INFO image_tx_daemon: MQTT connected; subscribing to lifetrac/v25/cmd/image_frame

2026-07-30 01:30:09,705 INFO image_tx_daemon: LIFETRAC_SKIP_RESET_REQ=1 — relying on external NRST; draining boot chatter only

2026-07-30 01:30:09,718 INFO image_tx_daemon: link_budget: published n_frag=1 profile_idx=6 (profile 2)

INFO: post-VER drain queued type=0xF1 seq=0

INFO: post-VER drain queued type=0xC1 seq=0

INFO: post-VER drain queued type=0xF1 seq=0

INFO: post-VER drain queued type=0xC1 seq=0

Initializing regulatory profile 2 on co-processor...

  FHSS mask: single channel 0 (0100000000000000)

CFG_SET_REQ(FHSS_CHANNEL_MASK) OK: 07000800

CFG_SET_REQ(ANTENNA_GAIN_DBI) OK: 15000100

CFG_SET_REQ(HW_CEILING_DBM) OK: 16000100

  FHSS seed: (0,0) legacy shared permutation [set LIFETRAC_FHSS_FARM_ID / LIFETRAC_FHSS_LINK_ID to separate pairs]

WARN: CFG_SET_REQ(FHSS_FARM_ID) failed: CFG_SET(0x17) REJECTED: status=1 (UNKNOWN_KEY) — do NOT treat as OK

WARN: CFG_SET_REQ(FHSS_NODE_ID) failed: CFG_SET(0x18) REJECTED: status=1 (UNKNOWN_KEY) — do NOT treat as OK

CFG_SET_REQ(REG_PROFILE=2) OK: 14000100

  forcing FRF -> 915.000 MHz (raw=0xE4C000 -> Msb=0xE4 Mid=0xC0 Lsb=0x00)

  FRF readback: 0xE4C000 = 915.000 MHz (OK)

PHY contract OK: image_bw500 == {'sf': 7, 'bw_khz': 500, 'cr_den': 5, 'preamble': 8}

2026-07-30 01:30:10,591 INFO image_tx_daemon: LBT_ENABLE=0 (matches W1-10b TX_BURST rationale)

2026-07-30 01:30:10,614 INFO image_tx_daemon: RXCONT armed for command downlink (opmode 0x81 -> 0x85)

2026-07-30 01:30:10,614 INFO image_tx_daemon: TX worker ready (inter_cycle_s=0.050, max 8 frags/dwell)

2026-07-30 01:30:10,693 INFO image_tx_daemon: stats: goodput=0.0 B/s util=0% pipeline=v3 frames_in=0 ok=0 fail=0 drop_full=0 drop_stale=0 frags_ok=0 frags_fail=0 qdepth=0 parity_tx=0

2026-07-30 01:30:11,500 INFO image_tx_daemon: LoRa cmd: ENCODE_MODE 6

2026-07-30 01:30:12,075 INFO image_tx_daemon: LoRa cmd: ENCODE_MODE 6

2026-07-30 01:30:12,650 INFO image_tx_daemon: LoRa cmd: ENCODE_MODE 6

2026-07-30 01:30:13,224 INFO image_tx_daemon: LoRa cmd: ENCODE_MODE 6

2026-07-30 01:30:13,799 INFO image_tx_daemon: LoRa cmd: ENCODE_MODE 6

2026-07-30 01:30:14,375 INFO image_tx_daemon: LoRa cmd: ENCODE_MODE 6

2026-07-30 01:30:14,669 INFO image_tx_daemon: LoRa cmd: ENCODE_MODE 6

2026-07-30 01:30:15,244 INFO image_tx_daemon: LoRa cmd: ENCODE_MODE 6

2026-07-30 01:30:15,818 INFO image_tx_daemon: LoRa cmd: ENCODE_MODE 6

2026-07-30 01:30:16,392 INFO image_tx_daemon: LoRa cmd: ENCODE_MODE 6

2026-07-30 01:30:16,967 INFO image_tx_daemon: LoRa cmd: ENCODE_MODE 6

2026-07-30 01:30:17,541 INFO image_tx_daemon: LoRa cmd: ENCODE_MODE 6

2026-07-30 01:30:18,115 INFO image_tx_daemon: LoRa cmd: ENCODE_MODE 6

2026-07-30 01:30:18,690 INFO image_tx_daemon: LoRa cmd: ENCODE_MODE 6

2026-07-30 01:30:19,266 INFO image_tx_daemon: LoRa cmd: ENCODE_MODE 6

2026-07-30 01:30:19,841 INFO image_tx_daemon: LoRa cmd: ENCODE_MODE 6

2026-07-30 01:30:20,415 INFO image_tx_daemon: LoRa cmd: ENCODE_MODE 6

2026-07-30 01:30:20,704 INFO image_tx_daemon: stats: goodput=0.0 B/s util=0% pipeline=v3 frames_in=0 ok=0 fail=0 drop_full=0 drop_stale=0 frags_ok=0 frags_fail=0 qdepth=0 parity_tx=0

2026-07-30 01:30:25,066 INFO image_tx_daemon: frame seq=1 done (pipelined): 13 fragments ok

2026-07-30 01:30:25,078 INFO image_tx_daemon: LoRa cmd: PROBE seq=1 phase_ms=0 (rx#1)

2026-07-30 01:30:26,657 INFO image_tx_daemon: frame seq=2 done (pipelined): 13 fragments ok

2026-07-30 01:30:26,669 INFO image_tx_daemon: LoRa cmd: PROBE seq=2 phase_ms=0 (rx#2)

2026-07-30 01:30:28,248 INFO image_tx_daemon: frame seq=3 done (pipelined): 13 fragments ok

2026-07-30 01:30:29,787 INFO image_tx_daemon: frame seq=4 done (pipelined): 12 fragments ok

2026-07-30 01:30:29,972 INFO image_tx_daemon: LoRa cmd: PROBE seq=3 phase_ms=0 (rx#3)

2026-07-30 01:30:30,715 INFO image_tx_daemon: stats: goodput=1377.1 B/s util=56% pipeline=v3 frames_in=15 ok=4 fail=0 drop_full=4 drop_stale=0 frags_ok=58 frags_fail=0 qdepth=4 parity_tx=0

2026-07-30 01:30:31,265 INFO image_tx_daemon: frame seq=5 done (pipelined): 12 fragments ok

2026-07-30 01:30:31,445 INFO image_tx_daemon: LoRa cmd: PROBE seq=4 phase_ms=0 (rx#4)

2026-07-30 01:30:32,774 INFO image_tx_daemon: frame seq=7 done (pipelined): 13 fragments ok

2026-07-30 01:30:34,374 INFO image_tx_daemon: frame seq=10 done (pipelined): 13 fragments ok

2026-07-30 01:30:35,938 INFO image_tx_daemon: frame seq=13 done (pipelined): 13 fragments ok

2026-07-30 01:30:35,950 INFO image_tx_daemon: LoRa cmd: PROBE seq=5 phase_ms=0 (rx#5)

2026-07-30 01:30:37,439 INFO image_tx_daemon: frame seq=16 done (pipelined): 13 fragments ok

2026-07-30 01:30:37,690 INFO image_tx_daemon: LoRa cmd: PROBE seq=6 phase_ms=0 (rx#6)

2026-07-30 01:30:39,021 INFO image_tx_daemon: frame seq=20 done (pipelined): 13 fragments ok

2026-07-30 01:30:39,032 INFO image_tx_daemon: LoRa cmd: PROBE seq=7 phase_ms=0 (rx#7)

2026-07-30 01:30:40,503 INFO image_tx_daemon: frame seq=22 done (pipelined): 13 fragments ok

2026-07-30 01:30:40,725 INFO image_tx_daemon: stats: goodput=1934.1 B/s util=79% pipeline=v3 frames_in=35 ok=11 fail=0 drop_full=18 drop_stale=0 frags_ok=141 frags_fail=0 qdepth=4 parity_tx=0

2026-07-30 01:30:40,755 INFO image_tx_daemon: LoRa cmd: PROBE seq=8 phase_ms=0 (rx#8)

2026-07-30 01:30:42,069 INFO image_tx_daemon: frame seq=26 done (pipelined): 13 fragments ok

2026-07-30 01:30:42,228 INFO image_tx_daemon: LoRa cmd: PROBE seq=9 phase_ms=0 (rx#9)

2026-07-30 01:30:43,567 INFO image_tx_daemon: frame seq=29 done (pipelined): 13 fragments ok

2026-07-30 01:30:43,818 INFO image_tx_daemon: LoRa cmd: PROBE seq=10 phase_ms=0 (rx#10)

2026-07-30 01:30:45,108 INFO image_tx_daemon: frame seq=32 done (pipelined): 12 fragments ok

2026-07-30 01:30:46,631 INFO image_tx_daemon: frame seq=35 done (pipelined): 13 fragments ok

2026-07-30 01:30:48,166 INFO image_tx_daemon: frame seq=38 done (pipelined): 12 fragments ok

2026-07-30 01:30:49,676 INFO image_tx_daemon: frame seq=41 done (pipelined): 13 fragments ok

2026-07-30 01:30:49,687 INFO image_tx_daemon: LoRa cmd: PROBE seq=11 phase_ms=0 (rx#11)

2026-07-30 01:30:50,736 INFO image_tx_daemon: stats: goodput=1989.7 B/s util=81% pipeline=v3 frames_in=55 ok=17 fail=0 drop_full=31 drop_stale=0 frags_ok=225 frags_fail=0 qdepth=4 parity_tx=0

2026-07-30 01:30:51,157 INFO image_tx_daemon: frame seq=44 done (pipelined): 13 fragments ok

2026-07-30 01:30:52,634 INFO image_tx_daemon: frame seq=47 done (pipelined): 13 fragments ok

2026-07-30 01:30:52,645 INFO image_tx_daemon: LoRa cmd: PROBE seq=12 phase_ms=0 (rx#12)

2026-07-30 01:30:54,108 INFO image_tx_daemon: frame seq=50 done (pipelined): 13 fragments ok

2026-07-30 01:30:54,120 INFO image_tx_daemon: LoRa cmd: PROBE seq=13 phase_ms=0 (rx#13)

2026-07-30 01:30:55,594 INFO image_tx_daemon: frame seq=53 done (pipelined): 13 fragments ok

2026-07-30 01:30:55,845 INFO image_tx_daemon: LoRa cmd: PROBE seq=14 phase_ms=0 (rx#14)

2026-07-30 01:30:57,184 INFO image_tx_daemon: frame seq=59 done (pipelined): 13 fragments ok

2026-07-30 01:30:57,436 INFO image_tx_daemon: LoRa cmd: PROBE seq=15 phase_ms=0 (rx#15)

2026-07-30 01:30:58,719 INFO image_tx_daemon: frame seq=60 done (pipelined): 12 fragments ok

2026-07-30 01:31:00,201 INFO image_tx_daemon: frame seq=62 done (pipelined): 12 fragments ok

2026-07-30 01:31:00,382 INFO image_tx_daemon: LoRa cmd: PROBE seq=16 phase_ms=0 (rx#16)

2026-07-30 01:31:00,748 INFO image_tx_daemon: stats: goodput=1999.6 B/s util=81% pipeline=v3 frames_in=75 ok=24 fail=0 drop_full=45 drop_stale=0 frags_ok=310 frags_fail=0 qdepth=3 parity_tx=0

2026-07-30 01:31:01,722 INFO image_tx_daemon: frame seq=65 done (pipelined): 13 fragments ok

2026-07-30 01:31:01,973 INFO image_tx_daemon: LoRa cmd: PROBE seq=17 phase_ms=0 (rx#17)

2026-07-30 01:31:03,303 INFO image_tx_daemon: frame seq=71 done (pipelined): 13 fragments ok

2026-07-30 01:31:03,564 INFO image_tx_daemon: LoRa cmd: PROBE seq=18 phase_ms=0 (rx#18)

2026-07-30 01:31:04,903 INFO image_tx_daemon: frame seq=72 done (pipelined): 13 fragments ok

2026-07-30 01:31:04,914 INFO image_tx_daemon: LoRa cmd: PROBE seq=19 phase_ms=0 (rx#19)

2026-07-30 01:31:06,493 INFO image_tx_daemon: frame seq=74 done (pipelined): 13 fragments ok

2026-07-30 01:31:06,745 INFO image_tx_daemon: LoRa cmd: PROBE seq=20 phase_ms=0 (rx#20)

2026-07-30 01:31:08,058 INFO image_tx_daemon: frame seq=77 done (pipelined): 13 fragments ok

2026-07-30 01:31:08,219 INFO image_tx_daemon: LoRa cmd: PROBE seq=21 phase_ms=0 (rx#21)

2026-07-30 01:31:09,500 INFO image_tx_daemon: frame seq=81 done (pipelined): 12 fragments ok

2026-07-30 01:31:10,759 INFO image_tx_daemon: stats: goodput=1951.0 B/s util=79% pipeline=v3 frames_in=95 ok=30 fail=0 drop_full=58 drop_stale=0 frags_ok=393 frags_fail=0 qdepth=4 parity_tx=0

2026-07-30 01:31:11,023 INFO image_tx_daemon: frame seq=84 done (pipelined): 13 fragments ok

2026-07-30 01:31:12,494 INFO image_tx_daemon: frame seq=87 done (pipelined): 13 fragments ok

2026-07-30 01:31:12,505 INFO image_tx_daemon: LoRa cmd: PROBE seq=22 phase_ms=0 (rx#22)

2026-07-30 01:31:13,955 INFO image_tx_daemon: frame seq=90 done (pipelined): 13 fragments ok

2026-07-30 01:31:13,967 INFO image_tx_daemon: LoRa cmd: PROBE seq=23 phase_ms=0 (rx#23)

2026-07-30 01:31:15,453 INFO image_tx_daemon: frame seq=93 done (pipelined): 13 fragments ok

2026-07-30 01:31:15,705 INFO image_tx_daemon: LoRa cmd: PROBE seq=24 phase_ms=0 (rx#24)

2026-07-30 01:31:16,994 INFO image_tx_daemon: frame seq=96 done (pipelined): 12 fragments ok

2026-07-30 01:31:18,517 INFO image_tx_daemon: frame seq=99 done (pipelined): 13 fragments ok

2026-07-30 01:31:18,768 INFO image_tx_daemon: LoRa cmd: PROBE seq=25 phase_ms=0 (rx#25)

2026-07-30 01:31:20,052 INFO image_tx_daemon: frame seq=102 done (pipelined): 12 fragments ok

2026-07-30 01:31:20,771 INFO image_tx_daemon: stats: goodput=1971.2 B/s util=80% pipeline=v3 frames_in=115 ok=37 fail=0 drop_full=71 drop_stale=0 frags_ok=477 frags_fail=0 qdepth=4 parity_tx=0

2026-07-30 01:31:21,562 INFO image_tx_daemon: frame seq=105 done (pipelined): 13 fragments ok

2026-07-30 01:31:21,574 INFO image_tx_daemon: LoRa cmd: PROBE seq=26 phase_ms=0 (rx#26)

2026-07-30 01:31:23,043 INFO image_tx_daemon: frame seq=108 done (pipelined): 13 fragments ok

2026-07-30 01:31:24,520 INFO image_tx_daemon: frame seq=111 done (pipelined): 13 fragments ok

2026-07-30 01:31:25,997 INFO image_tx_daemon: frame seq=114 done (pipelined): 13 fragments ok

2026-07-30 01:31:26,146 INFO image_tx_daemon: LoRa cmd: PROBE seq=27 phase_ms=0 (rx#27)

2026-07-30 01:31:27,486 INFO image_tx_daemon: frame seq=117 done (pipelined): 13 fragments ok

2026-07-30 01:31:27,737 INFO image_tx_daemon: LoRa cmd: PROBE seq=28 phase_ms=0 (rx#28)

2026-07-30 01:31:29,077 INFO image_tx_daemon: frame seq=123 done (pipelined): 13 fragments ok

2026-07-30 01:31:30,611 INFO image_tx_daemon: frame seq=124 done (pipelined): 12 fragments ok

2026-07-30 01:31:30,784 INFO image_tx_daemon: stats: goodput=1976.9 B/s util=80% pipeline=v3 frames_in=135 ok=44 fail=0 drop_full=85 drop_stale=0 frags_ok=562 frags_fail=0 qdepth=4 parity_tx=0

2026-07-30 01:31:32,094 INFO image_tx_daemon: frame seq=126 done (pipelined): 12 fragments ok

2026-07-30 01:31:32,275 INFO image_tx_daemon: LoRa cmd: PROBE seq=29 phase_ms=0 (rx#29)

2026-07-30 01:31:33,615 INFO image_tx_daemon: frame seq=129 done (pipelined): 13 fragments ok

2026-07-30 01:31:33,865 INFO image_tx_daemon: LoRa cmd: PROBE seq=30 phase_ms=0 (rx#30)

2026-07-30 01:31:35,196 INFO image_tx_daemon: frame seq=135 done (pipelined): 13 fragments ok

2026-07-30 01:31:35,456 INFO image_tx_daemon: LoRa cmd: PROBE seq=31 phase_ms=0 (rx#31)

2026-07-30 01:31:36,796 INFO image_tx_daemon: frame seq=136 done (pipelined): 13 fragments ok

2026-07-30 01:31:36,807 INFO image_tx_daemon: LoRa cmd: PROBE seq=32 phase_ms=0 (rx#32)

2026-07-30 01:31:38,385 INFO image_tx_daemon: frame seq=138 done (pipelined): 13 fragments ok

2026-07-30 01:31:38,637 INFO image_tx_daemon: LoRa cmd: PROBE seq=33 phase_ms=0 (rx#33)

2026-07-30 01:31:39,949 INFO image_tx_daemon: frame seq=141 done (pipelined): 13 fragments ok

2026-07-30 01:31:39,961 INFO image_tx_daemon: LoRa cmd: PROBE seq=34 phase_ms=0 (rx#34)

2026-07-30 01:31:40,795 INFO image_tx_daemon: stats: goodput=1953.3 B/s util=79% pipeline=v3 frames_in=155 ok=50 fail=0 drop_full=98 drop_stale=0 frags_ok=645 frags_fail=0 qdepth=4 parity_tx=0

2026-07-30 01:31:41,450 INFO image_tx_daemon: frame seq=144 done (pipelined): 13 fragments ok

2026-07-30 01:31:43,031 INFO image_tx_daemon: frame seq=148 done (pipelined): 13 fragments ok

2026-07-30 01:31:43,032 INFO image_tx_daemon: LoRa cmd: PROBE seq=35 phase_ms=0 (rx#35)

2026-07-30 01:31:44,500 INFO image_tx_daemon: frame seq=151 done (pipelined): 13 fragments ok

2026-07-30 01:31:44,511 INFO image_tx_daemon: LoRa cmd: PROBE seq=36 phase_ms=0 (rx#36)

2026-07-30 01:31:45,961 INFO image_tx_daemon: frame seq=154 done (pipelined): 13 fragments ok

2026-07-30 01:31:46,121 INFO image_tx_daemon: LoRa cmd: PROBE seq=37 phase_ms=0 (rx#37)

2026-07-30 01:31:47,460 INFO image_tx_daemon: frame seq=157 done (pipelined): 13 fragments ok

2026-07-30 01:31:49,000 INFO image_tx_daemon: frame seq=160 done (pipelined): 12 fragments ok

2026-07-30 01:31:49,185 INFO image_tx_daemon: LoRa cmd: PROBE seq=38 phase_ms=0 (rx#38)

2026-07-30 01:31:50,524 INFO image_tx_daemon: frame seq=163 done (pipelined): 13 fragments ok

2026-07-30 01:31:50,775 INFO image_tx_daemon: LoRa cmd: PROBE seq=39 phase_ms=0 (rx#39)

2026-07-30 01:31:50,807 INFO image_tx_daemon: stats: goodput=1980.6 B/s util=81% pipeline=v3 frames_in=175 ok=57 fail=0 drop_full=112 drop_stale=0 frags_ok=730 frags_fail=0 qdepth=3 parity_tx=0

2026-07-30 01:31:52,058 INFO image_tx_daemon: frame seq=166 done (pipelined): 12 fragments ok

2026-07-30 01:31:53,568 INFO image_tx_daemon: frame seq=169 done (pipelined): 13 fragments ok

2026-07-30 01:31:55,050 INFO image_tx_daemon: frame seq=172 done (pipelined): 13 fragments ok

2026-07-30 01:31:55,061 INFO image_tx_daemon: LoRa cmd: PROBE seq=40 phase_ms=0 (rx#40)

2026-07-30 01:31:56,522 INFO image_tx_daemon: frame seq=175 done (pipelined): 13 fragments ok

2026-07-30 01:31:56,671 INFO image_tx_daemon: LoRa cmd: PROBE seq=41 phase_ms=0 (rx#41)

2026-07-30 01:31:57,999 INFO image_tx_daemon: frame seq=178 done (pipelined): 13 fragments ok

2026-07-30 01:31:58,011 INFO image_tx_daemon: LoRa cmd: PROBE seq=42 phase_ms=0 (rx#42)

2026-07-30 01:31:59,484 INFO image_tx_daemon: frame seq=181 done (pipelined): 13 fragments ok

2026-07-30 01:32:00,818 INFO image_tx_daemon: stats: goodput=2018.5 B/s util=82% pipeline=v3 frames_in=195 ok=63 fail=0 drop_full=125 drop_stale=0 frags_ok=816 frags_fail=0 qdepth=4 parity_tx=0

2026-07-30 01:32:01,075 INFO image_tx_daemon: frame seq=187 done (pipelined): 13 fragments ok

2026-07-30 01:32:01,326 INFO image_tx_daemon: LoRa cmd: PROBE seq=43 phase_ms=0 (rx#43)

2026-07-30 01:32:02,609 INFO image_tx_daemon: frame seq=188 done (pipelined): 12 fragments ok

2026-07-30 01:32:04,094 INFO image_tx_daemon: frame seq=190 done (pipelined): 12 fragments ok

2026-07-30 01:32:04,274 INFO image_tx_daemon: LoRa cmd: PROBE seq=44 phase_ms=0 (rx#44)

2026-07-30 01:32:05,613 INFO image_tx_daemon: frame seq=193 done (pipelined): 13 fragments ok

2026-07-30 01:32:07,192 INFO image_tx_daemon: frame seq=199 done (pipelined): 13 fragments ok

2026-07-30 01:32:07,457 INFO image_tx_daemon: LoRa cmd: PROBE seq=45 phase_ms=0 (rx#45)

2026-07-30 01:32:08,797 INFO image_tx_daemon: frame seq=200 done (pipelined): 13 fragments ok

2026-07-30 01:32:09,048 INFO image_tx_daemon: LoRa cmd: PROBE seq=46 phase_ms=0 (rx#46)

2026-07-30 01:32:10,387 INFO image_tx_daemon: frame seq=202 done (pipelined): 13 fragments ok

2026-07-30 01:32:10,637 INFO image_tx_daemon: LoRa cmd: PROBE seq=47 phase_ms=0 (rx#47)

2026-07-30 01:32:10,829 INFO image_tx_daemon: stats: goodput=1909.4 B/s util=78% pipeline=v3 frames_in=215 ok=70 fail=0 drop_full=139 drop_stale=0 frags_ok=897 frags_fail=0 qdepth=3 parity_tx=0

2026-07-30 01:32:11,950 INFO image_tx_daemon: frame seq=205 done (pipelined): 13 fragments ok

2026-07-30 01:32:11,961 INFO image_tx_daemon: LoRa cmd: PROBE seq=48 phase_ms=0 (rx#48)

2026-07-30 01:32:13,450 INFO image_tx_daemon: frame seq=208 done (pipelined): 13 fragments ok

2026-07-30 01:32:15,023 INFO image_tx_daemon: frame seq=212 done (pipelined): 13 fragments ok

2026-07-30 01:32:15,035 INFO image_tx_daemon: LoRa cmd: PROBE seq=49 phase_ms=0 (rx#49)

2026-07-30 01:32:16,501 INFO image_tx_daemon: frame seq=215 done (pipelined): 13 fragments ok

2026-07-30 01:32:16,512 INFO image_tx_daemon: LoRa cmd: PROBE seq=50 phase_ms=0 (rx#50)

2026-07-30 01:32:17,962 INFO image_tx_daemon: frame seq=218 done (pipelined): 13 fragments ok

2026-07-30 01:32:18,122 INFO image_tx_daemon: LoRa cmd: PROBE seq=51 phase_ms=0 (rx#51)

2026-07-30 01:32:19,461 INFO image_tx_daemon: frame seq=221 done (pipelined): 13 fragments ok

2026-07-30 01:32:20,840 INFO image_tx_daemon: stats: goodput=1999.5 B/s util=81% pipeline=v3 frames_in=235 ok=76 fail=0 drop_full=152 drop_stale=0 frags_ok=983 frags_fail=0 qdepth=4 parity_tx=0

2026-07-30 01:32:21,002 INFO image_tx_daemon: frame seq=224 done (pipelined): 12 fragments ok

2026-07-30 01:32:21,185 INFO image_tx_daemon: LoRa cmd: PROBE seq=52 phase_ms=0 (rx#52)

2026-07-30 01:32:22,524 INFO image_tx_daemon: frame seq=227 done (pipelined): 13 fragments ok

2026-07-30 01:32:22,536 INFO image_tx_daemon: LoRa cmd: PROBE seq=53 phase_ms=0 (rx#53)

2026-07-30 01:32:24,059 INFO image_tx_daemon: frame seq=230 done (pipelined): 12 fragments ok

2026-07-30 01:32:25,569 INFO image_tx_daemon: frame seq=233 done (pipelined): 13 fragments ok

2026-07-30 01:32:27,051 INFO image_tx_daemon: frame seq=236 done (pipelined): 13 fragments ok

2026-07-30 01:32:27,063 INFO image_tx_daemon: LoRa cmd: PROBE seq=54 phase_ms=0 (rx#54)

2026-07-30 01:32:28,523 INFO image_tx_daemon: frame seq=239 done (pipelined): 13 fragments ok

2026-07-30 01:32:28,673 INFO image_tx_daemon: LoRa cmd: PROBE seq=55 phase_ms=0 (rx#55)

2026-07-30 01:32:30,001 INFO image_tx_daemon: frame seq=242 done (pipelined): 13 fragments ok

2026-07-30 01:32:30,002 INFO image_tx_daemon: LoRa cmd: PROBE seq=56 phase_ms=0 (rx#56)

2026-07-30 01:32:30,852 INFO image_tx_daemon: stats: goodput=2017.1 B/s util=82% pipeline=v3 frames_in=255 ok=83 fail=0 drop_full=166 drop_stale=0 frags_ok=1069 frags_fail=0 qdepth=3 parity_tx=0

2026-07-30 01:32:31,485 INFO image_tx_daemon: frame seq=245 done (pipelined): 13 fragments ok

2026-07-30 01:32:33,075 INFO image_tx_daemon: frame seq=251 done (pipelined): 13 fragments ok

2026-07-30 01:32:34,610 INFO image_tx_daemon: frame seq=252 done (pipelined): 12 fragments ok

2026-07-30 01:32:36,093 INFO image_tx_daemon: frame seq=254 done (pipelined): 12 fragments ok

2026-07-30 01:32:37,612 INFO image_tx_daemon: frame seq=1 done (pipelined): 13 fragments ok

2026-07-30 01:32:37,864 INFO image_tx_daemon: LoRa cmd: PROBE seq=57 phase_ms=0 (rx#57)

2026-07-30 01:32:39,193 INFO image_tx_daemon: frame seq=7 done (pipelined): 13 fragments ok

2026-07-30 01:32:39,455 INFO image_tx_daemon: LoRa cmd: PROBE seq=58 phase_ms=0 (rx#58)

2026-07-30 01:32:40,793 INFO image_tx_daemon: frame seq=8 done (pipelined): 13 fragments ok

2026-07-30 01:32:40,866 INFO image_tx_daemon: stats: goodput=1934.2 B/s util=79% pipeline=v3 frames_in=275 ok=90 fail=0 drop_full=179 drop_stale=0 frags_ok=1151 frags_fail=0 qdepth=4 parity_tx=0

2026-07-30 01:32:41,045 INFO image_tx_daemon: LoRa cmd: PROBE seq=59 phase_ms=0 (rx#59)

2026-07-30 01:32:42,384 INFO image_tx_daemon: frame seq=10 done (pipelined): 13 fragments ok

2026-07-30 01:32:43,948 INFO image_tx_daemon: frame seq=13 done (pipelined): 13 fragments ok

2026-07-30 01:32:43,959 INFO image_tx_daemon: LoRa cmd: PROBE seq=60 phase_ms=0 (rx#60)

2026-07-30 01:32:45,448 INFO image_tx_daemon: frame seq=16 done (pipelined): 13 fragments ok

2026-07-30 01:32:45,700 INFO image_tx_daemon: LoRa cmd: PROBE seq=61 phase_ms=0 (rx#61)

2026-07-30 01:32:47,030 INFO image_tx_daemon: frame seq=20 done (pipelined): 13 fragments ok

2026-07-30 01:32:47,042 INFO image_tx_daemon: LoRa cmd: PROBE seq=62 phase_ms=0 (rx#62)

2026-07-30 01:32:48,500 INFO image_tx_daemon: frame seq=23 done (pipelined): 13 fragments ok

2026-07-30 01:32:49,963 INFO image_tx_daemon: frame seq=26 done (pipelined): 13 fragments ok

2026-07-30 01:32:49,975 INFO image_tx_daemon: LoRa cmd: PROBE seq=63 phase_ms=0 (rx#63)

2026-07-30 01:32:50,878 INFO image_tx_daemon: stats: goodput=1973.9 B/s util=80% pipeline=v3 frames_in=295 ok=96 fail=0 drop_full=192 drop_stale=0 frags_ok=1236 frags_fail=0 qdepth=4 parity_tx=0

2026-07-30 01:32:51,462 INFO image_tx_daemon: frame seq=29 done (pipelined): 13 fragments ok

2026-07-30 01:32:51,713 INFO image_tx_daemon: LoRa cmd: PROBE seq=64 phase_ms=0 (rx#64)

2026-07-30 01:32:53,003 INFO image_tx_daemon: frame seq=32 done (pipelined): 12 fragments ok

2026-07-30 01:32:53,187 INFO image_tx_daemon: LoRa cmd: PROBE seq=65 phase_ms=0 (rx#65)

2026-07-30 01:32:54,526 INFO image_tx_daemon: frame seq=35 done (pipelined): 13 fragments ok

2026-07-30 01:32:56,060 INFO image_tx_daemon: frame seq=38 done (pipelined): 12 fragments ok

2026-07-30 01:32:57,571 INFO image_tx_daemon: frame seq=41 done (pipelined): 13 fragments ok

2026-07-30 01:32:57,582 INFO image_tx_daemon: LoRa cmd: PROBE seq=66 phase_ms=0 (rx#66)

2026-07-30 01:32:59,052 INFO image_tx_daemon: frame seq=44 done (pipelined): 13 fragments ok

2026-07-30 01:32:59,202 INFO image_tx_daemon: LoRa cmd: PROBE seq=67 phase_ms=0 (rx#67)

2026-07-30 01:33:00,528 INFO image_tx_daemon: frame seq=47 done (pipelined): 13 fragments ok

2026-07-30 01:33:00,540 INFO image_tx_daemon: LoRa cmd: PROBE seq=68 phase_ms=0 (rx#68)

2026-07-30 01:33:00,889 INFO image_tx_daemon: stats: goodput=1971.7 B/s util=80% pipeline=v3 frames_in=315 ok=103 fail=0 drop_full=206 drop_stale=0 frags_ok=1320 frags_fail=0 qdepth=4 parity_tx=0

2026-07-30 01:33:02,003 INFO image_tx_daemon: frame seq=50 done (pipelined): 13 fragments ok

2026-07-30 01:33:02,153 INFO image_tx_daemon: LoRa cmd: PROBE seq=69 phase_ms=0 (rx#69)

2026-07-30 01:33:03,493 INFO image_tx_daemon: frame seq=53 done (pipelined): 13 fragments ok

2026-07-30 01:33:05,083 INFO image_tx_daemon: frame seq=59 done (pipelined): 13 fragments ok

2026-07-30 01:33:05,334 INFO image_tx_daemon: LoRa cmd: PROBE seq=70 phase_ms=0 (rx#70)

2026-07-30 01:33:06,617 INFO image_tx_daemon: frame seq=60 done (pipelined): 12 fragments ok

2026-07-30 01:33:08,100 INFO image_tx_daemon: frame seq=62 done (pipelined): 12 fragments ok

2026-07-30 01:33:08,281 INFO image_tx_daemon: LoRa cmd: PROBE seq=71 phase_ms=0 (rx#71)

2026-07-30 01:33:09,620 INFO image_tx_daemon: frame seq=65 done (pipelined): 13 fragments ok

2026-07-30 01:33:09,871 INFO image_tx_daemon: LoRa cmd: PROBE seq=72 phase_ms=0 (rx#72)

2026-07-30 01:33:10,900 INFO image_tx_daemon: stats: goodput=1974.5 B/s util=80% pipeline=v3 frames_in=335 ok=109 fail=0 drop_full=219 drop_stale=0 frags_ok=1403 frags_fail=0 qdepth=4 parity_tx=0

2026-07-30 01:33:11,200 INFO image_tx_daemon: frame seq=71 done (pipelined): 13 fragments ok

2026-07-30 01:33:11,461 INFO image_tx_daemon: LoRa cmd: PROBE seq=73 phase_ms=0 (rx#73)

2026-07-30 01:33:12,801 INFO image_tx_daemon: frame seq=72 done (pipelined): 13 fragments ok

2026-07-30 01:33:14,391 INFO image_tx_daemon: frame seq=74 done (pipelined): 13 fragments ok

2026-07-30 01:33:14,642 INFO image_tx_daemon: LoRa cmd: PROBE seq=74 phase_ms=0 (rx#74)

2026-07-30 01:33:15,954 INFO image_tx_daemon: frame seq=77 done (pipelined): 13 fragments ok

2026-07-30 01:33:15,966 INFO image_tx_daemon: LoRa cmd: PROBE seq=75 phase_ms=0 (rx#75)

2026-07-30 01:33:17,454 INFO image_tx_daemon: frame seq=80 done (pipelined): 13 fragments ok

2026-07-30 01:33:17,706 INFO image_tx_daemon: LoRa cmd: PROBE seq=76 phase_ms=0 (rx#76)

2026-07-30 01:33:19,037 INFO image_tx_daemon: frame seq=84 done (pipelined): 13 fragments ok

2026-07-30 01:33:20,507 INFO image_tx_daemon: frame seq=87 done (pipelined): 13 fragments ok

2026-07-30 01:33:20,657 INFO image_tx_daemon: LoRa cmd: PROBE seq=77 phase_ms=0 (rx#77)

2026-07-30 01:33:20,911 INFO image_tx_daemon: stats: goodput=1962.0 B/s util=80% pipeline=v3 frames_in=355 ok=116 fail=0 drop_full=233 drop_stale=0 frags_ok=1488 frags_fail=0 qdepth=3 parity_tx=0

2026-07-30 01:33:21,972 INFO image_tx_daemon: frame seq=90 done (pipelined): 13 fragments ok

2026-07-30 01:33:21,984 INFO image_tx_daemon: LoRa cmd: PROBE seq=78 phase_ms=0 (rx#78)

2026-07-30 01:33:23,470 INFO image_tx_daemon: frame seq=93 done (pipelined): 13 fragments ok

2026-07-30 01:33:25,011 INFO image_tx_daemon: frame seq=96 done (pipelined): 12 fragments ok

2026-07-30 01:33:26,533 INFO image_tx_daemon: frame seq=99 done (pipelined): 13 fragments ok

2026-07-30 01:33:26,785 INFO image_tx_daemon: LoRa cmd: PROBE seq=79 phase_ms=0 (rx#79)

2026-07-30 01:33:28,068 INFO image_tx_daemon: frame seq=102 done (pipelined): 12 fragments ok

2026-07-30 01:33:29,578 INFO image_tx_daemon: frame seq=105 done (pipelined): 13 fragments ok

2026-07-30 01:33:29,589 INFO image_tx_daemon: LoRa cmd: PROBE seq=80 phase_ms=0 (rx#80)

2026-07-30 01:33:30,923 INFO image_tx_daemon: stats: goodput=1989.6 B/s util=81% pipeline=v3 frames_in=375 ok=122 fail=0 drop_full=246 drop_stale=0 frags_ok=1572 frags_fail=0 qdepth=4 parity_tx=0

2026-07-30 01:33:31,060 INFO image_tx_daemon: frame seq=108 done (pipelined): 13 fragments ok

2026-07-30 01:33:31,205 INFO image_tx_daemon: LoRa cmd: PROBE seq=81 phase_ms=0 (rx#81)

2026-07-30 01:33:32,530 INFO image_tx_daemon: frame seq=111 done (pipelined): 13 fragments ok

2026-07-30 01:33:32,542 INFO image_tx_daemon: LoRa cmd: PROBE seq=82 phase_ms=0 (rx#82)

2026-07-30 01:33:34,006 INFO image_tx_daemon: frame seq=114 done (pipelined): 13 fragments ok

2026-07-30 01:33:34,007 INFO image_tx_daemon: LoRa cmd: PROBE seq=83 phase_ms=0 (rx#83)

2026-07-30 01:33:35,492 INFO image_tx_daemon: frame seq=117 done (pipelined): 13 fragments ok

2026-07-30 01:33:35,742 INFO image_tx_daemon: LoRa cmd: PROBE seq=84 phase_ms=0 (rx#84)

2026-07-30 01:33:37,081 INFO image_tx_daemon: frame seq=123 done (pipelined): 13 fragments ok

2026-07-30 01:33:37,333 INFO image_tx_daemon: LoRa cmd: PROBE seq=85 phase_ms=0 (rx#85)

2026-07-30 01:33:38,616 INFO image_tx_daemon: frame seq=124 done (pipelined): 12 fragments ok

2026-07-30 01:33:40,099 INFO image_tx_daemon: frame seq=126 done (pipelined): 12 fragments ok

2026-07-30 01:33:40,280 INFO image_tx_daemon: LoRa cmd: PROBE seq=86 phase_ms=0 (rx#86)

2026-07-30 01:33:40,934 INFO image_tx_daemon: stats: goodput=1975.0 B/s util=80% pipeline=v3 frames_in=395 ok=129 fail=0 drop_full=260 drop_stale=0 frags_ok=1656 frags_fail=0 qdepth=3 parity_tx=0

2026-07-30 01:33:41,619 INFO image_tx_daemon: frame seq=129 done (pipelined): 13 fragments ok

2026-07-30 01:33:41,870 INFO image_tx_daemon: LoRa cmd: PROBE seq=87 phase_ms=0 (rx#87)

2026-07-30 01:33:43,200 INFO image_tx_daemon: frame seq=135 done (pipelined): 13 fragments ok

2026-07-30 01:33:43,461 INFO image_tx_daemon: LoRa cmd: PROBE seq=88 phase_ms=0 (rx#88)

2026-07-30 01:33:44,800 INFO image_tx_daemon: frame seq=136 done (pipelined): 13 fragments ok

2026-07-30 01:33:45,051 INFO image_tx_daemon: LoRa cmd: PROBE seq=89 phase_ms=0 (rx#89)

2026-07-30 01:33:46,391 INFO image_tx_daemon: frame seq=138 done (pipelined): 13 fragments ok

2026-07-30 01:33:46,641 INFO image_tx_daemon: LoRa cmd: PROBE seq=90 phase_ms=0 (rx#90)

2026-07-30 01:33:47,954 INFO image_tx_daemon: frame seq=141 done (pipelined): 13 fragments ok

2026-07-30 01:33:48,115 INFO image_tx_daemon: LoRa cmd: PROBE seq=91 phase_ms=0 (rx#91)

2026-07-30 01:33:49,454 INFO image_tx_daemon: frame seq=144 done (pipelined): 13 fragments ok

2026-07-30 01:33:49,705 INFO image_tx_daemon: LoRa cmd: PROBE seq=92 phase_ms=0 (rx#92)

2026-07-30 01:33:50,946 INFO image_tx_daemon: stats: goodput=1935.8 B/s util=79% pipeline=v3 frames_in=415 ok=135 fail=0 drop_full=273 drop_stale=0 frags_ok=1739 frags_fail=0 qdepth=4 parity_tx=0

2026-07-30 01:33:51,036 INFO image_tx_daemon: frame seq=148 done (pipelined): 13 fragments ok

2026-07-30 01:33:51,181 INFO image_tx_daemon: LoRa cmd: PROBE seq=93 phase_ms=0 (rx#93)

2026-07-30 01:33:52,507 INFO image_tx_daemon: frame seq=151 done (pipelined): 13 fragments ok

2026-07-30 01:33:52,657 INFO image_tx_daemon: LoRa cmd: PROBE seq=94 phase_ms=0 (rx#94)

2026-07-30 01:33:53,971 INFO image_tx_daemon: frame seq=154 done (pipelined): 13 fragments ok

2026-07-30 01:33:54,131 INFO image_tx_daemon: LoRa cmd: PROBE seq=95 phase_ms=0 (rx#95)

2026-07-30 01:33:55,470 INFO image_tx_daemon: frame seq=157 done (pipelined): 13 fragments ok

2026-07-30 01:33:55,721 INFO image_tx_daemon: LoRa cmd: PROBE seq=96 phase_ms=0 (rx#96)

2026-07-30 01:33:57,010 INFO image_tx_daemon: frame seq=160 done (pipelined): 12 fragments ok

2026-07-30 01:33:58,533 INFO image_tx_daemon: frame seq=163 done (pipelined): 13 fragments ok

2026-07-30 01:33:58,785 INFO image_tx_daemon: LoRa cmd: PROBE seq=97 phase_ms=0 (rx#97)

2026-07-30 01:34:00,069 INFO image_tx_daemon: frame seq=166 done (pipelined): 12 fragments ok

2026-07-30 01:34:00,959 INFO image_tx_daemon: stats: goodput=1971.1 B/s util=80% pipeline=v3 frames_in=435 ok=142 fail=0 drop_full=286 drop_stale=0 frags_ok=1823 frags_fail=0 qdepth=4 parity_tx=0

2026-07-30 01:34:01,579 INFO image_tx_daemon: frame seq=169 done (pipelined): 13 fragments ok

2026-07-30 01:34:01,590 INFO image_tx_daemon: LoRa cmd: PROBE seq=98 phase_ms=0 (rx#98)

2026-07-30 01:34:03,060 INFO image_tx_daemon: frame seq=172 done (pipelined): 13 fragments ok

2026-07-30 01:34:04,536 INFO image_tx_daemon: frame seq=175 done (pipelined): 13 fragments ok

2026-07-30 01:34:06,014 INFO image_tx_daemon: frame seq=178 done (pipelined): 13 fragments ok

2026-07-30 01:34:06,015 INFO image_tx_daemon: LoRa cmd: PROBE seq=99 phase_ms=0 (rx#99)

2026-07-30 01:34:07,498 INFO image_tx_daemon: frame seq=181 done (pipelined): 13 fragments ok

2026-07-30 01:34:07,749 INFO image_tx_daemon: LoRa cmd: PROBE seq=100 phase_ms=0 (rx#100)

2026-07-30 01:34:09,089 INFO image_tx_daemon: frame seq=187 done (pipelined): 13 fragments ok

2026-07-30 01:34:09,340 INFO image_tx_daemon: LoRa cmd: PROBE seq=101 phase_ms=0 (rx#101)

2026-07-30 01:34:10,623 INFO image_tx_daemon: frame seq=188 done (pipelined): 12 fragments ok

2026-07-30 01:34:10,975 INFO image_tx_daemon: stats: goodput=2001.1 B/s util=81% pipeline=v3 frames_in=455 ok=149 fail=0 drop_full=300 drop_stale=0 frags_ok=1909 frags_fail=0 qdepth=4 parity_tx=0

2026-07-30 01:34:12,106 INFO image_tx_daemon: frame seq=190 done (pipelined): 12 fragments ok

2026-07-30 01:34:12,287 INFO image_tx_daemon: LoRa cmd: PROBE seq=102 phase_ms=0 (rx#102)

2026-07-30 01:34:13,626 INFO image_tx_daemon: frame seq=193 done (pipelined): 13 fragments ok

2026-07-30 01:34:13,878 INFO image_tx_daemon: LoRa cmd: PROBE seq=103 phase_ms=0 (rx#103)

2026-07-30 01:34:15,207 INFO image_tx_daemon: frame seq=199 done (pipelined): 13 fragments ok

2026-07-30 01:34:16,807 INFO image_tx_daemon: frame seq=200 done (pipelined): 13 fragments ok

2026-07-30 01:34:17,058 INFO image_tx_daemon: LoRa cmd: PROBE seq=104 phase_ms=0 (rx#104)

2026-07-30 01:34:18,397 INFO image_tx_daemon: frame seq=202 done (pipelined): 13 fragments ok

2026-07-30 01:34:18,649 INFO image_tx_daemon: LoRa cmd: PROBE seq=105 phase_ms=0 (rx#105)

