# === FCC-B2-b ARTIFACT HEADER BEGIN (v1) ===
# firmware_git_sha: d4dfcb86cfd99bbcbd227844940a1f905336b356
# firmware_git_sha_short: d4dfcb86cfd9
# build_timestamp_utc: 2026-05-20T07:45:25Z
# profile_enum: 0
# profile_string: REG_PROFILE_BENCH_ONLY_FIXED_915
# rfco_summary_schema_ver: 1
# rfco_pertx_schema_ver: 1
# header_schema_ver: 1
# === FCC-B2-b ARTIFACT HEADER END ===

=== UART RX/TX diagnostic on /dev/ttymxc3 ===
mode: baud=921600 hwflow=off

Opened fd=3
  stty -a: speed 921600 baud; rows 0; columns 0; line = 0;

--- Passive listen 1.0s (should be empty since BOOT_URC long gone) ---
  (no bytes)

--- Sending ATI<CR><LF> ---
  (no bytes GÇö LPUART1 RX may not be reaching Murata)

--- Sending binary VER_REQ (type=0x01) ---
  Sending 12 bytes: 000301010201010103bb7a00
  (no bytes GÇö VER_URC not received)

--- Sending PING_REQ (type=0x00) ---
  Sending 12 bytes: 000201010202010103c7a400
  (no bytes)

Done.
