=== cycle 1/3 2026-05-26T17:15:22.1800176-05:00 ===
--- per-cycle preflight ---
PREFLIGHT_HOLDERS=
PREFLIGHT_OPENOCD=
PREFLIGHT_GPIO10=1

--- end preflight ---
bashRUN_OUTDIR=/tmp/lifetrac_p0c/stage1_standard_runs/T6_stage1_standard_2026-05-26_221522
RUN_ID=T6_stage1_standard_2026-05-26_221522
BOARD_SERIAL=2E2C1209DABC240B
IMAGE_NAME=firmware.bin
OPENOCD_CFG=/tmp/lifetrac_p0c/07_assert_pa11_pf4_long.cfg
SYNC_OK=1
GETID_OK=0
ERASE_OK=0
WRITE_OK=0
VERIFY_OK=1
BOOT_OK=1
FINAL_RESULT=FAIL_ID
ELAPSED_S=24
OUTDIR=/tmp/lifetrac_p0c/stage1_standard_runs/T6_stage1_standard_2026-05-26_221522
__STD_RC__=1

=== cycle 2/3 2026-05-26T17:15:46.9124386-05:00 ===
--- per-cycle preflight ---
PREFLIGHT_HOLDERS=
PREFLIGHT_OPENOCD=
PREFLIGHT_GPIO10=1

--- end preflight ---
bashRUN_OUTDIR=/tmp/lifetrac_p0c/stage1_standard_runs/T6_stage1_standard_2026-05-26_221547
RUN_ID=T6_stage1_standard_2026-05-26_221547
BOARD_SERIAL=2E2C1209DABC240B
IMAGE_NAME=firmware.bin
OPENOCD_CFG=/tmp/lifetrac_p0c/07_assert_pa11_pf4_long.cfg
SYNC_OK=1
GETID_OK=0
ERASE_OK=0
WRITE_OK=0
VERIFY_OK=0
BOOT_OK=0
FINAL_RESULT=FAIL_ID
ELAPSED_S=5
OUTDIR=/tmp/lifetrac_p0c/stage1_standard_runs/T6_stage1_standard_2026-05-26_221547
__STD_RC__=1

=== cycle 3/3 2026-05-26T17:15:53.1193415-05:00 ===
--- per-cycle preflight ---
PREFLIGHT_HOLDERS=
PREFLIGHT_OPENOCD=
PREFLIGHT_GPIO10=1

--- end preflight ---
bashRUN_OUTDIR=/tmp/lifetrac_p0c/stage1_standard_runs/T6_stage1_standard_2026-05-26_221553
RUN_ID=T6_stage1_standard_2026-05-26_221553
BOARD_SERIAL=2E2C1209DABC240B
IMAGE_NAME=firmware.bin
OPENOCD_CFG=/tmp/lifetrac_p0c/07_assert_pa11_pf4_long.cfg
SYNC_OK=1
GETID_OK=0
ERASE_OK=0
WRITE_OK=0
VERIFY_OK=1
BOOT_OK=1
FINAL_RESULT=FAIL_ID
ELAPSED_S=24
OUTDIR=/tmp/lifetrac_p0c/stage1_standard_runs/T6_stage1_standard_2026-05-26_221553
__STD_RC__=1

