2026-07-25 08:17:10,833 INFO image_tx_daemon: opening L072 HostLink on /dev/ttymxc3 @ 921600

2026-07-25 08:17:10,835 INFO image_tx_daemon: image_tx_daemon started; mqtt=192.168.1.79:1883 uart=/dev/ttymxc3

2026-07-25 08:17:10,845 INFO image_tx_daemon: MQTT connected; subscribing to lifetrac/v25/cmd/image_frame

2026-07-25 08:17:10,850 INFO image_tx_daemon: LIFETRAC_SKIP_RESET_REQ=1 ΓÇö relying on external NRST; draining boot chatter only

INFO: post-VER drain queued type=0xF1 seq=0

INFO: post-VER drain queued type=0xC1 seq=0

INFO: post-VER drain queued type=0xF1 seq=0

INFO: post-VER drain queued type=0xC1 seq=0

Initializing regulatory profile 2 on co-processor...

  FHSS mask: single channel 0 (0100000000000000)

CFG_SET_REQ(FHSS_CHANNEL_MASK) OK: 07000800

CFG_SET_REQ(ANTENNA_GAIN_DBI) OK: 15000100

CFG_SET_REQ(HW_CEILING_DBM) OK: 16000100

CFG_SET_REQ(REG_PROFILE=2) OK: 14000100

  forcing FRF -> 915.000 MHz (raw=0xE4C000 -> Msb=0xE4 Mid=0xC0 Lsb=0x00)

  FRF readback: 0xE4C000 = 915.000 MHz (OK)

PHY contract OK: image_bw500 == {'sf': 7, 'bw_khz': 500, 'cr_den': 5, 'preamble': 8}

2026-07-25 08:17:11,712 INFO image_tx_daemon: LBT_ENABLE=0 (matches W1-10b TX_BURST rationale)

2026-07-25 08:17:11,713 INFO image_tx_daemon: TX worker ready (inter_cycle_s=0.050, max 8 frags/dwell)

2026-07-25 08:17:11,836 INFO image_tx_daemon: stats: goodput=0.0 B/s util=0% pipeline=v3 frames_in=0 ok=0 fail=0 drop_full=0 drop_stale=0 frags_ok=0 frags_fail=0 qdepth=0

2026-07-25 08:17:15,020 INFO image_tx_daemon: frame seq=1 done (pipelined): 2 fragments ok

2026-07-25 08:17:15,170 INFO image_tx_daemon: frame seq=2 done (pipelined): 2 fragments ok

2026-07-25 08:17:15,320 INFO image_tx_daemon: frame seq=3 done (pipelined): 2 fragments ok

2026-07-25 08:17:15,470 INFO image_tx_daemon: frame seq=4 done (pipelined): 2 fragments ok

2026-07-25 08:17:15,630 INFO image_tx_daemon: frame seq=5 done (pipelined): 2 fragments ok

2026-07-25 08:17:15,791 INFO image_tx_daemon: frame seq=6 done (pipelined): 2 fragments ok

2026-07-25 08:17:16,001 INFO image_tx_daemon: frame seq=7 done (pipelined): 2 fragments ok

2026-07-25 08:17:16,162 INFO image_tx_daemon: frame seq=8 done (pipelined): 2 fragments ok

2026-07-25 08:17:16,316 INFO image_tx_daemon: frame seq=9 done (pipelined): 2 fragments ok

2026-07-25 08:17:16,444 INFO image_tx_daemon: frame seq=10 done (pipelined): 1 fragments ok

2026-07-25 08:17:16,639 INFO image_tx_daemon: frame seq=11 done (pipelined): 2 fragments ok

2026-07-25 08:17:16,796 INFO image_tx_daemon: frame seq=12 done (pipelined): 2 fragments ok

2026-07-25 08:17:16,960 INFO image_tx_daemon: frame seq=13 done (pipelined): 2 fragments ok

2026-07-25 08:17:17,109 INFO image_tx_daemon: frame seq=14 done (pipelined): 1 fragments ok

2026-07-25 08:17:17,275 INFO image_tx_daemon: frame seq=15 done (pipelined): 1 fragments ok

2026-07-25 08:17:17,438 INFO image_tx_daemon: frame seq=16 done (pipelined): 1 fragments ok

2026-07-25 08:17:17,625 INFO image_tx_daemon: frame seq=17 done (pipelined): 2 fragments ok

2026-07-25 08:17:17,769 INFO image_tx_daemon: frame seq=18 done (pipelined): 1 fragments ok

2026-07-25 08:17:17,968 INFO image_tx_daemon: frame seq=19 done (pipelined): 2 fragments ok

2026-07-25 08:17:18,104 INFO image_tx_daemon: frame seq=20 done (pipelined): 1 fragments ok

2026-07-25 08:17:18,297 INFO image_tx_daemon: frame seq=21 done (pipelined): 2 fragments ok

2026-07-25 08:17:18,440 INFO image_tx_daemon: frame seq=22 done (pipelined): 1 fragments ok

2026-07-25 08:17:18,608 INFO image_tx_daemon: frame seq=23 done (pipelined): 1 fragments ok

2026-07-25 08:17:18,772 INFO image_tx_daemon: frame seq=24 done (pipelined): 1 fragments ok

2026-07-25 08:17:18,962 INFO image_tx_daemon: frame seq=25 done (pipelined): 2 fragments ok

2026-07-25 08:17:19,104 INFO image_tx_daemon: frame seq=26 done (pipelined): 1 fragments ok

2026-07-25 08:17:19,302 INFO image_tx_daemon: frame seq=27 done (pipelined): 2 fragments ok

2026-07-25 08:17:19,437 INFO image_tx_daemon: frame seq=28 done (pipelined): 1 fragments ok

2026-07-25 08:17:19,598 INFO image_tx_daemon: frame seq=29 done (pipelined): 1 fragments ok

2026-07-25 08:17:19,771 INFO image_tx_daemon: frame seq=30 done (pipelined): 1 fragments ok

2026-07-25 08:17:19,968 INFO image_tx_daemon: frame seq=31 done (pipelined): 2 fragments ok

2026-07-25 08:17:20,112 INFO image_tx_daemon: frame seq=32 done (pipelined): 1 fragments ok

2026-07-25 08:17:20,293 INFO image_tx_daemon: frame seq=33 done (pipelined): 2 fragments ok

2026-07-25 08:17:20,461 INFO image_tx_daemon: frame seq=34 done (pipelined): 2 fragments ok

2026-07-25 08:17:20,631 INFO image_tx_daemon: frame seq=35 done (pipelined): 2 fragments ok

2026-07-25 08:17:20,799 INFO image_tx_daemon: frame seq=36 done (pipelined): 2 fragments ok

2026-07-25 08:17:20,976 INFO image_tx_daemon: frame seq=37 done (pipelined): 2 fragments ok

2026-07-25 08:17:21,053 INFO image_tx_daemon: frame seq=38 done (pipelined): 1 fragments ok

2026-07-25 08:17:21,229 INFO image_tx_daemon: frame seq=39 done (pipelined): 1 fragments ok

2026-07-25 08:17:21,398 INFO image_tx_daemon: frame seq=40 done (pipelined): 1 fragments ok

2026-07-25 08:17:21,567 INFO image_tx_daemon: frame seq=41 done (pipelined): 1 fragments ok

2026-07-25 08:17:21,731 INFO image_tx_daemon: frame seq=42 done (pipelined): 1 fragments ok

2026-07-25 08:17:21,847 INFO image_tx_daemon: stats: goodput=996.6 B/s util=43% pipeline=v3 frames_in=43 ok=42 fail=0 drop_full=0 drop_stale=0 frags_ok=65 frags_fail=0 qdepth=0

2026-07-25 08:17:21,901 INFO image_tx_daemon: frame seq=43 done (pipelined): 1 fragments ok

2026-07-25 08:17:22,057 INFO image_tx_daemon: frame seq=44 done (pipelined): 1 fragments ok

2026-07-25 08:17:22,233 INFO image_tx_daemon: frame seq=45 done (pipelined): 1 fragments ok

2026-07-25 08:17:22,383 INFO image_tx_daemon: frame seq=46 done (pipelined): 1 fragments ok

2026-07-25 08:17:22,558 INFO image_tx_daemon: frame seq=47 done (pipelined): 1 fragments ok

2026-07-25 08:17:22,722 INFO image_tx_daemon: frame seq=48 done (pipelined): 1 fragments ok

2026-07-25 08:17:22,887 INFO image_tx_daemon: frame seq=49 done (pipelined): 1 fragments ok

2026-07-25 08:17:23,051 INFO image_tx_daemon: frame seq=50 done (pipelined): 1 fragments ok

2026-07-25 08:17:23,221 INFO image_tx_daemon: frame seq=51 done (pipelined): 1 fragments ok

2026-07-25 08:17:23,387 INFO image_tx_daemon: frame seq=52 done (pipelined): 1 fragments ok

2026-07-25 08:17:23,553 INFO image_tx_daemon: frame seq=53 done (pipelined): 1 fragments ok

2026-07-25 08:17:23,722 INFO image_tx_daemon: frame seq=54 done (pipelined): 1 fragments ok

2026-07-25 08:17:23,889 INFO image_tx_daemon: frame seq=55 done (pipelined): 1 fragments ok

2026-07-25 08:17:24,055 INFO image_tx_daemon: frame seq=56 done (pipelined): 1 fragments ok

2026-07-25 08:17:24,222 INFO image_tx_daemon: frame seq=57 done (pipelined): 1 fragments ok

2026-07-25 08:17:24,386 INFO image_tx_daemon: frame seq=58 done (pipelined): 1 fragments ok

2026-07-25 08:17:24,552 INFO image_tx_daemon: frame seq=59 done (pipelined): 1 fragments ok

2026-07-25 08:17:24,720 INFO image_tx_daemon: frame seq=60 done (pipelined): 1 fragments ok

2026-07-25 08:17:24,910 INFO image_tx_daemon: frame seq=61 done (pipelined): 1 fragments ok

2026-07-25 08:17:25,072 INFO image_tx_daemon: frame seq=62 done (pipelined): 1 fragments ok

2026-07-25 08:17:25,267 INFO image_tx_daemon: frame seq=63 done (pipelined): 1 fragments ok

2026-07-25 08:17:25,408 INFO image_tx_daemon: frame seq=64 done (pipelined): 1 fragments ok

2026-07-25 08:17:25,555 INFO image_tx_daemon: frame seq=65 done (pipelined): 1 fragments ok

2026-07-25 08:17:25,730 INFO image_tx_daemon: frame seq=66 done (pipelined): 1 fragments ok

2026-07-25 08:17:25,902 INFO image_tx_daemon: frame seq=67 done (pipelined): 1 fragments ok

2026-07-25 08:17:26,061 INFO image_tx_daemon: frame seq=68 done (pipelined): 1 fragments ok

2026-07-25 08:17:26,241 INFO image_tx_daemon: frame seq=69 done (pipelined): 1 fragments ok

2026-07-25 08:17:26,415 INFO image_tx_daemon: frame seq=70 done (pipelined): 1 fragments ok

2026-07-25 08:17:26,576 INFO image_tx_daemon: frame seq=71 done (pipelined): 1 fragments ok

2026-07-25 08:17:26,765 INFO image_tx_daemon: frame seq=72 done (pipelined): 1 fragments ok

2026-07-25 08:17:26,907 INFO image_tx_daemon: frame seq=73 done (pipelined): 1 fragments ok

2026-07-25 08:17:27,075 INFO image_tx_daemon: frame seq=74 done (pipelined): 1 fragments ok

2026-07-25 08:17:27,250 INFO image_tx_daemon: frame seq=75 done (pipelined): 1 fragments ok

2026-07-25 08:17:27,417 INFO image_tx_daemon: frame seq=76 done (pipelined): 1 fragments ok

2026-07-25 08:17:27,586 INFO image_tx_daemon: frame seq=77 done (pipelined): 1 fragments ok

2026-07-25 08:17:27,767 INFO image_tx_daemon: frame seq=78 done (pipelined): 1 fragments ok

2026-07-25 08:17:27,915 INFO image_tx_daemon: frame seq=79 done (pipelined): 1 fragments ok

2026-07-25 08:17:28,084 INFO image_tx_daemon: frame seq=80 done (pipelined): 1 fragments ok

2026-07-25 08:17:28,251 INFO image_tx_daemon: frame seq=81 done (pipelined): 1 fragments ok

2026-07-25 08:17:28,435 INFO image_tx_daemon: frame seq=82 done (pipelined): 1 fragments ok

2026-07-25 08:17:28,627 INFO image_tx_daemon: frame seq=83 done (pipelined): 1 fragments ok

2026-07-25 08:17:28,770 INFO image_tx_daemon: frame seq=84 done (pipelined): 1 fragments ok

2026-07-25 08:17:28,939 INFO image_tx_daemon: frame seq=85 done (pipelined): 1 fragments ok

2026-07-25 08:17:29,138 INFO image_tx_daemon: frame seq=86 done (pipelined): 2 fragments ok

2026-07-25 08:17:29,298 INFO image_tx_daemon: frame seq=87 done (pipelined): 2 fragments ok

2026-07-25 08:17:29,517 INFO image_tx_daemon: frame seq=88 done (pipelined): 1 fragments ok

2026-07-25 08:17:29,700 INFO image_tx_daemon: frame seq=89 done (pipelined): 1 fragments ok

2026-07-25 08:17:29,829 INFO image_tx_daemon: frame seq=90 done (pipelined): 1 fragments ok

2026-07-25 08:17:29,990 INFO image_tx_daemon: frame seq=91 done (pipelined): 2 fragments ok

2026-07-25 08:17:30,141 INFO image_tx_daemon: frame seq=92 done (pipelined): 2 fragments ok

2026-07-25 08:17:30,294 INFO image_tx_daemon: frame seq=93 done (pipelined): 2 fragments ok

2026-07-25 08:17:30,464 INFO image_tx_daemon: frame seq=94 done (pipelined): 2 fragments ok

2026-07-25 08:17:30,629 INFO image_tx_daemon: frame seq=95 done (pipelined): 2 fragments ok

2026-07-25 08:17:30,797 INFO image_tx_daemon: frame seq=96 done (pipelined): 2 fragments ok

2026-07-25 08:17:30,937 INFO image_tx_daemon: frame seq=97 done (pipelined): 1 fragments ok

2026-07-25 08:17:31,136 INFO image_tx_daemon: frame seq=98 done (pipelined): 2 fragments ok

2026-07-25 08:17:31,306 INFO image_tx_daemon: frame seq=99 done (pipelined): 2 fragments ok

2026-07-25 08:17:31,464 INFO image_tx_daemon: frame seq=100 done (pipelined): 2 fragments ok

2026-07-25 08:17:31,625 INFO image_tx_daemon: frame seq=101 done (pipelined): 2 fragments ok

2026-07-25 08:17:31,804 INFO image_tx_daemon: frame seq=102 done (pipelined): 2 fragments ok

2026-07-25 08:17:31,858 INFO image_tx_daemon: stats: goodput=1110.4 B/s util=48% pipeline=v3 frames_in=103 ok=102 fail=0 drop_full=0 drop_stale=0 frags_ok=138 frags_fail=0 qdepth=0

2026-07-25 08:17:31,961 INFO image_tx_daemon: frame seq=103 done (pipelined): 2 fragments ok

2026-07-25 08:17:32,109 INFO image_tx_daemon: frame seq=104 done (pipelined): 1 fragments ok

2026-07-25 08:17:32,260 INFO image_tx_daemon: frame seq=105 done (pipelined): 1 fragments ok

2026-07-25 08:17:32,443 INFO image_tx_daemon: frame seq=106 done (pipelined): 1 fragments ok

2026-07-25 08:17:32,628 INFO image_tx_daemon: frame seq=107 done (pipelined): 2 fragments ok

2026-07-25 08:17:32,761 INFO image_tx_daemon: frame seq=108 done (pipelined): 1 fragments ok

2026-07-25 08:17:32,929 INFO image_tx_daemon: frame seq=109 done (pipelined): 1 fragments ok

2026-07-25 08:17:33,099 INFO image_tx_daemon: frame seq=110 done (pipelined): 1 fragments ok

2026-07-25 08:17:33,278 INFO image_tx_daemon: frame seq=111 done (pipelined): 1 fragments ok

2026-07-25 08:17:33,423 INFO image_tx_daemon: frame seq=112 done (pipelined): 1 fragments ok

2026-07-25 08:17:33,604 INFO image_tx_daemon: frame seq=113 done (pipelined): 1 fragments ok

2026-07-25 08:17:33,753 INFO image_tx_daemon: frame seq=114 done (pipelined): 1 fragments ok

2026-07-25 08:17:33,919 INFO image_tx_daemon: frame seq=115 done (pipelined): 1 fragments ok

2026-07-25 08:17:34,086 INFO image_tx_daemon: frame seq=116 done (pipelined): 1 fragments ok

2026-07-25 08:17:34,242 INFO image_tx_daemon: frame seq=117 done (pipelined): 1 fragments ok

2026-07-25 08:17:34,416 INFO image_tx_daemon: frame seq=118 done (pipelined): 1 fragments ok

2026-07-25 08:17:34,579 INFO image_tx_daemon: frame seq=119 done (pipelined): 1 fragments ok

2026-07-25 08:17:34,742 INFO image_tx_daemon: frame seq=120 done (pipelined): 1 fragments ok

2026-07-25 08:17:34,913 INFO image_tx_daemon: frame seq=121 done (pipelined): 1 fragments ok

2026-07-25 08:17:35,076 INFO image_tx_daemon: frame seq=122 done (pipelined): 1 fragments ok

2026-07-25 08:17:35,242 INFO image_tx_daemon: frame seq=123 done (pipelined): 1 fragments ok

2026-07-25 08:17:35,461 INFO image_tx_daemon: frame seq=124 done (pipelined): 2 fragments ok

2026-07-25 08:17:35,639 INFO image_tx_daemon: frame seq=125 done (pipelined): 2 fragments ok

2026-07-25 08:17:35,798 INFO image_tx_daemon: frame seq=126 done (pipelined): 2 fragments ok

2026-07-25 08:17:35,960 INFO image_tx_daemon: frame seq=127 done (pipelined): 2 fragments ok

2026-07-25 08:17:36,129 INFO image_tx_daemon: frame seq=128 done (pipelined): 2 fragments ok

2026-07-25 08:17:36,279 INFO image_tx_daemon: frame seq=129 done (pipelined): 1 fragments ok

2026-07-25 08:17:36,463 INFO image_tx_daemon: frame seq=130 done (pipelined): 1 fragments ok

2026-07-25 08:17:36,603 INFO image_tx_daemon: frame seq=131 done (pipelined): 1 fragments ok

2026-07-25 08:17:36,774 INFO image_tx_daemon: frame seq=132 done (pipelined): 1 fragments ok

2026-07-25 08:17:36,937 INFO image_tx_daemon: frame seq=133 done (pipelined): 1 fragments ok

2026-07-25 08:17:37,105 INFO image_tx_daemon: frame seq=134 done (pipelined): 1 fragments ok

2026-07-25 08:17:37,273 INFO image_tx_daemon: frame seq=135 done (pipelined): 1 fragments ok

2026-07-25 08:17:37,431 INFO image_tx_daemon: frame seq=136 done (pipelined): 1 fragments ok

2026-07-25 08:17:37,635 INFO image_tx_daemon: frame seq=137 done (pipelined): 1 fragments ok

2026-07-25 08:17:37,770 INFO image_tx_daemon: frame seq=138 done (pipelined): 1 fragments ok

2026-07-25 08:17:37,941 INFO image_tx_daemon: frame seq=139 done (pipelined): 1 fragments ok

2026-07-25 08:17:38,097 INFO image_tx_daemon: frame seq=140 done (pipelined): 1 fragments ok

2026-07-25 08:17:38,263 INFO image_tx_daemon: frame seq=141 done (pipelined): 1 fragments ok

2026-07-25 08:17:38,465 INFO image_tx_daemon: frame seq=142 done (pipelined): 2 fragments ok

2026-07-25 08:17:38,607 INFO image_tx_daemon: frame seq=143 done (pipelined): 1 fragments ok

2026-07-25 08:17:38,769 INFO image_tx_daemon: frame seq=144 done (pipelined): 1 fragments ok

2026-07-25 08:17:38,940 INFO image_tx_daemon: frame seq=145 done (pipelined): 1 fragments ok

2026-07-25 08:17:39,110 INFO image_tx_daemon: frame seq=146 done (pipelined): 1 fragments ok

2026-07-25 08:17:39,273 INFO image_tx_daemon: frame seq=147 done (pipelined): 1 fragments ok

2026-07-25 08:17:39,437 INFO image_tx_daemon: frame seq=148 done (pipelined): 1 fragments ok

2026-07-25 08:17:39,605 INFO image_tx_daemon: frame seq=149 done (pipelined): 1 fragments ok

2026-07-25 08:17:39,771 INFO image_tx_daemon: frame seq=150 done (pipelined): 1 fragments ok

2026-07-25 08:17:39,941 INFO image_tx_daemon: frame seq=151 done (pipelined): 1 fragments ok

2026-07-25 08:17:40,106 INFO image_tx_daemon: frame seq=152 done (pipelined): 1 fragments ok

2026-07-25 08:17:40,274 INFO image_tx_daemon: frame seq=153 done (pipelined): 1 fragments ok

2026-07-25 08:17:40,442 INFO image_tx_daemon: frame seq=154 done (pipelined): 1 fragments ok

2026-07-25 08:17:40,648 INFO image_tx_daemon: frame seq=155 done (pipelined): 1 fragments ok

2026-07-25 08:17:40,788 INFO image_tx_daemon: frame seq=156 done (pipelined): 1 fragments ok

2026-07-25 08:17:40,937 INFO image_tx_daemon: frame seq=157 done (pipelined): 1 fragments ok

2026-07-25 08:17:41,112 INFO image_tx_daemon: frame seq=158 done (pipelined): 1 fragments ok

2026-07-25 08:17:41,277 INFO image_tx_daemon: frame seq=159 done (pipelined): 1 fragments ok

2026-07-25 08:17:41,473 INFO image_tx_daemon: frame seq=160 done (pipelined): 2 fragments ok

2026-07-25 08:17:41,632 INFO image_tx_daemon: frame seq=161 done (pipelined): 2 fragments ok

2026-07-25 08:17:41,869 INFO image_tx_daemon: stats: goodput=1355.7 B/s util=56% pipeline=v3 frames_in=161 ok=161 fail=0 drop_full=0 drop_stale=0 frags_ok=207 frags_fail=0 qdepth=0

2026-07-25 08:17:42,048 INFO image_tx_daemon: frame seq=162 done (pipelined): 2 fragments ok

2026-07-25 08:17:42,209 INFO image_tx_daemon: frame seq=163 done (pipelined): 2 fragments ok

2026-07-25 08:17:42,288 INFO image_tx_daemon: frame seq=164 done (pipelined): 1 fragments ok

2026-07-25 08:17:42,449 INFO image_tx_daemon: frame seq=165 done (pipelined): 2 fragments ok

2026-07-25 08:17:42,525 INFO image_tx_daemon: frame seq=166 done (pipelined): 1 fragments ok

2026-07-25 08:17:42,601 INFO image_tx_daemon: frame seq=167 done (pipelined): 1 fragments ok

2026-07-25 08:17:42,730 INFO image_tx_daemon: frame seq=168 done (pipelined): 1 fragments ok

2026-07-25 08:17:42,888 INFO image_tx_daemon: frame seq=169 done (pipelined): 1 fragments ok

2026-07-25 08:17:43,057 INFO image_tx_daemon: frame seq=170 done (pipelined): 1 fragments ok

2026-07-25 08:17:43,223 INFO image_tx_daemon: frame seq=171 done (pipelined): 1 fragments ok

2026-07-25 08:17:43,392 INFO image_tx_daemon: frame seq=172 done (pipelined): 1 fragments ok

2026-07-25 08:17:43,555 INFO image_tx_daemon: frame seq=173 done (pipelined): 1 fragments ok

2026-07-25 08:17:43,731 INFO image_tx_daemon: frame seq=174 done (pipelined): 1 fragments ok

2026-07-25 08:17:43,900 INFO image_tx_daemon: frame seq=175 done (pipelined): 1 fragments ok

2026-07-25 08:17:44,061 INFO image_tx_daemon: frame seq=176 done (pipelined): 1 fragments ok

2026-07-25 08:17:44,221 INFO image_tx_daemon: frame seq=177 done (pipelined): 1 fragments ok

2026-07-25 08:17:44,388 INFO image_tx_daemon: frame seq=178 done (pipelined): 1 fragments ok

2026-07-25 08:17:44,558 INFO image_tx_daemon: frame seq=179 done (pipelined): 1 fragments ok

2026-07-25 08:17:44,737 INFO image_tx_daemon: frame seq=180 done (pipelined): 1 fragments ok

2026-07-25 08:17:44,885 INFO image_tx_daemon: frame seq=181 done (pipelined): 1 fragments ok

2026-07-25 08:17:45,056 INFO image_tx_daemon: frame seq=182 done (pipelined): 1 fragments ok

2026-07-25 08:17:45,226 INFO image_tx_daemon: frame seq=183 done (pipelined): 1 fragments ok

2026-07-25 08:17:45,395 INFO image_tx_daemon: frame seq=184 done (pipelined): 1 fragments ok

2026-07-25 08:17:45,563 INFO image_tx_daemon: frame seq=185 done (pipelined): 1 fragments ok

2026-07-25 08:17:45,733 INFO image_tx_daemon: frame seq=186 done (pipelined): 1 fragments ok

2026-07-25 08:17:45,899 INFO image_tx_daemon: frame seq=187 done (pipelined): 1 fragments ok

2026-07-25 08:17:46,055 INFO image_tx_daemon: frame seq=188 done (pipelined): 1 fragments ok

2026-07-25 08:17:46,218 INFO image_tx_daemon: frame seq=189 done (pipelined): 1 fragments ok

2026-07-25 08:17:46,399 INFO image_tx_daemon: frame seq=190 done (pipelined): 1 fragments ok

2026-07-25 08:17:46,564 INFO image_tx_daemon: frame seq=191 done (pipelined): 1 fragments ok

2026-07-25 08:17:46,734 INFO image_tx_daemon: frame seq=192 done (pipelined): 1 fragments ok

2026-07-25 08:17:46,896 INFO image_tx_daemon: frame seq=193 done (pipelined): 1 fragments ok

2026-07-25 08:17:47,065 INFO image_tx_daemon: frame seq=194 done (pipelined): 1 fragments ok

2026-07-25 08:17:47,243 INFO image_tx_daemon: frame seq=195 done (pipelined): 1 fragments ok

2026-07-25 08:17:47,407 INFO image_tx_daemon: frame seq=196 done (pipelined): 1 fragments ok

2026-07-25 08:17:47,577 INFO image_tx_daemon: frame seq=197 done (pipelined): 1 fragments ok

2026-07-25 08:17:47,741 INFO image_tx_daemon: frame seq=198 done (pipelined): 1 fragments ok

2026-07-25 08:17:47,918 INFO image_tx_daemon: frame seq=199 done (pipelined): 1 fragments ok

2026-07-25 08:17:48,079 INFO image_tx_daemon: frame seq=200 done (pipelined): 1 fragments ok

2026-07-25 08:17:48,241 INFO image_tx_daemon: frame seq=201 done (pipelined): 1 fragments ok

2026-07-25 08:17:48,430 INFO image_tx_daemon: frame seq=202 done (pipelined): 1 fragments ok

2026-07-25 08:17:48,650 INFO image_tx_daemon: frame seq=203 done (pipelined): 1 fragments ok

2026-07-25 08:17:48,767 INFO image_tx_daemon: frame seq=204 done (pipelined): 1 fragments ok

2026-07-25 08:17:48,966 INFO image_tx_daemon: frame seq=205 done (pipelined): 1 fragments ok

2026-07-25 08:17:49,127 INFO image_tx_daemon: frame seq=206 done (pipelined): 1 fragments ok

2026-07-25 08:17:49,261 INFO image_tx_daemon: frame seq=207 done (pipelined): 1 fragments ok

2026-07-25 08:17:49,442 INFO image_tx_daemon: frame seq=208 done (pipelined): 1 fragments ok

2026-07-25 08:17:49,597 INFO image_tx_daemon: frame seq=209 done (pipelined): 1 fragments ok

2026-07-25 08:17:49,799 INFO image_tx_daemon: frame seq=210 done (pipelined): 2 fragments ok

2026-07-25 08:17:49,964 INFO image_tx_daemon: frame seq=211 done (pipelined): 2 fragments ok

2026-07-25 08:17:50,133 INFO image_tx_daemon: frame seq=212 done (pipelined): 2 fragments ok

2026-07-25 08:17:50,295 INFO image_tx_daemon: frame seq=213 done (pipelined): 2 fragments ok

2026-07-25 08:17:50,477 INFO image_tx_daemon: frame seq=214 done (pipelined): 2 fragments ok

2026-07-25 08:17:50,652 INFO image_tx_daemon: frame seq=215 done (pipelined): 2 fragments ok

2026-07-25 08:17:50,802 INFO image_tx_daemon: frame seq=216 done (pipelined): 2 fragments ok

2026-07-25 08:17:50,965 INFO image_tx_daemon: frame seq=217 done (pipelined): 2 fragments ok

2026-07-25 08:17:51,136 INFO image_tx_daemon: frame seq=218 done (pipelined): 2 fragments ok

2026-07-25 08:17:51,299 INFO image_tx_daemon: frame seq=219 done (pipelined): 2 fragments ok

2026-07-25 08:17:51,465 INFO image_tx_daemon: frame seq=220 done (pipelined): 2 fragments ok

2026-07-25 08:17:51,634 INFO image_tx_daemon: frame seq=221 done (pipelined): 2 fragments ok

2026-07-25 08:17:51,800 INFO image_tx_daemon: frame seq=222 done (pipelined): 2 fragments ok

2026-07-25 08:17:51,880 INFO image_tx_daemon: stats: goodput=1117.8 B/s util=48% pipeline=v3 frames_in=223 ok=222 fail=0 drop_full=0 drop_stale=0 frags_ok=284 frags_fail=0 qdepth=0

2026-07-25 08:17:51,963 INFO image_tx_daemon: frame seq=223 done (pipelined): 2 fragments ok

2026-07-25 08:17:52,146 INFO image_tx_daemon: frame seq=224 done (pipelined): 2 fragments ok

2026-07-25 08:17:52,329 INFO image_tx_daemon: frame seq=225 done (pipelined): 2 fragments ok

2026-07-25 08:17:52,488 INFO image_tx_daemon: frame seq=226 done (pipelined): 2 fragments ok

2026-07-25 08:17:52,649 INFO image_tx_daemon: frame seq=227 done (pipelined): 2 fragments ok

2026-07-25 08:17:52,809 INFO image_tx_daemon: frame seq=228 done (pipelined): 2 fragments ok

2026-07-25 08:17:52,982 INFO image_tx_daemon: frame seq=229 done (pipelined): 2 fragments ok

2026-07-25 08:17:53,361 INFO image_tx_daemon: frame seq=230 done (pipelined): 2 fragments ok

2026-07-25 08:17:53,522 INFO image_tx_daemon: frame seq=231 done (pipelined): 2 fragments ok

2026-07-25 08:17:53,695 INFO image_tx_daemon: frame seq=232 done (pipelined): 2 fragments ok

2026-07-25 08:17:53,823 INFO image_tx_daemon: frame seq=233 done (pipelined): 1 fragments ok

2026-07-25 08:17:53,984 INFO image_tx_daemon: frame seq=234 done (pipelined): 2 fragments ok

2026-07-25 08:17:54,135 INFO image_tx_daemon: frame seq=235 done (pipelined): 2 fragments ok

2026-07-25 08:17:54,286 INFO image_tx_daemon: frame seq=236 done (pipelined): 2 fragments ok

2026-07-25 08:17:54,414 INFO image_tx_daemon: frame seq=237 done (pipelined): 1 fragments ok

2026-07-25 08:17:54,564 INFO image_tx_daemon: frame seq=238 done (pipelined): 2 fragments ok

2026-07-25 08:17:54,693 INFO image_tx_daemon: frame seq=239 done (pipelined): 1 fragments ok

2026-07-25 08:17:54,800 INFO image_tx_daemon: frame seq=240 done (pipelined): 1 fragments ok

2026-07-25 08:17:54,929 INFO image_tx_daemon: frame seq=241 done (pipelined): 1 fragments ok

2026-07-25 08:17:55,097 INFO image_tx_daemon: frame seq=242 done (pipelined): 1 fragments ok

2026-07-25 08:17:55,253 INFO image_tx_daemon: frame seq=243 done (pipelined): 1 fragments ok

2026-07-25 08:17:55,418 INFO image_tx_daemon: frame seq=244 done (pipelined): 1 fragments ok

2026-07-25 08:17:55,649 INFO image_tx_daemon: frame seq=245 done (pipelined): 1 fragments ok

2026-07-25 08:17:55,757 INFO image_tx_daemon: frame seq=246 done (pipelined): 1 fragments ok

2026-07-25 08:17:55,925 INFO image_tx_daemon: frame seq=247 done (pipelined): 1 fragments ok

2026-07-25 08:17:56,073 INFO image_tx_daemon: frame seq=248 done (pipelined): 1 fragments ok

2026-07-25 08:17:56,246 INFO image_tx_daemon: frame seq=249 done (pipelined): 1 fragments ok

2026-07-25 08:17:56,434 INFO image_tx_daemon: frame seq=250 done (pipelined): 1 fragments ok

2026-07-25 08:17:56,579 INFO image_tx_daemon: frame seq=251 done (pipelined): 1 fragments ok

2026-07-25 08:17:56,746 INFO image_tx_daemon: frame seq=252 done (pipelined): 1 fragments ok

2026-07-25 08:17:56,910 INFO image_tx_daemon: frame seq=253 done (pipelined): 1 fragments ok

2026-07-25 08:17:57,073 INFO image_tx_daemon: frame seq=254 done (pipelined): 1 fragments ok

2026-07-25 08:17:57,298 INFO image_tx_daemon: frame seq=255 done (pipelined): 2 fragments ok

2026-07-25 08:17:57,465 INFO image_tx_daemon: frame seq=0 done (pipelined): 2 fragments ok

2026-07-25 08:17:57,633 INFO image_tx_daemon: frame seq=1 done (pipelined): 2 fragments ok

2026-07-25 08:17:57,803 INFO image_tx_daemon: frame seq=2 done (pipelined): 2 fragments ok

2026-07-25 08:17:57,965 INFO image_tx_daemon: frame seq=3 done (pipelined): 2 fragments ok

2026-07-25 08:17:58,129 INFO image_tx_daemon: frame seq=4 done (pipelined): 2 fragments ok

2026-07-25 08:17:58,291 INFO image_tx_daemon: frame seq=5 done (pipelined): 2 fragments ok

2026-07-25 08:17:58,462 INFO image_tx_daemon: frame seq=6 done (pipelined): 2 fragments ok

2026-07-25 08:17:58,631 INFO image_tx_daemon: frame seq=7 done (pipelined): 2 fragments ok

2026-07-25 08:17:58,793 INFO image_tx_daemon: frame seq=8 done (pipelined): 2 fragments ok

2026-07-25 08:17:58,965 INFO image_tx_daemon: frame seq=9 done (pipelined): 2 fragments ok

2026-07-25 08:17:59,115 INFO image_tx_daemon: frame seq=10 done (pipelined): 1 fragments ok

2026-07-25 08:17:59,300 INFO image_tx_daemon: frame seq=11 done (pipelined): 2 fragments ok

2026-07-25 08:17:59,545 INFO image_tx_daemon: frame seq=12 done (pipelined): 2 fragments ok

2026-07-25 08:17:59,695 INFO image_tx_daemon: frame seq=13 done (pipelined): 2 fragments ok

2026-07-25 08:17:59,823 INFO image_tx_daemon: frame seq=14 done (pipelined): 1 fragments ok

2026-07-25 08:18:00,319 INFO image_tx_daemon: frame seq=15 done (pipelined): 1 fragments ok

2026-07-25 08:18:00,447 INFO image_tx_daemon: frame seq=16 done (pipelined): 1 fragments ok

2026-07-25 08:18:00,597 INFO image_tx_daemon: frame seq=17 done (pipelined): 2 fragments ok

2026-07-25 08:18:00,992 INFO image_tx_daemon: frame seq=18 done (pipelined): 1 fragments ok

2026-07-25 08:18:01,143 INFO image_tx_daemon: frame seq=19 done (pipelined): 2 fragments ok

2026-07-25 08:18:01,271 INFO image_tx_daemon: frame seq=20 done (pipelined): 1 fragments ok

2026-07-25 08:18:01,422 INFO image_tx_daemon: frame seq=21 done (pipelined): 2 fragments ok

2026-07-25 08:18:01,550 INFO image_tx_daemon: frame seq=22 done (pipelined): 1 fragments ok

2026-07-25 08:18:01,680 INFO image_tx_daemon: frame seq=23 done (pipelined): 1 fragments ok

2026-07-25 08:18:01,808 INFO image_tx_daemon: frame seq=24 done (pipelined): 1 fragments ok

2026-07-25 08:18:01,891 INFO image_tx_daemon: stats: goodput=1388.9 B/s util=59% pipeline=v3 frames_in=283 ok=280 fail=0 drop_full=0 drop_stale=0 frags_ok=373 frags_fail=0 qdepth=2

2026-07-25 08:18:01,959 INFO image_tx_daemon: frame seq=25 done (pipelined): 2 fragments ok

2026-07-25 08:18:02,088 INFO image_tx_daemon: frame seq=26 done (pipelined): 1 fragments ok

2026-07-25 08:18:02,238 INFO image_tx_daemon: frame seq=27 done (pipelined): 2 fragments ok

2026-07-25 08:18:02,367 INFO image_tx_daemon: frame seq=28 done (pipelined): 1 fragments ok

2026-07-25 08:18:02,485 INFO image_tx_daemon: frame seq=29 done (pipelined): 1 fragments ok

2026-07-25 08:18:02,613 INFO image_tx_daemon: frame seq=30 done (pipelined): 1 fragments ok

2026-07-25 08:18:02,764 INFO image_tx_daemon: frame seq=31 done (pipelined): 2 fragments ok

2026-07-25 08:18:02,894 INFO image_tx_daemon: frame seq=32 done (pipelined): 1 fragments ok

2026-07-25 08:18:03,046 INFO image_tx_daemon: frame seq=33 done (pipelined): 2 fragments ok

2026-07-25 08:18:03,207 INFO image_tx_daemon: frame seq=34 done (pipelined): 2 fragments ok

2026-07-25 08:18:03,369 INFO image_tx_daemon: frame seq=35 done (pipelined): 2 fragments ok

2026-07-25 08:18:03,519 INFO image_tx_daemon: frame seq=36 done (pipelined): 2 fragments ok

2026-07-25 08:18:03,733 INFO image_tx_daemon: frame seq=37 done (pipelined): 2 fragments ok

2026-07-25 08:18:03,961 INFO image_tx_daemon: frame seq=38 done (pipelined): 1 fragments ok

2026-07-25 08:18:04,038 INFO image_tx_daemon: frame seq=39 done (pipelined): 1 fragments ok

2026-07-25 08:18:04,124 INFO image_tx_daemon: frame seq=40 done (pipelined): 1 fragments ok

2026-07-25 08:18:04,310 INFO image_tx_daemon: frame seq=41 done (pipelined): 1 fragments ok

2026-07-25 08:18:04,633 INFO image_tx_daemon: frame seq=42 done (pipelined): 1 fragments ok

2026-07-25 08:18:04,719 INFO image_tx_daemon: frame seq=43 done (pipelined): 1 fragments ok

2026-07-25 08:18:04,806 INFO image_tx_daemon: frame seq=44 done (pipelined): 1 fragments ok

2026-07-25 08:18:05,159 INFO image_tx_daemon: frame seq=45 done (pipelined): 1 fragments ok

2026-07-25 08:18:05,234 INFO image_tx_daemon: frame seq=46 done (pipelined): 1 fragments ok

2026-07-25 08:18:05,310 INFO image_tx_daemon: frame seq=47 done (pipelined): 1 fragments ok

2026-07-25 08:18:05,393 INFO image_tx_daemon: frame seq=48 done (pipelined): 1 fragments ok

2026-07-25 08:18:05,555 INFO image_tx_daemon: frame seq=49 done (pipelined): 1 fragments ok

2026-07-25 08:18:05,723 INFO image_tx_daemon: frame seq=50 done (pipelined): 1 fragments ok

2026-07-25 08:18:05,885 INFO image_tx_daemon: frame seq=51 done (pipelined): 1 fragments ok

2026-07-25 08:18:06,054 INFO image_tx_daemon: frame seq=52 done (pipelined): 1 fragments ok

2026-07-25 08:18:06,229 INFO image_tx_daemon: frame seq=53 done (pipelined): 1 fragments ok

2026-07-25 08:18:06,392 INFO image_tx_daemon: frame seq=54 done (pipelined): 1 fragments ok

2026-07-25 08:18:06,555 INFO image_tx_daemon: frame seq=55 done (pipelined): 1 fragments ok

2026-07-25 08:18:06,725 INFO image_tx_daemon: frame seq=56 done (pipelined): 1 fragments ok

2026-07-25 08:18:06,884 INFO image_tx_daemon: frame seq=57 done (pipelined): 1 fragments ok

2026-07-25 08:18:07,053 INFO image_tx_daemon: frame seq=58 done (pipelined): 1 fragments ok

2026-07-25 08:18:07,216 INFO image_tx_daemon: frame seq=59 done (pipelined): 1 fragments ok

2026-07-25 08:18:07,383 INFO image_tx_daemon: frame seq=60 done (pipelined): 1 fragments ok

2026-07-25 08:18:07,549 INFO image_tx_daemon: frame seq=61 done (pipelined): 1 fragments ok

2026-07-25 08:18:07,779 INFO image_tx_daemon: frame seq=62 done (pipelined): 1 fragments ok

2026-07-25 08:18:07,910 INFO image_tx_daemon: frame seq=63 done (pipelined): 1 fragments ok

2026-07-25 08:18:08,052 INFO image_tx_daemon: frame seq=64 done (pipelined): 1 fragments ok

2026-07-25 08:18:08,226 INFO image_tx_daemon: frame seq=65 done (pipelined): 1 fragments ok

2026-07-25 08:18:08,395 INFO image_tx_daemon: frame seq=66 done (pipelined): 1 fragments ok

2026-07-25 08:18:08,562 INFO image_tx_daemon: frame seq=67 done (pipelined): 1 fragments ok

2026-07-25 08:18:08,734 INFO image_tx_daemon: frame seq=68 done (pipelined): 1 fragments ok

2026-07-25 08:18:08,918 INFO image_tx_daemon: frame seq=69 done (pipelined): 1 fragments ok

2026-07-25 08:18:09,072 INFO image_tx_daemon: frame seq=70 done (pipelined): 1 fragments ok

2026-07-25 08:18:09,238 INFO image_tx_daemon: frame seq=71 done (pipelined): 1 fragments ok

2026-07-25 08:18:09,409 INFO image_tx_daemon: frame seq=72 done (pipelined): 1 fragments ok

2026-07-25 08:18:09,572 INFO image_tx_daemon: frame seq=73 done (pipelined): 1 fragments ok

2026-07-25 08:18:09,744 INFO image_tx_daemon: frame seq=74 done (pipelined): 1 fragments ok

2026-07-25 08:18:09,921 INFO image_tx_daemon: frame seq=75 done (pipelined): 1 fragments ok

2026-07-25 08:18:10,085 INFO image_tx_daemon: frame seq=76 done (pipelined): 1 fragments ok

2026-07-25 08:18:10,245 INFO image_tx_daemon: frame seq=77 done (pipelined): 1 fragments ok

2026-07-25 08:18:10,418 INFO image_tx_daemon: frame seq=78 done (pipelined): 1 fragments ok

2026-07-25 08:18:10,583 INFO image_tx_daemon: frame seq=79 done (pipelined): 1 fragments ok

2026-07-25 08:18:10,771 INFO image_tx_daemon: frame seq=80 done (pipelined): 1 fragments ok

2026-07-25 08:18:10,917 INFO image_tx_daemon: frame seq=81 done (pipelined): 1 fragments ok

2026-07-25 08:18:11,095 INFO image_tx_daemon: frame seq=82 done (pipelined): 1 fragments ok

2026-07-25 08:18:11,270 INFO image_tx_daemon: frame seq=83 done (pipelined): 1 fragments ok

2026-07-25 08:18:11,455 INFO image_tx_daemon: frame seq=84 done (pipelined): 1 fragments ok

2026-07-25 08:18:11,623 INFO image_tx_daemon: frame seq=85 done (pipelined): 1 fragments ok

2026-07-25 08:18:11,870 INFO image_tx_daemon: frame seq=86 done (pipelined): 2 fragments ok

2026-07-25 08:18:11,904 INFO image_tx_daemon: stats: goodput=1090.5 B/s util=47% pipeline=v3 frames_in=343 ok=342 fail=0 drop_full=0 drop_stale=0 frags_ok=444 frags_fail=0 qdepth=0

2026-07-25 08:18:12,021 INFO image_tx_daemon: frame seq=87 done (pipelined): 2 fragments ok

2026-07-25 08:18:12,347 INFO image_tx_daemon: frame seq=88 done (pipelined): 1 fragments ok

2026-07-25 08:18:12,465 INFO image_tx_daemon: frame seq=89 done (pipelined): 1 fragments ok

2026-07-25 08:18:12,593 INFO image_tx_daemon: frame seq=90 done (pipelined): 1 fragments ok

2026-07-25 08:18:12,754 INFO image_tx_daemon: frame seq=91 done (pipelined): 2 fragments ok

2026-07-25 08:18:12,904 INFO image_tx_daemon: frame seq=92 done (pipelined): 2 fragments ok

2026-07-25 08:18:13,055 INFO image_tx_daemon: frame seq=93 done (pipelined): 2 fragments ok

2026-07-25 08:18:13,216 INFO image_tx_daemon: frame seq=94 done (pipelined): 2 fragments ok

2026-07-25 08:18:13,366 INFO image_tx_daemon: frame seq=95 done (pipelined): 2 fragments ok

2026-07-25 08:18:13,517 INFO image_tx_daemon: frame seq=96 done (pipelined): 2 fragments ok

2026-07-25 08:18:13,637 INFO image_tx_daemon: frame seq=97 done (pipelined): 1 fragments ok

2026-07-25 08:18:13,825 INFO image_tx_daemon: frame seq=98 done (pipelined): 2 fragments ok

2026-07-25 08:18:13,986 INFO image_tx_daemon: frame seq=99 done (pipelined): 2 fragments ok

2026-07-25 08:18:14,137 INFO image_tx_daemon: frame seq=100 done (pipelined): 2 fragments ok

2026-07-25 08:18:14,295 INFO image_tx_daemon: frame seq=101 done (pipelined): 2 fragments ok

2026-07-25 08:18:14,470 INFO image_tx_daemon: frame seq=102 done (pipelined): 2 fragments ok

2026-07-25 08:18:14,630 INFO image_tx_daemon: frame seq=103 done (pipelined): 2 fragments ok

2026-07-25 08:18:14,783 INFO image_tx_daemon: frame seq=104 done (pipelined): 1 fragments ok

2026-07-25 08:18:14,929 INFO image_tx_daemon: frame seq=105 done (pipelined): 1 fragments ok

2026-07-25 08:18:15,108 INFO image_tx_daemon: frame seq=106 done (pipelined): 1 fragments ok

2026-07-25 08:18:15,295 INFO image_tx_daemon: frame seq=107 done (pipelined): 2 fragments ok

2026-07-25 08:18:15,432 INFO image_tx_daemon: frame seq=108 done (pipelined): 1 fragments ok

2026-07-25 08:18:15,595 INFO image_tx_daemon: frame seq=109 done (pipelined): 1 fragments ok

2026-07-25 08:18:15,762 INFO image_tx_daemon: frame seq=110 done (pipelined): 1 fragments ok

2026-07-25 08:18:15,915 INFO image_tx_daemon: frame seq=111 done (pipelined): 1 fragments ok

2026-07-25 08:18:16,168 INFO image_tx_daemon: frame seq=112 done (pipelined): 1 fragments ok

2026-07-25 08:18:16,275 INFO image_tx_daemon: frame seq=113 done (pipelined): 1 fragments ok

2026-07-25 08:18:16,432 INFO image_tx_daemon: frame seq=114 done (pipelined): 1 fragments ok

2026-07-25 08:18:16,584 INFO image_tx_daemon: frame seq=115 done (pipelined): 1 fragments ok

2026-07-25 08:18:16,750 INFO image_tx_daemon: frame seq=116 done (pipelined): 1 fragments ok

2026-07-25 08:18:16,910 INFO image_tx_daemon: frame seq=117 done (pipelined): 1 fragments ok

2026-07-25 08:18:17,091 INFO image_tx_daemon: frame seq=118 done (pipelined): 1 fragments ok

2026-07-25 08:18:17,239 INFO image_tx_daemon: frame seq=119 done (pipelined): 1 fragments ok

2026-07-25 08:18:17,414 INFO image_tx_daemon: frame seq=120 done (pipelined): 1 fragments ok

2026-07-25 08:18:17,579 INFO image_tx_daemon: frame seq=121 done (pipelined): 1 fragments ok

2026-07-25 08:18:17,737 INFO image_tx_daemon: frame seq=122 done (pipelined): 1 fragments ok

2026-07-25 08:18:17,906 INFO image_tx_daemon: frame seq=123 done (pipelined): 1 fragments ok

2026-07-25 08:18:18,132 INFO image_tx_daemon: frame seq=124 done (pipelined): 2 fragments ok

2026-07-25 08:18:18,304 INFO image_tx_daemon: frame seq=125 done (pipelined): 2 fragments ok

2026-07-25 08:18:18,464 INFO image_tx_daemon: frame seq=126 done (pipelined): 2 fragments ok

2026-07-25 08:18:18,630 INFO image_tx_daemon: frame seq=127 done (pipelined): 2 fragments ok

2026-07-25 08:18:18,795 INFO image_tx_daemon: frame seq=128 done (pipelined): 2 fragments ok

2026-07-25 08:18:18,938 INFO image_tx_daemon: frame seq=129 done (pipelined): 1 fragments ok

2026-07-25 08:18:19,106 INFO image_tx_daemon: frame seq=130 done (pipelined): 1 fragments ok

2026-07-25 08:18:19,273 INFO image_tx_daemon: frame seq=131 done (pipelined): 1 fragments ok

2026-07-25 08:18:19,443 INFO image_tx_daemon: frame seq=132 done (pipelined): 1 fragments ok

2026-07-25 08:18:19,610 INFO image_tx_daemon: frame seq=133 done (pipelined): 1 fragments ok

2026-07-25 08:18:19,778 INFO image_tx_daemon: frame seq=134 done (pipelined): 1 fragments ok

2026-07-25 08:18:19,939 INFO image_tx_daemon: frame seq=135 done (pipelined): 1 fragments ok

2026-07-25 08:18:20,098 INFO image_tx_daemon: frame seq=136 done (pipelined): 1 fragments ok

2026-07-25 08:18:20,269 INFO image_tx_daemon: frame seq=137 done (pipelined): 1 fragments ok

2026-07-25 08:18:20,445 INFO image_tx_daemon: frame seq=138 done (pipelined): 1 fragments ok

2026-07-25 08:18:20,611 INFO image_tx_daemon: frame seq=139 done (pipelined): 1 fragments ok

2026-07-25 08:18:20,768 INFO image_tx_daemon: frame seq=140 done (pipelined): 1 fragments ok

2026-07-25 08:18:20,933 INFO image_tx_daemon: frame seq=141 done (pipelined): 1 fragments ok

2026-07-25 08:18:21,132 INFO image_tx_daemon: frame seq=142 done (pipelined): 2 fragments ok

2026-07-25 08:18:21,273 INFO image_tx_daemon: frame seq=143 done (pipelined): 1 fragments ok

2026-07-25 08:18:21,439 INFO image_tx_daemon: frame seq=144 done (pipelined): 1 fragments ok

2026-07-25 08:18:21,605 INFO image_tx_daemon: frame seq=145 done (pipelined): 1 fragments ok

2026-07-25 08:18:21,773 INFO image_tx_daemon: frame seq=146 done (pipelined): 1 fragments ok

2026-07-25 08:18:21,919 INFO image_tx_daemon: stats: goodput=1402.4 B/s util=59% pipeline=v3 frames_in=403 ok=402 fail=0 drop_full=0 drop_stale=0 frags_ok=524 frags_fail=0 qdepth=0

2026-07-25 08:18:21,938 INFO image_tx_daemon: frame seq=147 done (pipelined): 1 fragments ok

2026-07-25 08:18:22,104 INFO image_tx_daemon: frame seq=148 done (pipelined): 1 fragments ok

2026-07-25 08:18:22,272 INFO image_tx_daemon: frame seq=149 done (pipelined): 1 fragments ok

2026-07-25 08:18:22,475 INFO image_tx_daemon: frame seq=150 done (pipelined): 1 fragments ok

2026-07-25 08:18:22,607 INFO image_tx_daemon: frame seq=151 done (pipelined): 1 fragments ok

2026-07-25 08:18:22,776 INFO image_tx_daemon: frame seq=152 done (pipelined): 1 fragments ok

2026-07-25 08:18:23,016 INFO image_tx_daemon: frame seq=153 done (pipelined): 1 fragments ok

2026-07-25 08:18:23,144 INFO image_tx_daemon: frame seq=154 done (pipelined): 1 fragments ok

2026-07-25 08:18:23,279 INFO image_tx_daemon: frame seq=155 done (pipelined): 1 fragments ok

2026-07-25 08:18:23,441 INFO image_tx_daemon: frame seq=156 done (pipelined): 1 fragments ok

2026-07-25 08:18:23,607 INFO image_tx_daemon: frame seq=157 done (pipelined): 1 fragments ok

2026-07-25 08:18:23,773 INFO image_tx_daemon: frame seq=158 done (pipelined): 1 fragments ok

2026-07-25 08:18:23,939 INFO image_tx_daemon: frame seq=159 done (pipelined): 1 fragments ok

2026-07-25 08:18:24,129 INFO image_tx_daemon: frame seq=160 done (pipelined): 2 fragments ok

2026-07-25 08:18:24,307 INFO image_tx_daemon: frame seq=161 done (pipelined): 2 fragments ok

2026-07-25 08:18:24,467 INFO image_tx_daemon: frame seq=162 done (pipelined): 2 fragments ok

2026-07-25 08:18:24,644 INFO image_tx_daemon: frame seq=163 done (pipelined): 2 fragments ok

2026-07-25 08:18:24,727 INFO image_tx_daemon: frame seq=164 done (pipelined): 1 fragments ok

2026-07-25 08:18:24,888 INFO image_tx_daemon: frame seq=165 done (pipelined): 1 fragments ok

2026-07-25 08:18:25,099 INFO image_tx_daemon: frame seq=166 done (pipelined): 1 fragments ok

2026-07-25 08:18:25,223 INFO image_tx_daemon: frame seq=167 done (pipelined): 1 fragments ok

2026-07-25 08:18:25,396 INFO image_tx_daemon: frame seq=168 done (pipelined): 1 fragments ok

2026-07-25 08:18:25,553 INFO image_tx_daemon: frame seq=169 done (pipelined): 1 fragments ok

2026-07-25 08:18:25,720 INFO image_tx_daemon: frame seq=170 done (pipelined): 1 fragments ok

2026-07-25 08:18:25,888 INFO image_tx_daemon: frame seq=171 done (pipelined): 1 fragments ok

2026-07-25 08:18:26,054 INFO image_tx_daemon: frame seq=172 done (pipelined): 1 fragments ok

2026-07-25 08:18:26,219 INFO image_tx_daemon: frame seq=173 done (pipelined): 1 fragments ok

2026-07-25 08:18:26,394 INFO image_tx_daemon: frame seq=174 done (pipelined): 1 fragments ok

2026-07-25 08:18:26,564 INFO image_tx_daemon: frame seq=175 done (pipelined): 1 fragments ok

2026-07-25 08:18:26,720 INFO image_tx_daemon: frame seq=176 done (pipelined): 1 fragments ok

2026-07-25 08:18:26,885 INFO image_tx_daemon: frame seq=177 done (pipelined): 1 fragments ok

2026-07-25 08:18:27,056 INFO image_tx_daemon: frame seq=178 done (pipelined): 1 fragments ok

2026-07-25 08:18:27,220 INFO image_tx_daemon: frame seq=179 done (pipelined): 1 fragments ok

2026-07-25 08:18:27,399 INFO image_tx_daemon: frame seq=180 done (pipelined): 1 fragments ok

2026-07-25 08:18:27,552 INFO image_tx_daemon: frame seq=181 done (pipelined): 1 fragments ok

2026-07-25 08:18:27,731 INFO image_tx_daemon: frame seq=182 done (pipelined): 1 fragments ok

2026-07-25 08:18:27,896 INFO image_tx_daemon: frame seq=183 done (pipelined): 1 fragments ok

2026-07-25 08:18:28,057 INFO image_tx_daemon: frame seq=184 done (pipelined): 1 fragments ok

2026-07-25 08:18:28,232 INFO image_tx_daemon: frame seq=185 done (pipelined): 1 fragments ok

2026-07-25 08:18:28,397 INFO image_tx_daemon: frame seq=186 done (pipelined): 1 fragments ok

2026-07-25 08:18:28,562 INFO image_tx_daemon: frame seq=187 done (pipelined): 1 fragments ok

2026-07-25 08:18:28,728 INFO image_tx_daemon: frame seq=188 done (pipelined): 1 fragments ok

2026-07-25 08:18:28,887 INFO image_tx_daemon: frame seq=189 done (pipelined): 1 fragments ok

2026-07-25 08:18:29,064 INFO image_tx_daemon: frame seq=190 done (pipelined): 1 fragments ok

2026-07-25 08:18:29,234 INFO image_tx_daemon: frame seq=191 done (pipelined): 1 fragments ok

2026-07-25 08:18:29,398 INFO image_tx_daemon: frame seq=192 done (pipelined): 1 fragments ok

2026-07-25 08:18:29,568 INFO image_tx_daemon: frame seq=193 done (pipelined): 1 fragments ok

2026-07-25 08:18:29,730 INFO image_tx_daemon: frame seq=194 done (pipelined): 1 fragments ok

2026-07-25 08:18:29,900 INFO image_tx_daemon: frame seq=195 done (pipelined): 1 fragments ok

2026-07-25 08:18:30,073 INFO image_tx_daemon: frame seq=196 done (pipelined): 1 fragments ok

2026-07-25 08:18:30,238 INFO image_tx_daemon: frame seq=197 done (pipelined): 1 fragments ok

2026-07-25 08:18:30,419 INFO image_tx_daemon: frame seq=198 done (pipelined): 1 fragments ok

2026-07-25 08:18:30,586 INFO image_tx_daemon: frame seq=199 done (pipelined): 1 fragments ok

2026-07-25 08:18:30,741 INFO image_tx_daemon: frame seq=200 done (pipelined): 1 fragments ok

2026-07-25 08:18:30,915 INFO image_tx_daemon: frame seq=201 done (pipelined): 1 fragments ok

2026-07-25 08:18:31,083 INFO image_tx_daemon: frame seq=202 done (pipelined): 1 fragments ok

2026-07-25 08:18:31,251 INFO image_tx_daemon: frame seq=203 done (pipelined): 1 fragments ok

2026-07-25 08:18:31,422 INFO image_tx_daemon: frame seq=204 done (pipelined): 1 fragments ok

2026-07-25 08:18:31,597 INFO image_tx_daemon: frame seq=205 done (pipelined): 1 fragments ok

2026-07-25 08:18:31,770 INFO image_tx_daemon: frame seq=206 done (pipelined): 1 fragments ok

2026-07-25 08:18:31,925 INFO image_tx_daemon: frame seq=207 done (pipelined): 1 fragments ok

2026-07-25 08:18:31,931 INFO image_tx_daemon: stats: goodput=1078.4 B/s util=46% pipeline=v3 frames_in=463 ok=463 fail=0 drop_full=0 drop_stale=0 frags_ok=589 frags_fail=0 qdepth=0

2026-07-25 08:18:32,096 INFO image_tx_daemon: frame seq=208 done (pipelined): 1 fragments ok

2026-07-25 08:18:32,260 INFO image_tx_daemon: frame seq=209 done (pipelined): 1 fragments ok

2026-07-25 08:18:32,459 INFO image_tx_daemon: frame seq=210 done (pipelined): 2 fragments ok

2026-07-25 08:18:32,629 INFO image_tx_daemon: frame seq=211 done (pipelined): 2 fragments ok

2026-07-25 08:18:32,795 INFO image_tx_daemon: frame seq=212 done (pipelined): 2 fragments ok

2026-07-25 08:18:32,962 INFO image_tx_daemon: frame seq=213 done (pipelined): 2 fragments ok

2026-07-25 08:18:33,143 INFO image_tx_daemon: frame seq=214 done (pipelined): 2 fragments ok

2026-07-25 08:18:33,305 INFO image_tx_daemon: frame seq=215 done (pipelined): 2 fragments ok

2026-07-25 08:18:33,467 INFO image_tx_daemon: frame seq=216 done (pipelined): 2 fragments ok

2026-07-25 08:18:33,628 INFO image_tx_daemon: frame seq=217 done (pipelined): 2 fragments ok

2026-07-25 08:18:33,807 INFO image_tx_daemon: frame seq=218 done (pipelined): 2 fragments ok

2026-07-25 08:18:33,962 INFO image_tx_daemon: frame seq=219 done (pipelined): 2 fragments ok

2026-07-25 08:18:34,132 INFO image_tx_daemon: frame seq=220 done (pipelined): 2 fragments ok

2026-07-25 08:18:34,294 INFO image_tx_daemon: frame seq=221 done (pipelined): 2 fragments ok

2026-07-25 08:18:34,475 INFO image_tx_daemon: frame seq=222 done (pipelined): 2 fragments ok

2026-07-25 08:18:34,637 INFO image_tx_daemon: frame seq=223 done (pipelined): 2 fragments ok

2026-07-25 08:18:34,808 INFO image_tx_daemon: frame seq=224 done (pipelined): 2 fragments ok

2026-07-25 08:18:34,972 INFO image_tx_daemon: frame seq=225 done (pipelined): 2 fragments ok

2026-07-25 08:18:35,137 INFO image_tx_daemon: frame seq=226 done (pipelined): 2 fragments ok

2026-07-25 08:18:35,307 INFO image_tx_daemon: frame seq=227 done (pipelined): 2 fragments ok

2026-07-25 08:18:35,476 INFO image_tx_daemon: frame seq=228 done (pipelined): 2 fragments ok

2026-07-25 08:18:35,644 INFO image_tx_daemon: frame seq=229 done (pipelined): 2 fragments ok

2026-07-25 08:18:35,801 INFO image_tx_daemon: frame seq=230 done (pipelined): 2 fragments ok

2026-07-25 08:18:35,973 INFO image_tx_daemon: frame seq=231 done (pipelined): 2 fragments ok

2026-07-25 08:18:36,129 INFO image_tx_daemon: frame seq=232 done (pipelined): 2 fragments ok

2026-07-25 08:18:36,271 INFO image_tx_daemon: frame seq=233 done (pipelined): 1 fragments ok

2026-07-25 08:18:36,468 INFO image_tx_daemon: frame seq=234 done (pipelined): 2 fragments ok

2026-07-25 08:18:36,641 INFO image_tx_daemon: frame seq=235 done (pipelined): 2 fragments ok

2026-07-25 08:18:36,795 INFO image_tx_daemon: frame seq=236 done (pipelined): 2 fragments ok

2026-07-25 08:18:36,941 INFO image_tx_daemon: frame seq=237 done (pipelined): 1 fragments ok

2026-07-25 08:18:37,127 INFO image_tx_daemon: frame seq=238 done (pipelined): 2 fragments ok

2026-07-25 08:18:37,271 INFO image_tx_daemon: frame seq=239 done (pipelined): 1 fragments ok

2026-07-25 08:18:37,424 INFO image_tx_daemon: frame seq=240 done (pipelined): 1 fragments ok

2026-07-25 08:18:37,584 INFO image_tx_daemon: frame seq=241 done (pipelined): 1 fragments ok

2026-07-25 08:18:37,766 INFO image_tx_daemon: frame seq=242 done (pipelined): 1 fragments ok

2026-07-25 08:18:37,920 INFO image_tx_daemon: frame seq=243 done (pipelined): 1 fragments ok

2026-07-25 08:18:38,091 INFO image_tx_daemon: frame seq=244 done (pipelined): 1 fragments ok

2026-07-25 08:18:38,249 INFO image_tx_daemon: frame seq=245 done (pipelined): 1 fragments ok

2026-07-25 08:18:38,419 INFO image_tx_daemon: frame seq=246 done (pipelined): 1 fragments ok

2026-07-25 08:18:38,587 INFO image_tx_daemon: frame seq=247 done (pipelined): 1 fragments ok

2026-07-25 08:18:38,745 INFO image_tx_daemon: frame seq=248 done (pipelined): 1 fragments ok

2026-07-25 08:18:38,916 INFO image_tx_daemon: frame seq=249 done (pipelined): 1 fragments ok

2026-07-25 08:18:39,138 INFO image_tx_daemon: frame seq=250 done (pipelined): 1 fragments ok

2026-07-25 08:18:39,249 INFO image_tx_daemon: frame seq=251 done (pipelined): 1 fragments ok

2026-07-25 08:18:39,408 INFO image_tx_daemon: frame seq=252 done (pipelined): 1 fragments ok

2026-07-25 08:18:39,651 INFO image_tx_daemon: frame seq=253 done (pipelined): 1 fragments ok

2026-07-25 08:18:39,748 INFO image_tx_daemon: frame seq=254 done (pipelined): 1 fragments ok

2026-07-25 08:18:39,965 INFO image_tx_daemon: frame seq=255 done (pipelined): 2 fragments ok

2026-07-25 08:18:40,129 INFO image_tx_daemon: frame seq=0 done (pipelined): 2 fragments ok

2026-07-25 08:18:40,299 INFO image_tx_daemon: frame seq=1 done (pipelined): 2 fragments ok

2026-07-25 08:18:40,464 INFO image_tx_daemon: frame seq=2 done (pipelined): 2 fragments ok

2026-07-25 08:18:40,620 INFO image_tx_daemon: frame seq=3 done (pipelined): 2 fragments ok

2026-07-25 08:18:40,799 INFO image_tx_daemon: frame seq=4 done (pipelined): 2 fragments ok

2026-07-25 08:18:40,964 INFO image_tx_daemon: frame seq=5 done (pipelined): 2 fragments ok

2026-07-25 08:18:41,134 INFO image_tx_daemon: frame seq=6 done (pipelined): 2 fragments ok

2026-07-25 08:18:41,300 INFO image_tx_daemon: frame seq=7 done (pipelined): 2 fragments ok

2026-07-25 08:18:41,461 INFO image_tx_daemon: frame seq=8 done (pipelined): 2 fragments ok

2026-07-25 08:18:41,636 INFO image_tx_daemon: frame seq=9 done (pipelined): 2 fragments ok

2026-07-25 08:18:41,774 INFO image_tx_daemon: frame seq=10 done (pipelined): 1 fragments ok

2026-07-25 08:18:41,942 INFO image_tx_daemon: stats: goodput=1434.5 B/s util=62% pipeline=v3 frames_in=523 ok=522 fail=0 drop_full=0 drop_stale=0 frags_ok=686 frags_fail=0 qdepth=0

2026-07-25 08:18:41,965 INFO image_tx_daemon: frame seq=11 done (pipelined): 2 fragments ok

2026-07-25 08:18:42,130 INFO image_tx_daemon: frame seq=12 done (pipelined): 2 fragments ok

2026-07-25 08:18:42,295 INFO image_tx_daemon: frame seq=13 done (pipelined): 2 fragments ok

2026-07-25 08:18:42,440 INFO image_tx_daemon: frame seq=14 done (pipelined): 1 fragments ok

2026-07-25 08:18:42,613 INFO image_tx_daemon: frame seq=15 done (pipelined): 1 fragments ok

2026-07-25 08:18:42,775 INFO image_tx_daemon: frame seq=16 done (pipelined): 1 fragments ok

2026-07-25 08:18:42,962 INFO image_tx_daemon: frame seq=17 done (pipelined): 2 fragments ok

2026-07-25 08:18:43,127 INFO image_tx_daemon: frame seq=18 done (pipelined): 1 fragments ok

2026-07-25 08:18:43,299 INFO image_tx_daemon: frame seq=19 done (pipelined): 2 fragments ok

2026-07-25 08:18:43,443 INFO image_tx_daemon: frame seq=20 done (pipelined): 1 fragments ok

2026-07-25 08:18:43,632 INFO image_tx_daemon: frame seq=21 done (pipelined): 2 fragments ok

2026-07-25 08:18:43,779 INFO image_tx_daemon: frame seq=22 done (pipelined): 1 fragments ok

2026-07-25 08:18:43,944 INFO image_tx_daemon: frame seq=23 done (pipelined): 1 fragments ok

2026-07-25 08:18:44,110 INFO image_tx_daemon: frame seq=24 done (pipelined): 1 fragments ok

2026-07-25 08:18:44,300 INFO image_tx_daemon: frame seq=25 done (pipelined): 2 fragments ok

2026-07-25 08:18:44,442 INFO image_tx_daemon: frame seq=26 done (pipelined): 1 fragments ok

2026-07-25 08:18:44,639 INFO image_tx_daemon: frame seq=27 done (pipelined): 2 fragments ok

2026-07-25 08:18:44,786 INFO image_tx_daemon: frame seq=28 done (pipelined): 1 fragments ok

2026-07-25 08:18:44,926 INFO image_tx_daemon: frame seq=29 done (pipelined): 1 fragments ok

2026-07-25 08:18:45,121 INFO image_tx_daemon: frame seq=30 done (pipelined): 1 fragments ok

2026-07-25 08:18:45,295 INFO image_tx_daemon: frame seq=31 done (pipelined): 2 fragments ok

2026-07-25 08:18:45,435 INFO image_tx_daemon: frame seq=32 done (pipelined): 1 fragments ok

2026-07-25 08:18:45,630 INFO image_tx_daemon: frame seq=33 done (pipelined): 2 fragments ok

2026-07-25 08:18:45,810 INFO image_tx_daemon: frame seq=34 done (pipelined): 2 fragments ok

2026-07-25 08:18:45,975 INFO image_tx_daemon: frame seq=35 done (pipelined): 2 fragments ok

2026-07-25 08:18:46,141 INFO image_tx_daemon: frame seq=36 done (pipelined): 2 fragments ok

2026-07-25 08:18:46,304 INFO image_tx_daemon: frame seq=37 done (pipelined): 2 fragments ok

2026-07-25 08:18:46,396 INFO image_tx_daemon: frame seq=38 done (pipelined): 1 fragments ok

2026-07-25 08:18:46,568 INFO image_tx_daemon: frame seq=39 done (pipelined): 1 fragments ok

2026-07-25 08:18:46,734 INFO image_tx_daemon: frame seq=40 done (pipelined): 1 fragments ok

2026-07-25 08:18:46,897 INFO image_tx_daemon: frame seq=41 done (pipelined): 1 fragments ok

2026-07-25 08:18:47,051 INFO image_tx_daemon: frame seq=42 done (pipelined): 1 fragments ok

2026-07-25 08:18:47,235 INFO image_tx_daemon: frame seq=43 done (pipelined): 1 fragments ok

2026-07-25 08:18:47,406 INFO image_tx_daemon: frame seq=44 done (pipelined): 1 fragments ok

2026-07-25 08:18:47,562 INFO image_tx_daemon: frame seq=45 done (pipelined): 1 fragments ok

2026-07-25 08:18:47,719 INFO image_tx_daemon: frame seq=46 done (pipelined): 1 fragments ok

2026-07-25 08:18:47,908 INFO image_tx_daemon: frame seq=47 done (pipelined): 1 fragments ok

2026-07-25 08:18:48,052 INFO image_tx_daemon: frame seq=48 done (pipelined): 1 fragments ok

2026-07-25 08:18:48,220 INFO image_tx_daemon: frame seq=49 done (pipelined): 1 fragments ok

2026-07-25 08:18:48,393 INFO image_tx_daemon: frame seq=50 done (pipelined): 1 fragments ok

2026-07-25 08:18:48,558 INFO image_tx_daemon: frame seq=51 done (pipelined): 1 fragments ok

2026-07-25 08:18:48,724 INFO image_tx_daemon: frame seq=52 done (pipelined): 1 fragments ok

2026-07-25 08:18:48,895 INFO image_tx_daemon: frame seq=53 done (pipelined): 1 fragments ok

2026-07-25 08:18:49,052 INFO image_tx_daemon: frame seq=54 done (pipelined): 1 fragments ok

2026-07-25 08:18:49,218 INFO image_tx_daemon: frame seq=55 done (pipelined): 1 fragments ok

2026-07-25 08:18:49,390 INFO image_tx_daemon: frame seq=56 done (pipelined): 1 fragments ok

2026-07-25 08:18:49,555 INFO image_tx_daemon: frame seq=57 done (pipelined): 1 fragments ok

2026-07-25 08:18:49,728 INFO image_tx_daemon: frame seq=58 done (pipelined): 1 fragments ok

2026-07-25 08:18:49,901 INFO image_tx_daemon: frame seq=59 done (pipelined): 1 fragments ok

2026-07-25 08:18:50,083 INFO image_tx_daemon: frame seq=60 done (pipelined): 1 fragments ok

2026-07-25 08:18:50,220 INFO image_tx_daemon: frame seq=61 done (pipelined): 1 fragments ok

2026-07-25 08:18:50,426 INFO image_tx_daemon: frame seq=62 done (pipelined): 1 fragments ok

2026-07-25 08:18:50,568 INFO image_tx_daemon: frame seq=63 done (pipelined): 1 fragments ok

2026-07-25 08:18:50,728 INFO image_tx_daemon: frame seq=64 done (pipelined): 1 fragments ok

2026-07-25 08:18:50,888 INFO image_tx_daemon: frame seq=65 done (pipelined): 1 fragments ok

2026-07-25 08:18:51,062 INFO image_tx_daemon: frame seq=66 done (pipelined): 1 fragments ok

2026-07-25 08:18:51,235 INFO image_tx_daemon: frame seq=67 done (pipelined): 1 fragments ok

2026-07-25 08:18:51,399 INFO image_tx_daemon: frame seq=68 done (pipelined): 1 fragments ok

2026-07-25 08:18:51,586 INFO image_tx_daemon: frame seq=69 done (pipelined): 1 fragments ok

2026-07-25 08:18:51,743 INFO image_tx_daemon: frame seq=70 done (pipelined): 1 fragments ok

2026-07-25 08:18:51,920 INFO image_tx_daemon: frame seq=71 done (pipelined): 1 fragments ok

2026-07-25 08:18:51,955 INFO image_tx_daemon: stats: goodput=1137.5 B/s util=49% pipeline=v3 frames_in=583 ok=583 fail=0 drop_full=0 drop_stale=0 frags_ok=761 frags_fail=0 qdepth=0

2026-07-25 08:18:52,078 INFO image_tx_daemon: frame seq=72 done (pipelined): 1 fragments ok

2026-07-25 08:18:52,245 INFO image_tx_daemon: frame seq=73 done (pipelined): 1 fragments ok

2026-07-25 08:18:52,408 INFO image_tx_daemon: frame seq=74 done (pipelined): 1 fragments ok

2026-07-25 08:18:52,589 INFO image_tx_daemon: frame seq=75 done (pipelined): 1 fragments ok

2026-07-25 08:18:52,756 INFO image_tx_daemon: frame seq=76 done (pipelined): 1 fragments ok

2026-07-25 08:18:52,916 INFO image_tx_daemon: frame seq=77 done (pipelined): 1 fragments ok

2026-07-25 08:18:53,085 INFO image_tx_daemon: frame seq=78 done (pipelined): 1 fragments ok

2026-07-25 08:18:53,272 INFO image_tx_daemon: frame seq=79 done (pipelined): 1 fragments ok

2026-07-25 08:18:53,420 INFO image_tx_daemon: frame seq=80 done (pipelined): 1 fragments ok

2026-07-25 08:18:53,585 INFO image_tx_daemon: frame seq=81 done (pipelined): 1 fragments ok

2026-07-25 08:18:53,761 INFO image_tx_daemon: frame seq=82 done (pipelined): 1 fragments ok

2026-07-25 08:18:53,943 INFO image_tx_daemon: frame seq=83 done (pipelined): 1 fragments ok

2026-07-25 08:18:54,114 INFO image_tx_daemon: frame seq=84 done (pipelined): 1 fragments ok

2026-07-25 08:18:54,274 INFO image_tx_daemon: frame seq=85 done (pipelined): 1 fragments ok

2026-07-25 08:18:54,468 INFO image_tx_daemon: frame seq=86 done (pipelined): 2 fragments ok

2026-07-25 08:18:54,629 INFO image_tx_daemon: frame seq=87 done (pipelined): 2 fragments ok

2026-07-25 08:18:54,766 INFO image_tx_daemon: frame seq=88 done (pipelined): 1 fragments ok

2026-07-25 08:18:54,933 INFO image_tx_daemon: frame seq=89 done (pipelined): 1 fragments ok

2026-07-25 08:18:55,124 INFO image_tx_daemon: frame seq=90 done (pipelined): 1 fragments ok

2026-07-25 08:18:55,363 INFO image_tx_daemon: frame seq=91 done (pipelined): 2 fragments ok

2026-07-25 08:18:55,513 INFO image_tx_daemon: frame seq=92 done (pipelined): 2 fragments ok

2026-07-25 08:18:55,664 INFO image_tx_daemon: frame seq=93 done (pipelined): 2 fragments ok

2026-07-25 08:18:55,825 INFO image_tx_daemon: frame seq=94 done (pipelined): 2 fragments ok

2026-07-25 08:18:55,975 INFO image_tx_daemon: frame seq=95 done (pipelined): 2 fragments ok

2026-07-25 08:18:56,131 INFO image_tx_daemon: frame seq=96 done (pipelined): 2 fragments ok

2026-07-25 08:18:56,279 INFO image_tx_daemon: frame seq=97 done (pipelined): 1 fragments ok

2026-07-25 08:18:56,467 INFO image_tx_daemon: frame seq=98 done (pipelined): 2 fragments ok

2026-07-25 08:18:56,633 INFO image_tx_daemon: frame seq=99 done (pipelined): 2 fragments ok

2026-07-25 08:18:56,802 INFO image_tx_daemon: frame seq=100 done (pipelined): 2 fragments ok

2026-07-25 08:18:56,992 INFO image_tx_daemon: frame seq=101 done (pipelined): 2 fragments ok

2026-07-25 08:18:57,167 INFO image_tx_daemon: frame seq=102 done (pipelined): 2 fragments ok

2026-07-25 08:18:57,317 INFO image_tx_daemon: frame seq=103 done (pipelined): 2 fragments ok

2026-07-25 08:18:57,445 INFO image_tx_daemon: frame seq=104 done (pipelined): 1 fragments ok

2026-07-25 08:18:57,602 INFO image_tx_daemon: frame seq=105 done (pipelined): 1 fragments ok

2026-07-25 08:18:57,794 INFO image_tx_daemon: frame seq=106 done (pipelined): 1 fragments ok

2026-07-25 08:18:57,963 INFO image_tx_daemon: frame seq=107 done (pipelined): 2 fragments ok

2026-07-25 08:18:58,098 INFO image_tx_daemon: frame seq=108 done (pipelined): 1 fragments ok

2026-07-25 08:18:58,267 INFO image_tx_daemon: frame seq=109 done (pipelined): 1 fragments ok

2026-07-25 08:18:58,434 INFO image_tx_daemon: frame seq=110 done (pipelined): 1 fragments ok

2026-07-25 08:18:58,599 INFO image_tx_daemon: frame seq=111 done (pipelined): 1 fragments ok

2026-07-25 08:18:58,754 INFO image_tx_daemon: frame seq=112 done (pipelined): 1 fragments ok

2026-07-25 08:18:58,927 INFO image_tx_daemon: frame seq=113 done (pipelined): 1 fragments ok

2026-07-25 08:18:59,106 INFO image_tx_daemon: frame seq=114 done (pipelined): 1 fragments ok

2026-07-25 08:18:59,252 INFO image_tx_daemon: frame seq=115 done (pipelined): 1 fragments ok

2026-07-25 08:18:59,435 INFO image_tx_daemon: frame seq=116 done (pipelined): 1 fragments ok

2026-07-25 08:18:59,580 INFO image_tx_daemon: frame seq=117 done (pipelined): 1 fragments ok

2026-07-25 08:18:59,767 INFO image_tx_daemon: frame seq=118 done (pipelined): 1 fragments ok

2026-07-25 08:18:59,914 INFO image_tx_daemon: frame seq=119 done (pipelined): 1 fragments ok

2026-07-25 08:19:00,076 INFO image_tx_daemon: frame seq=120 done (pipelined): 1 fragments ok

2026-07-25 08:19:00,251 INFO image_tx_daemon: frame seq=121 done (pipelined): 1 fragments ok

2026-07-25 08:19:00,439 INFO image_tx_daemon: frame seq=122 done (pipelined): 1 fragments ok

2026-07-25 08:19:00,606 INFO image_tx_daemon: frame seq=123 done (pipelined): 1 fragments ok

2026-07-25 08:19:00,817 INFO image_tx_daemon: frame seq=124 done (pipelined): 2 fragments ok

2026-07-25 08:19:00,979 INFO image_tx_daemon: frame seq=125 done (pipelined): 2 fragments ok

2026-07-25 08:19:01,130 INFO image_tx_daemon: frame seq=126 done (pipelined): 2 fragments ok

2026-07-25 08:19:01,299 INFO image_tx_daemon: frame seq=127 done (pipelined): 2 fragments ok

2026-07-25 08:19:01,477 INFO image_tx_daemon: frame seq=128 done (pipelined): 2 fragments ok

2026-07-25 08:19:01,615 INFO image_tx_daemon: frame seq=129 done (pipelined): 1 fragments ok

2026-07-25 08:19:01,784 INFO image_tx_daemon: frame seq=130 done (pipelined): 1 fragments ok

2026-07-25 08:19:01,945 INFO image_tx_daemon: frame seq=131 done (pipelined): 1 fragments ok

2026-07-25 08:19:01,967 INFO image_tx_daemon: stats: goodput=1346.1 B/s util=57% pipeline=v3 frames_in=643 ok=643 fail=0 drop_full=0 drop_stale=0 frags_ok=841 frags_fail=0 qdepth=0

2026-07-25 08:19:02,117 INFO image_tx_daemon: frame seq=132 done (pipelined): 1 fragments ok

2026-07-25 08:19:02,282 INFO image_tx_daemon: frame seq=133 done (pipelined): 1 fragments ok

2026-07-25 08:19:02,441 INFO image_tx_daemon: frame seq=134 done (pipelined): 1 fragments ok

2026-07-25 08:19:02,607 INFO image_tx_daemon: frame seq=135 done (pipelined): 1 fragments ok

2026-07-25 08:19:02,764 INFO image_tx_daemon: frame seq=136 done (pipelined): 1 fragments ok

2026-07-25 08:19:02,944 INFO image_tx_daemon: frame seq=137 done (pipelined): 1 fragments ok

2026-07-25 08:19:03,112 INFO image_tx_daemon: frame seq=138 done (pipelined): 1 fragments ok

2026-07-25 08:19:03,272 INFO image_tx_daemon: frame seq=139 done (pipelined): 1 fragments ok

2026-07-25 08:19:03,432 INFO image_tx_daemon: frame seq=140 done (pipelined): 1 fragments ok

2026-07-25 08:19:03,598 INFO image_tx_daemon: frame seq=141 done (pipelined): 1 fragments ok

2026-07-25 08:19:03,799 INFO image_tx_daemon: frame seq=142 done (pipelined): 2 fragments ok

2026-07-25 08:19:03,943 INFO image_tx_daemon: frame seq=143 done (pipelined): 1 fragments ok

2026-07-25 08:19:04,113 INFO image_tx_daemon: frame seq=144 done (pipelined): 1 fragments ok

2026-07-25 08:19:04,278 INFO image_tx_daemon: frame seq=145 done (pipelined): 1 fragments ok

2026-07-25 08:19:04,446 INFO image_tx_daemon: frame seq=146 done (pipelined): 1 fragments ok

2026-07-25 08:19:04,605 INFO image_tx_daemon: frame seq=147 done (pipelined): 1 fragments ok

2026-07-25 08:19:04,774 INFO image_tx_daemon: frame seq=148 done (pipelined): 1 fragments ok

2026-07-25 08:19:04,944 INFO image_tx_daemon: frame seq=149 done (pipelined): 1 fragments ok

2026-07-25 08:19:05,113 INFO image_tx_daemon: frame seq=150 done (pipelined): 1 fragments ok

2026-07-25 08:19:05,279 INFO image_tx_daemon: frame seq=151 done (pipelined): 1 fragments ok

2026-07-25 08:19:05,438 INFO image_tx_daemon: frame seq=152 done (pipelined): 1 fragments ok

2026-07-25 08:19:05,608 INFO image_tx_daemon: frame seq=153 done (pipelined): 1 fragments ok

2026-07-25 08:19:05,775 INFO image_tx_daemon: frame seq=154 done (pipelined): 1 fragments ok

2026-07-25 08:19:05,945 INFO image_tx_daemon: frame seq=155 done (pipelined): 1 fragments ok

2026-07-25 08:19:06,107 INFO image_tx_daemon: frame seq=156 done (pipelined): 1 fragments ok

2026-07-25 08:19:06,272 INFO image_tx_daemon: frame seq=157 done (pipelined): 1 fragments ok

2026-07-25 08:19:06,446 INFO image_tx_daemon: frame seq=158 done (pipelined): 1 fragments ok

2026-07-25 08:19:06,605 INFO image_tx_daemon: frame seq=159 done (pipelined): 1 fragments ok

2026-07-25 08:19:06,802 INFO image_tx_daemon: frame seq=160 done (pipelined): 2 fragments ok

2026-07-25 08:19:06,962 INFO image_tx_daemon: frame seq=161 done (pipelined): 2 fragments ok

2026-07-25 08:19:07,130 INFO image_tx_daemon: frame seq=162 done (pipelined): 2 fragments ok

2026-07-25 08:19:07,303 INFO image_tx_daemon: frame seq=163 done (pipelined): 2 fragments ok

2026-07-25 08:19:07,383 INFO image_tx_daemon: frame seq=164 done (pipelined): 1 fragments ok

2026-07-25 08:19:07,626 INFO image_tx_daemon: frame seq=165 done (pipelined): 2 fragments ok

2026-07-25 08:19:07,759 INFO image_tx_daemon: frame seq=166 done (pipelined): 1 fragments ok

2026-07-25 08:19:07,907 INFO image_tx_daemon: frame seq=167 done (pipelined): 1 fragments ok

2026-07-25 08:19:08,061 INFO image_tx_daemon: frame seq=168 done (pipelined): 1 fragments ok

2026-07-25 08:19:08,219 INFO image_tx_daemon: frame seq=169 done (pipelined): 1 fragments ok

2026-07-25 08:19:08,392 INFO image_tx_daemon: frame seq=170 done (pipelined): 1 fragments ok

2026-07-25 08:19:08,555 INFO image_tx_daemon: frame seq=171 done (pipelined): 1 fragments ok

2026-07-25 08:19:08,719 INFO image_tx_daemon: frame seq=172 done (pipelined): 1 fragments ok

2026-07-25 08:19:08,887 INFO image_tx_daemon: frame seq=173 done (pipelined): 1 fragments ok

2026-07-25 08:19:09,065 INFO image_tx_daemon: frame seq=174 done (pipelined): 1 fragments ok

2026-07-25 08:19:09,236 INFO image_tx_daemon: frame seq=175 done (pipelined): 1 fragments ok

2026-07-25 08:19:09,390 INFO image_tx_daemon: frame seq=176 done (pipelined): 1 fragments ok

2026-07-25 08:19:09,571 INFO image_tx_daemon: frame seq=177 done (pipelined): 1 fragments ok

2026-07-25 08:19:09,724 INFO image_tx_daemon: frame seq=178 done (pipelined): 1 fragments ok

2026-07-25 08:19:09,890 INFO image_tx_daemon: frame seq=179 done (pipelined): 1 fragments ok

2026-07-25 08:19:10,062 INFO image_tx_daemon: frame seq=180 done (pipelined): 1 fragments ok

2026-07-25 08:19:10,229 INFO image_tx_daemon: frame seq=181 done (pipelined): 1 fragments ok

2026-07-25 08:19:10,395 INFO image_tx_daemon: frame seq=182 done (pipelined): 1 fragments ok

2026-07-25 08:19:10,552 INFO image_tx_daemon: frame seq=183 done (pipelined): 1 fragments ok

2026-07-25 08:19:10,731 INFO image_tx_daemon: frame seq=184 done (pipelined): 1 fragments ok

2026-07-25 08:19:10,896 INFO image_tx_daemon: frame seq=185 done (pipelined): 1 fragments ok

2026-07-25 08:19:11,065 INFO image_tx_daemon: frame seq=186 done (pipelined): 1 fragments ok

2026-07-25 08:19:11,228 INFO image_tx_daemon: frame seq=187 done (pipelined): 1 fragments ok

2026-07-25 08:19:11,395 INFO image_tx_daemon: frame seq=188 done (pipelined): 1 fragments ok

2026-07-25 08:19:11,563 INFO image_tx_daemon: frame seq=189 done (pipelined): 1 fragments ok

2026-07-25 08:19:11,729 INFO image_tx_daemon: frame seq=190 done (pipelined): 1 fragments ok

2026-07-25 08:19:11,901 INFO image_tx_daemon: frame seq=191 done (pipelined): 1 fragments ok

2026-07-25 08:19:11,978 INFO image_tx_daemon: stats: goodput=1158.4 B/s util=49% pipeline=v3 frames_in=703 ok=703 fail=0 drop_full=0 drop_stale=0 frags_ok=907 frags_fail=0 qdepth=0

2026-07-25 08:19:12,068 INFO image_tx_daemon: frame seq=192 done (pipelined): 1 fragments ok

2026-07-25 08:19:12,230 INFO image_tx_daemon: frame seq=193 done (pipelined): 1 fragments ok

2026-07-25 08:19:12,400 INFO image_tx_daemon: frame seq=194 done (pipelined): 1 fragments ok

2026-07-25 08:19:12,580 INFO image_tx_daemon: frame seq=195 done (pipelined): 1 fragments ok

2026-07-25 08:19:12,744 INFO image_tx_daemon: frame seq=196 done (pipelined): 1 fragments ok

2026-07-25 08:19:12,911 INFO image_tx_daemon: frame seq=197 done (pipelined): 1 fragments ok

2026-07-25 08:19:13,081 INFO image_tx_daemon: frame seq=198 done (pipelined): 1 fragments ok

2026-07-25 08:19:13,251 INFO image_tx_daemon: frame seq=199 done (pipelined): 1 fragments ok

2026-07-25 08:19:13,407 INFO image_tx_daemon: frame seq=200 done (pipelined): 1 fragments ok

2026-07-25 08:19:13,573 INFO image_tx_daemon: frame seq=201 done (pipelined): 1 fragments ok

2026-07-25 08:19:13,750 INFO image_tx_daemon: frame seq=202 done (pipelined): 1 fragments ok

2026-07-25 08:19:13,916 INFO image_tx_daemon: frame seq=203 done (pipelined): 1 fragments ok

2026-07-25 08:19:14,089 INFO image_tx_daemon: frame seq=204 done (pipelined): 1 fragments ok

2026-07-25 08:19:14,259 INFO image_tx_daemon: frame seq=205 done (pipelined): 1 fragments ok

2026-07-25 08:19:14,429 INFO image_tx_daemon: frame seq=206 done (pipelined): 1 fragments ok

2026-07-25 08:19:14,595 INFO image_tx_daemon: frame seq=207 done (pipelined): 1 fragments ok

2026-07-25 08:19:14,761 INFO image_tx_daemon: frame seq=208 done (pipelined): 1 fragments ok

2026-07-25 08:19:14,933 INFO image_tx_daemon: frame seq=209 done (pipelined): 1 fragments ok

2026-07-25 08:19:15,128 INFO image_tx_daemon: frame seq=210 done (pipelined): 2 fragments ok

2026-07-25 08:19:15,303 INFO image_tx_daemon: frame seq=211 done (pipelined): 2 fragments ok

2026-07-25 08:19:15,463 INFO image_tx_daemon: frame seq=212 done (pipelined): 2 fragments ok

2026-07-25 08:19:15,628 INFO image_tx_daemon: frame seq=213 done (pipelined): 2 fragments ok

2026-07-25 08:19:15,809 INFO image_tx_daemon: frame seq=214 done (pipelined): 2 fragments ok

2026-07-25 08:19:15,973 INFO image_tx_daemon: frame seq=215 done (pipelined): 2 fragments ok

2026-07-25 08:19:16,163 INFO image_tx_daemon: frame seq=216 done (pipelined): 2 fragments ok

2026-07-25 08:19:16,314 INFO image_tx_daemon: frame seq=217 done (pipelined): 2 fragments ok

2026-07-25 08:19:16,502 INFO image_tx_daemon: frame seq=218 done (pipelined): 2 fragments ok

2026-07-25 08:19:16,658 INFO image_tx_daemon: frame seq=219 done (pipelined): 2 fragments ok

2026-07-25 08:19:16,808 INFO image_tx_daemon: frame seq=220 done (pipelined): 2 fragments ok

2026-07-25 08:19:16,965 INFO image_tx_daemon: frame seq=221 done (pipelined): 2 fragments ok

2026-07-25 08:19:17,134 INFO image_tx_daemon: frame seq=222 done (pipelined): 2 fragments ok

2026-07-25 08:19:17,300 INFO image_tx_daemon: frame seq=223 done (pipelined): 2 fragments ok

2026-07-25 08:19:17,471 INFO image_tx_daemon: frame seq=224 done (pipelined): 2 fragments ok

2026-07-25 08:19:17,640 INFO image_tx_daemon: frame seq=225 done (pipelined): 2 fragments ok

2026-07-25 08:19:17,793 INFO image_tx_daemon: frame seq=226 done (pipelined): 2 fragments ok

2026-07-25 08:19:17,975 INFO image_tx_daemon: frame seq=227 done (pipelined): 2 fragments ok

2026-07-25 08:19:18,147 INFO image_tx_daemon: frame seq=228 done (pipelined): 2 fragments ok

2026-07-25 08:19:18,329 INFO image_tx_daemon: frame seq=229 done (pipelined): 2 fragments ok

2026-07-25 08:19:18,481 INFO image_tx_daemon: frame seq=230 done (pipelined): 2 fragments ok

2026-07-25 08:19:18,645 INFO image_tx_daemon: frame seq=231 done (pipelined): 2 fragments ok

2026-07-25 08:19:18,796 INFO image_tx_daemon: frame seq=232 done (pipelined): 2 fragments ok

