2026-07-24 23:29:02,318 INFO image_tx_daemon: opening L072 HostLink on /dev/ttymxc3 @ 921600

2026-07-24 23:29:02,319 INFO image_tx_daemon: image_tx_daemon started; mqtt=192.168.1.79:1883 uart=/dev/ttymxc3

2026-07-24 23:29:02,334 INFO image_tx_daemon: LIFETRAC_SKIP_RESET_REQ=1 ΓÇö relying on external NRST; draining boot chatter only

2026-07-24 23:29:02,359 INFO image_tx_daemon: MQTT connected; subscribing to lifetrac/v25/cmd/image_frame

INFO: post-VER drain queued type=0xF1 seq=0

INFO: post-VER drain queued type=0xC1 seq=0

INFO: post-VER drain queued type=0xF1 seq=0

INFO: post-VER drain queued type=0xC1 seq=0

Initializing regulatory profile 0 on co-processor...

  FHSS mask: single channel 0 (0100000000000000)

CFG_SET_REQ(FHSS_CHANNEL_MASK) OK: 07000800

CFG_SET_REQ(ANTENNA_GAIN_DBI) OK: 15000100

CFG_SET_REQ(HW_CEILING_DBM) OK: 16000100

CFG_SET_REQ(REG_PROFILE=0) OK: 14000100

  forcing FRF -> 915.000 MHz (raw=0xE4C000 -> Msb=0xE4 Mid=0xC0 Lsb=0x00)

  FRF readback: 0xE4C000 = 915.000 MHz (OK)

PHY contract OK: image_bw250 == {'sf': 7, 'bw_khz': 250, 'cr_den': 5, 'preamble': 8}

2026-07-24 23:29:03,196 INFO image_tx_daemon: LBT_ENABLE=0 (matches W1-10b TX_BURST rationale)

2026-07-24 23:29:03,196 INFO image_tx_daemon: TX worker ready (inter_cycle_s=0.050, max 8 frags/dwell)

2026-07-24 23:29:03,320 INFO image_tx_daemon: stats: goodput=0.0 B/s util=0% pipeline=v3 frames_in=0 ok=0 fail=0 drop_full=0 drop_stale=0 frags_ok=0 frags_fail=0 qdepth=0

2026-07-24 23:29:06,982 INFO image_tx_daemon: frame seq=1 done (pipelined): 2 fragments ok

2026-07-24 23:29:08,181 INFO image_tx_daemon: frame seq=2 done (pipelined): 2 fragments ok

2026-07-24 23:29:09,381 INFO image_tx_daemon: frame seq=7 done (pipelined): 2 fragments ok

2026-07-24 23:29:10,570 INFO image_tx_daemon: frame seq=15 done (pipelined): 2 fragments ok

2026-07-24 23:29:11,769 INFO image_tx_daemon: frame seq=22 done (pipelined): 2 fragments ok

2026-07-24 23:29:12,957 INFO image_tx_daemon: frame seq=29 done (pipelined): 2 fragments ok

2026-07-24 23:29:13,331 INFO image_tx_daemon: stats: goodput=170.7 B/s util=15% pipeline=v3 frames_in=42 ok=6 fail=0 drop_full=31 drop_stale=0 frags_ok=13 frags_fail=0 qdepth=4

2026-07-24 23:29:14,000 INFO image_tx_daemon: frame seq=36 done (pipelined): 2 fragments ok

2026-07-24 23:29:14,136 INFO image_tx_daemon: frame seq=42 done (pipelined): 1 fragments ok

2026-07-24 23:29:14,294 INFO image_tx_daemon: frame seq=43 done (pipelined): 1 fragments ok

2026-07-24 23:29:15,135 INFO image_tx_daemon: frame seq=44 done (pipelined): 1 fragments ok

2026-07-24 23:29:15,272 INFO image_tx_daemon: frame seq=45 done (pipelined): 1 fragments ok

2026-07-24 23:29:15,430 INFO image_tx_daemon: frame seq=46 done (pipelined): 1 fragments ok

2026-07-24 23:29:16,727 INFO image_tx_daemon: frame seq=47 done (pipelined): 1 fragments ok

2026-07-24 23:29:16,863 INFO image_tx_daemon: frame seq=48 done (pipelined): 1 fragments ok

2026-07-24 23:29:17,000 INFO image_tx_daemon: frame seq=49 done (pipelined): 1 fragments ok

2026-07-24 23:29:19,138 INFO image_tx_daemon: frame seq=50 done (pipelined): 1 fragments ok

2026-07-24 23:29:19,296 INFO image_tx_daemon: frame seq=69 done (pipelined): 1 fragments ok

2026-07-24 23:29:20,316 INFO image_tx_daemon: frame seq=74 done (pipelined): 1 fragments ok

2026-07-24 23:29:20,504 INFO image_tx_daemon: frame seq=80 done (pipelined): 1 fragments ok

2026-07-24 23:29:21,546 INFO image_tx_daemon: frame seq=82 done (pipelined): 2 fragments ok

2026-07-24 23:29:22,568 INFO image_tx_daemon: frame seq=88 done (pipelined): 2 fragments ok

2026-07-24 23:29:22,841 INFO image_tx_daemon: frame seq=94 done (pipelined): 2 fragments ok

2026-07-24 23:29:23,342 INFO image_tx_daemon: stats: goodput=251.7 B/s util=22% pipeline=v3 frames_in=101 ok=22 fail=0 drop_full=74 drop_stale=0 frags_ok=32 frags_fail=0 qdepth=4

2026-07-24 23:29:24,029 INFO image_tx_daemon: frame seq=96 done (pipelined): 2 fragments ok

2026-07-24 23:29:25,240 INFO image_tx_daemon: frame seq=102 done (pipelined): 2 fragments ok

2026-07-24 23:29:26,398 INFO image_tx_daemon: frame seq=110 done (pipelined): 2 fragments ok

2026-07-24 23:29:26,577 INFO image_tx_daemon: frame seq=116 done (pipelined): 1 fragments ok

2026-07-24 23:29:27,545 INFO image_tx_daemon: frame seq=118 done (pipelined): 1 fragments ok

2026-07-24 23:29:27,848 INFO image_tx_daemon: frame seq=124 done (pipelined): 2 fragments ok

2026-07-24 23:29:29,047 INFO image_tx_daemon: frame seq=125 done (pipelined): 2 fragments ok

2026-07-24 23:29:30,225 INFO image_tx_daemon: frame seq=133 done (pipelined): 2 fragments ok

2026-07-24 23:29:31,415 INFO image_tx_daemon: frame seq=139 done (pipelined): 2 fragments ok

2026-07-24 23:29:32,436 INFO image_tx_daemon: frame seq=147 done (pipelined): 2 fragments ok

2026-07-24 23:29:32,868 INFO image_tx_daemon: frame seq=153 done (pipelined): 2 fragments ok

2026-07-24 23:29:33,353 INFO image_tx_daemon: stats: goodput=265.6 B/s util=23% pipeline=v3 frames_in=162 ok=33 fail=0 drop_full=124 drop_stale=0 frags_ok=52 frags_fail=0 qdepth=4

2026-07-24 23:29:34,066 INFO image_tx_daemon: frame seq=156 done (pipelined): 2 fragments ok

2026-07-24 23:29:35,286 INFO image_tx_daemon: frame seq=163 done (pipelined): 2 fragments ok

2026-07-24 23:29:35,413 INFO image_tx_daemon: frame seq=169 done (pipelined): 1 fragments ok

2026-07-24 23:29:36,340 INFO image_tx_daemon: frame seq=170 done (pipelined): 1 fragments ok

2026-07-24 23:29:36,476 INFO image_tx_daemon: frame seq=177 done (pipelined): 1 fragments ok

2026-07-24 23:29:36,613 INFO image_tx_daemon: frame seq=178 done (pipelined): 1 fragments ok

2026-07-24 23:29:37,475 INFO image_tx_daemon: frame seq=179 done (pipelined): 1 fragments ok

2026-07-24 23:29:37,612 INFO image_tx_daemon: frame seq=183 done (pipelined): 1 fragments ok

2026-07-24 23:29:37,749 INFO image_tx_daemon: frame seq=184 done (pipelined): 1 fragments ok

2026-07-24 23:29:38,611 INFO image_tx_daemon: frame seq=185 done (pipelined): 1 fragments ok

2026-07-24 23:29:38,748 INFO image_tx_daemon: frame seq=190 done (pipelined): 1 fragments ok

2026-07-24 23:29:38,885 INFO image_tx_daemon: frame seq=191 done (pipelined): 1 fragments ok

2026-07-24 23:29:39,757 INFO image_tx_daemon: frame seq=192 done (pipelined): 1 fragments ok

2026-07-24 23:29:39,925 INFO image_tx_daemon: frame seq=197 done (pipelined): 1 fragments ok

2026-07-24 23:29:40,934 INFO image_tx_daemon: frame seq=198 done (pipelined): 1 fragments ok

2026-07-24 23:29:41,133 INFO image_tx_daemon: frame seq=204 done (pipelined): 1 fragments ok

2026-07-24 23:29:42,132 INFO image_tx_daemon: frame seq=205 done (pipelined): 1 fragments ok

2026-07-24 23:29:42,395 INFO image_tx_daemon: frame seq=211 done (pipelined): 2 fragments ok

2026-07-24 23:29:43,365 INFO image_tx_daemon: stats: goodput=299.1 B/s util=26% pipeline=v3 frames_in=222 ok=51 fail=0 drop_full=166 drop_stale=0 frags_ok=73 frags_fail=0 qdepth=4

2026-07-24 23:29:43,596 INFO image_tx_daemon: frame seq=213 done (pipelined): 2 fragments ok

2026-07-24 23:29:44,804 INFO image_tx_daemon: frame seq=220 done (pipelined): 2 fragments ok

2026-07-24 23:29:46,014 INFO image_tx_daemon: frame seq=227 done (pipelined): 2 fragments ok

2026-07-24 23:29:47,203 INFO image_tx_daemon: frame seq=235 done (pipelined): 2 fragments ok

2026-07-24 23:29:48,361 INFO image_tx_daemon: frame seq=242 done (pipelined): 2 fragments ok

2026-07-24 23:29:48,540 INFO image_tx_daemon: frame seq=249 done (pipelined): 1 fragments ok

2026-07-24 23:29:49,507 INFO image_tx_daemon: frame seq=250 done (pipelined): 1 fragments ok

2026-07-24 23:29:49,801 INFO image_tx_daemon: frame seq=0 done (pipelined): 2 fragments ok

2026-07-24 23:29:51,000 INFO image_tx_daemon: frame seq=1 done (pipelined): 2 fragments ok

2026-07-24 23:29:52,199 INFO image_tx_daemon: frame seq=8 done (pipelined): 2 fragments ok

2026-07-24 23:29:53,376 INFO image_tx_daemon: stats: goodput=265.5 B/s util=23% pipeline=v3 frames_in=280 ok=61 fail=0 drop_full=214 drop_stale=0 frags_ok=92 frags_fail=0 qdepth=4

2026-07-24 23:29:53,388 INFO image_tx_daemon: frame seq=16 done (pipelined): 2 fragments ok

2026-07-24 23:29:54,588 INFO image_tx_daemon: frame seq=21 done (pipelined): 2 fragments ok

2026-07-24 23:29:55,776 INFO image_tx_daemon: frame seq=29 done (pipelined): 2 fragments ok

2026-07-24 23:29:56,818 INFO image_tx_daemon: frame seq=37 done (pipelined): 2 fragments ok

2026-07-24 23:29:56,955 INFO image_tx_daemon: frame seq=43 done (pipelined): 1 fragments ok

2026-07-24 23:29:57,113 INFO image_tx_daemon: frame seq=44 done (pipelined): 1 fragments ok

2026-07-24 23:29:57,954 INFO image_tx_daemon: frame seq=45 done (pipelined): 1 fragments ok

2026-07-24 23:29:58,091 INFO image_tx_daemon: frame seq=50 done (pipelined): 1 fragments ok

2026-07-24 23:29:58,249 INFO image_tx_daemon: frame seq=51 done (pipelined): 1 fragments ok

2026-07-24 23:29:59,090 INFO image_tx_daemon: frame seq=52 done (pipelined): 1 fragments ok

2026-07-24 23:29:59,227 INFO image_tx_daemon: frame seq=57 done (pipelined): 1 fragments ok

2026-07-24 23:29:59,375 INFO image_tx_daemon: frame seq=58 done (pipelined): 1 fragments ok

2026-07-24 23:30:00,226 INFO image_tx_daemon: frame seq=59 done (pipelined): 1 fragments ok

2026-07-24 23:30:00,363 INFO image_tx_daemon: frame seq=64 done (pipelined): 1 fragments ok

2026-07-24 23:30:00,511 INFO image_tx_daemon: frame seq=65 done (pipelined): 1 fragments ok

2026-07-24 23:30:01,373 INFO image_tx_daemon: frame seq=66 done (pipelined): 1 fragments ok

2026-07-24 23:30:01,531 INFO image_tx_daemon: frame seq=67 done (pipelined): 1 fragments ok

2026-07-24 23:30:02,534 INFO image_tx_daemon: frame seq=72 done (pipelined): 1 fragments ok

2026-07-24 23:30:02,722 INFO image_tx_daemon: frame seq=78 done (pipelined): 1 fragments ok

2026-07-24 23:30:03,387 INFO image_tx_daemon: stats: goodput=290.7 B/s util=25% pipeline=v3 frames_in=341 ok=80 fail=0 drop_full=256 drop_stale=0 frags_ok=114 frags_fail=0 qdepth=4

2026-07-24 23:30:03,721 INFO image_tx_daemon: frame seq=79 done (pipelined): 1 fragments ok

2026-07-24 23:30:03,963 INFO image_tx_daemon: frame seq=84 done (pipelined): 2 fragments ok

2026-07-24 23:30:04,983 INFO image_tx_daemon: frame seq=86 done (pipelined): 2 fragments ok

2026-07-24 23:30:06,182 INFO image_tx_daemon: frame seq=92 done (pipelined): 2 fragments ok

2026-07-24 23:30:07,403 INFO image_tx_daemon: frame seq=99 done (pipelined): 2 fragments ok

2026-07-24 23:30:08,571 INFO image_tx_daemon: frame seq=107 done (pipelined): 2 fragments ok

2026-07-24 23:30:08,760 INFO image_tx_daemon: frame seq=114 done (pipelined): 1 fragments ok

2026-07-24 23:30:09,717 INFO image_tx_daemon: frame seq=115 done (pipelined): 1 fragments ok

2026-07-24 23:30:09,926 INFO image_tx_daemon: frame seq=121 done (pipelined): 1 fragments ok

2026-07-24 23:30:10,885 INFO image_tx_daemon: frame seq=122 done (pipelined): 1 fragments ok

