2026-09-14 08:49:13,398 INFO image_tx_daemon: opening L072 HostLink on /dev/ttymxc3 @ 921600

2026-09-14 08:49:13,400 INFO image_tx_daemon: image_tx_daemon started; mqtt=127.0.0.1:1883 uart=/dev/ttymxc3

2026-09-14 08:49:13,401 INFO image_tx_daemon: no_park_last=0 gap_ms=80 min_frags=3 pipeline_depth=2

2026-09-14 08:49:13,410 INFO image_tx_daemon: MQTT connected; subscribing to lifetrac/v25/cmd/image_frame

2026-09-14 08:49:13,415 INFO image_tx_daemon: LIFETRAC_SKIP_RESET_REQ=1 — relying on external NRST; draining boot chatter only

2026-09-14 08:49:13,433 INFO image_tx_daemon: link_budget: published n_frag=1 profile_idx=6 (profile 2)

INFO: post-VER drain queued type=0xF1 seq=0

INFO: post-VER drain queued type=0xC1 seq=0

INFO: post-VER drain queued type=0xF1 seq=0

INFO: post-VER drain queued type=0xC1 seq=0

Initializing regulatory profile 2 on co-processor...

  FHSS mask: single channel 0 (0100000000000000)

CFG_SET_REQ(FHSS_CHANNEL_MASK) OK: 07000800

CFG_SET_REQ(ANTENNA_GAIN_DBI) OK: 15000100

CFG_SET_REQ(HW_CEILING_DBM) OK: 16000100

  FHSS seed: (0,0) legacy shared permutation [set LIFETRAC_FHSS_FARM_ID / LIFETRAC_FHSS_LINK_ID to separate pairs]

CFG_SET_REQ(FHSS_FARM_ID) OK: 17000800

CFG_SET_REQ(FHSS_NODE_ID) OK: 18000800

CFG_SET_REQ(REG_PROFILE=2) OK: 14000100

  forcing FRF -> 915.000 MHz (raw=0xE4C000 -> Msb=0xE4 Mid=0xC0 Lsb=0x00)

  FRF readback: 0xE4C000 = 915.000 MHz (OK)

PHY contract OK: image_bw500 == {'sf': 7, 'bw_khz': 500, 'cr_den': 5, 'preamble': 8}

2026-09-14 08:49:14,304 INFO image_tx_daemon: LBT_ENABLE=0 (matches W1-10b TX_BURST rationale)

2026-09-14 08:49:14,326 INFO image_tx_daemon: RXCONT armed for command downlink (opmode 0x81 -> 0x85)

2026-09-14 08:49:14,326 INFO image_tx_daemon: TX worker ready (inter_cycle_s=0.050, max 8 frags/dwell)

2026-09-14 08:49:14,401 INFO image_tx_daemon: stats: goodput=0.0 B/s util=0% pipeline=v3 frames_in=0 ok=0 fail=0 drop_full=0 drop_stale=0 frags_ok=0 frags_fail=0 qdepth=0 parity_tx=0

RFCO_PERTX during TX wait: profile_id=2 tx_status=0x00(OK) hop_idx=0 channel_idx=0 epoch=0 freq_hz=0 pkt_toa_us=62784 legal_dwell_used_us_10s=0

2026-09-14 08:49:22,142 INFO image_tx_daemon: txdone_arrival: seq=1 idx=0 status=0 toa_us=61504

2026-09-14 08:49:22,154 INFO image_tx_daemon: frame seq=1 done (pipelined): 1 fragments ok

2026-09-14 08:49:23,080 INFO image_tx_daemon: txdone_arrival: seq=2 idx=0 status=0 toa_us=64064

2026-09-14 08:49:23,092 INFO image_tx_daemon: frame seq=2 done (pipelined): 1 fragments ok

2026-09-14 08:49:24,118 INFO image_tx_daemon: txdone_arrival: seq=3 idx=0 status=0 toa_us=65344

2026-09-14 08:49:24,129 INFO image_tx_daemon: frame seq=3 done (pipelined): 1 fragments ok

2026-09-14 08:49:24,412 INFO image_tx_daemon: stats: goodput=44.4 B/s util=2% pipeline=v3 frames_in=3 ok=3 fail=0 drop_full=0 drop_stale=0 frags_ok=3 frags_fail=0 qdepth=0 parity_tx=0

2026-09-14 08:49:25,077 INFO image_tx_daemon: txdone_arrival: seq=4 idx=0 status=0 toa_us=65344

2026-09-14 08:49:25,089 INFO image_tx_daemon: frame seq=4 done (pipelined): 1 fragments ok

2026-09-14 08:49:26,136 INFO image_tx_daemon: txdone_arrival: seq=5 idx=0 status=0 toa_us=83264

2026-09-14 08:49:26,148 INFO image_tx_daemon: frame seq=5 done (pipelined): 1 fragments ok

2026-09-14 08:49:27,075 INFO image_tx_daemon: txdone_arrival: seq=6 idx=0 status=0 toa_us=65344

2026-09-14 08:49:27,087 INFO image_tx_daemon: frame seq=6 done (pipelined): 1 fragments ok

2026-09-14 08:49:28,114 INFO image_tx_daemon: txdone_arrival: seq=7 idx=0 status=0 toa_us=65344

2026-09-14 08:49:28,125 INFO image_tx_daemon: frame seq=7 done (pipelined): 1 fragments ok

2026-09-14 08:49:29,082 INFO image_tx_daemon: txdone_arrival: seq=8 idx=0 status=0 toa_us=65344

2026-09-14 08:49:29,094 INFO image_tx_daemon: frame seq=8 done (pipelined): 1 fragments ok

2026-09-14 08:49:30,121 INFO image_tx_daemon: txdone_arrival: seq=9 idx=0 status=0 toa_us=65344

2026-09-14 08:49:30,133 INFO image_tx_daemon: frame seq=9 done (pipelined): 1 fragments ok

2026-09-14 08:49:31,079 INFO image_tx_daemon: txdone_arrival: seq=10 idx=0 status=0 toa_us=65344

2026-09-14 08:49:31,091 INFO image_tx_daemon: frame seq=10 done (pipelined): 1 fragments ok

2026-09-14 08:49:32,139 INFO image_tx_daemon: txdone_arrival: seq=11 idx=0 status=0 toa_us=89664

2026-09-14 08:49:32,150 INFO image_tx_daemon: frame seq=11 done (pipelined): 1 fragments ok

2026-09-14 08:49:33,086 INFO image_tx_daemon: txdone_arrival: seq=12 idx=0 status=0 toa_us=64064

2026-09-14 08:49:33,097 INFO image_tx_daemon: frame seq=12 done (pipelined): 1 fragments ok

2026-09-14 08:49:34,123 INFO image_tx_daemon: txdone_arrival: seq=13 idx=0 status=0 toa_us=65344

2026-09-14 08:49:34,135 INFO image_tx_daemon: frame seq=13 done (pipelined): 1 fragments ok

2026-09-14 08:49:34,424 INFO image_tx_daemon: stats: goodput=163.3 B/s util=7% pipeline=v3 frames_in=13 ok=13 fail=0 drop_full=0 drop_stale=0 frags_ok=13 frags_fail=0 qdepth=0 parity_tx=0

2026-09-14 08:49:35,077 INFO image_tx_daemon: txdone_arrival: seq=14 idx=0 status=0 toa_us=65344

2026-09-14 08:49:35,089 INFO image_tx_daemon: frame seq=14 done (pipelined): 1 fragments ok

2026-09-14 08:49:36,115 INFO image_tx_daemon: txdone_arrival: seq=15 idx=0 status=0 toa_us=62784

2026-09-14 08:49:36,127 INFO image_tx_daemon: frame seq=15 done (pipelined): 1 fragments ok

2026-09-14 08:49:37,079 INFO image_tx_daemon: txdone_arrival: seq=16 idx=0 status=0 toa_us=65344

2026-09-14 08:49:37,091 INFO image_tx_daemon: frame seq=16 done (pipelined): 1 fragments ok

2026-09-14 08:49:38,117 INFO image_tx_daemon: txdone_arrival: seq=17 idx=0 status=0 toa_us=65344

2026-09-14 08:49:38,128 INFO image_tx_daemon: frame seq=17 done (pipelined): 1 fragments ok

2026-09-14 08:49:39,083 INFO image_tx_daemon: txdone_arrival: seq=18 idx=0 status=0 toa_us=65344

2026-09-14 08:49:39,095 INFO image_tx_daemon: frame seq=18 done (pipelined): 1 fragments ok

2026-09-14 08:49:40,121 INFO image_tx_daemon: txdone_arrival: seq=19 idx=0 status=0 toa_us=65344

2026-09-14 08:49:40,133 INFO image_tx_daemon: frame seq=19 done (pipelined): 1 fragments ok

2026-09-14 08:49:41,078 INFO image_tx_daemon: txdone_arrival: seq=20 idx=0 status=0 toa_us=64064

2026-09-14 08:49:41,090 INFO image_tx_daemon: frame seq=20 done (pipelined): 1 fragments ok

2026-09-14 08:49:42,116 INFO image_tx_daemon: txdone_arrival: seq=21 idx=0 status=0 toa_us=65344

2026-09-14 08:49:42,128 INFO image_tx_daemon: frame seq=21 done (pipelined): 1 fragments ok

2026-09-14 08:49:43,083 INFO image_tx_daemon: txdone_arrival: seq=22 idx=0 status=0 toa_us=65344

2026-09-14 08:49:43,094 INFO image_tx_daemon: frame seq=22 done (pipelined): 1 fragments ok

2026-09-14 08:49:44,121 INFO image_tx_daemon: txdone_arrival: seq=23 idx=0 status=0 toa_us=65344

2026-09-14 08:49:44,132 INFO image_tx_daemon: frame seq=23 done (pipelined): 1 fragments ok

2026-09-14 08:49:44,436 INFO image_tx_daemon: stats: goodput=151.2 B/s util=6% pipeline=v3 frames_in=23 ok=23 fail=0 drop_full=0 drop_stale=0 frags_ok=23 frags_fail=0 qdepth=0 parity_tx=0

2026-09-14 08:49:45,086 INFO image_tx_daemon: txdone_arrival: seq=24 idx=0 status=0 toa_us=65344

2026-09-14 08:49:45,098 INFO image_tx_daemon: frame seq=24 done (pipelined): 1 fragments ok

2026-09-14 08:49:46,124 INFO image_tx_daemon: txdone_arrival: seq=25 idx=0 status=0 toa_us=64064

2026-09-14 08:49:46,136 INFO image_tx_daemon: frame seq=25 done (pipelined): 1 fragments ok

2026-09-14 08:49:47,083 INFO image_tx_daemon: txdone_arrival: seq=26 idx=0 status=0 toa_us=65344

2026-09-14 08:49:47,095 INFO image_tx_daemon: frame seq=26 done (pipelined): 1 fragments ok

2026-09-14 08:49:48,121 INFO image_tx_daemon: txdone_arrival: seq=27 idx=0 status=0 toa_us=65344

2026-09-14 08:49:48,133 INFO image_tx_daemon: frame seq=27 done (pipelined): 1 fragments ok

2026-09-14 08:49:49,083 INFO image_tx_daemon: txdone_arrival: seq=28 idx=0 status=0 toa_us=65344

2026-09-14 08:49:49,094 INFO image_tx_daemon: frame seq=28 done (pipelined): 1 fragments ok

2026-09-14 08:49:50,121 INFO image_tx_daemon: txdone_arrival: seq=29 idx=0 status=0 toa_us=65344

2026-09-14 08:49:50,132 INFO image_tx_daemon: frame seq=29 done (pipelined): 1 fragments ok

2026-09-14 08:49:51,090 INFO image_tx_daemon: txdone_arrival: seq=30 idx=0 status=0 toa_us=65344

2026-09-14 08:49:51,102 INFO image_tx_daemon: frame seq=30 done (pipelined): 1 fragments ok

2026-09-14 08:49:52,161 INFO image_tx_daemon: txdone_arrival: seq=31 idx=0 status=0 toa_us=97344

2026-09-14 08:49:52,172 INFO image_tx_daemon: frame seq=31 done (pipelined): 1 fragments ok

2026-09-14 08:49:53,089 INFO image_tx_daemon: txdone_arrival: seq=32 idx=0 status=0 toa_us=62784

2026-09-14 08:49:53,101 INFO image_tx_daemon: frame seq=32 done (pipelined): 1 fragments ok

2026-09-14 08:49:54,127 INFO image_tx_daemon: txdone_arrival: seq=33 idx=0 status=0 toa_us=65344

2026-09-14 08:49:54,139 INFO image_tx_daemon: frame seq=33 done (pipelined): 1 fragments ok

2026-09-14 08:49:54,448 INFO image_tx_daemon: stats: goodput=159.8 B/s util=7% pipeline=v3 frames_in=33 ok=33 fail=0 drop_full=0 drop_stale=0 frags_ok=33 frags_fail=0 qdepth=0 parity_tx=0

2026-09-14 08:49:55,087 INFO image_tx_daemon: txdone_arrival: seq=34 idx=0 status=0 toa_us=65344

2026-09-14 08:49:55,098 INFO image_tx_daemon: frame seq=34 done (pipelined): 1 fragments ok

2026-09-14 08:49:56,114 INFO image_tx_daemon: txdone_arrival: seq=35 idx=0 status=0 toa_us=61504

2026-09-14 08:49:56,126 INFO image_tx_daemon: frame seq=35 done (pipelined): 1 fragments ok

2026-09-14 08:49:57,154 INFO image_tx_daemon: txdone_arrival: seq=36 idx=0 status=0 toa_us=65344

2026-09-14 08:49:57,166 INFO image_tx_daemon: frame seq=36 done (pipelined): 1 fragments ok

2026-09-14 08:49:58,090 INFO image_tx_daemon: txdone_arrival: seq=37 idx=0 status=0 toa_us=65344

2026-09-14 08:49:58,102 INFO image_tx_daemon: frame seq=37 done (pipelined): 1 fragments ok

2026-09-14 08:49:59,160 INFO image_tx_daemon: txdone_arrival: seq=38 idx=0 status=0 toa_us=98624

2026-09-14 08:49:59,171 INFO image_tx_daemon: frame seq=38 done (pipelined): 1 fragments ok

2026-09-14 08:50:00,100 INFO image_tx_daemon: txdone_arrival: seq=39 idx=0 status=0 toa_us=64064

2026-09-14 08:50:00,112 INFO image_tx_daemon: frame seq=39 done (pipelined): 1 fragments ok

2026-09-14 08:50:01,138 INFO image_tx_daemon: txdone_arrival: seq=40 idx=0 status=0 toa_us=65344

2026-09-14 08:50:01,149 INFO image_tx_daemon: frame seq=40 done (pipelined): 1 fragments ok

2026-09-14 08:50:02,101 INFO image_tx_daemon: txdone_arrival: seq=41 idx=0 status=0 toa_us=80704

2026-09-14 08:50:02,113 INFO image_tx_daemon: frame seq=41 done (pipelined): 1 fragments ok

2026-09-14 08:50:03,171 INFO image_tx_daemon: txdone_arrival: seq=42 idx=0 status=0 toa_us=97344

2026-09-14 08:50:03,203 INFO image_tx_daemon: frame seq=42 done (pipelined): 1 fragments ok

2026-09-14 08:50:04,087 INFO image_tx_daemon: txdone_arrival: seq=43 idx=0 status=0 toa_us=65344

2026-09-14 08:50:04,099 INFO image_tx_daemon: frame seq=43 done (pipelined): 1 fragments ok

2026-09-14 08:50:04,459 INFO image_tx_daemon: stats: goodput=172.8 B/s util=7% pipeline=v3 frames_in=43 ok=43 fail=0 drop_full=0 drop_stale=0 frags_ok=43 frags_fail=0 qdepth=0 parity_tx=0

2026-09-14 08:50:05,157 INFO image_tx_daemon: txdone_arrival: seq=44 idx=0 status=0 toa_us=96064

2026-09-14 08:50:05,169 INFO image_tx_daemon: frame seq=44 done (pipelined): 1 fragments ok

2026-09-14 08:50:06,126 INFO image_tx_daemon: txdone_arrival: seq=45 idx=0 status=0 toa_us=97344

2026-09-14 08:50:06,138 INFO image_tx_daemon: frame seq=45 done (pipelined): 1 fragments ok

2026-09-14 08:50:07,131 INFO image_tx_daemon: txdone_arrival: seq=46 idx=0 status=0 toa_us=97344

2026-09-14 08:50:07,143 INFO image_tx_daemon: frame seq=46 done (pipelined): 1 fragments ok

2026-09-14 08:50:08,118 INFO image_tx_daemon: txdone_arrival: seq=47 idx=0 status=0 toa_us=81984

2026-09-14 08:50:08,130 INFO image_tx_daemon: frame seq=47 done (pipelined): 1 fragments ok

2026-09-14 08:50:09,127 INFO image_tx_daemon: txdone_arrival: seq=48 idx=0 status=0 toa_us=93504

2026-09-14 08:50:09,139 INFO image_tx_daemon: frame seq=48 done (pipelined): 1 fragments ok

2026-09-14 08:50:10,129 INFO image_tx_daemon: txdone_arrival: seq=49 idx=0 status=0 toa_us=87104

2026-09-14 08:50:10,140 INFO image_tx_daemon: frame seq=49 done (pipelined): 1 fragments ok

2026-09-14 08:50:11,124 INFO image_tx_daemon: txdone_arrival: seq=50 idx=0 status=0 toa_us=89664

2026-09-14 08:50:11,136 INFO image_tx_daemon: frame seq=50 done (pipelined): 1 fragments ok

2026-09-14 08:50:12,124 INFO image_tx_daemon: txdone_arrival: seq=51 idx=0 status=0 toa_us=97344

2026-09-14 08:50:12,135 INFO image_tx_daemon: frame seq=51 done (pipelined): 1 fragments ok

2026-09-14 08:50:13,062 INFO image_tx_daemon: txdone_arrival: seq=52 idx=0 status=0 toa_us=65344

2026-09-14 08:50:13,073 INFO image_tx_daemon: frame seq=52 done (pipelined): 1 fragments ok

2026-09-14 08:50:14,120 INFO image_tx_daemon: txdone_arrival: seq=53 idx=0 status=0 toa_us=83264

2026-09-14 08:50:14,132 INFO image_tx_daemon: frame seq=53 done (pipelined): 1 fragments ok

2026-09-14 08:50:14,471 INFO image_tx_daemon: stats: goodput=217.0 B/s util=9% pipeline=v3 frames_in=53 ok=53 fail=0 drop_full=0 drop_stale=0 frags_ok=53 frags_fail=0 qdepth=0 parity_tx=0

2026-09-14 08:50:15,088 INFO image_tx_daemon: txdone_arrival: seq=54 idx=0 status=0 toa_us=88384

2026-09-14 08:50:15,099 INFO image_tx_daemon: frame seq=54 done (pipelined): 1 fragments ok

2026-09-14 08:50:16,096 INFO image_tx_daemon: txdone_arrival: seq=55 idx=0 status=0 toa_us=99904

2026-09-14 08:50:16,108 INFO image_tx_daemon: frame seq=55 done (pipelined): 1 fragments ok

2026-09-14 08:50:17,065 INFO image_tx_daemon: txdone_arrival: seq=56 idx=0 status=0 toa_us=64064

2026-09-14 08:50:17,077 INFO image_tx_daemon: frame seq=56 done (pipelined): 1 fragments ok

2026-09-14 08:50:18,097 INFO image_tx_daemon: txdone_arrival: seq=57 idx=0 status=0 toa_us=58944

2026-09-14 08:50:18,109 INFO image_tx_daemon: frame seq=57 done (pipelined): 1 fragments ok

2026-09-14 08:50:19,058 INFO image_tx_daemon: txdone_arrival: seq=58 idx=0 status=0 toa_us=61504

2026-09-14 08:50:19,070 INFO image_tx_daemon: frame seq=58 done (pipelined): 1 fragments ok

2026-09-14 08:50:20,096 INFO image_tx_daemon: txdone_arrival: seq=59 idx=0 status=0 toa_us=65344

2026-09-14 08:50:20,108 INFO image_tx_daemon: frame seq=59 done (pipelined): 1 fragments ok

2026-09-14 08:50:21,071 INFO image_tx_daemon: txdone_arrival: seq=60 idx=0 status=0 toa_us=65344

2026-09-14 08:50:21,083 INFO image_tx_daemon: frame seq=60 done (pipelined): 1 fragments ok

2026-09-14 08:50:22,108 INFO image_tx_daemon: txdone_arrival: seq=61 idx=0 status=0 toa_us=65344

2026-09-14 08:50:22,120 INFO image_tx_daemon: frame seq=61 done (pipelined): 1 fragments ok

2026-09-14 08:50:23,084 INFO image_tx_daemon: txdone_arrival: seq=62 idx=0 status=0 toa_us=81984

2026-09-14 08:50:23,095 INFO image_tx_daemon: frame seq=62 done (pipelined): 1 fragments ok

2026-09-14 08:50:23,358 INFO image_tx_daemon: LoRa cmd: ENCODE_MODE 9 q=80

RFCO_PERTX during TX wait: profile_id=2 tx_status=0x00(OK) hop_idx=0 channel_idx=0 epoch=0 freq_hz=0 pkt_toa_us=64064 legal_dwell_used_us_10s=0

2026-09-14 08:50:24,482 INFO image_tx_daemon: stats: goodput=154.2 B/s util=7% pipeline=v3 frames_in=62 ok=62 fail=0 drop_full=0 drop_stale=0 frags_ok=62 frags_fail=0 qdepth=0 parity_tx=0

2026-09-14 08:50:24,901 INFO image_tx_daemon: txdone_arrival: seq=63 idx=0 status=0 toa_us=98624

2026-09-14 08:50:24,913 INFO image_tx_daemon: frame seq=63 done (pipelined): 1 fragments ok

2026-09-14 08:50:25,527 INFO image_tx_daemon: txdone_arrival: seq=64 idx=0 status=0 toa_us=99904

2026-09-14 08:50:25,539 INFO image_tx_daemon: frame seq=64 done (pipelined): 1 fragments ok

2026-09-14 08:50:26,598 INFO image_tx_daemon: txdone_arrival: seq=65 idx=0 status=0 toa_us=98624

2026-09-14 08:50:26,610 INFO image_tx_daemon: frame seq=65 done (pipelined): 1 fragments ok

2026-09-14 08:50:27,546 INFO image_tx_daemon: txdone_arrival: seq=66 idx=0 status=0 toa_us=97344

2026-09-14 08:50:27,558 INFO image_tx_daemon: frame seq=66 done (pipelined): 1 fragments ok

2026-09-14 08:50:28,493 INFO image_tx_daemon: txdone_arrival: seq=67 idx=0 status=0 toa_us=98624

2026-09-14 08:50:28,504 INFO image_tx_daemon: frame seq=67 done (pipelined): 1 fragments ok

2026-09-14 08:50:29,494 INFO image_tx_daemon: txdone_arrival: seq=68 idx=0 status=0 toa_us=98624

2026-09-14 08:50:29,505 INFO image_tx_daemon: frame seq=68 done (pipelined): 1 fragments ok

2026-09-14 08:50:30,563 INFO image_tx_daemon: txdone_arrival: seq=69 idx=0 status=0 toa_us=98624

2026-09-14 08:50:30,576 INFO image_tx_daemon: frame seq=69 done (pipelined): 1 fragments ok

2026-09-14 08:50:31,488 INFO image_tx_daemon: txdone_arrival: seq=70 idx=0 status=0 toa_us=98624

2026-09-14 08:50:31,500 INFO image_tx_daemon: frame seq=70 done (pipelined): 1 fragments ok

2026-09-14 08:50:32,479 INFO image_tx_daemon: txdone_arrival: seq=71 idx=0 status=0 toa_us=98624

2026-09-14 08:50:32,491 INFO image_tx_daemon: frame seq=71 done (pipelined): 1 fragments ok

2026-09-14 08:50:33,468 INFO image_tx_daemon: txdone_arrival: seq=72 idx=0 status=0 toa_us=98624

2026-09-14 08:50:33,479 INFO image_tx_daemon: frame seq=72 done (pipelined): 1 fragments ok

2026-09-14 08:50:34,494 INFO image_tx_daemon: stats: goodput=243.4 B/s util=10% pipeline=v3 frames_in=73 ok=72 fail=0 drop_full=0 drop_stale=0 frags_ok=72 frags_fail=0 qdepth=0 parity_tx=0

2026-09-14 08:50:34,550 INFO image_tx_daemon: txdone_arrival: seq=73 idx=0 status=0 toa_us=99904

2026-09-14 08:50:34,562 INFO image_tx_daemon: frame seq=73 done (pipelined): 1 fragments ok

2026-09-14 08:50:35,505 INFO image_tx_daemon: txdone_arrival: seq=74 idx=0 status=0 toa_us=98624

2026-09-14 08:50:35,516 INFO image_tx_daemon: frame seq=74 done (pipelined): 1 fragments ok

2026-09-14 08:50:36,509 INFO image_tx_daemon: txdone_arrival: seq=75 idx=0 status=0 toa_us=98624

2026-09-14 08:50:36,520 INFO image_tx_daemon: frame seq=75 done (pipelined): 1 fragments ok

2026-09-14 08:50:37,510 INFO image_tx_daemon: txdone_arrival: seq=76 idx=0 status=0 toa_us=99904

2026-09-14 08:50:37,522 INFO image_tx_daemon: frame seq=76 done (pipelined): 1 fragments ok

2026-09-14 08:50:38,581 INFO image_tx_daemon: txdone_arrival: seq=77 idx=0 status=0 toa_us=98624

2026-09-14 08:50:38,593 INFO image_tx_daemon: frame seq=77 done (pipelined): 1 fragments ok

2026-09-14 08:50:39,480 INFO image_tx_daemon: txdone_arrival: seq=78 idx=0 status=0 toa_us=98624

2026-09-14 08:50:39,491 INFO image_tx_daemon: frame seq=78 done (pipelined): 1 fragments ok

2026-09-14 08:50:40,550 INFO image_tx_daemon: txdone_arrival: seq=79 idx=0 status=0 toa_us=98624

2026-09-14 08:50:40,561 INFO image_tx_daemon: frame seq=79 done (pipelined): 1 fragments ok

2026-09-14 08:50:41,509 INFO image_tx_daemon: txdone_arrival: seq=80 idx=0 status=0 toa_us=98624

2026-09-14 08:50:41,520 INFO image_tx_daemon: frame seq=80 done (pipelined): 1 fragments ok

2026-09-14 08:50:42,512 INFO image_tx_daemon: txdone_arrival: seq=81 idx=0 status=0 toa_us=98624

2026-09-14 08:50:42,524 INFO image_tx_daemon: frame seq=81 done (pipelined): 1 fragments ok

2026-09-14 08:50:43,489 INFO image_tx_daemon: txdone_arrival: seq=82 idx=0 status=0 toa_us=98624

2026-09-14 08:50:43,500 INFO image_tx_daemon: frame seq=82 done (pipelined): 1 fragments ok

2026-09-14 08:50:44,505 INFO image_tx_daemon: stats: goodput=244.7 B/s util=10% pipeline=v3 frames_in=83 ok=82 fail=0 drop_full=0 drop_stale=0 frags_ok=82 frags_fail=0 qdepth=0 parity_tx=0

2026-09-14 08:50:44,560 INFO image_tx_daemon: txdone_arrival: seq=83 idx=0 status=0 toa_us=98624

2026-09-14 08:50:44,571 INFO image_tx_daemon: frame seq=83 done (pipelined): 1 fragments ok

2026-09-14 08:50:45,501 INFO image_tx_daemon: txdone_arrival: seq=84 idx=0 status=0 toa_us=99904

2026-09-14 08:50:45,513 INFO image_tx_daemon: frame seq=84 done (pipelined): 1 fragments ok

2026-09-14 08:50:46,507 INFO image_tx_daemon: txdone_arrival: seq=85 idx=0 status=0 toa_us=99904

2026-09-14 08:50:46,519 INFO image_tx_daemon: frame seq=85 done (pipelined): 1 fragments ok

2026-09-14 08:50:47,513 INFO image_tx_daemon: txdone_arrival: seq=86 idx=0 status=0 toa_us=99904

2026-09-14 08:50:47,524 INFO image_tx_daemon: frame seq=86 done (pipelined): 1 fragments ok

2026-09-14 08:50:48,504 INFO image_tx_daemon: txdone_arrival: seq=87 idx=0 status=0 toa_us=98624

2026-09-14 08:50:48,516 INFO image_tx_daemon: frame seq=87 done (pipelined): 1 fragments ok

2026-09-14 08:50:49,576 INFO image_tx_daemon: txdone_arrival: seq=88 idx=0 status=0 toa_us=98624

2026-09-14 08:50:49,587 INFO image_tx_daemon: frame seq=88 done (pipelined): 1 fragments ok

2026-09-14 08:50:50,504 INFO image_tx_daemon: txdone_arrival: seq=89 idx=0 status=0 toa_us=99904

2026-09-14 08:50:50,516 INFO image_tx_daemon: frame seq=89 done (pipelined): 1 fragments ok

2026-09-14 08:50:51,585 INFO image_tx_daemon: txdone_arrival: seq=90 idx=0 status=0 toa_us=99904

2026-09-14 08:50:51,597 INFO image_tx_daemon: frame seq=90 done (pipelined): 1 fragments ok

2026-09-14 08:50:52,504 INFO image_tx_daemon: txdone_arrival: seq=91 idx=0 status=0 toa_us=98624

2026-09-14 08:50:52,516 INFO image_tx_daemon: frame seq=91 done (pipelined): 1 fragments ok

2026-09-14 08:50:53,513 INFO image_tx_daemon: txdone_arrival: seq=92 idx=0 status=0 toa_us=99904

2026-09-14 08:50:53,525 INFO image_tx_daemon: frame seq=92 done (pipelined): 1 fragments ok

2026-09-14 08:50:54,517 INFO image_tx_daemon: stats: goodput=245.3 B/s util=10% pipeline=v3 frames_in=93 ok=92 fail=0 drop_full=0 drop_stale=0 frags_ok=92 frags_fail=0 qdepth=0 parity_tx=0

2026-09-14 08:50:54,585 INFO image_tx_daemon: txdone_arrival: seq=93 idx=0 status=0 toa_us=98624

2026-09-14 08:50:54,597 INFO image_tx_daemon: frame seq=93 done (pipelined): 1 fragments ok

2026-09-14 08:50:55,502 INFO image_tx_daemon: txdone_arrival: seq=94 idx=0 status=0 toa_us=99904

2026-09-14 08:50:55,515 INFO image_tx_daemon: frame seq=94 done (pipelined): 1 fragments ok

2026-09-14 08:50:56,506 INFO image_tx_daemon: txdone_arrival: seq=95 idx=0 status=0 toa_us=97344

2026-09-14 08:50:56,518 INFO image_tx_daemon: frame seq=95 done (pipelined): 1 fragments ok

2026-09-14 08:50:57,497 INFO image_tx_daemon: txdone_arrival: seq=96 idx=0 status=0 toa_us=98624

2026-09-14 08:50:57,509 INFO image_tx_daemon: frame seq=96 done (pipelined): 1 fragments ok

2026-09-14 08:50:58,507 INFO image_tx_daemon: txdone_arrival: seq=97 idx=0 status=0 toa_us=99904

2026-09-14 08:50:58,518 INFO image_tx_daemon: frame seq=97 done (pipelined): 1 fragments ok

2026-09-14 08:50:59,500 INFO image_tx_daemon: txdone_arrival: seq=98 idx=0 status=0 toa_us=99904

2026-09-14 08:50:59,511 INFO image_tx_daemon: frame seq=98 done (pipelined): 1 fragments ok

2026-09-14 08:51:00,496 INFO image_tx_daemon: txdone_arrival: seq=99 idx=0 status=0 toa_us=99904

2026-09-14 08:51:00,508 INFO image_tx_daemon: frame seq=99 done (pipelined): 1 fragments ok

2026-09-14 08:51:01,469 INFO image_tx_daemon: txdone_arrival: seq=100 idx=0 status=0 toa_us=98624

2026-09-14 08:51:01,481 INFO image_tx_daemon: frame seq=100 done (pipelined): 1 fragments ok

2026-09-14 08:51:02,550 INFO image_tx_daemon: txdone_arrival: seq=101 idx=0 status=0 toa_us=99904

2026-09-14 08:51:02,561 INFO image_tx_daemon: frame seq=101 done (pipelined): 1 fragments ok

2026-09-14 08:51:03,533 INFO image_tx_daemon: txdone_arrival: seq=102 idx=0 status=0 toa_us=98624

2026-09-14 08:51:03,546 INFO image_tx_daemon: frame seq=102 done (pipelined): 1 fragments ok

2026-09-14 08:51:04,509 INFO image_tx_daemon: txdone_arrival: seq=103 idx=0 status=0 toa_us=97344

2026-09-14 08:51:04,520 INFO image_tx_daemon: frame seq=103 done (pipelined): 1 fragments ok

2026-09-14 08:51:04,530 INFO image_tx_daemon: stats: goodput=268.8 B/s util=11% pipeline=v3 frames_in=103 ok=103 fail=0 drop_full=0 drop_stale=0 frags_ok=103 frags_fail=0 qdepth=0 parity_tx=0

2026-09-14 08:51:05,591 INFO image_tx_daemon: txdone_arrival: seq=104 idx=0 status=0 toa_us=99904

2026-09-14 08:51:05,602 INFO image_tx_daemon: frame seq=104 done (pipelined): 1 fragments ok

2026-09-14 08:51:06,503 INFO image_tx_daemon: txdone_arrival: seq=105 idx=0 status=0 toa_us=98624

2026-09-14 08:51:06,515 INFO image_tx_daemon: frame seq=105 done (pipelined): 1 fragments ok

2026-09-14 08:51:07,516 INFO image_tx_daemon: txdone_arrival: seq=106 idx=0 status=0 toa_us=99904

2026-09-14 08:51:07,527 INFO image_tx_daemon: frame seq=106 done (pipelined): 1 fragments ok

2026-09-14 08:51:08,513 INFO image_tx_daemon: txdone_arrival: seq=107 idx=0 status=0 toa_us=99904

2026-09-14 08:51:08,525 INFO image_tx_daemon: frame seq=107 done (pipelined): 1 fragments ok

2026-09-14 08:51:09,516 INFO image_tx_daemon: txdone_arrival: seq=108 idx=0 status=0 toa_us=99904

2026-09-14 08:51:09,527 INFO image_tx_daemon: frame seq=108 done (pipelined): 1 fragments ok

2026-09-14 08:51:10,587 INFO image_tx_daemon: txdone_arrival: seq=109 idx=0 status=0 toa_us=98624

2026-09-14 08:51:10,599 INFO image_tx_daemon: frame seq=109 done (pipelined): 1 fragments ok

2026-09-14 08:51:11,514 INFO image_tx_daemon: txdone_arrival: seq=110 idx=0 status=0 toa_us=98624

2026-09-14 08:51:11,525 INFO image_tx_daemon: frame seq=110 done (pipelined): 1 fragments ok

2026-09-14 08:51:12,595 INFO image_tx_daemon: txdone_arrival: seq=111 idx=0 status=0 toa_us=99904

2026-09-14 08:51:12,607 INFO image_tx_daemon: frame seq=111 done (pipelined): 1 fragments ok

2026-09-14 08:51:13,516 INFO image_tx_daemon: txdone_arrival: seq=112 idx=0 status=0 toa_us=98624

2026-09-14 08:51:13,527 INFO image_tx_daemon: frame seq=112 done (pipelined): 1 fragments ok

2026-09-14 08:51:14,529 INFO image_tx_daemon: txdone_arrival: seq=113 idx=0 status=0 toa_us=99904

2026-09-14 08:51:14,541 INFO image_tx_daemon: stats: goodput=245.3 B/s util=10% pipeline=v3 frames_in=113 ok=113 fail=0 drop_full=0 drop_stale=0 frags_ok=113 frags_fail=0 qdepth=0 parity_tx=0

2026-09-14 08:51:14,542 INFO image_tx_daemon: frame seq=113 done (pipelined): 1 fragments ok

2026-09-14 08:51:15,518 INFO image_tx_daemon: txdone_arrival: seq=114 idx=0 status=0 toa_us=99904

2026-09-14 08:51:15,530 INFO image_tx_daemon: frame seq=114 done (pipelined): 1 fragments ok

2026-09-14 08:51:16,600 INFO image_tx_daemon: txdone_arrival: seq=115 idx=0 status=0 toa_us=99904

2026-09-14 08:51:16,611 INFO image_tx_daemon: frame seq=115 done (pipelined): 1 fragments ok

2026-09-14 08:51:17,481 INFO image_tx_daemon: txdone_arrival: seq=116 idx=0 status=0 toa_us=98624

2026-09-14 08:51:17,493 INFO image_tx_daemon: frame seq=116 done (pipelined): 1 fragments ok

2026-09-14 08:51:18,563 INFO image_tx_daemon: txdone_arrival: seq=117 idx=0 status=0 toa_us=99904

2026-09-14 08:51:18,575 INFO image_tx_daemon: frame seq=117 done (pipelined): 1 fragments ok

2026-09-14 08:51:19,505 INFO image_tx_daemon: txdone_arrival: seq=118 idx=0 status=0 toa_us=97344

2026-09-14 08:51:19,516 INFO image_tx_daemon: frame seq=118 done (pipelined): 1 fragments ok

2026-09-14 08:51:20,516 INFO image_tx_daemon: txdone_arrival: seq=119 idx=0 status=0 toa_us=99904

2026-09-14 08:51:20,528 INFO image_tx_daemon: frame seq=119 done (pipelined): 1 fragments ok

2026-09-14 08:51:21,467 INFO image_tx_daemon: txdone_arrival: seq=120 idx=0 status=0 toa_us=98624

2026-09-14 08:51:21,479 INFO image_tx_daemon: frame seq=120 done (pipelined): 1 fragments ok

2026-09-14 08:51:22,548 INFO image_tx_daemon: txdone_arrival: seq=121 idx=0 status=0 toa_us=99904

2026-09-14 08:51:22,560 INFO image_tx_daemon: frame seq=121 done (pipelined): 1 fragments ok

2026-09-14 08:51:23,485 INFO image_tx_daemon: txdone_arrival: seq=122 idx=0 status=0 toa_us=97344

2026-09-14 08:51:23,497 INFO image_tx_daemon: frame seq=122 done (pipelined): 1 fragments ok

2026-09-14 08:51:24,477 INFO image_tx_daemon: txdone_arrival: seq=123 idx=0 status=0 toa_us=98624

2026-09-14 08:51:24,488 INFO image_tx_daemon: frame seq=123 done (pipelined): 1 fragments ok

2026-09-14 08:51:24,553 INFO image_tx_daemon: stats: goodput=244.7 B/s util=10% pipeline=v3 frames_in=123 ok=123 fail=0 drop_full=0 drop_stale=0 frags_ok=123 frags_fail=0 qdepth=0 parity_tx=0

2026-09-14 08:51:25,547 INFO image_tx_daemon: txdone_arrival: seq=124 idx=0 status=0 toa_us=98624

2026-09-14 08:51:25,558 INFO image_tx_daemon: frame seq=124 done (pipelined): 1 fragments ok

2026-09-14 08:51:26,493 INFO image_tx_daemon: txdone_arrival: seq=125 idx=0 status=0 toa_us=98624

2026-09-14 08:51:26,505 INFO image_tx_daemon: frame seq=125 done (pipelined): 1 fragments ok

2026-09-14 08:51:27,574 INFO image_tx_daemon: txdone_arrival: seq=126 idx=0 status=0 toa_us=99904

2026-09-14 08:51:27,586 INFO image_tx_daemon: frame seq=126 done (pipelined): 1 fragments ok

2026-09-14 08:51:28,503 INFO image_tx_daemon: txdone_arrival: seq=127 idx=0 status=0 toa_us=99904

2026-09-14 08:51:28,515 INFO image_tx_daemon: frame seq=127 done (pipelined): 1 fragments ok

2026-09-14 08:51:29,503 INFO image_tx_daemon: txdone_arrival: seq=128 idx=0 status=0 toa_us=97344

2026-09-14 08:51:29,515 INFO image_tx_daemon: frame seq=128 done (pipelined): 1 fragments ok

2026-09-14 08:51:30,509 INFO image_tx_daemon: txdone_arrival: seq=129 idx=0 status=0 toa_us=99904

2026-09-14 08:51:30,522 INFO image_tx_daemon: frame seq=129 done (pipelined): 1 fragments ok

2026-09-14 08:51:31,522 INFO image_tx_daemon: txdone_arrival: seq=130 idx=0 status=0 toa_us=99904

2026-09-14 08:51:31,534 INFO image_tx_daemon: frame seq=130 done (pipelined): 1 fragments ok

2026-09-14 08:51:32,529 INFO image_tx_daemon: txdone_arrival: seq=131 idx=0 status=0 toa_us=98624

2026-09-14 08:51:32,540 INFO image_tx_daemon: frame seq=131 done (pipelined): 1 fragments ok

2026-09-14 08:51:33,507 INFO image_tx_daemon: txdone_arrival: seq=132 idx=0 status=0 toa_us=98624

2026-09-14 08:51:33,519 INFO image_tx_daemon: frame seq=132 done (pipelined): 1 fragments ok

2026-09-14 08:51:34,501 INFO image_tx_daemon: txdone_arrival: seq=133 idx=0 status=0 toa_us=99904

2026-09-14 08:51:34,513 INFO image_tx_daemon: frame seq=133 done (pipelined): 1 fragments ok

2026-09-14 08:51:34,565 INFO image_tx_daemon: stats: goodput=245.2 B/s util=10% pipeline=v3 frames_in=133 ok=133 fail=0 drop_full=0 drop_stale=0 frags_ok=133 frags_fail=0 qdepth=0 parity_tx=0

2026-09-14 08:51:35,504 INFO image_tx_daemon: txdone_arrival: seq=134 idx=0 status=0 toa_us=98624

2026-09-14 08:51:35,515 INFO image_tx_daemon: frame seq=134 done (pipelined): 1 fragments ok

2026-09-14 08:51:36,575 INFO image_tx_daemon: txdone_arrival: seq=135 idx=0 status=0 toa_us=99904

2026-09-14 08:51:36,587 INFO image_tx_daemon: frame seq=135 done (pipelined): 1 fragments ok

2026-09-14 08:51:37,512 INFO image_tx_daemon: txdone_arrival: seq=136 idx=0 status=0 toa_us=98624

2026-09-14 08:51:37,524 INFO image_tx_daemon: frame seq=136 done (pipelined): 1 fragments ok

2026-09-14 08:51:38,502 INFO image_tx_daemon: txdone_arrival: seq=137 idx=0 status=0 toa_us=97344

2026-09-14 08:51:38,514 INFO image_tx_daemon: frame seq=137 done (pipelined): 1 fragments ok

2026-09-14 08:51:39,573 INFO image_tx_daemon: txdone_arrival: seq=138 idx=0 status=0 toa_us=98624

2026-09-14 08:51:39,585 INFO image_tx_daemon: frame seq=138 done (pipelined): 1 fragments ok

2026-09-14 08:51:40,512 INFO image_tx_daemon: txdone_arrival: seq=139 idx=0 status=0 toa_us=99904

2026-09-14 08:51:40,523 INFO image_tx_daemon: frame seq=139 done (pipelined): 1 fragments ok

2026-09-14 08:51:41,511 INFO image_tx_daemon: txdone_arrival: seq=140 idx=0 status=0 toa_us=98624

2026-09-14 08:51:41,522 INFO image_tx_daemon: frame seq=140 done (pipelined): 1 fragments ok

2026-09-14 08:51:42,504 INFO image_tx_daemon: txdone_arrival: seq=141 idx=0 status=0 toa_us=99904

2026-09-14 08:51:42,516 INFO image_tx_daemon: frame seq=141 done (pipelined): 1 fragments ok

2026-09-14 08:51:43,590 INFO image_tx_daemon: txdone_arrival: seq=142 idx=0 status=0 toa_us=99904

2026-09-14 08:51:43,601 INFO image_tx_daemon: frame seq=142 done (pipelined): 1 fragments ok

2026-09-14 08:51:44,514 INFO image_tx_daemon: txdone_arrival: seq=143 idx=0 status=0 toa_us=99904

2026-09-14 08:51:44,526 INFO image_tx_daemon: frame seq=143 done (pipelined): 1 fragments ok

2026-09-14 08:51:44,577 INFO image_tx_daemon: stats: goodput=244.9 B/s util=10% pipeline=v3 frames_in=143 ok=143 fail=0 drop_full=0 drop_stale=0 frags_ok=143 frags_fail=0 qdepth=0 parity_tx=0

2026-09-14 08:51:45,509 INFO image_tx_daemon: txdone_arrival: seq=144 idx=0 status=0 toa_us=99904

2026-09-14 08:51:45,520 INFO image_tx_daemon: frame seq=144 done (pipelined): 1 fragments ok

2026-09-14 08:51:46,499 INFO image_tx_daemon: txdone_arrival: seq=145 idx=0 status=0 toa_us=98624

2026-09-14 08:51:46,511 INFO image_tx_daemon: frame seq=145 done (pipelined): 1 fragments ok

2026-09-14 08:51:47,482 INFO image_tx_daemon: txdone_arrival: seq=146 idx=0 status=0 toa_us=94784

2026-09-14 08:51:47,494 INFO image_tx_daemon: frame seq=146 done (pipelined): 1 fragments ok

2026-09-14 08:51:48,493 INFO image_tx_daemon: txdone_arrival: seq=147 idx=0 status=0 toa_us=98624

2026-09-14 08:51:48,505 INFO image_tx_daemon: frame seq=147 done (pipelined): 1 fragments ok

2026-09-14 08:51:49,497 INFO image_tx_daemon: txdone_arrival: seq=148 idx=0 status=0 toa_us=98624

2026-09-14 08:51:49,508 INFO image_tx_daemon: frame seq=148 done (pipelined): 1 fragments ok

2026-09-14 08:51:50,504 INFO image_tx_daemon: txdone_arrival: seq=149 idx=0 status=0 toa_us=98624

2026-09-14 08:51:50,516 INFO image_tx_daemon: frame seq=149 done (pipelined): 1 fragments ok

2026-09-14 08:51:51,519 INFO image_tx_daemon: txdone_arrival: seq=150 idx=0 status=0 toa_us=99904

2026-09-14 08:51:51,531 INFO image_tx_daemon: frame seq=150 done (pipelined): 1 fragments ok

2026-09-14 08:51:52,516 INFO image_tx_daemon: txdone_arrival: seq=151 idx=0 status=0 toa_us=98624

2026-09-14 08:51:52,528 INFO image_tx_daemon: frame seq=151 done (pipelined): 1 fragments ok

2026-09-14 08:51:53,491 INFO image_tx_daemon: txdone_arrival: seq=152 idx=0 status=0 toa_us=99904

2026-09-14 08:51:53,503 INFO image_tx_daemon: frame seq=152 done (pipelined): 1 fragments ok

2026-09-14 08:51:54,572 INFO image_tx_daemon: txdone_arrival: seq=153 idx=0 status=0 toa_us=99904

2026-09-14 08:51:54,584 INFO image_tx_daemon: frame seq=153 done (pipelined): 1 fragments ok

2026-09-14 08:51:54,589 INFO image_tx_daemon: stats: goodput=243.8 B/s util=10% pipeline=v3 frames_in=153 ok=153 fail=0 drop_full=0 drop_stale=0 frags_ok=153 frags_fail=0 qdepth=0 parity_tx=0

2026-09-14 08:51:55,509 INFO image_tx_daemon: txdone_arrival: seq=154 idx=0 status=0 toa_us=99904

2026-09-14 08:51:55,521 INFO image_tx_daemon: frame seq=154 done (pipelined): 1 fragments ok

2026-09-14 08:51:56,486 INFO image_tx_daemon: txdone_arrival: seq=155 idx=0 status=0 toa_us=98624

2026-09-14 08:51:56,498 INFO image_tx_daemon: frame seq=155 done (pipelined): 1 fragments ok

2026-09-14 08:51:57,567 INFO image_tx_daemon: txdone_arrival: seq=156 idx=0 status=0 toa_us=99904

2026-09-14 08:51:57,578 INFO image_tx_daemon: frame seq=156 done (pipelined): 1 fragments ok

2026-09-14 08:51:58,517 INFO image_tx_daemon: txdone_arrival: seq=157 idx=0 status=0 toa_us=99904

2026-09-14 08:51:58,529 INFO image_tx_daemon: frame seq=157 done (pipelined): 1 fragments ok

2026-09-14 08:51:59,525 INFO image_tx_daemon: txdone_arrival: seq=158 idx=0 status=0 toa_us=98624

2026-09-14 08:51:59,536 INFO image_tx_daemon: frame seq=158 done (pipelined): 1 fragments ok

2026-09-14 08:52:00,514 INFO image_tx_daemon: txdone_arrival: seq=159 idx=0 status=0 toa_us=99904

2026-09-14 08:52:00,526 INFO image_tx_daemon: frame seq=159 done (pipelined): 1 fragments ok

2026-09-14 08:52:01,499 INFO image_tx_daemon: txdone_arrival: seq=160 idx=0 status=0 toa_us=98624

2026-09-14 08:52:01,511 INFO image_tx_daemon: frame seq=160 done (pipelined): 1 fragments ok

2026-09-14 08:52:02,509 INFO image_tx_daemon: txdone_arrival: seq=161 idx=0 status=0 toa_us=99904

2026-09-14 08:52:02,521 INFO image_tx_daemon: frame seq=161 done (pipelined): 1 fragments ok

2026-09-14 08:52:03,515 INFO image_tx_daemon: txdone_arrival: seq=162 idx=0 status=0 toa_us=99904

2026-09-14 08:52:03,527 INFO image_tx_daemon: frame seq=162 done (pipelined): 1 fragments ok

2026-09-14 08:52:04,519 INFO image_tx_daemon: txdone_arrival: seq=163 idx=0 status=0 toa_us=99904

2026-09-14 08:52:04,531 INFO image_tx_daemon: frame seq=163 done (pipelined): 1 fragments ok

2026-09-14 08:52:04,599 INFO image_tx_daemon: stats: goodput=245.3 B/s util=10% pipeline=v3 frames_in=163 ok=163 fail=0 drop_full=0 drop_stale=0 frags_ok=163 frags_fail=0 qdepth=0 parity_tx=0

2026-09-14 08:52:05,590 INFO image_tx_daemon: txdone_arrival: seq=164 idx=0 status=0 toa_us=98624

2026-09-14 08:52:05,601 INFO image_tx_daemon: frame seq=164 done (pipelined): 1 fragments ok

2026-09-14 08:52:06,539 INFO image_tx_daemon: txdone_arrival: seq=165 idx=0 status=0 toa_us=99904

2026-09-14 08:52:06,551 INFO image_tx_daemon: frame seq=165 done (pipelined): 1 fragments ok

2026-09-14 08:52:07,503 INFO image_tx_daemon: txdone_arrival: seq=166 idx=0 status=0 toa_us=98624

2026-09-14 08:52:07,515 INFO image_tx_daemon: frame seq=166 done (pipelined): 1 fragments ok

2026-09-14 08:52:08,573 INFO image_tx_daemon: txdone_arrival: seq=167 idx=0 status=0 toa_us=99904

2026-09-14 08:52:08,585 INFO image_tx_daemon: frame seq=167 done (pipelined): 1 fragments ok

2026-09-14 08:52:09,503 INFO image_tx_daemon: txdone_arrival: seq=168 idx=0 status=0 toa_us=98624

2026-09-14 08:52:09,515 INFO image_tx_daemon: frame seq=168 done (pipelined): 1 fragments ok

2026-09-14 08:52:10,574 INFO image_tx_daemon: txdone_arrival: seq=169 idx=0 status=0 toa_us=98624

2026-09-14 08:52:10,586 INFO image_tx_daemon: frame seq=169 done (pipelined): 1 fragments ok

2026-09-14 08:52:11,542 INFO image_tx_daemon: txdone_arrival: seq=170 idx=0 status=0 toa_us=99904

2026-09-14 08:52:11,553 INFO image_tx_daemon: frame seq=170 done (pipelined): 1 fragments ok

2026-09-14 08:52:12,519 INFO image_tx_daemon: txdone_arrival: seq=171 idx=0 status=0 toa_us=98624

2026-09-14 08:52:12,531 INFO image_tx_daemon: frame seq=171 done (pipelined): 1 fragments ok

2026-09-14 08:52:13,522 INFO image_tx_daemon: txdone_arrival: seq=172 idx=0 status=0 toa_us=98624

2026-09-14 08:52:13,534 INFO image_tx_daemon: frame seq=172 done (pipelined): 1 fragments ok

2026-09-14 08:52:14,494 INFO image_tx_daemon: txdone_arrival: seq=173 idx=0 status=0 toa_us=99904

2026-09-14 08:52:14,506 INFO image_tx_daemon: frame seq=173 done (pipelined): 1 fragments ok

2026-09-14 08:52:14,612 INFO image_tx_daemon: stats: goodput=244.7 B/s util=10% pipeline=v3 frames_in=173 ok=173 fail=0 drop_full=0 drop_stale=0 frags_ok=173 frags_fail=0 qdepth=0 parity_tx=0

2026-09-14 08:52:15,565 INFO image_tx_daemon: txdone_arrival: seq=174 idx=0 status=0 toa_us=99904

2026-09-14 08:52:15,577 INFO image_tx_daemon: frame seq=174 done (pipelined): 1 fragments ok

2026-09-14 08:52:16,537 INFO image_tx_daemon: txdone_arrival: seq=175 idx=0 status=0 toa_us=98624

2026-09-14 08:52:16,548 INFO image_tx_daemon: frame seq=175 done (pipelined): 1 fragments ok

2026-09-14 08:52:17,537 INFO image_tx_daemon: txdone_arrival: seq=176 idx=0 status=0 toa_us=99904

2026-09-14 08:52:17,549 INFO image_tx_daemon: frame seq=176 done (pipelined): 1 fragments ok

2026-09-14 08:52:18,556 INFO image_tx_daemon: txdone_arrival: seq=177 idx=0 status=0 toa_us=99904

2026-09-14 08:52:18,568 INFO image_tx_daemon: frame seq=177 done (pipelined): 1 fragments ok

2026-09-14 08:52:19,496 INFO image_tx_daemon: txdone_arrival: seq=178 idx=0 status=0 toa_us=99904

2026-09-14 08:52:19,508 INFO image_tx_daemon: frame seq=178 done (pipelined): 1 fragments ok

2026-09-14 08:52:20,497 INFO image_tx_daemon: txdone_arrival: seq=179 idx=0 status=0 toa_us=98624

2026-09-14 08:52:20,509 INFO image_tx_daemon: frame seq=179 done (pipelined): 1 fragments ok

2026-09-14 08:52:21,568 INFO image_tx_daemon: txdone_arrival: seq=180 idx=0 status=0 toa_us=96064

2026-09-14 08:52:21,580 INFO image_tx_daemon: frame seq=180 done (pipelined): 1 fragments ok

2026-09-14 08:52:22,496 INFO image_tx_daemon: txdone_arrival: seq=181 idx=0 status=0 toa_us=97344

2026-09-14 08:52:22,508 INFO image_tx_daemon: frame seq=181 done (pipelined): 1 fragments ok

2026-09-14 08:52:23,510 INFO image_tx_daemon: txdone_arrival: seq=182 idx=0 status=0 toa_us=99904

2026-09-14 08:52:23,522 INFO image_tx_daemon: frame seq=182 done (pipelined): 1 fragments ok

2026-09-14 08:52:23,785 INFO image_tx_daemon: LoRa cmd: ENCODE_MODE 6

2026-09-14 08:52:24,086 INFO image_tx_daemon: txdone_arrival: seq=183 idx=0 status=0 toa_us=89664

2026-09-14 08:52:24,098 INFO image_tx_daemon: frame seq=183 done (pipelined): 1 fragments ok

RFCO_PERTX during TX wait: profile_id=2 tx_status=0x00(OK) hop_idx=0 channel_idx=0 epoch=0 freq_hz=0 pkt_toa_us=64064 legal_dwell_used_us_10s=0

2026-09-14 08:52:24,624 INFO image_tx_daemon: stats: goodput=241.7 B/s util=10% pipeline=v3 frames_in=183 ok=183 fail=0 drop_full=0 drop_stale=0 frags_ok=183 frags_fail=0 qdepth=0 parity_tx=0

2026-09-14 08:52:25,093 INFO image_tx_daemon: txdone_arrival: seq=184 idx=0 status=0 toa_us=98624

2026-09-14 08:52:25,105 INFO image_tx_daemon: frame seq=184 done (pipelined): 1 fragments ok

2026-09-14 08:52:26,152 INFO image_tx_daemon: txdone_arrival: seq=185 idx=0 status=0 toa_us=81984

2026-09-14 08:52:26,163 INFO image_tx_daemon: frame seq=185 done (pipelined): 1 fragments ok

2026-09-14 08:52:27,095 INFO image_tx_daemon: txdone_arrival: seq=186 idx=0 status=0 toa_us=87104

2026-09-14 08:52:27,107 INFO image_tx_daemon: frame seq=186 done (pipelined): 1 fragments ok

2026-09-14 08:52:28,165 INFO image_tx_daemon: txdone_arrival: seq=187 idx=0 status=0 toa_us=98624

2026-09-14 08:52:28,177 INFO image_tx_daemon: frame seq=187 done (pipelined): 1 fragments ok

2026-09-14 08:52:29,074 INFO image_tx_daemon: txdone_arrival: seq=188 idx=0 status=0 toa_us=62784

2026-09-14 08:52:29,086 INFO image_tx_daemon: frame seq=188 done (pipelined): 1 fragments ok

2026-09-14 08:52:30,144 INFO image_tx_daemon: txdone_arrival: seq=189 idx=0 status=0 toa_us=97344

2026-09-14 08:52:30,156 INFO image_tx_daemon: frame seq=189 done (pipelined): 1 fragments ok

2026-09-14 08:52:31,108 INFO image_tx_daemon: txdone_arrival: seq=190 idx=0 status=0 toa_us=96064

2026-09-14 08:52:31,120 INFO image_tx_daemon: frame seq=190 done (pipelined): 1 fragments ok

2026-09-14 08:52:32,179 INFO image_tx_daemon: txdone_arrival: seq=191 idx=0 status=0 toa_us=92224

2026-09-14 08:52:32,191 INFO image_tx_daemon: frame seq=191 done (pipelined): 1 fragments ok

2026-09-14 08:52:33,108 INFO image_tx_daemon: txdone_arrival: seq=192 idx=0 status=0 toa_us=94784

2026-09-14 08:52:33,120 INFO image_tx_daemon: frame seq=192 done (pipelined): 1 fragments ok

2026-09-14 08:52:34,113 INFO image_tx_daemon: txdone_arrival: seq=193 idx=0 status=0 toa_us=96064

2026-09-14 08:52:34,125 INFO image_tx_daemon: frame seq=193 done (pipelined): 1 fragments ok

2026-09-14 08:52:34,636 INFO image_tx_daemon: stats: goodput=221.3 B/s util=9% pipeline=v3 frames_in=193 ok=193 fail=0 drop_full=0 drop_stale=0 frags_ok=193 frags_fail=0 qdepth=0 parity_tx=0

2026-09-14 08:52:35,096 INFO image_tx_daemon: txdone_arrival: seq=194 idx=0 status=0 toa_us=97344

2026-09-14 08:52:35,108 INFO image_tx_daemon: frame seq=194 done (pipelined): 1 fragments ok

2026-09-14 08:52:36,155 INFO image_tx_daemon: txdone_arrival: seq=195 idx=0 status=0 toa_us=87104

2026-09-14 08:52:36,167 INFO image_tx_daemon: frame seq=195 done (pipelined): 1 fragments ok

2026-09-14 08:52:37,098 INFO image_tx_daemon: txdone_arrival: seq=196 idx=0 status=0 toa_us=83264

2026-09-14 08:52:37,110 INFO image_tx_daemon: frame seq=196 done (pipelined): 1 fragments ok

2026-09-14 08:52:38,168 INFO image_tx_daemon: txdone_arrival: seq=197 idx=0 status=0 toa_us=94784

2026-09-14 08:52:38,179 INFO image_tx_daemon: frame seq=197 done (pipelined): 1 fragments ok

2026-09-14 08:52:39,091 INFO image_tx_daemon: txdone_arrival: seq=198 idx=0 status=0 toa_us=79424

2026-09-14 08:52:39,102 INFO image_tx_daemon: frame seq=198 done (pipelined): 1 fragments ok

2026-09-14 08:52:40,171 INFO image_tx_daemon: txdone_arrival: seq=199 idx=0 status=0 toa_us=99904

2026-09-14 08:52:40,183 INFO image_tx_daemon: frame seq=199 done (pipelined): 1 fragments ok

2026-09-14 08:52:41,115 INFO image_tx_daemon: txdone_arrival: seq=200 idx=0 status=0 toa_us=97344

2026-09-14 08:52:41,126 INFO image_tx_daemon: frame seq=200 done (pipelined): 1 fragments ok

2026-09-14 08:52:42,117 INFO image_tx_daemon: txdone_arrival: seq=201 idx=0 status=0 toa_us=94784

2026-09-14 08:52:42,129 INFO image_tx_daemon: frame seq=201 done (pipelined): 1 fragments ok

2026-09-14 08:52:43,102 INFO image_tx_daemon: txdone_arrival: seq=202 idx=0 status=0 toa_us=89664

2026-09-14 08:52:43,113 INFO image_tx_daemon: frame seq=202 done (pipelined): 1 fragments ok

2026-09-14 08:52:44,161 INFO image_tx_daemon: txdone_arrival: seq=203 idx=0 status=0 toa_us=81984

2026-09-14 08:52:44,172 INFO image_tx_daemon: frame seq=203 done (pipelined): 1 fragments ok

2026-09-14 08:52:44,648 INFO image_tx_daemon: stats: goodput=221.1 B/s util=9% pipeline=v3 frames_in=203 ok=203 fail=0 drop_full=0 drop_stale=0 frags_ok=203 frags_fail=0 qdepth=0 parity_tx=0

2026-09-14 08:52:45,072 INFO image_tx_daemon: txdone_arrival: seq=204 idx=0 status=0 toa_us=65344

2026-09-14 08:52:45,084 INFO image_tx_daemon: frame seq=204 done (pipelined): 1 fragments ok

2026-09-14 08:52:46,110 INFO image_tx_daemon: txdone_arrival: seq=205 idx=0 status=0 toa_us=62784

2026-09-14 08:52:46,122 INFO image_tx_daemon: frame seq=205 done (pipelined): 1 fragments ok

2026-09-14 08:52:47,080 INFO image_tx_daemon: txdone_arrival: seq=206 idx=0 status=0 toa_us=65344

2026-09-14 08:52:47,092 INFO image_tx_daemon: frame seq=206 done (pipelined): 1 fragments ok

2026-09-14 08:52:48,118 INFO image_tx_daemon: txdone_arrival: seq=207 idx=0 status=0 toa_us=65344

2026-09-14 08:52:48,130 INFO image_tx_daemon: frame seq=207 done (pipelined): 1 fragments ok

2026-09-14 08:52:49,088 INFO image_tx_daemon: txdone_arrival: seq=208 idx=0 status=0 toa_us=65344

2026-09-14 08:52:49,099 INFO image_tx_daemon: frame seq=208 done (pipelined): 1 fragments ok

2026-09-14 08:52:50,115 INFO image_tx_daemon: txdone_arrival: seq=209 idx=0 status=0 toa_us=61504

2026-09-14 08:52:50,127 INFO image_tx_daemon: frame seq=209 done (pipelined): 1 fragments ok

2026-09-14 08:52:51,101 INFO image_tx_daemon: txdone_arrival: seq=210 idx=0 status=0 toa_us=80704

2026-09-14 08:52:51,113 INFO image_tx_daemon: frame seq=210 done (pipelined): 1 fragments ok

2026-09-14 08:52:52,171 INFO image_tx_daemon: txdone_arrival: seq=211 idx=0 status=0 toa_us=96064

2026-09-14 08:52:52,184 INFO image_tx_daemon: frame seq=211 done (pipelined): 1 fragments ok

2026-09-14 08:52:53,124 INFO image_tx_daemon: txdone_arrival: seq=212 idx=0 status=0 toa_us=99904

2026-09-14 08:52:53,136 INFO image_tx_daemon: frame seq=212 done (pipelined): 1 fragments ok

2026-09-14 08:52:54,120 INFO image_tx_daemon: txdone_arrival: seq=213 idx=0 status=0 toa_us=98624

2026-09-14 08:52:54,131 INFO image_tx_daemon: frame seq=213 done (pipelined): 1 fragments ok

2026-09-14 08:52:54,660 INFO image_tx_daemon: stats: goodput=181.8 B/s util=8% pipeline=v3 frames_in=213 ok=213 fail=0 drop_full=0 drop_stale=0 frags_ok=213 frags_fail=0 qdepth=0 parity_tx=0

2026-09-14 08:52:55,113 INFO image_tx_daemon: txdone_arrival: seq=214 idx=0 status=0 toa_us=93504

2026-09-14 08:52:55,124 INFO image_tx_daemon: frame seq=214 done (pipelined): 1 fragments ok

2026-09-14 08:52:56,084 INFO image_tx_daemon: txdone_arrival: seq=215 idx=0 status=0 toa_us=64064

2026-09-14 08:52:56,096 INFO image_tx_daemon: frame seq=215 done (pipelined): 1 fragments ok

2026-09-14 08:52:57,143 INFO image_tx_daemon: txdone_arrival: seq=216 idx=0 status=0 toa_us=81984

2026-09-14 08:52:57,155 INFO image_tx_daemon: frame seq=216 done (pipelined): 1 fragments ok

2026-09-14 08:52:58,120 INFO image_tx_daemon: txdone_arrival: seq=217 idx=0 status=0 toa_us=96064

2026-09-14 08:52:58,131 INFO image_tx_daemon: frame seq=217 done (pipelined): 1 fragments ok

2026-09-14 08:52:59,125 INFO image_tx_daemon: txdone_arrival: seq=218 idx=0 status=0 toa_us=97344

2026-09-14 08:52:59,137 INFO image_tx_daemon: frame seq=218 done (pipelined): 1 fragments ok

2026-09-14 08:53:00,109 INFO image_tx_daemon: txdone_arrival: seq=219 idx=0 status=0 toa_us=89664

2026-09-14 08:53:00,121 INFO image_tx_daemon: frame seq=219 done (pipelined): 1 fragments ok

2026-09-14 08:53:01,179 INFO image_tx_daemon: txdone_arrival: seq=220 idx=0 status=0 toa_us=94784

2026-09-14 08:53:01,191 INFO image_tx_daemon: frame seq=220 done (pipelined): 1 fragments ok

2026-09-14 08:53:02,092 INFO image_tx_daemon: txdone_arrival: seq=221 idx=0 status=0 toa_us=65344

2026-09-14 08:53:02,104 INFO image_tx_daemon: frame seq=221 done (pipelined): 1 fragments ok

2026-09-14 08:53:03,142 INFO image_tx_daemon: txdone_arrival: seq=222 idx=0 status=0 toa_us=78144

2026-09-14 08:53:03,154 INFO image_tx_daemon: frame seq=222 done (pipelined): 1 fragments ok

2026-09-14 08:53:04,123 INFO image_tx_daemon: txdone_arrival: seq=223 idx=0 status=0 toa_us=90944

2026-09-14 08:53:04,135 INFO image_tx_daemon: frame seq=223 done (pipelined): 1 fragments ok

2026-09-14 08:53:04,671 INFO image_tx_daemon: stats: goodput=207.2 B/s util=9% pipeline=v3 frames_in=223 ok=223 fail=0 drop_full=0 drop_stale=0 frags_ok=223 frags_fail=0 qdepth=0 parity_tx=0

2026-09-14 08:53:05,082 INFO image_tx_daemon: txdone_arrival: seq=224 idx=0 status=0 toa_us=58944

2026-09-14 08:53:05,093 INFO image_tx_daemon: frame seq=224 done (pipelined): 1 fragments ok

2026-09-14 08:53:06,109 INFO image_tx_daemon: txdone_arrival: seq=225 idx=0 status=0 toa_us=58944

2026-09-14 08:53:06,121 INFO image_tx_daemon: frame seq=225 done (pipelined): 1 fragments ok

2026-09-14 08:53:07,146 INFO image_tx_daemon: txdone_arrival: seq=226 idx=0 status=0 toa_us=65344

2026-09-14 08:53:07,158 INFO image_tx_daemon: frame seq=226 done (pipelined): 1 fragments ok

2026-09-14 08:53:08,093 INFO image_tx_daemon: txdone_arrival: seq=227 idx=0 status=0 toa_us=65344

2026-09-14 08:53:08,105 INFO image_tx_daemon: frame seq=227 done (pipelined): 1 fragments ok

2026-09-14 08:53:09,131 INFO image_tx_daemon: txdone_arrival: seq=228 idx=0 status=0 toa_us=65344

2026-09-14 08:53:09,142 INFO image_tx_daemon: frame seq=228 done (pipelined): 1 fragments ok

2026-09-14 08:53:10,145 INFO image_tx_daemon: txdone_arrival: seq=229 idx=0 status=0 toa_us=99904

2026-09-14 08:53:10,157 INFO image_tx_daemon: frame seq=229 done (pipelined): 1 fragments ok

2026-09-14 08:53:11,095 INFO image_tx_daemon: txdone_arrival: seq=230 idx=0 status=0 toa_us=64064

2026-09-14 08:53:11,107 INFO image_tx_daemon: frame seq=230 done (pipelined): 1 fragments ok

2026-09-14 08:53:12,144 INFO image_tx_daemon: txdone_arrival: seq=231 idx=0 status=0 toa_us=78144

2026-09-14 08:53:12,156 INFO image_tx_daemon: frame seq=231 done (pipelined): 1 fragments ok

2026-09-14 08:53:13,115 INFO image_tx_daemon: txdone_arrival: seq=232 idx=0 status=0 toa_us=88384

2026-09-14 08:53:13,126 INFO image_tx_daemon: frame seq=232 done (pipelined): 1 fragments ok

2026-09-14 08:53:14,185 INFO image_tx_daemon: txdone_arrival: seq=233 idx=0 status=0 toa_us=99904

2026-09-14 08:53:14,197 INFO image_tx_daemon: frame seq=233 done (pipelined): 1 fragments ok

2026-09-14 08:53:14,682 INFO image_tx_daemon: stats: goodput=177.4 B/s util=7% pipeline=v3 frames_in=233 ok=233 fail=0 drop_full=0 drop_stale=0 frags_ok=233 frags_fail=0 qdepth=0 parity_tx=0

2026-09-14 08:53:15,116 INFO image_tx_daemon: txdone_arrival: seq=234 idx=0 status=0 toa_us=81984

2026-09-14 08:53:15,128 INFO image_tx_daemon: frame seq=234 done (pipelined): 1 fragments ok

2026-09-14 08:53:16,176 INFO image_tx_daemon: txdone_arrival: seq=235 idx=0 status=0 toa_us=85824

2026-09-14 08:53:16,188 INFO image_tx_daemon: frame seq=235 done (pipelined): 1 fragments ok

2026-09-14 08:53:17,086 INFO image_tx_daemon: txdone_arrival: seq=236 idx=0 status=0 toa_us=65344

2026-09-14 08:53:17,098 INFO image_tx_daemon: frame seq=236 done (pipelined): 1 fragments ok

2026-09-14 08:53:18,124 INFO image_tx_daemon: txdone_arrival: seq=237 idx=0 status=0 toa_us=65344

2026-09-14 08:53:18,136 INFO image_tx_daemon: frame seq=237 done (pipelined): 1 fragments ok

2026-09-14 08:53:19,098 INFO image_tx_daemon: txdone_arrival: seq=238 idx=0 status=0 toa_us=65344

2026-09-14 08:53:19,110 INFO image_tx_daemon: frame seq=238 done (pipelined): 1 fragments ok

2026-09-14 08:53:20,169 INFO image_tx_daemon: txdone_arrival: seq=239 idx=0 status=0 toa_us=94784

2026-09-14 08:53:20,181 INFO image_tx_daemon: frame seq=239 done (pipelined): 1 fragments ok

2026-09-14 08:53:21,124 INFO image_tx_daemon: txdone_arrival: seq=240 idx=0 status=0 toa_us=83264

2026-09-14 08:53:21,136 INFO image_tx_daemon: frame seq=240 done (pipelined): 1 fragments ok

2026-09-14 08:53:22,196 INFO image_tx_daemon: txdone_arrival: seq=241 idx=0 status=0 toa_us=93504

2026-09-14 08:53:22,207 INFO image_tx_daemon: frame seq=241 done (pipelined): 1 fragments ok

2026-09-14 08:53:23,100 INFO image_tx_daemon: txdone_arrival: seq=242 idx=0 status=0 toa_us=92224

2026-09-14 08:53:23,112 INFO image_tx_daemon: frame seq=242 done (pipelined): 1 fragments ok

2026-09-14 08:53:24,079 INFO image_tx_daemon: txdone_arrival: seq=243 idx=0 status=0 toa_us=80704

2026-09-14 08:53:24,091 INFO image_tx_daemon: frame seq=243 done (pipelined): 1 fragments ok

2026-09-14 08:53:24,694 INFO image_tx_daemon: stats: goodput=195.1 B/s util=8% pipeline=v3 frames_in=243 ok=243 fail=0 drop_full=0 drop_stale=0 frags_ok=243 frags_fail=0 qdepth=0 parity_tx=0

2026-09-14 08:53:25,149 INFO image_tx_daemon: txdone_arrival: seq=244 idx=0 status=0 toa_us=94784

2026-09-14 08:53:25,161 INFO image_tx_daemon: frame seq=244 done (pipelined): 1 fragments ok

2026-09-14 08:53:26,103 INFO image_tx_daemon: txdone_arrival: seq=245 idx=0 status=0 toa_us=97344

2026-09-14 08:53:26,115 INFO image_tx_daemon: frame seq=245 done (pipelined): 1 fragments ok

2026-09-14 08:53:27,106 INFO image_tx_daemon: txdone_arrival: seq=246 idx=0 status=0 toa_us=98624

2026-09-14 08:53:27,117 INFO image_tx_daemon: frame seq=246 done (pipelined): 1 fragments ok

2026-09-14 08:53:28,094 INFO image_tx_daemon: txdone_arrival: seq=247 idx=0 status=0 toa_us=97344

2026-09-14 08:53:28,106 INFO image_tx_daemon: frame seq=247 done (pipelined): 1 fragments ok

2026-09-14 08:53:29,092 INFO image_tx_daemon: txdone_arrival: seq=248 idx=0 status=0 toa_us=89664

2026-09-14 08:53:29,103 INFO image_tx_daemon: frame seq=248 done (pipelined): 1 fragments ok

2026-09-14 08:53:30,162 INFO image_tx_daemon: txdone_arrival: seq=249 idx=0 status=0 toa_us=97344

2026-09-14 08:53:30,174 INFO image_tx_daemon: frame seq=249 done (pipelined): 1 fragments ok

2026-09-14 08:53:31,108 INFO image_tx_daemon: txdone_arrival: seq=250 idx=0 status=0 toa_us=93504

2026-09-14 08:53:31,120 INFO image_tx_daemon: frame seq=250 done (pipelined): 1 fragments ok

2026-09-14 08:53:32,085 INFO image_tx_daemon: txdone_arrival: seq=251 idx=0 status=0 toa_us=78144

2026-09-14 08:53:32,097 INFO image_tx_daemon: frame seq=251 done (pipelined): 1 fragments ok

2026-09-14 08:53:33,155 INFO image_tx_daemon: txdone_arrival: seq=252 idx=0 status=0 toa_us=97344

2026-09-14 08:53:33,166 INFO image_tx_daemon: frame seq=252 done (pipelined): 1 fragments ok

2026-09-14 08:53:34,101 INFO image_tx_daemon: txdone_arrival: seq=253 idx=0 status=0 toa_us=98624

2026-09-14 08:53:34,112 INFO image_tx_daemon: frame seq=253 done (pipelined): 1 fragments ok

2026-09-14 08:53:34,706 INFO image_tx_daemon: stats: goodput=231.7 B/s util=9% pipeline=v3 frames_in=253 ok=253 fail=0 drop_full=0 drop_stale=0 frags_ok=253 frags_fail=0 qdepth=0 parity_tx=0

2026-09-14 08:53:35,096 INFO image_tx_daemon: txdone_arrival: seq=254 idx=0 status=0 toa_us=87104

2026-09-14 08:53:35,108 INFO image_tx_daemon: frame seq=254 done (pipelined): 1 fragments ok

2026-09-14 08:53:36,155 INFO image_tx_daemon: txdone_arrival: seq=255 idx=0 status=0 toa_us=87104

2026-09-14 08:53:36,166 INFO image_tx_daemon: frame seq=255 done (pipelined): 1 fragments ok

2026-09-14 08:53:37,108 INFO image_tx_daemon: txdone_arrival: seq=0 idx=0 status=0 toa_us=81984

2026-09-14 08:53:37,120 INFO image_tx_daemon: frame seq=0 done (pipelined): 1 fragments ok

2026-09-14 08:53:38,089 INFO image_tx_daemon: txdone_arrival: seq=1 idx=0 status=0 toa_us=81984

2026-09-14 08:53:38,102 INFO image_tx_daemon: frame seq=1 done (pipelined): 1 fragments ok

2026-09-14 08:53:39,160 INFO image_tx_daemon: txdone_arrival: seq=2 idx=0 status=0 toa_us=96064

2026-09-14 08:53:39,171 INFO image_tx_daemon: frame seq=2 done (pipelined): 1 fragments ok

2026-09-14 08:53:40,081 INFO image_tx_daemon: txdone_arrival: seq=3 idx=0 status=0 toa_us=65344

2026-09-14 08:53:40,093 INFO image_tx_daemon: frame seq=3 done (pipelined): 1 fragments ok

2026-09-14 08:53:41,119 INFO image_tx_daemon: txdone_arrival: seq=4 idx=0 status=0 toa_us=65344

2026-09-14 08:53:41,130 INFO image_tx_daemon: frame seq=4 done (pipelined): 1 fragments ok

2026-09-14 08:53:42,114 INFO image_tx_daemon: txdone_arrival: seq=5 idx=0 status=0 toa_us=99904

2026-09-14 08:53:42,126 INFO image_tx_daemon: frame seq=5 done (pipelined): 1 fragments ok

2026-09-14 08:53:43,107 INFO image_tx_daemon: txdone_arrival: seq=6 idx=0 status=0 toa_us=97344

2026-09-14 08:53:43,119 INFO image_tx_daemon: frame seq=6 done (pipelined): 1 fragments ok

2026-09-14 08:53:44,110 INFO image_tx_daemon: txdone_arrival: seq=7 idx=0 status=0 toa_us=96064

2026-09-14 08:53:44,122 INFO image_tx_daemon: frame seq=7 done (pipelined): 1 fragments ok

2026-09-14 08:53:44,717 INFO image_tx_daemon: stats: goodput=208.5 B/s util=9% pipeline=v3 frames_in=263 ok=263 fail=0 drop_full=0 drop_stale=0 frags_ok=263 frags_fail=0 qdepth=0 parity_tx=0

2026-09-14 08:53:45,105 INFO image_tx_daemon: txdone_arrival: seq=8 idx=0 status=0 toa_us=81984

2026-09-14 08:53:45,117 INFO image_tx_daemon: frame seq=8 done (pipelined): 1 fragments ok

2026-09-14 08:53:46,065 INFO image_tx_daemon: txdone_arrival: seq=9 idx=0 status=0 toa_us=62784

2026-09-14 08:53:46,077 INFO image_tx_daemon: frame seq=9 done (pipelined): 1 fragments ok

2026-09-14 08:53:47,104 INFO image_tx_daemon: txdone_arrival: seq=10 idx=0 status=0 toa_us=65344

2026-09-14 08:53:47,116 INFO image_tx_daemon: frame seq=10 done (pipelined): 1 fragments ok

2026-09-14 08:53:48,104 INFO image_tx_daemon: txdone_arrival: seq=11 idx=0 status=0 toa_us=97344

2026-09-14 08:53:48,116 INFO image_tx_daemon: frame seq=11 done (pipelined): 1 fragments ok

2026-09-14 08:53:49,181 INFO image_tx_daemon: txdone_arrival: seq=12 idx=0 status=0 toa_us=98624

2026-09-14 08:53:49,193 INFO image_tx_daemon: frame seq=12 done (pipelined): 1 fragments ok

2026-09-14 08:53:50,121 INFO image_tx_daemon: txdone_arrival: seq=13 idx=0 status=0 toa_us=97344

2026-09-14 08:53:50,133 INFO image_tx_daemon: frame seq=13 done (pipelined): 1 fragments ok

2026-09-14 08:53:51,108 INFO image_tx_daemon: txdone_arrival: seq=14 idx=0 status=0 toa_us=89664

2026-09-14 08:53:51,120 INFO image_tx_daemon: frame seq=14 done (pipelined): 1 fragments ok

2026-09-14 08:53:52,157 INFO image_tx_daemon: txdone_arrival: seq=15 idx=0 status=0 toa_us=80704

2026-09-14 08:53:52,169 INFO image_tx_daemon: frame seq=15 done (pipelined): 1 fragments ok

2026-09-14 08:53:53,116 INFO image_tx_daemon: txdone_arrival: seq=16 idx=0 status=0 toa_us=93504

2026-09-14 08:53:53,128 INFO image_tx_daemon: frame seq=16 done (pipelined): 1 fragments ok

2026-09-14 08:53:54,083 INFO image_tx_daemon: txdone_arrival: seq=17 idx=0 status=0 toa_us=65344

2026-09-14 08:53:54,094 INFO image_tx_daemon: frame seq=17 done (pipelined): 1 fragments ok

2026-09-14 08:53:54,729 INFO image_tx_daemon: stats: goodput=201.6 B/s util=8% pipeline=v3 frames_in=273 ok=273 fail=0 drop_full=0 drop_stale=0 frags_ok=273 frags_fail=0 qdepth=0 parity_tx=0

2026-09-14 08:53:55,120 INFO image_tx_daemon: txdone_arrival: seq=18 idx=0 status=0 toa_us=65344

2026-09-14 08:53:55,132 INFO image_tx_daemon: frame seq=18 done (pipelined): 1 fragments ok

2026-09-14 08:53:56,132 INFO image_tx_daemon: txdone_arrival: seq=19 idx=0 status=0 toa_us=99904

2026-09-14 08:53:56,144 INFO image_tx_daemon: frame seq=19 done (pipelined): 1 fragments ok

2026-09-14 08:53:57,083 INFO image_tx_daemon: txdone_arrival: seq=20 idx=0 status=0 toa_us=65344

2026-09-14 08:53:57,095 INFO image_tx_daemon: frame seq=20 done (pipelined): 1 fragments ok

2026-09-14 08:53:58,153 INFO image_tx_daemon: txdone_arrival: seq=21 idx=0 status=0 toa_us=96064

2026-09-14 08:53:58,165 INFO image_tx_daemon: frame seq=21 done (pipelined): 1 fragments ok

2026-09-14 08:53:59,102 INFO image_tx_daemon: txdone_arrival: seq=22 idx=0 status=0 toa_us=80704

2026-09-14 08:53:59,114 INFO image_tx_daemon: frame seq=22 done (pipelined): 1 fragments ok

2026-09-14 08:54:00,162 INFO image_tx_daemon: txdone_arrival: seq=23 idx=0 status=0 toa_us=89664

2026-09-14 08:54:00,173 INFO image_tx_daemon: frame seq=23 done (pipelined): 1 fragments ok

2026-09-14 08:54:01,125 INFO image_tx_daemon: txdone_arrival: seq=24 idx=0 status=0 toa_us=98624

2026-09-14 08:54:01,137 INFO image_tx_daemon: frame seq=24 done (pipelined): 1 fragments ok

2026-09-14 08:54:02,104 INFO image_tx_daemon: txdone_arrival: seq=25 idx=0 status=0 toa_us=79424

2026-09-14 08:54:02,115 INFO image_tx_daemon: frame seq=25 done (pipelined): 1 fragments ok

2026-09-14 08:54:03,162 INFO image_tx_daemon: txdone_arrival: seq=26 idx=0 status=0 toa_us=87104

2026-09-14 08:54:03,174 INFO image_tx_daemon: frame seq=26 done (pipelined): 1 fragments ok

2026-09-14 08:54:04,081 INFO image_tx_daemon: txdone_arrival: seq=27 idx=0 status=0 toa_us=57664

2026-09-14 08:54:04,093 INFO image_tx_daemon: frame seq=27 done (pipelined): 1 fragments ok

2026-09-14 08:54:04,740 INFO image_tx_daemon: stats: goodput=198.7 B/s util=8% pipeline=v3 frames_in=283 ok=283 fail=0 drop_full=0 drop_stale=0 frags_ok=283 frags_fail=0 qdepth=0 parity_tx=0

2026-09-14 08:54:05,109 INFO image_tx_daemon: txdone_arrival: seq=28 idx=0 status=0 toa_us=60224

2026-09-14 08:54:05,121 INFO image_tx_daemon: frame seq=28 done (pipelined): 1 fragments ok

2026-09-14 08:54:06,147 INFO image_tx_daemon: txdone_arrival: seq=29 idx=0 status=0 toa_us=65344

2026-09-14 08:54:06,158 INFO image_tx_daemon: frame seq=29 done (pipelined): 1 fragments ok

2026-09-14 08:54:07,122 INFO image_tx_daemon: txdone_arrival: seq=30 idx=0 status=0 toa_us=98624

2026-09-14 08:54:07,133 INFO image_tx_daemon: frame seq=30 done (pipelined): 1 fragments ok

2026-09-14 08:54:08,102 INFO image_tx_daemon: txdone_arrival: seq=31 idx=0 status=0 toa_us=81984

2026-09-14 08:54:08,114 INFO image_tx_daemon: frame seq=31 done (pipelined): 1 fragments ok

2026-09-14 08:54:09,143 INFO image_tx_daemon: txdone_arrival: seq=32 idx=0 status=0 toa_us=65344

2026-09-14 08:54:09,155 INFO image_tx_daemon: frame seq=32 done (pipelined): 1 fragments ok

2026-09-14 08:54:10,091 INFO image_tx_daemon: txdone_arrival: seq=33 idx=0 status=0 toa_us=65344

2026-09-14 08:54:10,103 INFO image_tx_daemon: frame seq=33 done (pipelined): 1 fragments ok

2026-09-14 08:54:11,128 INFO image_tx_daemon: txdone_arrival: seq=34 idx=0 status=0 toa_us=65344

2026-09-14 08:54:11,140 INFO image_tx_daemon: frame seq=34 done (pipelined): 1 fragments ok

2026-09-14 08:54:12,123 INFO image_tx_daemon: txdone_arrival: seq=35 idx=0 status=0 toa_us=99904

2026-09-14 08:54:12,134 INFO image_tx_daemon: frame seq=35 done (pipelined): 1 fragments ok

2026-09-14 08:54:13,128 INFO image_tx_daemon: txdone_arrival: seq=36 idx=0 status=0 toa_us=94784

2026-09-14 08:54:13,140 INFO image_tx_daemon: frame seq=36 done (pipelined): 1 fragments ok

2026-09-14 08:54:14,129 INFO image_tx_daemon: txdone_arrival: seq=37 idx=0 status=0 toa_us=92224

2026-09-14 08:54:14,141 INFO image_tx_daemon: frame seq=37 done (pipelined): 1 fragments ok

2026-09-14 08:54:14,752 INFO image_tx_daemon: stats: goodput=189.2 B/s util=8% pipeline=v3 frames_in=293 ok=293 fail=0 drop_full=0 drop_stale=0 frags_ok=293 frags_fail=0 qdepth=0 parity_tx=0

2026-09-14 08:54:15,117 INFO image_tx_daemon: txdone_arrival: seq=38 idx=0 status=0 toa_us=81984

2026-09-14 08:54:15,129 INFO image_tx_daemon: frame seq=38 done (pipelined): 1 fragments ok

2026-09-14 08:54:16,186 INFO image_tx_daemon: txdone_arrival: seq=39 idx=0 status=0 toa_us=93504

2026-09-14 08:54:16,198 INFO image_tx_daemon: frame seq=39 done (pipelined): 1 fragments ok

2026-09-14 08:54:17,131 INFO image_tx_daemon: txdone_arrival: seq=40 idx=0 status=0 toa_us=97344

2026-09-14 08:54:17,142 INFO image_tx_daemon: frame seq=40 done (pipelined): 1 fragments ok

2026-09-14 08:54:18,126 INFO image_tx_daemon: txdone_arrival: seq=41 idx=0 status=0 toa_us=97344

2026-09-14 08:54:18,138 INFO image_tx_daemon: frame seq=41 done (pipelined): 1 fragments ok

2026-09-14 08:54:19,125 INFO image_tx_daemon: txdone_arrival: seq=42 idx=0 status=0 toa_us=99904

2026-09-14 08:54:19,137 INFO image_tx_daemon: frame seq=42 done (pipelined): 1 fragments ok

2026-09-14 08:54:20,121 INFO image_tx_daemon: txdone_arrival: seq=43 idx=0 status=0 toa_us=89664

2026-09-14 08:54:20,133 INFO image_tx_daemon: frame seq=43 done (pipelined): 1 fragments ok

2026-09-14 08:54:21,114 INFO image_tx_daemon: txdone_arrival: seq=44 idx=0 status=0 toa_us=85824

2026-09-14 08:54:21,126 INFO image_tx_daemon: frame seq=44 done (pipelined): 1 fragments ok

2026-09-14 08:54:22,184 INFO image_tx_daemon: txdone_arrival: seq=45 idx=0 status=0 toa_us=98624

2026-09-14 08:54:22,195 INFO image_tx_daemon: frame seq=45 done (pipelined): 1 fragments ok

2026-09-14 08:54:23,122 INFO image_tx_daemon: txdone_arrival: seq=46 idx=0 status=0 toa_us=88384

2026-09-14 08:54:23,133 INFO image_tx_daemon: frame seq=46 done (pipelined): 1 fragments ok

2026-09-14 08:54:24,127 INFO image_tx_daemon: txdone_arrival: seq=47 idx=0 status=0 toa_us=98624

2026-09-14 08:54:24,139 INFO image_tx_daemon: frame seq=47 done (pipelined): 1 fragments ok

2026-09-14 08:54:24,763 INFO image_tx_daemon: stats: goodput=228.8 B/s util=9% pipeline=v3 frames_in=303 ok=303 fail=0 drop_full=0 drop_stale=0 frags_ok=303 frags_fail=0 qdepth=0 parity_tx=0

2026-09-14 08:54:25,131 INFO image_tx_daemon: txdone_arrival: seq=48 idx=0 status=0 toa_us=98624

2026-09-14 08:54:25,143 INFO image_tx_daemon: frame seq=48 done (pipelined): 1 fragments ok

2026-09-14 08:54:26,075 INFO image_tx_daemon: txdone_arrival: seq=49 idx=0 status=0 toa_us=79424

2026-09-14 08:54:26,087 INFO image_tx_daemon: frame seq=49 done (pipelined): 1 fragments ok

