2026-07-25 03:01:50,594 INFO image_rx_daemon: opening L072 HostLink on /dev/ttymxc3 @ 921600

2026-07-25 03:01:50,597 INFO image_rx_daemon: image_rx_daemon started; mqtt=127.0.0.1:1883 uart=/dev/ttymxc3

2026-07-25 03:01:50,601 INFO image_rx_daemon: MQTT connected; ready to publish lifetrac/v25/video/tile_delta

2026-07-25 03:01:50,607 INFO image_rx_daemon: LIFETRAC_SKIP_RESET_REQ=1 ΓÇö relying on external NRST; draining boot chatter only

2026-07-25 03:01:51,051 INFO image_rx_daemon: L072 VER warm-up ok (attempt 1)

INFO: post-VER drain queued type=0xF1 seq=0

INFO: post-VER drain queued type=0xC1 seq=0

INFO: post-VER drain queued type=0xF1 seq=0

INFO: post-VER drain queued type=0xC1 seq=0

Initializing regulatory profile 1 on co-processor...

  FHSS mask: WIDE (50 channels) [LIFETRAC_FHSS_WIDE_MASK=1]

CFG_SET_REQ(FHSS_CHANNEL_MASK) OK: 07000800

CFG_SET_REQ(ANTENNA_GAIN_DBI) OK: 15000100

CFG_SET_REQ(HW_CEILING_DBM) OK: 16000100

CFG_SET_REQ(REG_PROFILE=1) OK: 14000100

PHY contract OK: image_bw250 == {'sf': 7, 'bw_khz': 250, 'cr_den': 5, 'preamble': 8}

2026-07-25 03:01:51,434 INFO image_rx_daemon: SX1276 already in RXCONT (opmode=0x85)

2026-07-25 03:01:51,435 INFO image_rx_daemon: RX worker ready; draining RX_FRAME_URC...

2026-07-25 03:01:51,597 INFO image_rx_daemon: stats: rx_frames=0 rx_decode_err=0 frames_published=0 publish_err=0 reassembler_decode_err=0 reassembler_timeouts=0

2026-07-25 03:02:01,603 INFO image_rx_daemon: stats: rx_frames=0 rx_decode_err=0 frames_published=0 publish_err=0 reassembler_decode_err=0 reassembler_timeouts=0

2026-07-25 03:02:02,171 INFO image_rx_daemon: published frame_id=0 131 B ΓåÆ lifetrac/v25/video/tile_delta

2026-07-25 03:02:02,357 INFO image_rx_daemon: published frame_id=0 131 B ΓåÆ lifetrac/v25/video/tile_delta

2026-07-25 03:02:02,559 INFO image_rx_daemon: published frame_id=0 131 B ΓåÆ lifetrac/v25/video/tile_delta

2026-07-25 03:02:02,756 INFO image_rx_daemon: published frame_id=0 131 B ΓåÆ lifetrac/v25/video/tile_delta

2026-07-25 03:02:02,953 INFO image_rx_daemon: published frame_id=0 129 B ΓåÆ lifetrac/v25/video/tile_delta

2026-07-25 03:02:03,157 INFO image_rx_daemon: published frame_id=0 129 B ΓåÆ lifetrac/v25/video/tile_delta

2026-07-25 03:02:03,353 INFO image_rx_daemon: published frame_id=0 127 B ΓåÆ lifetrac/v25/video/tile_delta

2026-07-25 03:02:03,555 INFO image_rx_daemon: published frame_id=0 127 B ΓåÆ lifetrac/v25/video/tile_delta

2026-07-25 03:02:03,751 INFO image_rx_daemon: published frame_id=0 127 B ΓåÆ lifetrac/v25/video/tile_delta

2026-07-25 03:02:03,955 INFO image_rx_daemon: published frame_id=0 127 B ΓåÆ lifetrac/v25/video/tile_delta

2026-07-25 03:02:04,152 INFO image_rx_daemon: published frame_id=0 127 B ΓåÆ lifetrac/v25/video/tile_delta

2026-07-25 03:02:04,352 INFO image_rx_daemon: published frame_id=0 127 B ΓåÆ lifetrac/v25/video/tile_delta

2026-07-25 03:02:04,555 INFO image_rx_daemon: published frame_id=0 129 B ΓåÆ lifetrac/v25/video/tile_delta

2026-07-25 03:02:04,752 INFO image_rx_daemon: published frame_id=0 127 B ΓåÆ lifetrac/v25/video/tile_delta

2026-07-25 03:02:04,936 INFO image_rx_daemon: published frame_id=0 115 B ΓåÆ lifetrac/v25/video/tile_delta

2026-07-25 03:02:05,154 INFO image_rx_daemon: published frame_id=0 129 B ΓåÆ lifetrac/v25/video/tile_delta

2026-07-25 03:02:05,340 INFO image_rx_daemon: published frame_id=0 115 B ΓåÆ lifetrac/v25/video/tile_delta

2026-07-25 03:02:05,546 INFO image_rx_daemon: published frame_id=0 117 B ΓåÆ lifetrac/v25/video/tile_delta

2026-07-25 03:02:05,753 INFO image_rx_daemon: published frame_id=0 129 B ΓåÆ lifetrac/v25/video/tile_delta

2026-07-25 03:02:05,951 INFO image_rx_daemon: published frame_id=0 125 B ΓåÆ lifetrac/v25/video/tile_delta

2026-07-25 03:02:06,149 INFO image_rx_daemon: published frame_id=0 129 B ΓåÆ lifetrac/v25/video/tile_delta

2026-07-25 03:02:06,371 INFO image_rx_daemon: published frame_id=0 151 B ΓåÆ lifetrac/v25/video/tile_delta

2026-07-25 03:02:06,569 INFO image_rx_daemon: published frame_id=0 149 B ΓåÆ lifetrac/v25/video/tile_delta

2026-07-25 03:02:06,777 INFO image_rx_daemon: published frame_id=0 155 B ΓåÆ lifetrac/v25/video/tile_delta

2026-07-25 03:02:06,975 INFO image_rx_daemon: published frame_id=0 163 B ΓåÆ lifetrac/v25/video/tile_delta

2026-07-25 03:02:07,175 INFO image_rx_daemon: published frame_id=0 161 B ΓåÆ lifetrac/v25/video/tile_delta

2026-07-25 03:02:07,381 INFO image_rx_daemon: published frame_id=0 163 B ΓåÆ lifetrac/v25/video/tile_delta

2026-07-25 03:02:07,591 INFO image_rx_daemon: published frame_id=0 175 B ΓåÆ lifetrac/v25/video/tile_delta

2026-07-25 03:02:07,999 INFO image_rx_daemon: published frame_id=0 185 B ΓåÆ lifetrac/v25/video/tile_delta

2026-07-25 03:02:08,208 INFO image_rx_daemon: published frame_id=0 193 B ΓåÆ lifetrac/v25/video/tile_delta

2026-07-25 03:02:08,406 INFO image_rx_daemon: published frame_id=0 193 B ΓåÆ lifetrac/v25/video/tile_delta

2026-07-25 03:02:08,595 INFO image_rx_daemon: published frame_id=0 187 B ΓåÆ lifetrac/v25/video/tile_delta

2026-07-25 03:02:08,794 INFO image_rx_daemon: published frame_id=0 185 B ΓåÆ lifetrac/v25/video/tile_delta

2026-07-25 03:02:09,608 INFO image_rx_daemon: published frame_id=0 233 B ΓåÆ lifetrac/v25/video/tile_delta

2026-07-25 03:02:10,212 INFO image_rx_daemon: published frame_id=0 223 B ΓåÆ lifetrac/v25/video/tile_delta

2026-07-25 03:02:10,606 INFO image_rx_daemon: published frame_id=0 275 B ΓåÆ lifetrac/v25/video/tile_delta

2026-07-25 03:02:10,806 INFO image_rx_daemon: requesting keyframe (reassembly timeout #1)

2026-07-25 03:02:11,221 INFO image_rx_daemon: published frame_id=0 259 B ΓåÆ lifetrac/v25/video/tile_delta

2026-07-25 03:02:11,603 INFO image_rx_daemon: published frame_id=0 229 B ΓåÆ lifetrac/v25/video/tile_delta

2026-07-25 03:02:11,608 INFO image_rx_daemon: stats: rx_frames=46 rx_decode_err=0 frames_published=38 publish_err=0 reassembler_decode_err=0 reassembler_timeouts=2

2026-07-25 03:02:12,007 INFO image_rx_daemon: published frame_id=0 275 B ΓåÆ lifetrac/v25/video/tile_delta

2026-07-25 03:02:13,015 INFO image_rx_daemon: published frame_id=0 241 B ΓåÆ lifetrac/v25/video/tile_delta

2026-07-25 03:02:13,399 INFO image_rx_daemon: published frame_id=0 227 B ΓåÆ lifetrac/v25/video/tile_delta

2026-07-25 03:02:13,988 INFO image_rx_daemon: published frame_id=0 181 B ΓåÆ lifetrac/v25/video/tile_delta

2026-07-25 03:02:14,199 INFO image_rx_daemon: published frame_id=0 189 B ΓåÆ lifetrac/v25/video/tile_delta

2026-07-25 03:02:14,400 INFO image_rx_daemon: published frame_id=0 199 B ΓåÆ lifetrac/v25/video/tile_delta

2026-07-25 03:02:14,589 INFO image_rx_daemon: published frame_id=0 181 B ΓåÆ lifetrac/v25/video/tile_delta

2026-07-25 03:02:14,778 INFO image_rx_daemon: published frame_id=0 177 B ΓåÆ lifetrac/v25/video/tile_delta

2026-07-25 03:02:15,186 INFO image_rx_daemon: published frame_id=0 183 B ΓåÆ lifetrac/v25/video/tile_delta

2026-07-25 03:02:15,364 INFO image_rx_daemon: published frame_id=0 163 B ΓåÆ lifetrac/v25/video/tile_delta

2026-07-25 03:02:15,565 INFO image_rx_daemon: published frame_id=0 165 B ΓåÆ lifetrac/v25/video/tile_delta

2026-07-25 03:02:15,767 INFO image_rx_daemon: published frame_id=0 165 B ΓåÆ lifetrac/v25/video/tile_delta

2026-07-25 03:02:17,194 INFO image_rx_daemon: published frame_id=0 240 B ΓåÆ lifetrac/v25/video/tile_delta

2026-07-25 03:02:17,545 INFO image_rx_daemon: requesting keyframe (reassembly timeout #7)

2026-07-25 03:02:17,798 INFO image_rx_daemon: published frame_id=0 236 B ΓåÆ lifetrac/v25/video/tile_delta

2026-07-25 03:02:18,196 INFO image_rx_daemon: published frame_id=0 228 B ΓåÆ lifetrac/v25/video/tile_delta

2026-07-25 03:02:18,603 INFO image_rx_daemon: published frame_id=0 230 B ΓåÆ lifetrac/v25/video/tile_delta

2026-07-25 03:02:19,199 INFO image_rx_daemon: published frame_id=0 240 B ΓåÆ lifetrac/v25/video/tile_delta

2026-07-25 03:02:19,595 INFO image_rx_daemon: published frame_id=0 238 B ΓåÆ lifetrac/v25/video/tile_delta

2026-07-25 03:02:19,990 INFO image_rx_daemon: published frame_id=0 240 B ΓåÆ lifetrac/v25/video/tile_delta

2026-07-25 03:02:20,592 INFO image_rx_daemon: published frame_id=0 238 B ΓåÆ lifetrac/v25/video/tile_delta

2026-07-25 03:02:21,594 INFO image_rx_daemon: published frame_id=0 242 B ΓåÆ lifetrac/v25/video/tile_delta

2026-07-25 03:02:21,615 INFO image_rx_daemon: stats: rx_frames=90 rx_decode_err=0 frames_published=59 publish_err=0 reassembler_decode_err=0 reassembler_timeouts=11

2026-07-25 03:02:22,186 INFO image_rx_daemon: published frame_id=0 246 B ΓåÆ lifetrac/v25/video/tile_delta

2026-07-25 03:02:22,596 INFO image_rx_daemon: published frame_id=0 266 B ΓåÆ lifetrac/v25/video/tile_delta

2026-07-25 03:02:22,926 INFO image_rx_daemon: requesting keyframe (reassembly timeout #14)

2026-07-25 03:02:22,984 INFO image_rx_daemon: published frame_id=0 268 B ΓåÆ lifetrac/v25/video/tile_delta

2026-07-25 03:02:31,618 INFO image_rx_daemon: stats: rx_frames=97 rx_decode_err=0 frames_published=62 publish_err=0 reassembler_decode_err=0 reassembler_timeouts=15

2026-07-25 03:02:39,581 INFO image_rx_daemon: published frame_id=0 248 B ΓåÆ lifetrac/v25/video/tile_delta

2026-07-25 03:02:39,974 INFO image_rx_daemon: published frame_id=0 244 B ΓåÆ lifetrac/v25/video/tile_delta

2026-07-25 03:02:40,572 INFO image_rx_daemon: requesting keyframe (reassembly timeout #16)

2026-07-25 03:02:40,574 INFO image_rx_daemon: published frame_id=0 240 B ΓåÆ lifetrac/v25/video/tile_delta

2026-07-25 03:02:41,622 INFO image_rx_daemon: stats: rx_frames=109 rx_decode_err=0 frames_published=65 publish_err=0 reassembler_decode_err=0 reassembler_timeouts=17

2026-07-25 03:02:41,768 INFO image_rx_daemon: published frame_id=0 240 B ΓåÆ lifetrac/v25/video/tile_delta

2026-07-25 03:02:42,362 INFO image_rx_daemon: published frame_id=0 230 B ΓåÆ lifetrac/v25/video/tile_delta

2026-07-25 03:02:42,762 INFO image_rx_daemon: published frame_id=0 242 B ΓåÆ lifetrac/v25/video/tile_delta

2026-07-25 03:02:43,364 INFO image_rx_daemon: published frame_id=0 240 B ΓåÆ lifetrac/v25/video/tile_delta

2026-07-25 03:02:44,159 INFO image_rx_daemon: published frame_id=0 262 B ΓåÆ lifetrac/v25/video/tile_delta

2026-07-25 03:02:44,305 INFO image_rx_daemon: published frame_id=0 133 B ΓåÆ lifetrac/v25/video/tile_delta

2026-07-25 03:02:44,503 INFO image_rx_daemon: published frame_id=0 131 B ΓåÆ lifetrac/v25/video/tile_delta

2026-07-25 03:02:44,698 INFO image_rx_daemon: published frame_id=0 131 B ΓåÆ lifetrac/v25/video/tile_delta

2026-07-25 03:02:44,903 INFO image_rx_daemon: published frame_id=0 129 B ΓåÆ lifetrac/v25/video/tile_delta

2026-07-25 03:02:45,107 INFO image_rx_daemon: published frame_id=0 131 B ΓåÆ lifetrac/v25/video/tile_delta

2026-07-25 03:02:45,310 INFO image_rx_daemon: published frame_id=0 131 B ΓåÆ lifetrac/v25/video/tile_delta

2026-07-25 03:02:45,496 INFO image_rx_daemon: published frame_id=0 129 B ΓåÆ lifetrac/v25/video/tile_delta

2026-07-25 03:02:45,699 INFO image_rx_daemon: published frame_id=0 127 B ΓåÆ lifetrac/v25/video/tile_delta

2026-07-25 03:02:45,893 INFO image_rx_daemon: published frame_id=0 129 B ΓåÆ lifetrac/v25/video/tile_delta

2026-07-25 03:02:46,100 INFO image_rx_daemon: published frame_id=0 127 B ΓåÆ lifetrac/v25/video/tile_delta

2026-07-25 03:02:46,299 INFO image_rx_daemon: published frame_id=0 127 B ΓåÆ lifetrac/v25/video/tile_delta

2026-07-25 03:02:46,497 INFO image_rx_daemon: published frame_id=0 127 B ΓåÆ lifetrac/v25/video/tile_delta

2026-07-25 03:02:46,695 INFO image_rx_daemon: published frame_id=0 127 B ΓåÆ lifetrac/v25/video/tile_delta

2026-07-25 03:02:46,899 INFO image_rx_daemon: published frame_id=0 127 B ΓåÆ lifetrac/v25/video/tile_delta

2026-07-25 03:02:47,096 INFO image_rx_daemon: published frame_id=0 127 B ΓåÆ lifetrac/v25/video/tile_delta

2026-07-25 03:02:47,294 INFO image_rx_daemon: published frame_id=0 129 B ΓåÆ lifetrac/v25/video/tile_delta

2026-07-25 03:02:47,494 INFO image_rx_daemon: published frame_id=0 127 B ΓåÆ lifetrac/v25/video/tile_delta

2026-07-25 03:02:47,683 INFO image_rx_daemon: published frame_id=0 115 B ΓåÆ lifetrac/v25/video/tile_delta

2026-07-25 03:02:47,890 INFO image_rx_daemon: published frame_id=0 127 B ΓåÆ lifetrac/v25/video/tile_delta

2026-07-25 03:02:48,087 INFO image_rx_daemon: published frame_id=0 115 B ΓåÆ lifetrac/v25/video/tile_delta

2026-07-25 03:02:48,279 INFO image_rx_daemon: published frame_id=0 117 B ΓåÆ lifetrac/v25/video/tile_delta

2026-07-25 03:02:48,491 INFO image_rx_daemon: published frame_id=0 125 B ΓåÆ lifetrac/v25/video/tile_delta

2026-07-25 03:02:48,696 INFO image_rx_daemon: published frame_id=0 129 B ΓåÆ lifetrac/v25/video/tile_delta

2026-07-25 03:02:48,907 INFO image_rx_daemon: published frame_id=0 141 B ΓåÆ lifetrac/v25/video/tile_delta

2026-07-25 03:02:49,112 INFO image_rx_daemon: published frame_id=0 151 B ΓåÆ lifetrac/v25/video/tile_delta

2026-07-25 03:02:49,311 INFO image_rx_daemon: published frame_id=0 149 B ΓåÆ lifetrac/v25/video/tile_delta

2026-07-25 03:02:49,520 INFO image_rx_daemon: published frame_id=0 163 B ΓåÆ lifetrac/v25/video/tile_delta

2026-07-25 03:02:49,718 INFO image_rx_daemon: published frame_id=0 163 B ΓåÆ lifetrac/v25/video/tile_delta

2026-07-25 03:02:49,917 INFO image_rx_daemon: published frame_id=0 161 B ΓåÆ lifetrac/v25/video/tile_delta

2026-07-25 03:02:50,131 INFO image_rx_daemon: published frame_id=0 163 B ΓåÆ lifetrac/v25/video/tile_delta

2026-07-25 03:02:50,330 INFO image_rx_daemon: published frame_id=0 175 B ΓåÆ lifetrac/v25/video/tile_delta

2026-07-25 03:02:50,741 INFO image_rx_daemon: published frame_id=0 179 B ΓåÆ lifetrac/v25/video/tile_delta

2026-07-25 03:02:50,948 INFO image_rx_daemon: published frame_id=0 193 B ΓåÆ lifetrac/v25/video/tile_delta

2026-07-25 03:02:51,148 INFO image_rx_daemon: published frame_id=0 193 B ΓåÆ lifetrac/v25/video/tile_delta

2026-07-25 03:02:51,338 INFO image_rx_daemon: published frame_id=0 185 B ΓåÆ lifetrac/v25/video/tile_delta

2026-07-25 03:02:51,627 INFO image_rx_daemon: stats: rx_frames=157 rx_decode_err=0 frames_published=105 publish_err=0 reassembler_decode_err=0 reassembler_timeouts=23

2026-07-25 03:02:52,747 INFO image_rx_daemon: published frame_id=0 227 B ΓåÆ lifetrac/v25/video/tile_delta

2026-07-25 03:02:53,076 INFO image_rx_daemon: requesting keyframe (reassembly timeout #24)

2026-07-25 03:02:53,153 INFO image_rx_daemon: published frame_id=0 243 B ΓåÆ lifetrac/v25/video/tile_delta

2026-07-25 03:02:53,759 INFO image_rx_daemon: published frame_id=0 271 B ΓåÆ lifetrac/v25/video/tile_delta

2026-07-25 03:02:54,155 INFO image_rx_daemon: published frame_id=0 247 B ΓåÆ lifetrac/v25/video/tile_delta

2026-07-25 03:02:55,347 INFO image_rx_daemon: published frame_id=0 233 B ΓåÆ lifetrac/v25/video/tile_delta

2026-07-25 03:02:56,149 INFO image_rx_daemon: published frame_id=0 221 B ΓåÆ lifetrac/v25/video/tile_delta

2026-07-25 03:02:56,351 INFO image_rx_daemon: published frame_id=0 201 B ΓåÆ lifetrac/v25/video/tile_delta

2026-07-25 03:02:56,529 INFO image_rx_daemon: published frame_id=0 181 B ΓåÆ lifetrac/v25/video/tile_delta

2026-07-25 03:02:56,939 INFO image_rx_daemon: published frame_id=0 187 B ΓåÆ lifetrac/v25/video/tile_delta

2026-07-25 03:02:57,149 INFO image_rx_daemon: published frame_id=0 201 B ΓåÆ lifetrac/v25/video/tile_delta

2026-07-25 03:02:57,327 INFO image_rx_daemon: published frame_id=0 181 B ΓåÆ lifetrac/v25/video/tile_delta

2026-07-25 03:02:57,539 INFO image_rx_daemon: published frame_id=0 183 B ΓåÆ lifetrac/v25/video/tile_delta

2026-07-25 03:02:57,716 INFO image_rx_daemon: published frame_id=0 173 B ΓåÆ lifetrac/v25/video/tile_delta

2026-07-25 03:02:58,116 INFO image_rx_daemon: published frame_id=0 167 B ΓåÆ lifetrac/v25/video/tile_delta

2026-07-25 03:02:58,317 INFO image_rx_daemon: published frame_id=0 165 B ΓåÆ lifetrac/v25/video/tile_delta

2026-07-25 03:02:58,940 INFO image_rx_daemon: published frame_id=0 256 B ΓåÆ lifetrac/v25/video/tile_delta

2026-07-25 03:02:59,746 INFO image_rx_daemon: published frame_id=0 240 B ΓåÆ lifetrac/v25/video/tile_delta

2026-07-25 03:03:00,057 INFO image_rx_daemon: requesting keyframe (reassembly timeout #31)

2026-07-25 03:03:00,143 INFO image_rx_daemon: published frame_id=0 236 B ΓåÆ lifetrac/v25/video/tile_delta

2026-07-25 03:03:00,751 INFO image_rx_daemon: published frame_id=0 226 B ΓåÆ lifetrac/v25/video/tile_delta

2026-07-25 03:03:01,136 INFO image_rx_daemon: published frame_id=0 228 B ΓåÆ lifetrac/v25/video/tile_delta

2026-07-25 03:03:01,631 INFO image_rx_daemon: stats: rx_frames=199 rx_decode_err=0 frames_published=125 publish_err=0 reassembler_decode_err=0 reassembler_timeouts=32

2026-07-25 03:03:01,743 INFO image_rx_daemon: published frame_id=0 244 B ΓåÆ lifetrac/v25/video/tile_delta

2026-07-25 03:03:02,136 INFO image_rx_daemon: published frame_id=0 238 B ΓåÆ lifetrac/v25/video/tile_delta

2026-07-25 03:03:02,734 INFO image_rx_daemon: published frame_id=0 238 B ΓåÆ lifetrac/v25/video/tile_delta

2026-07-25 03:03:03,138 INFO image_rx_daemon: published frame_id=0 236 B ΓåÆ lifetrac/v25/video/tile_delta

2026-07-25 03:03:03,532 INFO image_rx_daemon: published frame_id=0 238 B ΓåÆ lifetrac/v25/video/tile_delta

2026-07-25 03:03:04,137 INFO image_rx_daemon: published frame_id=0 242 B ΓåÆ lifetrac/v25/video/tile_delta

2026-07-25 03:03:04,540 INFO image_rx_daemon: published frame_id=0 242 B ΓåÆ lifetrac/v25/video/tile_delta

2026-07-25 03:03:05,135 INFO image_rx_daemon: published frame_id=0 266 B ΓåÆ lifetrac/v25/video/tile_delta

2026-07-25 03:03:05,269 INFO image_rx_daemon: requesting keyframe (reassembly timeout #36)

2026-07-25 03:03:05,272 INFO image_rx_daemon: published frame_id=0 125 B ΓåÆ lifetrac/v25/video/tile_delta

2026-07-25 03:03:05,471 INFO image_rx_daemon: published frame_id=0 127 B ΓåÆ lifetrac/v25/video/tile_delta

2026-07-25 03:03:05,668 INFO image_rx_daemon: published frame_id=0 121 B ΓåÆ lifetrac/v25/video/tile_delta

2026-07-25 03:03:05,866 INFO image_rx_daemon: published frame_id=0 117 B ΓåÆ lifetrac/v25/video/tile_delta

2026-07-25 03:03:06,064 INFO image_rx_daemon: published frame_id=0 115 B ΓåÆ lifetrac/v25/video/tile_delta

2026-07-25 03:03:06,260 INFO image_rx_daemon: published frame_id=0 115 B ΓåÆ lifetrac/v25/video/tile_delta

2026-07-25 03:03:06,467 INFO image_rx_daemon: published frame_id=0 117 B ΓåÆ lifetrac/v25/video/tile_delta

2026-07-25 03:03:06,671 INFO image_rx_daemon: published frame_id=0 117 B ΓåÆ lifetrac/v25/video/tile_delta

2026-07-25 03:03:06,879 INFO image_rx_daemon: published frame_id=0 135 B ΓåÆ lifetrac/v25/video/tile_delta

2026-07-25 03:03:07,076 INFO image_rx_daemon: published frame_id=0 131 B ΓåÆ lifetrac/v25/video/tile_delta

2026-07-25 03:03:07,272 INFO image_rx_daemon: published frame_id=0 129 B ΓåÆ lifetrac/v25/video/tile_delta

2026-07-25 03:03:07,470 INFO image_rx_daemon: published frame_id=0 129 B ΓåÆ lifetrac/v25/video/tile_delta

2026-07-25 03:03:07,671 INFO image_rx_daemon: published frame_id=0 129 B ΓåÆ lifetrac/v25/video/tile_delta

2026-07-25 03:03:07,875 INFO image_rx_daemon: published frame_id=0 131 B ΓåÆ lifetrac/v25/video/tile_delta

2026-07-25 03:03:08,071 INFO image_rx_daemon: published frame_id=0 129 B ΓåÆ lifetrac/v25/video/tile_delta

2026-07-25 03:03:08,274 INFO image_rx_daemon: published frame_id=0 131 B ΓåÆ lifetrac/v25/video/tile_delta

2026-07-25 03:03:08,471 INFO image_rx_daemon: published frame_id=0 131 B ΓåÆ lifetrac/v25/video/tile_delta

2026-07-25 03:03:08,674 INFO image_rx_daemon: published frame_id=0 131 B ΓåÆ lifetrac/v25/video/tile_delta

2026-07-25 03:03:08,870 INFO image_rx_daemon: published frame_id=0 135 B ΓåÆ lifetrac/v25/video/tile_delta

2026-07-25 03:03:09,074 INFO image_rx_daemon: published frame_id=0 131 B ΓåÆ lifetrac/v25/video/tile_delta

2026-07-25 03:03:09,272 INFO image_rx_daemon: published frame_id=0 133 B ΓåÆ lifetrac/v25/video/tile_delta

2026-07-25 03:03:09,471 INFO image_rx_daemon: published frame_id=0 129 B ΓåÆ lifetrac/v25/video/tile_delta

2026-07-25 03:03:09,670 INFO image_rx_daemon: published frame_id=0 131 B ΓåÆ lifetrac/v25/video/tile_delta

2026-07-25 03:03:09,877 INFO image_rx_daemon: published frame_id=0 135 B ΓåÆ lifetrac/v25/video/tile_delta

2026-07-25 03:03:10,075 INFO image_rx_daemon: published frame_id=0 135 B ΓåÆ lifetrac/v25/video/tile_delta

2026-07-25 03:03:10,291 INFO image_rx_daemon: published frame_id=0 151 B ΓåÆ lifetrac/v25/video/tile_delta

2026-07-25 03:03:10,489 INFO image_rx_daemon: published frame_id=0 151 B ΓåÆ lifetrac/v25/video/tile_delta

2026-07-25 03:03:10,695 INFO image_rx_daemon: published frame_id=0 161 B ΓåÆ lifetrac/v25/video/tile_delta

2026-07-25 03:03:10,903 INFO image_rx_daemon: published frame_id=0 175 B ΓåÆ lifetrac/v25/video/tile_delta

2026-07-25 03:03:11,113 INFO image_rx_daemon: published frame_id=0 183 B ΓåÆ lifetrac/v25/video/tile_delta

2026-07-25 03:03:11,512 INFO image_rx_daemon: published frame_id=0 177 B ΓåÆ lifetrac/v25/video/tile_delta

2026-07-25 03:03:11,635 INFO image_rx_daemon: stats: rx_frames=248 rx_decode_err=0 frames_published=164 publish_err=0 reassembler_decode_err=0 reassembler_timeouts=37

2026-07-25 03:03:11,748 INFO image_rx_daemon: published frame_id=0 203 B ΓåÆ lifetrac/v25/video/tile_delta

2026-07-25 03:03:11,927 INFO image_rx_daemon: published frame_id=0 201 B ΓåÆ lifetrac/v25/video/tile_delta

2026-07-25 03:03:12,523 INFO image_rx_daemon: published frame_id=0 225 B ΓåÆ lifetrac/v25/video/tile_delta

2026-07-25 03:03:13,325 INFO image_rx_daemon: published frame_id=0 255 B ΓåÆ lifetrac/v25/video/tile_delta

2026-07-25 03:03:13,699 INFO image_rx_daemon: requesting keyframe (reassembly timeout #38)

2026-07-25 03:03:13,922 INFO image_rx_daemon: published frame_id=0 265 B ΓåÆ lifetrac/v25/video/tile_delta

2026-07-25 03:03:15,122 INFO image_rx_daemon: published frame_id=0 253 B ΓåÆ lifetrac/v25/video/tile_delta

2026-07-25 03:03:17,922 INFO image_rx_daemon: published frame_id=0 241 B ΓåÆ lifetrac/v25/video/tile_delta

2026-07-25 03:03:18,127 INFO image_rx_daemon: published frame_id=0 199 B ΓåÆ lifetrac/v25/video/tile_delta

2026-07-25 03:03:18,712 INFO image_rx_daemon: requesting keyframe (reassembly timeout #47)

2026-07-25 03:03:18,714 INFO image_rx_daemon: published frame_id=0 197 B ΓåÆ lifetrac/v25/video/tile_delta

2026-07-25 03:03:19,115 INFO image_rx_daemon: published frame_id=0 197 B ΓåÆ lifetrac/v25/video/tile_delta

2026-07-25 03:03:19,293 INFO image_rx_daemon: published frame_id=0 171 B ΓåÆ lifetrac/v25/video/tile_delta

2026-07-25 03:03:19,492 INFO image_rx_daemon: published frame_id=0 173 B ΓåÆ lifetrac/v25/video/tile_delta

2026-07-25 03:03:19,691 INFO image_rx_daemon: published frame_id=0 173 B ΓåÆ lifetrac/v25/video/tile_delta

2026-07-25 03:03:19,885 INFO image_rx_daemon: published frame_id=0 163 B ΓåÆ lifetrac/v25/video/tile_delta

2026-07-25 03:03:20,282 INFO image_rx_daemon: published frame_id=0 163 B ΓåÆ lifetrac/v25/video/tile_delta

2026-07-25 03:03:20,915 INFO image_rx_daemon: published frame_id=0 252 B ΓåÆ lifetrac/v25/video/tile_delta

2026-07-25 03:03:21,638 INFO image_rx_daemon: stats: rx_frames=285 rx_decode_err=0 frames_published=180 publish_err=0 reassembler_decode_err=0 reassembler_timeouts=49

2026-07-25 03:03:21,918 INFO image_rx_daemon: published frame_id=0 250 B ΓåÆ lifetrac/v25/video/tile_delta

2026-07-25 03:03:22,516 INFO image_rx_daemon: published frame_id=0 244 B ΓåÆ lifetrac/v25/video/tile_delta

2026-07-25 03:03:22,912 INFO image_rx_daemon: published frame_id=0 248 B ΓåÆ lifetrac/v25/video/tile_delta

2026-07-25 03:03:23,519 INFO image_rx_daemon: published frame_id=0 244 B ΓåÆ lifetrac/v25/video/tile_delta

2026-07-25 03:03:24,514 INFO image_rx_daemon: published frame_id=0 242 B ΓåÆ lifetrac/v25/video/tile_delta

2026-07-25 03:03:24,712 INFO image_rx_daemon: requesting keyframe (reassembly timeout #54)

2026-07-25 03:03:25,113 INFO image_rx_daemon: published frame_id=0 230 B ΓåÆ lifetrac/v25/video/tile_delta

2026-07-25 03:03:25,517 INFO image_rx_daemon: published frame_id=0 242 B ΓåÆ lifetrac/v25/video/tile_delta

2026-07-25 03:03:26,116 INFO image_rx_daemon: published frame_id=0 240 B ΓåÆ lifetrac/v25/video/tile_delta

2026-07-25 03:03:26,508 INFO image_rx_daemon: published frame_id=0 256 B ΓåÆ lifetrac/v25/video/tile_delta

2026-07-25 03:03:27,051 INFO image_rx_daemon: published frame_id=0 133 B ΓåÆ lifetrac/v25/video/tile_delta

2026-07-25 03:03:27,249 INFO image_rx_daemon: published frame_id=0 131 B ΓåÆ lifetrac/v25/video/tile_delta

2026-07-25 03:03:27,451 INFO image_rx_daemon: published frame_id=0 131 B ΓåÆ lifetrac/v25/video/tile_delta

2026-07-25 03:03:27,648 INFO image_rx_daemon: published frame_id=0 129 B ΓåÆ lifetrac/v25/video/tile_delta

2026-07-25 03:03:27,851 INFO image_rx_daemon: published frame_id=0 131 B ΓåÆ lifetrac/v25/video/tile_delta

2026-07-25 03:03:28,055 INFO image_rx_daemon: published frame_id=0 131 B ΓåÆ lifetrac/v25/video/tile_delta

2026-07-25 03:03:28,251 INFO image_rx_daemon: published frame_id=0 129 B ΓåÆ lifetrac/v25/video/tile_delta

2026-07-25 03:03:28,448 INFO image_rx_daemon: published frame_id=0 127 B ΓåÆ lifetrac/v25/video/tile_delta

2026-07-25 03:03:28,646 INFO image_rx_daemon: published frame_id=0 127 B ΓåÆ lifetrac/v25/video/tile_delta

2026-07-25 03:03:28,845 INFO image_rx_daemon: published frame_id=0 127 B ΓåÆ lifetrac/v25/video/tile_delta

2026-07-25 03:03:29,047 INFO image_rx_daemon: published frame_id=0 127 B ΓåÆ lifetrac/v25/video/tile_delta

2026-07-25 03:03:29,244 INFO image_rx_daemon: published frame_id=0 127 B ΓåÆ lifetrac/v25/video/tile_delta

2026-07-25 03:03:29,448 INFO image_rx_daemon: published frame_id=0 127 B ΓåÆ lifetrac/v25/video/tile_delta

2026-07-25 03:03:29,645 INFO image_rx_daemon: published frame_id=0 127 B ΓåÆ lifetrac/v25/video/tile_delta

2026-07-25 03:03:29,844 INFO image_rx_daemon: published frame_id=0 129 B ΓåÆ lifetrac/v25/video/tile_delta

2026-07-25 03:03:30,055 INFO image_rx_daemon: published frame_id=0 127 B ΓåÆ lifetrac/v25/video/tile_delta

2026-07-25 03:03:30,235 INFO image_rx_daemon: published frame_id=0 115 B ΓåÆ lifetrac/v25/video/tile_delta

2026-07-25 03:03:30,453 INFO image_rx_daemon: published frame_id=0 137 B ΓåÆ lifetrac/v25/video/tile_delta

2026-07-25 03:03:30,647 INFO image_rx_daemon: published frame_id=0 127 B ΓåÆ lifetrac/v25/video/tile_delta

2026-07-25 03:03:30,852 INFO image_rx_daemon: published frame_id=0 117 B ΓåÆ lifetrac/v25/video/tile_delta

2026-07-25 03:03:31,050 INFO image_rx_daemon: published frame_id=0 129 B ΓåÆ lifetrac/v25/video/tile_delta

2026-07-25 03:03:31,243 INFO image_rx_daemon: published frame_id=0 125 B ΓåÆ lifetrac/v25/video/tile_delta

2026-07-25 03:03:31,443 INFO image_rx_daemon: published frame_id=0 129 B ΓåÆ lifetrac/v25/video/tile_delta

2026-07-25 03:03:31,654 INFO image_rx_daemon: stats: rx_frames=333 rx_decode_err=0 frames_published=212 publish_err=0 reassembler_decode_err=0 reassembler_timeouts=59

2026-07-25 03:03:31,656 INFO image_rx_daemon: published frame_id=0 141 B ΓåÆ lifetrac/v25/video/tile_delta

2026-07-25 03:03:31,864 INFO image_rx_daemon: published frame_id=0 149 B ΓåÆ lifetrac/v25/video/tile_delta

2026-07-25 03:03:32,070 INFO image_rx_daemon: published frame_id=0 157 B ΓåÆ lifetrac/v25/video/tile_delta

2026-07-25 03:03:32,269 INFO image_rx_daemon: published frame_id=0 163 B ΓåÆ lifetrac/v25/video/tile_delta

2026-07-25 03:03:32,478 INFO image_rx_daemon: published frame_id=0 163 B ΓåÆ lifetrac/v25/video/tile_delta

2026-07-25 03:03:32,683 INFO image_rx_daemon: published frame_id=0 163 B ΓåÆ lifetrac/v25/video/tile_delta

2026-07-25 03:03:32,884 INFO image_rx_daemon: published frame_id=0 175 B ΓåÆ lifetrac/v25/video/tile_delta

2026-07-25 03:03:33,294 INFO image_rx_daemon: published frame_id=0 185 B ΓåÆ lifetrac/v25/video/tile_delta

2026-07-25 03:03:33,484 INFO image_rx_daemon: published frame_id=0 183 B ΓåÆ lifetrac/v25/video/tile_delta

2026-07-25 03:03:33,694 INFO image_rx_daemon: published frame_id=0 193 B ΓåÆ lifetrac/v25/video/tile_delta

2026-07-25 03:03:33,893 INFO image_rx_daemon: published frame_id=0 187 B ΓåÆ lifetrac/v25/video/tile_delta

2026-07-25 03:03:34,091 INFO image_rx_daemon: published frame_id=0 185 B ΓåÆ lifetrac/v25/video/tile_delta

2026-07-25 03:03:34,903 INFO image_rx_daemon: published frame_id=0 233 B ΓåÆ lifetrac/v25/video/tile_delta

2026-07-25 03:03:35,508 INFO image_rx_daemon: published frame_id=0 225 B ΓåÆ lifetrac/v25/video/tile_delta

2026-07-25 03:03:36,227 INFO image_rx_daemon: requesting keyframe (reassembly timeout #60)

2026-07-25 03:03:36,303 INFO image_rx_daemon: published frame_id=0 247 B ΓåÆ lifetrac/v25/video/tile_delta

2026-07-25 03:03:37,294 INFO image_rx_daemon: published frame_id=0 261 B ΓåÆ lifetrac/v25/video/tile_delta

2026-07-25 03:03:37,894 INFO image_rx_daemon: published frame_id=0 247 B ΓåÆ lifetrac/v25/video/tile_delta

2026-07-25 03:03:38,299 INFO image_rx_daemon: published frame_id=0 223 B ΓåÆ lifetrac/v25/video/tile_delta

2026-07-25 03:03:38,913 INFO image_rx_daemon: published frame_id=0 223 B ΓåÆ lifetrac/v25/video/tile_delta

2026-07-25 03:03:39,091 INFO image_rx_daemon: published frame_id=0 201 B ΓåÆ lifetrac/v25/video/tile_delta

2026-07-25 03:03:39,478 INFO image_rx_daemon: published frame_id=0 181 B ΓåÆ lifetrac/v25/video/tile_delta

2026-07-25 03:03:39,688 INFO image_rx_daemon: published frame_id=0 189 B ΓåÆ lifetrac/v25/video/tile_delta

2026-07-25 03:03:39,879 INFO image_rx_daemon: published frame_id=0 181 B ΓåÆ lifetrac/v25/video/tile_delta

2026-07-25 03:03:40,078 INFO image_rx_daemon: published frame_id=0 177 B ΓåÆ lifetrac/v25/video/tile_delta

2026-07-25 03:03:40,277 INFO image_rx_daemon: published frame_id=0 183 B ΓåÆ lifetrac/v25/video/tile_delta

2026-07-25 03:03:40,664 INFO image_rx_daemon: published frame_id=0 169 B ΓåÆ lifetrac/v25/video/tile_delta

2026-07-25 03:03:40,862 INFO image_rx_daemon: published frame_id=0 165 B ΓåÆ lifetrac/v25/video/tile_delta

2026-07-25 03:03:41,058 INFO image_rx_daemon: published frame_id=0 165 B ΓåÆ lifetrac/v25/video/tile_delta

2026-07-25 03:03:41,664 INFO image_rx_daemon: stats: rx_frames=377 rx_decode_err=0 frames_published=240 publish_err=0 reassembler_decode_err=0 reassembler_timeouts=66

2026-07-25 03:03:41,683 INFO image_rx_daemon: published frame_id=0 256 B ΓåÆ lifetrac/v25/video/tile_delta

2026-07-25 03:03:42,489 INFO image_rx_daemon: published frame_id=0 240 B ΓåÆ lifetrac/v25/video/tile_delta

2026-07-25 03:03:42,812 INFO image_rx_daemon: requesting keyframe (reassembly timeout #67)

2026-07-25 03:03:42,888 INFO image_rx_daemon: published frame_id=0 238 B ΓåÆ lifetrac/v25/video/tile_delta

2026-07-25 03:03:43,512 INFO image_rx_daemon: published frame_id=0 228 B ΓåÆ lifetrac/v25/video/tile_delta

2026-07-25 03:03:43,886 INFO image_rx_daemon: published frame_id=0 230 B ΓåÆ lifetrac/v25/video/tile_delta

2026-07-25 03:03:44,292 INFO image_rx_daemon: published frame_id=0 224 B ΓåÆ lifetrac/v25/video/tile_delta

2026-07-25 03:03:44,884 INFO image_rx_daemon: published frame_id=0 238 B ΓåÆ lifetrac/v25/video/tile_delta

2026-07-25 03:03:45,292 INFO image_rx_daemon: published frame_id=0 240 B ΓåÆ lifetrac/v25/video/tile_delta

2026-07-25 03:03:45,884 INFO image_rx_daemon: published frame_id=0 238 B ΓåÆ lifetrac/v25/video/tile_delta

2026-07-25 03:03:46,289 INFO image_rx_daemon: published frame_id=0 238 B ΓåÆ lifetrac/v25/video/tile_delta

2026-07-25 03:03:46,881 INFO image_rx_daemon: published frame_id=0 242 B ΓåÆ lifetrac/v25/video/tile_delta

2026-07-25 03:03:47,885 INFO image_rx_daemon: published frame_id=0 266 B ΓåÆ lifetrac/v25/video/tile_delta

2026-07-25 03:03:48,084 INFO image_rx_daemon: requesting keyframe (reassembly timeout #72)

2026-07-25 03:03:48,611 INFO image_rx_daemon: published frame_id=0 117 B ΓåÆ lifetrac/v25/video/tile_delta

2026-07-25 03:03:48,808 INFO image_rx_daemon: published frame_id=0 115 B ΓåÆ lifetrac/v25/video/tile_delta

2026-07-25 03:03:49,010 INFO image_rx_daemon: published frame_id=0 117 B ΓåÆ lifetrac/v25/video/tile_delta

2026-07-25 03:03:49,211 INFO image_rx_daemon: published frame_id=0 117 B ΓåÆ lifetrac/v25/video/tile_delta

2026-07-25 03:03:49,406 INFO image_rx_daemon: published frame_id=0 115 B ΓåÆ lifetrac/v25/video/tile_delta

2026-07-25 03:03:49,624 INFO image_rx_daemon: published frame_id=0 135 B ΓåÆ lifetrac/v25/video/tile_delta

2026-07-25 03:03:49,821 INFO image_rx_daemon: published frame_id=0 129 B ΓåÆ lifetrac/v25/video/tile_delta

2026-07-25 03:03:50,019 INFO image_rx_daemon: published frame_id=0 129 B ΓåÆ lifetrac/v25/video/tile_delta

2026-07-25 03:03:50,215 INFO image_rx_daemon: published frame_id=0 129 B ΓåÆ lifetrac/v25/video/tile_delta

2026-07-25 03:03:50,419 INFO image_rx_daemon: published frame_id=0 129 B ΓåÆ lifetrac/v25/video/tile_delta

2026-07-25 03:03:50,617 INFO image_rx_daemon: published frame_id=0 131 B ΓåÆ lifetrac/v25/video/tile_delta

2026-07-25 03:03:50,820 INFO image_rx_daemon: published frame_id=0 129 B ΓåÆ lifetrac/v25/video/tile_delta

2026-07-25 03:03:51,018 INFO image_rx_daemon: published frame_id=0 131 B ΓåÆ lifetrac/v25/video/tile_delta

2026-07-25 03:03:51,223 INFO image_rx_daemon: published frame_id=0 133 B ΓåÆ lifetrac/v25/video/tile_delta

2026-07-25 03:03:51,421 INFO image_rx_daemon: published frame_id=0 131 B ΓåÆ lifetrac/v25/video/tile_delta

2026-07-25 03:03:51,620 INFO image_rx_daemon: published frame_id=0 135 B ΓåÆ lifetrac/v25/video/tile_delta

2026-07-25 03:03:51,668 INFO image_rx_daemon: stats: rx_frames=424 rx_decode_err=0 frames_published=268 publish_err=0 reassembler_decode_err=0 reassembler_timeouts=75

2026-07-25 03:03:51,817 INFO image_rx_daemon: published frame_id=0 131 B ΓåÆ lifetrac/v25/video/tile_delta

2026-07-25 03:03:52,014 INFO image_rx_daemon: published frame_id=0 129 B ΓåÆ lifetrac/v25/video/tile_delta

2026-07-25 03:03:52,221 INFO image_rx_daemon: published frame_id=0 131 B ΓåÆ lifetrac/v25/video/tile_delta

2026-07-25 03:03:52,418 INFO image_rx_daemon: published frame_id=0 133 B ΓåÆ lifetrac/v25/video/tile_delta

2026-07-25 03:03:52,621 INFO image_rx_daemon: published frame_id=0 135 B ΓåÆ lifetrac/v25/video/tile_delta

2026-07-25 03:03:52,835 INFO image_rx_daemon: published frame_id=0 151 B ΓåÆ lifetrac/v25/video/tile_delta

2026-07-25 03:03:53,027 INFO image_rx_daemon: published frame_id=0 155 B ΓåÆ lifetrac/v25/video/tile_delta

2026-07-25 03:03:53,239 INFO image_rx_daemon: published frame_id=0 161 B ΓåÆ lifetrac/v25/video/tile_delta

2026-07-25 03:03:53,438 INFO image_rx_daemon: published frame_id=0 161 B ΓåÆ lifetrac/v25/video/tile_delta

2026-07-25 03:03:53,647 INFO image_rx_daemon: published frame_id=0 175 B ΓåÆ lifetrac/v25/video/tile_delta

2026-07-25 03:03:53,857 INFO image_rx_daemon: published frame_id=0 177 B ΓåÆ lifetrac/v25/video/tile_delta

2026-07-25 03:03:54,246 INFO image_rx_daemon: published frame_id=0 175 B ΓåÆ lifetrac/v25/video/tile_delta

2026-07-25 03:03:54,477 INFO image_rx_daemon: published frame_id=0 203 B ΓåÆ lifetrac/v25/video/tile_delta

2026-07-25 03:03:54,677 INFO image_rx_daemon: published frame_id=0 201 B ΓåÆ lifetrac/v25/video/tile_delta

2026-07-25 03:03:55,271 INFO image_rx_daemon: published frame_id=0 225 B ΓåÆ lifetrac/v25/video/tile_delta

2026-07-25 03:03:56,068 INFO image_rx_daemon: published frame_id=0 255 B ΓåÆ lifetrac/v25/video/tile_delta

2026-07-25 03:03:56,445 INFO image_rx_daemon: requesting keyframe (reassembly timeout #76)

2026-07-25 03:03:56,669 INFO image_rx_daemon: published frame_id=0 261 B ΓåÆ lifetrac/v25/video/tile_delta

2026-07-25 03:03:57,671 INFO image_rx_daemon: published frame_id=0 263 B ΓåÆ lifetrac/v25/video/tile_delta

2026-07-25 03:03:58,463 INFO image_rx_daemon: published frame_id=0 253 B ΓåÆ lifetrac/v25/video/tile_delta

