2026-07-25 02:53:10,534 INFO image_rx_daemon: opening L072 HostLink on /dev/ttymxc3 @ 921600

2026-07-25 02:53:10,537 INFO image_rx_daemon: image_rx_daemon started; mqtt=127.0.0.1:1883 uart=/dev/ttymxc3

2026-07-25 02:53:10,542 INFO image_rx_daemon: MQTT connected; ready to publish lifetrac/v25/video/tile_delta

2026-07-25 02:53:10,547 INFO image_rx_daemon: LIFETRAC_SKIP_RESET_REQ=1 ΓÇö relying on external NRST; draining boot chatter only

2026-07-25 02:53:10,987 INFO image_rx_daemon: L072 VER warm-up ok (attempt 1)

Initializing regulatory profile 0 on co-processor...

  FHSS mask: single channel 0 (0100000000000000)

CFG_SET_REQ(FHSS_CHANNEL_MASK) OK: 07000800

CFG_SET_REQ(ANTENNA_GAIN_DBI) OK: 15000100

CFG_SET_REQ(HW_CEILING_DBM) OK: 16000100

CFG_SET_REQ(REG_PROFILE=0) OK: 14000100

  forcing FRF -> 915.000 MHz (raw=0xE4C000 -> Msb=0xE4 Mid=0xC0 Lsb=0x00)

  FRF readback: 0xE4C000 = 915.000 MHz (OK)

PHY contract OK: image_bw250 == {'sf': 7, 'bw_khz': 250, 'cr_den': 5, 'preamble': 8}

2026-07-25 02:53:11,480 INFO image_rx_daemon: SX1276 RXCONT autowake: opmode 0x81 -> 0x85

2026-07-25 02:53:11,481 INFO image_rx_daemon: RX worker ready; draining RX_FRAME_URC...

2026-07-25 02:53:11,537 INFO image_rx_daemon: stats: rx_frames=0 rx_decode_err=0 frames_published=0 publish_err=0 reassembler_decode_err=0 reassembler_timeouts=0

2026-07-25 02:53:14,966 INFO image_rx_daemon: published frame_id=0 252 B ΓåÆ lifetrac/v25/video/tile_delta

2026-07-25 02:53:16,162 INFO image_rx_daemon: published frame_id=0 246 B ΓåÆ lifetrac/v25/video/tile_delta

2026-07-25 02:53:17,368 INFO image_rx_daemon: published frame_id=0 248 B ΓåÆ lifetrac/v25/video/tile_delta

2026-07-25 02:53:18,550 INFO image_rx_daemon: published frame_id=0 240 B ΓåÆ lifetrac/v25/video/tile_delta

2026-07-25 02:53:19,746 INFO image_rx_daemon: published frame_id=0 240 B ΓåÆ lifetrac/v25/video/tile_delta

2026-07-25 02:53:20,935 INFO image_rx_daemon: published frame_id=0 226 B ΓåÆ lifetrac/v25/video/tile_delta

2026-07-25 02:53:21,541 INFO image_rx_daemon: stats: rx_frames=13 rx_decode_err=0 frames_published=6 publish_err=0 reassembler_decode_err=0 reassembler_timeouts=0

2026-07-25 02:53:21,978 INFO image_rx_daemon: published frame_id=0 262 B ΓåÆ lifetrac/v25/video/tile_delta

2026-07-25 02:53:22,124 INFO image_rx_daemon: published frame_id=0 129 B ΓåÆ lifetrac/v25/video/tile_delta

2026-07-25 02:53:22,282 INFO image_rx_daemon: published frame_id=0 131 B ΓåÆ lifetrac/v25/video/tile_delta

2026-07-25 02:53:23,132 INFO image_rx_daemon: published frame_id=0 131 B ΓåÆ lifetrac/v25/video/tile_delta

2026-07-25 02:53:23,267 INFO image_rx_daemon: published frame_id=0 127 B ΓåÆ lifetrac/v25/video/tile_delta

2026-07-25 02:53:23,421 INFO image_rx_daemon: published frame_id=0 127 B ΓåÆ lifetrac/v25/video/tile_delta

2026-07-25 02:53:24,264 INFO image_rx_daemon: published frame_id=0 127 B ΓåÆ lifetrac/v25/video/tile_delta

2026-07-25 02:53:24,399 INFO image_rx_daemon: published frame_id=0 129 B ΓåÆ lifetrac/v25/video/tile_delta

2026-07-25 02:53:24,554 INFO image_rx_daemon: published frame_id=0 127 B ΓåÆ lifetrac/v25/video/tile_delta

2026-07-25 02:53:25,388 INFO image_rx_daemon: published frame_id=0 115 B ΓåÆ lifetrac/v25/video/tile_delta

2026-07-25 02:53:25,533 INFO image_rx_daemon: published frame_id=0 129 B ΓåÆ lifetrac/v25/video/tile_delta

2026-07-25 02:53:25,688 INFO image_rx_daemon: published frame_id=0 125 B ΓåÆ lifetrac/v25/video/tile_delta

2026-07-25 02:53:26,525 INFO image_rx_daemon: published frame_id=0 129 B ΓåÆ lifetrac/v25/video/tile_delta

2026-07-25 02:53:26,704 INFO image_rx_daemon: published frame_id=0 163 B ΓåÆ lifetrac/v25/video/tile_delta

2026-07-25 02:53:27,690 INFO image_rx_daemon: published frame_id=0 163 B ΓåÆ lifetrac/v25/video/tile_delta

2026-07-25 02:53:27,887 INFO image_rx_daemon: published frame_id=0 179 B ΓåÆ lifetrac/v25/video/tile_delta

2026-07-25 02:53:28,888 INFO image_rx_daemon: published frame_id=0 193 B ΓåÆ lifetrac/v25/video/tile_delta

2026-07-25 02:53:29,114 INFO image_rx_daemon: published frame_id=0 227 B ΓåÆ lifetrac/v25/video/tile_delta

2026-07-25 02:53:30,119 INFO image_rx_daemon: published frame_id=0 233 B ΓåÆ lifetrac/v25/video/tile_delta

2026-07-25 02:53:31,356 INFO image_rx_daemon: published frame_id=0 275 B ΓåÆ lifetrac/v25/video/tile_delta

2026-07-25 02:53:31,545 INFO image_rx_daemon: stats: rx_frames=36 rx_decode_err=0 frames_published=26 publish_err=0 reassembler_decode_err=0 reassembler_timeouts=0

2026-07-25 02:53:32,541 INFO image_rx_daemon: published frame_id=0 261 B ΓåÆ lifetrac/v25/video/tile_delta

2026-07-25 02:53:33,724 INFO image_rx_daemon: published frame_id=0 241 B ΓåÆ lifetrac/v25/video/tile_delta

2026-07-25 02:53:33,915 INFO image_rx_daemon: published frame_id=0 187 B ΓåÆ lifetrac/v25/video/tile_delta

2026-07-25 02:53:34,868 INFO image_rx_daemon: published frame_id=0 189 B ΓåÆ lifetrac/v25/video/tile_delta

2026-07-25 02:53:35,088 INFO image_rx_daemon: published frame_id=0 173 B ΓåÆ lifetrac/v25/video/tile_delta

2026-07-25 02:53:36,029 INFO image_rx_daemon: published frame_id=0 163 B ΓåÆ lifetrac/v25/video/tile_delta

2026-07-25 02:53:36,355 INFO image_rx_daemon: published frame_id=0 256 B ΓåÆ lifetrac/v25/video/tile_delta

2026-07-25 02:53:37,540 INFO image_rx_daemon: published frame_id=0 240 B ΓåÆ lifetrac/v25/video/tile_delta

2026-07-25 02:53:38,731 INFO image_rx_daemon: published frame_id=0 226 B ΓåÆ lifetrac/v25/video/tile_delta

2026-07-25 02:53:39,750 INFO image_rx_daemon: published frame_id=0 240 B ΓåÆ lifetrac/v25/video/tile_delta

2026-07-25 02:53:40,178 INFO image_rx_daemon: published frame_id=0 236 B ΓåÆ lifetrac/v25/video/tile_delta

2026-07-25 02:53:41,375 INFO image_rx_daemon: published frame_id=0 238 B ΓåÆ lifetrac/v25/video/tile_delta

2026-07-25 02:53:41,549 INFO image_rx_daemon: stats: rx_frames=56 rx_decode_err=0 frames_published=38 publish_err=0 reassembler_decode_err=0 reassembler_timeouts=0

2026-07-25 02:53:42,581 INFO image_rx_daemon: published frame_id=0 242 B ΓåÆ lifetrac/v25/video/tile_delta

2026-07-25 02:53:42,717 INFO image_rx_daemon: published frame_id=0 127 B ΓåÆ lifetrac/v25/video/tile_delta

2026-07-25 02:53:43,660 INFO image_rx_daemon: published frame_id=0 121 B ΓåÆ lifetrac/v25/video/tile_delta

2026-07-25 02:53:43,794 INFO image_rx_daemon: published frame_id=0 117 B ΓåÆ lifetrac/v25/video/tile_delta

2026-07-25 02:53:43,917 INFO image_rx_daemon: published frame_id=0 115 B ΓåÆ lifetrac/v25/video/tile_delta

2026-07-25 02:53:44,809 INFO image_rx_daemon: published frame_id=0 135 B ΓåÆ lifetrac/v25/video/tile_delta

2026-07-25 02:53:44,947 INFO image_rx_daemon: published frame_id=0 129 B ΓåÆ lifetrac/v25/video/tile_delta

2026-07-25 02:53:45,084 INFO image_rx_daemon: published frame_id=0 131 B ΓåÆ lifetrac/v25/video/tile_delta

2026-07-25 02:53:45,938 INFO image_rx_daemon: published frame_id=0 129 B ΓåÆ lifetrac/v25/video/tile_delta

2026-07-25 02:53:46,094 INFO image_rx_daemon: published frame_id=0 135 B ΓåÆ lifetrac/v25/video/tile_delta

2026-07-25 02:53:46,236 INFO image_rx_daemon: published frame_id=0 131 B ΓåÆ lifetrac/v25/video/tile_delta

2026-07-25 02:53:47,089 INFO image_rx_daemon: published frame_id=0 133 B ΓåÆ lifetrac/v25/video/tile_delta

2026-07-25 02:53:47,234 INFO image_rx_daemon: published frame_id=0 135 B ΓåÆ lifetrac/v25/video/tile_delta

2026-07-25 02:53:47,401 INFO image_rx_daemon: published frame_id=0 151 B ΓåÆ lifetrac/v25/video/tile_delta

2026-07-25 02:53:48,397 INFO image_rx_daemon: published frame_id=0 155 B ΓåÆ lifetrac/v25/video/tile_delta

2026-07-25 02:53:48,575 INFO image_rx_daemon: published frame_id=0 175 B ΓåÆ lifetrac/v25/video/tile_delta

2026-07-25 02:53:49,595 INFO image_rx_daemon: published frame_id=0 193 B ΓåÆ lifetrac/v25/video/tile_delta

2026-07-25 02:53:49,814 INFO image_rx_daemon: published frame_id=0 213 B ΓåÆ lifetrac/v25/video/tile_delta

2026-07-25 02:53:50,795 INFO image_rx_daemon: published frame_id=0 211 B ΓåÆ lifetrac/v25/video/tile_delta

2026-07-25 02:53:51,552 INFO image_rx_daemon: stats: rx_frames=79 rx_decode_err=0 frames_published=57 publish_err=0 reassembler_decode_err=0 reassembler_timeouts=0

2026-07-25 02:53:51,860 INFO image_rx_daemon: published frame_id=0 267 B ΓåÆ lifetrac/v25/video/tile_delta

2026-07-25 02:53:52,281 INFO image_rx_daemon: published frame_id=0 265 B ΓåÆ lifetrac/v25/video/tile_delta

2026-07-25 02:53:53,489 INFO image_rx_daemon: published frame_id=0 273 B ΓåÆ lifetrac/v25/video/tile_delta

2026-07-25 02:53:54,683 INFO image_rx_daemon: published frame_id=0 265 B ΓåÆ lifetrac/v25/video/tile_delta

2026-07-25 02:53:55,870 INFO image_rx_daemon: published frame_id=0 255 B ΓåÆ lifetrac/v25/video/tile_delta

2026-07-25 02:53:57,008 INFO image_rx_daemon: published frame_id=0 197 B ΓåÆ lifetrac/v25/video/tile_delta

2026-07-25 02:53:57,165 INFO image_rx_daemon: published frame_id=0 163 B ΓåÆ lifetrac/v25/video/tile_delta

2026-07-25 02:53:58,168 INFO image_rx_daemon: published frame_id=0 163 B ΓåÆ lifetrac/v25/video/tile_delta

2026-07-25 02:53:58,425 INFO image_rx_daemon: published frame_id=0 246 B ΓåÆ lifetrac/v25/video/tile_delta

2026-07-25 02:53:59,625 INFO image_rx_daemon: published frame_id=0 246 B ΓåÆ lifetrac/v25/video/tile_delta

2026-07-25 02:54:00,823 INFO image_rx_daemon: published frame_id=0 244 B ΓåÆ lifetrac/v25/video/tile_delta

2026-07-25 02:54:01,556 INFO image_rx_daemon: stats: rx_frames=97 rx_decode_err=0 frames_published=68 publish_err=0 reassembler_decode_err=0 reassembler_timeouts=0

2026-07-25 02:54:02,018 INFO image_rx_daemon: published frame_id=0 244 B ΓåÆ lifetrac/v25/video/tile_delta

2026-07-25 02:54:03,207 INFO image_rx_daemon: published frame_id=0 230 B ΓåÆ lifetrac/v25/video/tile_delta

2026-07-25 02:54:04,234 INFO image_rx_daemon: published frame_id=0 256 B ΓåÆ lifetrac/v25/video/tile_delta

2026-07-25 02:54:04,385 INFO image_rx_daemon: published frame_id=0 131 B ΓåÆ lifetrac/v25/video/tile_delta

2026-07-25 02:54:04,551 INFO image_rx_daemon: published frame_id=0 131 B ΓåÆ lifetrac/v25/video/tile_delta

2026-07-25 02:54:05,378 INFO image_rx_daemon: published frame_id=0 129 B ΓåÆ lifetrac/v25/video/tile_delta

2026-07-25 02:54:05,513 INFO image_rx_daemon: published frame_id=0 127 B ΓåÆ lifetrac/v25/video/tile_delta

2026-07-25 02:54:05,682 INFO image_rx_daemon: published frame_id=0 129 B ΓåÆ lifetrac/v25/video/tile_delta

2026-07-25 02:54:06,528 INFO image_rx_daemon: published frame_id=0 127 B ΓåÆ lifetrac/v25/video/tile_delta

2026-07-25 02:54:06,655 INFO image_rx_daemon: published frame_id=0 127 B ΓåÆ lifetrac/v25/video/tile_delta

2026-07-25 02:54:06,821 INFO image_rx_daemon: published frame_id=0 127 B ΓåÆ lifetrac/v25/video/tile_delta

2026-07-25 02:54:07,651 INFO image_rx_daemon: published frame_id=0 127 B ΓåÆ lifetrac/v25/video/tile_delta

2026-07-25 02:54:07,796 INFO image_rx_daemon: published frame_id=0 127 B ΓåÆ lifetrac/v25/video/tile_delta

2026-07-25 02:54:07,946 INFO image_rx_daemon: published frame_id=0 115 B ΓåÆ lifetrac/v25/video/tile_delta

2026-07-25 02:54:08,778 INFO image_rx_daemon: published frame_id=0 117 B ΓåÆ lifetrac/v25/video/tile_delta

2026-07-25 02:54:08,955 INFO image_rx_daemon: published frame_id=0 151 B ΓåÆ lifetrac/v25/video/tile_delta

2026-07-25 02:54:09,106 INFO image_rx_daemon: published frame_id=0 149 B ΓåÆ lifetrac/v25/video/tile_delta

2026-07-25 02:54:10,113 INFO image_rx_daemon: published frame_id=0 155 B ΓåÆ lifetrac/v25/video/tile_delta

2026-07-25 02:54:10,291 INFO image_rx_daemon: published frame_id=0 185 B ΓåÆ lifetrac/v25/video/tile_delta

2026-07-25 02:54:11,295 INFO image_rx_daemon: published frame_id=0 179 B ΓåÆ lifetrac/v25/video/tile_delta

2026-07-25 02:54:11,500 INFO image_rx_daemon: published frame_id=0 209 B ΓåÆ lifetrac/v25/video/tile_delta

2026-07-25 02:54:11,559 INFO image_rx_daemon: stats: rx_frames=122 rx_decode_err=0 frames_published=89 publish_err=0 reassembler_decode_err=0 reassembler_timeouts=0

2026-07-25 02:54:12,525 INFO image_rx_daemon: published frame_id=0 229 B ΓåÆ lifetrac/v25/video/tile_delta

2026-07-25 02:54:13,540 INFO image_rx_daemon: published frame_id=0 243 B ΓåÆ lifetrac/v25/video/tile_delta

2026-07-25 02:54:13,979 INFO image_rx_daemon: published frame_id=0 247 B ΓåÆ lifetrac/v25/video/tile_delta

2026-07-25 02:54:15,192 INFO image_rx_daemon: published frame_id=0 261 B ΓåÆ lifetrac/v25/video/tile_delta

2026-07-25 02:54:16,376 INFO image_rx_daemon: published frame_id=0 241 B ΓåÆ lifetrac/v25/video/tile_delta

2026-07-25 02:54:16,566 INFO image_rx_daemon: published frame_id=0 187 B ΓåÆ lifetrac/v25/video/tile_delta

2026-07-25 02:54:17,520 INFO image_rx_daemon: published frame_id=0 189 B ΓåÆ lifetrac/v25/video/tile_delta

2026-07-25 02:54:17,739 INFO image_rx_daemon: published frame_id=0 173 B ΓåÆ lifetrac/v25/video/tile_delta

2026-07-25 02:54:18,676 INFO image_rx_daemon: published frame_id=0 163 B ΓåÆ lifetrac/v25/video/tile_delta

2026-07-25 02:54:19,004 INFO image_rx_daemon: published frame_id=0 256 B ΓåÆ lifetrac/v25/video/tile_delta

2026-07-25 02:54:20,189 INFO image_rx_daemon: published frame_id=0 244 B ΓåÆ lifetrac/v25/video/tile_delta

2026-07-25 02:54:21,381 INFO image_rx_daemon: published frame_id=0 230 B ΓåÆ lifetrac/v25/video/tile_delta

2026-07-25 02:54:21,567 INFO image_rx_daemon: stats: rx_frames=142 rx_decode_err=0 frames_published=101 publish_err=0 reassembler_decode_err=0 reassembler_timeouts=0

2026-07-25 02:54:22,398 INFO image_rx_daemon: published frame_id=0 240 B ΓåÆ lifetrac/v25/video/tile_delta

2026-07-25 02:54:22,824 INFO image_rx_daemon: published frame_id=0 236 B ΓåÆ lifetrac/v25/video/tile_delta

2026-07-25 02:54:24,019 INFO image_rx_daemon: published frame_id=0 238 B ΓåÆ lifetrac/v25/video/tile_delta

2026-07-25 02:54:25,224 INFO image_rx_daemon: published frame_id=0 242 B ΓåÆ lifetrac/v25/video/tile_delta

2026-07-25 02:54:25,376 INFO image_rx_daemon: published frame_id=0 127 B ΓåÆ lifetrac/v25/video/tile_delta

2026-07-25 02:54:26,316 INFO image_rx_daemon: published frame_id=0 121 B ΓåÆ lifetrac/v25/video/tile_delta

2026-07-25 02:54:26,450 INFO image_rx_daemon: published frame_id=0 117 B ΓåÆ lifetrac/v25/video/tile_delta

2026-07-25 02:54:26,574 INFO image_rx_daemon: published frame_id=0 115 B ΓåÆ lifetrac/v25/video/tile_delta

2026-07-25 02:54:27,463 INFO image_rx_daemon: published frame_id=0 135 B ΓåÆ lifetrac/v25/video/tile_delta

2026-07-25 02:54:27,603 INFO image_rx_daemon: published frame_id=0 129 B ΓåÆ lifetrac/v25/video/tile_delta

2026-07-25 02:54:27,745 INFO image_rx_daemon: published frame_id=0 131 B ΓåÆ lifetrac/v25/video/tile_delta

2026-07-25 02:54:28,603 INFO image_rx_daemon: published frame_id=0 129 B ΓåÆ lifetrac/v25/video/tile_delta

2026-07-25 02:54:28,743 INFO image_rx_daemon: published frame_id=0 135 B ΓåÆ lifetrac/v25/video/tile_delta

2026-07-25 02:54:28,889 INFO image_rx_daemon: published frame_id=0 131 B ΓåÆ lifetrac/v25/video/tile_delta

2026-07-25 02:54:29,734 INFO image_rx_daemon: published frame_id=0 133 B ΓåÆ lifetrac/v25/video/tile_delta

2026-07-25 02:54:29,890 INFO image_rx_daemon: published frame_id=0 135 B ΓåÆ lifetrac/v25/video/tile_delta

2026-07-25 02:54:30,054 INFO image_rx_daemon: published frame_id=0 151 B ΓåÆ lifetrac/v25/video/tile_delta

2026-07-25 02:54:31,050 INFO image_rx_daemon: published frame_id=0 151 B ΓåÆ lifetrac/v25/video/tile_delta

2026-07-25 02:54:31,235 INFO image_rx_daemon: published frame_id=0 175 B ΓåÆ lifetrac/v25/video/tile_delta

2026-07-25 02:54:31,574 INFO image_rx_daemon: stats: rx_frames=165 rx_decode_err=0 frames_published=120 publish_err=0 reassembler_decode_err=0 reassembler_timeouts=0

2026-07-25 02:54:32,244 INFO image_rx_daemon: published frame_id=0 193 B ΓåÆ lifetrac/v25/video/tile_delta

2026-07-25 02:54:32,453 INFO image_rx_daemon: published frame_id=0 213 B ΓåÆ lifetrac/v25/video/tile_delta

2026-07-25 02:54:33,451 INFO image_rx_daemon: published frame_id=0 211 B ΓåÆ lifetrac/v25/video/tile_delta

2026-07-25 02:54:34,511 INFO image_rx_daemon: published frame_id=0 265 B ΓåÆ lifetrac/v25/video/tile_delta

2026-07-25 02:54:34,943 INFO image_rx_daemon: published frame_id=0 265 B ΓåÆ lifetrac/v25/video/tile_delta

2026-07-25 02:54:36,150 INFO image_rx_daemon: published frame_id=0 273 B ΓåÆ lifetrac/v25/video/tile_delta

2026-07-25 02:54:37,346 INFO image_rx_daemon: published frame_id=0 269 B ΓåÆ lifetrac/v25/video/tile_delta

2026-07-25 02:54:38,533 INFO image_rx_daemon: published frame_id=0 255 B ΓåÆ lifetrac/v25/video/tile_delta

2026-07-25 02:54:39,669 INFO image_rx_daemon: published frame_id=0 197 B ΓåÆ lifetrac/v25/video/tile_delta

2026-07-25 02:54:39,839 INFO image_rx_daemon: published frame_id=0 163 B ΓåÆ lifetrac/v25/video/tile_delta

2026-07-25 02:54:40,839 INFO image_rx_daemon: published frame_id=0 163 B ΓåÆ lifetrac/v25/video/tile_delta

2026-07-25 02:54:41,088 INFO image_rx_daemon: published frame_id=0 246 B ΓåÆ lifetrac/v25/video/tile_delta

2026-07-25 02:54:41,578 INFO image_rx_daemon: stats: rx_frames=185 rx_decode_err=0 frames_published=132 publish_err=0 reassembler_decode_err=0 reassembler_timeouts=0

2026-07-25 02:54:42,289 INFO image_rx_daemon: published frame_id=0 246 B ΓåÆ lifetrac/v25/video/tile_delta

2026-07-25 02:54:43,484 INFO image_rx_daemon: published frame_id=0 244 B ΓåÆ lifetrac/v25/video/tile_delta

2026-07-25 02:54:44,684 INFO image_rx_daemon: published frame_id=0 244 B ΓåÆ lifetrac/v25/video/tile_delta

2026-07-25 02:54:45,866 INFO image_rx_daemon: published frame_id=0 230 B ΓåÆ lifetrac/v25/video/tile_delta

2026-07-25 02:54:46,910 INFO image_rx_daemon: published frame_id=0 256 B ΓåÆ lifetrac/v25/video/tile_delta

2026-07-25 02:54:47,055 INFO image_rx_daemon: published frame_id=0 131 B ΓåÆ lifetrac/v25/video/tile_delta

2026-07-25 02:54:47,221 INFO image_rx_daemon: published frame_id=0 131 B ΓåÆ lifetrac/v25/video/tile_delta

2026-07-25 02:54:48,050 INFO image_rx_daemon: published frame_id=0 129 B ΓåÆ lifetrac/v25/video/tile_delta

2026-07-25 02:54:48,186 INFO image_rx_daemon: published frame_id=0 127 B ΓåÆ lifetrac/v25/video/tile_delta

2026-07-25 02:54:48,351 INFO image_rx_daemon: published frame_id=0 129 B ΓåÆ lifetrac/v25/video/tile_delta

2026-07-25 02:54:49,186 INFO image_rx_daemon: published frame_id=0 127 B ΓåÆ lifetrac/v25/video/tile_delta

2026-07-25 02:54:49,321 INFO image_rx_daemon: published frame_id=0 127 B ΓåÆ lifetrac/v25/video/tile_delta

2026-07-25 02:54:49,487 INFO image_rx_daemon: published frame_id=0 127 B ΓåÆ lifetrac/v25/video/tile_delta

2026-07-25 02:54:50,319 INFO image_rx_daemon: published frame_id=0 127 B ΓåÆ lifetrac/v25/video/tile_delta

2026-07-25 02:54:50,464 INFO image_rx_daemon: published frame_id=0 127 B ΓåÆ lifetrac/v25/video/tile_delta

2026-07-25 02:54:50,616 INFO image_rx_daemon: published frame_id=0 115 B ΓåÆ lifetrac/v25/video/tile_delta

2026-07-25 02:54:51,447 INFO image_rx_daemon: published frame_id=0 117 B ΓåÆ lifetrac/v25/video/tile_delta

2026-07-25 02:54:51,583 INFO image_rx_daemon: stats: rx_frames=207 rx_decode_err=0 frames_published=149 publish_err=0 reassembler_decode_err=0 reassembler_timeouts=0

2026-07-25 02:54:51,619 INFO image_rx_daemon: published frame_id=0 151 B ΓåÆ lifetrac/v25/video/tile_delta

2026-07-25 02:54:51,776 INFO image_rx_daemon: published frame_id=0 149 B ΓåÆ lifetrac/v25/video/tile_delta

2026-07-25 02:54:52,782 INFO image_rx_daemon: published frame_id=0 157 B ΓåÆ lifetrac/v25/video/tile_delta

2026-07-25 02:54:52,961 INFO image_rx_daemon: published frame_id=0 185 B ΓåÆ lifetrac/v25/video/tile_delta

2026-07-25 02:54:53,959 INFO image_rx_daemon: published frame_id=0 179 B ΓåÆ lifetrac/v25/video/tile_delta

2026-07-25 02:54:54,170 INFO image_rx_daemon: published frame_id=0 209 B ΓåÆ lifetrac/v25/video/tile_delta

2026-07-25 02:54:55,192 INFO image_rx_daemon: published frame_id=0 227 B ΓåÆ lifetrac/v25/video/tile_delta

2026-07-25 02:54:56,198 INFO image_rx_daemon: published frame_id=0 225 B ΓåÆ lifetrac/v25/video/tile_delta

2026-07-25 02:54:56,463 INFO image_rx_daemon: published frame_id=0 259 B ΓåÆ lifetrac/v25/video/tile_delta

2026-07-25 02:54:57,645 INFO image_rx_daemon: published frame_id=0 229 B ΓåÆ lifetrac/v25/video/tile_delta

2026-07-25 02:54:58,651 INFO image_rx_daemon: published frame_id=0 233 B ΓåÆ lifetrac/v25/video/tile_delta

2026-07-25 02:54:59,083 INFO image_rx_daemon: published frame_id=0 219 B ΓåÆ lifetrac/v25/video/tile_delta

2026-07-25 02:54:59,851 INFO image_rx_daemon: published frame_id=0 187 B ΓåÆ lifetrac/v25/video/tile_delta

2026-07-25 02:55:00,229 INFO image_rx_daemon: published frame_id=0 177 B ΓåÆ lifetrac/v25/video/tile_delta

2026-07-25 02:55:01,014 INFO image_rx_daemon: published frame_id=0 167 B ΓåÆ lifetrac/v25/video/tile_delta

2026-07-25 02:55:01,488 INFO image_rx_daemon: published frame_id=0 262 B ΓåÆ lifetrac/v25/video/tile_delta

2026-07-25 02:55:01,586 INFO image_rx_daemon: stats: rx_frames=231 rx_decode_err=0 frames_published=165 publish_err=0 reassembler_decode_err=0 reassembler_timeouts=0

2026-07-25 02:55:02,677 INFO image_rx_daemon: published frame_id=0 248 B ΓåÆ lifetrac/v25/video/tile_delta

2026-07-25 02:55:03,862 INFO image_rx_daemon: published frame_id=0 236 B ΓåÆ lifetrac/v25/video/tile_delta

2026-07-25 02:55:05,071 INFO image_rx_daemon: published frame_id=0 244 B ΓåÆ lifetrac/v25/video/tile_delta

2026-07-25 02:55:06,260 INFO image_rx_daemon: published frame_id=0 236 B ΓåÆ lifetrac/v25/video/tile_delta

2026-07-25 02:55:07,462 INFO image_rx_daemon: published frame_id=0 240 B ΓåÆ lifetrac/v25/video/tile_delta

2026-07-25 02:55:08,690 INFO image_rx_daemon: published frame_id=0 266 B ΓåÆ lifetrac/v25/video/tile_delta

2026-07-25 02:55:08,823 INFO image_rx_daemon: published frame_id=0 115 B ΓåÆ lifetrac/v25/video/tile_delta

2026-07-25 02:55:09,745 INFO image_rx_daemon: published frame_id=0 117 B ΓåÆ lifetrac/v25/video/tile_delta

2026-07-25 02:55:09,887 INFO image_rx_daemon: published frame_id=0 129 B ΓåÆ lifetrac/v25/video/tile_delta

2026-07-25 02:55:10,022 INFO image_rx_daemon: published frame_id=0 129 B ΓåÆ lifetrac/v25/video/tile_delta

2026-07-25 02:55:10,879 INFO image_rx_daemon: published frame_id=0 129 B ΓåÆ lifetrac/v25/video/tile_delta

2026-07-25 02:55:11,026 INFO image_rx_daemon: published frame_id=0 133 B ΓåÆ lifetrac/v25/video/tile_delta

2026-07-25 02:55:11,167 INFO image_rx_daemon: published frame_id=0 131 B ΓåÆ lifetrac/v25/video/tile_delta

2026-07-25 02:55:11,590 INFO image_rx_daemon: stats: rx_frames=250 rx_decode_err=0 frames_published=178 publish_err=0 reassembler_decode_err=0 reassembler_timeouts=0

2026-07-25 02:55:12,024 INFO image_rx_daemon: published frame_id=0 135 B ΓåÆ lifetrac/v25/video/tile_delta

2026-07-25 02:55:12,169 INFO image_rx_daemon: published frame_id=0 133 B ΓåÆ lifetrac/v25/video/tile_delta

2026-07-25 02:55:12,311 INFO image_rx_daemon: published frame_id=0 135 B ΓåÆ lifetrac/v25/video/tile_delta

2026-07-25 02:55:13,171 INFO image_rx_daemon: published frame_id=0 135 B ΓåÆ lifetrac/v25/video/tile_delta

2026-07-25 02:55:13,338 INFO image_rx_daemon: published frame_id=0 161 B ΓåÆ lifetrac/v25/video/tile_delta

2026-07-25 02:55:14,344 INFO image_rx_daemon: published frame_id=0 175 B ΓåÆ lifetrac/v25/video/tile_delta

2026-07-25 02:55:14,554 INFO image_rx_daemon: published frame_id=0 201 B ΓåÆ lifetrac/v25/video/tile_delta

2026-07-25 02:55:15,585 INFO image_rx_daemon: published frame_id=0 215 B ΓåÆ lifetrac/v25/video/tile_delta

2026-07-25 02:55:16,623 INFO image_rx_daemon: published frame_id=0 255 B ΓåÆ lifetrac/v25/video/tile_delta

2026-07-25 02:55:17,052 INFO image_rx_daemon: published frame_id=0 265 B ΓåÆ lifetrac/v25/video/tile_delta

2026-07-25 02:55:18,246 INFO image_rx_daemon: published frame_id=0 263 B ΓåÆ lifetrac/v25/video/tile_delta

