=== cycle 1/3 2026-05-26T14:03:02.5140269-05:00 ===
WARN: cycle 1 timed out after 180s (adb exec-out killed)
bash
=== cycle 2/3 2026-05-26T14:06:02.6363084-05:00 ===
bashRUN_OUTDIR=/tmp/lifetrac_p0c/stage1_standard_runs/T6_stage1_standard_2026-05-26_190602
RUN_ID=T6_stage1_standard_2026-05-26_190602
BOARD_SERIAL=2E2C1209DABC240B
IMAGE_NAME=firmware.bin
OPENOCD_CFG=/tmp/lifetrac_p0c/07_assert_pa11_pf4_long.cfg
SYNC_OK=0
GETID_OK=0
ERASE_OK=0
WRITE_OK=0
VERIFY_OK=0
BOOT_OK=0
FINAL_RESULT=FAIL_SYNC
ELAPSED_S=26
OUTDIR=/tmp/lifetrac_p0c/stage1_standard_runs/T6_stage1_standard_2026-05-26_190602
__STD_RC__=1

=== cycle 3/3 2026-05-26T14:06:29.3589340-05:00 ===
bashRUN_OUTDIR=/tmp/lifetrac_p0c/stage1_standard_runs/T6_stage1_standard_2026-05-26_190628
RUN_ID=T6_stage1_standard_2026-05-26_190628
BOARD_SERIAL=2E2C1209DABC240B
IMAGE_NAME=firmware.bin
OPENOCD_CFG=/tmp/lifetrac_p0c/07_assert_pa11_pf4_long.cfg
SYNC_OK=0
GETID_OK=0
ERASE_OK=0
WRITE_OK=0
VERIFY_OK=0
BOOT_OK=0
FINAL_RESULT=FAIL_SYNC
ELAPSED_S=27
OUTDIR=/tmp/lifetrac_p0c/stage1_standard_runs/T6_stage1_standard_2026-05-26_190628
__STD_RC__=1

