2026-07-26 17:29:10,815 INFO image_rx_daemon: opening L072 HostLink on /dev/ttymxc3 @ 921600

2026-07-26 17:29:10,818 INFO image_rx_daemon: image_rx_daemon started; mqtt=127.0.0.1:1883 uart=/dev/ttymxc3

2026-07-26 17:29:10,820 INFO image_rx_daemon: ctrl MQTT connected (192.168.1.79)

2026-07-26 17:29:10,828 INFO image_rx_daemon: MQTT connected; ready to publish lifetrac/v25/video/tile_delta

2026-07-26 17:29:10,833 INFO image_rx_daemon: LIFETRAC_SKIP_RESET_REQ=1 — relying on external NRST; draining boot chatter only

2026-07-26 17:29:11,266 INFO image_rx_daemon: L072 VER warm-up ok (attempt 1)

Initializing regulatory profile 2 on co-processor...

  FHSS mask: single channel 0 (0100000000000000)

CFG_SET_REQ(FHSS_CHANNEL_MASK) OK: 07000800

CFG_SET_REQ(ANTENNA_GAIN_DBI) OK: 15000100

CFG_SET_REQ(HW_CEILING_DBM) OK: 16000100

CFG_SET_REQ(REG_PROFILE=2) OK: 14000100

  forcing FRF -> 915.000 MHz (raw=0xE4C000 -> Msb=0xE4 Mid=0xC0 Lsb=0x00)

  FRF readback: 0xE4C000 = 915.000 MHz (OK)

2026-07-26 17:29:11,686 INFO image_rx_daemon: LBT_ENABLE=0 (command uplink shares the image channel)

PHY contract OK: image_bw500 == {'sf': 7, 'bw_khz': 500, 'cr_den': 5, 'preamble': 8}

2026-07-26 17:29:11,768 INFO image_rx_daemon: SX1276 RXCONT autowake: opmode 0x81 -> 0x85

2026-07-26 17:29:11,770 INFO image_rx_daemon: RX worker ready; draining RX_FRAME_URC...

2026-07-26 17:29:11,818 INFO image_rx_daemon: stats: rx_frames=0 rx_decode_err=0 frames_published=0 publish_err=0 reassembler_decode_err=0 reassembler_timeouts=0

RFCO_PERTX during TX wait: profile_id=2 tx_status=0x00(OK) hop_idx=0 channel_idx=0 epoch=0 freq_hz=0 pkt_toa_us=10304 legal_dwell_used_us_10s=0

2026-07-26 17:29:12,046 INFO image_rx_daemon: command TX opcode=0x63 copy=1/1 OK (on air)

RFCO_PERTX during TX wait: profile_id=2 tx_status=0x00(OK) hop_idx=0 channel_idx=0 epoch=0 freq_hz=0 pkt_toa_us=10304 legal_dwell_used_us_10s=0

2026-07-26 17:29:12,343 INFO image_rx_daemon: command TX opcode=0x63 copy=1/1 OK (on air)

RFCO_PERTX during TX wait: profile_id=2 tx_status=0x00(OK) hop_idx=0 channel_idx=0 epoch=0 freq_hz=0 pkt_toa_us=10304 legal_dwell_used_us_10s=0

2026-07-26 17:29:12,638 INFO image_rx_daemon: command TX opcode=0x63 copy=1/1 OK (on air)

RFCO_PERTX during TX wait: profile_id=2 tx_status=0x00(OK) hop_idx=0 channel_idx=0 epoch=0 freq_hz=0 pkt_toa_us=10304 legal_dwell_used_us_10s=0

2026-07-26 17:29:12,931 INFO image_rx_daemon: command TX opcode=0x63 copy=1/1 OK (on air)

RFCO_PERTX during TX wait: profile_id=2 tx_status=0x00(OK) hop_idx=0 channel_idx=0 epoch=0 freq_hz=0 pkt_toa_us=10304 legal_dwell_used_us_10s=0

2026-07-26 17:29:13,222 INFO image_rx_daemon: command TX opcode=0x63 copy=1/1 OK (on air)

RFCO_PERTX during TX wait: profile_id=2 tx_status=0x00(OK) hop_idx=0 channel_idx=0 epoch=0 freq_hz=0 pkt_toa_us=10304 legal_dwell_used_us_10s=0

2026-07-26 17:29:13,512 INFO image_rx_daemon: command TX opcode=0x63 copy=1/1 OK (on air)

RFCO_PERTX during TX wait: profile_id=2 tx_status=0x00(OK) hop_idx=0 channel_idx=0 epoch=0 freq_hz=0 pkt_toa_us=10304 legal_dwell_used_us_10s=0

2026-07-26 17:29:13,805 INFO image_rx_daemon: command TX opcode=0x63 copy=1/1 OK (on air)

RFCO_PERTX during TX wait: profile_id=2 tx_status=0x00(OK) hop_idx=0 channel_idx=0 epoch=0 freq_hz=0 pkt_toa_us=10304 legal_dwell_used_us_10s=0

2026-07-26 17:29:14,097 INFO image_rx_daemon: command TX opcode=0x63 copy=1/1 OK (on air)

RFCO_PERTX during TX wait: profile_id=2 tx_status=0x00(OK) hop_idx=0 channel_idx=0 epoch=0 freq_hz=0 pkt_toa_us=10304 legal_dwell_used_us_10s=0

2026-07-26 17:29:14,389 INFO image_rx_daemon: command TX opcode=0x63 copy=1/1 OK (on air)

RFCO_PERTX during TX wait: profile_id=2 tx_status=0x00(OK) hop_idx=0 channel_idx=0 epoch=0 freq_hz=0 pkt_toa_us=10304 legal_dwell_used_us_10s=0

2026-07-26 17:29:14,685 INFO image_rx_daemon: command TX opcode=0x63 copy=1/1 OK (on air)

RFCO_PERTX during TX wait: profile_id=2 tx_status=0x00(OK) hop_idx=0 channel_idx=0 epoch=0 freq_hz=0 pkt_toa_us=10304 legal_dwell_used_us_10s=0

2026-07-26 17:29:14,973 INFO image_rx_daemon: command TX opcode=0x63 copy=1/1 OK (on air)

RFCO_PERTX during TX wait: profile_id=2 tx_status=0x00(OK) hop_idx=0 channel_idx=0 epoch=0 freq_hz=0 pkt_toa_us=10304 legal_dwell_used_us_10s=0

2026-07-26 17:29:15,265 INFO image_rx_daemon: command TX opcode=0x63 copy=1/1 OK (on air)

RFCO_PERTX during TX wait: profile_id=2 tx_status=0x00(OK) hop_idx=0 channel_idx=0 epoch=0 freq_hz=0 pkt_toa_us=10304 legal_dwell_used_us_10s=0

2026-07-26 17:29:15,557 INFO image_rx_daemon: command TX opcode=0x63 copy=1/1 OK (on air)

RFCO_PERTX during TX wait: profile_id=2 tx_status=0x00(OK) hop_idx=0 channel_idx=0 epoch=0 freq_hz=0 pkt_toa_us=10304 legal_dwell_used_us_10s=0

2026-07-26 17:29:15,848 INFO image_rx_daemon: command TX opcode=0x63 copy=1/1 OK (on air)

RFCO_PERTX during TX wait: profile_id=2 tx_status=0x00(OK) hop_idx=0 channel_idx=0 epoch=0 freq_hz=0 pkt_toa_us=10304 legal_dwell_used_us_10s=0

2026-07-26 17:29:16,140 INFO image_rx_daemon: command TX opcode=0x63 copy=1/1 OK (on air)

RFCO_PERTX during TX wait: profile_id=2 tx_status=0x00(OK) hop_idx=0 channel_idx=0 epoch=0 freq_hz=0 pkt_toa_us=10304 legal_dwell_used_us_10s=0

2026-07-26 17:29:16,430 INFO image_rx_daemon: command TX opcode=0x63 copy=1/1 OK (on air)

RFCO_PERTX during TX wait: profile_id=2 tx_status=0x00(OK) hop_idx=0 channel_idx=0 epoch=0 freq_hz=0 pkt_toa_us=10304 legal_dwell_used_us_10s=0

2026-07-26 17:29:16,735 INFO image_rx_daemon: command TX opcode=0x63 copy=1/1 OK (on air)

RFCO_PERTX during TX wait: profile_id=2 tx_status=0x00(OK) hop_idx=0 channel_idx=0 epoch=0 freq_hz=0 pkt_toa_us=10304 legal_dwell_used_us_10s=0

2026-07-26 17:29:17,028 INFO image_rx_daemon: command TX opcode=0x63 copy=1/1 OK (on air)

RFCO_PERTX during TX wait: profile_id=2 tx_status=0x00(OK) hop_idx=0 channel_idx=0 epoch=0 freq_hz=0 pkt_toa_us=10304 legal_dwell_used_us_10s=0

2026-07-26 17:29:17,318 INFO image_rx_daemon: command TX opcode=0x63 copy=1/1 OK (on air)

RFCO_PERTX during TX wait: profile_id=2 tx_status=0x00(OK) hop_idx=0 channel_idx=0 epoch=0 freq_hz=0 pkt_toa_us=10304 legal_dwell_used_us_10s=0

2026-07-26 17:29:17,625 INFO image_rx_daemon: command TX opcode=0x63 copy=1/1 OK (on air)

2026-07-26 17:29:17,890 WARNING image_rx_daemon: cmd 0x63 GAVE UP after 20 attempts (7.0 s)

2026-07-26 17:29:21,824 INFO image_rx_daemon: stats: rx_frames=0 rx_decode_err=0 frames_published=0 publish_err=0 reassembler_decode_err=0 reassembler_timeouts=0

2026-07-26 17:29:26,180 INFO image_rx_daemon: published frame_id=0 252 B → lifetrac/v25/video/tile_delta

2026-07-26 17:29:26,553 INFO image_rx_daemon: published frame_id=0 246 B → lifetrac/v25/video/tile_delta

2026-07-26 17:29:26,554 INFO image_rx_daemon: published frame_id=0 246 B → lifetrac/v25/video/tile_delta

2026-07-26 17:29:26,555 INFO image_rx_daemon: published frame_id=0 244 B → lifetrac/v25/video/tile_delta

2026-07-26 17:29:26,920 INFO image_rx_daemon: published frame_id=0 248 B → lifetrac/v25/video/tile_delta

2026-07-26 17:29:26,921 INFO image_rx_daemon: published frame_id=0 248 B → lifetrac/v25/video/tile_delta

2026-07-26 17:29:26,922 INFO image_rx_daemon: published frame_id=0 240 B → lifetrac/v25/video/tile_delta

2026-07-26 17:29:27,060 INFO image_rx_daemon: cmd 0x60 CONVERGED after 0 attempts (0.1 s): keyframe received

2026-07-26 17:29:27,062 INFO image_rx_daemon: published frame_id=0 246 B → lifetrac/v25/video/tile_delta

2026-07-26 17:29:27,412 INFO image_rx_daemon: published frame_id=0 244 B → lifetrac/v25/video/tile_delta

2026-07-26 17:29:27,413 INFO image_rx_daemon: published frame_id=0 240 B → lifetrac/v25/video/tile_delta

2026-07-26 17:29:27,568 INFO image_rx_daemon: published frame_id=0 244 B → lifetrac/v25/video/tile_delta

2026-07-26 17:29:27,816 INFO image_rx_daemon: published frame_id=0 226 B → lifetrac/v25/video/tile_delta

2026-07-26 17:29:27,817 INFO image_rx_daemon: published frame_id=0 234 B → lifetrac/v25/video/tile_delta

2026-07-26 17:29:27,960 INFO image_rx_daemon: published frame_id=0 244 B → lifetrac/v25/video/tile_delta

2026-07-26 17:29:28,328 INFO image_rx_daemon: published frame_id=0 244 B → lifetrac/v25/video/tile_delta

2026-07-26 17:29:28,329 INFO image_rx_daemon: published frame_id=0 246 B → lifetrac/v25/video/tile_delta

2026-07-26 17:29:28,330 INFO image_rx_daemon: published frame_id=0 246 B → lifetrac/v25/video/tile_delta

2026-07-26 17:29:28,753 INFO image_rx_daemon: published frame_id=0 250 B → lifetrac/v25/video/tile_delta

2026-07-26 17:29:28,755 INFO image_rx_daemon: published frame_id=0 244 B → lifetrac/v25/video/tile_delta

2026-07-26 17:29:28,757 INFO image_rx_daemon: published frame_id=0 248 B → lifetrac/v25/video/tile_delta

2026-07-26 17:29:28,940 INFO image_rx_daemon: published frame_id=0 242 B → lifetrac/v25/video/tile_delta

2026-07-26 17:29:29,080 INFO image_rx_daemon: published frame_id=0 244 B → lifetrac/v25/video/tile_delta

2026-07-26 17:29:29,444 INFO image_rx_daemon: published frame_id=0 244 B → lifetrac/v25/video/tile_delta

2026-07-26 17:29:29,445 INFO image_rx_daemon: published frame_id=0 242 B → lifetrac/v25/video/tile_delta

2026-07-26 17:29:29,446 INFO image_rx_daemon: published frame_id=0 226 B → lifetrac/v25/video/tile_delta

2026-07-26 17:29:29,696 INFO image_rx_daemon: published frame_id=0 234 B → lifetrac/v25/video/tile_delta

2026-07-26 17:29:29,696 INFO image_rx_daemon: published frame_id=0 246 B → lifetrac/v25/video/tile_delta

2026-07-26 17:29:30,044 INFO image_rx_daemon: published frame_id=0 246 B → lifetrac/v25/video/tile_delta

2026-07-26 17:29:30,044 INFO image_rx_daemon: published frame_id=0 250 B → lifetrac/v25/video/tile_delta

2026-07-26 17:29:30,045 INFO image_rx_daemon: published frame_id=0 248 B → lifetrac/v25/video/tile_delta

2026-07-26 17:29:31,193 INFO image_rx_daemon: published frame_id=0 242 B → lifetrac/v25/video/tile_delta

2026-07-26 17:29:31,194 INFO image_rx_daemon: published frame_id=0 240 B → lifetrac/v25/video/tile_delta

2026-07-26 17:29:31,345 INFO image_rx_daemon: published frame_id=0 252 B → lifetrac/v25/video/tile_delta

2026-07-26 17:29:31,707 INFO image_rx_daemon: published frame_id=0 248 B → lifetrac/v25/video/tile_delta

2026-07-26 17:29:31,708 INFO image_rx_daemon: published frame_id=0 248 B → lifetrac/v25/video/tile_delta

2026-07-26 17:29:31,709 INFO image_rx_daemon: published frame_id=0 240 B → lifetrac/v25/video/tile_delta

2026-07-26 17:29:31,833 INFO image_rx_daemon: stats: rx_frames=56 rx_decode_err=0 frames_published=36 publish_err=0 reassembler_decode_err=0 reassembler_timeouts=0

2026-07-26 17:29:31,835 INFO image_rx_daemon: air_gap: n=55 dt_med=104824us dt_p95=203650us len_med=247B cmd_tx_ok=20 cmd_tx_fail=0

2026-07-26 17:29:31,947 INFO image_rx_daemon: requesting keyframe (reassembly timeout #1)

2026-07-26 17:29:31,949 INFO image_rx_daemon: published frame_id=0 246 B → lifetrac/v25/video/tile_delta

2026-07-26 17:29:32,092 INFO image_rx_daemon: published frame_id=0 240 B → lifetrac/v25/video/tile_delta

2026-07-26 17:29:32,221 INFO image_rx_daemon: published frame_id=0 244 B → lifetrac/v25/video/tile_delta

2026-07-26 17:29:32,585 INFO image_rx_daemon: published frame_id=0 230 B → lifetrac/v25/video/tile_delta

2026-07-26 17:29:32,586 INFO image_rx_daemon: published frame_id=0 244 B → lifetrac/v25/video/tile_delta

2026-07-26 17:29:32,587 INFO image_rx_daemon: published frame_id=0 242 B → lifetrac/v25/video/tile_delta

2026-07-26 17:29:32,711 INFO image_rx_daemon: published frame_id=0 226 B → lifetrac/v25/video/tile_delta

2026-07-26 17:29:32,845 INFO image_rx_daemon: published frame_id=0 252 B → lifetrac/v25/video/tile_delta

2026-07-26 17:29:33,215 INFO image_rx_daemon: published frame_id=0 246 B → lifetrac/v25/video/tile_delta

2026-07-26 17:29:33,216 INFO image_rx_daemon: published frame_id=0 250 B → lifetrac/v25/video/tile_delta

2026-07-26 17:29:33,217 INFO image_rx_daemon: published frame_id=0 248 B → lifetrac/v25/video/tile_delta

2026-07-26 17:29:33,589 INFO image_rx_daemon: published frame_id=0 248 B → lifetrac/v25/video/tile_delta

2026-07-26 17:29:33,590 INFO image_rx_daemon: published frame_id=0 242 B → lifetrac/v25/video/tile_delta

2026-07-26 17:29:33,592 INFO image_rx_daemon: published frame_id=0 240 B → lifetrac/v25/video/tile_delta

2026-07-26 17:29:33,836 INFO image_rx_daemon: published frame_id=0 242 B → lifetrac/v25/video/tile_delta

2026-07-26 17:29:33,965 INFO image_rx_daemon: published frame_id=0 244 B → lifetrac/v25/video/tile_delta

2026-07-26 17:29:34,233 INFO image_rx_daemon: published frame_id=0 226 B → lifetrac/v25/video/tile_delta

2026-07-26 17:29:34,234 INFO image_rx_daemon: published frame_id=0 234 B → lifetrac/v25/video/tile_delta

2026-07-26 17:29:34,368 INFO image_rx_daemon: published frame_id=0 244 B → lifetrac/v25/video/tile_delta

2026-07-26 17:29:34,734 INFO image_rx_daemon: published frame_id=0 246 B → lifetrac/v25/video/tile_delta

2026-07-26 17:29:34,735 INFO image_rx_daemon: published frame_id=0 246 B → lifetrac/v25/video/tile_delta

2026-07-26 17:29:34,736 INFO image_rx_daemon: published frame_id=0 250 B → lifetrac/v25/video/tile_delta

2026-07-26 17:29:35,166 INFO image_rx_daemon: published frame_id=0 248 B → lifetrac/v25/video/tile_delta

2026-07-26 17:29:35,167 INFO image_rx_daemon: published frame_id=0 244 B → lifetrac/v25/video/tile_delta

2026-07-26 17:29:35,168 INFO image_rx_daemon: published frame_id=0 248 B → lifetrac/v25/video/tile_delta

2026-07-26 17:29:35,350 INFO image_rx_daemon: published frame_id=0 242 B → lifetrac/v25/video/tile_delta

2026-07-26 17:29:35,488 INFO image_rx_daemon: published frame_id=0 244 B → lifetrac/v25/video/tile_delta

2026-07-26 17:29:35,852 INFO image_rx_daemon: published frame_id=0 244 B → lifetrac/v25/video/tile_delta

2026-07-26 17:29:35,855 INFO image_rx_daemon: published frame_id=0 242 B → lifetrac/v25/video/tile_delta

2026-07-26 17:29:35,858 INFO image_rx_daemon: published frame_id=0 226 B → lifetrac/v25/video/tile_delta

2026-07-26 17:29:36,096 INFO image_rx_daemon: published frame_id=0 234 B → lifetrac/v25/video/tile_delta

2026-07-26 17:29:36,097 INFO image_rx_daemon: published frame_id=0 246 B → lifetrac/v25/video/tile_delta

2026-07-26 17:29:36,457 INFO image_rx_daemon: published frame_id=0 246 B → lifetrac/v25/video/tile_delta

2026-07-26 17:29:36,457 INFO image_rx_daemon: published frame_id=0 250 B → lifetrac/v25/video/tile_delta

2026-07-26 17:29:36,458 INFO image_rx_daemon: published frame_id=0 248 B → lifetrac/v25/video/tile_delta

2026-07-26 17:29:36,825 INFO image_rx_daemon: published frame_id=0 248 B → lifetrac/v25/video/tile_delta

2026-07-26 17:29:36,826 INFO image_rx_daemon: published frame_id=0 242 B → lifetrac/v25/video/tile_delta

2026-07-26 17:29:36,827 INFO image_rx_daemon: published frame_id=0 240 B → lifetrac/v25/video/tile_delta

2026-07-26 17:29:37,333 INFO image_rx_daemon: published frame_id=0 242 B → lifetrac/v25/video/tile_delta

2026-07-26 17:29:37,333 INFO image_rx_daemon: published frame_id=0 240 B → lifetrac/v25/video/tile_delta

2026-07-26 17:29:37,335 INFO image_rx_daemon: published frame_id=0 242 B → lifetrac/v25/video/tile_delta

2026-07-26 17:29:37,604 INFO image_rx_daemon: published frame_id=0 242 B → lifetrac/v25/video/tile_delta

2026-07-26 17:29:37,606 INFO image_rx_daemon: published frame_id=0 240 B → lifetrac/v25/video/tile_delta

2026-07-26 17:29:37,744 INFO image_rx_daemon: cmd 0x60 CONVERGED after 0 attempts (0.4 s): keyframe received

2026-07-26 17:29:37,745 INFO image_rx_daemon: published frame_id=0 252 B → lifetrac/v25/video/tile_delta

2026-07-26 17:29:38,113 INFO image_rx_daemon: published frame_id=0 248 B → lifetrac/v25/video/tile_delta

2026-07-26 17:29:38,114 INFO image_rx_daemon: published frame_id=0 248 B → lifetrac/v25/video/tile_delta

2026-07-26 17:29:38,114 INFO image_rx_daemon: published frame_id=0 240 B → lifetrac/v25/video/tile_delta

2026-07-26 17:29:38,352 INFO image_rx_daemon: published frame_id=0 246 B → lifetrac/v25/video/tile_delta

2026-07-26 17:29:38,504 INFO image_rx_daemon: published frame_id=0 240 B → lifetrac/v25/video/tile_delta

2026-07-26 17:29:38,640 INFO image_rx_daemon: published frame_id=0 244 B → lifetrac/v25/video/tile_delta

2026-07-26 17:29:38,996 INFO image_rx_daemon: published frame_id=0 230 B → lifetrac/v25/video/tile_delta

2026-07-26 17:29:38,997 INFO image_rx_daemon: published frame_id=0 244 B → lifetrac/v25/video/tile_delta

2026-07-26 17:29:38,998 INFO image_rx_daemon: published frame_id=0 242 B → lifetrac/v25/video/tile_delta

2026-07-26 17:29:39,120 INFO image_rx_daemon: published frame_id=0 226 B → lifetrac/v25/video/tile_delta

2026-07-26 17:29:39,260 INFO image_rx_daemon: published frame_id=0 252 B → lifetrac/v25/video/tile_delta

2026-07-26 17:29:39,622 INFO image_rx_daemon: published frame_id=0 246 B → lifetrac/v25/video/tile_delta

2026-07-26 17:29:39,623 INFO image_rx_daemon: published frame_id=0 250 B → lifetrac/v25/video/tile_delta

2026-07-26 17:29:39,624 INFO image_rx_daemon: published frame_id=0 248 B → lifetrac/v25/video/tile_delta

2026-07-26 17:29:40,005 INFO image_rx_daemon: published frame_id=0 248 B → lifetrac/v25/video/tile_delta

2026-07-26 17:29:40,005 INFO image_rx_daemon: published frame_id=0 242 B → lifetrac/v25/video/tile_delta

2026-07-26 17:29:40,007 INFO image_rx_daemon: published frame_id=0 240 B → lifetrac/v25/video/tile_delta

2026-07-26 17:29:40,240 INFO image_rx_daemon: published frame_id=0 242 B → lifetrac/v25/video/tile_delta

2026-07-26 17:29:40,379 INFO image_rx_daemon: published frame_id=0 244 B → lifetrac/v25/video/tile_delta

2026-07-26 17:29:40,636 INFO image_rx_daemon: published frame_id=0 226 B → lifetrac/v25/video/tile_delta

2026-07-26 17:29:40,637 INFO image_rx_daemon: published frame_id=0 234 B → lifetrac/v25/video/tile_delta

2026-07-26 17:29:40,782 INFO image_rx_daemon: published frame_id=0 244 B → lifetrac/v25/video/tile_delta

2026-07-26 17:29:41,141 INFO image_rx_daemon: published frame_id=0 246 B → lifetrac/v25/video/tile_delta

2026-07-26 17:29:41,142 INFO image_rx_daemon: published frame_id=0 246 B → lifetrac/v25/video/tile_delta

2026-07-26 17:29:41,143 INFO image_rx_daemon: published frame_id=0 250 B → lifetrac/v25/video/tile_delta

2026-07-26 17:29:41,573 INFO image_rx_daemon: published frame_id=0 248 B → lifetrac/v25/video/tile_delta

2026-07-26 17:29:41,574 INFO image_rx_daemon: published frame_id=0 244 B → lifetrac/v25/video/tile_delta

2026-07-26 17:29:41,575 INFO image_rx_daemon: published frame_id=0 248 B → lifetrac/v25/video/tile_delta

2026-07-26 17:29:41,768 INFO image_rx_daemon: published frame_id=0 242 B → lifetrac/v25/video/tile_delta

2026-07-26 17:29:41,838 INFO image_rx_daemon: stats: rx_frames=154 rx_decode_err=0 frames_published=109 publish_err=0 reassembler_decode_err=0 reassembler_timeouts=2

2026-07-26 17:29:41,840 INFO image_rx_daemon: air_gap: n=98 dt_med=104833us dt_p95=212370us len_med=247B cmd_tx_ok=20 cmd_tx_fail=0

2026-07-26 17:29:41,900 INFO image_rx_daemon: published frame_id=0 244 B → lifetrac/v25/video/tile_delta

2026-07-26 17:29:42,268 INFO image_rx_daemon: published frame_id=0 244 B → lifetrac/v25/video/tile_delta

2026-07-26 17:29:42,269 INFO image_rx_daemon: published frame_id=0 242 B → lifetrac/v25/video/tile_delta

2026-07-26 17:29:42,270 INFO image_rx_daemon: published frame_id=0 226 B → lifetrac/v25/video/tile_delta

2026-07-26 17:29:42,516 INFO image_rx_daemon: published frame_id=0 234 B → lifetrac/v25/video/tile_delta

2026-07-26 17:29:42,517 INFO image_rx_daemon: published frame_id=0 246 B → lifetrac/v25/video/tile_delta

2026-07-26 17:29:42,872 INFO image_rx_daemon: published frame_id=0 246 B → lifetrac/v25/video/tile_delta

2026-07-26 17:29:42,873 INFO image_rx_daemon: published frame_id=0 250 B → lifetrac/v25/video/tile_delta

2026-07-26 17:29:42,874 INFO image_rx_daemon: published frame_id=0 248 B → lifetrac/v25/video/tile_delta

2026-07-26 17:29:43,248 INFO image_rx_daemon: published frame_id=0 248 B → lifetrac/v25/video/tile_delta

2026-07-26 17:29:43,249 INFO image_rx_daemon: published frame_id=0 240 B → lifetrac/v25/video/tile_delta

2026-07-26 17:29:43,250 INFO image_rx_daemon: published frame_id=0 242 B → lifetrac/v25/video/tile_delta

2026-07-26 17:29:43,752 INFO image_rx_daemon: published frame_id=0 244 B → lifetrac/v25/video/tile_delta

2026-07-26 17:29:43,754 INFO image_rx_daemon: published frame_id=0 240 B → lifetrac/v25/video/tile_delta

2026-07-26 17:29:43,755 INFO image_rx_daemon: published frame_id=0 242 B → lifetrac/v25/video/tile_delta

2026-07-26 17:29:44,012 INFO image_rx_daemon: published frame_id=0 242 B → lifetrac/v25/video/tile_delta

2026-07-26 17:29:44,014 INFO image_rx_daemon: published frame_id=0 240 B → lifetrac/v25/video/tile_delta

2026-07-26 17:29:44,164 INFO image_rx_daemon: published frame_id=0 252 B → lifetrac/v25/video/tile_delta

2026-07-26 17:29:44,417 INFO image_rx_daemon: published frame_id=0 248 B → lifetrac/v25/video/tile_delta

2026-07-26 17:29:44,419 INFO image_rx_daemon: published frame_id=0 240 B → lifetrac/v25/video/tile_delta

2026-07-26 17:29:44,664 INFO image_rx_daemon: published frame_id=0 246 B → lifetrac/v25/video/tile_delta

2026-07-26 17:29:44,927 INFO image_rx_daemon: published frame_id=0 244 B → lifetrac/v25/video/tile_delta

2026-07-26 17:29:44,929 INFO image_rx_daemon: published frame_id=0 240 B → lifetrac/v25/video/tile_delta

2026-07-26 17:29:45,078 INFO image_rx_daemon: published frame_id=0 244 B → lifetrac/v25/video/tile_delta

2026-07-26 17:29:45,431 INFO image_rx_daemon: published frame_id=0 244 B → lifetrac/v25/video/tile_delta

2026-07-26 17:29:45,432 INFO image_rx_daemon: published frame_id=0 242 B → lifetrac/v25/video/tile_delta

2026-07-26 17:29:45,434 INFO image_rx_daemon: published frame_id=0 226 B → lifetrac/v25/video/tile_delta

2026-07-26 17:29:45,686 INFO image_rx_daemon: published frame_id=0 234 B → lifetrac/v25/video/tile_delta

2026-07-26 17:29:45,687 INFO image_rx_daemon: published frame_id=0 246 B → lifetrac/v25/video/tile_delta

2026-07-26 17:29:46,048 INFO image_rx_daemon: published frame_id=0 246 B → lifetrac/v25/video/tile_delta

2026-07-26 17:29:46,053 INFO image_rx_daemon: published frame_id=0 250 B → lifetrac/v25/video/tile_delta

2026-07-26 17:29:46,056 INFO image_rx_daemon: published frame_id=0 248 B → lifetrac/v25/video/tile_delta

2026-07-26 17:29:46,412 INFO image_rx_daemon: published frame_id=0 248 B → lifetrac/v25/video/tile_delta

2026-07-26 17:29:46,414 INFO image_rx_daemon: published frame_id=0 242 B → lifetrac/v25/video/tile_delta

2026-07-26 17:29:46,415 INFO image_rx_daemon: published frame_id=0 240 B → lifetrac/v25/video/tile_delta

2026-07-26 17:29:46,921 INFO image_rx_daemon: published frame_id=0 242 B → lifetrac/v25/video/tile_delta

2026-07-26 17:29:46,922 INFO image_rx_daemon: published frame_id=0 240 B → lifetrac/v25/video/tile_delta

2026-07-26 17:29:46,923 INFO image_rx_daemon: published frame_id=0 242 B → lifetrac/v25/video/tile_delta

2026-07-26 17:29:47,181 INFO image_rx_daemon: published frame_id=0 242 B → lifetrac/v25/video/tile_delta

2026-07-26 17:29:47,183 INFO image_rx_daemon: published frame_id=0 240 B → lifetrac/v25/video/tile_delta

2026-07-26 17:29:47,336 INFO image_rx_daemon: published frame_id=0 252 B → lifetrac/v25/video/tile_delta

2026-07-26 17:29:47,712 INFO image_rx_daemon: published frame_id=0 248 B → lifetrac/v25/video/tile_delta

2026-07-26 17:29:47,714 INFO image_rx_daemon: published frame_id=0 248 B → lifetrac/v25/video/tile_delta

2026-07-26 17:29:47,718 INFO image_rx_daemon: published frame_id=0 240 B → lifetrac/v25/video/tile_delta

2026-07-26 17:29:47,932 INFO image_rx_daemon: cmd 0x60 CONVERGED after 0 attempts (0.2 s): keyframe received

2026-07-26 17:29:47,933 INFO image_rx_daemon: published frame_id=0 246 B → lifetrac/v25/video/tile_delta

2026-07-26 17:29:48,088 INFO image_rx_daemon: published frame_id=0 240 B → lifetrac/v25/video/tile_delta

2026-07-26 17:29:48,217 INFO image_rx_daemon: published frame_id=0 244 B → lifetrac/v25/video/tile_delta

2026-07-26 17:29:48,584 INFO image_rx_daemon: published frame_id=0 230 B → lifetrac/v25/video/tile_delta

2026-07-26 17:29:48,585 INFO image_rx_daemon: published frame_id=0 244 B → lifetrac/v25/video/tile_delta

2026-07-26 17:29:48,586 INFO image_rx_daemon: published frame_id=0 242 B → lifetrac/v25/video/tile_delta

2026-07-26 17:29:48,711 INFO image_rx_daemon: published frame_id=0 226 B → lifetrac/v25/video/tile_delta

2026-07-26 17:29:48,844 INFO image_rx_daemon: published frame_id=0 252 B → lifetrac/v25/video/tile_delta

2026-07-26 17:29:49,214 INFO image_rx_daemon: published frame_id=0 246 B → lifetrac/v25/video/tile_delta

2026-07-26 17:29:49,216 INFO image_rx_daemon: published frame_id=0 250 B → lifetrac/v25/video/tile_delta

2026-07-26 17:29:49,217 INFO image_rx_daemon: published frame_id=0 248 B → lifetrac/v25/video/tile_delta

2026-07-26 17:29:49,586 INFO image_rx_daemon: published frame_id=0 248 B → lifetrac/v25/video/tile_delta

2026-07-26 17:29:49,587 INFO image_rx_daemon: published frame_id=0 242 B → lifetrac/v25/video/tile_delta

2026-07-26 17:29:49,589 INFO image_rx_daemon: published frame_id=0 240 B → lifetrac/v25/video/tile_delta

2026-07-26 17:29:49,825 INFO image_rx_daemon: published frame_id=0 242 B → lifetrac/v25/video/tile_delta

2026-07-26 17:29:49,959 INFO image_rx_daemon: published frame_id=0 244 B → lifetrac/v25/video/tile_delta

2026-07-26 17:29:50,224 INFO image_rx_daemon: published frame_id=0 226 B → lifetrac/v25/video/tile_delta

2026-07-26 17:29:50,226 INFO image_rx_daemon: published frame_id=0 234 B → lifetrac/v25/video/tile_delta

2026-07-26 17:29:50,356 INFO image_rx_daemon: published frame_id=0 244 B → lifetrac/v25/video/tile_delta

2026-07-26 17:29:50,736 INFO image_rx_daemon: published frame_id=0 246 B → lifetrac/v25/video/tile_delta

2026-07-26 17:29:50,737 INFO image_rx_daemon: published frame_id=0 246 B → lifetrac/v25/video/tile_delta

2026-07-26 17:29:50,738 INFO image_rx_daemon: published frame_id=0 250 B → lifetrac/v25/video/tile_delta

2026-07-26 17:29:51,170 INFO image_rx_daemon: published frame_id=0 248 B → lifetrac/v25/video/tile_delta

2026-07-26 17:29:51,172 INFO image_rx_daemon: published frame_id=0 244 B → lifetrac/v25/video/tile_delta

2026-07-26 17:29:51,173 INFO image_rx_daemon: published frame_id=0 248 B → lifetrac/v25/video/tile_delta

2026-07-26 17:29:51,344 INFO image_rx_daemon: published frame_id=0 242 B → lifetrac/v25/video/tile_delta

2026-07-26 17:29:51,488 INFO image_rx_daemon: published frame_id=0 244 B → lifetrac/v25/video/tile_delta

2026-07-26 17:29:51,843 INFO image_rx_daemon: published frame_id=0 244 B → lifetrac/v25/video/tile_delta

2026-07-26 17:29:51,845 INFO image_rx_daemon: stats: rx_frames=254 rx_decode_err=0 frames_published=181 publish_err=0 reassembler_decode_err=0 reassembler_timeouts=2

2026-07-26 17:29:51,846 INFO image_rx_daemon: air_gap: n=100 dt_med=104854us dt_p95=216414us len_med=247B cmd_tx_ok=20 cmd_tx_fail=0

2026-07-26 17:29:51,846 INFO image_rx_daemon: published frame_id=0 242 B → lifetrac/v25/video/tile_delta

2026-07-26 17:29:51,848 INFO image_rx_daemon: published frame_id=0 226 B → lifetrac/v25/video/tile_delta

2026-07-26 17:29:52,099 INFO image_rx_daemon: published frame_id=0 234 B → lifetrac/v25/video/tile_delta

2026-07-26 17:29:52,100 INFO image_rx_daemon: published frame_id=0 246 B → lifetrac/v25/video/tile_delta

2026-07-26 17:29:52,453 INFO image_rx_daemon: published frame_id=0 246 B → lifetrac/v25/video/tile_delta

2026-07-26 17:29:52,454 INFO image_rx_daemon: published frame_id=0 250 B → lifetrac/v25/video/tile_delta

2026-07-26 17:29:52,455 INFO image_rx_daemon: published frame_id=0 248 B → lifetrac/v25/video/tile_delta

2026-07-26 17:29:52,829 INFO image_rx_daemon: published frame_id=0 248 B → lifetrac/v25/video/tile_delta

2026-07-26 17:29:52,830 INFO image_rx_daemon: published frame_id=0 240 B → lifetrac/v25/video/tile_delta

2026-07-26 17:29:52,833 INFO image_rx_daemon: published frame_id=0 242 B → lifetrac/v25/video/tile_delta

2026-07-26 17:29:53,336 INFO image_rx_daemon: published frame_id=0 244 B → lifetrac/v25/video/tile_delta

2026-07-26 17:29:53,337 INFO image_rx_daemon: published frame_id=0 240 B → lifetrac/v25/video/tile_delta

2026-07-26 17:29:53,338 INFO image_rx_daemon: published frame_id=0 242 B → lifetrac/v25/video/tile_delta

2026-07-26 17:29:53,600 INFO image_rx_daemon: published frame_id=0 242 B → lifetrac/v25/video/tile_delta

2026-07-26 17:29:53,601 INFO image_rx_daemon: published frame_id=0 240 B → lifetrac/v25/video/tile_delta

2026-07-26 17:29:53,744 INFO image_rx_daemon: published frame_id=0 252 B → lifetrac/v25/video/tile_delta

2026-07-26 17:29:54,120 INFO image_rx_daemon: published frame_id=0 248 B → lifetrac/v25/video/tile_delta

2026-07-26 17:29:54,120 INFO image_rx_daemon: published frame_id=0 248 B → lifetrac/v25/video/tile_delta

2026-07-26 17:29:54,122 INFO image_rx_daemon: published frame_id=0 240 B → lifetrac/v25/video/tile_delta

2026-07-26 17:29:54,345 INFO image_rx_daemon: published frame_id=0 246 B → lifetrac/v25/video/tile_delta

2026-07-26 17:29:54,496 INFO image_rx_daemon: published frame_id=0 240 B → lifetrac/v25/video/tile_delta

2026-07-26 17:29:54,623 INFO image_rx_daemon: published frame_id=0 244 B → lifetrac/v25/video/tile_delta

2026-07-26 17:29:54,991 INFO image_rx_daemon: published frame_id=0 230 B → lifetrac/v25/video/tile_delta

2026-07-26 17:29:54,992 INFO image_rx_daemon: published frame_id=0 244 B → lifetrac/v25/video/tile_delta

2026-07-26 17:29:55,001 INFO image_rx_daemon: published frame_id=0 242 B → lifetrac/v25/video/tile_delta

2026-07-26 17:29:55,111 INFO image_rx_daemon: published frame_id=0 226 B → lifetrac/v25/video/tile_delta

2026-07-26 17:29:55,243 INFO image_rx_daemon: published frame_id=0 252 B → lifetrac/v25/video/tile_delta

2026-07-26 17:29:55,621 INFO image_rx_daemon: published frame_id=0 246 B → lifetrac/v25/video/tile_delta

2026-07-26 17:29:55,622 INFO image_rx_daemon: published frame_id=0 250 B → lifetrac/v25/video/tile_delta

2026-07-26 17:29:55,623 INFO image_rx_daemon: published frame_id=0 248 B → lifetrac/v25/video/tile_delta

2026-07-26 17:29:56,241 INFO image_rx_daemon: published frame_id=0 242 B → lifetrac/v25/video/tile_delta

2026-07-26 17:29:56,376 INFO image_rx_daemon: published frame_id=0 244 B → lifetrac/v25/video/tile_delta

2026-07-26 17:29:56,627 INFO image_rx_daemon: published frame_id=0 226 B → lifetrac/v25/video/tile_delta

2026-07-26 17:29:56,628 INFO image_rx_daemon: published frame_id=0 234 B → lifetrac/v25/video/tile_delta

2026-07-26 17:29:56,768 INFO image_rx_daemon: published frame_id=0 244 B → lifetrac/v25/video/tile_delta

2026-07-26 17:29:57,137 INFO image_rx_daemon: published frame_id=0 246 B → lifetrac/v25/video/tile_delta

2026-07-26 17:29:57,137 INFO image_rx_daemon: published frame_id=0 246 B → lifetrac/v25/video/tile_delta

2026-07-26 17:29:57,138 INFO image_rx_daemon: published frame_id=0 250 B → lifetrac/v25/video/tile_delta

2026-07-26 17:29:57,566 INFO image_rx_daemon: requesting keyframe (reassembly timeout #3)

2026-07-26 17:29:57,582 INFO image_rx_daemon: published frame_id=0 248 B → lifetrac/v25/video/tile_delta

2026-07-26 17:29:57,584 INFO image_rx_daemon: published frame_id=0 244 B → lifetrac/v25/video/tile_delta

2026-07-26 17:29:57,587 INFO image_rx_daemon: published frame_id=0 248 B → lifetrac/v25/video/tile_delta

2026-07-26 17:29:57,760 INFO image_rx_daemon: published frame_id=0 242 B → lifetrac/v25/video/tile_delta

2026-07-26 17:29:57,889 INFO image_rx_daemon: published frame_id=0 244 B → lifetrac/v25/video/tile_delta

2026-07-26 17:29:58,256 INFO image_rx_daemon: published frame_id=0 244 B → lifetrac/v25/video/tile_delta

2026-07-26 17:29:58,257 INFO image_rx_daemon: published frame_id=0 242 B → lifetrac/v25/video/tile_delta

2026-07-26 17:29:58,259 INFO image_rx_daemon: published frame_id=0 226 B → lifetrac/v25/video/tile_delta

2026-07-26 17:29:58,499 INFO image_rx_daemon: published frame_id=0 234 B → lifetrac/v25/video/tile_delta

2026-07-26 17:29:58,501 INFO image_rx_daemon: published frame_id=0 246 B → lifetrac/v25/video/tile_delta

2026-07-26 17:29:58,867 INFO image_rx_daemon: published frame_id=0 246 B → lifetrac/v25/video/tile_delta

2026-07-26 17:29:58,868 INFO image_rx_daemon: published frame_id=0 250 B → lifetrac/v25/video/tile_delta

2026-07-26 17:29:58,869 INFO image_rx_daemon: published frame_id=0 248 B → lifetrac/v25/video/tile_delta

2026-07-26 17:29:59,237 INFO image_rx_daemon: published frame_id=0 248 B → lifetrac/v25/video/tile_delta

2026-07-26 17:29:59,238 INFO image_rx_daemon: published frame_id=0 240 B → lifetrac/v25/video/tile_delta

2026-07-26 17:29:59,239 INFO image_rx_daemon: published frame_id=0 242 B → lifetrac/v25/video/tile_delta

RFCO_PERTX during TX wait: profile_id=2 tx_status=0x00(OK) hop_idx=0 channel_idx=0 epoch=0 freq_hz=0 pkt_toa_us=10304 legal_dwell_used_us_10s=0

2026-07-26 17:29:59,518 INFO image_rx_daemon: command TX opcode=0x60 copy=1/1 OK (on air)

2026-07-26 17:30:00,007 INFO image_rx_daemon: published frame_id=0 242 B → lifetrac/v25/video/tile_delta

2026-07-26 17:30:00,008 INFO image_rx_daemon: published frame_id=0 240 B → lifetrac/v25/video/tile_delta

2026-07-26 17:30:00,160 INFO image_rx_daemon: cmd 0x60 CONVERGED after 1 attempts (1.9 s): keyframe received

2026-07-26 17:30:00,161 INFO image_rx_daemon: published frame_id=0 252 B → lifetrac/v25/video/tile_delta

2026-07-26 17:30:00,424 INFO image_rx_daemon: published frame_id=0 248 B → lifetrac/v25/video/tile_delta

2026-07-26 17:30:00,426 INFO image_rx_daemon: published frame_id=0 240 B → lifetrac/v25/video/tile_delta

2026-07-26 17:30:00,669 INFO image_rx_daemon: published frame_id=0 246 B → lifetrac/v25/video/tile_delta

2026-07-26 17:30:01,076 INFO image_rx_daemon: published frame_id=0 244 B → lifetrac/v25/video/tile_delta

2026-07-26 17:30:01,438 INFO image_rx_daemon: published frame_id=0 244 B → lifetrac/v25/video/tile_delta

2026-07-26 17:30:01,439 INFO image_rx_daemon: published frame_id=0 242 B → lifetrac/v25/video/tile_delta

2026-07-26 17:30:01,440 INFO image_rx_daemon: published frame_id=0 226 B → lifetrac/v25/video/tile_delta

2026-07-26 17:30:01,684 INFO image_rx_daemon: published frame_id=0 234 B → lifetrac/v25/video/tile_delta

2026-07-26 17:30:01,686 INFO image_rx_daemon: published frame_id=0 246 B → lifetrac/v25/video/tile_delta

2026-07-26 17:30:01,850 INFO image_rx_daemon: stats: rx_frames=349 rx_decode_err=0 frames_published=247 publish_err=0 reassembler_decode_err=0 reassembler_timeouts=4

2026-07-26 17:30:01,852 INFO image_rx_daemon: air_gap: n=95 dt_med=104862us dt_p95=218645us len_med=247B cmd_tx_ok=21 cmd_tx_fail=0

2026-07-26 17:30:02,043 INFO image_rx_daemon: published frame_id=0 246 B → lifetrac/v25/video/tile_delta

2026-07-26 17:30:02,044 INFO image_rx_daemon: published frame_id=0 250 B → lifetrac/v25/video/tile_delta

2026-07-26 17:30:02,046 INFO image_rx_daemon: published frame_id=0 248 B → lifetrac/v25/video/tile_delta

2026-07-26 17:30:02,411 INFO image_rx_daemon: published frame_id=0 248 B → lifetrac/v25/video/tile_delta

2026-07-26 17:30:02,412 INFO image_rx_daemon: published frame_id=0 242 B → lifetrac/v25/video/tile_delta

2026-07-26 17:30:02,414 INFO image_rx_daemon: published frame_id=0 240 B → lifetrac/v25/video/tile_delta

2026-07-26 17:30:02,675 INFO image_rx_daemon: requesting keyframe (reassembly timeout #5)

2026-07-26 17:30:02,916 INFO image_rx_daemon: published frame_id=0 242 B → lifetrac/v25/video/tile_delta

2026-07-26 17:30:02,917 INFO image_rx_daemon: published frame_id=0 240 B → lifetrac/v25/video/tile_delta

2026-07-26 17:30:02,918 INFO image_rx_daemon: published frame_id=0 242 B → lifetrac/v25/video/tile_delta

2026-07-26 17:30:03,176 INFO image_rx_daemon: published frame_id=0 242 B → lifetrac/v25/video/tile_delta

2026-07-26 17:30:03,178 INFO image_rx_daemon: published frame_id=0 240 B → lifetrac/v25/video/tile_delta

2026-07-26 17:30:03,329 INFO image_rx_daemon: published frame_id=0 252 B → lifetrac/v25/video/tile_delta

2026-07-26 17:30:03,702 INFO image_rx_daemon: published frame_id=0 248 B → lifetrac/v25/video/tile_delta

2026-07-26 17:30:03,705 INFO image_rx_daemon: published frame_id=0 248 B → lifetrac/v25/video/tile_delta

2026-07-26 17:30:03,708 INFO image_rx_daemon: published frame_id=0 240 B → lifetrac/v25/video/tile_delta

2026-07-26 17:30:03,937 INFO image_rx_daemon: published frame_id=0 246 B → lifetrac/v25/video/tile_delta

2026-07-26 17:30:04,068 INFO image_rx_daemon: published frame_id=0 240 B → lifetrac/v25/video/tile_delta

2026-07-26 17:30:04,209 INFO image_rx_daemon: published frame_id=0 244 B → lifetrac/v25/video/tile_delta

2026-07-26 17:30:04,572 INFO image_rx_daemon: published frame_id=0 230 B → lifetrac/v25/video/tile_delta

2026-07-26 17:30:04,574 INFO image_rx_daemon: published frame_id=0 244 B → lifetrac/v25/video/tile_delta

2026-07-26 17:30:04,575 INFO image_rx_daemon: published frame_id=0 242 B → lifetrac/v25/video/tile_delta

2026-07-26 17:30:04,691 INFO image_rx_daemon: published frame_id=0 226 B → lifetrac/v25/video/tile_delta

2026-07-26 17:30:04,840 INFO image_rx_daemon: published frame_id=0 252 B → lifetrac/v25/video/tile_delta

2026-07-26 17:30:05,203 INFO image_rx_daemon: published frame_id=0 246 B → lifetrac/v25/video/tile_delta

2026-07-26 17:30:05,204 INFO image_rx_daemon: published frame_id=0 250 B → lifetrac/v25/video/tile_delta

2026-07-26 17:30:05,205 INFO image_rx_daemon: published frame_id=0 248 B → lifetrac/v25/video/tile_delta

2026-07-26 17:30:05,580 INFO image_rx_daemon: published frame_id=0 248 B → lifetrac/v25/video/tile_delta

2026-07-26 17:30:05,582 INFO image_rx_daemon: published frame_id=0 242 B → lifetrac/v25/video/tile_delta

2026-07-26 17:30:05,583 INFO image_rx_daemon: published frame_id=0 240 B → lifetrac/v25/video/tile_delta

2026-07-26 17:30:05,823 INFO image_rx_daemon: published frame_id=0 242 B → lifetrac/v25/video/tile_delta

2026-07-26 17:30:05,952 INFO image_rx_daemon: published frame_id=0 244 B → lifetrac/v25/video/tile_delta

2026-07-26 17:30:06,221 INFO image_rx_daemon: published frame_id=0 226 B → lifetrac/v25/video/tile_delta

2026-07-26 17:30:06,222 INFO image_rx_daemon: published frame_id=0 234 B → lifetrac/v25/video/tile_delta

2026-07-26 17:30:06,353 INFO image_rx_daemon: published frame_id=0 244 B → lifetrac/v25/video/tile_delta

2026-07-26 17:30:06,722 INFO image_rx_daemon: published frame_id=0 246 B → lifetrac/v25/video/tile_delta

2026-07-26 17:30:06,723 INFO image_rx_daemon: published frame_id=0 246 B → lifetrac/v25/video/tile_delta

2026-07-26 17:30:06,724 INFO image_rx_daemon: published frame_id=0 250 B → lifetrac/v25/video/tile_delta

2026-07-26 17:30:07,164 INFO image_rx_daemon: published frame_id=0 248 B → lifetrac/v25/video/tile_delta

2026-07-26 17:30:07,166 INFO image_rx_daemon: published frame_id=0 244 B → lifetrac/v25/video/tile_delta

2026-07-26 17:30:07,168 INFO image_rx_daemon: published frame_id=0 248 B → lifetrac/v25/video/tile_delta

2026-07-26 17:30:07,341 INFO image_rx_daemon: published frame_id=0 242 B → lifetrac/v25/video/tile_delta

2026-07-26 17:30:07,480 INFO image_rx_daemon: published frame_id=0 244 B → lifetrac/v25/video/tile_delta

2026-07-26 17:30:07,848 INFO image_rx_daemon: published frame_id=0 244 B → lifetrac/v25/video/tile_delta

2026-07-26 17:30:07,850 INFO image_rx_daemon: published frame_id=0 242 B → lifetrac/v25/video/tile_delta

2026-07-26 17:30:07,851 INFO image_rx_daemon: published frame_id=0 226 B → lifetrac/v25/video/tile_delta

2026-07-26 17:30:08,100 INFO image_rx_daemon: published frame_id=0 234 B → lifetrac/v25/video/tile_delta

2026-07-26 17:30:08,101 INFO image_rx_daemon: published frame_id=0 246 B → lifetrac/v25/video/tile_delta

2026-07-26 17:30:08,449 INFO image_rx_daemon: published frame_id=0 246 B → lifetrac/v25/video/tile_delta

2026-07-26 17:30:08,450 INFO image_rx_daemon: published frame_id=0 250 B → lifetrac/v25/video/tile_delta

2026-07-26 17:30:08,451 INFO image_rx_daemon: published frame_id=0 248 B → lifetrac/v25/video/tile_delta

2026-07-26 17:30:08,825 INFO image_rx_daemon: published frame_id=0 248 B → lifetrac/v25/video/tile_delta

2026-07-26 17:30:08,826 INFO image_rx_daemon: published frame_id=0 242 B → lifetrac/v25/video/tile_delta

2026-07-26 17:30:08,827 INFO image_rx_daemon: published frame_id=0 240 B → lifetrac/v25/video/tile_delta

RFCO_PERTX during TX wait: profile_id=2 tx_status=0x00(OK) hop_idx=0 channel_idx=0 epoch=0 freq_hz=0 pkt_toa_us=10304 legal_dwell_used_us_10s=0

2026-07-26 17:30:09,113 INFO image_rx_daemon: command TX opcode=0x60 copy=1/1 OK (on air)

2026-07-26 17:30:09,596 INFO image_rx_daemon: published frame_id=0 242 B → lifetrac/v25/video/tile_delta

2026-07-26 17:30:09,598 INFO image_rx_daemon: published frame_id=0 240 B → lifetrac/v25/video/tile_delta

2026-07-26 17:30:09,740 INFO image_rx_daemon: cmd 0x60 CONVERGED after 1 attempts (1.2 s): keyframe received

2026-07-26 17:30:09,741 INFO image_rx_daemon: published frame_id=0 252 B → lifetrac/v25/video/tile_delta

2026-07-26 17:30:10,109 INFO image_rx_daemon: published frame_id=0 248 B → lifetrac/v25/video/tile_delta

2026-07-26 17:30:10,110 INFO image_rx_daemon: published frame_id=0 248 B → lifetrac/v25/video/tile_delta

2026-07-26 17:30:10,111 INFO image_rx_daemon: published frame_id=0 240 B → lifetrac/v25/video/tile_delta

2026-07-26 17:30:10,343 INFO image_rx_daemon: published frame_id=0 246 B → lifetrac/v25/video/tile_delta

2026-07-26 17:30:10,490 INFO image_rx_daemon: published frame_id=0 240 B → lifetrac/v25/video/tile_delta

2026-07-26 17:30:10,621 INFO image_rx_daemon: published frame_id=0 244 B → lifetrac/v25/video/tile_delta

2026-07-26 17:30:10,887 INFO image_rx_daemon: requesting keyframe (reassembly timeout #6)

2026-07-26 17:30:10,987 INFO image_rx_daemon: published frame_id=0 230 B → lifetrac/v25/video/tile_delta

2026-07-26 17:30:10,988 INFO image_rx_daemon: published frame_id=0 244 B → lifetrac/v25/video/tile_delta

2026-07-26 17:30:10,989 INFO image_rx_daemon: published frame_id=0 242 B → lifetrac/v25/video/tile_delta

2026-07-26 17:30:11,108 INFO image_rx_daemon: published frame_id=0 226 B → lifetrac/v25/video/tile_delta

2026-07-26 17:30:11,246 INFO image_rx_daemon: published frame_id=0 252 B → lifetrac/v25/video/tile_delta

2026-07-26 17:30:11,611 INFO image_rx_daemon: published frame_id=0 246 B → lifetrac/v25/video/tile_delta

2026-07-26 17:30:11,612 INFO image_rx_daemon: published frame_id=0 250 B → lifetrac/v25/video/tile_delta

2026-07-26 17:30:11,613 INFO image_rx_daemon: published frame_id=0 248 B → lifetrac/v25/video/tile_delta

2026-07-26 17:30:11,855 INFO image_rx_daemon: stats: rx_frames=446 rx_decode_err=0 frames_published=317 publish_err=0 reassembler_decode_err=0 reassembler_timeouts=6

2026-07-26 17:30:11,857 INFO image_rx_daemon: air_gap: n=97 dt_med=104868us dt_p95=217510us len_med=247B cmd_tx_ok=22 cmd_tx_fail=0

2026-07-26 17:30:11,992 INFO image_rx_daemon: published frame_id=0 248 B → lifetrac/v25/video/tile_delta

2026-07-26 17:30:11,993 INFO image_rx_daemon: published frame_id=0 242 B → lifetrac/v25/video/tile_delta

2026-07-26 17:30:11,994 INFO image_rx_daemon: published frame_id=0 240 B → lifetrac/v25/video/tile_delta

2026-07-26 17:30:12,229 INFO image_rx_daemon: published frame_id=0 242 B → lifetrac/v25/video/tile_delta

2026-07-26 17:30:12,372 INFO image_rx_daemon: published frame_id=0 244 B → lifetrac/v25/video/tile_delta

2026-07-26 17:30:12,636 INFO image_rx_daemon: published frame_id=0 226 B → lifetrac/v25/video/tile_delta

2026-07-26 17:30:12,637 INFO image_rx_daemon: published frame_id=0 234 B → lifetrac/v25/video/tile_delta

2026-07-26 17:30:12,768 INFO image_rx_daemon: published frame_id=0 244 B → lifetrac/v25/video/tile_delta

2026-07-26 17:30:13,129 INFO image_rx_daemon: published frame_id=0 246 B → lifetrac/v25/video/tile_delta

2026-07-26 17:30:13,130 INFO image_rx_daemon: published frame_id=0 246 B → lifetrac/v25/video/tile_delta

2026-07-26 17:30:13,131 INFO image_rx_daemon: published frame_id=0 250 B → lifetrac/v25/video/tile_delta

2026-07-26 17:30:13,566 INFO image_rx_daemon: published frame_id=0 248 B → lifetrac/v25/video/tile_delta

2026-07-26 17:30:13,566 INFO image_rx_daemon: published frame_id=0 244 B → lifetrac/v25/video/tile_delta

2026-07-26 17:30:13,567 INFO image_rx_daemon: published frame_id=0 248 B → lifetrac/v25/video/tile_delta

2026-07-26 17:30:13,748 INFO image_rx_daemon: published frame_id=0 242 B → lifetrac/v25/video/tile_delta

2026-07-26 17:30:13,880 INFO image_rx_daemon: published frame_id=0 244 B → lifetrac/v25/video/tile_delta

2026-07-26 17:30:14,247 INFO image_rx_daemon: published frame_id=0 244 B → lifetrac/v25/video/tile_delta

2026-07-26 17:30:14,248 INFO image_rx_daemon: published frame_id=0 242 B → lifetrac/v25/video/tile_delta

2026-07-26 17:30:14,250 INFO image_rx_daemon: published frame_id=0 226 B → lifetrac/v25/video/tile_delta

2026-07-26 17:30:14,495 INFO image_rx_daemon: published frame_id=0 234 B → lifetrac/v25/video/tile_delta

2026-07-26 17:30:14,497 INFO image_rx_daemon: published frame_id=0 246 B → lifetrac/v25/video/tile_delta

2026-07-26 17:30:14,861 INFO image_rx_daemon: published frame_id=0 246 B → lifetrac/v25/video/tile_delta

2026-07-26 17:30:14,862 INFO image_rx_daemon: published frame_id=0 250 B → lifetrac/v25/video/tile_delta

2026-07-26 17:30:14,863 INFO image_rx_daemon: published frame_id=0 248 B → lifetrac/v25/video/tile_delta

2026-07-26 17:30:15,232 INFO image_rx_daemon: published frame_id=0 248 B → lifetrac/v25/video/tile_delta

2026-07-26 17:30:15,233 INFO image_rx_daemon: published frame_id=0 240 B → lifetrac/v25/video/tile_delta

2026-07-26 17:30:15,235 INFO image_rx_daemon: published frame_id=0 242 B → lifetrac/v25/video/tile_delta

2026-07-26 17:30:15,740 INFO image_rx_daemon: published frame_id=0 244 B → lifetrac/v25/video/tile_delta

2026-07-26 17:30:15,742 INFO image_rx_daemon: published frame_id=0 240 B → lifetrac/v25/video/tile_delta

2026-07-26 17:30:15,743 INFO image_rx_daemon: published frame_id=0 242 B → lifetrac/v25/video/tile_delta

2026-07-26 17:30:15,996 INFO image_rx_daemon: published frame_id=0 242 B → lifetrac/v25/video/tile_delta

2026-07-26 17:30:15,997 INFO image_rx_daemon: published frame_id=0 240 B → lifetrac/v25/video/tile_delta

2026-07-26 17:30:16,149 INFO image_rx_daemon: published frame_id=0 252 B → lifetrac/v25/video/tile_delta

2026-07-26 17:30:16,524 INFO image_rx_daemon: published frame_id=0 248 B → lifetrac/v25/video/tile_delta

2026-07-26 17:30:16,525 INFO image_rx_daemon: published frame_id=0 248 B → lifetrac/v25/video/tile_delta

2026-07-26 17:30:16,526 INFO image_rx_daemon: published frame_id=0 240 B → lifetrac/v25/video/tile_delta

2026-07-26 17:30:16,760 INFO image_rx_daemon: published frame_id=0 246 B → lifetrac/v25/video/tile_delta

2026-07-26 17:30:16,914 INFO image_rx_daemon: published frame_id=0 244 B → lifetrac/v25/video/tile_delta

2026-07-26 17:30:17,272 INFO image_rx_daemon: published frame_id=0 242 B → lifetrac/v25/video/tile_delta

2026-07-26 17:30:17,274 INFO image_rx_daemon: published frame_id=0 244 B → lifetrac/v25/video/tile_delta

2026-07-26 17:30:17,275 INFO image_rx_daemon: published frame_id=0 230 B → lifetrac/v25/video/tile_delta

2026-07-26 17:30:17,544 INFO image_rx_daemon: published frame_id=0 244 B → lifetrac/v25/video/tile_delta

2026-07-26 17:30:17,545 INFO image_rx_daemon: published frame_id=0 234 B → lifetrac/v25/video/tile_delta

2026-07-26 17:30:17,680 INFO image_rx_daemon: published frame_id=0 244 B → lifetrac/v25/video/tile_delta

2026-07-26 17:30:18,360 INFO image_rx_daemon: published frame_id=0 240 B → lifetrac/v25/video/tile_delta

2026-07-26 17:30:18,361 INFO image_rx_daemon: published frame_id=0 240 B → lifetrac/v25/video/tile_delta

2026-07-26 17:30:18,612 INFO image_rx_daemon: published frame_id=0 242 B → lifetrac/v25/video/tile_delta

2026-07-26 17:30:18,614 INFO image_rx_daemon: published frame_id=0 240 B → lifetrac/v25/video/tile_delta

2026-07-26 17:30:18,796 INFO image_rx_daemon: cmd 0x60 CONVERGED after 0 attempts (0.1 s): keyframe received

2026-07-26 17:30:18,797 INFO image_rx_daemon: published frame_id=0 244 B → lifetrac/v25/video/tile_delta

2026-07-26 17:30:19,116 INFO image_rx_daemon: published frame_id=0 226 B → lifetrac/v25/video/tile_delta

2026-07-26 17:30:19,118 INFO image_rx_daemon: published frame_id=0 234 B → lifetrac/v25/video/tile_delta

2026-07-26 17:30:19,237 INFO image_rx_daemon: published frame_id=0 244 B → lifetrac/v25/video/tile_delta

2026-07-26 17:30:19,608 INFO image_rx_daemon: requesting keyframe (reassembly timeout #7)

2026-07-26 17:30:19,610 INFO image_rx_daemon: published frame_id=0 246 B → lifetrac/v25/video/tile_delta

2026-07-26 17:30:19,612 INFO image_rx_daemon: published frame_id=0 250 B → lifetrac/v25/video/tile_delta

2026-07-26 17:30:19,613 INFO image_rx_daemon: published frame_id=0 248 B → lifetrac/v25/video/tile_delta

2026-07-26 17:30:19,980 INFO image_rx_daemon: published frame_id=0 248 B → lifetrac/v25/video/tile_delta

2026-07-26 17:30:19,982 INFO image_rx_daemon: published frame_id=0 242 B → lifetrac/v25/video/tile_delta

2026-07-26 17:30:19,983 INFO image_rx_daemon: published frame_id=0 240 B → lifetrac/v25/video/tile_delta

2026-07-26 17:30:20,228 INFO image_rx_daemon: published frame_id=0 242 B → lifetrac/v25/video/tile_delta

2026-07-26 17:30:20,356 INFO image_rx_daemon: published frame_id=0 244 B → lifetrac/v25/video/tile_delta

2026-07-26 17:30:20,623 INFO image_rx_daemon: published frame_id=0 226 B → lifetrac/v25/video/tile_delta

2026-07-26 17:30:20,624 INFO image_rx_daemon: published frame_id=0 234 B → lifetrac/v25/video/tile_delta

2026-07-26 17:30:20,764 INFO image_rx_daemon: published frame_id=0 244 B → lifetrac/v25/video/tile_delta

2026-07-26 17:30:21,137 INFO image_rx_daemon: published frame_id=0 246 B → lifetrac/v25/video/tile_delta

2026-07-26 17:30:21,139 INFO image_rx_daemon: published frame_id=0 246 B → lifetrac/v25/video/tile_delta

2026-07-26 17:30:21,142 INFO image_rx_daemon: published frame_id=0 250 B → lifetrac/v25/video/tile_delta

2026-07-26 17:30:21,561 INFO image_rx_daemon: published frame_id=0 248 B → lifetrac/v25/video/tile_delta

2026-07-26 17:30:21,562 INFO image_rx_daemon: published frame_id=0 244 B → lifetrac/v25/video/tile_delta

2026-07-26 17:30:21,563 INFO image_rx_daemon: published frame_id=0 248 B → lifetrac/v25/video/tile_delta

2026-07-26 17:30:21,748 INFO image_rx_daemon: published frame_id=0 242 B → lifetrac/v25/video/tile_delta

2026-07-26 17:30:21,862 INFO image_rx_daemon: stats: rx_frames=542 rx_decode_err=0 frames_published=387 publish_err=0 reassembler_decode_err=0 reassembler_timeouts=7

2026-07-26 17:30:21,864 INFO image_rx_daemon: air_gap: n=96 dt_med=104871us dt_p95=204637us len_med=247B cmd_tx_ok=22 cmd_tx_fail=0

2026-07-26 17:30:21,875 INFO image_rx_daemon: published frame_id=0 244 B → lifetrac/v25/video/tile_delta

2026-07-26 17:30:22,264 INFO image_rx_daemon: published frame_id=0 244 B → lifetrac/v25/video/tile_delta

2026-07-26 17:30:22,265 INFO image_rx_daemon: published frame_id=0 242 B → lifetrac/v25/video/tile_delta

2026-07-26 17:30:22,266 INFO image_rx_daemon: published frame_id=0 226 B → lifetrac/v25/video/tile_delta

2026-07-26 17:30:22,491 INFO image_rx_daemon: published frame_id=0 234 B → lifetrac/v25/video/tile_delta

2026-07-26 17:30:22,493 INFO image_rx_daemon: published frame_id=0 246 B → lifetrac/v25/video/tile_delta

2026-07-26 17:30:22,850 INFO image_rx_daemon: published frame_id=0 246 B → lifetrac/v25/video/tile_delta

2026-07-26 17:30:22,851 INFO image_rx_daemon: published frame_id=0 250 B → lifetrac/v25/video/tile_delta

2026-07-26 17:30:22,852 INFO image_rx_daemon: published frame_id=0 248 B → lifetrac/v25/video/tile_delta

2026-07-26 17:30:23,224 INFO image_rx_daemon: published frame_id=0 248 B → lifetrac/v25/video/tile_delta

2026-07-26 17:30:23,226 INFO image_rx_daemon: published frame_id=0 240 B → lifetrac/v25/video/tile_delta

2026-07-26 17:30:23,227 INFO image_rx_daemon: published frame_id=0 242 B → lifetrac/v25/video/tile_delta

2026-07-26 17:30:23,737 INFO image_rx_daemon: published frame_id=0 244 B → lifetrac/v25/video/tile_delta

2026-07-26 17:30:23,737 INFO image_rx_daemon: published frame_id=0 240 B → lifetrac/v25/video/tile_delta

2026-07-26 17:30:23,739 INFO image_rx_daemon: published frame_id=0 242 B → lifetrac/v25/video/tile_delta

2026-07-26 17:30:23,990 INFO image_rx_daemon: published frame_id=0 242 B → lifetrac/v25/video/tile_delta

2026-07-26 17:30:23,992 INFO image_rx_daemon: published frame_id=0 240 B → lifetrac/v25/video/tile_delta

2026-07-26 17:30:24,142 INFO image_rx_daemon: published frame_id=0 252 B → lifetrac/v25/video/tile_delta

2026-07-26 17:30:24,504 INFO image_rx_daemon: published frame_id=0 248 B → lifetrac/v25/video/tile_delta

2026-07-26 17:30:24,506 INFO image_rx_daemon: published frame_id=0 248 B → lifetrac/v25/video/tile_delta

2026-07-26 17:30:24,507 INFO image_rx_daemon: published frame_id=0 240 B → lifetrac/v25/video/tile_delta

2026-07-26 17:30:24,752 INFO image_rx_daemon: published frame_id=0 246 B → lifetrac/v25/video/tile_delta

2026-07-26 17:30:24,895 INFO image_rx_daemon: published frame_id=0 240 B → lifetrac/v25/video/tile_delta

2026-07-26 17:30:25,026 INFO image_rx_daemon: published frame_id=0 244 B → lifetrac/v25/video/tile_delta

2026-07-26 17:30:25,389 INFO image_rx_daemon: published frame_id=0 230 B → lifetrac/v25/video/tile_delta

2026-07-26 17:30:25,391 INFO image_rx_daemon: published frame_id=0 244 B → lifetrac/v25/video/tile_delta

2026-07-26 17:30:25,392 INFO image_rx_daemon: published frame_id=0 242 B → lifetrac/v25/video/tile_delta

2026-07-26 17:30:25,522 INFO image_rx_daemon: published frame_id=0 226 B → lifetrac/v25/video/tile_delta

2026-07-26 17:30:25,653 INFO image_rx_daemon: published frame_id=0 252 B → lifetrac/v25/video/tile_delta

2026-07-26 17:30:26,023 INFO image_rx_daemon: published frame_id=0 250 B → lifetrac/v25/video/tile_delta

2026-07-26 17:30:26,024 INFO image_rx_daemon: published frame_id=0 248 B → lifetrac/v25/video/tile_delta

2026-07-26 17:30:26,025 INFO image_rx_daemon: published frame_id=0 248 B → lifetrac/v25/video/tile_delta

2026-07-26 17:30:26,404 INFO image_rx_daemon: published frame_id=0 240 B → lifetrac/v25/video/tile_delta

2026-07-26 17:30:26,405 INFO image_rx_daemon: published frame_id=0 242 B → lifetrac/v25/video/tile_delta

2026-07-26 17:30:26,407 INFO image_rx_daemon: published frame_id=0 240 B → lifetrac/v25/video/tile_delta

2026-07-26 17:30:26,640 INFO image_rx_daemon: published frame_id=0 242 B → lifetrac/v25/video/tile_delta

2026-07-26 17:30:26,784 INFO image_rx_daemon: published frame_id=0 244 B → lifetrac/v25/video/tile_delta

2026-07-26 17:30:27,044 INFO image_rx_daemon: published frame_id=0 226 B → lifetrac/v25/video/tile_delta

2026-07-26 17:30:27,045 INFO image_rx_daemon: published frame_id=0 234 B → lifetrac/v25/video/tile_delta

2026-07-26 17:30:27,167 INFO image_rx_daemon: published frame_id=0 244 B → lifetrac/v25/video/tile_delta

2026-07-26 17:30:27,555 INFO image_rx_daemon: published frame_id=0 246 B → lifetrac/v25/video/tile_delta

2026-07-26 17:30:27,558 INFO image_rx_daemon: published frame_id=0 246 B → lifetrac/v25/video/tile_delta

2026-07-26 17:30:27,559 INFO image_rx_daemon: published frame_id=0 250 B → lifetrac/v25/video/tile_delta

2026-07-26 17:30:27,976 INFO image_rx_daemon: published frame_id=0 248 B → lifetrac/v25/video/tile_delta

2026-07-26 17:30:27,978 INFO image_rx_daemon: published frame_id=0 244 B → lifetrac/v25/video/tile_delta

2026-07-26 17:30:27,979 INFO image_rx_daemon: published frame_id=0 248 B → lifetrac/v25/video/tile_delta

2026-07-26 17:30:28,160 INFO image_rx_daemon: published frame_id=0 242 B → lifetrac/v25/video/tile_delta

2026-07-26 17:30:28,293 INFO image_rx_daemon: published frame_id=0 244 B → lifetrac/v25/video/tile_delta

2026-07-26 17:30:28,666 INFO image_rx_daemon: published frame_id=0 244 B → lifetrac/v25/video/tile_delta

2026-07-26 17:30:28,667 INFO image_rx_daemon: published frame_id=0 242 B → lifetrac/v25/video/tile_delta

2026-07-26 17:30:28,668 INFO image_rx_daemon: published frame_id=0 226 B → lifetrac/v25/video/tile_delta

2026-07-26 17:30:28,916 INFO image_rx_daemon: published frame_id=0 234 B → lifetrac/v25/video/tile_delta

2026-07-26 17:30:28,917 INFO image_rx_daemon: published frame_id=0 246 B → lifetrac/v25/video/tile_delta

2026-07-26 17:30:29,267 INFO image_rx_daemon: published frame_id=0 246 B → lifetrac/v25/video/tile_delta

2026-07-26 17:30:29,267 INFO image_rx_daemon: published frame_id=0 250 B → lifetrac/v25/video/tile_delta

2026-07-26 17:30:29,268 INFO image_rx_daemon: published frame_id=0 248 B → lifetrac/v25/video/tile_delta

2026-07-26 17:30:29,641 INFO image_rx_daemon: published frame_id=0 248 B → lifetrac/v25/video/tile_delta

2026-07-26 17:30:29,642 INFO image_rx_daemon: published frame_id=0 240 B → lifetrac/v25/video/tile_delta

2026-07-26 17:30:29,643 INFO image_rx_daemon: published frame_id=0 242 B → lifetrac/v25/video/tile_delta

RFCO_PERTX during TX wait: profile_id=2 tx_status=0x00(OK) hop_idx=0 channel_idx=0 epoch=0 freq_hz=0 pkt_toa_us=10304 legal_dwell_used_us_10s=0

2026-07-26 17:30:29,918 INFO image_rx_daemon: command TX opcode=0x60 copy=1/1 OK (on air)

2026-07-26 17:30:30,408 INFO image_rx_daemon: published frame_id=0 242 B → lifetrac/v25/video/tile_delta

2026-07-26 17:30:30,409 INFO image_rx_daemon: published frame_id=0 240 B → lifetrac/v25/video/tile_delta

2026-07-26 17:30:30,559 INFO image_rx_daemon: cmd 0x60 CONVERGED after 1 attempts (1.9 s): keyframe received

2026-07-26 17:30:30,561 INFO image_rx_daemon: published frame_id=0 252 B → lifetrac/v25/video/tile_delta

2026-07-26 17:30:30,832 INFO image_rx_daemon: published frame_id=0 248 B → lifetrac/v25/video/tile_delta

2026-07-26 17:30:30,833 INFO image_rx_daemon: published frame_id=0 240 B → lifetrac/v25/video/tile_delta

2026-07-26 17:30:31,071 INFO image_rx_daemon: published frame_id=0 246 B → lifetrac/v25/video/tile_delta

2026-07-26 17:30:31,324 INFO image_rx_daemon: published frame_id=0 244 B → lifetrac/v25/video/tile_delta

2026-07-26 17:30:31,325 INFO image_rx_daemon: published frame_id=0 240 B → lifetrac/v25/video/tile_delta

2026-07-26 17:30:31,480 INFO image_rx_daemon: published frame_id=0 244 B → lifetrac/v25/video/tile_delta

2026-07-26 17:30:31,739 INFO image_rx_daemon: requesting keyframe (reassembly timeout #8)

2026-07-26 17:30:31,838 INFO image_rx_daemon: published frame_id=0 244 B → lifetrac/v25/video/tile_delta

2026-07-26 17:30:31,839 INFO image_rx_daemon: published frame_id=0 242 B → lifetrac/v25/video/tile_delta

2026-07-26 17:30:31,840 INFO image_rx_daemon: published frame_id=0 226 B → lifetrac/v25/video/tile_delta

2026-07-26 17:30:31,870 INFO image_rx_daemon: stats: rx_frames=641 rx_decode_err=0 frames_published=458 publish_err=0 reassembler_decode_err=0 reassembler_timeouts=8

2026-07-26 17:30:31,872 INFO image_rx_daemon: air_gap: n=99 dt_med=104860us dt_p95=219612us len_med=247B cmd_tx_ok=23 cmd_tx_fail=0

2026-07-26 17:30:32,084 INFO image_rx_daemon: published frame_id=0 234 B → lifetrac/v25/video/tile_delta

2026-07-26 17:30:32,085 INFO image_rx_daemon: published frame_id=0 246 B → lifetrac/v25/video/tile_delta

2026-07-26 17:30:32,432 INFO image_rx_daemon: published frame_id=0 246 B → lifetrac/v25/video/tile_delta

2026-07-26 17:30:32,434 INFO image_rx_daemon: published frame_id=0 250 B → lifetrac/v25/video/tile_delta

2026-07-26 17:30:32,435 INFO image_rx_daemon: published frame_id=0 248 B → lifetrac/v25/video/tile_delta

2026-07-26 17:30:32,816 INFO image_rx_daemon: published frame_id=0 248 B → lifetrac/v25/video/tile_delta

2026-07-26 17:30:32,818 INFO image_rx_daemon: published frame_id=0 242 B → lifetrac/v25/video/tile_delta

2026-07-26 17:30:32,819 INFO image_rx_daemon: published frame_id=0 240 B → lifetrac/v25/video/tile_delta

2026-07-26 17:30:33,320 INFO image_rx_daemon: published frame_id=0 242 B → lifetrac/v25/video/tile_delta

2026-07-26 17:30:33,321 INFO image_rx_daemon: published frame_id=0 240 B → lifetrac/v25/video/tile_delta

2026-07-26 17:30:33,322 INFO image_rx_daemon: published frame_id=0 242 B → lifetrac/v25/video/tile_delta

2026-07-26 17:30:33,588 INFO image_rx_daemon: published frame_id=0 242 B → lifetrac/v25/video/tile_delta

2026-07-26 17:30:33,589 INFO image_rx_daemon: published frame_id=0 240 B → lifetrac/v25/video/tile_delta

2026-07-26 17:30:33,736 INFO image_rx_daemon: published frame_id=0 252 B → lifetrac/v25/video/tile_delta

2026-07-26 17:30:34,100 INFO image_rx_daemon: published frame_id=0 248 B → lifetrac/v25/video/tile_delta

2026-07-26 17:30:34,101 INFO image_rx_daemon: published frame_id=0 248 B → lifetrac/v25/video/tile_delta

2026-07-26 17:30:34,101 INFO image_rx_daemon: published frame_id=0 240 B → lifetrac/v25/video/tile_delta

2026-07-26 17:30:34,336 INFO image_rx_daemon: published frame_id=0 246 B → lifetrac/v25/video/tile_delta

2026-07-26 17:30:34,467 INFO image_rx_daemon: published frame_id=0 240 B → lifetrac/v25/video/tile_delta

2026-07-26 17:30:34,609 INFO image_rx_daemon: published frame_id=0 244 B → lifetrac/v25/video/tile_delta

2026-07-26 17:30:34,972 INFO image_rx_daemon: published frame_id=0 230 B → lifetrac/v25/video/tile_delta

2026-07-26 17:30:34,974 INFO image_rx_daemon: published frame_id=0 244 B → lifetrac/v25/video/tile_delta

2026-07-26 17:30:34,975 INFO image_rx_daemon: published frame_id=0 242 B → lifetrac/v25/video/tile_delta

2026-07-26 17:30:35,210 INFO image_rx_daemon: published frame_id=0 226 B → lifetrac/v25/video/tile_delta

2026-07-26 17:30:35,212 INFO image_rx_daemon: published frame_id=0 240 B → lifetrac/v25/video/tile_delta

2026-07-26 17:30:35,358 INFO image_rx_daemon: published frame_id=0 252 B → lifetrac/v25/video/tile_delta

2026-07-26 17:30:35,724 INFO image_rx_daemon: published frame_id=0 248 B → lifetrac/v25/video/tile_delta

2026-07-26 17:30:35,727 INFO image_rx_daemon: published frame_id=0 248 B → lifetrac/v25/video/tile_delta

2026-07-26 17:30:35,728 INFO image_rx_daemon: published frame_id=0 240 B → lifetrac/v25/video/tile_delta

2026-07-26 17:30:35,900 INFO image_rx_daemon: published frame_id=0 246 B → lifetrac/v25/video/tile_delta

2026-07-26 17:30:36,198 INFO image_rx_daemon: published frame_id=0 244 B → lifetrac/v25/video/tile_delta

2026-07-26 17:30:36,200 INFO image_rx_daemon: published frame_id=0 240 B → lifetrac/v25/video/tile_delta

2026-07-26 17:30:36,349 INFO image_rx_daemon: published frame_id=0 244 B → lifetrac/v25/video/tile_delta

2026-07-26 17:30:36,708 INFO image_rx_daemon: published frame_id=0 242 B → lifetrac/v25/video/tile_delta

2026-07-26 17:30:36,709 INFO image_rx_daemon: published frame_id=0 226 B → lifetrac/v25/video/tile_delta

2026-07-26 17:30:36,710 INFO image_rx_daemon: published frame_id=0 234 B → lifetrac/v25/video/tile_delta

2026-07-26 17:30:36,852 INFO image_rx_daemon: published frame_id=0 244 B → lifetrac/v25/video/tile_delta

2026-07-26 17:30:37,232 INFO image_rx_daemon: published frame_id=0 246 B → lifetrac/v25/video/tile_delta

2026-07-26 17:30:37,233 INFO image_rx_daemon: published frame_id=0 250 B → lifetrac/v25/video/tile_delta

2026-07-26 17:30:37,235 INFO image_rx_daemon: published frame_id=0 248 B → lifetrac/v25/video/tile_delta

2026-07-26 17:30:37,688 INFO image_rx_daemon: published frame_id=0 248 B → lifetrac/v25/video/tile_delta

2026-07-26 17:30:37,690 INFO image_rx_daemon: published frame_id=0 242 B → lifetrac/v25/video/tile_delta

2026-07-26 17:30:37,691 INFO image_rx_daemon: published frame_id=0 240 B → lifetrac/v25/video/tile_delta

2026-07-26 17:30:38,048 INFO image_rx_daemon: published frame_id=0 242 B → lifetrac/v25/video/tile_delta

2026-07-26 17:30:38,050 INFO image_rx_daemon: published frame_id=0 242 B → lifetrac/v25/video/tile_delta

2026-07-26 17:30:38,051 INFO image_rx_daemon: published frame_id=0 242 B → lifetrac/v25/video/tile_delta

2026-07-26 17:30:38,360 INFO image_rx_daemon: published frame_id=0 244 B → lifetrac/v25/video/tile_delta

2026-07-26 17:30:38,361 INFO image_rx_daemon: published frame_id=0 234 B → lifetrac/v25/video/tile_delta

2026-07-26 17:30:38,496 INFO image_rx_daemon: published frame_id=0 244 B → lifetrac/v25/video/tile_delta

2026-07-26 17:30:38,916 INFO image_rx_daemon: published frame_id=0 250 B → lifetrac/v25/video/tile_delta

2026-07-26 17:30:38,917 INFO image_rx_daemon: published frame_id=0 248 B → lifetrac/v25/video/tile_delta

2026-07-26 17:30:38,919 INFO image_rx_daemon: published frame_id=0 248 B → lifetrac/v25/video/tile_delta

2026-07-26 17:30:39,300 INFO image_rx_daemon: published frame_id=0 240 B → lifetrac/v25/video/tile_delta

2026-07-26 17:30:39,302 INFO image_rx_daemon: published frame_id=0 242 B → lifetrac/v25/video/tile_delta

2026-07-26 17:30:39,303 INFO image_rx_daemon: published frame_id=0 244 B → lifetrac/v25/video/tile_delta

2026-07-26 17:30:39,689 INFO image_rx_daemon: published frame_id=0 242 B → lifetrac/v25/video/tile_delta

2026-07-26 17:30:39,690 INFO image_rx_daemon: published frame_id=0 242 B → lifetrac/v25/video/tile_delta

2026-07-26 17:30:39,691 INFO image_rx_daemon: published frame_id=0 242 B → lifetrac/v25/video/tile_delta

2026-07-26 17:30:39,925 INFO image_rx_daemon: published frame_id=0 244 B → lifetrac/v25/video/tile_delta

2026-07-26 17:30:40,076 INFO image_rx_daemon: cmd 0x60 CONVERGED after 0 attempts (1.2 s): keyframe received

2026-07-26 17:30:40,077 INFO image_rx_daemon: published frame_id=0 244 B → lifetrac/v25/video/tile_delta

2026-07-26 17:30:40,448 INFO image_rx_daemon: published frame_id=0 250 B → lifetrac/v25/video/tile_delta

2026-07-26 17:30:40,449 INFO image_rx_daemon: published frame_id=0 248 B → lifetrac/v25/video/tile_delta

2026-07-26 17:30:40,450 INFO image_rx_daemon: published frame_id=0 248 B → lifetrac/v25/video/tile_delta

2026-07-26 17:30:40,829 INFO image_rx_daemon: published frame_id=0 240 B → lifetrac/v25/video/tile_delta

2026-07-26 17:30:40,830 INFO image_rx_daemon: published frame_id=0 242 B → lifetrac/v25/video/tile_delta

2026-07-26 17:30:40,831 INFO image_rx_daemon: published frame_id=0 240 B → lifetrac/v25/video/tile_delta

2026-07-26 17:30:41,259 INFO image_rx_daemon: published frame_id=0 242 B → lifetrac/v25/video/tile_delta

2026-07-26 17:30:41,260 INFO image_rx_daemon: published frame_id=0 240 B → lifetrac/v25/video/tile_delta

2026-07-26 17:30:41,261 INFO image_rx_daemon: published frame_id=0 242 B → lifetrac/v25/video/tile_delta

2026-07-26 17:30:41,452 INFO image_rx_daemon: published frame_id=0 242 B → lifetrac/v25/video/tile_delta

2026-07-26 17:30:41,588 INFO image_rx_daemon: published frame_id=0 244 B → lifetrac/v25/video/tile_delta

2026-07-26 17:30:41,881 INFO image_rx_daemon: stats: rx_frames=741 rx_decode_err=0 frames_published=529 publish_err=0 reassembler_decode_err=0 reassembler_timeouts=8

2026-07-26 17:30:41,883 INFO image_rx_daemon: air_gap: n=100 dt_med=104862us dt_p95=209745us len_med=247B cmd_tx_ok=23 cmd_tx_fail=0

2026-07-26 17:30:41,961 INFO image_rx_daemon: published frame_id=0 246 B → lifetrac/v25/video/tile_delta

2026-07-26 17:30:41,962 INFO image_rx_daemon: published frame_id=0 246 B → lifetrac/v25/video/tile_delta

2026-07-26 17:30:41,963 INFO image_rx_daemon: published frame_id=0 250 B → lifetrac/v25/video/tile_delta

2026-07-26 17:30:42,393 INFO image_rx_daemon: published frame_id=0 248 B → lifetrac/v25/video/tile_delta

2026-07-26 17:30:42,394 INFO image_rx_daemon: published frame_id=0 248 B → lifetrac/v25/video/tile_delta

2026-07-26 17:30:42,395 INFO image_rx_daemon: published frame_id=0 242 B → lifetrac/v25/video/tile_delta

2026-07-26 17:30:42,580 INFO image_rx_daemon: published frame_id=0 240 B → lifetrac/v25/video/tile_delta

2026-07-26 17:30:42,716 INFO image_rx_daemon: published frame_id=0 244 B → lifetrac/v25/video/tile_delta

2026-07-26 17:30:43,085 INFO image_rx_daemon: published frame_id=0 242 B → lifetrac/v25/video/tile_delta

2026-07-26 17:30:43,085 INFO image_rx_daemon: published frame_id=0 226 B → lifetrac/v25/video/tile_delta

2026-07-26 17:30:43,086 INFO image_rx_daemon: published frame_id=0 234 B → lifetrac/v25/video/tile_delta

2026-07-26 17:30:43,216 INFO image_rx_daemon: published frame_id=0 244 B → lifetrac/v25/video/tile_delta

2026-07-26 17:30:43,629 INFO image_rx_daemon: published frame_id=0 246 B → lifetrac/v25/video/tile_delta

2026-07-26 17:30:43,630 INFO image_rx_daemon: published frame_id=0 250 B → lifetrac/v25/video/tile_delta

2026-07-26 17:30:43,631 INFO image_rx_daemon: published frame_id=0 248 B → lifetrac/v25/video/tile_delta

2026-07-26 17:30:44,045 INFO image_rx_daemon: published frame_id=0 248 B → lifetrac/v25/video/tile_delta

2026-07-26 17:30:44,047 INFO image_rx_daemon: published frame_id=0 242 B → lifetrac/v25/video/tile_delta

2026-07-26 17:30:44,048 INFO image_rx_daemon: published frame_id=0 240 B → lifetrac/v25/video/tile_delta

2026-07-26 17:30:44,425 INFO image_rx_daemon: published frame_id=0 242 B → lifetrac/v25/video/tile_delta

2026-07-26 17:30:44,426 INFO image_rx_daemon: published frame_id=0 240 B → lifetrac/v25/video/tile_delta

2026-07-26 17:30:44,428 INFO image_rx_daemon: published frame_id=0 242 B → lifetrac/v25/video/tile_delta

2026-07-26 17:30:44,742 INFO image_rx_daemon: published frame_id=0 242 B → lifetrac/v25/video/tile_delta

2026-07-26 17:30:44,743 INFO image_rx_daemon: published frame_id=0 234 B → lifetrac/v25/video/tile_delta

2026-07-26 17:30:44,884 INFO image_rx_daemon: published frame_id=0 244 B → lifetrac/v25/video/tile_delta

2026-07-26 17:30:45,283 INFO image_rx_daemon: published frame_id=0 250 B → lifetrac/v25/video/tile_delta

2026-07-26 17:30:45,286 INFO image_rx_daemon: published frame_id=0 248 B → lifetrac/v25/video/tile_delta

2026-07-26 17:30:45,289 INFO image_rx_daemon: published frame_id=0 248 B → lifetrac/v25/video/tile_delta

2026-07-26 17:30:45,557 INFO image_rx_daemon: published frame_id=0 240 B → lifetrac/v25/video/tile_delta

2026-07-26 17:30:45,558 INFO image_rx_daemon: published frame_id=0 240 B → lifetrac/v25/video/tile_delta

2026-07-26 17:30:45,804 INFO image_rx_daemon: published frame_id=0 242 B → lifetrac/v25/video/tile_delta

2026-07-26 17:30:45,805 INFO image_rx_daemon: published frame_id=0 240 B → lifetrac/v25/video/tile_delta

2026-07-26 17:30:46,288 INFO image_rx_daemon: published frame_id=0 226 B → lifetrac/v25/video/tile_delta

2026-07-26 17:30:46,290 INFO image_rx_daemon: published frame_id=0 234 B → lifetrac/v25/video/tile_delta

2026-07-26 17:30:46,432 INFO image_rx_daemon: published frame_id=0 244 B → lifetrac/v25/video/tile_delta

2026-07-26 17:30:46,797 INFO image_rx_daemon: published frame_id=0 246 B → lifetrac/v25/video/tile_delta

2026-07-26 17:30:46,799 INFO image_rx_daemon: published frame_id=0 250 B → lifetrac/v25/video/tile_delta

2026-07-26 17:30:46,800 INFO image_rx_daemon: published frame_id=0 248 B → lifetrac/v25/video/tile_delta

2026-07-26 17:30:47,165 INFO image_rx_daemon: published frame_id=0 248 B → lifetrac/v25/video/tile_delta

2026-07-26 17:30:47,166 INFO image_rx_daemon: published frame_id=0 248 B → lifetrac/v25/video/tile_delta

2026-07-26 17:30:47,167 INFO image_rx_daemon: published frame_id=0 242 B → lifetrac/v25/video/tile_delta

2026-07-26 17:30:47,412 INFO image_rx_daemon: published frame_id=0 240 B → lifetrac/v25/video/tile_delta

2026-07-26 17:30:47,555 INFO image_rx_daemon: requesting keyframe (reassembly timeout #9)

2026-07-26 17:30:47,558 INFO image_rx_daemon: published frame_id=0 244 B → lifetrac/v25/video/tile_delta

2026-07-26 17:30:47,912 INFO image_rx_daemon: published frame_id=0 242 B → lifetrac/v25/video/tile_delta

2026-07-26 17:30:47,913 INFO image_rx_daemon: published frame_id=0 226 B → lifetrac/v25/video/tile_delta

2026-07-26 17:30:47,914 INFO image_rx_daemon: published frame_id=0 234 B → lifetrac/v25/video/tile_delta

2026-07-26 17:30:48,056 INFO image_rx_daemon: published frame_id=0 244 B → lifetrac/v25/video/tile_delta

2026-07-26 17:30:48,420 INFO image_rx_daemon: published frame_id=0 246 B → lifetrac/v25/video/tile_delta

2026-07-26 17:30:48,421 INFO image_rx_daemon: published frame_id=0 250 B → lifetrac/v25/video/tile_delta

2026-07-26 17:30:48,422 INFO image_rx_daemon: published frame_id=0 248 B → lifetrac/v25/video/tile_delta

2026-07-26 17:30:48,881 INFO image_rx_daemon: published frame_id=0 248 B → lifetrac/v25/video/tile_delta

2026-07-26 17:30:48,883 INFO image_rx_daemon: published frame_id=0 242 B → lifetrac/v25/video/tile_delta

2026-07-26 17:30:48,885 INFO image_rx_daemon: published frame_id=0 240 B → lifetrac/v25/video/tile_delta

2026-07-26 17:30:49,254 INFO image_rx_daemon: published frame_id=0 242 B → lifetrac/v25/video/tile_delta

2026-07-26 17:30:49,255 INFO image_rx_daemon: published frame_id=0 242 B → lifetrac/v25/video/tile_delta

2026-07-26 17:30:49,257 INFO image_rx_daemon: published frame_id=0 242 B → lifetrac/v25/video/tile_delta

2026-07-26 17:30:49,449 INFO image_rx_daemon: published frame_id=0 244 B → lifetrac/v25/video/tile_delta

2026-07-26 17:30:49,588 INFO image_rx_daemon: cmd 0x60 CONVERGED after 0 attempts (0.7 s): keyframe received

2026-07-26 17:30:49,589 INFO image_rx_daemon: published frame_id=0 244 B → lifetrac/v25/video/tile_delta

2026-07-26 17:30:50,013 INFO image_rx_daemon: published frame_id=0 246 B → lifetrac/v25/video/tile_delta

2026-07-26 17:30:50,015 INFO image_rx_daemon: published frame_id=0 246 B → lifetrac/v25/video/tile_delta

2026-07-26 17:30:50,017 INFO image_rx_daemon: published frame_id=0 250 B → lifetrac/v25/video/tile_delta

2026-07-26 17:30:50,396 INFO image_rx_daemon: published frame_id=0 248 B → lifetrac/v25/video/tile_delta

2026-07-26 17:30:50,397 INFO image_rx_daemon: published frame_id=0 242 B → lifetrac/v25/video/tile_delta

2026-07-26 17:30:50,398 INFO image_rx_daemon: published frame_id=0 240 B → lifetrac/v25/video/tile_delta

2026-07-26 17:30:50,548 INFO image_rx_daemon: published frame_id=0 242 B → lifetrac/v25/video/tile_delta

2026-07-26 17:30:50,712 INFO image_rx_daemon: published frame_id=0 244 B → lifetrac/v25/video/tile_delta

2026-07-26 17:30:51,140 INFO image_rx_daemon: published frame_id=0 244 B → lifetrac/v25/video/tile_delta

2026-07-26 17:30:51,142 INFO image_rx_daemon: published frame_id=0 242 B → lifetrac/v25/video/tile_delta

2026-07-26 17:30:51,142 INFO image_rx_daemon: published frame_id=0 226 B → lifetrac/v25/video/tile_delta

2026-07-26 17:30:51,388 INFO image_rx_daemon: published frame_id=0 234 B → lifetrac/v25/video/tile_delta

2026-07-26 17:30:51,390 INFO image_rx_daemon: published frame_id=0 244 B → lifetrac/v25/video/tile_delta

2026-07-26 17:30:51,738 INFO image_rx_daemon: published frame_id=0 246 B → lifetrac/v25/video/tile_delta

2026-07-26 17:30:51,740 INFO image_rx_daemon: published frame_id=0 248 B → lifetrac/v25/video/tile_delta

2026-07-26 17:30:51,742 INFO image_rx_daemon: published frame_id=0 240 B → lifetrac/v25/video/tile_delta

2026-07-26 17:30:51,881 INFO image_rx_daemon: published frame_id=0 246 B → lifetrac/v25/video/tile_delta

2026-07-26 17:30:51,889 INFO image_rx_daemon: stats: rx_frames=839 rx_decode_err=0 frames_published=603 publish_err=0 reassembler_decode_err=0 reassembler_timeouts=9

2026-07-26 17:30:51,890 INFO image_rx_daemon: air_gap: n=98 dt_med=104853us dt_p95=203161us len_med=247B cmd_tx_ok=23 cmd_tx_fail=0

2026-07-26 17:30:52,168 INFO image_rx_daemon: published frame_id=0 244 B → lifetrac/v25/video/tile_delta

2026-07-26 17:30:52,169 INFO image_rx_daemon: published frame_id=0 240 B → lifetrac/v25/video/tile_delta

2026-07-26 17:30:52,408 INFO image_rx_daemon: published frame_id=0 244 B → lifetrac/v25/video/tile_delta

2026-07-26 17:30:52,548 INFO image_rx_daemon: published frame_id=0 234 B → lifetrac/v25/video/tile_delta

2026-07-26 17:30:52,688 INFO image_rx_daemon: published frame_id=0 244 B → lifetrac/v25/video/tile_delta

2026-07-26 17:30:53,055 INFO image_rx_daemon: published frame_id=0 246 B → lifetrac/v25/video/tile_delta

2026-07-26 17:30:53,058 INFO image_rx_daemon: published frame_id=0 244 B → lifetrac/v25/video/tile_delta

2026-07-26 17:30:53,059 INFO image_rx_daemon: published frame_id=0 246 B → lifetrac/v25/video/tile_delta

2026-07-26 17:30:53,309 INFO image_rx_daemon: published frame_id=0 246 B → lifetrac/v25/video/tile_delta

2026-07-26 17:30:53,310 INFO image_rx_daemon: published frame_id=0 240 B → lifetrac/v25/video/tile_delta

2026-07-26 17:30:53,528 INFO image_rx_daemon: published frame_id=0 246 B → lifetrac/v25/video/tile_delta

2026-07-26 17:30:53,680 INFO image_rx_daemon: published frame_id=0 240 B → lifetrac/v25/video/tile_delta

2026-07-26 17:30:53,804 INFO image_rx_daemon: published frame_id=0 244 B → lifetrac/v25/video/tile_delta

2026-07-26 17:30:54,184 INFO image_rx_daemon: published frame_id=0 244 B → lifetrac/v25/video/tile_delta

2026-07-26 17:30:54,186 INFO image_rx_daemon: published frame_id=0 230 B → lifetrac/v25/video/tile_delta

2026-07-26 17:30:54,187 INFO image_rx_daemon: published frame_id=0 244 B → lifetrac/v25/video/tile_delta

2026-07-26 17:30:54,340 INFO image_rx_daemon: published frame_id=0 242 B → lifetrac/v25/video/tile_delta

2026-07-26 17:30:54,472 INFO image_rx_daemon: published frame_id=0 252 B → lifetrac/v25/video/tile_delta

2026-07-26 17:30:54,867 INFO image_rx_daemon: published frame_id=0 250 B → lifetrac/v25/video/tile_delta

2026-07-26 17:30:54,869 INFO image_rx_daemon: published frame_id=0 248 B → lifetrac/v25/video/tile_delta

2026-07-26 17:30:54,871 INFO image_rx_daemon: published frame_id=0 248 B → lifetrac/v25/video/tile_delta

2026-07-26 17:30:55,208 INFO image_rx_daemon: published frame_id=0 240 B → lifetrac/v25/video/tile_delta

2026-07-26 17:30:55,209 INFO image_rx_daemon: published frame_id=0 240 B → lifetrac/v25/video/tile_delta

2026-07-26 17:30:55,352 INFO image_rx_daemon: published frame_id=0 242 B → lifetrac/v25/video/tile_delta

2026-07-26 17:30:55,482 INFO image_rx_daemon: published frame_id=0 244 B → lifetrac/v25/video/tile_delta

2026-07-26 17:30:55,829 INFO image_rx_daemon: published frame_id=0 244 B → lifetrac/v25/video/tile_delta

2026-07-26 17:30:55,831 INFO image_rx_daemon: published frame_id=0 242 B → lifetrac/v25/video/tile_delta

2026-07-26 17:30:55,832 INFO image_rx_daemon: published frame_id=0 226 B → lifetrac/v25/video/tile_delta

2026-07-26 17:30:56,084 INFO image_rx_daemon: published frame_id=0 234 B → lifetrac/v25/video/tile_delta

2026-07-26 17:30:56,086 INFO image_rx_daemon: published frame_id=0 246 B → lifetrac/v25/video/tile_delta

2026-07-26 17:30:56,458 INFO image_rx_daemon: published frame_id=0 246 B → lifetrac/v25/video/tile_delta

2026-07-26 17:30:56,460 INFO image_rx_daemon: published frame_id=0 250 B → lifetrac/v25/video/tile_delta

2026-07-26 17:30:56,463 INFO image_rx_daemon: published frame_id=0 248 B → lifetrac/v25/video/tile_delta

2026-07-26 17:30:56,829 INFO image_rx_daemon: published frame_id=0 248 B → lifetrac/v25/video/tile_delta

2026-07-26 17:30:56,831 INFO image_rx_daemon: published frame_id=0 240 B → lifetrac/v25/video/tile_delta

2026-07-26 17:30:56,832 INFO image_rx_daemon: published frame_id=0 242 B → lifetrac/v25/video/tile_delta

2026-07-26 17:30:57,321 INFO image_rx_daemon: published frame_id=0 244 B → lifetrac/v25/video/tile_delta

2026-07-26 17:30:57,322 INFO image_rx_daemon: published frame_id=0 240 B → lifetrac/v25/video/tile_delta

2026-07-26 17:30:57,323 INFO image_rx_daemon: published frame_id=0 242 B → lifetrac/v25/video/tile_delta

2026-07-26 17:30:57,575 INFO image_rx_daemon: published frame_id=0 242 B → lifetrac/v25/video/tile_delta

2026-07-26 17:30:57,576 INFO image_rx_daemon: published frame_id=0 240 B → lifetrac/v25/video/tile_delta

2026-07-26 17:30:57,748 INFO image_rx_daemon: published frame_id=0 252 B → lifetrac/v25/video/tile_delta

2026-07-26 17:30:58,105 INFO image_rx_daemon: published frame_id=0 248 B → lifetrac/v25/video/tile_delta

2026-07-26 17:30:58,106 INFO image_rx_daemon: published frame_id=0 248 B → lifetrac/v25/video/tile_delta

2026-07-26 17:30:58,107 INFO image_rx_daemon: published frame_id=0 240 B → lifetrac/v25/video/tile_delta

2026-07-26 17:30:58,328 INFO image_rx_daemon: published frame_id=0 246 B → lifetrac/v25/video/tile_delta

2026-07-26 17:30:58,480 INFO image_rx_daemon: published frame_id=0 240 B → lifetrac/v25/video/tile_delta

2026-07-26 17:30:58,605 INFO image_rx_daemon: published frame_id=0 244 B → lifetrac/v25/video/tile_delta

2026-07-26 17:30:58,969 INFO image_rx_daemon: published frame_id=0 230 B → lifetrac/v25/video/tile_delta

2026-07-26 17:30:58,971 INFO image_rx_daemon: published frame_id=0 244 B → lifetrac/v25/video/tile_delta

2026-07-26 17:30:58,973 INFO image_rx_daemon: published frame_id=0 242 B → lifetrac/v25/video/tile_delta

2026-07-26 17:30:59,104 INFO image_rx_daemon: published frame_id=0 226 B → lifetrac/v25/video/tile_delta

2026-07-26 17:30:59,232 INFO image_rx_daemon: cmd 0x60 CONVERGED after 0 attempts (0.3 s): keyframe received

2026-07-26 17:30:59,233 INFO image_rx_daemon: published frame_id=0 252 B → lifetrac/v25/video/tile_delta

2026-07-26 17:30:59,608 INFO image_rx_daemon: published frame_id=0 246 B → lifetrac/v25/video/tile_delta

2026-07-26 17:30:59,610 INFO image_rx_daemon: published frame_id=0 250 B → lifetrac/v25/video/tile_delta

2026-07-26 17:30:59,611 INFO image_rx_daemon: published frame_id=0 248 B → lifetrac/v25/video/tile_delta

2026-07-26 17:30:59,980 INFO image_rx_daemon: published frame_id=0 248 B → lifetrac/v25/video/tile_delta

2026-07-26 17:30:59,982 INFO image_rx_daemon: published frame_id=0 242 B → lifetrac/v25/video/tile_delta

2026-07-26 17:30:59,982 INFO image_rx_daemon: published frame_id=0 240 B → lifetrac/v25/video/tile_delta

2026-07-26 17:31:00,228 INFO image_rx_daemon: published frame_id=0 242 B → lifetrac/v25/video/tile_delta

2026-07-26 17:31:00,351 INFO image_rx_daemon: published frame_id=0 244 B → lifetrac/v25/video/tile_delta

2026-07-26 17:31:00,624 INFO image_rx_daemon: published frame_id=0 226 B → lifetrac/v25/video/tile_delta

2026-07-26 17:31:00,625 INFO image_rx_daemon: published frame_id=0 234 B → lifetrac/v25/video/tile_delta

2026-07-26 17:31:00,760 INFO image_rx_daemon: published frame_id=0 244 B → lifetrac/v25/video/tile_delta

2026-07-26 17:31:01,134 INFO image_rx_daemon: published frame_id=0 246 B → lifetrac/v25/video/tile_delta

2026-07-26 17:31:01,136 INFO image_rx_daemon: published frame_id=0 246 B → lifetrac/v25/video/tile_delta

2026-07-26 17:31:01,138 INFO image_rx_daemon: published frame_id=0 250 B → lifetrac/v25/video/tile_delta

2026-07-26 17:31:01,555 INFO image_rx_daemon: published frame_id=0 248 B → lifetrac/v25/video/tile_delta

2026-07-26 17:31:01,556 INFO image_rx_daemon: published frame_id=0 244 B → lifetrac/v25/video/tile_delta

2026-07-26 17:31:01,558 INFO image_rx_daemon: published frame_id=0 248 B → lifetrac/v25/video/tile_delta

2026-07-26 17:31:01,750 INFO image_rx_daemon: published frame_id=0 242 B → lifetrac/v25/video/tile_delta

2026-07-26 17:31:01,889 INFO image_rx_daemon: published frame_id=0 244 B → lifetrac/v25/video/tile_delta

2026-07-26 17:31:01,903 INFO image_rx_daemon: stats: rx_frames=937 rx_decode_err=0 frames_published=675 publish_err=0 reassembler_decode_err=0 reassembler_timeouts=9

2026-07-26 17:31:01,904 INFO image_rx_daemon: air_gap: n=98 dt_med=104959us dt_p95=204842us len_med=247B cmd_tx_ok=23 cmd_tx_fail=0

2026-07-26 17:31:02,247 INFO image_rx_daemon: published frame_id=0 244 B → lifetrac/v25/video/tile_delta

2026-07-26 17:31:02,248 INFO image_rx_daemon: published frame_id=0 242 B → lifetrac/v25/video/tile_delta

2026-07-26 17:31:02,249 INFO image_rx_daemon: published frame_id=0 226 B → lifetrac/v25/video/tile_delta

2026-07-26 17:31:02,492 INFO image_rx_daemon: published frame_id=0 234 B → lifetrac/v25/video/tile_delta

2026-07-26 17:31:02,494 INFO image_rx_daemon: published frame_id=0 246 B → lifetrac/v25/video/tile_delta

2026-07-26 17:31:02,853 INFO image_rx_daemon: published frame_id=0 246 B → lifetrac/v25/video/tile_delta

2026-07-26 17:31:02,854 INFO image_rx_daemon: published frame_id=0 250 B → lifetrac/v25/video/tile_delta

2026-07-26 17:31:02,855 INFO image_rx_daemon: published frame_id=0 248 B → lifetrac/v25/video/tile_delta

2026-07-26 17:31:03,213 INFO image_rx_daemon: published frame_id=0 248 B → lifetrac/v25/video/tile_delta

2026-07-26 17:31:03,214 INFO image_rx_daemon: published frame_id=0 242 B → lifetrac/v25/video/tile_delta

2026-07-26 17:31:03,215 INFO image_rx_daemon: published frame_id=0 240 B → lifetrac/v25/video/tile_delta

2026-07-26 17:31:03,739 INFO image_rx_daemon: published frame_id=0 242 B → lifetrac/v25/video/tile_delta

2026-07-26 17:31:03,739 INFO image_rx_daemon: published frame_id=0 240 B → lifetrac/v25/video/tile_delta

2026-07-26 17:31:03,740 INFO image_rx_daemon: published frame_id=0 242 B → lifetrac/v25/video/tile_delta

2026-07-26 17:31:03,988 INFO image_rx_daemon: published frame_id=0 242 B → lifetrac/v25/video/tile_delta

2026-07-26 17:31:03,990 INFO image_rx_daemon: published frame_id=0 240 B → lifetrac/v25/video/tile_delta

2026-07-26 17:31:04,141 INFO image_rx_daemon: published frame_id=0 252 B → lifetrac/v25/video/tile_delta

2026-07-26 17:31:04,507 INFO image_rx_daemon: published frame_id=0 248 B → lifetrac/v25/video/tile_delta

2026-07-26 17:31:04,508 INFO image_rx_daemon: published frame_id=0 248 B → lifetrac/v25/video/tile_delta

2026-07-26 17:31:04,509 INFO image_rx_daemon: published frame_id=0 240 B → lifetrac/v25/video/tile_delta

2026-07-26 17:31:04,749 INFO image_rx_daemon: published frame_id=0 246 B → lifetrac/v25/video/tile_delta

2026-07-26 17:31:04,882 INFO image_rx_daemon: published frame_id=0 240 B → lifetrac/v25/video/tile_delta

2026-07-26 17:31:05,024 INFO image_rx_daemon: published frame_id=0 244 B → lifetrac/v25/video/tile_delta

2026-07-26 17:31:05,382 INFO image_rx_daemon: published frame_id=0 230 B → lifetrac/v25/video/tile_delta

2026-07-26 17:31:05,384 INFO image_rx_daemon: published frame_id=0 244 B → lifetrac/v25/video/tile_delta

2026-07-26 17:31:05,385 INFO image_rx_daemon: published frame_id=0 242 B → lifetrac/v25/video/tile_delta

2026-07-26 17:31:05,516 INFO image_rx_daemon: published frame_id=0 226 B → lifetrac/v25/video/tile_delta

2026-07-26 17:31:05,648 INFO image_rx_daemon: published frame_id=0 252 B → lifetrac/v25/video/tile_delta

2026-07-26 17:31:06,017 INFO image_rx_daemon: published frame_id=0 246 B → lifetrac/v25/video/tile_delta

2026-07-26 17:31:06,018 INFO image_rx_daemon: published frame_id=0 250 B → lifetrac/v25/video/tile_delta

2026-07-26 17:31:06,019 INFO image_rx_daemon: published frame_id=0 248 B → lifetrac/v25/video/tile_delta

2026-07-26 17:31:06,389 INFO image_rx_daemon: published frame_id=0 248 B → lifetrac/v25/video/tile_delta

2026-07-26 17:31:06,390 INFO image_rx_daemon: published frame_id=0 242 B → lifetrac/v25/video/tile_delta

2026-07-26 17:31:06,391 INFO image_rx_daemon: published frame_id=0 240 B → lifetrac/v25/video/tile_delta

2026-07-26 17:31:06,640 INFO image_rx_daemon: published frame_id=0 242 B → lifetrac/v25/video/tile_delta

2026-07-26 17:31:06,772 INFO image_rx_daemon: published frame_id=0 244 B → lifetrac/v25/video/tile_delta

2026-07-26 17:31:07,036 INFO image_rx_daemon: published frame_id=0 226 B → lifetrac/v25/video/tile_delta

2026-07-26 17:31:07,037 INFO image_rx_daemon: published frame_id=0 234 B → lifetrac/v25/video/tile_delta

2026-07-26 17:31:07,168 INFO image_rx_daemon: published frame_id=0 244 B → lifetrac/v25/video/tile_delta

2026-07-26 17:31:07,536 INFO image_rx_daemon: published frame_id=0 246 B → lifetrac/v25/video/tile_delta

2026-07-26 17:31:07,537 INFO image_rx_daemon: published frame_id=0 246 B → lifetrac/v25/video/tile_delta

2026-07-26 17:31:07,538 INFO image_rx_daemon: published frame_id=0 250 B → lifetrac/v25/video/tile_delta

2026-07-26 17:31:07,973 INFO image_rx_daemon: published frame_id=0 248 B → lifetrac/v25/video/tile_delta

2026-07-26 17:31:07,974 INFO image_rx_daemon: published frame_id=0 244 B → lifetrac/v25/video/tile_delta

2026-07-26 17:31:07,975 INFO image_rx_daemon: published frame_id=0 248 B → lifetrac/v25/video/tile_delta

2026-07-26 17:31:08,156 INFO image_rx_daemon: published frame_id=0 242 B → lifetrac/v25/video/tile_delta

2026-07-26 17:31:08,300 INFO image_rx_daemon: published frame_id=0 244 B → lifetrac/v25/video/tile_delta

2026-07-26 17:31:08,667 INFO image_rx_daemon: published frame_id=0 244 B → lifetrac/v25/video/tile_delta

2026-07-26 17:31:08,668 INFO image_rx_daemon: published frame_id=0 242 B → lifetrac/v25/video/tile_delta

2026-07-26 17:31:08,669 INFO image_rx_daemon: published frame_id=0 226 B → lifetrac/v25/video/tile_delta

2026-07-26 17:31:08,908 INFO image_rx_daemon: published frame_id=0 234 B → lifetrac/v25/video/tile_delta

2026-07-26 17:31:08,910 INFO image_rx_daemon: published frame_id=0 246 B → lifetrac/v25/video/tile_delta

2026-07-26 17:31:09,268 INFO image_rx_daemon: published frame_id=0 246 B → lifetrac/v25/video/tile_delta

2026-07-26 17:31:09,269 INFO image_rx_daemon: published frame_id=0 250 B → lifetrac/v25/video/tile_delta

2026-07-26 17:31:09,270 INFO image_rx_daemon: published frame_id=0 248 B → lifetrac/v25/video/tile_delta

2026-07-26 17:31:09,645 INFO image_rx_daemon: published frame_id=0 248 B → lifetrac/v25/video/tile_delta

2026-07-26 17:31:09,646 INFO image_rx_daemon: published frame_id=0 240 B → lifetrac/v25/video/tile_delta

2026-07-26 17:31:09,647 INFO image_rx_daemon: published frame_id=0 242 B → lifetrac/v25/video/tile_delta

RFCO_PERTX during TX wait: profile_id=2 tx_status=0x00(OK) hop_idx=0 channel_idx=0 epoch=0 freq_hz=0 pkt_toa_us=10304 legal_dwell_used_us_10s=0

2026-07-26 17:31:09,924 INFO image_rx_daemon: command TX opcode=0x60 copy=1/1 OK (on air)

2026-07-26 17:31:10,409 INFO image_rx_daemon: published frame_id=0 242 B → lifetrac/v25/video/tile_delta

2026-07-26 17:31:10,409 INFO image_rx_daemon: published frame_id=0 240 B → lifetrac/v25/video/tile_delta

2026-07-26 17:31:10,551 INFO image_rx_daemon: cmd 0x60 CONVERGED after 1 attempts (1.3 s): keyframe received

2026-07-26 17:31:10,552 INFO image_rx_daemon: published frame_id=0 252 B → lifetrac/v25/video/tile_delta

2026-07-26 17:31:10,820 INFO image_rx_daemon: published frame_id=0 248 B → lifetrac/v25/video/tile_delta

2026-07-26 17:31:10,821 INFO image_rx_daemon: published frame_id=0 240 B → lifetrac/v25/video/tile_delta

2026-07-26 17:31:11,321 INFO image_rx_daemon: published frame_id=0 244 B → lifetrac/v25/video/tile_delta

2026-07-26 17:31:11,322 INFO image_rx_daemon: published frame_id=0 240 B → lifetrac/v25/video/tile_delta

2026-07-26 17:31:11,472 INFO image_rx_daemon: published frame_id=0 244 B → lifetrac/v25/video/tile_delta

2026-07-26 17:31:11,736 INFO image_rx_daemon: requesting keyframe (reassembly timeout #10)

2026-07-26 17:31:11,832 INFO image_rx_daemon: published frame_id=0 244 B → lifetrac/v25/video/tile_delta

2026-07-26 17:31:11,833 INFO image_rx_daemon: published frame_id=0 242 B → lifetrac/v25/video/tile_delta

2026-07-26 17:31:11,834 INFO image_rx_daemon: published frame_id=0 226 B → lifetrac/v25/video/tile_delta

2026-07-26 17:31:11,909 INFO image_rx_daemon: stats: rx_frames=1033 rx_decode_err=0 frames_published=744 publish_err=0 reassembler_decode_err=0 reassembler_timeouts=10

2026-07-26 17:31:11,910 INFO image_rx_daemon: air_gap: n=96 dt_med=104867us dt_p95=219384us len_med=247B cmd_tx_ok=24 cmd_tx_fail=0

2026-07-26 17:31:12,084 INFO image_rx_daemon: published frame_id=0 234 B → lifetrac/v25/video/tile_delta

2026-07-26 17:31:12,085 INFO image_rx_daemon: published frame_id=0 246 B → lifetrac/v25/video/tile_delta

2026-07-26 17:31:12,443 INFO image_rx_daemon: published frame_id=0 246 B → lifetrac/v25/video/tile_delta

2026-07-26 17:31:12,445 INFO image_rx_daemon: published frame_id=0 250 B → lifetrac/v25/video/tile_delta

2026-07-26 17:31:12,447 INFO image_rx_daemon: published frame_id=0 248 B → lifetrac/v25/video/tile_delta

2026-07-26 17:31:12,812 INFO image_rx_daemon: published frame_id=0 248 B → lifetrac/v25/video/tile_delta

2026-07-26 17:31:12,813 INFO image_rx_daemon: published frame_id=0 242 B → lifetrac/v25/video/tile_delta

2026-07-26 17:31:12,815 INFO image_rx_daemon: published frame_id=0 240 B → lifetrac/v25/video/tile_delta

2026-07-26 17:31:13,315 INFO image_rx_daemon: published frame_id=0 242 B → lifetrac/v25/video/tile_delta

2026-07-26 17:31:13,316 INFO image_rx_daemon: published frame_id=0 240 B → lifetrac/v25/video/tile_delta

2026-07-26 17:31:13,317 INFO image_rx_daemon: published frame_id=0 242 B → lifetrac/v25/video/tile_delta

2026-07-26 17:31:13,576 INFO image_rx_daemon: published frame_id=0 242 B → lifetrac/v25/video/tile_delta

2026-07-26 17:31:13,578 INFO image_rx_daemon: published frame_id=0 240 B → lifetrac/v25/video/tile_delta

2026-07-26 17:31:13,728 INFO image_rx_daemon: published frame_id=0 252 B → lifetrac/v25/video/tile_delta

2026-07-26 17:31:14,097 INFO image_rx_daemon: published frame_id=0 248 B → lifetrac/v25/video/tile_delta

2026-07-26 17:31:14,097 INFO image_rx_daemon: published frame_id=0 248 B → lifetrac/v25/video/tile_delta

2026-07-26 17:31:14,098 INFO image_rx_daemon: published frame_id=0 240 B → lifetrac/v25/video/tile_delta

2026-07-26 17:31:14,336 INFO image_rx_daemon: published frame_id=0 246 B → lifetrac/v25/video/tile_delta

2026-07-26 17:31:14,479 INFO image_rx_daemon: published frame_id=0 240 B → lifetrac/v25/video/tile_delta

2026-07-26 17:31:14,608 INFO image_rx_daemon: published frame_id=0 244 B → lifetrac/v25/video/tile_delta

2026-07-26 17:31:14,972 INFO image_rx_daemon: published frame_id=0 230 B → lifetrac/v25/video/tile_delta

2026-07-26 17:31:14,973 INFO image_rx_daemon: published frame_id=0 244 B → lifetrac/v25/video/tile_delta

2026-07-26 17:31:14,974 INFO image_rx_daemon: published frame_id=0 242 B → lifetrac/v25/video/tile_delta

2026-07-26 17:31:15,220 INFO image_rx_daemon: published frame_id=0 226 B → lifetrac/v25/video/tile_delta

2026-07-26 17:31:15,222 INFO image_rx_daemon: published frame_id=0 240 B → lifetrac/v25/video/tile_delta

2026-07-26 17:31:15,340 INFO image_rx_daemon: published frame_id=0 252 B → lifetrac/v25/video/tile_delta

2026-07-26 17:31:15,717 INFO image_rx_daemon: published frame_id=0 248 B → lifetrac/v25/video/tile_delta

2026-07-26 17:31:15,718 INFO image_rx_daemon: published frame_id=0 248 B → lifetrac/v25/video/tile_delta

2026-07-26 17:31:15,719 INFO image_rx_daemon: published frame_id=0 240 B → lifetrac/v25/video/tile_delta

2026-07-26 17:31:15,892 INFO image_rx_daemon: published frame_id=0 246 B → lifetrac/v25/video/tile_delta

2026-07-26 17:31:16,205 INFO image_rx_daemon: published frame_id=0 244 B → lifetrac/v25/video/tile_delta

2026-07-26 17:31:16,206 INFO image_rx_daemon: published frame_id=0 240 B → lifetrac/v25/video/tile_delta

2026-07-26 17:31:16,709 INFO image_rx_daemon: published frame_id=0 242 B → lifetrac/v25/video/tile_delta

2026-07-26 17:31:16,711 INFO image_rx_daemon: published frame_id=0 226 B → lifetrac/v25/video/tile_delta

2026-07-26 17:31:16,713 INFO image_rx_daemon: published frame_id=0 234 B → lifetrac/v25/video/tile_delta

2026-07-26 17:31:16,851 INFO image_rx_daemon: published frame_id=0 244 B → lifetrac/v25/video/tile_delta

2026-07-26 17:31:17,228 INFO image_rx_daemon: published frame_id=0 246 B → lifetrac/v25/video/tile_delta

2026-07-26 17:31:17,229 INFO image_rx_daemon: published frame_id=0 250 B → lifetrac/v25/video/tile_delta

2026-07-26 17:31:17,230 INFO image_rx_daemon: published frame_id=0 248 B → lifetrac/v25/video/tile_delta

2026-07-26 17:31:17,685 INFO image_rx_daemon: published frame_id=0 248 B → lifetrac/v25/video/tile_delta

2026-07-26 17:31:17,685 INFO image_rx_daemon: published frame_id=0 242 B → lifetrac/v25/video/tile_delta

2026-07-26 17:31:17,687 INFO image_rx_daemon: published frame_id=0 240 B → lifetrac/v25/video/tile_delta

2026-07-26 17:31:17,937 INFO image_rx_daemon: requesting keyframe (reassembly timeout #12)

2026-07-26 17:31:18,356 INFO image_rx_daemon: published frame_id=0 244 B → lifetrac/v25/video/tile_delta

2026-07-26 17:31:18,357 INFO image_rx_daemon: published frame_id=0 234 B → lifetrac/v25/video/tile_delta

2026-07-26 17:31:18,481 INFO image_rx_daemon: published frame_id=0 244 B → lifetrac/v25/video/tile_delta

2026-07-26 17:31:18,921 INFO image_rx_daemon: published frame_id=0 250 B → lifetrac/v25/video/tile_delta

2026-07-26 17:31:18,922 INFO image_rx_daemon: published frame_id=0 248 B → lifetrac/v25/video/tile_delta

2026-07-26 17:31:18,923 INFO image_rx_daemon: published frame_id=0 248 B → lifetrac/v25/video/tile_delta

2026-07-26 17:31:19,292 INFO image_rx_daemon: published frame_id=0 240 B → lifetrac/v25/video/tile_delta

2026-07-26 17:31:19,294 INFO image_rx_daemon: published frame_id=0 242 B → lifetrac/v25/video/tile_delta

2026-07-26 17:31:19,295 INFO image_rx_daemon: published frame_id=0 244 B → lifetrac/v25/video/tile_delta

2026-07-26 17:31:19,692 INFO image_rx_daemon: published frame_id=0 242 B → lifetrac/v25/video/tile_delta

2026-07-26 17:31:19,693 INFO image_rx_daemon: published frame_id=0 242 B → lifetrac/v25/video/tile_delta

2026-07-26 17:31:19,695 INFO image_rx_daemon: published frame_id=0 242 B → lifetrac/v25/video/tile_delta

