2026-07-26 13:36:25,332 INFO image_rx_daemon: opening L072 HostLink on /dev/ttymxc3 @ 921600

2026-07-26 13:36:25,336 INFO image_rx_daemon: image_rx_daemon started; mqtt=127.0.0.1:1883 uart=/dev/ttymxc3

2026-07-26 13:36:25,338 INFO image_rx_daemon: ctrl MQTT connected (192.168.1.79)

2026-07-26 13:36:25,344 INFO image_rx_daemon: MQTT connected; ready to publish lifetrac/v25/video/tile_delta

2026-07-26 13:36:25,347 INFO image_rx_daemon: LIFETRAC_SKIP_RESET_REQ=1 — relying on external NRST; draining boot chatter only

2026-07-26 13:36:25,779 INFO image_rx_daemon: L072 VER warm-up ok (attempt 1)

Initializing regulatory profile 2 on co-processor...

  FHSS mask: single channel 0 (0100000000000000)

CFG_SET_REQ(FHSS_CHANNEL_MASK) OK: 07000800

CFG_SET_REQ(ANTENNA_GAIN_DBI) OK: 15000100

CFG_SET_REQ(HW_CEILING_DBM) OK: 16000100

CFG_SET_REQ(REG_PROFILE=2) OK: 14000100

  forcing FRF -> 915.000 MHz (raw=0xE4C000 -> Msb=0xE4 Mid=0xC0 Lsb=0x00)

  FRF readback: 0xE4C000 = 915.000 MHz (OK)

2026-07-26 13:36:26,197 INFO image_rx_daemon: LBT_ENABLE=0 (command uplink shares the image channel)

PHY contract OK: image_bw500 == {'sf': 7, 'bw_khz': 500, 'cr_den': 5, 'preamble': 8}

2026-07-26 13:36:26,281 INFO image_rx_daemon: SX1276 RXCONT autowake: opmode 0x81 -> 0x85

2026-07-26 13:36:26,282 INFO image_rx_daemon: RX worker ready; draining RX_FRAME_URC...

2026-07-26 13:36:26,334 INFO image_rx_daemon: stats: rx_frames=0 rx_decode_err=0 frames_published=0 publish_err=0 reassembler_decode_err=0 reassembler_timeouts=0

RFCO_PERTX during TX wait: profile_id=2 tx_status=0x00(OK) hop_idx=0 channel_idx=0 epoch=0 freq_hz=0 pkt_toa_us=10304 legal_dwell_used_us_10s=0

2026-07-26 13:36:26,560 INFO image_rx_daemon: command TX opcode=0x63 copy=1/1 OK (on air)

RFCO_PERTX during TX wait: profile_id=2 tx_status=0x00(OK) hop_idx=0 channel_idx=0 epoch=0 freq_hz=0 pkt_toa_us=10304 legal_dwell_used_us_10s=0

2026-07-26 13:36:26,598 INFO image_rx_daemon: command TX opcode=0x63 copy=1/1 OK (on air)

2026-07-26 13:36:36,339 INFO image_rx_daemon: stats: rx_frames=0 rx_decode_err=0 frames_published=0 publish_err=0 reassembler_decode_err=0 reassembler_timeouts=0

2026-07-26 13:36:40,605 INFO image_rx_daemon: published frame_id=0 252 B → lifetrac/v25/video/tile_delta

2026-07-26 13:36:40,876 INFO image_rx_daemon: published frame_id=0 246 B → lifetrac/v25/video/tile_delta

2026-07-26 13:36:40,878 INFO image_rx_daemon: published frame_id=0 246 B → lifetrac/v25/video/tile_delta

2026-07-26 13:36:41,137 INFO image_rx_daemon: published frame_id=0 244 B → lifetrac/v25/video/tile_delta

2026-07-26 13:36:41,138 INFO image_rx_daemon: published frame_id=0 246 B → lifetrac/v25/video/tile_delta

INFO: unrelated frame during TX wait type=0x91

RFCO_PERTX during TX wait: profile_id=2 tx_status=0x00(OK) hop_idx=0 channel_idx=0 epoch=0 freq_hz=0 pkt_toa_us=10304 legal_dwell_used_us_10s=0

2026-07-26 13:36:41,313 INFO image_rx_daemon: command TX opcode=0x60 copy=1/1 OK (on air)

RFCO_PERTX during TX wait: profile_id=2 tx_status=0x00(OK) hop_idx=0 channel_idx=0 epoch=0 freq_hz=0 pkt_toa_us=10304 legal_dwell_used_us_10s=0

2026-07-26 13:36:41,350 INFO image_rx_daemon: command TX opcode=0x60 copy=1/1 OK (on air)

2026-07-26 13:36:41,697 INFO image_rx_daemon: published frame_id=0 244 B → lifetrac/v25/video/tile_delta

2026-07-26 13:36:41,697 INFO image_rx_daemon: published frame_id=0 242 B → lifetrac/v25/video/tile_delta

2026-07-26 13:36:41,997 INFO image_rx_daemon: published frame_id=0 244 B → lifetrac/v25/video/tile_delta

2026-07-26 13:36:41,999 INFO image_rx_daemon: published frame_id=0 240 B → lifetrac/v25/video/tile_delta

2026-07-26 13:36:42,269 INFO image_rx_daemon: published frame_id=0 242 B → lifetrac/v25/video/tile_delta

2026-07-26 13:36:42,270 INFO image_rx_daemon: published frame_id=0 242 B → lifetrac/v25/video/tile_delta

2026-07-26 13:36:42,526 INFO image_rx_daemon: published frame_id=0 226 B → lifetrac/v25/video/tile_delta

2026-07-26 13:36:42,527 INFO image_rx_daemon: published frame_id=0 246 B → lifetrac/v25/video/tile_delta

2026-07-26 13:36:42,825 INFO image_rx_daemon: requesting keyframe (reassembly timeout #1)

2026-07-26 13:36:42,827 INFO image_rx_daemon: published frame_id=0 246 B → lifetrac/v25/video/tile_delta

2026-07-26 13:36:42,829 INFO image_rx_daemon: published frame_id=0 250 B → lifetrac/v25/video/tile_delta

2026-07-26 13:36:43,129 INFO image_rx_daemon: published frame_id=0 248 B → lifetrac/v25/video/tile_delta

2026-07-26 13:36:43,130 INFO image_rx_daemon: published frame_id=0 248 B → lifetrac/v25/video/tile_delta

2026-07-26 13:36:43,397 INFO image_rx_daemon: published frame_id=0 242 B → lifetrac/v25/video/tile_delta

2026-07-26 13:36:43,398 INFO image_rx_daemon: published frame_id=0 244 B → lifetrac/v25/video/tile_delta

2026-07-26 13:36:43,658 INFO image_rx_daemon: published frame_id=0 240 B → lifetrac/v25/video/tile_delta

2026-07-26 13:36:43,659 INFO image_rx_daemon: published frame_id=0 242 B → lifetrac/v25/video/tile_delta

2026-07-26 13:36:43,957 INFO image_rx_daemon: published frame_id=0 244 B → lifetrac/v25/video/tile_delta

2026-07-26 13:36:43,958 INFO image_rx_daemon: published frame_id=0 234 B → lifetrac/v25/video/tile_delta

2026-07-26 13:36:44,160 INFO image_rx_daemon: published frame_id=0 244 B → lifetrac/v25/video/tile_delta

2026-07-26 13:36:44,419 INFO image_rx_daemon: published frame_id=0 248 B → lifetrac/v25/video/tile_delta

2026-07-26 13:36:44,420 INFO image_rx_daemon: published frame_id=0 248 B → lifetrac/v25/video/tile_delta

2026-07-26 13:36:44,692 INFO image_rx_daemon: published frame_id=0 240 B → lifetrac/v25/video/tile_delta

2026-07-26 13:36:44,694 INFO image_rx_daemon: published frame_id=0 248 B → lifetrac/v25/video/tile_delta

2026-07-26 13:36:44,948 INFO image_rx_daemon: published frame_id=0 242 B → lifetrac/v25/video/tile_delta

2026-07-26 13:36:44,950 INFO image_rx_daemon: published frame_id=0 242 B → lifetrac/v25/video/tile_delta

2026-07-26 13:36:45,199 INFO image_rx_daemon: published frame_id=0 244 B → lifetrac/v25/video/tile_delta

2026-07-26 13:36:45,200 INFO image_rx_daemon: published frame_id=0 242 B → lifetrac/v25/video/tile_delta

2026-07-26 13:36:45,560 INFO image_rx_daemon: published frame_id=0 242 B → lifetrac/v25/video/tile_delta

2026-07-26 13:36:45,561 INFO image_rx_daemon: published frame_id=0 242 B → lifetrac/v25/video/tile_delta

2026-07-26 13:36:45,811 INFO image_rx_daemon: published frame_id=0 226 B → lifetrac/v25/video/tile_delta

2026-07-26 13:36:45,812 INFO image_rx_daemon: published frame_id=0 246 B → lifetrac/v25/video/tile_delta

2026-07-26 13:36:46,078 INFO image_rx_daemon: published frame_id=0 244 B → lifetrac/v25/video/tile_delta

2026-07-26 13:36:46,079 INFO image_rx_daemon: published frame_id=0 248 B → lifetrac/v25/video/tile_delta

2026-07-26 13:36:46,348 INFO image_rx_daemon: stats: rx_frames=60 rx_decode_err=0 frames_published=38 publish_err=0 reassembler_decode_err=0 reassembler_timeouts=2

2026-07-26 13:36:46,349 INFO image_rx_daemon: air_gap: n=59 dt_med=104761us dt_p95=196430us len_med=247B cmd_tx_ok=4 cmd_tx_fail=0

2026-07-26 13:36:46,350 INFO image_rx_daemon: published frame_id=0 248 B → lifetrac/v25/video/tile_delta

2026-07-26 13:36:46,351 INFO image_rx_daemon: published frame_id=0 242 B → lifetrac/v25/video/tile_delta

2026-07-26 13:36:46,687 INFO image_rx_daemon: published frame_id=0 240 B → lifetrac/v25/video/tile_delta

2026-07-26 13:36:46,689 INFO image_rx_daemon: published frame_id=0 244 B → lifetrac/v25/video/tile_delta

2026-07-26 13:36:46,946 INFO image_rx_daemon: published frame_id=0 240 B → lifetrac/v25/video/tile_delta

2026-07-26 13:36:46,948 INFO image_rx_daemon: published frame_id=0 230 B → lifetrac/v25/video/tile_delta

2026-07-26 13:36:47,100 INFO image_rx_daemon: published frame_id=0 244 B → lifetrac/v25/video/tile_delta

2026-07-26 13:36:47,250 INFO image_rx_daemon: published frame_id=0 244 B → lifetrac/v25/video/tile_delta

2026-07-26 13:36:47,509 INFO image_rx_daemon: published frame_id=0 246 B → lifetrac/v25/video/tile_delta

2026-07-26 13:36:47,510 INFO image_rx_daemon: published frame_id=0 246 B → lifetrac/v25/video/tile_delta

2026-07-26 13:36:47,701 INFO image_rx_daemon: published frame_id=0 250 B → lifetrac/v25/video/tile_delta

2026-07-26 13:36:47,852 INFO image_rx_daemon: published frame_id=0 246 B → lifetrac/v25/video/tile_delta

2026-07-26 13:36:48,121 INFO image_rx_daemon: published frame_id=0 244 B → lifetrac/v25/video/tile_delta

2026-07-26 13:36:48,123 INFO image_rx_daemon: published frame_id=0 242 B → lifetrac/v25/video/tile_delta

2026-07-26 13:36:48,373 INFO image_rx_daemon: published frame_id=0 244 B → lifetrac/v25/video/tile_delta

2026-07-26 13:36:48,374 INFO image_rx_daemon: published frame_id=0 242 B → lifetrac/v25/video/tile_delta

2026-07-26 13:36:48,641 INFO image_rx_daemon: published frame_id=0 242 B → lifetrac/v25/video/tile_delta

2026-07-26 13:36:48,642 INFO image_rx_daemon: published frame_id=0 242 B → lifetrac/v25/video/tile_delta

2026-07-26 13:36:48,819 INFO image_rx_daemon: published frame_id=0 226 B → lifetrac/v25/video/tile_delta

2026-07-26 13:36:48,968 INFO image_rx_daemon: published frame_id=0 252 B → lifetrac/v25/video/tile_delta

2026-07-26 13:36:49,249 INFO image_rx_daemon: published frame_id=0 248 B → lifetrac/v25/video/tile_delta

2026-07-26 13:36:49,250 INFO image_rx_daemon: published frame_id=0 248 B → lifetrac/v25/video/tile_delta

2026-07-26 13:36:49,524 INFO image_rx_daemon: published frame_id=0 240 B → lifetrac/v25/video/tile_delta

2026-07-26 13:36:49,525 INFO image_rx_daemon: published frame_id=0 248 B → lifetrac/v25/video/tile_delta

2026-07-26 13:36:49,781 INFO image_rx_daemon: published frame_id=0 242 B → lifetrac/v25/video/tile_delta

2026-07-26 13:36:49,781 INFO image_rx_daemon: published frame_id=0 244 B → lifetrac/v25/video/tile_delta

2026-07-26 13:36:50,045 INFO image_rx_daemon: published frame_id=0 240 B → lifetrac/v25/video/tile_delta

2026-07-26 13:36:50,046 INFO image_rx_daemon: published frame_id=0 242 B → lifetrac/v25/video/tile_delta

2026-07-26 13:36:50,383 INFO image_rx_daemon: published frame_id=0 244 B → lifetrac/v25/video/tile_delta

2026-07-26 13:36:50,385 INFO image_rx_daemon: published frame_id=0 226 B → lifetrac/v25/video/tile_delta

2026-07-26 13:36:50,652 INFO image_rx_daemon: published frame_id=0 234 B → lifetrac/v25/video/tile_delta

2026-07-26 13:36:50,653 INFO image_rx_daemon: published frame_id=0 246 B → lifetrac/v25/video/tile_delta

2026-07-26 13:36:50,901 INFO image_rx_daemon: published frame_id=0 244 B → lifetrac/v25/video/tile_delta

2026-07-26 13:36:50,902 INFO image_rx_daemon: published frame_id=0 248 B → lifetrac/v25/video/tile_delta

2026-07-26 13:36:51,168 INFO image_rx_daemon: published frame_id=0 240 B → lifetrac/v25/video/tile_delta

2026-07-26 13:36:51,170 INFO image_rx_daemon: published frame_id=0 242 B → lifetrac/v25/video/tile_delta

RFCO_PERTX during TX wait: profile_id=2 tx_status=0x00(OK) hop_idx=0 channel_idx=0 epoch=0 freq_hz=0 pkt_toa_us=10304 legal_dwell_used_us_10s=0

2026-07-26 13:36:51,329 INFO image_rx_daemon: command TX opcode=0x60 copy=1/1 OK (on air)

RFCO_PERTX during TX wait: profile_id=2 tx_status=0x00(OK) hop_idx=0 channel_idx=0 epoch=0 freq_hz=0 pkt_toa_us=10304 legal_dwell_used_us_10s=0

2026-07-26 13:36:51,366 INFO image_rx_daemon: command TX opcode=0x60 copy=1/1 OK (on air)

2026-07-26 13:36:51,564 INFO image_rx_daemon: published frame_id=0 244 B → lifetrac/v25/video/tile_delta

2026-07-26 13:36:51,874 INFO image_rx_daemon: published frame_id=0 242 B → lifetrac/v25/video/tile_delta

2026-07-26 13:36:51,875 INFO image_rx_daemon: published frame_id=0 226 B → lifetrac/v25/video/tile_delta

2026-07-26 13:36:52,136 INFO image_rx_daemon: published frame_id=0 234 B → lifetrac/v25/video/tile_delta

2026-07-26 13:36:52,137 INFO image_rx_daemon: published frame_id=0 246 B → lifetrac/v25/video/tile_delta

2026-07-26 13:36:52,377 INFO image_rx_daemon: published frame_id=0 246 B → lifetrac/v25/video/tile_delta

2026-07-26 13:36:52,379 INFO image_rx_daemon: published frame_id=0 250 B → lifetrac/v25/video/tile_delta

2026-07-26 13:36:52,641 INFO image_rx_daemon: published frame_id=0 248 B → lifetrac/v25/video/tile_delta

2026-07-26 13:36:52,642 INFO image_rx_daemon: published frame_id=0 244 B → lifetrac/v25/video/tile_delta

2026-07-26 13:36:52,911 INFO image_rx_daemon: requesting keyframe (reassembly timeout #3)

2026-07-26 13:36:52,915 INFO image_rx_daemon: published frame_id=0 248 B → lifetrac/v25/video/tile_delta

2026-07-26 13:36:52,916 INFO image_rx_daemon: published frame_id=0 244 B → lifetrac/v25/video/tile_delta

2026-07-26 13:36:53,260 INFO image_rx_daemon: published frame_id=0 242 B → lifetrac/v25/video/tile_delta

2026-07-26 13:36:53,263 INFO image_rx_daemon: published frame_id=0 242 B → lifetrac/v25/video/tile_delta

2026-07-26 13:36:53,520 INFO image_rx_daemon: published frame_id=0 242 B → lifetrac/v25/video/tile_delta

2026-07-26 13:36:53,521 INFO image_rx_daemon: published frame_id=0 234 B → lifetrac/v25/video/tile_delta

2026-07-26 13:36:53,661 INFO image_rx_daemon: published frame_id=0 244 B → lifetrac/v25/video/tile_delta

2026-07-26 13:36:53,934 INFO image_rx_daemon: published frame_id=0 246 B → lifetrac/v25/video/tile_delta

2026-07-26 13:36:53,936 INFO image_rx_daemon: published frame_id=0 250 B → lifetrac/v25/video/tile_delta

2026-07-26 13:36:54,085 INFO image_rx_daemon: published frame_id=0 248 B → lifetrac/v25/video/tile_delta

2026-07-26 13:36:54,288 INFO image_rx_daemon: published frame_id=0 246 B → lifetrac/v25/video/tile_delta

2026-07-26 13:36:54,545 INFO image_rx_daemon: published frame_id=0 242 B → lifetrac/v25/video/tile_delta

2026-07-26 13:36:54,545 INFO image_rx_daemon: published frame_id=0 244 B → lifetrac/v25/video/tile_delta

2026-07-26 13:36:54,804 INFO image_rx_daemon: published frame_id=0 240 B → lifetrac/v25/video/tile_delta

2026-07-26 13:36:54,805 INFO image_rx_daemon: published frame_id=0 242 B → lifetrac/v25/video/tile_delta

2026-07-26 13:36:55,065 INFO image_rx_daemon: published frame_id=0 242 B → lifetrac/v25/video/tile_delta

2026-07-26 13:36:55,066 INFO image_rx_daemon: published frame_id=0 242 B → lifetrac/v25/video/tile_delta

2026-07-26 13:36:55,316 INFO image_rx_daemon: published frame_id=0 226 B → lifetrac/v25/video/tile_delta

2026-07-26 13:36:55,318 INFO image_rx_daemon: published frame_id=0 246 B → lifetrac/v25/video/tile_delta

2026-07-26 13:36:55,681 INFO image_rx_daemon: published frame_id=0 246 B → lifetrac/v25/video/tile_delta

2026-07-26 13:36:55,682 INFO image_rx_daemon: published frame_id=0 250 B → lifetrac/v25/video/tile_delta

2026-07-26 13:36:55,956 INFO image_rx_daemon: published frame_id=0 248 B → lifetrac/v25/video/tile_delta

2026-07-26 13:36:55,957 INFO image_rx_daemon: published frame_id=0 242 B → lifetrac/v25/video/tile_delta

2026-07-26 13:36:56,209 INFO image_rx_daemon: published frame_id=0 240 B → lifetrac/v25/video/tile_delta

2026-07-26 13:36:56,211 INFO image_rx_daemon: published frame_id=0 244 B → lifetrac/v25/video/tile_delta

2026-07-26 13:36:56,353 INFO image_rx_daemon: stats: rx_frames=160 rx_decode_err=0 frames_published=108 publish_err=0 reassembler_decode_err=0 reassembler_timeouts=3

2026-07-26 13:36:56,355 INFO image_rx_daemon: air_gap: n=100 dt_med=104792us dt_p95=211365us len_med=247B cmd_tx_ok=6 cmd_tx_fail=0

2026-07-26 13:36:56,808 INFO image_rx_daemon: published frame_id=0 230 B → lifetrac/v25/video/tile_delta

2026-07-26 13:36:56,809 INFO image_rx_daemon: published frame_id=0 234 B → lifetrac/v25/video/tile_delta

2026-07-26 13:36:56,976 INFO image_rx_daemon: published frame_id=0 244 B → lifetrac/v25/video/tile_delta

2026-07-26 13:36:57,233 INFO image_rx_daemon: published frame_id=0 248 B → lifetrac/v25/video/tile_delta

2026-07-26 13:36:57,234 INFO image_rx_daemon: published frame_id=0 248 B → lifetrac/v25/video/tile_delta

2026-07-26 13:36:57,497 INFO image_rx_daemon: published frame_id=0 240 B → lifetrac/v25/video/tile_delta

2026-07-26 13:36:57,498 INFO image_rx_daemon: published frame_id=0 248 B → lifetrac/v25/video/tile_delta

2026-07-26 13:36:57,760 INFO image_rx_daemon: published frame_id=0 242 B → lifetrac/v25/video/tile_delta

2026-07-26 13:36:57,761 INFO image_rx_daemon: published frame_id=0 242 B → lifetrac/v25/video/tile_delta

2026-07-26 13:36:58,035 INFO image_rx_daemon: requesting keyframe (reassembly timeout #4)

2026-07-26 13:36:58,038 INFO image_rx_daemon: published frame_id=0 244 B → lifetrac/v25/video/tile_delta

2026-07-26 13:36:58,039 INFO image_rx_daemon: published frame_id=0 242 B → lifetrac/v25/video/tile_delta

2026-07-26 13:36:58,356 INFO image_rx_daemon: published frame_id=0 242 B → lifetrac/v25/video/tile_delta

2026-07-26 13:36:58,357 INFO image_rx_daemon: published frame_id=0 226 B → lifetrac/v25/video/tile_delta

2026-07-26 13:36:58,622 INFO image_rx_daemon: published frame_id=0 234 B → lifetrac/v25/video/tile_delta

2026-07-26 13:36:58,623 INFO image_rx_daemon: published frame_id=0 246 B → lifetrac/v25/video/tile_delta

2026-07-26 13:36:58,883 INFO image_rx_daemon: published frame_id=0 244 B → lifetrac/v25/video/tile_delta

2026-07-26 13:36:58,884 INFO image_rx_daemon: published frame_id=0 248 B → lifetrac/v25/video/tile_delta

2026-07-26 13:36:59,152 INFO image_rx_daemon: published frame_id=0 240 B → lifetrac/v25/video/tile_delta

2026-07-26 13:36:59,153 INFO image_rx_daemon: published frame_id=0 242 B → lifetrac/v25/video/tile_delta

2026-07-26 13:36:59,401 INFO image_rx_daemon: published frame_id=0 240 B → lifetrac/v25/video/tile_delta

2026-07-26 13:36:59,402 INFO image_rx_daemon: published frame_id=0 244 B → lifetrac/v25/video/tile_delta

2026-07-26 13:36:59,763 INFO image_rx_daemon: published frame_id=0 240 B → lifetrac/v25/video/tile_delta

2026-07-26 13:36:59,764 INFO image_rx_daemon: published frame_id=0 242 B → lifetrac/v25/video/tile_delta

2026-07-26 13:37:00,173 INFO image_rx_daemon: published frame_id=0 252 B → lifetrac/v25/video/tile_delta

2026-07-26 13:37:00,436 INFO image_rx_daemon: published frame_id=0 248 B → lifetrac/v25/video/tile_delta

2026-07-26 13:37:00,436 INFO image_rx_daemon: published frame_id=0 248 B → lifetrac/v25/video/tile_delta

2026-07-26 13:37:00,696 INFO image_rx_daemon: published frame_id=0 240 B → lifetrac/v25/video/tile_delta

2026-07-26 13:37:00,697 INFO image_rx_daemon: published frame_id=0 248 B → lifetrac/v25/video/tile_delta

2026-07-26 13:37:01,000 INFO image_rx_daemon: published frame_id=0 242 B → lifetrac/v25/video/tile_delta

2026-07-26 13:37:01,001 INFO image_rx_daemon: published frame_id=0 242 B → lifetrac/v25/video/tile_delta

2026-07-26 13:37:01,264 INFO image_rx_daemon: published frame_id=0 244 B → lifetrac/v25/video/tile_delta

2026-07-26 13:37:01,266 INFO image_rx_daemon: published frame_id=0 242 B → lifetrac/v25/video/tile_delta

RFCO_PERTX during TX wait: profile_id=2 tx_status=0x00(OK) hop_idx=0 channel_idx=0 epoch=0 freq_hz=0 pkt_toa_us=10304 legal_dwell_used_us_10s=0

2026-07-26 13:37:01,482 INFO image_rx_daemon: command TX opcode=0x60 copy=1/1 OK (on air)

RFCO_PERTX during TX wait: profile_id=2 tx_status=0x00(OK) hop_idx=0 channel_idx=0 epoch=0 freq_hz=0 pkt_toa_us=10304 legal_dwell_used_us_10s=0

2026-07-26 13:37:01,521 INFO image_rx_daemon: command TX opcode=0x60 copy=1/1 OK (on air)

2026-07-26 13:37:01,836 INFO image_rx_daemon: published frame_id=0 234 B → lifetrac/v25/video/tile_delta

2026-07-26 13:37:01,837 INFO image_rx_daemon: published frame_id=0 246 B → lifetrac/v25/video/tile_delta

2026-07-26 13:37:02,078 INFO image_rx_daemon: published frame_id=0 244 B → lifetrac/v25/video/tile_delta

2026-07-26 13:37:02,079 INFO image_rx_daemon: published frame_id=0 248 B → lifetrac/v25/video/tile_delta

2026-07-26 13:37:02,340 INFO image_rx_daemon: published frame_id=0 240 B → lifetrac/v25/video/tile_delta

2026-07-26 13:37:02,342 INFO image_rx_daemon: published frame_id=0 242 B → lifetrac/v25/video/tile_delta

2026-07-26 13:37:02,601 INFO image_rx_daemon: published frame_id=0 240 B → lifetrac/v25/video/tile_delta

2026-07-26 13:37:02,602 INFO image_rx_daemon: published frame_id=0 244 B → lifetrac/v25/video/tile_delta

2026-07-26 13:37:02,963 INFO image_rx_daemon: published frame_id=0 240 B → lifetrac/v25/video/tile_delta

2026-07-26 13:37:02,964 INFO image_rx_daemon: published frame_id=0 242 B → lifetrac/v25/video/tile_delta

2026-07-26 13:37:03,222 INFO image_rx_daemon: published frame_id=0 244 B → lifetrac/v25/video/tile_delta

2026-07-26 13:37:03,224 INFO image_rx_daemon: published frame_id=0 240 B → lifetrac/v25/video/tile_delta

2026-07-26 13:37:03,373 INFO image_rx_daemon: published frame_id=0 252 B → lifetrac/v25/video/tile_delta

2026-07-26 13:37:03,636 INFO image_rx_daemon: published frame_id=0 248 B → lifetrac/v25/video/tile_delta

2026-07-26 13:37:03,638 INFO image_rx_daemon: published frame_id=0 248 B → lifetrac/v25/video/tile_delta

2026-07-26 13:37:03,901 INFO image_rx_daemon: published frame_id=0 240 B → lifetrac/v25/video/tile_delta

2026-07-26 13:37:03,902 INFO image_rx_daemon: published frame_id=0 248 B → lifetrac/v25/video/tile_delta

2026-07-26 13:37:04,208 INFO image_rx_daemon: published frame_id=0 242 B → lifetrac/v25/video/tile_delta

2026-07-26 13:37:04,209 INFO image_rx_daemon: published frame_id=0 242 B → lifetrac/v25/video/tile_delta

2026-07-26 13:37:04,467 INFO image_rx_daemon: published frame_id=0 244 B → lifetrac/v25/video/tile_delta

2026-07-26 13:37:04,468 INFO image_rx_daemon: published frame_id=0 242 B → lifetrac/v25/video/tile_delta

2026-07-26 13:37:04,760 INFO image_rx_daemon: published frame_id=0 244 B → lifetrac/v25/video/tile_delta

2026-07-26 13:37:04,761 INFO image_rx_daemon: published frame_id=0 234 B → lifetrac/v25/video/tile_delta

2026-07-26 13:37:04,925 INFO image_rx_daemon: published frame_id=0 244 B → lifetrac/v25/video/tile_delta

2026-07-26 13:37:05,183 INFO image_rx_daemon: published frame_id=0 250 B → lifetrac/v25/video/tile_delta

2026-07-26 13:37:05,184 INFO image_rx_daemon: published frame_id=0 248 B → lifetrac/v25/video/tile_delta

2026-07-26 13:37:05,448 INFO image_rx_daemon: published frame_id=0 248 B → lifetrac/v25/video/tile_delta

2026-07-26 13:37:05,449 INFO image_rx_daemon: published frame_id=0 244 B → lifetrac/v25/video/tile_delta

2026-07-26 13:37:05,711 INFO image_rx_daemon: published frame_id=0 248 B → lifetrac/v25/video/tile_delta

2026-07-26 13:37:05,713 INFO image_rx_daemon: published frame_id=0 244 B → lifetrac/v25/video/tile_delta

2026-07-26 13:37:05,998 INFO image_rx_daemon: published frame_id=0 242 B → lifetrac/v25/video/tile_delta

2026-07-26 13:37:05,999 INFO image_rx_daemon: published frame_id=0 242 B → lifetrac/v25/video/tile_delta

2026-07-26 13:37:06,313 INFO image_rx_daemon: published frame_id=0 242 B → lifetrac/v25/video/tile_delta

2026-07-26 13:37:06,314 INFO image_rx_daemon: published frame_id=0 242 B → lifetrac/v25/video/tile_delta

2026-07-26 13:37:06,364 INFO image_rx_daemon: stats: rx_frames=261 rx_decode_err=0 frames_published=174 publish_err=0 reassembler_decode_err=0 reassembler_timeouts=6

2026-07-26 13:37:06,367 INFO image_rx_daemon: air_gap: n=101 dt_med=104769us dt_p95=195133us len_med=247B cmd_tx_ok=8 cmd_tx_fail=0

2026-07-26 13:37:06,588 INFO image_rx_daemon: published frame_id=0 226 B → lifetrac/v25/video/tile_delta

2026-07-26 13:37:06,589 INFO image_rx_daemon: published frame_id=0 246 B → lifetrac/v25/video/tile_delta

2026-07-26 13:37:06,845 INFO image_rx_daemon: published frame_id=0 244 B → lifetrac/v25/video/tile_delta

2026-07-26 13:37:06,846 INFO image_rx_daemon: published frame_id=0 248 B → lifetrac/v25/video/tile_delta

2026-07-26 13:37:07,129 INFO image_rx_daemon: published frame_id=0 248 B → lifetrac/v25/video/tile_delta

2026-07-26 13:37:07,129 INFO image_rx_daemon: published frame_id=0 248 B → lifetrac/v25/video/tile_delta

2026-07-26 13:37:07,448 INFO image_rx_daemon: published frame_id=0 242 B → lifetrac/v25/video/tile_delta

2026-07-26 13:37:07,450 INFO image_rx_daemon: published frame_id=0 244 B → lifetrac/v25/video/tile_delta

2026-07-26 13:37:07,710 INFO image_rx_daemon: published frame_id=0 240 B → lifetrac/v25/video/tile_delta

2026-07-26 13:37:07,712 INFO image_rx_daemon: published frame_id=0 244 B → lifetrac/v25/video/tile_delta

2026-07-26 13:37:07,861 INFO image_rx_daemon: published frame_id=0 230 B → lifetrac/v25/video/tile_delta

2026-07-26 13:37:07,996 INFO image_rx_daemon: published frame_id=0 244 B → lifetrac/v25/video/tile_delta

2026-07-26 13:37:08,267 INFO image_rx_daemon: published frame_id=0 244 B → lifetrac/v25/video/tile_delta

2026-07-26 13:37:08,268 INFO image_rx_daemon: published frame_id=0 246 B → lifetrac/v25/video/tile_delta

2026-07-26 13:37:08,572 INFO image_rx_daemon: published frame_id=0 246 B → lifetrac/v25/video/tile_delta

2026-07-26 13:37:08,573 INFO image_rx_daemon: published frame_id=0 240 B → lifetrac/v25/video/tile_delta

2026-07-26 13:37:08,740 INFO image_rx_daemon: published frame_id=0 246 B → lifetrac/v25/video/tile_delta

2026-07-26 13:37:09,000 INFO image_rx_daemon: published frame_id=0 244 B → lifetrac/v25/video/tile_delta

2026-07-26 13:37:09,001 INFO image_rx_daemon: published frame_id=0 240 B → lifetrac/v25/video/tile_delta

2026-07-26 13:37:09,156 INFO image_rx_daemon: published frame_id=0 244 B → lifetrac/v25/video/tile_delta

2026-07-26 13:37:09,406 INFO image_rx_daemon: published frame_id=0 244 B → lifetrac/v25/video/tile_delta

2026-07-26 13:37:09,407 INFO image_rx_daemon: published frame_id=0 242 B → lifetrac/v25/video/tile_delta

2026-07-26 13:37:09,588 INFO image_rx_daemon: published frame_id=0 226 B → lifetrac/v25/video/tile_delta

2026-07-26 13:37:09,720 INFO image_rx_daemon: published frame_id=0 252 B → lifetrac/v25/video/tile_delta

2026-07-26 13:37:09,986 INFO image_rx_daemon: published frame_id=0 250 B → lifetrac/v25/video/tile_delta

2026-07-26 13:37:09,987 INFO image_rx_daemon: published frame_id=0 248 B → lifetrac/v25/video/tile_delta

2026-07-26 13:37:10,256 INFO image_rx_daemon: published frame_id=0 248 B → lifetrac/v25/video/tile_delta

2026-07-26 13:37:10,258 INFO image_rx_daemon: published frame_id=0 244 B → lifetrac/v25/video/tile_delta

2026-07-26 13:37:10,541 INFO image_rx_daemon: published frame_id=0 248 B → lifetrac/v25/video/tile_delta

2026-07-26 13:37:10,542 INFO image_rx_daemon: published frame_id=0 242 B → lifetrac/v25/video/tile_delta

2026-07-26 13:37:10,821 INFO image_rx_daemon: published frame_id=0 244 B → lifetrac/v25/video/tile_delta

2026-07-26 13:37:10,822 INFO image_rx_daemon: published frame_id=0 242 B → lifetrac/v25/video/tile_delta

2026-07-26 13:37:11,106 INFO image_rx_daemon: published frame_id=0 242 B → lifetrac/v25/video/tile_delta

2026-07-26 13:37:11,107 INFO image_rx_daemon: published frame_id=0 226 B → lifetrac/v25/video/tile_delta

2026-07-26 13:37:11,388 INFO image_rx_daemon: published frame_id=0 234 B → lifetrac/v25/video/tile_delta

2026-07-26 13:37:11,389 INFO image_rx_daemon: published frame_id=0 246 B → lifetrac/v25/video/tile_delta

RFCO_PERTX during TX wait: profile_id=2 tx_status=0x00(OK) hop_idx=0 channel_idx=0 epoch=0 freq_hz=0 pkt_toa_us=10304 legal_dwell_used_us_10s=0

2026-07-26 13:37:11,553 INFO image_rx_daemon: command TX opcode=0x60 copy=1/1 OK (on air)

RFCO_PERTX during TX wait: profile_id=2 tx_status=0x00(OK) hop_idx=0 channel_idx=0 epoch=0 freq_hz=0 pkt_toa_us=10304 legal_dwell_used_us_10s=0

2026-07-26 13:37:11,591 INFO image_rx_daemon: command TX opcode=0x60 copy=1/1 OK (on air)

2026-07-26 13:37:11,903 INFO image_rx_daemon: published frame_id=0 248 B → lifetrac/v25/video/tile_delta

2026-07-26 13:37:11,904 INFO image_rx_daemon: published frame_id=0 248 B → lifetrac/v25/video/tile_delta

2026-07-26 13:37:12,173 INFO image_rx_daemon: published frame_id=0 242 B → lifetrac/v25/video/tile_delta

2026-07-26 13:37:12,174 INFO image_rx_daemon: published frame_id=0 244 B → lifetrac/v25/video/tile_delta

2026-07-26 13:37:12,516 INFO image_rx_daemon: published frame_id=0 240 B → lifetrac/v25/video/tile_delta

2026-07-26 13:37:12,517 INFO image_rx_daemon: published frame_id=0 242 B → lifetrac/v25/video/tile_delta

2026-07-26 13:37:12,660 INFO image_rx_daemon: published frame_id=0 244 B → lifetrac/v25/video/tile_delta

2026-07-26 13:37:12,812 INFO image_rx_daemon: published frame_id=0 244 B → lifetrac/v25/video/tile_delta

2026-07-26 13:37:13,087 INFO image_rx_daemon: requesting keyframe (reassembly timeout #7)

2026-07-26 13:37:13,089 INFO image_rx_daemon: published frame_id=0 246 B → lifetrac/v25/video/tile_delta

2026-07-26 13:37:13,090 INFO image_rx_daemon: published frame_id=0 246 B → lifetrac/v25/video/tile_delta

2026-07-26 13:37:13,356 INFO image_rx_daemon: published frame_id=0 250 B → lifetrac/v25/video/tile_delta

2026-07-26 13:37:13,357 INFO image_rx_daemon: published frame_id=0 240 B → lifetrac/v25/video/tile_delta

2026-07-26 13:37:13,539 INFO image_rx_daemon: published frame_id=0 246 B → lifetrac/v25/video/tile_delta

2026-07-26 13:37:13,800 INFO image_rx_daemon: published frame_id=0 244 B → lifetrac/v25/video/tile_delta

2026-07-26 13:37:13,801 INFO image_rx_daemon: published frame_id=0 240 B → lifetrac/v25/video/tile_delta

2026-07-26 13:37:13,956 INFO image_rx_daemon: published frame_id=0 244 B → lifetrac/v25/video/tile_delta

2026-07-26 13:37:14,214 INFO image_rx_daemon: published frame_id=0 244 B → lifetrac/v25/video/tile_delta

2026-07-26 13:37:14,216 INFO image_rx_daemon: published frame_id=0 242 B → lifetrac/v25/video/tile_delta

2026-07-26 13:37:14,368 INFO image_rx_daemon: published frame_id=0 226 B → lifetrac/v25/video/tile_delta

2026-07-26 13:37:14,504 INFO image_rx_daemon: published frame_id=0 252 B → lifetrac/v25/video/tile_delta

2026-07-26 13:37:14,776 INFO image_rx_daemon: published frame_id=0 246 B → lifetrac/v25/video/tile_delta

2026-07-26 13:37:14,777 INFO image_rx_daemon: published frame_id=0 250 B → lifetrac/v25/video/tile_delta

2026-07-26 13:37:15,040 INFO image_rx_daemon: published frame_id=0 248 B → lifetrac/v25/video/tile_delta

2026-07-26 13:37:15,042 INFO image_rx_daemon: published frame_id=0 244 B → lifetrac/v25/video/tile_delta

2026-07-26 13:37:15,348 INFO image_rx_daemon: published frame_id=0 248 B → lifetrac/v25/video/tile_delta

2026-07-26 13:37:15,349 INFO image_rx_daemon: published frame_id=0 244 B → lifetrac/v25/video/tile_delta

2026-07-26 13:37:15,599 INFO image_rx_daemon: published frame_id=0 242 B → lifetrac/v25/video/tile_delta

2026-07-26 13:37:15,601 INFO image_rx_daemon: published frame_id=0 242 B → lifetrac/v25/video/tile_delta

2026-07-26 13:37:15,903 INFO image_rx_daemon: published frame_id=0 242 B → lifetrac/v25/video/tile_delta

2026-07-26 13:37:15,904 INFO image_rx_daemon: published frame_id=0 242 B → lifetrac/v25/video/tile_delta

2026-07-26 13:37:16,160 INFO image_rx_daemon: published frame_id=0 226 B → lifetrac/v25/video/tile_delta

2026-07-26 13:37:16,161 INFO image_rx_daemon: published frame_id=0 246 B → lifetrac/v25/video/tile_delta

2026-07-26 13:37:16,375 INFO image_rx_daemon: stats: rx_frames=364 rx_decode_err=0 frames_published=242 publish_err=0 reassembler_decode_err=0 reassembler_timeouts=7

2026-07-26 13:37:16,376 INFO image_rx_daemon: air_gap: n=103 dt_med=104758us dt_p95=187136us len_med=247B cmd_tx_ok=10 cmd_tx_fail=0

2026-07-26 13:37:16,476 INFO image_rx_daemon: published frame_id=0 246 B → lifetrac/v25/video/tile_delta

2026-07-26 13:37:16,477 INFO image_rx_daemon: published frame_id=0 250 B → lifetrac/v25/video/tile_delta

2026-07-26 13:37:16,752 INFO image_rx_daemon: published frame_id=0 248 B → lifetrac/v25/video/tile_delta

2026-07-26 13:37:16,753 INFO image_rx_daemon: published frame_id=0 242 B → lifetrac/v25/video/tile_delta

2026-07-26 13:37:17,036 INFO image_rx_daemon: published frame_id=0 240 B → lifetrac/v25/video/tile_delta

2026-07-26 13:37:17,037 INFO image_rx_daemon: published frame_id=0 244 B → lifetrac/v25/video/tile_delta

2026-07-26 13:37:17,301 INFO image_rx_daemon: published frame_id=0 240 B → lifetrac/v25/video/tile_delta

2026-07-26 13:37:17,302 INFO image_rx_daemon: published frame_id=0 244 B → lifetrac/v25/video/tile_delta

2026-07-26 13:37:17,600 INFO image_rx_daemon: published frame_id=0 230 B → lifetrac/v25/video/tile_delta

2026-07-26 13:37:17,601 INFO image_rx_daemon: published frame_id=0 234 B → lifetrac/v25/video/tile_delta

2026-07-26 13:37:17,764 INFO image_rx_daemon: published frame_id=0 244 B → lifetrac/v25/video/tile_delta

2026-07-26 13:37:18,038 INFO image_rx_daemon: published frame_id=0 248 B → lifetrac/v25/video/tile_delta

2026-07-26 13:37:18,041 INFO image_rx_daemon: published frame_id=0 248 B → lifetrac/v25/video/tile_delta

2026-07-26 13:37:18,300 INFO image_rx_daemon: published frame_id=0 240 B → lifetrac/v25/video/tile_delta

2026-07-26 13:37:18,302 INFO image_rx_daemon: published frame_id=0 248 B → lifetrac/v25/video/tile_delta

2026-07-26 13:37:18,565 INFO image_rx_daemon: published frame_id=0 242 B → lifetrac/v25/video/tile_delta

2026-07-26 13:37:18,565 INFO image_rx_daemon: published frame_id=0 242 B → lifetrac/v25/video/tile_delta

2026-07-26 13:37:18,835 INFO image_rx_daemon: published frame_id=0 244 B → lifetrac/v25/video/tile_delta

2026-07-26 13:37:18,836 INFO image_rx_daemon: published frame_id=0 242 B → lifetrac/v25/video/tile_delta

2026-07-26 13:37:19,148 INFO image_rx_daemon: published frame_id=0 244 B → lifetrac/v25/video/tile_delta

2026-07-26 13:37:19,150 INFO image_rx_daemon: published frame_id=0 226 B → lifetrac/v25/video/tile_delta

2026-07-26 13:37:19,436 INFO image_rx_daemon: published frame_id=0 234 B → lifetrac/v25/video/tile_delta

2026-07-26 13:37:19,437 INFO image_rx_daemon: published frame_id=0 246 B → lifetrac/v25/video/tile_delta

2026-07-26 13:37:19,677 INFO image_rx_daemon: published frame_id=0 244 B → lifetrac/v25/video/tile_delta

2026-07-26 13:37:19,678 INFO image_rx_daemon: published frame_id=0 248 B → lifetrac/v25/video/tile_delta

2026-07-26 13:37:19,948 INFO image_rx_daemon: published frame_id=0 240 B → lifetrac/v25/video/tile_delta

2026-07-26 13:37:19,949 INFO image_rx_daemon: published frame_id=0 242 B → lifetrac/v25/video/tile_delta

2026-07-26 13:37:20,212 INFO image_rx_daemon: published frame_id=0 240 B → lifetrac/v25/video/tile_delta

2026-07-26 13:37:20,214 INFO image_rx_daemon: published frame_id=0 244 B → lifetrac/v25/video/tile_delta

2026-07-26 13:37:20,566 INFO image_rx_daemon: published frame_id=0 240 B → lifetrac/v25/video/tile_delta

2026-07-26 13:37:20,568 INFO image_rx_daemon: published frame_id=0 242 B → lifetrac/v25/video/tile_delta

2026-07-26 13:37:20,824 INFO image_rx_daemon: published frame_id=0 244 B → lifetrac/v25/video/tile_delta

2026-07-26 13:37:20,826 INFO image_rx_daemon: published frame_id=0 240 B → lifetrac/v25/video/tile_delta

2026-07-26 13:37:20,977 INFO image_rx_daemon: published frame_id=0 252 B → lifetrac/v25/video/tile_delta

2026-07-26 13:37:21,240 INFO image_rx_daemon: published frame_id=0 248 B → lifetrac/v25/video/tile_delta

2026-07-26 13:37:21,241 INFO image_rx_daemon: published frame_id=0 248 B → lifetrac/v25/video/tile_delta

2026-07-26 13:37:21,495 INFO image_rx_daemon: published frame_id=0 240 B → lifetrac/v25/video/tile_delta

2026-07-26 13:37:21,496 INFO image_rx_daemon: published frame_id=0 248 B → lifetrac/v25/video/tile_delta

RFCO_PERTX during TX wait: profile_id=2 tx_status=0x00(OK) hop_idx=0 channel_idx=0 epoch=0 freq_hz=0 pkt_toa_us=10304 legal_dwell_used_us_10s=0

2026-07-26 13:37:21,725 INFO image_rx_daemon: command TX opcode=0x60 copy=1/1 OK (on air)

RFCO_PERTX during TX wait: profile_id=2 tx_status=0x00(OK) hop_idx=0 channel_idx=0 epoch=0 freq_hz=0 pkt_toa_us=10304 legal_dwell_used_us_10s=0

2026-07-26 13:37:21,763 INFO image_rx_daemon: command TX opcode=0x60 copy=1/1 OK (on air)

2026-07-26 13:37:22,060 INFO image_rx_daemon: published frame_id=0 244 B → lifetrac/v25/video/tile_delta

2026-07-26 13:37:22,061 INFO image_rx_daemon: published frame_id=0 242 B → lifetrac/v25/video/tile_delta

2026-07-26 13:37:22,360 INFO image_rx_daemon: published frame_id=0 244 B → lifetrac/v25/video/tile_delta

2026-07-26 13:37:22,361 INFO image_rx_daemon: published frame_id=0 234 B → lifetrac/v25/video/tile_delta

2026-07-26 13:37:22,523 INFO image_rx_daemon: published frame_id=0 244 B → lifetrac/v25/video/tile_delta

2026-07-26 13:37:22,794 INFO image_rx_daemon: published frame_id=0 250 B → lifetrac/v25/video/tile_delta

2026-07-26 13:37:22,796 INFO image_rx_daemon: published frame_id=0 248 B → lifetrac/v25/video/tile_delta

2026-07-26 13:37:23,053 INFO image_rx_daemon: published frame_id=0 248 B → lifetrac/v25/video/tile_delta

2026-07-26 13:37:23,054 INFO image_rx_daemon: published frame_id=0 244 B → lifetrac/v25/video/tile_delta

2026-07-26 13:37:23,309 INFO image_rx_daemon: requesting keyframe (reassembly timeout #8)

2026-07-26 13:37:23,322 INFO image_rx_daemon: published frame_id=0 248 B → lifetrac/v25/video/tile_delta

2026-07-26 13:37:23,324 INFO image_rx_daemon: published frame_id=0 242 B → lifetrac/v25/video/tile_delta

2026-07-26 13:37:23,600 INFO image_rx_daemon: published frame_id=0 244 B → lifetrac/v25/video/tile_delta

2026-07-26 13:37:23,601 INFO image_rx_daemon: published frame_id=0 242 B → lifetrac/v25/video/tile_delta

2026-07-26 13:37:23,920 INFO image_rx_daemon: published frame_id=0 242 B → lifetrac/v25/video/tile_delta

2026-07-26 13:37:23,921 INFO image_rx_daemon: published frame_id=0 242 B → lifetrac/v25/video/tile_delta

2026-07-26 13:37:24,187 INFO image_rx_daemon: published frame_id=0 226 B → lifetrac/v25/video/tile_delta

2026-07-26 13:37:24,188 INFO image_rx_daemon: published frame_id=0 246 B → lifetrac/v25/video/tile_delta

2026-07-26 13:37:24,457 INFO image_rx_daemon: published frame_id=0 244 B → lifetrac/v25/video/tile_delta

2026-07-26 13:37:24,458 INFO image_rx_daemon: published frame_id=0 248 B → lifetrac/v25/video/tile_delta

2026-07-26 13:37:24,738 INFO image_rx_daemon: published frame_id=0 248 B → lifetrac/v25/video/tile_delta

2026-07-26 13:37:24,739 INFO image_rx_daemon: published frame_id=0 248 B → lifetrac/v25/video/tile_delta

2026-07-26 13:37:25,052 INFO image_rx_daemon: published frame_id=0 242 B → lifetrac/v25/video/tile_delta

2026-07-26 13:37:25,053 INFO image_rx_daemon: published frame_id=0 244 B → lifetrac/v25/video/tile_delta

2026-07-26 13:37:25,313 INFO image_rx_daemon: published frame_id=0 240 B → lifetrac/v25/video/tile_delta

2026-07-26 13:37:25,314 INFO image_rx_daemon: published frame_id=0 244 B → lifetrac/v25/video/tile_delta

2026-07-26 13:37:25,463 INFO image_rx_daemon: published frame_id=0 230 B → lifetrac/v25/video/tile_delta

2026-07-26 13:37:25,604 INFO image_rx_daemon: published frame_id=0 244 B → lifetrac/v25/video/tile_delta

2026-07-26 13:37:26,186 INFO image_rx_daemon: published frame_id=0 246 B → lifetrac/v25/video/tile_delta

2026-07-26 13:37:26,188 INFO image_rx_daemon: published frame_id=0 240 B → lifetrac/v25/video/tile_delta

2026-07-26 13:37:26,344 INFO image_rx_daemon: published frame_id=0 246 B → lifetrac/v25/video/tile_delta

2026-07-26 13:37:26,379 INFO image_rx_daemon: stats: rx_frames=466 rx_decode_err=0 frames_published=310 publish_err=0 reassembler_decode_err=0 reassembler_timeouts=8

2026-07-26 13:37:26,381 INFO image_rx_daemon: air_gap: n=102 dt_med=104771us dt_p95=187495us len_med=247B cmd_tx_ok=12 cmd_tx_fail=0

2026-07-26 13:37:26,597 INFO image_rx_daemon: published frame_id=0 244 B → lifetrac/v25/video/tile_delta

2026-07-26 13:37:26,598 INFO image_rx_daemon: published frame_id=0 240 B → lifetrac/v25/video/tile_delta

2026-07-26 13:37:27,006 INFO image_rx_daemon: published frame_id=0 244 B → lifetrac/v25/video/tile_delta

2026-07-26 13:37:27,007 INFO image_rx_daemon: published frame_id=0 242 B → lifetrac/v25/video/tile_delta

2026-07-26 13:37:27,324 INFO image_rx_daemon: published frame_id=0 226 B → lifetrac/v25/video/tile_delta

2026-07-26 13:37:27,325 INFO image_rx_daemon: published frame_id=0 240 B → lifetrac/v25/video/tile_delta

2026-07-26 13:37:27,451 INFO image_rx_daemon: published frame_id=0 252 B → lifetrac/v25/video/tile_delta

2026-07-26 13:37:27,616 INFO image_rx_daemon: published frame_id=0 240 B → lifetrac/v25/video/tile_delta

2026-07-26 13:37:27,750 INFO image_rx_daemon: published frame_id=0 246 B → lifetrac/v25/video/tile_delta

2026-07-26 13:37:28,012 INFO image_rx_daemon: published frame_id=0 240 B → lifetrac/v25/video/tile_delta

2026-07-26 13:37:28,014 INFO image_rx_daemon: published frame_id=0 242 B → lifetrac/v25/video/tile_delta

2026-07-26 13:37:28,164 INFO image_rx_daemon: published frame_id=0 244 B → lifetrac/v25/video/tile_delta

2026-07-26 13:37:28,339 INFO image_rx_daemon: requesting keyframe (reassembly timeout #10)

2026-07-26 13:37:28,341 INFO image_rx_daemon: published frame_id=0 244 B → lifetrac/v25/video/tile_delta

2026-07-26 13:37:28,597 INFO image_rx_daemon: published frame_id=0 244 B → lifetrac/v25/video/tile_delta

2026-07-26 13:37:28,598 INFO image_rx_daemon: published frame_id=0 242 B → lifetrac/v25/video/tile_delta

2026-07-26 13:37:28,848 INFO image_rx_daemon: published frame_id=0 226 B → lifetrac/v25/video/tile_delta

2026-07-26 13:37:28,849 INFO image_rx_daemon: published frame_id=0 240 B → lifetrac/v25/video/tile_delta

2026-07-26 13:37:29,031 INFO image_rx_daemon: published frame_id=0 252 B → lifetrac/v25/video/tile_delta

2026-07-26 13:37:29,291 INFO image_rx_daemon: published frame_id=0 248 B → lifetrac/v25/video/tile_delta

2026-07-26 13:37:29,292 INFO image_rx_daemon: published frame_id=0 240 B → lifetrac/v25/video/tile_delta

2026-07-26 13:37:29,456 INFO image_rx_daemon: published frame_id=0 246 B → lifetrac/v25/video/tile_delta

2026-07-26 13:37:29,725 INFO image_rx_daemon: published frame_id=0 244 B → lifetrac/v25/video/tile_delta

2026-07-26 13:37:29,726 INFO image_rx_daemon: published frame_id=0 242 B → lifetrac/v25/video/tile_delta

2026-07-26 13:37:29,984 INFO image_rx_daemon: published frame_id=0 244 B → lifetrac/v25/video/tile_delta

2026-07-26 13:37:29,986 INFO image_rx_daemon: published frame_id=0 242 B → lifetrac/v25/video/tile_delta

2026-07-26 13:37:30,255 INFO image_rx_daemon: published frame_id=0 242 B → lifetrac/v25/video/tile_delta

2026-07-26 13:37:30,256 INFO image_rx_daemon: published frame_id=0 242 B → lifetrac/v25/video/tile_delta

2026-07-26 13:37:30,536 INFO image_rx_daemon: published frame_id=0 226 B → lifetrac/v25/video/tile_delta

2026-07-26 13:37:30,537 INFO image_rx_daemon: published frame_id=0 246 B → lifetrac/v25/video/tile_delta

2026-07-26 13:37:30,860 INFO image_rx_daemon: published frame_id=0 246 B → lifetrac/v25/video/tile_delta

2026-07-26 13:37:30,861 INFO image_rx_daemon: published frame_id=0 250 B → lifetrac/v25/video/tile_delta

2026-07-26 13:37:31,132 INFO image_rx_daemon: published frame_id=0 248 B → lifetrac/v25/video/tile_delta

2026-07-26 13:37:31,134 INFO image_rx_daemon: published frame_id=0 242 B → lifetrac/v25/video/tile_delta

2026-07-26 13:37:31,392 INFO image_rx_daemon: published frame_id=0 240 B → lifetrac/v25/video/tile_delta

2026-07-26 13:37:31,393 INFO image_rx_daemon: published frame_id=0 244 B → lifetrac/v25/video/tile_delta

2026-07-26 13:37:31,670 INFO image_rx_daemon: published frame_id=0 240 B → lifetrac/v25/video/tile_delta

2026-07-26 13:37:31,671 INFO image_rx_daemon: published frame_id=0 242 B → lifetrac/v25/video/tile_delta

RFCO_PERTX during TX wait: profile_id=2 tx_status=0x00(OK) hop_idx=0 channel_idx=0 epoch=0 freq_hz=0 pkt_toa_us=10304 legal_dwell_used_us_10s=0

2026-07-26 13:37:31,914 INFO image_rx_daemon: command TX opcode=0x60 copy=1/1 OK (on air)

RFCO_PERTX during TX wait: profile_id=2 tx_status=0x00(OK) hop_idx=0 channel_idx=0 epoch=0 freq_hz=0 pkt_toa_us=10304 legal_dwell_used_us_10s=0

2026-07-26 13:37:31,950 INFO image_rx_daemon: command TX opcode=0x60 copy=1/1 OK (on air)

2026-07-26 13:37:32,156 INFO image_rx_daemon: published frame_id=0 244 B → lifetrac/v25/video/tile_delta

2026-07-26 13:37:32,414 INFO image_rx_daemon: published frame_id=0 250 B → lifetrac/v25/video/tile_delta

2026-07-26 13:37:32,415 INFO image_rx_daemon: published frame_id=0 248 B → lifetrac/v25/video/tile_delta

2026-07-26 13:37:32,685 INFO image_rx_daemon: published frame_id=0 248 B → lifetrac/v25/video/tile_delta

2026-07-26 13:37:32,686 INFO image_rx_daemon: published frame_id=0 248 B → lifetrac/v25/video/tile_delta

2026-07-26 13:37:32,944 INFO image_rx_daemon: published frame_id=0 242 B → lifetrac/v25/video/tile_delta

2026-07-26 13:37:32,946 INFO image_rx_daemon: published frame_id=0 242 B → lifetrac/v25/video/tile_delta

2026-07-26 13:37:33,224 INFO image_rx_daemon: published frame_id=0 244 B → lifetrac/v25/video/tile_delta

2026-07-26 13:37:33,225 INFO image_rx_daemon: published frame_id=0 242 B → lifetrac/v25/video/tile_delta

2026-07-26 13:37:33,431 INFO image_rx_daemon: requesting keyframe (reassembly timeout #11)

2026-07-26 13:37:33,538 INFO image_rx_daemon: published frame_id=0 242 B → lifetrac/v25/video/tile_delta

2026-07-26 13:37:33,539 INFO image_rx_daemon: published frame_id=0 226 B → lifetrac/v25/video/tile_delta

2026-07-26 13:37:33,813 INFO image_rx_daemon: published frame_id=0 234 B → lifetrac/v25/video/tile_delta

2026-07-26 13:37:33,814 INFO image_rx_daemon: published frame_id=0 246 B → lifetrac/v25/video/tile_delta

2026-07-26 13:37:34,070 INFO image_rx_daemon: published frame_id=0 244 B → lifetrac/v25/video/tile_delta

2026-07-26 13:37:34,071 INFO image_rx_daemon: published frame_id=0 248 B → lifetrac/v25/video/tile_delta

2026-07-26 13:37:34,327 INFO image_rx_daemon: published frame_id=0 248 B → lifetrac/v25/video/tile_delta

2026-07-26 13:37:34,328 INFO image_rx_daemon: published frame_id=0 242 B → lifetrac/v25/video/tile_delta

2026-07-26 13:37:34,588 INFO image_rx_daemon: published frame_id=0 240 B → lifetrac/v25/video/tile_delta

2026-07-26 13:37:34,589 INFO image_rx_daemon: published frame_id=0 244 B → lifetrac/v25/video/tile_delta

2026-07-26 13:37:34,941 INFO image_rx_daemon: published frame_id=0 240 B → lifetrac/v25/video/tile_delta

2026-07-26 13:37:34,943 INFO image_rx_daemon: published frame_id=0 242 B → lifetrac/v25/video/tile_delta

2026-07-26 13:37:35,093 INFO image_rx_daemon: published frame_id=0 244 B → lifetrac/v25/video/tile_delta

2026-07-26 13:37:35,248 INFO image_rx_daemon: published frame_id=0 244 B → lifetrac/v25/video/tile_delta

2026-07-26 13:37:35,503 INFO image_rx_daemon: published frame_id=0 246 B → lifetrac/v25/video/tile_delta

2026-07-26 13:37:35,504 INFO image_rx_daemon: published frame_id=0 246 B → lifetrac/v25/video/tile_delta

2026-07-26 13:37:35,763 INFO image_rx_daemon: published frame_id=0 250 B → lifetrac/v25/video/tile_delta

2026-07-26 13:37:35,764 INFO image_rx_daemon: published frame_id=0 240 B → lifetrac/v25/video/tile_delta

2026-07-26 13:37:35,968 INFO image_rx_daemon: published frame_id=0 246 B → lifetrac/v25/video/tile_delta

2026-07-26 13:37:36,115 INFO image_rx_daemon: published frame_id=0 240 B → lifetrac/v25/video/tile_delta

2026-07-26 13:37:36,247 INFO image_rx_daemon: published frame_id=0 244 B → lifetrac/v25/video/tile_delta

2026-07-26 13:37:36,399 INFO image_rx_daemon: stats: rx_frames=569 rx_decode_err=0 frames_published=377 publish_err=0 reassembler_decode_err=0 reassembler_timeouts=11

2026-07-26 13:37:36,399 INFO image_rx_daemon: air_gap: n=103 dt_med=104761us dt_p95=186791us len_med=247B cmd_tx_ok=14 cmd_tx_fail=0

2026-07-26 13:37:36,508 INFO image_rx_daemon: published frame_id=0 244 B → lifetrac/v25/video/tile_delta

2026-07-26 13:37:36,509 INFO image_rx_daemon: published frame_id=0 230 B → lifetrac/v25/video/tile_delta

2026-07-26 13:37:36,732 INFO image_rx_daemon: published frame_id=0 244 B → lifetrac/v25/video/tile_delta

2026-07-26 13:37:36,734 INFO image_rx_daemon: published frame_id=0 234 B → lifetrac/v25/video/tile_delta

2026-07-26 13:37:36,882 INFO image_rx_daemon: published frame_id=0 244 B → lifetrac/v25/video/tile_delta

2026-07-26 13:37:37,154 INFO image_rx_daemon: published frame_id=0 246 B → lifetrac/v25/video/tile_delta

2026-07-26 13:37:37,155 INFO image_rx_daemon: published frame_id=0 250 B → lifetrac/v25/video/tile_delta

2026-07-26 13:37:37,473 INFO image_rx_daemon: published frame_id=0 248 B → lifetrac/v25/video/tile_delta

2026-07-26 13:37:37,475 INFO image_rx_daemon: published frame_id=0 244 B → lifetrac/v25/video/tile_delta

2026-07-26 13:37:37,740 INFO image_rx_daemon: published frame_id=0 248 B → lifetrac/v25/video/tile_delta

2026-07-26 13:37:37,741 INFO image_rx_daemon: published frame_id=0 242 B → lifetrac/v25/video/tile_delta

2026-07-26 13:37:37,994 INFO image_rx_daemon: published frame_id=0 244 B → lifetrac/v25/video/tile_delta

2026-07-26 13:37:37,995 INFO image_rx_daemon: published frame_id=0 242 B → lifetrac/v25/video/tile_delta

2026-07-26 13:37:38,278 INFO image_rx_daemon: published frame_id=0 242 B → lifetrac/v25/video/tile_delta

2026-07-26 13:37:38,280 INFO image_rx_daemon: published frame_id=0 242 B → lifetrac/v25/video/tile_delta

2026-07-26 13:37:38,611 INFO image_rx_daemon: published frame_id=0 226 B → lifetrac/v25/video/tile_delta

2026-07-26 13:37:38,613 INFO image_rx_daemon: published frame_id=0 246 B → lifetrac/v25/video/tile_delta

2026-07-26 13:37:38,865 INFO image_rx_daemon: published frame_id=0 246 B → lifetrac/v25/video/tile_delta

2026-07-26 13:37:38,866 INFO image_rx_daemon: published frame_id=0 248 B → lifetrac/v25/video/tile_delta

2026-07-26 13:37:39,135 INFO image_rx_daemon: published frame_id=0 248 B → lifetrac/v25/video/tile_delta

2026-07-26 13:37:39,137 INFO image_rx_daemon: published frame_id=0 242 B → lifetrac/v25/video/tile_delta

2026-07-26 13:37:39,407 INFO image_rx_daemon: published frame_id=0 240 B → lifetrac/v25/video/tile_delta

2026-07-26 13:37:39,408 INFO image_rx_daemon: published frame_id=0 244 B → lifetrac/v25/video/tile_delta

2026-07-26 13:37:39,740 INFO image_rx_daemon: published frame_id=0 240 B → lifetrac/v25/video/tile_delta

2026-07-26 13:37:39,742 INFO image_rx_daemon: published frame_id=0 244 B → lifetrac/v25/video/tile_delta

2026-07-26 13:37:39,871 INFO image_rx_daemon: published frame_id=0 230 B → lifetrac/v25/video/tile_delta

2026-07-26 13:37:40,021 INFO image_rx_daemon: published frame_id=0 244 B → lifetrac/v25/video/tile_delta

2026-07-26 13:37:40,277 INFO image_rx_daemon: published frame_id=0 246 B → lifetrac/v25/video/tile_delta

2026-07-26 13:37:40,278 INFO image_rx_daemon: published frame_id=0 246 B → lifetrac/v25/video/tile_delta

2026-07-26 13:37:40,545 INFO image_rx_daemon: published frame_id=0 250 B → lifetrac/v25/video/tile_delta

2026-07-26 13:37:40,546 INFO image_rx_daemon: published frame_id=0 240 B → lifetrac/v25/video/tile_delta

2026-07-26 13:37:40,749 INFO image_rx_daemon: published frame_id=0 246 B → lifetrac/v25/video/tile_delta

2026-07-26 13:37:41,009 INFO image_rx_daemon: published frame_id=0 244 B → lifetrac/v25/video/tile_delta

2026-07-26 13:37:41,010 INFO image_rx_daemon: published frame_id=0 240 B → lifetrac/v25/video/tile_delta

2026-07-26 13:37:41,161 INFO image_rx_daemon: published frame_id=0 244 B → lifetrac/v25/video/tile_delta

2026-07-26 13:37:41,415 INFO image_rx_daemon: published frame_id=0 242 B → lifetrac/v25/video/tile_delta

2026-07-26 13:37:41,417 INFO image_rx_daemon: published frame_id=0 226 B → lifetrac/v25/video/tile_delta

2026-07-26 13:37:41,673 INFO image_rx_daemon: published frame_id=0 234 B → lifetrac/v25/video/tile_delta

2026-07-26 13:37:41,673 INFO image_rx_daemon: published frame_id=0 240 B → lifetrac/v25/video/tile_delta

INFO: unrelated frame during TX wait type=0x91

RFCO_PERTX during TX wait: profile_id=2 tx_status=0x00(OK) hop_idx=0 channel_idx=0 epoch=0 freq_hz=0 pkt_toa_us=10304 legal_dwell_used_us_10s=0

2026-07-26 13:37:41,845 INFO image_rx_daemon: command TX opcode=0x60 copy=1/1 OK (on air)

RFCO_PERTX during TX wait: profile_id=2 tx_status=0x00(OK) hop_idx=0 channel_idx=0 epoch=0 freq_hz=0 pkt_toa_us=10304 legal_dwell_used_us_10s=0

2026-07-26 13:37:41,884 INFO image_rx_daemon: command TX opcode=0x60 copy=1/1 OK (on air)

2026-07-26 13:37:42,142 INFO image_rx_daemon: published frame_id=0 248 B → lifetrac/v25/video/tile_delta

2026-07-26 13:37:42,144 INFO image_rx_daemon: published frame_id=0 240 B → lifetrac/v25/video/tile_delta

2026-07-26 13:37:42,295 INFO image_rx_daemon: published frame_id=0 246 B → lifetrac/v25/video/tile_delta

2026-07-26 13:37:42,564 INFO image_rx_daemon: published frame_id=0 242 B → lifetrac/v25/video/tile_delta

2026-07-26 13:37:42,565 INFO image_rx_daemon: published frame_id=0 244 B → lifetrac/v25/video/tile_delta

2026-07-26 13:37:42,817 INFO image_rx_daemon: published frame_id=0 240 B → lifetrac/v25/video/tile_delta

2026-07-26 13:37:42,817 INFO image_rx_daemon: published frame_id=0 242 B → lifetrac/v25/video/tile_delta

2026-07-26 13:37:43,068 INFO image_rx_daemon: published frame_id=0 242 B → lifetrac/v25/video/tile_delta

2026-07-26 13:37:43,069 INFO image_rx_daemon: published frame_id=0 226 B → lifetrac/v25/video/tile_delta

2026-07-26 13:37:43,252 INFO image_rx_daemon: published frame_id=0 234 B → lifetrac/v25/video/tile_delta

2026-07-26 13:37:43,383 INFO image_rx_daemon: requesting keyframe (reassembly timeout #12)

2026-07-26 13:37:43,385 INFO image_rx_daemon: published frame_id=0 252 B → lifetrac/v25/video/tile_delta

2026-07-26 13:37:43,657 INFO image_rx_daemon: published frame_id=0 248 B → lifetrac/v25/video/tile_delta

2026-07-26 13:37:43,657 INFO image_rx_daemon: published frame_id=0 248 B → lifetrac/v25/video/tile_delta

2026-07-26 13:37:43,947 INFO image_rx_daemon: published frame_id=0 240 B → lifetrac/v25/video/tile_delta

2026-07-26 13:37:43,947 INFO image_rx_daemon: published frame_id=0 242 B → lifetrac/v25/video/tile_delta

2026-07-26 13:37:44,212 INFO image_rx_daemon: published frame_id=0 240 B → lifetrac/v25/video/tile_delta

2026-07-26 13:37:44,213 INFO image_rx_daemon: published frame_id=0 244 B → lifetrac/v25/video/tile_delta

2026-07-26 13:37:44,496 INFO image_rx_daemon: published frame_id=0 240 B → lifetrac/v25/video/tile_delta

2026-07-26 13:37:44,497 INFO image_rx_daemon: published frame_id=0 242 B → lifetrac/v25/video/tile_delta

2026-07-26 13:37:44,784 INFO image_rx_daemon: published frame_id=0 244 B → lifetrac/v25/video/tile_delta

2026-07-26 13:37:44,785 INFO image_rx_daemon: published frame_id=0 234 B → lifetrac/v25/video/tile_delta

2026-07-26 13:37:44,967 INFO image_rx_daemon: published frame_id=0 244 B → lifetrac/v25/video/tile_delta

2026-07-26 13:37:45,237 INFO image_rx_daemon: published frame_id=0 248 B → lifetrac/v25/video/tile_delta

2026-07-26 13:37:45,238 INFO image_rx_daemon: published frame_id=0 248 B → lifetrac/v25/video/tile_delta

2026-07-26 13:37:45,492 INFO image_rx_daemon: published frame_id=0 240 B → lifetrac/v25/video/tile_delta

2026-07-26 13:37:45,494 INFO image_rx_daemon: published frame_id=0 248 B → lifetrac/v25/video/tile_delta

2026-07-26 13:37:45,752 INFO image_rx_daemon: published frame_id=0 242 B → lifetrac/v25/video/tile_delta

2026-07-26 13:37:45,754 INFO image_rx_daemon: published frame_id=0 242 B → lifetrac/v25/video/tile_delta

2026-07-26 13:37:46,017 INFO image_rx_daemon: published frame_id=0 244 B → lifetrac/v25/video/tile_delta

2026-07-26 13:37:46,019 INFO image_rx_daemon: published frame_id=0 242 B → lifetrac/v25/video/tile_delta

2026-07-26 13:37:46,351 INFO image_rx_daemon: published frame_id=0 242 B → lifetrac/v25/video/tile_delta

2026-07-26 13:37:46,352 INFO image_rx_daemon: published frame_id=0 226 B → lifetrac/v25/video/tile_delta

2026-07-26 13:37:46,415 INFO image_rx_daemon: stats: rx_frames=670 rx_decode_err=0 frames_published=448 publish_err=0 reassembler_decode_err=0 reassembler_timeouts=12

2026-07-26 13:37:46,417 INFO image_rx_daemon: air_gap: n=101 dt_med=104775us dt_p95=189458us len_med=247B cmd_tx_ok=16 cmd_tx_fail=0

2026-07-26 13:37:46,626 INFO image_rx_daemon: published frame_id=0 234 B → lifetrac/v25/video/tile_delta

2026-07-26 13:37:46,627 INFO image_rx_daemon: published frame_id=0 246 B → lifetrac/v25/video/tile_delta

2026-07-26 13:37:46,877 INFO image_rx_daemon: published frame_id=0 244 B → lifetrac/v25/video/tile_delta

2026-07-26 13:37:46,878 INFO image_rx_daemon: published frame_id=0 248 B → lifetrac/v25/video/tile_delta

2026-07-26 13:37:47,141 INFO image_rx_daemon: published frame_id=0 240 B → lifetrac/v25/video/tile_delta

2026-07-26 13:37:47,142 INFO image_rx_daemon: published frame_id=0 242 B → lifetrac/v25/video/tile_delta

2026-07-26 13:37:47,393 INFO image_rx_daemon: published frame_id=0 240 B → lifetrac/v25/video/tile_delta

2026-07-26 13:37:47,394 INFO image_rx_daemon: published frame_id=0 244 B → lifetrac/v25/video/tile_delta

2026-07-26 13:37:47,757 INFO image_rx_daemon: published frame_id=0 240 B → lifetrac/v25/video/tile_delta

2026-07-26 13:37:47,757 INFO image_rx_daemon: published frame_id=0 242 B → lifetrac/v25/video/tile_delta

2026-07-26 13:37:47,912 INFO image_rx_daemon: published frame_id=0 244 B → lifetrac/v25/video/tile_delta

2026-07-26 13:37:48,317 INFO image_rx_daemon: published frame_id=0 246 B → lifetrac/v25/video/tile_delta

2026-07-26 13:37:48,318 INFO image_rx_daemon: published frame_id=0 246 B → lifetrac/v25/video/tile_delta

2026-07-26 13:37:48,457 INFO image_rx_daemon: published frame_id=0 250 B → lifetrac/v25/video/tile_delta

2026-07-26 13:37:48,881 INFO image_rx_daemon: published frame_id=0 244 B → lifetrac/v25/video/tile_delta

2026-07-26 13:37:48,883 INFO image_rx_daemon: published frame_id=0 242 B → lifetrac/v25/video/tile_delta

2026-07-26 13:37:49,148 INFO image_rx_daemon: published frame_id=0 244 B → lifetrac/v25/video/tile_delta

2026-07-26 13:37:49,150 INFO image_rx_daemon: published frame_id=0 240 B → lifetrac/v25/video/tile_delta

2026-07-26 13:37:49,448 INFO image_rx_daemon: published frame_id=0 242 B → lifetrac/v25/video/tile_delta

2026-07-26 13:37:49,450 INFO image_rx_daemon: published frame_id=0 244 B → lifetrac/v25/video/tile_delta

2026-07-26 13:37:49,592 INFO image_rx_daemon: requesting keyframe (reassembly timeout #13)

2026-07-26 13:37:49,593 INFO image_rx_daemon: published frame_id=0 242 B → lifetrac/v25/video/tile_delta

2026-07-26 13:37:49,740 INFO image_rx_daemon: published frame_id=0 252 B → lifetrac/v25/video/tile_delta

2026-07-26 13:37:50,025 INFO image_rx_daemon: published frame_id=0 250 B → lifetrac/v25/video/tile_delta

2026-07-26 13:37:50,026 INFO image_rx_daemon: published frame_id=0 248 B → lifetrac/v25/video/tile_delta

2026-07-26 13:37:50,288 INFO image_rx_daemon: published frame_id=0 248 B → lifetrac/v25/video/tile_delta

2026-07-26 13:37:50,290 INFO image_rx_daemon: published frame_id=0 248 B → lifetrac/v25/video/tile_delta

2026-07-26 13:37:50,573 INFO image_rx_daemon: published frame_id=0 242 B → lifetrac/v25/video/tile_delta

2026-07-26 13:37:50,574 INFO image_rx_daemon: published frame_id=0 242 B → lifetrac/v25/video/tile_delta

2026-07-26 13:37:50,844 INFO image_rx_daemon: published frame_id=0 244 B → lifetrac/v25/video/tile_delta

2026-07-26 13:37:50,846 INFO image_rx_daemon: published frame_id=0 242 B → lifetrac/v25/video/tile_delta

2026-07-26 13:37:51,144 INFO image_rx_daemon: published frame_id=0 244 B → lifetrac/v25/video/tile_delta

2026-07-26 13:37:51,145 INFO image_rx_daemon: published frame_id=0 226 B → lifetrac/v25/video/tile_delta

2026-07-26 13:37:51,410 INFO image_rx_daemon: published frame_id=0 234 B → lifetrac/v25/video/tile_delta

2026-07-26 13:37:51,413 INFO image_rx_daemon: published frame_id=0 246 B → lifetrac/v25/video/tile_delta

2026-07-26 13:37:51,673 INFO image_rx_daemon: published frame_id=0 244 B → lifetrac/v25/video/tile_delta

2026-07-26 13:37:51,674 INFO image_rx_daemon: published frame_id=0 248 B → lifetrac/v25/video/tile_delta

RFCO_PERTX during TX wait: profile_id=2 tx_status=0x00(OK) hop_idx=0 channel_idx=0 epoch=0 freq_hz=0 pkt_toa_us=10304 legal_dwell_used_us_10s=0

2026-07-26 13:37:51,861 INFO image_rx_daemon: command TX opcode=0x60 copy=1/1 OK (on air)

RFCO_PERTX during TX wait: profile_id=2 tx_status=0x00(OK) hop_idx=0 channel_idx=0 epoch=0 freq_hz=0 pkt_toa_us=10304 legal_dwell_used_us_10s=0

2026-07-26 13:37:51,899 INFO image_rx_daemon: command TX opcode=0x60 copy=1/1 OK (on air)

2026-07-26 13:37:52,186 INFO image_rx_daemon: published frame_id=0 240 B → lifetrac/v25/video/tile_delta

2026-07-26 13:37:52,187 INFO image_rx_daemon: published frame_id=0 244 B → lifetrac/v25/video/tile_delta

2026-07-26 13:37:52,549 INFO image_rx_daemon: published frame_id=0 240 B → lifetrac/v25/video/tile_delta

2026-07-26 13:37:52,550 INFO image_rx_daemon: published frame_id=0 242 B → lifetrac/v25/video/tile_delta

2026-07-26 13:37:52,704 INFO image_rx_daemon: published frame_id=0 244 B → lifetrac/v25/video/tile_delta

2026-07-26 13:37:52,856 INFO image_rx_daemon: published frame_id=0 244 B → lifetrac/v25/video/tile_delta

2026-07-26 13:37:53,109 INFO image_rx_daemon: published frame_id=0 246 B → lifetrac/v25/video/tile_delta

2026-07-26 13:37:53,109 INFO image_rx_daemon: published frame_id=0 246 B → lifetrac/v25/video/tile_delta

2026-07-26 13:37:53,260 INFO image_rx_daemon: published frame_id=0 250 B → lifetrac/v25/video/tile_delta

2026-07-26 13:37:53,417 INFO image_rx_daemon: published frame_id=0 246 B → lifetrac/v25/video/tile_delta

2026-07-26 13:37:53,684 INFO image_rx_daemon: published frame_id=0 244 B → lifetrac/v25/video/tile_delta

2026-07-26 13:37:53,685 INFO image_rx_daemon: published frame_id=0 242 B → lifetrac/v25/video/tile_delta

2026-07-26 13:37:53,944 INFO image_rx_daemon: published frame_id=0 244 B → lifetrac/v25/video/tile_delta

2026-07-26 13:37:53,945 INFO image_rx_daemon: published frame_id=0 240 B → lifetrac/v25/video/tile_delta

2026-07-26 13:37:54,252 INFO image_rx_daemon: published frame_id=0 242 B → lifetrac/v25/video/tile_delta

2026-07-26 13:37:54,253 INFO image_rx_daemon: published frame_id=0 244 B → lifetrac/v25/video/tile_delta

2026-07-26 13:37:54,396 INFO image_rx_daemon: published frame_id=0 242 B → lifetrac/v25/video/tile_delta

2026-07-26 13:37:54,526 INFO image_rx_daemon: published frame_id=0 252 B → lifetrac/v25/video/tile_delta

2026-07-26 13:37:54,815 INFO image_rx_daemon: published frame_id=0 250 B → lifetrac/v25/video/tile_delta

2026-07-26 13:37:54,816 INFO image_rx_daemon: published frame_id=0 248 B → lifetrac/v25/video/tile_delta

2026-07-26 13:37:55,373 INFO image_rx_daemon: published frame_id=0 242 B → lifetrac/v25/video/tile_delta

2026-07-26 13:37:55,374 INFO image_rx_daemon: published frame_id=0 242 B → lifetrac/v25/video/tile_delta

2026-07-26 13:37:55,627 INFO image_rx_daemon: published frame_id=0 244 B → lifetrac/v25/video/tile_delta

2026-07-26 13:37:55,629 INFO image_rx_daemon: published frame_id=0 242 B → lifetrac/v25/video/tile_delta

2026-07-26 13:37:55,946 INFO image_rx_daemon: published frame_id=0 244 B → lifetrac/v25/video/tile_delta

2026-07-26 13:37:55,948 INFO image_rx_daemon: published frame_id=0 226 B → lifetrac/v25/video/tile_delta

2026-07-26 13:37:56,207 INFO image_rx_daemon: published frame_id=0 234 B → lifetrac/v25/video/tile_delta

2026-07-26 13:37:56,208 INFO image_rx_daemon: published frame_id=0 246 B → lifetrac/v25/video/tile_delta

2026-07-26 13:37:56,421 INFO image_rx_daemon: stats: rx_frames=771 rx_decode_err=0 frames_published=512 publish_err=0 reassembler_decode_err=0 reassembler_timeouts=15

2026-07-26 13:37:56,424 INFO image_rx_daemon: air_gap: n=101 dt_med=104806us dt_p95=180072us len_med=247B cmd_tx_ok=18 cmd_tx_fail=0

2026-07-26 13:37:56,469 INFO image_rx_daemon: published frame_id=0 244 B → lifetrac/v25/video/tile_delta

2026-07-26 13:37:56,470 INFO image_rx_daemon: published frame_id=0 248 B → lifetrac/v25/video/tile_delta

2026-07-26 13:37:56,631 INFO image_rx_daemon: requesting keyframe (reassembly timeout #16)

2026-07-26 13:37:56,729 INFO image_rx_daemon: published frame_id=0 248 B → lifetrac/v25/video/tile_delta

2026-07-26 13:37:56,730 INFO image_rx_daemon: published frame_id=0 242 B → lifetrac/v25/video/tile_delta

2026-07-26 13:37:56,991 INFO image_rx_daemon: published frame_id=0 240 B → lifetrac/v25/video/tile_delta

2026-07-26 13:37:56,992 INFO image_rx_daemon: published frame_id=0 244 B → lifetrac/v25/video/tile_delta

2026-07-26 13:37:57,348 INFO image_rx_daemon: published frame_id=0 240 B → lifetrac/v25/video/tile_delta

2026-07-26 13:37:57,350 INFO image_rx_daemon: published frame_id=0 242 B → lifetrac/v25/video/tile_delta

2026-07-26 13:37:57,500 INFO image_rx_daemon: published frame_id=0 244 B → lifetrac/v25/video/tile_delta

2026-07-26 13:37:57,652 INFO image_rx_daemon: published frame_id=0 244 B → lifetrac/v25/video/tile_delta

2026-07-26 13:37:58,063 INFO image_rx_daemon: published frame_id=0 250 B → lifetrac/v25/video/tile_delta

2026-07-26 13:37:58,214 INFO image_rx_daemon: published frame_id=0 246 B → lifetrac/v25/video/tile_delta

2026-07-26 13:37:58,485 INFO image_rx_daemon: published frame_id=0 244 B → lifetrac/v25/video/tile_delta

2026-07-26 13:37:58,486 INFO image_rx_daemon: published frame_id=0 242 B → lifetrac/v25/video/tile_delta

2026-07-26 13:37:58,750 INFO image_rx_daemon: published frame_id=0 244 B → lifetrac/v25/video/tile_delta

2026-07-26 13:37:58,751 INFO image_rx_daemon: published frame_id=0 240 B → lifetrac/v25/video/tile_delta

2026-07-26 13:37:59,044 INFO image_rx_daemon: published frame_id=0 242 B → lifetrac/v25/video/tile_delta

2026-07-26 13:37:59,045 INFO image_rx_daemon: published frame_id=0 244 B → lifetrac/v25/video/tile_delta

2026-07-26 13:37:59,191 INFO image_rx_daemon: published frame_id=0 242 B → lifetrac/v25/video/tile_delta

2026-07-26 13:37:59,336 INFO image_rx_daemon: published frame_id=0 252 B → lifetrac/v25/video/tile_delta

2026-07-26 13:37:59,621 INFO image_rx_daemon: published frame_id=0 250 B → lifetrac/v25/video/tile_delta

2026-07-26 13:37:59,623 INFO image_rx_daemon: published frame_id=0 248 B → lifetrac/v25/video/tile_delta

2026-07-26 13:37:59,885 INFO image_rx_daemon: published frame_id=0 248 B → lifetrac/v25/video/tile_delta

2026-07-26 13:37:59,886 INFO image_rx_daemon: published frame_id=0 248 B → lifetrac/v25/video/tile_delta

2026-07-26 13:38:00,177 INFO image_rx_daemon: published frame_id=0 242 B → lifetrac/v25/video/tile_delta

2026-07-26 13:38:00,177 INFO image_rx_daemon: published frame_id=0 242 B → lifetrac/v25/video/tile_delta

2026-07-26 13:38:00,435 INFO image_rx_daemon: published frame_id=0 244 B → lifetrac/v25/video/tile_delta

2026-07-26 13:38:00,436 INFO image_rx_daemon: published frame_id=0 242 B → lifetrac/v25/video/tile_delta

2026-07-26 13:38:00,749 INFO image_rx_daemon: published frame_id=0 244 B → lifetrac/v25/video/tile_delta

2026-07-26 13:38:00,750 INFO image_rx_daemon: published frame_id=0 226 B → lifetrac/v25/video/tile_delta

2026-07-26 13:38:01,010 INFO image_rx_daemon: published frame_id=0 234 B → lifetrac/v25/video/tile_delta

2026-07-26 13:38:01,011 INFO image_rx_daemon: published frame_id=0 246 B → lifetrac/v25/video/tile_delta

2026-07-26 13:38:01,261 INFO image_rx_daemon: published frame_id=0 244 B → lifetrac/v25/video/tile_delta

2026-07-26 13:38:01,262 INFO image_rx_daemon: published frame_id=0 248 B → lifetrac/v25/video/tile_delta

2026-07-26 13:38:01,529 INFO image_rx_daemon: published frame_id=0 248 B → lifetrac/v25/video/tile_delta

2026-07-26 13:38:01,530 INFO image_rx_daemon: published frame_id=0 242 B → lifetrac/v25/video/tile_delta

2026-07-26 13:38:01,788 INFO image_rx_daemon: published frame_id=0 240 B → lifetrac/v25/video/tile_delta

2026-07-26 13:38:01,789 INFO image_rx_daemon: published frame_id=0 244 B → lifetrac/v25/video/tile_delta

RFCO_PERTX during TX wait: profile_id=2 tx_status=0x00(OK) hop_idx=0 channel_idx=0 epoch=0 freq_hz=0 pkt_toa_us=10304 legal_dwell_used_us_10s=0

2026-07-26 13:38:02,073 INFO image_rx_daemon: command TX opcode=0x60 copy=1/1 OK (on air)

RFCO_PERTX during TX wait: profile_id=2 tx_status=0x00(OK) hop_idx=0 channel_idx=0 epoch=0 freq_hz=0 pkt_toa_us=10304 legal_dwell_used_us_10s=0

2026-07-26 13:38:02,111 INFO image_rx_daemon: command TX opcode=0x60 copy=1/1 OK (on air)

2026-07-26 13:38:02,302 INFO image_rx_daemon: published frame_id=0 244 B → lifetrac/v25/video/tile_delta

2026-07-26 13:38:02,453 INFO image_rx_daemon: published frame_id=0 244 B → lifetrac/v25/video/tile_delta

2026-07-26 13:38:02,712 INFO image_rx_daemon: published frame_id=0 246 B → lifetrac/v25/video/tile_delta

2026-07-26 13:38:02,713 INFO image_rx_daemon: published frame_id=0 246 B → lifetrac/v25/video/tile_delta

2026-07-26 13:38:02,860 INFO image_rx_daemon: published frame_id=0 250 B → lifetrac/v25/video/tile_delta

2026-07-26 13:38:03,009 INFO image_rx_daemon: published frame_id=0 246 B → lifetrac/v25/video/tile_delta

2026-07-26 13:38:03,284 INFO image_rx_daemon: published frame_id=0 244 B → lifetrac/v25/video/tile_delta

2026-07-26 13:38:03,286 INFO image_rx_daemon: published frame_id=0 242 B → lifetrac/v25/video/tile_delta

2026-07-26 13:38:03,538 INFO image_rx_daemon: published frame_id=0 244 B → lifetrac/v25/video/tile_delta

2026-07-26 13:38:03,539 INFO image_rx_daemon: published frame_id=0 240 B → lifetrac/v25/video/tile_delta

2026-07-26 13:38:03,743 INFO image_rx_daemon: requesting keyframe (reassembly timeout #18)

2026-07-26 13:38:03,844 INFO image_rx_daemon: published frame_id=0 242 B → lifetrac/v25/video/tile_delta

2026-07-26 13:38:03,845 INFO image_rx_daemon: published frame_id=0 244 B → lifetrac/v25/video/tile_delta

2026-07-26 13:38:03,988 INFO image_rx_daemon: published frame_id=0 242 B → lifetrac/v25/video/tile_delta

2026-07-26 13:38:04,127 INFO image_rx_daemon: published frame_id=0 252 B → lifetrac/v25/video/tile_delta

2026-07-26 13:38:04,684 INFO image_rx_daemon: published frame_id=0 248 B → lifetrac/v25/video/tile_delta

2026-07-26 13:38:04,686 INFO image_rx_daemon: published frame_id=0 248 B → lifetrac/v25/video/tile_delta

2026-07-26 13:38:04,975 INFO image_rx_daemon: published frame_id=0 242 B → lifetrac/v25/video/tile_delta

2026-07-26 13:38:04,976 INFO image_rx_daemon: published frame_id=0 242 B → lifetrac/v25/video/tile_delta

2026-07-26 13:38:05,237 INFO image_rx_daemon: published frame_id=0 244 B → lifetrac/v25/video/tile_delta

2026-07-26 13:38:05,238 INFO image_rx_daemon: published frame_id=0 242 B → lifetrac/v25/video/tile_delta

2026-07-26 13:38:05,538 INFO image_rx_daemon: published frame_id=0 244 B → lifetrac/v25/video/tile_delta

2026-07-26 13:38:05,539 INFO image_rx_daemon: published frame_id=0 226 B → lifetrac/v25/video/tile_delta

2026-07-26 13:38:05,816 INFO image_rx_daemon: published frame_id=0 234 B → lifetrac/v25/video/tile_delta

2026-07-26 13:38:05,818 INFO image_rx_daemon: published frame_id=0 246 B → lifetrac/v25/video/tile_delta

2026-07-26 13:38:06,057 INFO image_rx_daemon: published frame_id=0 244 B → lifetrac/v25/video/tile_delta

2026-07-26 13:38:06,058 INFO image_rx_daemon: published frame_id=0 248 B → lifetrac/v25/video/tile_delta

2026-07-26 13:38:06,331 INFO image_rx_daemon: published frame_id=0 248 B → lifetrac/v25/video/tile_delta

2026-07-26 13:38:06,332 INFO image_rx_daemon: published frame_id=0 242 B → lifetrac/v25/video/tile_delta

2026-07-26 13:38:06,442 INFO image_rx_daemon: stats: rx_frames=875 rx_decode_err=0 frames_published=578 publish_err=0 reassembler_decode_err=0 reassembler_timeouts=19

2026-07-26 13:38:06,444 INFO image_rx_daemon: air_gap: n=104 dt_med=104827us dt_p95=176834us len_med=247B cmd_tx_ok=20 cmd_tx_fail=0

2026-07-26 13:38:06,593 INFO image_rx_daemon: published frame_id=0 240 B → lifetrac/v25/video/tile_delta

2026-07-26 13:38:06,594 INFO image_rx_daemon: published frame_id=0 244 B → lifetrac/v25/video/tile_delta

2026-07-26 13:38:06,943 INFO image_rx_daemon: published frame_id=0 240 B → lifetrac/v25/video/tile_delta

2026-07-26 13:38:06,945 INFO image_rx_daemon: published frame_id=0 242 B → lifetrac/v25/video/tile_delta

2026-07-26 13:38:07,096 INFO image_rx_daemon: published frame_id=0 244 B → lifetrac/v25/video/tile_delta

2026-07-26 13:38:07,245 INFO image_rx_daemon: published frame_id=0 244 B → lifetrac/v25/video/tile_delta

2026-07-26 13:38:07,508 INFO image_rx_daemon: published frame_id=0 246 B → lifetrac/v25/video/tile_delta

2026-07-26 13:38:07,509 INFO image_rx_daemon: published frame_id=0 246 B → lifetrac/v25/video/tile_delta

2026-07-26 13:38:07,760 INFO image_rx_daemon: published frame_id=0 250 B → lifetrac/v25/video/tile_delta

2026-07-26 13:38:07,761 INFO image_rx_daemon: published frame_id=0 240 B → lifetrac/v25/video/tile_delta

2026-07-26 13:38:07,966 INFO image_rx_daemon: published frame_id=0 246 B → lifetrac/v25/video/tile_delta

2026-07-26 13:38:08,120 INFO image_rx_daemon: published frame_id=0 240 B → lifetrac/v25/video/tile_delta

2026-07-26 13:38:08,252 INFO image_rx_daemon: published frame_id=0 244 B → lifetrac/v25/video/tile_delta

2026-07-26 13:38:08,496 INFO image_rx_daemon: published frame_id=0 244 B → lifetrac/v25/video/tile_delta

2026-07-26 13:38:08,498 INFO image_rx_daemon: published frame_id=0 230 B → lifetrac/v25/video/tile_delta

2026-07-26 13:38:08,764 INFO image_rx_daemon: published frame_id=0 244 B → lifetrac/v25/video/tile_delta

2026-07-26 13:38:08,765 INFO image_rx_daemon: published frame_id=0 234 B → lifetrac/v25/video/tile_delta

2026-07-26 13:38:08,896 INFO image_rx_daemon: published frame_id=0 244 B → lifetrac/v25/video/tile_delta

2026-07-26 13:38:09,157 INFO image_rx_daemon: published frame_id=0 246 B → lifetrac/v25/video/tile_delta

2026-07-26 13:38:09,158 INFO image_rx_daemon: published frame_id=0 250 B → lifetrac/v25/video/tile_delta

2026-07-26 13:38:09,483 INFO image_rx_daemon: published frame_id=0 248 B → lifetrac/v25/video/tile_delta

2026-07-26 13:38:09,484 INFO image_rx_daemon: published frame_id=0 244 B → lifetrac/v25/video/tile_delta

2026-07-26 13:38:09,748 INFO image_rx_daemon: published frame_id=0 248 B → lifetrac/v25/video/tile_delta

2026-07-26 13:38:09,749 INFO image_rx_daemon: published frame_id=0 242 B → lifetrac/v25/video/tile_delta

2026-07-26 13:38:10,012 INFO image_rx_daemon: published frame_id=0 244 B → lifetrac/v25/video/tile_delta

2026-07-26 13:38:10,013 INFO image_rx_daemon: published frame_id=0 242 B → lifetrac/v25/video/tile_delta

2026-07-26 13:38:10,296 INFO image_rx_daemon: published frame_id=0 242 B → lifetrac/v25/video/tile_delta

2026-07-26 13:38:10,297 INFO image_rx_daemon: published frame_id=0 242 B → lifetrac/v25/video/tile_delta

2026-07-26 13:38:10,604 INFO image_rx_daemon: published frame_id=0 226 B → lifetrac/v25/video/tile_delta

2026-07-26 13:38:10,606 INFO image_rx_daemon: published frame_id=0 246 B → lifetrac/v25/video/tile_delta

2026-07-26 13:38:10,874 INFO image_rx_daemon: published frame_id=0 246 B → lifetrac/v25/video/tile_delta

2026-07-26 13:38:10,875 INFO image_rx_daemon: published frame_id=0 248 B → lifetrac/v25/video/tile_delta

2026-07-26 13:38:11,136 INFO image_rx_daemon: published frame_id=0 248 B → lifetrac/v25/video/tile_delta

2026-07-26 13:38:11,138 INFO image_rx_daemon: published frame_id=0 242 B → lifetrac/v25/video/tile_delta

2026-07-26 13:38:11,420 INFO image_rx_daemon: published frame_id=0 240 B → lifetrac/v25/video/tile_delta

2026-07-26 13:38:11,421 INFO image_rx_daemon: published frame_id=0 244 B → lifetrac/v25/video/tile_delta

2026-07-26 13:38:11,745 INFO image_rx_daemon: published frame_id=0 240 B → lifetrac/v25/video/tile_delta

2026-07-26 13:38:11,745 INFO image_rx_daemon: published frame_id=0 244 B → lifetrac/v25/video/tile_delta

2026-07-26 13:38:11,893 INFO image_rx_daemon: published frame_id=0 230 B → lifetrac/v25/video/tile_delta

2026-07-26 13:38:12,026 INFO image_rx_daemon: published frame_id=0 244 B → lifetrac/v25/video/tile_delta

2026-07-26 13:38:12,293 INFO image_rx_daemon: published frame_id=0 246 B → lifetrac/v25/video/tile_delta

2026-07-26 13:38:12,294 INFO image_rx_daemon: published frame_id=0 246 B → lifetrac/v25/video/tile_delta

RFCO_PERTX during TX wait: profile_id=2 tx_status=0x00(OK) hop_idx=0 channel_idx=0 epoch=0 freq_hz=0 pkt_toa_us=10304 legal_dwell_used_us_10s=0

2026-07-26 13:38:12,469 INFO image_rx_daemon: command TX opcode=0x60 copy=1/1 OK (on air)

RFCO_PERTX during TX wait: profile_id=2 tx_status=0x00(OK) hop_idx=0 channel_idx=0 epoch=0 freq_hz=0 pkt_toa_us=10304 legal_dwell_used_us_10s=0

2026-07-26 13:38:12,512 INFO image_rx_daemon: command TX opcode=0x60 copy=1/1 OK (on air)

2026-07-26 13:38:12,764 INFO image_rx_daemon: published frame_id=0 246 B → lifetrac/v25/video/tile_delta

2026-07-26 13:38:12,916 INFO image_rx_daemon: published frame_id=0 240 B → lifetrac/v25/video/tile_delta

2026-07-26 13:38:13,048 INFO image_rx_daemon: published frame_id=0 244 B → lifetrac/v25/video/tile_delta

2026-07-26 13:38:13,307 INFO image_rx_daemon: published frame_id=0 244 B → lifetrac/v25/video/tile_delta

2026-07-26 13:38:13,309 INFO image_rx_daemon: published frame_id=0 230 B → lifetrac/v25/video/tile_delta

2026-07-26 13:38:13,544 INFO image_rx_daemon: published frame_id=0 244 B → lifetrac/v25/video/tile_delta

2026-07-26 13:38:13,545 INFO image_rx_daemon: published frame_id=0 234 B → lifetrac/v25/video/tile_delta

2026-07-26 13:38:13,676 INFO image_rx_daemon: published frame_id=0 244 B → lifetrac/v25/video/tile_delta

2026-07-26 13:38:13,937 INFO image_rx_daemon: published frame_id=0 246 B → lifetrac/v25/video/tile_delta

2026-07-26 13:38:13,938 INFO image_rx_daemon: published frame_id=0 250 B → lifetrac/v25/video/tile_delta

2026-07-26 13:38:14,167 INFO image_rx_daemon: requesting keyframe (reassembly timeout #20)

2026-07-26 13:38:14,169 INFO image_rx_daemon: published frame_id=0 248 B → lifetrac/v25/video/tile_delta

2026-07-26 13:38:14,584 INFO image_rx_daemon: published frame_id=0 244 B → lifetrac/v25/video/tile_delta

2026-07-26 13:38:14,585 INFO image_rx_daemon: published frame_id=0 240 B → lifetrac/v25/video/tile_delta

2026-07-26 13:38:14,736 INFO image_rx_daemon: published frame_id=0 244 B → lifetrac/v25/video/tile_delta

2026-07-26 13:38:14,987 INFO image_rx_daemon: published frame_id=0 244 B → lifetrac/v25/video/tile_delta

2026-07-26 13:38:14,988 INFO image_rx_daemon: published frame_id=0 242 B → lifetrac/v25/video/tile_delta

2026-07-26 13:38:15,248 INFO image_rx_daemon: published frame_id=0 226 B → lifetrac/v25/video/tile_delta

2026-07-26 13:38:15,248 INFO image_rx_daemon: published frame_id=0 240 B → lifetrac/v25/video/tile_delta

2026-07-26 13:38:15,455 INFO image_rx_daemon: published frame_id=0 252 B → lifetrac/v25/video/tile_delta

2026-07-26 13:38:15,726 INFO image_rx_daemon: published frame_id=0 248 B → lifetrac/v25/video/tile_delta

2026-07-26 13:38:15,727 INFO image_rx_daemon: published frame_id=0 240 B → lifetrac/v25/video/tile_delta

2026-07-26 13:38:15,868 INFO image_rx_daemon: published frame_id=0 246 B → lifetrac/v25/video/tile_delta

2026-07-26 13:38:16,125 INFO image_rx_daemon: published frame_id=0 242 B → lifetrac/v25/video/tile_delta

2026-07-26 13:38:16,126 INFO image_rx_daemon: published frame_id=0 244 B → lifetrac/v25/video/tile_delta

2026-07-26 13:38:16,387 INFO image_rx_daemon: published frame_id=0 240 B → lifetrac/v25/video/tile_delta

2026-07-26 13:38:16,389 INFO image_rx_daemon: published frame_id=0 242 B → lifetrac/v25/video/tile_delta

2026-07-26 13:38:16,447 INFO image_rx_daemon: stats: rx_frames=979 rx_decode_err=0 frames_published=646 publish_err=0 reassembler_decode_err=0 reassembler_timeouts=21

2026-07-26 13:38:16,448 INFO image_rx_daemon: air_gap: n=104 dt_med=104794us dt_p95=198373us len_med=247B cmd_tx_ok=22 cmd_tx_fail=0

2026-07-26 13:38:16,680 INFO image_rx_daemon: published frame_id=0 242 B → lifetrac/v25/video/tile_delta

2026-07-26 13:38:16,682 INFO image_rx_daemon: published frame_id=0 242 B → lifetrac/v25/video/tile_delta

2026-07-26 13:38:16,952 INFO image_rx_daemon: published frame_id=0 226 B → lifetrac/v25/video/tile_delta

2026-07-26 13:38:16,953 INFO image_rx_daemon: published frame_id=0 246 B → lifetrac/v25/video/tile_delta

2026-07-26 13:38:17,265 INFO image_rx_daemon: published frame_id=0 246 B → lifetrac/v25/video/tile_delta

2026-07-26 13:38:17,266 INFO image_rx_daemon: published frame_id=0 250 B → lifetrac/v25/video/tile_delta

2026-07-26 13:38:17,530 INFO image_rx_daemon: published frame_id=0 248 B → lifetrac/v25/video/tile_delta

2026-07-26 13:38:17,531 INFO image_rx_daemon: published frame_id=0 242 B → lifetrac/v25/video/tile_delta

2026-07-26 13:38:17,816 INFO image_rx_daemon: published frame_id=0 240 B → lifetrac/v25/video/tile_delta

2026-07-26 13:38:17,817 INFO image_rx_daemon: published frame_id=0 244 B → lifetrac/v25/video/tile_delta

2026-07-26 13:38:18,092 INFO image_rx_daemon: published frame_id=0 240 B → lifetrac/v25/video/tile_delta

2026-07-26 13:38:18,094 INFO image_rx_daemon: published frame_id=0 244 B → lifetrac/v25/video/tile_delta

2026-07-26 13:38:18,378 INFO image_rx_daemon: published frame_id=0 230 B → lifetrac/v25/video/tile_delta

2026-07-26 13:38:18,380 INFO image_rx_daemon: published frame_id=0 234 B → lifetrac/v25/video/tile_delta

2026-07-26 13:38:18,544 INFO image_rx_daemon: published frame_id=0 244 B → lifetrac/v25/video/tile_delta

2026-07-26 13:38:18,805 INFO image_rx_daemon: published frame_id=0 250 B → lifetrac/v25/video/tile_delta

2026-07-26 13:38:18,806 INFO image_rx_daemon: published frame_id=0 248 B → lifetrac/v25/video/tile_delta

2026-07-26 13:38:19,075 INFO image_rx_daemon: published frame_id=0 248 B → lifetrac/v25/video/tile_delta

2026-07-26 13:38:19,076 INFO image_rx_daemon: published frame_id=0 248 B → lifetrac/v25/video/tile_delta

2026-07-26 13:38:19,350 INFO image_rx_daemon: published frame_id=0 242 B → lifetrac/v25/video/tile_delta

2026-07-26 13:38:19,351 INFO image_rx_daemon: published frame_id=0 242 B → lifetrac/v25/video/tile_delta

2026-07-26 13:38:19,610 INFO image_rx_daemon: published frame_id=0 244 B → lifetrac/v25/video/tile_delta

2026-07-26 13:38:19,611 INFO image_rx_daemon: published frame_id=0 242 B → lifetrac/v25/video/tile_delta

2026-07-26 13:38:19,930 INFO image_rx_daemon: published frame_id=0 242 B → lifetrac/v25/video/tile_delta

2026-07-26 13:38:19,931 INFO image_rx_daemon: published frame_id=0 226 B → lifetrac/v25/video/tile_delta

2026-07-26 13:38:20,198 INFO image_rx_daemon: published frame_id=0 234 B → lifetrac/v25/video/tile_delta

2026-07-26 13:38:20,200 INFO image_rx_daemon: published frame_id=0 246 B → lifetrac/v25/video/tile_delta

2026-07-26 13:38:20,449 INFO image_rx_daemon: published frame_id=0 244 B → lifetrac/v25/video/tile_delta

2026-07-26 13:38:20,450 INFO image_rx_daemon: published frame_id=0 248 B → lifetrac/v25/video/tile_delta

2026-07-26 13:38:20,713 INFO image_rx_daemon: published frame_id=0 248 B → lifetrac/v25/video/tile_delta

2026-07-26 13:38:20,714 INFO image_rx_daemon: published frame_id=0 248 B → lifetrac/v25/video/tile_delta

2026-07-26 13:38:20,981 INFO image_rx_daemon: published frame_id=0 242 B → lifetrac/v25/video/tile_delta

2026-07-26 13:38:20,982 INFO image_rx_daemon: published frame_id=0 244 B → lifetrac/v25/video/tile_delta

2026-07-26 13:38:21,341 INFO image_rx_daemon: published frame_id=0 240 B → lifetrac/v25/video/tile_delta

2026-07-26 13:38:21,341 INFO image_rx_daemon: published frame_id=0 242 B → lifetrac/v25/video/tile_delta

2026-07-26 13:38:21,481 INFO image_rx_daemon: published frame_id=0 244 B → lifetrac/v25/video/tile_delta

2026-07-26 13:38:21,629 INFO image_rx_daemon: published frame_id=0 244 B → lifetrac/v25/video/tile_delta

2026-07-26 13:38:21,900 INFO image_rx_daemon: published frame_id=0 246 B → lifetrac/v25/video/tile_delta

2026-07-26 13:38:21,902 INFO image_rx_daemon: published frame_id=0 246 B → lifetrac/v25/video/tile_delta

2026-07-26 13:38:22,161 INFO image_rx_daemon: published frame_id=0 250 B → lifetrac/v25/video/tile_delta

2026-07-26 13:38:22,162 INFO image_rx_daemon: published frame_id=0 240 B → lifetrac/v25/video/tile_delta

2026-07-26 13:38:22,366 INFO image_rx_daemon: published frame_id=0 246 B → lifetrac/v25/video/tile_delta

2026-07-26 13:38:22,516 INFO image_rx_daemon: published frame_id=0 240 B → lifetrac/v25/video/tile_delta

INFO: unrelated frame during TX wait type=0x91

RFCO_PERTX during TX wait: profile_id=2 tx_status=0x00(OK) hop_idx=0 channel_idx=0 epoch=0 freq_hz=0 pkt_toa_us=10304 legal_dwell_used_us_10s=0

2026-07-26 13:38:22,662 INFO image_rx_daemon: command TX opcode=0x60 copy=1/1 OK (on air)

RFCO_PERTX during TX wait: profile_id=2 tx_status=0x00(OK) hop_idx=0 channel_idx=0 epoch=0 freq_hz=0 pkt_toa_us=10304 legal_dwell_used_us_10s=0

2026-07-26 13:38:22,704 INFO image_rx_daemon: command TX opcode=0x60 copy=1/1 OK (on air)

2026-07-26 13:38:23,137 INFO image_rx_daemon: published frame_id=0 244 B → lifetrac/v25/video/tile_delta

2026-07-26 13:38:23,139 INFO image_rx_daemon: published frame_id=0 234 B → lifetrac/v25/video/tile_delta

2026-07-26 13:38:23,292 INFO image_rx_daemon: published frame_id=0 244 B → lifetrac/v25/video/tile_delta

2026-07-26 13:38:23,556 INFO image_rx_daemon: published frame_id=0 246 B → lifetrac/v25/video/tile_delta

2026-07-26 13:38:23,558 INFO image_rx_daemon: published frame_id=0 250 B → lifetrac/v25/video/tile_delta

2026-07-26 13:38:23,761 INFO image_rx_daemon: published frame_id=0 248 B → lifetrac/v25/video/tile_delta

2026-07-26 13:38:23,915 INFO image_rx_daemon: published frame_id=0 246 B → lifetrac/v25/video/tile_delta

2026-07-26 13:38:24,179 INFO image_rx_daemon: requesting keyframe (reassembly timeout #22)

2026-07-26 13:38:24,181 INFO image_rx_daemon: published frame_id=0 244 B → lifetrac/v25/video/tile_delta

2026-07-26 13:38:24,183 INFO image_rx_daemon: published frame_id=0 240 B → lifetrac/v25/video/tile_delta

2026-07-26 13:38:24,323 INFO image_rx_daemon: published frame_id=0 244 B → lifetrac/v25/video/tile_delta

2026-07-26 13:38:24,592 INFO image_rx_daemon: published frame_id=0 244 B → lifetrac/v25/video/tile_delta

2026-07-26 13:38:24,594 INFO image_rx_daemon: published frame_id=0 242 B → lifetrac/v25/video/tile_delta

2026-07-26 13:38:24,836 INFO image_rx_daemon: published frame_id=0 226 B → lifetrac/v25/video/tile_delta

2026-07-26 13:38:24,838 INFO image_rx_daemon: published frame_id=0 240 B → lifetrac/v25/video/tile_delta

2026-07-26 13:38:25,032 INFO image_rx_daemon: published frame_id=0 252 B → lifetrac/v25/video/tile_delta

2026-07-26 13:38:25,454 INFO image_rx_daemon: published frame_id=0 246 B → lifetrac/v25/video/tile_delta

2026-07-26 13:38:25,725 INFO image_rx_daemon: published frame_id=0 242 B → lifetrac/v25/video/tile_delta

2026-07-26 13:38:25,725 INFO image_rx_daemon: published frame_id=0 244 B → lifetrac/v25/video/tile_delta

2026-07-26 13:38:25,973 INFO image_rx_daemon: published frame_id=0 240 B → lifetrac/v25/video/tile_delta

2026-07-26 13:38:25,974 INFO image_rx_daemon: published frame_id=0 242 B → lifetrac/v25/video/tile_delta

2026-07-26 13:38:26,262 INFO image_rx_daemon: published frame_id=0 242 B → lifetrac/v25/video/tile_delta

2026-07-26 13:38:26,264 INFO image_rx_daemon: published frame_id=0 242 B → lifetrac/v25/video/tile_delta

2026-07-26 13:38:26,454 INFO image_rx_daemon: stats: rx_frames=1080 rx_decode_err=0 frames_published=711 publish_err=0 reassembler_decode_err=0 reassembler_timeouts=23

2026-07-26 13:38:26,455 INFO image_rx_daemon: air_gap: n=101 dt_med=104789us dt_p95=191110us len_med=247B cmd_tx_ok=24 cmd_tx_fail=0

2026-07-26 13:38:26,543 INFO image_rx_daemon: published frame_id=0 226 B → lifetrac/v25/video/tile_delta

2026-07-26 13:38:26,545 INFO image_rx_daemon: published frame_id=0 246 B → lifetrac/v25/video/tile_delta

2026-07-26 13:38:26,854 INFO image_rx_daemon: published frame_id=0 246 B → lifetrac/v25/video/tile_delta

2026-07-26 13:38:26,854 INFO image_rx_daemon: published frame_id=0 250 B → lifetrac/v25/video/tile_delta

2026-07-26 13:38:27,115 INFO image_rx_daemon: published frame_id=0 248 B → lifetrac/v25/video/tile_delta

2026-07-26 13:38:27,117 INFO image_rx_daemon: published frame_id=0 242 B → lifetrac/v25/video/tile_delta

2026-07-26 13:38:27,400 INFO image_rx_daemon: published frame_id=0 240 B → lifetrac/v25/video/tile_delta

2026-07-26 13:38:27,402 INFO image_rx_daemon: published frame_id=0 244 B → lifetrac/v25/video/tile_delta

2026-07-26 13:38:27,678 INFO image_rx_daemon: published frame_id=0 240 B → lifetrac/v25/video/tile_delta

2026-07-26 13:38:27,679 INFO image_rx_daemon: published frame_id=0 242 B → lifetrac/v25/video/tile_delta

2026-07-26 13:38:27,980 INFO image_rx_daemon: published frame_id=0 244 B → lifetrac/v25/video/tile_delta

2026-07-26 13:38:27,981 INFO image_rx_daemon: published frame_id=0 234 B → lifetrac/v25/video/tile_delta

2026-07-26 13:38:28,148 INFO image_rx_daemon: published frame_id=0 244 B → lifetrac/v25/video/tile_delta

2026-07-26 13:38:28,410 INFO image_rx_daemon: published frame_id=0 250 B → lifetrac/v25/video/tile_delta

2026-07-26 13:38:28,411 INFO image_rx_daemon: published frame_id=0 248 B → lifetrac/v25/video/tile_delta

2026-07-26 13:38:28,672 INFO image_rx_daemon: published frame_id=0 248 B → lifetrac/v25/video/tile_delta

2026-07-26 13:38:28,674 INFO image_rx_daemon: published frame_id=0 248 B → lifetrac/v25/video/tile_delta

2026-07-26 13:38:28,933 INFO image_rx_daemon: published frame_id=0 242 B → lifetrac/v25/video/tile_delta

2026-07-26 13:38:28,933 INFO image_rx_daemon: published frame_id=0 242 B → lifetrac/v25/video/tile_delta

2026-07-26 13:38:29,213 INFO image_rx_daemon: published frame_id=0 244 B → lifetrac/v25/video/tile_delta

2026-07-26 13:38:29,214 INFO image_rx_daemon: published frame_id=0 242 B → lifetrac/v25/video/tile_delta

2026-07-26 13:38:29,528 INFO image_rx_daemon: published frame_id=0 242 B → lifetrac/v25/video/tile_delta

2026-07-26 13:38:29,529 INFO image_rx_daemon: published frame_id=0 226 B → lifetrac/v25/video/tile_delta

2026-07-26 13:38:29,798 INFO image_rx_daemon: published frame_id=0 234 B → lifetrac/v25/video/tile_delta

2026-07-26 13:38:29,800 INFO image_rx_daemon: published frame_id=0 246 B → lifetrac/v25/video/tile_delta

2026-07-26 13:38:30,043 INFO image_rx_daemon: published frame_id=0 244 B → lifetrac/v25/video/tile_delta

2026-07-26 13:38:30,044 INFO image_rx_daemon: published frame_id=0 248 B → lifetrac/v25/video/tile_delta

2026-07-26 13:38:30,320 INFO image_rx_daemon: published frame_id=0 248 B → lifetrac/v25/video/tile_delta

2026-07-26 13:38:30,321 INFO image_rx_daemon: published frame_id=0 248 B → lifetrac/v25/video/tile_delta

2026-07-26 13:38:30,572 INFO image_rx_daemon: published frame_id=0 242 B → lifetrac/v25/video/tile_delta

2026-07-26 13:38:30,574 INFO image_rx_daemon: published frame_id=0 244 B → lifetrac/v25/video/tile_delta

2026-07-26 13:38:30,929 INFO image_rx_daemon: published frame_id=0 240 B → lifetrac/v25/video/tile_delta

2026-07-26 13:38:30,931 INFO image_rx_daemon: published frame_id=0 242 B → lifetrac/v25/video/tile_delta

2026-07-26 13:38:31,081 INFO image_rx_daemon: published frame_id=0 244 B → lifetrac/v25/video/tile_delta

2026-07-26 13:38:31,232 INFO image_rx_daemon: published frame_id=0 244 B → lifetrac/v25/video/tile_delta

2026-07-26 13:38:31,487 INFO image_rx_daemon: published frame_id=0 246 B → lifetrac/v25/video/tile_delta

2026-07-26 13:38:31,489 INFO image_rx_daemon: published frame_id=0 246 B → lifetrac/v25/video/tile_delta

2026-07-26 13:38:31,948 INFO image_rx_daemon: published frame_id=0 246 B → lifetrac/v25/video/tile_delta

2026-07-26 13:38:32,220 INFO image_rx_daemon: published frame_id=0 244 B → lifetrac/v25/video/tile_delta

2026-07-26 13:38:32,221 INFO image_rx_daemon: published frame_id=0 240 B → lifetrac/v25/video/tile_delta

2026-07-26 13:38:32,361 INFO image_rx_daemon: published frame_id=0 244 B → lifetrac/v25/video/tile_delta

2026-07-26 13:38:32,624 INFO image_rx_daemon: published frame_id=0 242 B → lifetrac/v25/video/tile_delta

2026-07-26 13:38:32,624 INFO image_rx_daemon: published frame_id=0 226 B → lifetrac/v25/video/tile_delta

RFCO_PERTX during TX wait: profile_id=2 tx_status=0x00(OK) hop_idx=0 channel_idx=0 epoch=0 freq_hz=0 pkt_toa_us=10304 legal_dwell_used_us_10s=0

2026-07-26 13:38:32,801 INFO image_rx_daemon: command TX opcode=0x60 copy=1/1 OK (on air)

RFCO_PERTX during TX wait: profile_id=2 tx_status=0x00(OK) hop_idx=0 channel_idx=0 epoch=0 freq_hz=0 pkt_toa_us=10304 legal_dwell_used_us_10s=0

2026-07-26 13:38:32,840 INFO image_rx_daemon: command TX opcode=0x60 copy=1/1 OK (on air)

2026-07-26 13:38:33,013 INFO image_rx_daemon: published frame_id=0 252 B → lifetrac/v25/video/tile_delta

2026-07-26 13:38:33,341 INFO image_rx_daemon: requesting keyframe (reassembly timeout #25)

2026-07-26 13:38:33,343 INFO image_rx_daemon: published frame_id=0 248 B → lifetrac/v25/video/tile_delta

2026-07-26 13:38:33,344 INFO image_rx_daemon: published frame_id=0 240 B → lifetrac/v25/video/tile_delta

2026-07-26 13:38:33,494 INFO image_rx_daemon: published frame_id=0 246 B → lifetrac/v25/video/tile_delta

2026-07-26 13:38:33,752 INFO image_rx_daemon: published frame_id=0 242 B → lifetrac/v25/video/tile_delta

2026-07-26 13:38:33,754 INFO image_rx_daemon: published frame_id=0 244 B → lifetrac/v25/video/tile_delta

2026-07-26 13:38:34,024 INFO image_rx_daemon: published frame_id=0 240 B → lifetrac/v25/video/tile_delta

2026-07-26 13:38:34,026 INFO image_rx_daemon: published frame_id=0 242 B → lifetrac/v25/video/tile_delta

2026-07-26 13:38:34,261 INFO image_rx_daemon: published frame_id=0 244 B → lifetrac/v25/video/tile_delta

2026-07-26 13:38:34,262 INFO image_rx_daemon: published frame_id=0 226 B → lifetrac/v25/video/tile_delta

